[2026-05-22T09:11:41.033Z INFO  benchmark_client] Node address: 34.81.27.135:5038
[2026-05-22T09:11:41.033Z INFO  benchmark_client] Transactions size: 512 B
[2026-05-22T09:11:41.033Z INFO  benchmark_client] Transactions rate: 6667 tx/s
[2026-05-22T09:11:41.033Z INFO  benchmark_client] Waiting for all nodes to be online...
[2026-05-22T09:11:41.300Z INFO  benchmark_client] Start sending transactions
[2026-05-22T09:11:41.301Z INFO  benchmark_client] Sending sample transaction 0
[2026-05-22T09:11:41.352Z INFO  benchmark_client] Sending sample transaction 1
[2026-05-22T09:11:41.402Z INFO  benchmark_client] Sending sample transaction 2
[2026-05-22T09:11:41.451Z INFO  benchmark_client] Sending sample transaction 3
[2026-05-22T09:11:41.501Z INFO  benchmark_client] Sending sample transaction 4
[2026-05-22T09:11:41.552Z INFO  benchmark_client] Sending sample transaction 5
[2026-05-22T09:11:41.601Z INFO  benchmark_client] Sending sample transaction 6
[2026-05-22T09:11:41.651Z INFO  benchmark_client] Sending sample transaction 7
[2026-05-22T09:11:41.701Z INFO  benchmark_client] Sending sample transaction 8
[2026-05-22T09:11:41.752Z INFO  benchmark_client] Sending sample transaction 9
[2026-05-22T09:11:41.801Z INFO  benchmark_client] Sending sample transaction 10
[2026-05-22T09:11:41.851Z INFO  benchmark_client] Sending sample transaction 11
[2026-05-22T09:11:41.902Z INFO  benchmark_client] Sending sample transaction 12
[2026-05-22T09:11:41.951Z INFO  benchmark_client] Sending sample transaction 13
[2026-05-22T09:11:42.002Z INFO  benchmark_client] Sending sample transaction 14
[2026-05-22T09:11:42.052Z INFO  benchmark_client] Sending sample transaction 15
[2026-05-22T09:11:42.102Z INFO  benchmark_client] Sending sample transaction 16
[2026-05-22T09:11:42.152Z INFO  benchmark_client] Sending sample transaction 17
[2026-05-22T09:11:42.202Z INFO  benchmark_client] Sending sample transaction 18
[2026-05-22T09:11:42.252Z INFO  benchmark_client] Sending sample transaction 19
[2026-05-22T09:11:42.301Z INFO  benchmark_client] Sending sample transaction 20
[2026-05-22T09:11:42.351Z INFO  benchmark_client] Sending sample transaction 21
[2026-05-22T09:11:42.402Z INFO  benchmark_client] Sending sample transaction 22
[2026-05-22T09:11:42.452Z INFO  benchmark_client] Sending sample transaction 23
[2026-05-22T09:11:42.501Z INFO  benchmark_client] Sending sample transaction 24
[2026-05-22T09:11:42.551Z INFO  benchmark_client] Sending sample transaction 25
[2026-05-22T09:11:42.601Z INFO  benchmark_client] Sending sample transaction 26
[2026-05-22T09:11:42.651Z INFO  benchmark_client] Sending sample transaction 27
[2026-05-22T09:11:42.701Z INFO  benchmark_client] Sending sample transaction 28
[2026-05-22T09:11:42.751Z INFO  benchmark_client] Sending sample transaction 29
[2026-05-22T09:11:42.802Z INFO  benchmark_client] Sending sample transaction 30
[2026-05-22T09:11:42.851Z INFO  benchmark_client] Sending sample transaction 31
[2026-05-22T09:11:42.901Z INFO  benchmark_client] Sending sample transaction 32
[2026-05-22T09:11:42.951Z INFO  benchmark_client] Sending sample transaction 33
[2026-05-22T09:11:43.001Z INFO  benchmark_client] Sending sample transaction 34
[2026-05-22T09:11:43.051Z INFO  benchmark_client] Sending sample transaction 35
[2026-05-22T09:11:43.101Z INFO  benchmark_client] Sending sample transaction 36
[2026-05-22T09:11:43.152Z INFO  benchmark_client] Sending sample transaction 37
[2026-05-22T09:11:43.202Z INFO  benchmark_client] Sending sample transaction 38
[2026-05-22T09:11:43.252Z INFO  benchmark_client] Sending sample transaction 39
[2026-05-22T09:11:43.302Z INFO  benchmark_client] Sending sample transaction 40
[2026-05-22T09:11:43.352Z INFO  benchmark_client] Sending sample transaction 41
[2026-05-22T09:11:43.402Z INFO  benchmark_client] Sending sample transaction 42
[2026-05-22T09:11:43.452Z INFO  benchmark_client] Sending sample transaction 43
[2026-05-22T09:11:43.502Z INFO  benchmark_client] Sending sample transaction 44
[2026-05-22T09:11:43.551Z INFO  benchmark_client] Sending sample transaction 45
[2026-05-22T09:11:43.601Z INFO  benchmark_client] Sending sample transaction 46
[2026-05-22T09:11:43.651Z INFO  benchmark_client] Sending sample transaction 47
[2026-05-22T09:11:43.701Z INFO  benchmark_client] Sending sample transaction 48
[2026-05-22T09:11:43.751Z INFO  benchmark_client] Sending sample transaction 49
[2026-05-22T09:11:43.802Z INFO  benchmark_client] Sending sample transaction 50
[2026-05-22T09:11:43.852Z INFO  benchmark_client] Sending sample transaction 51
[2026-05-22T09:11:43.901Z INFO  benchmark_client] Sending sample transaction 52
[2026-05-22T09:11:43.951Z INFO  benchmark_client] Sending sample transaction 53
[2026-05-22T09:11:44.001Z INFO  benchmark_client] Sending sample transaction 54
[2026-05-22T09:11:44.051Z INFO  benchmark_client] Sending sample transaction 55
[2026-05-22T09:11:44.102Z INFO  benchmark_client] Sending sample transaction 56
[2026-05-22T09:11:44.152Z INFO  benchmark_client] Sending sample transaction 57
[2026-05-22T09:11:44.201Z INFO  benchmark_client] Sending sample transaction 58
[2026-05-22T09:11:44.252Z INFO  benchmark_client] Sending sample transaction 59
[2026-05-22T09:11:44.301Z INFO  benchmark_client] Sending sample transaction 60
[2026-05-22T09:11:44.351Z INFO  benchmark_client] Sending sample transaction 61
[2026-05-22T09:11:44.401Z INFO  benchmark_client] Sending sample transaction 62
[2026-05-22T09:11:44.451Z INFO  benchmark_client] Sending sample transaction 63
[2026-05-22T09:11:44.501Z INFO  benchmark_client] Sending sample transaction 64
[2026-05-22T09:11:44.552Z INFO  benchmark_client] Sending sample transaction 65
[2026-05-22T09:11:44.601Z INFO  benchmark_client] Sending sample transaction 66
[2026-05-22T09:11:44.651Z INFO  benchmark_client] Sending sample transaction 67
[2026-05-22T09:11:44.701Z INFO  benchmark_client] Sending sample transaction 68
[2026-05-22T09:11:44.752Z INFO  benchmark_client] Sending sample transaction 69
[2026-05-22T09:11:44.802Z INFO  benchmark_client] Sending sample transaction 70
[2026-05-22T09:11:44.851Z INFO  benchmark_client] Sending sample transaction 71
[2026-05-22T09:11:44.901Z INFO  benchmark_client] Sending sample transaction 72
[2026-05-22T09:11:44.951Z INFO  benchmark_client] Sending sample transaction 73
[2026-05-22T09:11:45.001Z INFO  benchmark_client] Sending sample transaction 74
[2026-05-22T09:11:45.052Z INFO  benchmark_client] Sending sample transaction 75
[2026-05-22T09:11:45.102Z INFO  benchmark_client] Sending sample transaction 76
[2026-05-22T09:11:45.151Z INFO  benchmark_client] Sending sample transaction 77
[2026-05-22T09:11:45.201Z INFO  benchmark_client] Sending sample transaction 78
[2026-05-22T09:11:45.251Z INFO  benchmark_client] Sending sample transaction 79
[2026-05-22T09:11:45.301Z INFO  benchmark_client] Sending sample transaction 80
[2026-05-22T09:11:45.352Z INFO  benchmark_client] Sending sample transaction 81
[2026-05-22T09:11:45.401Z INFO  benchmark_client] Sending sample transaction 82
[2026-05-22T09:11:45.451Z INFO  benchmark_client] Sending sample transaction 83
[2026-05-22T09:11:45.501Z INFO  benchmark_client] Sending sample transaction 84
[2026-05-22T09:11:45.551Z INFO  benchmark_client] Sending sample transaction 85
[2026-05-22T09:11:45.602Z INFO  benchmark_client] Sending sample transaction 86
[2026-05-22T09:11:45.653Z INFO  benchmark_client] Sending sample transaction 87
[2026-05-22T09:11:45.702Z INFO  benchmark_client] Sending sample transaction 88
[2026-05-22T09:11:45.751Z INFO  benchmark_client] Sending sample transaction 89
[2026-05-22T09:11:45.801Z INFO  benchmark_client] Sending sample transaction 90
[2026-05-22T09:11:45.852Z INFO  benchmark_client] Sending sample transaction 91
[2026-05-22T09:11:45.902Z INFO  benchmark_client] Sending sample transaction 92
[2026-05-22T09:11:45.951Z INFO  benchmark_client] Sending sample transaction 93
[2026-05-22T09:11:46.001Z INFO  benchmark_client] Sending sample transaction 94
[2026-05-22T09:11:46.051Z INFO  benchmark_client] Sending sample transaction 95
[2026-05-22T09:11:46.101Z INFO  benchmark_client] Sending sample transaction 96
[2026-05-22T09:11:46.152Z INFO  benchmark_client] Sending sample transaction 97
[2026-05-22T09:11:46.202Z INFO  benchmark_client] Sending sample transaction 98
[2026-05-22T09:11:46.252Z INFO  benchmark_client] Sending sample transaction 99
[2026-05-22T09:11:46.302Z INFO  benchmark_client] Sending sample transaction 100
[2026-05-22T09:11:46.352Z INFO  benchmark_client] Sending sample transaction 101
[2026-05-22T09:11:46.401Z INFO  benchmark_client] Sending sample transaction 102
[2026-05-22T09:11:46.451Z INFO  benchmark_client] Sending sample transaction 103
[2026-05-22T09:11:46.502Z INFO  benchmark_client] Sending sample transaction 104
[2026-05-22T09:11:46.552Z INFO  benchmark_client] Sending sample transaction 105
[2026-05-22T09:11:46.601Z INFO  benchmark_client] Sending sample transaction 106
[2026-05-22T09:11:46.651Z INFO  benchmark_client] Sending sample transaction 107
[2026-05-22T09:11:46.702Z INFO  benchmark_client] Sending sample transaction 108
[2026-05-22T09:11:46.751Z INFO  benchmark_client] Sending sample transaction 109
[2026-05-22T09:11:46.801Z INFO  benchmark_client] Sending sample transaction 110
[2026-05-22T09:11:46.851Z INFO  benchmark_client] Sending sample transaction 111
[2026-05-22T09:11:46.901Z INFO  benchmark_client] Sending sample transaction 112
[2026-05-22T09:11:46.952Z INFO  benchmark_client] Sending sample transaction 113
[2026-05-22T09:11:47.001Z INFO  benchmark_client] Sending sample transaction 114
[2026-05-22T09:11:47.051Z INFO  benchmark_client] Sending sample transaction 115
[2026-05-22T09:11:47.101Z INFO  benchmark_client] Sending sample transaction 116
[2026-05-22T09:11:47.151Z INFO  benchmark_client] Sending sample transaction 117
[2026-05-22T09:11:47.201Z INFO  benchmark_client] Sending sample transaction 118
[2026-05-22T09:11:47.252Z INFO  benchmark_client] Sending sample transaction 119
[2026-05-22T09:11:47.302Z INFO  benchmark_client] Sending sample transaction 120
[2026-05-22T09:11:47.352Z INFO  benchmark_client] Sending sample transaction 121
[2026-05-22T09:11:47.402Z INFO  benchmark_client] Sending sample transaction 122
[2026-05-22T09:11:47.451Z INFO  benchmark_client] Sending sample transaction 123
[2026-05-22T09:11:47.501Z INFO  benchmark_client] Sending sample transaction 124
[2026-05-22T09:11:47.552Z INFO  benchmark_client] Sending sample transaction 125
[2026-05-22T09:11:47.601Z INFO  benchmark_client] Sending sample transaction 126
[2026-05-22T09:11:47.651Z INFO  benchmark_client] Sending sample transaction 127
[2026-05-22T09:11:47.702Z INFO  benchmark_client] Sending sample transaction 128
[2026-05-22T09:11:47.751Z INFO  benchmark_client] Sending sample transaction 129
[2026-05-22T09:11:47.801Z INFO  benchmark_client] Sending sample transaction 130
[2026-05-22T09:11:47.851Z INFO  benchmark_client] Sending sample transaction 131
[2026-05-22T09:11:47.901Z INFO  benchmark_client] Sending sample transaction 132
[2026-05-22T09:11:47.951Z INFO  benchmark_client] Sending sample transaction 133
[2026-05-22T09:11:48.001Z INFO  benchmark_client] Sending sample transaction 134
[2026-05-22T09:11:48.051Z INFO  benchmark_client] Sending sample transaction 135
[2026-05-22T09:11:48.101Z INFO  benchmark_client] Sending sample transaction 136
[2026-05-22T09:11:48.151Z INFO  benchmark_client] Sending sample transaction 137
[2026-05-22T09:11:48.201Z INFO  benchmark_client] Sending sample transaction 138
[2026-05-22T09:11:48.252Z INFO  benchmark_client] Sending sample transaction 139
[2026-05-22T09:11:48.302Z INFO  benchmark_client] Sending sample transaction 140
[2026-05-22T09:11:48.351Z INFO  benchmark_client] Sending sample transaction 141
[2026-05-22T09:11:48.401Z INFO  benchmark_client] Sending sample transaction 142
[2026-05-22T09:11:48.452Z INFO  benchmark_client] Sending sample transaction 143
[2026-05-22T09:11:48.501Z INFO  benchmark_client] Sending sample transaction 144
[2026-05-22T09:11:48.551Z INFO  benchmark_client] Sending sample transaction 145
[2026-05-22T09:11:48.601Z INFO  benchmark_client] Sending sample transaction 146
[2026-05-22T09:11:48.651Z INFO  benchmark_client] Sending sample transaction 147
[2026-05-22T09:11:48.702Z INFO  benchmark_client] Sending sample transaction 148
[2026-05-22T09:11:48.751Z INFO  benchmark_client] Sending sample transaction 149
[2026-05-22T09:11:48.802Z INFO  benchmark_client] Sending sample transaction 150
[2026-05-22T09:11:48.852Z INFO  benchmark_client] Sending sample transaction 151
[2026-05-22T09:11:48.902Z INFO  benchmark_client] Sending sample transaction 152
[2026-05-22T09:11:48.952Z INFO  benchmark_client] Sending sample transaction 153
[2026-05-22T09:11:49.001Z INFO  benchmark_client] Sending sample transaction 154
[2026-05-22T09:11:49.051Z INFO  benchmark_client] Sending sample transaction 155
[2026-05-22T09:11:49.102Z INFO  benchmark_client] Sending sample transaction 156
[2026-05-22T09:11:49.152Z INFO  benchmark_client] Sending sample transaction 157
[2026-05-22T09:11:49.201Z INFO  benchmark_client] Sending sample transaction 158
[2026-05-22T09:11:49.251Z INFO  benchmark_client] Sending sample transaction 159
[2026-05-22T09:11:49.302Z INFO  benchmark_client] Sending sample transaction 160
[2026-05-22T09:11:49.351Z INFO  benchmark_client] Sending sample transaction 161
[2026-05-22T09:11:49.401Z INFO  benchmark_client] Sending sample transaction 162
[2026-05-22T09:11:49.451Z INFO  benchmark_client] Sending sample transaction 163
[2026-05-22T09:11:49.501Z INFO  benchmark_client] Sending sample transaction 164
[2026-05-22T09:11:49.552Z INFO  benchmark_client] Sending sample transaction 165
[2026-05-22T09:11:49.602Z INFO  benchmark_client] Sending sample transaction 166
[2026-05-22T09:11:49.652Z INFO  benchmark_client] Sending sample transaction 167
[2026-05-22T09:11:49.701Z INFO  benchmark_client] Sending sample transaction 168
[2026-05-22T09:11:49.751Z INFO  benchmark_client] Sending sample transaction 169
[2026-05-22T09:11:49.801Z INFO  benchmark_client] Sending sample transaction 170
[2026-05-22T09:11:49.852Z INFO  benchmark_client] Sending sample transaction 171
[2026-05-22T09:11:49.901Z INFO  benchmark_client] Sending sample transaction 172
[2026-05-22T09:11:49.951Z INFO  benchmark_client] Sending sample transaction 173
[2026-05-22T09:11:50.001Z INFO  benchmark_client] Sending sample transaction 174
[2026-05-22T09:11:50.051Z INFO  benchmark_client] Sending sample transaction 175
[2026-05-22T09:11:50.101Z INFO  benchmark_client] Sending sample transaction 176
[2026-05-22T09:11:50.151Z INFO  benchmark_client] Sending sample transaction 177
[2026-05-22T09:11:50.201Z INFO  benchmark_client] Sending sample transaction 178
[2026-05-22T09:11:50.251Z INFO  benchmark_client] Sending sample transaction 179
[2026-05-22T09:11:50.301Z INFO  benchmark_client] Sending sample transaction 180
[2026-05-22T09:11:50.351Z INFO  benchmark_client] Sending sample transaction 181
[2026-05-22T09:11:50.401Z INFO  benchmark_client] Sending sample transaction 182
[2026-05-22T09:11:50.451Z INFO  benchmark_client] Sending sample transaction 183
[2026-05-22T09:11:50.501Z INFO  benchmark_client] Sending sample transaction 184
[2026-05-22T09:11:50.552Z INFO  benchmark_client] Sending sample transaction 185
[2026-05-22T09:11:50.601Z INFO  benchmark_client] Sending sample transaction 186
[2026-05-22T09:11:50.651Z INFO  benchmark_client] Sending sample transaction 187
[2026-05-22T09:11:50.701Z INFO  benchmark_client] Sending sample transaction 188
[2026-05-22T09:11:50.751Z INFO  benchmark_client] Sending sample transaction 189
[2026-05-22T09:11:50.801Z INFO  benchmark_client] Sending sample transaction 190
[2026-05-22T09:11:50.852Z INFO  benchmark_client] Sending sample transaction 191
[2026-05-22T09:11:50.902Z INFO  benchmark_client] Sending sample transaction 192
[2026-05-22T09:11:50.951Z INFO  benchmark_client] Sending sample transaction 193
[2026-05-22T09:11:51.002Z INFO  benchmark_client] Sending sample transaction 194
[2026-05-22T09:11:51.052Z INFO  benchmark_client] Sending sample transaction 195
[2026-05-22T09:11:51.101Z INFO  benchmark_client] Sending sample transaction 196
[2026-05-22T09:11:51.151Z INFO  benchmark_client] Sending sample transaction 197
[2026-05-22T09:11:51.202Z INFO  benchmark_client] Sending sample transaction 198
[2026-05-22T09:11:51.252Z INFO  benchmark_client] Sending sample transaction 199
[2026-05-22T09:11:51.302Z INFO  benchmark_client] Sending sample transaction 200
[2026-05-22T09:11:51.351Z INFO  benchmark_client] Sending sample transaction 201
[2026-05-22T09:11:51.401Z INFO  benchmark_client] Sending sample transaction 202
[2026-05-22T09:11:51.451Z INFO  benchmark_client] Sending sample transaction 203
[2026-05-22T09:11:51.501Z INFO  benchmark_client] Sending sample transaction 204
[2026-05-22T09:11:51.551Z INFO  benchmark_client] Sending sample transaction 205
[2026-05-22T09:11:51.602Z INFO  benchmark_client] Sending sample transaction 206
[2026-05-22T09:11:51.651Z INFO  benchmark_client] Sending sample transaction 207
[2026-05-22T09:11:51.701Z INFO  benchmark_client] Sending sample transaction 208
[2026-05-22T09:11:51.751Z INFO  benchmark_client] Sending sample transaction 209
[2026-05-22T09:11:51.801Z INFO  benchmark_client] Sending sample transaction 210
[2026-05-22T09:11:51.851Z INFO  benchmark_client] Sending sample transaction 211
[2026-05-22T09:11:51.901Z INFO  benchmark_client] Sending sample transaction 212
[2026-05-22T09:11:51.951Z INFO  benchmark_client] Sending sample transaction 213
[2026-05-22T09:11:52.002Z INFO  benchmark_client] Sending sample transaction 214
[2026-05-22T09:11:52.052Z INFO  benchmark_client] Sending sample transaction 215
[2026-05-22T09:11:52.102Z INFO  benchmark_client] Sending sample transaction 216
[2026-05-22T09:11:52.151Z INFO  benchmark_client] Sending sample transaction 217
[2026-05-22T09:11:52.201Z INFO  benchmark_client] Sending sample transaction 218
[2026-05-22T09:11:52.251Z INFO  benchmark_client] Sending sample transaction 219
[2026-05-22T09:11:52.301Z INFO  benchmark_client] Sending sample transaction 220
[2026-05-22T09:11:52.351Z INFO  benchmark_client] Sending sample transaction 221
[2026-05-22T09:11:52.401Z INFO  benchmark_client] Sending sample transaction 222
[2026-05-22T09:11:52.451Z INFO  benchmark_client] Sending sample transaction 223
[2026-05-22T09:11:52.501Z INFO  benchmark_client] Sending sample transaction 224
[2026-05-22T09:11:52.551Z INFO  benchmark_client] Sending sample transaction 225
[2026-05-22T09:11:52.601Z INFO  benchmark_client] Sending sample transaction 226
[2026-05-22T09:11:52.652Z INFO  benchmark_client] Sending sample transaction 227
[2026-05-22T09:11:52.702Z INFO  benchmark_client] Sending sample transaction 228
[2026-05-22T09:11:52.751Z INFO  benchmark_client] Sending sample transaction 229
[2026-05-22T09:11:52.801Z INFO  benchmark_client] Sending sample transaction 230
[2026-05-22T09:11:52.851Z INFO  benchmark_client] Sending sample transaction 231
[2026-05-22T09:11:52.901Z INFO  benchmark_client] Sending sample transaction 232
[2026-05-22T09:11:52.951Z INFO  benchmark_client] Sending sample transaction 233
[2026-05-22T09:11:53.001Z INFO  benchmark_client] Sending sample transaction 234
[2026-05-22T09:11:53.052Z INFO  benchmark_client] Sending sample transaction 235
[2026-05-22T09:11:53.101Z INFO  benchmark_client] Sending sample transaction 236
[2026-05-22T09:11:53.151Z INFO  benchmark_client] Sending sample transaction 237
[2026-05-22T09:11:53.202Z INFO  benchmark_client] Sending sample transaction 238
[2026-05-22T09:11:53.252Z INFO  benchmark_client] Sending sample transaction 239
[2026-05-22T09:11:53.302Z INFO  benchmark_client] Sending sample transaction 240
[2026-05-22T09:11:53.351Z INFO  benchmark_client] Sending sample transaction 241
[2026-05-22T09:11:53.402Z INFO  benchmark_client] Sending sample transaction 242
[2026-05-22T09:11:53.451Z INFO  benchmark_client] Sending sample transaction 243
[2026-05-22T09:11:53.501Z INFO  benchmark_client] Sending sample transaction 244
[2026-05-22T09:11:53.552Z INFO  benchmark_client] Sending sample transaction 245
[2026-05-22T09:11:53.602Z INFO  benchmark_client] Sending sample transaction 246
[2026-05-22T09:11:53.652Z INFO  benchmark_client] Sending sample transaction 247
[2026-05-22T09:11:53.702Z INFO  benchmark_client] Sending sample transaction 248
[2026-05-22T09:11:53.752Z INFO  benchmark_client] Sending sample transaction 249
[2026-05-22T09:11:53.801Z INFO  benchmark_client] Sending sample transaction 250
[2026-05-22T09:11:53.851Z INFO  benchmark_client] Sending sample transaction 251
[2026-05-22T09:11:53.901Z INFO  benchmark_client] Sending sample transaction 252
[2026-05-22T09:11:53.951Z INFO  benchmark_client] Sending sample transaction 253
[2026-05-22T09:11:54.002Z INFO  benchmark_client] Sending sample transaction 254
[2026-05-22T09:11:54.052Z INFO  benchmark_client] Sending sample transaction 255
[2026-05-22T09:11:54.102Z INFO  benchmark_client] Sending sample transaction 256
[2026-05-22T09:11:54.152Z INFO  benchmark_client] Sending sample transaction 257
[2026-05-22T09:11:54.202Z INFO  benchmark_client] Sending sample transaction 258
[2026-05-22T09:11:54.252Z INFO  benchmark_client] Sending sample transaction 259
[2026-05-22T09:11:54.302Z INFO  benchmark_client] Sending sample transaction 260
[2026-05-22T09:11:54.352Z INFO  benchmark_client] Sending sample transaction 261
[2026-05-22T09:11:54.402Z INFO  benchmark_client] Sending sample transaction 262
[2026-05-22T09:11:54.452Z INFO  benchmark_client] Sending sample transaction 263
[2026-05-22T09:11:54.502Z INFO  benchmark_client] Sending sample transaction 264
[2026-05-22T09:11:54.552Z INFO  benchmark_client] Sending sample transaction 265
[2026-05-22T09:11:54.605Z INFO  benchmark_client] Sending sample transaction 266
[2026-05-22T09:11:54.652Z INFO  benchmark_client] Sending sample transaction 267
[2026-05-22T09:11:54.701Z INFO  benchmark_client] Sending sample transaction 268
[2026-05-22T09:11:54.752Z INFO  benchmark_client] Sending sample transaction 269
[2026-05-22T09:11:54.803Z INFO  benchmark_client] Sending sample transaction 270
[2026-05-22T09:11:54.852Z INFO  benchmark_client] Sending sample transaction 271
[2026-05-22T09:11:54.902Z INFO  benchmark_client] Sending sample transaction 272
[2026-05-22T09:11:54.951Z INFO  benchmark_client] Sending sample transaction 273
[2026-05-22T09:11:55.002Z INFO  benchmark_client] Sending sample transaction 274
[2026-05-22T09:11:55.052Z INFO  benchmark_client] Sending sample transaction 275
[2026-05-22T09:11:55.102Z INFO  benchmark_client] Sending sample transaction 276
[2026-05-22T09:11:55.152Z INFO  benchmark_client] Sending sample transaction 277
[2026-05-22T09:11:55.202Z INFO  benchmark_client] Sending sample transaction 278
[2026-05-22T09:11:55.251Z INFO  benchmark_client] Sending sample transaction 279
[2026-05-22T09:11:55.301Z INFO  benchmark_client] Sending sample transaction 280
[2026-05-22T09:11:55.351Z INFO  benchmark_client] Sending sample transaction 281
[2026-05-22T09:11:55.401Z INFO  benchmark_client] Sending sample transaction 282
[2026-05-22T09:11:55.453Z INFO  benchmark_client] Sending sample transaction 283
[2026-05-22T09:11:55.502Z INFO  benchmark_client] Sending sample transaction 284
[2026-05-22T09:11:55.552Z INFO  benchmark_client] Sending sample transaction 285
[2026-05-22T09:11:55.602Z INFO  benchmark_client] Sending sample transaction 286
[2026-05-22T09:11:55.651Z INFO  benchmark_client] Sending sample transaction 287
[2026-05-22T09:11:55.701Z INFO  benchmark_client] Sending sample transaction 288
[2026-05-22T09:11:55.751Z INFO  benchmark_client] Sending sample transaction 289
[2026-05-22T09:11:55.802Z INFO  benchmark_client] Sending sample transaction 290
[2026-05-22T09:11:55.851Z INFO  benchmark_client] Sending sample transaction 291
[2026-05-22T09:11:55.902Z INFO  benchmark_client] Sending sample transaction 292
[2026-05-22T09:11:55.951Z INFO  benchmark_client] Sending sample transaction 293
[2026-05-22T09:11:56.002Z INFO  benchmark_client] Sending sample transaction 294
[2026-05-22T09:11:56.052Z INFO  benchmark_client] Sending sample transaction 295
[2026-05-22T09:11:56.102Z INFO  benchmark_client] Sending sample transaction 296
[2026-05-22T09:11:56.152Z INFO  benchmark_client] Sending sample transaction 297
[2026-05-22T09:11:56.202Z INFO  benchmark_client] Sending sample transaction 298
[2026-05-22T09:11:56.251Z INFO  benchmark_client] Sending sample transaction 299
[2026-05-22T09:11:56.302Z INFO  benchmark_client] Sending sample transaction 300
[2026-05-22T09:11:56.352Z INFO  benchmark_client] Sending sample transaction 301
[2026-05-22T09:11:56.401Z INFO  benchmark_client] Sending sample transaction 302
[2026-05-22T09:11:56.451Z INFO  benchmark_client] Sending sample transaction 303
[2026-05-22T09:11:56.502Z INFO  benchmark_client] Sending sample transaction 304
[2026-05-22T09:11:56.552Z INFO  benchmark_client] Sending sample transaction 305
[2026-05-22T09:11:56.602Z INFO  benchmark_client] Sending sample transaction 306
[2026-05-22T09:11:56.651Z INFO  benchmark_client] Sending sample transaction 307
[2026-05-22T09:11:56.701Z INFO  benchmark_client] Sending sample transaction 308
[2026-05-22T09:11:56.751Z INFO  benchmark_client] Sending sample transaction 309
[2026-05-22T09:11:56.802Z INFO  benchmark_client] Sending sample transaction 310
[2026-05-22T09:11:56.852Z INFO  benchmark_client] Sending sample transaction 311
[2026-05-22T09:11:56.901Z INFO  benchmark_client] Sending sample transaction 312
[2026-05-22T09:11:56.952Z INFO  benchmark_client] Sending sample transaction 313
[2026-05-22T09:11:57.002Z INFO  benchmark_client] Sending sample transaction 314
[2026-05-22T09:11:57.051Z INFO  benchmark_client] Sending sample transaction 315
[2026-05-22T09:11:57.101Z INFO  benchmark_client] Sending sample transaction 316
[2026-05-22T09:11:57.152Z INFO  benchmark_client] Sending sample transaction 317
[2026-05-22T09:11:57.202Z INFO  benchmark_client] Sending sample transaction 318
[2026-05-22T09:11:57.252Z INFO  benchmark_client] Sending sample transaction 319
[2026-05-22T09:11:57.302Z INFO  benchmark_client] Sending sample transaction 320
[2026-05-22T09:11:57.352Z INFO  benchmark_client] Sending sample transaction 321
[2026-05-22T09:11:57.402Z INFO  benchmark_client] Sending sample transaction 322
[2026-05-22T09:11:57.452Z INFO  benchmark_client] Sending sample transaction 323
[2026-05-22T09:11:57.502Z INFO  benchmark_client] Sending sample transaction 324
[2026-05-22T09:11:57.552Z INFO  benchmark_client] Sending sample transaction 325
[2026-05-22T09:11:57.602Z INFO  benchmark_client] Sending sample transaction 326
[2026-05-22T09:11:57.652Z INFO  benchmark_client] Sending sample transaction 327
[2026-05-22T09:11:57.702Z INFO  benchmark_client] Sending sample transaction 328
[2026-05-22T09:11:57.752Z INFO  benchmark_client] Sending sample transaction 329
[2026-05-22T09:11:57.801Z INFO  benchmark_client] Sending sample transaction 330
[2026-05-22T09:11:57.851Z INFO  benchmark_client] Sending sample transaction 331
[2026-05-22T09:11:57.901Z INFO  benchmark_client] Sending sample transaction 332
[2026-05-22T09:11:57.951Z INFO  benchmark_client] Sending sample transaction 333
[2026-05-22T09:11:58.001Z INFO  benchmark_client] Sending sample transaction 334
[2026-05-22T09:11:58.051Z INFO  benchmark_client] Sending sample transaction 335
[2026-05-22T09:11:58.101Z INFO  benchmark_client] Sending sample transaction 336
[2026-05-22T09:11:58.151Z INFO  benchmark_client] Sending sample transaction 337
[2026-05-22T09:11:58.201Z INFO  benchmark_client] Sending sample transaction 338
[2026-05-22T09:11:58.251Z INFO  benchmark_client] Sending sample transaction 339
[2026-05-22T09:11:58.301Z INFO  benchmark_client] Sending sample transaction 340
[2026-05-22T09:11:58.351Z INFO  benchmark_client] Sending sample transaction 341
[2026-05-22T09:11:58.401Z INFO  benchmark_client] Sending sample transaction 342
[2026-05-22T09:11:58.451Z INFO  benchmark_client] Sending sample transaction 343
[2026-05-22T09:11:58.501Z INFO  benchmark_client] Sending sample transaction 344
[2026-05-22T09:11:58.552Z INFO  benchmark_client] Sending sample transaction 345
[2026-05-22T09:11:58.601Z INFO  benchmark_client] Sending sample transaction 346
[2026-05-22T09:11:58.651Z INFO  benchmark_client] Sending sample transaction 347
[2026-05-22T09:11:58.702Z INFO  benchmark_client] Sending sample transaction 348
[2026-05-22T09:11:58.751Z INFO  benchmark_client] Sending sample transaction 349
[2026-05-22T09:11:58.801Z INFO  benchmark_client] Sending sample transaction 350
[2026-05-22T09:11:58.851Z INFO  benchmark_client] Sending sample transaction 351
[2026-05-22T09:11:58.901Z INFO  benchmark_client] Sending sample transaction 352
[2026-05-22T09:11:58.952Z INFO  benchmark_client] Sending sample transaction 353
[2026-05-22T09:11:59.001Z INFO  benchmark_client] Sending sample transaction 354
[2026-05-22T09:11:59.051Z INFO  benchmark_client] Sending sample transaction 355
[2026-05-22T09:11:59.101Z INFO  benchmark_client] Sending sample transaction 356
[2026-05-22T09:11:59.151Z INFO  benchmark_client] Sending sample transaction 357
[2026-05-22T09:11:59.201Z INFO  benchmark_client] Sending sample transaction 358
[2026-05-22T09:11:59.253Z INFO  benchmark_client] Sending sample transaction 359
[2026-05-22T09:11:59.301Z INFO  benchmark_client] Sending sample transaction 360
[2026-05-22T09:11:59.351Z INFO  benchmark_client] Sending sample transaction 361
[2026-05-22T09:11:59.401Z INFO  benchmark_client] Sending sample transaction 362
[2026-05-22T09:11:59.451Z INFO  benchmark_client] Sending sample transaction 363
[2026-05-22T09:11:59.501Z INFO  benchmark_client] Sending sample transaction 364
[2026-05-22T09:11:59.552Z INFO  benchmark_client] Sending sample transaction 365
[2026-05-22T09:11:59.601Z INFO  benchmark_client] Sending sample transaction 366
[2026-05-22T09:11:59.651Z INFO  benchmark_client] Sending sample transaction 367
[2026-05-22T09:11:59.702Z INFO  benchmark_client] Sending sample transaction 368
[2026-05-22T09:11:59.751Z INFO  benchmark_client] Sending sample transaction 369
[2026-05-22T09:11:59.801Z INFO  benchmark_client] Sending sample transaction 370
[2026-05-22T09:11:59.851Z INFO  benchmark_client] Sending sample transaction 371
[2026-05-22T09:11:59.901Z INFO  benchmark_client] Sending sample transaction 372
[2026-05-22T09:11:59.952Z INFO  benchmark_client] Sending sample transaction 373
[2026-05-22T09:12:00.001Z INFO  benchmark_client] Sending sample transaction 374
[2026-05-22T09:12:00.052Z INFO  benchmark_client] Sending sample transaction 375
[2026-05-22T09:12:00.101Z INFO  benchmark_client] Sending sample transaction 376
[2026-05-22T09:12:00.152Z INFO  benchmark_client] Sending sample transaction 377
[2026-05-22T09:12:00.202Z INFO  benchmark_client] Sending sample transaction 378
[2026-05-22T09:12:00.251Z INFO  benchmark_client] Sending sample transaction 379
[2026-05-22T09:12:00.301Z INFO  benchmark_client] Sending sample transaction 380
[2026-05-22T09:12:00.352Z INFO  benchmark_client] Sending sample transaction 381
[2026-05-22T09:12:00.401Z INFO  benchmark_client] Sending sample transaction 382
[2026-05-22T09:12:00.452Z INFO  benchmark_client] Sending sample transaction 383
[2026-05-22T09:12:00.502Z INFO  benchmark_client] Sending sample transaction 384
[2026-05-22T09:12:00.551Z INFO  benchmark_client] Sending sample transaction 385
[2026-05-22T09:12:00.601Z INFO  benchmark_client] Sending sample transaction 386
[2026-05-22T09:12:00.652Z INFO  benchmark_client] Sending sample transaction 387
[2026-05-22T09:12:00.702Z INFO  benchmark_client] Sending sample transaction 388
[2026-05-22T09:12:00.751Z INFO  benchmark_client] Sending sample transaction 389
[2026-05-22T09:12:00.802Z INFO  benchmark_client] Sending sample transaction 390
[2026-05-22T09:12:00.851Z INFO  benchmark_client] Sending sample transaction 391
[2026-05-22T09:12:00.901Z INFO  benchmark_client] Sending sample transaction 392
[2026-05-22T09:12:00.951Z INFO  benchmark_client] Sending sample transaction 393
[2026-05-22T09:12:01.001Z INFO  benchmark_client] Sending sample transaction 394
[2026-05-22T09:12:01.051Z INFO  benchmark_client] Sending sample transaction 395
[2026-05-22T09:12:01.102Z INFO  benchmark_client] Sending sample transaction 396
[2026-05-22T09:12:01.152Z INFO  benchmark_client] Sending sample transaction 397
[2026-05-22T09:12:01.202Z INFO  benchmark_client] Sending sample transaction 398
[2026-05-22T09:12:01.251Z INFO  benchmark_client] Sending sample transaction 399
[2026-05-22T09:12:01.302Z INFO  benchmark_client] Sending sample transaction 400
[2026-05-22T09:12:01.352Z INFO  benchmark_client] Sending sample transaction 401
[2026-05-22T09:12:01.402Z INFO  benchmark_client] Sending sample transaction 402
[2026-05-22T09:12:01.451Z INFO  benchmark_client] Sending sample transaction 403
[2026-05-22T09:12:01.501Z INFO  benchmark_client] Sending sample transaction 404
[2026-05-22T09:12:01.551Z INFO  benchmark_client] Sending sample transaction 405
[2026-05-22T09:12:01.601Z INFO  benchmark_client] Sending sample transaction 406
[2026-05-22T09:12:01.651Z INFO  benchmark_client] Sending sample transaction 407
[2026-05-22T09:12:01.702Z INFO  benchmark_client] Sending sample transaction 408
[2026-05-22T09:12:01.751Z INFO  benchmark_client] Sending sample transaction 409
[2026-05-22T09:12:01.802Z INFO  benchmark_client] Sending sample transaction 410
[2026-05-22T09:12:01.851Z INFO  benchmark_client] Sending sample transaction 411
[2026-05-22T09:12:01.901Z INFO  benchmark_client] Sending sample transaction 412
[2026-05-22T09:12:01.951Z INFO  benchmark_client] Sending sample transaction 413
[2026-05-22T09:12:02.002Z INFO  benchmark_client] Sending sample transaction 414
[2026-05-22T09:12:02.052Z INFO  benchmark_client] Sending sample transaction 415
[2026-05-22T09:12:02.102Z INFO  benchmark_client] Sending sample transaction 416
[2026-05-22T09:12:02.151Z INFO  benchmark_client] Sending sample transaction 417
[2026-05-22T09:12:02.202Z INFO  benchmark_client] Sending sample transaction 418
[2026-05-22T09:12:02.251Z INFO  benchmark_client] Sending sample transaction 419
[2026-05-22T09:12:02.301Z INFO  benchmark_client] Sending sample transaction 420
[2026-05-22T09:12:02.352Z INFO  benchmark_client] Sending sample transaction 421
[2026-05-22T09:12:02.402Z INFO  benchmark_client] Sending sample transaction 422
[2026-05-22T09:12:02.451Z INFO  benchmark_client] Sending sample transaction 423
[2026-05-22T09:12:02.502Z INFO  benchmark_client] Sending sample transaction 424
[2026-05-22T09:12:02.552Z INFO  benchmark_client] Sending sample transaction 425
[2026-05-22T09:12:02.602Z INFO  benchmark_client] Sending sample transaction 426
[2026-05-22T09:12:02.652Z INFO  benchmark_client] Sending sample transaction 427
[2026-05-22T09:12:02.701Z INFO  benchmark_client] Sending sample transaction 428
[2026-05-22T09:12:02.751Z INFO  benchmark_client] Sending sample transaction 429
[2026-05-22T09:12:02.802Z INFO  benchmark_client] Sending sample transaction 430
[2026-05-22T09:12:02.852Z INFO  benchmark_client] Sending sample transaction 431
[2026-05-22T09:12:02.902Z INFO  benchmark_client] Sending sample transaction 432
[2026-05-22T09:12:02.951Z INFO  benchmark_client] Sending sample transaction 433
[2026-05-22T09:12:03.002Z INFO  benchmark_client] Sending sample transaction 434
[2026-05-22T09:12:03.051Z INFO  benchmark_client] Sending sample transaction 435
[2026-05-22T09:12:03.101Z INFO  benchmark_client] Sending sample transaction 436
[2026-05-22T09:12:03.151Z INFO  benchmark_client] Sending sample transaction 437
[2026-05-22T09:12:03.202Z INFO  benchmark_client] Sending sample transaction 438
[2026-05-22T09:12:03.252Z INFO  benchmark_client] Sending sample transaction 439
[2026-05-22T09:12:03.301Z INFO  benchmark_client] Sending sample transaction 440
[2026-05-22T09:12:03.352Z INFO  benchmark_client] Sending sample transaction 441
[2026-05-22T09:12:03.402Z INFO  benchmark_client] Sending sample transaction 442
[2026-05-22T09:12:03.452Z INFO  benchmark_client] Sending sample transaction 443
[2026-05-22T09:12:03.502Z INFO  benchmark_client] Sending sample transaction 444
[2026-05-22T09:12:03.552Z INFO  benchmark_client] Sending sample transaction 445
[2026-05-22T09:12:03.602Z INFO  benchmark_client] Sending sample transaction 446
[2026-05-22T09:12:03.652Z INFO  benchmark_client] Sending sample transaction 447
[2026-05-22T09:12:03.702Z INFO  benchmark_client] Sending sample transaction 448
[2026-05-22T09:12:03.751Z INFO  benchmark_client] Sending sample transaction 449
[2026-05-22T09:12:03.801Z INFO  benchmark_client] Sending sample transaction 450
[2026-05-22T09:12:03.852Z INFO  benchmark_client] Sending sample transaction 451
[2026-05-22T09:12:03.902Z INFO  benchmark_client] Sending sample transaction 452
[2026-05-22T09:12:03.951Z INFO  benchmark_client] Sending sample transaction 453
[2026-05-22T09:12:04.001Z INFO  benchmark_client] Sending sample transaction 454
[2026-05-22T09:12:04.051Z INFO  benchmark_client] Sending sample transaction 455
[2026-05-22T09:12:04.102Z INFO  benchmark_client] Sending sample transaction 456
[2026-05-22T09:12:04.152Z INFO  benchmark_client] Sending sample transaction 457
[2026-05-22T09:12:04.202Z INFO  benchmark_client] Sending sample transaction 458
[2026-05-22T09:12:04.254Z INFO  benchmark_client] Sending sample transaction 459
[2026-05-22T09:12:04.304Z INFO  benchmark_client] Sending sample transaction 460
[2026-05-22T09:12:04.351Z INFO  benchmark_client] Sending sample transaction 461
[2026-05-22T09:12:04.402Z INFO  benchmark_client] Sending sample transaction 462
[2026-05-22T09:12:04.451Z INFO  benchmark_client] Sending sample transaction 463
[2026-05-22T09:12:04.501Z INFO  benchmark_client] Sending sample transaction 464
[2026-05-22T09:12:04.552Z INFO  benchmark_client] Sending sample transaction 465
[2026-05-22T09:12:04.602Z INFO  benchmark_client] Sending sample transaction 466
[2026-05-22T09:12:04.651Z INFO  benchmark_client] Sending sample transaction 467
[2026-05-22T09:12:04.703Z INFO  benchmark_client] Sending sample transaction 468
[2026-05-22T09:12:04.752Z INFO  benchmark_client] Sending sample transaction 469
[2026-05-22T09:12:04.802Z INFO  benchmark_client] Sending sample transaction 470
[2026-05-22T09:12:04.851Z INFO  benchmark_client] Sending sample transaction 471
[2026-05-22T09:12:04.902Z INFO  benchmark_client] Sending sample transaction 472
[2026-05-22T09:12:04.951Z INFO  benchmark_client] Sending sample transaction 473
[2026-05-22T09:12:05.001Z INFO  benchmark_client] Sending sample transaction 474
[2026-05-22T09:12:05.052Z INFO  benchmark_client] Sending sample transaction 475
[2026-05-22T09:12:05.102Z INFO  benchmark_client] Sending sample transaction 476
[2026-05-22T09:12:05.152Z INFO  benchmark_client] Sending sample transaction 477
[2026-05-22T09:12:05.201Z INFO  benchmark_client] Sending sample transaction 478
[2026-05-22T09:12:05.251Z INFO  benchmark_client] Sending sample transaction 479
[2026-05-22T09:12:05.302Z INFO  benchmark_client] Sending sample transaction 480
[2026-05-22T09:12:05.352Z INFO  benchmark_client] Sending sample transaction 481
[2026-05-22T09:12:05.401Z INFO  benchmark_client] Sending sample transaction 482
[2026-05-22T09:12:05.451Z INFO  benchmark_client] Sending sample transaction 483
[2026-05-22T09:12:05.501Z INFO  benchmark_client] Sending sample transaction 484
[2026-05-22T09:12:05.552Z INFO  benchmark_client] Sending sample transaction 485
[2026-05-22T09:12:05.602Z INFO  benchmark_client] Sending sample transaction 486
[2026-05-22T09:12:05.652Z INFO  benchmark_client] Sending sample transaction 487
[2026-05-22T09:12:05.702Z INFO  benchmark_client] Sending sample transaction 488
[2026-05-22T09:12:05.752Z INFO  benchmark_client] Sending sample transaction 489
[2026-05-22T09:12:05.801Z INFO  benchmark_client] Sending sample transaction 490
[2026-05-22T09:12:05.852Z INFO  benchmark_client] Sending sample transaction 491
[2026-05-22T09:12:05.902Z INFO  benchmark_client] Sending sample transaction 492
[2026-05-22T09:12:05.951Z INFO  benchmark_client] Sending sample transaction 493
[2026-05-22T09:12:06.002Z INFO  benchmark_client] Sending sample transaction 494
[2026-05-22T09:12:06.052Z INFO  benchmark_client] Sending sample transaction 495
[2026-05-22T09:12:06.102Z INFO  benchmark_client] Sending sample transaction 496
[2026-05-22T09:12:06.151Z INFO  benchmark_client] Sending sample transaction 497
[2026-05-22T09:12:06.202Z INFO  benchmark_client] Sending sample transaction 498
[2026-05-22T09:12:06.251Z INFO  benchmark_client] Sending sample transaction 499
[2026-05-22T09:12:06.301Z INFO  benchmark_client] Sending sample transaction 500
[2026-05-22T09:12:06.351Z INFO  benchmark_client] Sending sample transaction 501
[2026-05-22T09:12:06.401Z INFO  benchmark_client] Sending sample transaction 502
[2026-05-22T09:12:06.451Z INFO  benchmark_client] Sending sample transaction 503
[2026-05-22T09:12:06.501Z INFO  benchmark_client] Sending sample transaction 504
[2026-05-22T09:12:06.551Z INFO  benchmark_client] Sending sample transaction 505
[2026-05-22T09:12:06.602Z INFO  benchmark_client] Sending sample transaction 506
[2026-05-22T09:12:06.651Z INFO  benchmark_client] Sending sample transaction 507
[2026-05-22T09:12:06.702Z INFO  benchmark_client] Sending sample transaction 508
[2026-05-22T09:12:06.751Z INFO  benchmark_client] Sending sample transaction 509
[2026-05-22T09:12:06.802Z INFO  benchmark_client] Sending sample transaction 510
[2026-05-22T09:12:06.852Z INFO  benchmark_client] Sending sample transaction 511
[2026-05-22T09:12:06.902Z INFO  benchmark_client] Sending sample transaction 512
[2026-05-22T09:12:06.952Z INFO  benchmark_client] Sending sample transaction 513
[2026-05-22T09:12:07.001Z INFO  benchmark_client] Sending sample transaction 514
[2026-05-22T09:12:07.053Z INFO  benchmark_client] Sending sample transaction 515
[2026-05-22T09:12:07.101Z INFO  benchmark_client] Sending sample transaction 516
[2026-05-22T09:12:07.152Z INFO  benchmark_client] Sending sample transaction 517
[2026-05-22T09:12:07.202Z INFO  benchmark_client] Sending sample transaction 518
[2026-05-22T09:12:07.252Z INFO  benchmark_client] Sending sample transaction 519
[2026-05-22T09:12:07.301Z INFO  benchmark_client] Sending sample transaction 520
[2026-05-22T09:12:07.351Z INFO  benchmark_client] Sending sample transaction 521
[2026-05-22T09:12:07.402Z INFO  benchmark_client] Sending sample transaction 522
[2026-05-22T09:12:07.452Z INFO  benchmark_client] Sending sample transaction 523
[2026-05-22T09:12:07.501Z INFO  benchmark_client] Sending sample transaction 524
[2026-05-22T09:12:07.551Z INFO  benchmark_client] Sending sample transaction 525
[2026-05-22T09:12:07.602Z INFO  benchmark_client] Sending sample transaction 526
[2026-05-22T09:12:07.652Z INFO  benchmark_client] Sending sample transaction 527
[2026-05-22T09:12:07.701Z INFO  benchmark_client] Sending sample transaction 528
[2026-05-22T09:12:07.752Z INFO  benchmark_client] Sending sample transaction 529
[2026-05-22T09:12:07.801Z INFO  benchmark_client] Sending sample transaction 530
[2026-05-22T09:12:07.851Z INFO  benchmark_client] Sending sample transaction 531
[2026-05-22T09:12:07.902Z INFO  benchmark_client] Sending sample transaction 532
[2026-05-22T09:12:07.952Z INFO  benchmark_client] Sending sample transaction 533
[2026-05-22T09:12:08.001Z INFO  benchmark_client] Sending sample transaction 534
[2026-05-22T09:12:08.052Z INFO  benchmark_client] Sending sample transaction 535
[2026-05-22T09:12:08.101Z INFO  benchmark_client] Sending sample transaction 536
[2026-05-22T09:12:08.152Z INFO  benchmark_client] Sending sample transaction 537
[2026-05-22T09:12:08.201Z INFO  benchmark_client] Sending sample transaction 538
[2026-05-22T09:12:08.251Z INFO  benchmark_client] Sending sample transaction 539
[2026-05-22T09:12:08.301Z INFO  benchmark_client] Sending sample transaction 540
[2026-05-22T09:12:08.352Z INFO  benchmark_client] Sending sample transaction 541
[2026-05-22T09:12:08.401Z INFO  benchmark_client] Sending sample transaction 542
[2026-05-22T09:12:08.451Z INFO  benchmark_client] Sending sample transaction 543
[2026-05-22T09:12:08.502Z INFO  benchmark_client] Sending sample transaction 544
[2026-05-22T09:12:08.552Z INFO  benchmark_client] Sending sample transaction 545
[2026-05-22T09:12:08.601Z INFO  benchmark_client] Sending sample transaction 546
[2026-05-22T09:12:08.651Z INFO  benchmark_client] Sending sample transaction 547
[2026-05-22T09:12:08.701Z INFO  benchmark_client] Sending sample transaction 548
[2026-05-22T09:12:08.751Z INFO  benchmark_client] Sending sample transaction 549
[2026-05-22T09:12:08.802Z INFO  benchmark_client] Sending sample transaction 550
[2026-05-22T09:12:08.851Z INFO  benchmark_client] Sending sample transaction 551
[2026-05-22T09:12:08.901Z INFO  benchmark_client] Sending sample transaction 552
[2026-05-22T09:12:08.952Z INFO  benchmark_client] Sending sample transaction 553
[2026-05-22T09:12:09.002Z INFO  benchmark_client] Sending sample transaction 554
[2026-05-22T09:12:09.052Z INFO  benchmark_client] Sending sample transaction 555
[2026-05-22T09:12:09.101Z INFO  benchmark_client] Sending sample transaction 556
[2026-05-22T09:12:09.151Z INFO  benchmark_client] Sending sample transaction 557
[2026-05-22T09:12:09.201Z INFO  benchmark_client] Sending sample transaction 558
[2026-05-22T09:12:09.251Z INFO  benchmark_client] Sending sample transaction 559
[2026-05-22T09:12:09.301Z INFO  benchmark_client] Sending sample transaction 560
[2026-05-22T09:12:09.352Z INFO  benchmark_client] Sending sample transaction 561
[2026-05-22T09:12:09.402Z INFO  benchmark_client] Sending sample transaction 562
[2026-05-22T09:12:09.452Z INFO  benchmark_client] Sending sample transaction 563
[2026-05-22T09:12:09.502Z INFO  benchmark_client] Sending sample transaction 564
[2026-05-22T09:12:09.552Z INFO  benchmark_client] Sending sample transaction 565
[2026-05-22T09:12:09.602Z INFO  benchmark_client] Sending sample transaction 566
[2026-05-22T09:12:09.651Z INFO  benchmark_client] Sending sample transaction 567
[2026-05-22T09:12:09.703Z INFO  benchmark_client] Sending sample transaction 568
[2026-05-22T09:12:09.752Z INFO  benchmark_client] Sending sample transaction 569
[2026-05-22T09:12:09.802Z INFO  benchmark_client] Sending sample transaction 570
[2026-05-22T09:12:09.851Z INFO  benchmark_client] Sending sample transaction 571
[2026-05-22T09:12:09.901Z INFO  benchmark_client] Sending sample transaction 572
[2026-05-22T09:12:09.951Z INFO  benchmark_client] Sending sample transaction 573
[2026-05-22T09:12:10.002Z INFO  benchmark_client] Sending sample transaction 574
[2026-05-22T09:12:10.051Z INFO  benchmark_client] Sending sample transaction 575
[2026-05-22T09:12:10.102Z INFO  benchmark_client] Sending sample transaction 576
[2026-05-22T09:12:10.151Z INFO  benchmark_client] Sending sample transaction 577
[2026-05-22T09:12:10.201Z INFO  benchmark_client] Sending sample transaction 578
[2026-05-22T09:12:10.252Z INFO  benchmark_client] Sending sample transaction 579
[2026-05-22T09:12:10.302Z INFO  benchmark_client] Sending sample transaction 580
[2026-05-22T09:12:10.351Z INFO  benchmark_client] Sending sample transaction 581
[2026-05-22T09:12:10.401Z INFO  benchmark_client] Sending sample transaction 582
[2026-05-22T09:12:10.451Z INFO  benchmark_client] Sending sample transaction 583
[2026-05-22T09:12:10.502Z INFO  benchmark_client] Sending sample transaction 584
[2026-05-22T09:12:10.551Z INFO  benchmark_client] Sending sample transaction 585
[2026-05-22T09:12:10.601Z INFO  benchmark_client] Sending sample transaction 586
[2026-05-22T09:12:10.651Z INFO  benchmark_client] Sending sample transaction 587
[2026-05-22T09:12:10.701Z INFO  benchmark_client] Sending sample transaction 588
[2026-05-22T09:12:10.751Z INFO  benchmark_client] Sending sample transaction 589
[2026-05-22T09:12:10.801Z INFO  benchmark_client] Sending sample transaction 590
[2026-05-22T09:12:10.852Z INFO  benchmark_client] Sending sample transaction 591
[2026-05-22T09:12:10.902Z INFO  benchmark_client] Sending sample transaction 592
[2026-05-22T09:12:10.952Z INFO  benchmark_client] Sending sample transaction 593
[2026-05-22T09:12:11.002Z INFO  benchmark_client] Sending sample transaction 594
[2026-05-22T09:12:11.051Z INFO  benchmark_client] Sending sample transaction 595
[2026-05-22T09:12:11.101Z INFO  benchmark_client] Sending sample transaction 596
[2026-05-22T09:12:11.152Z INFO  benchmark_client] Sending sample transaction 597
[2026-05-22T09:12:11.201Z INFO  benchmark_client] Sending sample transaction 598
[2026-05-22T09:12:11.252Z INFO  benchmark_client] Sending sample transaction 599
[2026-05-22T09:12:11.302Z INFO  benchmark_client] Sending sample transaction 600
[2026-05-22T09:12:11.352Z INFO  benchmark_client] Sending sample transaction 601
[2026-05-22T09:12:11.402Z INFO  benchmark_client] Sending sample transaction 602
[2026-05-22T09:12:11.451Z INFO  benchmark_client] Sending sample transaction 603
[2026-05-22T09:12:11.501Z INFO  benchmark_client] Sending sample transaction 604
[2026-05-22T09:12:11.551Z INFO  benchmark_client] Sending sample transaction 605
[2026-05-22T09:12:11.602Z INFO  benchmark_client] Sending sample transaction 606
[2026-05-22T09:12:11.652Z INFO  benchmark_client] Sending sample transaction 607
[2026-05-22T09:12:11.701Z INFO  benchmark_client] Sending sample transaction 608
[2026-05-22T09:12:11.751Z INFO  benchmark_client] Sending sample transaction 609
[2026-05-22T09:12:11.802Z INFO  benchmark_client] Sending sample transaction 610
[2026-05-22T09:12:11.852Z INFO  benchmark_client] Sending sample transaction 611
[2026-05-22T09:12:11.903Z INFO  benchmark_client] Sending sample transaction 612
[2026-05-22T09:12:11.952Z INFO  benchmark_client] Sending sample transaction 613
[2026-05-22T09:12:12.002Z INFO  benchmark_client] Sending sample transaction 614
[2026-05-22T09:12:12.051Z INFO  benchmark_client] Sending sample transaction 615
[2026-05-22T09:12:12.102Z INFO  benchmark_client] Sending sample transaction 616
[2026-05-22T09:12:12.152Z INFO  benchmark_client] Sending sample transaction 617
[2026-05-22T09:12:12.201Z INFO  benchmark_client] Sending sample transaction 618
[2026-05-22T09:12:12.251Z INFO  benchmark_client] Sending sample transaction 619
[2026-05-22T09:12:12.301Z INFO  benchmark_client] Sending sample transaction 620
[2026-05-22T09:12:12.351Z INFO  benchmark_client] Sending sample transaction 621
[2026-05-22T09:12:12.401Z INFO  benchmark_client] Sending sample transaction 622
[2026-05-22T09:12:12.451Z INFO  benchmark_client] Sending sample transaction 623
[2026-05-22T09:12:12.502Z INFO  benchmark_client] Sending sample transaction 624
[2026-05-22T09:12:12.552Z INFO  benchmark_client] Sending sample transaction 625
[2026-05-22T09:12:12.602Z INFO  benchmark_client] Sending sample transaction 626
[2026-05-22T09:12:12.652Z INFO  benchmark_client] Sending sample transaction 627
[2026-05-22T09:12:12.701Z INFO  benchmark_client] Sending sample transaction 628
[2026-05-22T09:12:12.752Z INFO  benchmark_client] Sending sample transaction 629
[2026-05-22T09:12:12.802Z INFO  benchmark_client] Sending sample transaction 630
[2026-05-22T09:12:12.851Z INFO  benchmark_client] Sending sample transaction 631
[2026-05-22T09:12:12.902Z INFO  benchmark_client] Sending sample transaction 632
[2026-05-22T09:12:12.952Z INFO  benchmark_client] Sending sample transaction 633
[2026-05-22T09:12:13.002Z INFO  benchmark_client] Sending sample transaction 634
[2026-05-22T09:12:13.052Z INFO  benchmark_client] Sending sample transaction 635
[2026-05-22T09:12:13.102Z INFO  benchmark_client] Sending sample transaction 636
[2026-05-22T09:12:13.152Z INFO  benchmark_client] Sending sample transaction 637
[2026-05-22T09:12:13.202Z INFO  benchmark_client] Sending sample transaction 638
[2026-05-22T09:12:13.252Z INFO  benchmark_client] Sending sample transaction 639
[2026-05-22T09:12:13.301Z INFO  benchmark_client] Sending sample transaction 640
[2026-05-22T09:12:13.352Z INFO  benchmark_client] Sending sample transaction 641
[2026-05-22T09:12:13.401Z INFO  benchmark_client] Sending sample transaction 642
[2026-05-22T09:12:13.451Z INFO  benchmark_client] Sending sample transaction 643
[2026-05-22T09:12:13.501Z INFO  benchmark_client] Sending sample transaction 644
[2026-05-22T09:12:13.552Z INFO  benchmark_client] Sending sample transaction 645
[2026-05-22T09:12:13.602Z INFO  benchmark_client] Sending sample transaction 646
[2026-05-22T09:12:13.653Z INFO  benchmark_client] Sending sample transaction 647
[2026-05-22T09:12:13.702Z INFO  benchmark_client] Sending sample transaction 648
[2026-05-22T09:12:13.752Z INFO  benchmark_client] Sending sample transaction 649
[2026-05-22T09:12:13.802Z INFO  benchmark_client] Sending sample transaction 650
[2026-05-22T09:12:13.852Z INFO  benchmark_client] Sending sample transaction 651
[2026-05-22T09:12:13.902Z INFO  benchmark_client] Sending sample transaction 652
[2026-05-22T09:12:13.952Z INFO  benchmark_client] Sending sample transaction 653
[2026-05-22T09:12:14.002Z INFO  benchmark_client] Sending sample transaction 654
[2026-05-22T09:12:14.052Z INFO  benchmark_client] Sending sample transaction 655
[2026-05-22T09:12:14.102Z INFO  benchmark_client] Sending sample transaction 656
[2026-05-22T09:12:14.152Z INFO  benchmark_client] Sending sample transaction 657
[2026-05-22T09:12:14.202Z INFO  benchmark_client] Sending sample transaction 658
[2026-05-22T09:12:14.252Z INFO  benchmark_client] Sending sample transaction 659
[2026-05-22T09:12:14.302Z INFO  benchmark_client] Sending sample transaction 660
[2026-05-22T09:12:14.352Z INFO  benchmark_client] Sending sample transaction 661
[2026-05-22T09:12:14.402Z INFO  benchmark_client] Sending sample transaction 662
[2026-05-22T09:12:14.452Z INFO  benchmark_client] Sending sample transaction 663
[2026-05-22T09:12:14.502Z INFO  benchmark_client] Sending sample transaction 664
[2026-05-22T09:12:14.552Z INFO  benchmark_client] Sending sample transaction 665
[2026-05-22T09:12:14.601Z INFO  benchmark_client] Sending sample transaction 666
[2026-05-22T09:12:14.651Z INFO  benchmark_client] Sending sample transaction 667
[2026-05-22T09:12:14.701Z INFO  benchmark_client] Sending sample transaction 668
[2026-05-22T09:12:14.751Z INFO  benchmark_client] Sending sample transaction 669
[2026-05-22T09:12:14.802Z INFO  benchmark_client] Sending sample transaction 670
[2026-05-22T09:12:14.851Z INFO  benchmark_client] Sending sample transaction 671
[2026-05-22T09:12:14.901Z INFO  benchmark_client] Sending sample transaction 672
[2026-05-22T09:12:14.951Z INFO  benchmark_client] Sending sample transaction 673
[2026-05-22T09:12:15.001Z INFO  benchmark_client] Sending sample transaction 674
[2026-05-22T09:12:15.053Z INFO  benchmark_client] Sending sample transaction 675
[2026-05-22T09:12:15.101Z INFO  benchmark_client] Sending sample transaction 676
[2026-05-22T09:12:15.151Z INFO  benchmark_client] Sending sample transaction 677
[2026-05-22T09:12:15.201Z INFO  benchmark_client] Sending sample transaction 678
[2026-05-22T09:12:15.251Z INFO  benchmark_client] Sending sample transaction 679
[2026-05-22T09:12:15.301Z INFO  benchmark_client] Sending sample transaction 680
[2026-05-22T09:12:15.351Z INFO  benchmark_client] Sending sample transaction 681
[2026-05-22T09:12:15.401Z INFO  benchmark_client] Sending sample transaction 682
[2026-05-22T09:12:15.452Z INFO  benchmark_client] Sending sample transaction 683
[2026-05-22T09:12:15.501Z INFO  benchmark_client] Sending sample transaction 684
[2026-05-22T09:12:15.551Z INFO  benchmark_client] Sending sample transaction 685
[2026-05-22T09:12:15.601Z INFO  benchmark_client] Sending sample transaction 686
[2026-05-22T09:12:15.651Z INFO  benchmark_client] Sending sample transaction 687
[2026-05-22T09:12:15.703Z INFO  benchmark_client] Sending sample transaction 688
[2026-05-22T09:12:15.751Z INFO  benchmark_client] Sending sample transaction 689
[2026-05-22T09:12:15.802Z INFO  benchmark_client] Sending sample transaction 690
[2026-05-22T09:12:15.851Z INFO  benchmark_client] Sending sample transaction 691
[2026-05-22T09:12:15.901Z INFO  benchmark_client] Sending sample transaction 692
[2026-05-22T09:12:15.951Z INFO  benchmark_client] Sending sample transaction 693
[2026-05-22T09:12:16.001Z INFO  benchmark_client] Sending sample transaction 694
[2026-05-22T09:12:16.052Z INFO  benchmark_client] Sending sample transaction 695
[2026-05-22T09:12:16.101Z INFO  benchmark_client] Sending sample transaction 696
[2026-05-22T09:12:16.151Z INFO  benchmark_client] Sending sample transaction 697
[2026-05-22T09:12:16.201Z INFO  benchmark_client] Sending sample transaction 698
[2026-05-22T09:12:16.251Z INFO  benchmark_client] Sending sample transaction 699
[2026-05-22T09:12:16.303Z INFO  benchmark_client] Sending sample transaction 700
[2026-05-22T09:12:16.351Z INFO  benchmark_client] Sending sample transaction 701
[2026-05-22T09:12:16.401Z INFO  benchmark_client] Sending sample transaction 702
[2026-05-22T09:12:16.451Z INFO  benchmark_client] Sending sample transaction 703
[2026-05-22T09:12:16.501Z INFO  benchmark_client] Sending sample transaction 704
[2026-05-22T09:12:16.551Z INFO  benchmark_client] Sending sample transaction 705
[2026-05-22T09:12:16.601Z INFO  benchmark_client] Sending sample transaction 706
[2026-05-22T09:12:16.651Z INFO  benchmark_client] Sending sample transaction 707
[2026-05-22T09:12:16.701Z INFO  benchmark_client] Sending sample transaction 708
[2026-05-22T09:12:16.751Z INFO  benchmark_client] Sending sample transaction 709
[2026-05-22T09:12:16.801Z INFO  benchmark_client] Sending sample transaction 710
[2026-05-22T09:12:16.851Z INFO  benchmark_client] Sending sample transaction 711
[2026-05-22T09:12:16.901Z INFO  benchmark_client] Sending sample transaction 712
[2026-05-22T09:12:16.951Z INFO  benchmark_client] Sending sample transaction 713
[2026-05-22T09:12:17.002Z INFO  benchmark_client] Sending sample transaction 714
[2026-05-22T09:12:17.051Z INFO  benchmark_client] Sending sample transaction 715
[2026-05-22T09:12:17.101Z INFO  benchmark_client] Sending sample transaction 716
[2026-05-22T09:12:17.152Z INFO  benchmark_client] Sending sample transaction 717
[2026-05-22T09:12:17.201Z INFO  benchmark_client] Sending sample transaction 718
[2026-05-22T09:12:17.252Z INFO  benchmark_client] Sending sample transaction 719
[2026-05-22T09:12:17.301Z INFO  benchmark_client] Sending sample transaction 720
[2026-05-22T09:12:17.351Z INFO  benchmark_client] Sending sample transaction 721
[2026-05-22T09:12:17.401Z INFO  benchmark_client] Sending sample transaction 722
[2026-05-22T09:12:17.451Z INFO  benchmark_client] Sending sample transaction 723
[2026-05-22T09:12:17.501Z INFO  benchmark_client] Sending sample transaction 724
[2026-05-22T09:12:17.551Z INFO  benchmark_client] Sending sample transaction 725
[2026-05-22T09:12:17.601Z INFO  benchmark_client] Sending sample transaction 726
[2026-05-22T09:12:17.652Z INFO  benchmark_client] Sending sample transaction 727
[2026-05-22T09:12:17.701Z INFO  benchmark_client] Sending sample transaction 728
[2026-05-22T09:12:17.751Z INFO  benchmark_client] Sending sample transaction 729
[2026-05-22T09:12:17.802Z INFO  benchmark_client] Sending sample transaction 730
[2026-05-22T09:12:17.852Z INFO  benchmark_client] Sending sample transaction 731
[2026-05-22T09:12:17.901Z INFO  benchmark_client] Sending sample transaction 732
[2026-05-22T09:12:17.952Z INFO  benchmark_client] Sending sample transaction 733
[2026-05-22T09:12:18.002Z INFO  benchmark_client] Sending sample transaction 734
[2026-05-22T09:12:18.051Z INFO  benchmark_client] Sending sample transaction 735
[2026-05-22T09:12:18.101Z INFO  benchmark_client] Sending sample transaction 736
[2026-05-22T09:12:18.151Z INFO  benchmark_client] Sending sample transaction 737
[2026-05-22T09:12:18.201Z INFO  benchmark_client] Sending sample transaction 738
[2026-05-22T09:12:18.251Z INFO  benchmark_client] Sending sample transaction 739
[2026-05-22T09:12:18.301Z INFO  benchmark_client] Sending sample transaction 740
[2026-05-22T09:12:18.351Z INFO  benchmark_client] Sending sample transaction 741
[2026-05-22T09:12:18.401Z INFO  benchmark_client] Sending sample transaction 742
[2026-05-22T09:12:18.451Z INFO  benchmark_client] Sending sample transaction 743
[2026-05-22T09:12:18.501Z INFO  benchmark_client] Sending sample transaction 744
[2026-05-22T09:12:18.551Z INFO  benchmark_client] Sending sample transaction 745
[2026-05-22T09:12:18.602Z INFO  benchmark_client] Sending sample transaction 746
[2026-05-22T09:12:18.651Z INFO  benchmark_client] Sending sample transaction 747
[2026-05-22T09:12:18.701Z INFO  benchmark_client] Sending sample transaction 748
[2026-05-22T09:12:18.751Z INFO  benchmark_client] Sending sample transaction 749
[2026-05-22T09:12:18.801Z INFO  benchmark_client] Sending sample transaction 750
[2026-05-22T09:12:18.851Z INFO  benchmark_client] Sending sample transaction 751
[2026-05-22T09:12:18.902Z INFO  benchmark_client] Sending sample transaction 752
[2026-05-22T09:12:18.951Z INFO  benchmark_client] Sending sample transaction 753
[2026-05-22T09:12:19.001Z INFO  benchmark_client] Sending sample transaction 754
[2026-05-22T09:12:19.052Z INFO  benchmark_client] Sending sample transaction 755
[2026-05-22T09:12:19.102Z INFO  benchmark_client] Sending sample transaction 756
[2026-05-22T09:12:19.152Z INFO  benchmark_client] Sending sample transaction 757
[2026-05-22T09:12:19.202Z INFO  benchmark_client] Sending sample transaction 758
[2026-05-22T09:12:19.251Z INFO  benchmark_client] Sending sample transaction 759
[2026-05-22T09:12:19.301Z INFO  benchmark_client] Sending sample transaction 760
[2026-05-22T09:12:19.351Z INFO  benchmark_client] Sending sample transaction 761
[2026-05-22T09:12:19.401Z INFO  benchmark_client] Sending sample transaction 762
[2026-05-22T09:12:19.452Z INFO  benchmark_client] Sending sample transaction 763
[2026-05-22T09:12:19.501Z INFO  benchmark_client] Sending sample transaction 764
[2026-05-22T09:12:19.551Z INFO  benchmark_client] Sending sample transaction 765
[2026-05-22T09:12:19.601Z INFO  benchmark_client] Sending sample transaction 766
[2026-05-22T09:12:19.651Z INFO  benchmark_client] Sending sample transaction 767
[2026-05-22T09:12:19.702Z INFO  benchmark_client] Sending sample transaction 768
[2026-05-22T09:12:19.751Z INFO  benchmark_client] Sending sample transaction 769
[2026-05-22T09:12:19.802Z INFO  benchmark_client] Sending sample transaction 770
[2026-05-22T09:12:19.852Z INFO  benchmark_client] Sending sample transaction 771
[2026-05-22T09:12:19.901Z INFO  benchmark_client] Sending sample transaction 772
[2026-05-22T09:12:19.951Z INFO  benchmark_client] Sending sample transaction 773
[2026-05-22T09:12:20.001Z INFO  benchmark_client] Sending sample transaction 774
[2026-05-22T09:12:20.051Z INFO  benchmark_client] Sending sample transaction 775
[2026-05-22T09:12:20.101Z INFO  benchmark_client] Sending sample transaction 776
[2026-05-22T09:12:20.151Z INFO  benchmark_client] Sending sample transaction 777
[2026-05-22T09:12:20.201Z INFO  benchmark_client] Sending sample transaction 778
[2026-05-22T09:12:20.254Z INFO  benchmark_client] Sending sample transaction 779
[2026-05-22T09:12:20.301Z INFO  benchmark_client] Sending sample transaction 780
[2026-05-22T09:12:20.351Z INFO  benchmark_client] Sending sample transaction 781
[2026-05-22T09:12:20.402Z INFO  benchmark_client] Sending sample transaction 782
[2026-05-22T09:12:20.451Z INFO  benchmark_client] Sending sample transaction 783
[2026-05-22T09:12:20.501Z INFO  benchmark_client] Sending sample transaction 784
[2026-05-22T09:12:20.551Z INFO  benchmark_client] Sending sample transaction 785
[2026-05-22T09:12:20.601Z INFO  benchmark_client] Sending sample transaction 786
[2026-05-22T09:12:20.651Z INFO  benchmark_client] Sending sample transaction 787
[2026-05-22T09:12:20.701Z INFO  benchmark_client] Sending sample transaction 788
[2026-05-22T09:12:20.752Z INFO  benchmark_client] Sending sample transaction 789
[2026-05-22T09:12:20.801Z INFO  benchmark_client] Sending sample transaction 790
[2026-05-22T09:12:20.851Z INFO  benchmark_client] Sending sample transaction 791
[2026-05-22T09:12:20.901Z INFO  benchmark_client] Sending sample transaction 792
[2026-05-22T09:12:20.951Z INFO  benchmark_client] Sending sample transaction 793
[2026-05-22T09:12:21.001Z INFO  benchmark_client] Sending sample transaction 794
[2026-05-22T09:12:21.052Z INFO  benchmark_client] Sending sample transaction 795
[2026-05-22T09:12:21.102Z INFO  benchmark_client] Sending sample transaction 796
[2026-05-22T09:12:21.152Z INFO  benchmark_client] Sending sample transaction 797
[2026-05-22T09:12:21.201Z INFO  benchmark_client] Sending sample transaction 798
[2026-05-22T09:12:21.252Z INFO  benchmark_client] Sending sample transaction 799
[2026-05-22T09:12:21.301Z INFO  benchmark_client] Sending sample transaction 800
[2026-05-22T09:12:21.352Z INFO  benchmark_client] Sending sample transaction 801
[2026-05-22T09:12:21.401Z INFO  benchmark_client] Sending sample transaction 802
[2026-05-22T09:12:21.451Z INFO  benchmark_client] Sending sample transaction 803
[2026-05-22T09:12:21.501Z INFO  benchmark_client] Sending sample transaction 804
[2026-05-22T09:12:21.552Z INFO  benchmark_client] Sending sample transaction 805
[2026-05-22T09:12:21.602Z INFO  benchmark_client] Sending sample transaction 806
[2026-05-22T09:12:21.652Z INFO  benchmark_client] Sending sample transaction 807
[2026-05-22T09:12:21.702Z INFO  benchmark_client] Sending sample transaction 808
[2026-05-22T09:12:21.752Z INFO  benchmark_client] Sending sample transaction 809
[2026-05-22T09:12:21.802Z INFO  benchmark_client] Sending sample transaction 810
[2026-05-22T09:12:21.851Z INFO  benchmark_client] Sending sample transaction 811
[2026-05-22T09:12:21.902Z INFO  benchmark_client] Sending sample transaction 812
[2026-05-22T09:12:21.951Z INFO  benchmark_client] Sending sample transaction 813
[2026-05-22T09:12:22.001Z INFO  benchmark_client] Sending sample transaction 814
[2026-05-22T09:12:22.051Z INFO  benchmark_client] Sending sample transaction 815
[2026-05-22T09:12:22.101Z INFO  benchmark_client] Sending sample transaction 816
[2026-05-22T09:12:22.152Z INFO  benchmark_client] Sending sample transaction 817
[2026-05-22T09:12:22.201Z INFO  benchmark_client] Sending sample transaction 818
[2026-05-22T09:12:22.252Z INFO  benchmark_client] Sending sample transaction 819
[2026-05-22T09:12:22.301Z INFO  benchmark_client] Sending sample transaction 820
[2026-05-22T09:12:22.351Z INFO  benchmark_client] Sending sample transaction 821
[2026-05-22T09:12:22.401Z INFO  benchmark_client] Sending sample transaction 822
[2026-05-22T09:12:22.452Z INFO  benchmark_client] Sending sample transaction 823
[2026-05-22T09:12:22.502Z INFO  benchmark_client] Sending sample transaction 824
[2026-05-22T09:12:22.551Z INFO  benchmark_client] Sending sample transaction 825
[2026-05-22T09:12:22.602Z INFO  benchmark_client] Sending sample transaction 826
[2026-05-22T09:12:22.652Z INFO  benchmark_client] Sending sample transaction 827
[2026-05-22T09:12:22.702Z INFO  benchmark_client] Sending sample transaction 828
[2026-05-22T09:12:22.752Z INFO  benchmark_client] Sending sample transaction 829
[2026-05-22T09:12:22.802Z INFO  benchmark_client] Sending sample transaction 830
[2026-05-22T09:12:22.851Z INFO  benchmark_client] Sending sample transaction 831
[2026-05-22T09:12:22.902Z INFO  benchmark_client] Sending sample transaction 832
[2026-05-22T09:12:22.952Z INFO  benchmark_client] Sending sample transaction 833
[2026-05-22T09:12:23.001Z INFO  benchmark_client] Sending sample transaction 834
[2026-05-22T09:12:23.052Z INFO  benchmark_client] Sending sample transaction 835
[2026-05-22T09:12:23.102Z INFO  benchmark_client] Sending sample transaction 836
[2026-05-22T09:12:23.151Z INFO  benchmark_client] Sending sample transaction 837
[2026-05-22T09:12:23.202Z INFO  benchmark_client] Sending sample transaction 838
[2026-05-22T09:12:23.251Z INFO  benchmark_client] Sending sample transaction 839
[2026-05-22T09:12:23.301Z INFO  benchmark_client] Sending sample transaction 840
[2026-05-22T09:12:23.351Z INFO  benchmark_client] Sending sample transaction 841
[2026-05-22T09:12:23.401Z INFO  benchmark_client] Sending sample transaction 842
[2026-05-22T09:12:23.451Z INFO  benchmark_client] Sending sample transaction 843
[2026-05-22T09:12:23.501Z INFO  benchmark_client] Sending sample transaction 844
[2026-05-22T09:12:23.551Z INFO  benchmark_client] Sending sample transaction 845
[2026-05-22T09:12:23.601Z INFO  benchmark_client] Sending sample transaction 846
[2026-05-22T09:12:23.651Z INFO  benchmark_client] Sending sample transaction 847
[2026-05-22T09:12:23.701Z INFO  benchmark_client] Sending sample transaction 848
[2026-05-22T09:12:23.751Z INFO  benchmark_client] Sending sample transaction 849
[2026-05-22T09:12:23.801Z INFO  benchmark_client] Sending sample transaction 850
[2026-05-22T09:12:23.852Z INFO  benchmark_client] Sending sample transaction 851
[2026-05-22T09:12:23.902Z INFO  benchmark_client] Sending sample transaction 852
[2026-05-22T09:12:23.951Z INFO  benchmark_client] Sending sample transaction 853
[2026-05-22T09:12:24.003Z INFO  benchmark_client] Sending sample transaction 854
[2026-05-22T09:12:24.052Z INFO  benchmark_client] Sending sample transaction 855
[2026-05-22T09:12:24.102Z INFO  benchmark_client] Sending sample transaction 856
[2026-05-22T09:12:24.152Z INFO  benchmark_client] Sending sample transaction 857
[2026-05-22T09:12:24.203Z INFO  benchmark_client] Sending sample transaction 858
[2026-05-22T09:12:24.251Z INFO  benchmark_client] Sending sample transaction 859
[2026-05-22T09:12:24.301Z INFO  benchmark_client] Sending sample transaction 860
[2026-05-22T09:12:24.352Z INFO  benchmark_client] Sending sample transaction 861
[2026-05-22T09:12:24.402Z INFO  benchmark_client] Sending sample transaction 862
[2026-05-22T09:12:24.451Z INFO  benchmark_client] Sending sample transaction 863
[2026-05-22T09:12:24.502Z INFO  benchmark_client] Sending sample transaction 864
[2026-05-22T09:12:24.552Z INFO  benchmark_client] Sending sample transaction 865
[2026-05-22T09:12:24.603Z INFO  benchmark_client] Sending sample transaction 866
[2026-05-22T09:12:24.652Z INFO  benchmark_client] Sending sample transaction 867
[2026-05-22T09:12:24.702Z INFO  benchmark_client] Sending sample transaction 868
[2026-05-22T09:12:24.751Z INFO  benchmark_client] Sending sample transaction 869
[2026-05-22T09:12:24.801Z INFO  benchmark_client] Sending sample transaction 870
[2026-05-22T09:12:24.851Z INFO  benchmark_client] Sending sample transaction 871
[2026-05-22T09:12:24.901Z INFO  benchmark_client] Sending sample transaction 872
[2026-05-22T09:12:24.951Z INFO  benchmark_client] Sending sample transaction 873
[2026-05-22T09:12:25.001Z INFO  benchmark_client] Sending sample transaction 874
[2026-05-22T09:12:25.051Z INFO  benchmark_client] Sending sample transaction 875
[2026-05-22T09:12:25.102Z INFO  benchmark_client] Sending sample transaction 876
[2026-05-22T09:12:25.151Z INFO  benchmark_client] Sending sample transaction 877
[2026-05-22T09:12:25.201Z INFO  benchmark_client] Sending sample transaction 878
[2026-05-22T09:12:25.252Z INFO  benchmark_client] Sending sample transaction 879
[2026-05-22T09:12:25.302Z INFO  benchmark_client] Sending sample transaction 880
[2026-05-22T09:12:25.351Z INFO  benchmark_client] Sending sample transaction 881
[2026-05-22T09:12:25.401Z INFO  benchmark_client] Sending sample transaction 882
[2026-05-22T09:12:25.451Z INFO  benchmark_client] Sending sample transaction 883
[2026-05-22T09:12:25.502Z INFO  benchmark_client] Sending sample transaction 884
[2026-05-22T09:12:25.552Z INFO  benchmark_client] Sending sample transaction 885
[2026-05-22T09:12:25.601Z INFO  benchmark_client] Sending sample transaction 886
[2026-05-22T09:12:25.652Z INFO  benchmark_client] Sending sample transaction 887
[2026-05-22T09:12:25.702Z INFO  benchmark_client] Sending sample transaction 888
[2026-05-22T09:12:25.751Z INFO  benchmark_client] Sending sample transaction 889
[2026-05-22T09:12:25.802Z INFO  benchmark_client] Sending sample transaction 890
[2026-05-22T09:12:25.851Z INFO  benchmark_client] Sending sample transaction 891
[2026-05-22T09:12:25.902Z INFO  benchmark_client] Sending sample transaction 892
[2026-05-22T09:12:25.951Z INFO  benchmark_client] Sending sample transaction 893
[2026-05-22T09:12:26.001Z INFO  benchmark_client] Sending sample transaction 894
