[2026-05-22T09:11:42.447Z INFO  benchmark_client] Node address: 34.79.153.233:5028
[2026-05-22T09:11:42.447Z INFO  benchmark_client] Transactions size: 512 B
[2026-05-22T09:11:42.447Z INFO  benchmark_client] Transactions rate: 6667 tx/s
[2026-05-22T09:11:42.447Z INFO  benchmark_client] Waiting for all nodes to be online...
[2026-05-22T09:11:42.748Z INFO  benchmark_client] Start sending transactions
[2026-05-22T09:11:42.750Z INFO  benchmark_client] Sending sample transaction 0
[2026-05-22T09:11:42.800Z INFO  benchmark_client] Sending sample transaction 1
[2026-05-22T09:11:42.850Z INFO  benchmark_client] Sending sample transaction 2
[2026-05-22T09:11:42.900Z INFO  benchmark_client] Sending sample transaction 3
[2026-05-22T09:11:42.950Z INFO  benchmark_client] Sending sample transaction 4
[2026-05-22T09:11:43.000Z INFO  benchmark_client] Sending sample transaction 5
[2026-05-22T09:11:43.050Z INFO  benchmark_client] Sending sample transaction 6
[2026-05-22T09:11:43.099Z INFO  benchmark_client] Sending sample transaction 7
[2026-05-22T09:11:43.150Z INFO  benchmark_client] Sending sample transaction 8
[2026-05-22T09:11:43.200Z INFO  benchmark_client] Sending sample transaction 9
[2026-05-22T09:11:43.249Z INFO  benchmark_client] Sending sample transaction 10
[2026-05-22T09:11:43.299Z INFO  benchmark_client] Sending sample transaction 11
[2026-05-22T09:11:43.350Z INFO  benchmark_client] Sending sample transaction 12
[2026-05-22T09:11:43.399Z INFO  benchmark_client] Sending sample transaction 13
[2026-05-22T09:11:43.450Z INFO  benchmark_client] Sending sample transaction 14
[2026-05-22T09:11:43.500Z INFO  benchmark_client] Sending sample transaction 15
[2026-05-22T09:11:43.550Z INFO  benchmark_client] Sending sample transaction 16
[2026-05-22T09:11:43.600Z INFO  benchmark_client] Sending sample transaction 17
[2026-05-22T09:11:43.650Z INFO  benchmark_client] Sending sample transaction 18
[2026-05-22T09:11:43.700Z INFO  benchmark_client] Sending sample transaction 19
[2026-05-22T09:11:43.750Z INFO  benchmark_client] Sending sample transaction 20
[2026-05-22T09:11:43.800Z INFO  benchmark_client] Sending sample transaction 21
[2026-05-22T09:11:43.850Z INFO  benchmark_client] Sending sample transaction 22
[2026-05-22T09:11:43.900Z INFO  benchmark_client] Sending sample transaction 23
[2026-05-22T09:11:43.949Z INFO  benchmark_client] Sending sample transaction 24
[2026-05-22T09:11:43.999Z INFO  benchmark_client] Sending sample transaction 25
[2026-05-22T09:11:44.050Z INFO  benchmark_client] Sending sample transaction 26
[2026-05-22T09:11:44.100Z INFO  benchmark_client] Sending sample transaction 27
[2026-05-22T09:11:44.149Z INFO  benchmark_client] Sending sample transaction 28
[2026-05-22T09:11:44.201Z INFO  benchmark_client] Sending sample transaction 29
[2026-05-22T09:11:44.250Z INFO  benchmark_client] Sending sample transaction 30
[2026-05-22T09:11:44.300Z INFO  benchmark_client] Sending sample transaction 31
[2026-05-22T09:11:44.349Z INFO  benchmark_client] Sending sample transaction 32
[2026-05-22T09:11:44.400Z INFO  benchmark_client] Sending sample transaction 33
[2026-05-22T09:11:44.450Z INFO  benchmark_client] Sending sample transaction 34
[2026-05-22T09:11:44.500Z INFO  benchmark_client] Sending sample transaction 35
[2026-05-22T09:11:44.549Z INFO  benchmark_client] Sending sample transaction 36
[2026-05-22T09:11:44.600Z INFO  benchmark_client] Sending sample transaction 37
[2026-05-22T09:11:44.650Z INFO  benchmark_client] Sending sample transaction 38
[2026-05-22T09:11:44.700Z INFO  benchmark_client] Sending sample transaction 39
[2026-05-22T09:11:44.750Z INFO  benchmark_client] Sending sample transaction 40
[2026-05-22T09:11:44.800Z INFO  benchmark_client] Sending sample transaction 41
[2026-05-22T09:11:44.849Z INFO  benchmark_client] Sending sample transaction 42
[2026-05-22T09:11:44.900Z INFO  benchmark_client] Sending sample transaction 43
[2026-05-22T09:11:44.949Z INFO  benchmark_client] Sending sample transaction 44
[2026-05-22T09:11:45.000Z INFO  benchmark_client] Sending sample transaction 45
[2026-05-22T09:11:45.050Z INFO  benchmark_client] Sending sample transaction 46
[2026-05-22T09:11:45.100Z INFO  benchmark_client] Sending sample transaction 47
[2026-05-22T09:11:45.149Z INFO  benchmark_client] Sending sample transaction 48
[2026-05-22T09:11:45.200Z INFO  benchmark_client] Sending sample transaction 49
[2026-05-22T09:11:45.249Z INFO  benchmark_client] Sending sample transaction 50
[2026-05-22T09:11:45.299Z INFO  benchmark_client] Sending sample transaction 51
[2026-05-22T09:11:45.349Z INFO  benchmark_client] Sending sample transaction 52
[2026-05-22T09:11:45.400Z INFO  benchmark_client] Sending sample transaction 53
[2026-05-22T09:11:45.449Z INFO  benchmark_client] Sending sample transaction 54
[2026-05-22T09:11:45.499Z INFO  benchmark_client] Sending sample transaction 55
[2026-05-22T09:11:45.551Z INFO  benchmark_client] Sending sample transaction 56
[2026-05-22T09:11:45.600Z INFO  benchmark_client] Sending sample transaction 57
[2026-05-22T09:11:45.650Z INFO  benchmark_client] Sending sample transaction 58
[2026-05-22T09:11:45.700Z INFO  benchmark_client] Sending sample transaction 59
[2026-05-22T09:11:45.750Z INFO  benchmark_client] Sending sample transaction 60
[2026-05-22T09:11:45.800Z INFO  benchmark_client] Sending sample transaction 61
[2026-05-22T09:11:45.850Z INFO  benchmark_client] Sending sample transaction 62
[2026-05-22T09:11:45.900Z INFO  benchmark_client] Sending sample transaction 63
[2026-05-22T09:11:45.950Z INFO  benchmark_client] Sending sample transaction 64
[2026-05-22T09:11:46.000Z INFO  benchmark_client] Sending sample transaction 65
[2026-05-22T09:11:46.050Z INFO  benchmark_client] Sending sample transaction 66
[2026-05-22T09:11:46.100Z INFO  benchmark_client] Sending sample transaction 67
[2026-05-22T09:11:46.149Z INFO  benchmark_client] Sending sample transaction 68
[2026-05-22T09:11:46.200Z INFO  benchmark_client] Sending sample transaction 69
[2026-05-22T09:11:46.250Z INFO  benchmark_client] Sending sample transaction 70
[2026-05-22T09:11:46.300Z INFO  benchmark_client] Sending sample transaction 71
[2026-05-22T09:11:46.349Z INFO  benchmark_client] Sending sample transaction 72
[2026-05-22T09:11:46.400Z INFO  benchmark_client] Sending sample transaction 73
[2026-05-22T09:11:46.449Z INFO  benchmark_client] Sending sample transaction 74
[2026-05-22T09:11:46.500Z INFO  benchmark_client] Sending sample transaction 75
[2026-05-22T09:11:46.550Z INFO  benchmark_client] Sending sample transaction 76
[2026-05-22T09:11:46.599Z INFO  benchmark_client] Sending sample transaction 77
[2026-05-22T09:11:46.649Z INFO  benchmark_client] Sending sample transaction 78
[2026-05-22T09:11:46.699Z INFO  benchmark_client] Sending sample transaction 79
[2026-05-22T09:11:46.750Z INFO  benchmark_client] Sending sample transaction 80
[2026-05-22T09:11:46.800Z INFO  benchmark_client] Sending sample transaction 81
[2026-05-22T09:11:46.850Z INFO  benchmark_client] Sending sample transaction 82
[2026-05-22T09:11:46.900Z INFO  benchmark_client] Sending sample transaction 83
[2026-05-22T09:11:46.950Z INFO  benchmark_client] Sending sample transaction 84
[2026-05-22T09:11:47.000Z INFO  benchmark_client] Sending sample transaction 85
[2026-05-22T09:11:47.050Z INFO  benchmark_client] Sending sample transaction 86
[2026-05-22T09:11:47.100Z INFO  benchmark_client] Sending sample transaction 87
[2026-05-22T09:11:47.150Z INFO  benchmark_client] Sending sample transaction 88
[2026-05-22T09:11:47.200Z INFO  benchmark_client] Sending sample transaction 89
[2026-05-22T09:11:47.250Z INFO  benchmark_client] Sending sample transaction 90
[2026-05-22T09:11:47.300Z INFO  benchmark_client] Sending sample transaction 91
[2026-05-22T09:11:47.350Z INFO  benchmark_client] Sending sample transaction 92
[2026-05-22T09:11:47.403Z INFO  benchmark_client] Sending sample transaction 93
[2026-05-22T09:11:47.449Z INFO  benchmark_client] Sending sample transaction 94
[2026-05-22T09:11:47.500Z INFO  benchmark_client] Sending sample transaction 95
[2026-05-22T09:11:47.550Z INFO  benchmark_client] Sending sample transaction 96
[2026-05-22T09:11:47.599Z INFO  benchmark_client] Sending sample transaction 97
[2026-05-22T09:11:47.650Z INFO  benchmark_client] Sending sample transaction 98
[2026-05-22T09:11:47.700Z INFO  benchmark_client] Sending sample transaction 99
[2026-05-22T09:11:47.750Z INFO  benchmark_client] Sending sample transaction 100
[2026-05-22T09:11:47.800Z INFO  benchmark_client] Sending sample transaction 101
[2026-05-22T09:11:47.850Z INFO  benchmark_client] Sending sample transaction 102
[2026-05-22T09:11:47.900Z INFO  benchmark_client] Sending sample transaction 103
[2026-05-22T09:11:47.950Z INFO  benchmark_client] Sending sample transaction 104
[2026-05-22T09:11:47.999Z INFO  benchmark_client] Sending sample transaction 105
[2026-05-22T09:11:48.049Z INFO  benchmark_client] Sending sample transaction 106
[2026-05-22T09:11:48.099Z INFO  benchmark_client] Sending sample transaction 107
[2026-05-22T09:11:48.149Z INFO  benchmark_client] Sending sample transaction 108
[2026-05-22T09:11:48.200Z INFO  benchmark_client] Sending sample transaction 109
[2026-05-22T09:11:48.249Z INFO  benchmark_client] Sending sample transaction 110
[2026-05-22T09:11:48.299Z INFO  benchmark_client] Sending sample transaction 111
[2026-05-22T09:11:48.349Z INFO  benchmark_client] Sending sample transaction 112
[2026-05-22T09:11:48.399Z INFO  benchmark_client] Sending sample transaction 113
[2026-05-22T09:11:48.449Z INFO  benchmark_client] Sending sample transaction 114
[2026-05-22T09:11:48.500Z INFO  benchmark_client] Sending sample transaction 115
[2026-05-22T09:11:48.549Z INFO  benchmark_client] Sending sample transaction 116
[2026-05-22T09:11:48.599Z INFO  benchmark_client] Sending sample transaction 117
[2026-05-22T09:11:48.649Z INFO  benchmark_client] Sending sample transaction 118
[2026-05-22T09:11:48.700Z INFO  benchmark_client] Sending sample transaction 119
[2026-05-22T09:11:48.750Z INFO  benchmark_client] Sending sample transaction 120
[2026-05-22T09:11:48.800Z INFO  benchmark_client] Sending sample transaction 121
[2026-05-22T09:11:48.850Z INFO  benchmark_client] Sending sample transaction 122
[2026-05-22T09:11:48.900Z INFO  benchmark_client] Sending sample transaction 123
[2026-05-22T09:11:48.950Z INFO  benchmark_client] Sending sample transaction 124
[2026-05-22T09:11:49.000Z INFO  benchmark_client] Sending sample transaction 125
[2026-05-22T09:11:49.050Z INFO  benchmark_client] Sending sample transaction 126
[2026-05-22T09:11:49.100Z INFO  benchmark_client] Sending sample transaction 127
[2026-05-22T09:11:49.150Z INFO  benchmark_client] Sending sample transaction 128
[2026-05-22T09:11:49.200Z INFO  benchmark_client] Sending sample transaction 129
[2026-05-22T09:11:49.250Z INFO  benchmark_client] Sending sample transaction 130
[2026-05-22T09:11:49.300Z INFO  benchmark_client] Sending sample transaction 131
[2026-05-22T09:11:49.350Z INFO  benchmark_client] Sending sample transaction 132
[2026-05-22T09:11:49.400Z INFO  benchmark_client] Sending sample transaction 133
[2026-05-22T09:11:49.450Z INFO  benchmark_client] Sending sample transaction 134
[2026-05-22T09:11:49.500Z INFO  benchmark_client] Sending sample transaction 135
[2026-05-22T09:11:49.550Z INFO  benchmark_client] Sending sample transaction 136
[2026-05-22T09:11:49.599Z INFO  benchmark_client] Sending sample transaction 137
[2026-05-22T09:11:49.650Z INFO  benchmark_client] Sending sample transaction 138
[2026-05-22T09:11:49.700Z INFO  benchmark_client] Sending sample transaction 139
[2026-05-22T09:11:49.750Z INFO  benchmark_client] Sending sample transaction 140
[2026-05-22T09:11:49.800Z INFO  benchmark_client] Sending sample transaction 141
[2026-05-22T09:11:49.850Z INFO  benchmark_client] Sending sample transaction 142
[2026-05-22T09:11:49.900Z INFO  benchmark_client] Sending sample transaction 143
[2026-05-22T09:11:49.949Z INFO  benchmark_client] Sending sample transaction 144
[2026-05-22T09:11:50.000Z INFO  benchmark_client] Sending sample transaction 145
[2026-05-22T09:11:50.050Z INFO  benchmark_client] Sending sample transaction 146
[2026-05-22T09:11:50.100Z INFO  benchmark_client] Sending sample transaction 147
[2026-05-22T09:11:50.150Z INFO  benchmark_client] Sending sample transaction 148
[2026-05-22T09:11:50.200Z INFO  benchmark_client] Sending sample transaction 149
[2026-05-22T09:11:50.249Z INFO  benchmark_client] Sending sample transaction 150
[2026-05-22T09:11:50.300Z INFO  benchmark_client] Sending sample transaction 151
[2026-05-22T09:11:50.350Z INFO  benchmark_client] Sending sample transaction 152
[2026-05-22T09:11:50.400Z INFO  benchmark_client] Sending sample transaction 153
[2026-05-22T09:11:50.450Z INFO  benchmark_client] Sending sample transaction 154
[2026-05-22T09:11:50.500Z INFO  benchmark_client] Sending sample transaction 155
[2026-05-22T09:11:50.550Z INFO  benchmark_client] Sending sample transaction 156
[2026-05-22T09:11:50.599Z INFO  benchmark_client] Sending sample transaction 157
[2026-05-22T09:11:50.649Z INFO  benchmark_client] Sending sample transaction 158
[2026-05-22T09:11:50.700Z INFO  benchmark_client] Sending sample transaction 159
[2026-05-22T09:11:50.750Z INFO  benchmark_client] Sending sample transaction 160
[2026-05-22T09:11:50.800Z INFO  benchmark_client] Sending sample transaction 161
[2026-05-22T09:11:50.850Z INFO  benchmark_client] Sending sample transaction 162
[2026-05-22T09:11:50.900Z INFO  benchmark_client] Sending sample transaction 163
[2026-05-22T09:11:50.950Z INFO  benchmark_client] Sending sample transaction 164
[2026-05-22T09:11:50.999Z INFO  benchmark_client] Sending sample transaction 165
[2026-05-22T09:11:51.050Z INFO  benchmark_client] Sending sample transaction 166
[2026-05-22T09:11:51.100Z INFO  benchmark_client] Sending sample transaction 167
[2026-05-22T09:11:51.149Z INFO  benchmark_client] Sending sample transaction 168
[2026-05-22T09:11:51.199Z INFO  benchmark_client] Sending sample transaction 169
[2026-05-22T09:11:51.250Z INFO  benchmark_client] Sending sample transaction 170
[2026-05-22T09:11:51.300Z INFO  benchmark_client] Sending sample transaction 171
[2026-05-22T09:11:51.349Z INFO  benchmark_client] Sending sample transaction 172
[2026-05-22T09:11:51.399Z INFO  benchmark_client] Sending sample transaction 173
[2026-05-22T09:11:51.449Z INFO  benchmark_client] Sending sample transaction 174
[2026-05-22T09:11:51.500Z INFO  benchmark_client] Sending sample transaction 175
[2026-05-22T09:11:51.550Z INFO  benchmark_client] Sending sample transaction 176
[2026-05-22T09:11:51.600Z INFO  benchmark_client] Sending sample transaction 177
[2026-05-22T09:11:51.650Z INFO  benchmark_client] Sending sample transaction 178
[2026-05-22T09:11:51.699Z INFO  benchmark_client] Sending sample transaction 179
[2026-05-22T09:11:51.750Z INFO  benchmark_client] Sending sample transaction 180
[2026-05-22T09:11:51.800Z INFO  benchmark_client] Sending sample transaction 181
[2026-05-22T09:11:51.850Z INFO  benchmark_client] Sending sample transaction 182
[2026-05-22T09:11:51.900Z INFO  benchmark_client] Sending sample transaction 183
[2026-05-22T09:11:51.950Z INFO  benchmark_client] Sending sample transaction 184
[2026-05-22T09:11:52.000Z INFO  benchmark_client] Sending sample transaction 185
[2026-05-22T09:11:52.050Z INFO  benchmark_client] Sending sample transaction 186
[2026-05-22T09:11:52.100Z INFO  benchmark_client] Sending sample transaction 187
[2026-05-22T09:11:52.149Z INFO  benchmark_client] Sending sample transaction 188
[2026-05-22T09:11:52.200Z INFO  benchmark_client] Sending sample transaction 189
[2026-05-22T09:11:52.250Z INFO  benchmark_client] Sending sample transaction 190
[2026-05-22T09:11:52.300Z INFO  benchmark_client] Sending sample transaction 191
[2026-05-22T09:11:52.350Z INFO  benchmark_client] Sending sample transaction 192
[2026-05-22T09:11:52.400Z INFO  benchmark_client] Sending sample transaction 193
[2026-05-22T09:11:52.452Z INFO  benchmark_client] Sending sample transaction 194
[2026-05-22T09:11:52.500Z INFO  benchmark_client] Sending sample transaction 195
[2026-05-22T09:11:52.550Z INFO  benchmark_client] Sending sample transaction 196
[2026-05-22T09:11:52.600Z INFO  benchmark_client] Sending sample transaction 197
[2026-05-22T09:11:52.650Z INFO  benchmark_client] Sending sample transaction 198
[2026-05-22T09:11:52.699Z INFO  benchmark_client] Sending sample transaction 199
[2026-05-22T09:11:52.751Z INFO  benchmark_client] Sending sample transaction 200
[2026-05-22T09:11:52.799Z INFO  benchmark_client] Sending sample transaction 201
[2026-05-22T09:11:52.849Z INFO  benchmark_client] Sending sample transaction 202
[2026-05-22T09:11:52.900Z INFO  benchmark_client] Sending sample transaction 203
[2026-05-22T09:11:52.950Z INFO  benchmark_client] Sending sample transaction 204
[2026-05-22T09:11:53.000Z INFO  benchmark_client] Sending sample transaction 205
[2026-05-22T09:11:53.050Z INFO  benchmark_client] Sending sample transaction 206
[2026-05-22T09:11:53.100Z INFO  benchmark_client] Sending sample transaction 207
[2026-05-22T09:11:53.149Z INFO  benchmark_client] Sending sample transaction 208
[2026-05-22T09:11:53.200Z INFO  benchmark_client] Sending sample transaction 209
[2026-05-22T09:11:53.249Z INFO  benchmark_client] Sending sample transaction 210
[2026-05-22T09:11:53.299Z INFO  benchmark_client] Sending sample transaction 211
[2026-05-22T09:11:53.350Z INFO  benchmark_client] Sending sample transaction 212
[2026-05-22T09:11:53.400Z INFO  benchmark_client] Sending sample transaction 213
[2026-05-22T09:11:53.450Z INFO  benchmark_client] Sending sample transaction 214
[2026-05-22T09:11:53.500Z INFO  benchmark_client] Sending sample transaction 215
[2026-05-22T09:11:53.549Z INFO  benchmark_client] Sending sample transaction 216
[2026-05-22T09:11:53.600Z INFO  benchmark_client] Sending sample transaction 217
[2026-05-22T09:11:53.650Z INFO  benchmark_client] Sending sample transaction 218
[2026-05-22T09:11:53.700Z INFO  benchmark_client] Sending sample transaction 219
[2026-05-22T09:11:53.749Z INFO  benchmark_client] Sending sample transaction 220
[2026-05-22T09:11:53.800Z INFO  benchmark_client] Sending sample transaction 221
[2026-05-22T09:11:53.850Z INFO  benchmark_client] Sending sample transaction 222
[2026-05-22T09:11:53.900Z INFO  benchmark_client] Sending sample transaction 223
[2026-05-22T09:11:53.950Z INFO  benchmark_client] Sending sample transaction 224
[2026-05-22T09:11:54.000Z INFO  benchmark_client] Sending sample transaction 225
[2026-05-22T09:11:54.050Z INFO  benchmark_client] Sending sample transaction 226
[2026-05-22T09:11:54.100Z INFO  benchmark_client] Sending sample transaction 227
[2026-05-22T09:11:54.150Z INFO  benchmark_client] Sending sample transaction 228
[2026-05-22T09:11:54.200Z INFO  benchmark_client] Sending sample transaction 229
[2026-05-22T09:11:54.250Z INFO  benchmark_client] Sending sample transaction 230
[2026-05-22T09:11:54.300Z INFO  benchmark_client] Sending sample transaction 231
[2026-05-22T09:11:54.350Z INFO  benchmark_client] Sending sample transaction 232
[2026-05-22T09:11:54.400Z INFO  benchmark_client] Sending sample transaction 233
[2026-05-22T09:11:54.450Z INFO  benchmark_client] Sending sample transaction 234
[2026-05-22T09:11:54.500Z INFO  benchmark_client] Sending sample transaction 235
[2026-05-22T09:11:54.549Z INFO  benchmark_client] Sending sample transaction 236
[2026-05-22T09:11:54.600Z INFO  benchmark_client] Sending sample transaction 237
[2026-05-22T09:11:54.650Z INFO  benchmark_client] Sending sample transaction 238
[2026-05-22T09:11:54.700Z INFO  benchmark_client] Sending sample transaction 239
[2026-05-22T09:11:54.750Z INFO  benchmark_client] Sending sample transaction 240
[2026-05-22T09:11:54.799Z INFO  benchmark_client] Sending sample transaction 241
[2026-05-22T09:11:54.850Z INFO  benchmark_client] Sending sample transaction 242
[2026-05-22T09:11:54.900Z INFO  benchmark_client] Sending sample transaction 243
[2026-05-22T09:11:54.950Z INFO  benchmark_client] Sending sample transaction 244
[2026-05-22T09:11:55.001Z INFO  benchmark_client] Sending sample transaction 245
[2026-05-22T09:11:55.050Z INFO  benchmark_client] Sending sample transaction 246
[2026-05-22T09:11:55.100Z INFO  benchmark_client] Sending sample transaction 247
[2026-05-22T09:11:55.150Z INFO  benchmark_client] Sending sample transaction 248
[2026-05-22T09:11:55.200Z INFO  benchmark_client] Sending sample transaction 249
[2026-05-22T09:11:55.250Z INFO  benchmark_client] Sending sample transaction 250
[2026-05-22T09:11:55.300Z INFO  benchmark_client] Sending sample transaction 251
[2026-05-22T09:11:55.350Z INFO  benchmark_client] Sending sample transaction 252
[2026-05-22T09:11:55.400Z INFO  benchmark_client] Sending sample transaction 253
[2026-05-22T09:11:55.450Z INFO  benchmark_client] Sending sample transaction 254
[2026-05-22T09:11:55.500Z INFO  benchmark_client] Sending sample transaction 255
[2026-05-22T09:11:55.550Z INFO  benchmark_client] Sending sample transaction 256
[2026-05-22T09:11:55.600Z INFO  benchmark_client] Sending sample transaction 257
[2026-05-22T09:11:55.650Z INFO  benchmark_client] Sending sample transaction 258
[2026-05-22T09:11:55.700Z INFO  benchmark_client] Sending sample transaction 259
[2026-05-22T09:11:55.750Z INFO  benchmark_client] Sending sample transaction 260
[2026-05-22T09:11:55.800Z INFO  benchmark_client] Sending sample transaction 261
[2026-05-22T09:11:55.850Z INFO  benchmark_client] Sending sample transaction 262
[2026-05-22T09:11:55.900Z INFO  benchmark_client] Sending sample transaction 263
[2026-05-22T09:11:55.951Z INFO  benchmark_client] Sending sample transaction 264
[2026-05-22T09:11:56.000Z INFO  benchmark_client] Sending sample transaction 265
[2026-05-22T09:11:56.050Z INFO  benchmark_client] Sending sample transaction 266
[2026-05-22T09:11:56.100Z INFO  benchmark_client] Sending sample transaction 267
[2026-05-22T09:11:56.150Z INFO  benchmark_client] Sending sample transaction 268
[2026-05-22T09:11:56.200Z INFO  benchmark_client] Sending sample transaction 269
[2026-05-22T09:11:56.250Z INFO  benchmark_client] Sending sample transaction 270
[2026-05-22T09:11:56.300Z INFO  benchmark_client] Sending sample transaction 271
[2026-05-22T09:11:56.350Z INFO  benchmark_client] Sending sample transaction 272
[2026-05-22T09:11:56.400Z INFO  benchmark_client] Sending sample transaction 273
[2026-05-22T09:11:56.449Z INFO  benchmark_client] Sending sample transaction 274
[2026-05-22T09:11:56.500Z INFO  benchmark_client] Sending sample transaction 275
[2026-05-22T09:11:56.550Z INFO  benchmark_client] Sending sample transaction 276
[2026-05-22T09:11:56.600Z INFO  benchmark_client] Sending sample transaction 277
[2026-05-22T09:11:56.650Z INFO  benchmark_client] Sending sample transaction 278
[2026-05-22T09:11:56.700Z INFO  benchmark_client] Sending sample transaction 279
[2026-05-22T09:11:56.750Z INFO  benchmark_client] Sending sample transaction 280
[2026-05-22T09:11:56.800Z INFO  benchmark_client] Sending sample transaction 281
[2026-05-22T09:11:56.850Z INFO  benchmark_client] Sending sample transaction 282
[2026-05-22T09:11:56.900Z INFO  benchmark_client] Sending sample transaction 283
[2026-05-22T09:11:56.950Z INFO  benchmark_client] Sending sample transaction 284
[2026-05-22T09:11:57.000Z INFO  benchmark_client] Sending sample transaction 285
[2026-05-22T09:11:57.050Z INFO  benchmark_client] Sending sample transaction 286
[2026-05-22T09:11:57.100Z INFO  benchmark_client] Sending sample transaction 287
[2026-05-22T09:11:57.150Z INFO  benchmark_client] Sending sample transaction 288
[2026-05-22T09:11:57.201Z INFO  benchmark_client] Sending sample transaction 289
[2026-05-22T09:11:57.251Z INFO  benchmark_client] Sending sample transaction 290
[2026-05-22T09:11:57.300Z INFO  benchmark_client] Sending sample transaction 291
[2026-05-22T09:11:57.350Z INFO  benchmark_client] Sending sample transaction 292
[2026-05-22T09:11:57.400Z INFO  benchmark_client] Sending sample transaction 293
[2026-05-22T09:11:57.450Z INFO  benchmark_client] Sending sample transaction 294
[2026-05-22T09:11:57.501Z INFO  benchmark_client] Sending sample transaction 295
[2026-05-22T09:11:57.550Z INFO  benchmark_client] Sending sample transaction 296
[2026-05-22T09:11:57.600Z INFO  benchmark_client] Sending sample transaction 297
[2026-05-22T09:11:57.651Z INFO  benchmark_client] Sending sample transaction 298
[2026-05-22T09:11:57.701Z INFO  benchmark_client] Sending sample transaction 299
[2026-05-22T09:11:57.750Z INFO  benchmark_client] Sending sample transaction 300
[2026-05-22T09:11:57.800Z INFO  benchmark_client] Sending sample transaction 301
[2026-05-22T09:11:57.851Z INFO  benchmark_client] Sending sample transaction 302
[2026-05-22T09:11:57.900Z INFO  benchmark_client] Sending sample transaction 303
[2026-05-22T09:11:57.950Z INFO  benchmark_client] Sending sample transaction 304
[2026-05-22T09:11:58.000Z INFO  benchmark_client] Sending sample transaction 305
[2026-05-22T09:11:58.050Z INFO  benchmark_client] Sending sample transaction 306
[2026-05-22T09:11:58.101Z INFO  benchmark_client] Sending sample transaction 307
[2026-05-22T09:11:58.149Z INFO  benchmark_client] Sending sample transaction 308
[2026-05-22T09:11:58.200Z INFO  benchmark_client] Sending sample transaction 309
[2026-05-22T09:11:58.250Z INFO  benchmark_client] Sending sample transaction 310
[2026-05-22T09:11:58.300Z INFO  benchmark_client] Sending sample transaction 311
[2026-05-22T09:11:58.350Z INFO  benchmark_client] Sending sample transaction 312
[2026-05-22T09:11:58.400Z INFO  benchmark_client] Sending sample transaction 313
[2026-05-22T09:11:58.451Z INFO  benchmark_client] Sending sample transaction 314
[2026-05-22T09:11:58.500Z INFO  benchmark_client] Sending sample transaction 315
[2026-05-22T09:11:58.550Z INFO  benchmark_client] Sending sample transaction 316
[2026-05-22T09:11:58.600Z INFO  benchmark_client] Sending sample transaction 317
[2026-05-22T09:11:58.651Z INFO  benchmark_client] Sending sample transaction 318
[2026-05-22T09:11:58.700Z INFO  benchmark_client] Sending sample transaction 319
[2026-05-22T09:11:58.751Z INFO  benchmark_client] Sending sample transaction 320
[2026-05-22T09:11:58.800Z INFO  benchmark_client] Sending sample transaction 321
[2026-05-22T09:11:58.850Z INFO  benchmark_client] Sending sample transaction 322
[2026-05-22T09:11:58.900Z INFO  benchmark_client] Sending sample transaction 323
[2026-05-22T09:11:58.950Z INFO  benchmark_client] Sending sample transaction 324
[2026-05-22T09:11:59.000Z INFO  benchmark_client] Sending sample transaction 325
[2026-05-22T09:11:59.050Z INFO  benchmark_client] Sending sample transaction 326
[2026-05-22T09:11:59.100Z INFO  benchmark_client] Sending sample transaction 327
[2026-05-22T09:11:59.150Z INFO  benchmark_client] Sending sample transaction 328
[2026-05-22T09:11:59.200Z INFO  benchmark_client] Sending sample transaction 329
[2026-05-22T09:11:59.250Z INFO  benchmark_client] Sending sample transaction 330
[2026-05-22T09:11:59.301Z INFO  benchmark_client] Sending sample transaction 331
[2026-05-22T09:11:59.350Z INFO  benchmark_client] Sending sample transaction 332
[2026-05-22T09:11:59.399Z INFO  benchmark_client] Sending sample transaction 333
[2026-05-22T09:11:59.450Z INFO  benchmark_client] Sending sample transaction 334
[2026-05-22T09:11:59.500Z INFO  benchmark_client] Sending sample transaction 335
[2026-05-22T09:11:59.550Z INFO  benchmark_client] Sending sample transaction 336
[2026-05-22T09:11:59.600Z INFO  benchmark_client] Sending sample transaction 337
[2026-05-22T09:11:59.650Z INFO  benchmark_client] Sending sample transaction 338
[2026-05-22T09:11:59.700Z INFO  benchmark_client] Sending sample transaction 339
[2026-05-22T09:11:59.750Z INFO  benchmark_client] Sending sample transaction 340
[2026-05-22T09:11:59.799Z INFO  benchmark_client] Sending sample transaction 341
[2026-05-22T09:11:59.850Z INFO  benchmark_client] Sending sample transaction 342
[2026-05-22T09:11:59.900Z INFO  benchmark_client] Sending sample transaction 343
[2026-05-22T09:11:59.949Z INFO  benchmark_client] Sending sample transaction 344
[2026-05-22T09:12:00.000Z INFO  benchmark_client] Sending sample transaction 345
[2026-05-22T09:12:00.050Z INFO  benchmark_client] Sending sample transaction 346
[2026-05-22T09:12:00.099Z INFO  benchmark_client] Sending sample transaction 347
[2026-05-22T09:12:00.149Z INFO  benchmark_client] Sending sample transaction 348
[2026-05-22T09:12:00.200Z INFO  benchmark_client] Sending sample transaction 349
[2026-05-22T09:12:00.250Z INFO  benchmark_client] Sending sample transaction 350
[2026-05-22T09:12:00.300Z INFO  benchmark_client] Sending sample transaction 351
[2026-05-22T09:12:00.350Z INFO  benchmark_client] Sending sample transaction 352
[2026-05-22T09:12:00.400Z INFO  benchmark_client] Sending sample transaction 353
[2026-05-22T09:12:00.450Z INFO  benchmark_client] Sending sample transaction 354
[2026-05-22T09:12:00.499Z INFO  benchmark_client] Sending sample transaction 355
[2026-05-22T09:12:00.549Z INFO  benchmark_client] Sending sample transaction 356
[2026-05-22T09:12:00.600Z INFO  benchmark_client] Sending sample transaction 357
[2026-05-22T09:12:00.650Z INFO  benchmark_client] Sending sample transaction 358
[2026-05-22T09:12:00.699Z INFO  benchmark_client] Sending sample transaction 359
[2026-05-22T09:12:00.750Z INFO  benchmark_client] Sending sample transaction 360
[2026-05-22T09:12:00.800Z INFO  benchmark_client] Sending sample transaction 361
[2026-05-22T09:12:00.850Z INFO  benchmark_client] Sending sample transaction 362
[2026-05-22T09:12:00.900Z INFO  benchmark_client] Sending sample transaction 363
[2026-05-22T09:12:00.950Z INFO  benchmark_client] Sending sample transaction 364
[2026-05-22T09:12:01.000Z INFO  benchmark_client] Sending sample transaction 365
[2026-05-22T09:12:01.050Z INFO  benchmark_client] Sending sample transaction 366
[2026-05-22T09:12:01.100Z INFO  benchmark_client] Sending sample transaction 367
[2026-05-22T09:12:01.149Z INFO  benchmark_client] Sending sample transaction 368
[2026-05-22T09:12:01.200Z INFO  benchmark_client] Sending sample transaction 369
[2026-05-22T09:12:01.249Z INFO  benchmark_client] Sending sample transaction 370
[2026-05-22T09:12:01.300Z INFO  benchmark_client] Sending sample transaction 371
[2026-05-22T09:12:01.350Z INFO  benchmark_client] Sending sample transaction 372
[2026-05-22T09:12:01.400Z INFO  benchmark_client] Sending sample transaction 373
[2026-05-22T09:12:01.450Z INFO  benchmark_client] Sending sample transaction 374
[2026-05-22T09:12:01.500Z INFO  benchmark_client] Sending sample transaction 375
[2026-05-22T09:12:01.550Z INFO  benchmark_client] Sending sample transaction 376
[2026-05-22T09:12:01.600Z INFO  benchmark_client] Sending sample transaction 377
[2026-05-22T09:12:01.650Z INFO  benchmark_client] Sending sample transaction 378
[2026-05-22T09:12:01.699Z INFO  benchmark_client] Sending sample transaction 379
[2026-05-22T09:12:01.749Z INFO  benchmark_client] Sending sample transaction 380
[2026-05-22T09:12:01.800Z INFO  benchmark_client] Sending sample transaction 381
[2026-05-22T09:12:01.849Z INFO  benchmark_client] Sending sample transaction 382
[2026-05-22T09:12:01.899Z INFO  benchmark_client] Sending sample transaction 383
[2026-05-22T09:12:01.950Z INFO  benchmark_client] Sending sample transaction 384
[2026-05-22T09:12:02.000Z INFO  benchmark_client] Sending sample transaction 385
[2026-05-22T09:12:02.050Z INFO  benchmark_client] Sending sample transaction 386
[2026-05-22T09:12:02.100Z INFO  benchmark_client] Sending sample transaction 387
[2026-05-22T09:12:02.150Z INFO  benchmark_client] Sending sample transaction 388
[2026-05-22T09:12:02.199Z INFO  benchmark_client] Sending sample transaction 389
[2026-05-22T09:12:02.250Z INFO  benchmark_client] Sending sample transaction 390
[2026-05-22T09:12:02.299Z INFO  benchmark_client] Sending sample transaction 391
[2026-05-22T09:12:02.349Z INFO  benchmark_client] Sending sample transaction 392
[2026-05-22T09:12:02.399Z INFO  benchmark_client] Sending sample transaction 393
[2026-05-22T09:12:02.450Z INFO  benchmark_client] Sending sample transaction 394
[2026-05-22T09:12:02.500Z INFO  benchmark_client] Sending sample transaction 395
[2026-05-22T09:12:02.550Z INFO  benchmark_client] Sending sample transaction 396
[2026-05-22T09:12:02.599Z INFO  benchmark_client] Sending sample transaction 397
[2026-05-22T09:12:02.651Z INFO  benchmark_client] Sending sample transaction 398
[2026-05-22T09:12:02.700Z INFO  benchmark_client] Sending sample transaction 399
[2026-05-22T09:12:02.750Z INFO  benchmark_client] Sending sample transaction 400
[2026-05-22T09:12:02.800Z INFO  benchmark_client] Sending sample transaction 401
[2026-05-22T09:12:02.850Z INFO  benchmark_client] Sending sample transaction 402
[2026-05-22T09:12:02.900Z INFO  benchmark_client] Sending sample transaction 403
[2026-05-22T09:12:02.950Z INFO  benchmark_client] Sending sample transaction 404
[2026-05-22T09:12:03.000Z INFO  benchmark_client] Sending sample transaction 405
[2026-05-22T09:12:03.050Z INFO  benchmark_client] Sending sample transaction 406
[2026-05-22T09:12:03.099Z INFO  benchmark_client] Sending sample transaction 407
[2026-05-22T09:12:03.149Z INFO  benchmark_client] Sending sample transaction 408
[2026-05-22T09:12:03.200Z INFO  benchmark_client] Sending sample transaction 409
[2026-05-22T09:12:03.250Z INFO  benchmark_client] Sending sample transaction 410
[2026-05-22T09:12:03.300Z INFO  benchmark_client] Sending sample transaction 411
[2026-05-22T09:12:03.350Z INFO  benchmark_client] Sending sample transaction 412
[2026-05-22T09:12:03.400Z INFO  benchmark_client] Sending sample transaction 413
[2026-05-22T09:12:03.450Z INFO  benchmark_client] Sending sample transaction 414
[2026-05-22T09:12:03.500Z INFO  benchmark_client] Sending sample transaction 415
[2026-05-22T09:12:03.550Z INFO  benchmark_client] Sending sample transaction 416
[2026-05-22T09:12:03.600Z INFO  benchmark_client] Sending sample transaction 417
[2026-05-22T09:12:03.650Z INFO  benchmark_client] Sending sample transaction 418
[2026-05-22T09:12:03.700Z INFO  benchmark_client] Sending sample transaction 419
[2026-05-22T09:12:03.750Z INFO  benchmark_client] Sending sample transaction 420
[2026-05-22T09:12:03.800Z INFO  benchmark_client] Sending sample transaction 421
[2026-05-22T09:12:03.850Z INFO  benchmark_client] Sending sample transaction 422
[2026-05-22T09:12:03.899Z INFO  benchmark_client] Sending sample transaction 423
[2026-05-22T09:12:03.949Z INFO  benchmark_client] Sending sample transaction 424
[2026-05-22T09:12:04.000Z INFO  benchmark_client] Sending sample transaction 425
[2026-05-22T09:12:04.050Z INFO  benchmark_client] Sending sample transaction 426
[2026-05-22T09:12:04.099Z INFO  benchmark_client] Sending sample transaction 427
[2026-05-22T09:12:04.150Z INFO  benchmark_client] Sending sample transaction 428
[2026-05-22T09:12:04.200Z INFO  benchmark_client] Sending sample transaction 429
[2026-05-22T09:12:04.250Z INFO  benchmark_client] Sending sample transaction 430
[2026-05-22T09:12:04.300Z INFO  benchmark_client] Sending sample transaction 431
[2026-05-22T09:12:04.349Z INFO  benchmark_client] Sending sample transaction 432
[2026-05-22T09:12:04.400Z INFO  benchmark_client] Sending sample transaction 433
[2026-05-22T09:12:04.450Z INFO  benchmark_client] Sending sample transaction 434
[2026-05-22T09:12:04.500Z INFO  benchmark_client] Sending sample transaction 435
[2026-05-22T09:12:04.550Z INFO  benchmark_client] Sending sample transaction 436
[2026-05-22T09:12:04.602Z INFO  benchmark_client] Sending sample transaction 437
[2026-05-22T09:12:04.649Z INFO  benchmark_client] Sending sample transaction 438
[2026-05-22T09:12:04.700Z INFO  benchmark_client] Sending sample transaction 439
[2026-05-22T09:12:04.751Z INFO  benchmark_client] Sending sample transaction 440
[2026-05-22T09:12:04.800Z INFO  benchmark_client] Sending sample transaction 441
[2026-05-22T09:12:04.850Z INFO  benchmark_client] Sending sample transaction 442
[2026-05-22T09:12:04.900Z INFO  benchmark_client] Sending sample transaction 443
[2026-05-22T09:12:04.950Z INFO  benchmark_client] Sending sample transaction 444
[2026-05-22T09:12:05.002Z INFO  benchmark_client] Sending sample transaction 445
[2026-05-22T09:12:05.050Z INFO  benchmark_client] Sending sample transaction 446
[2026-05-22T09:12:05.100Z INFO  benchmark_client] Sending sample transaction 447
[2026-05-22T09:12:05.150Z INFO  benchmark_client] Sending sample transaction 448
[2026-05-22T09:12:05.200Z INFO  benchmark_client] Sending sample transaction 449
[2026-05-22T09:12:05.250Z INFO  benchmark_client] Sending sample transaction 450
[2026-05-22T09:12:05.300Z INFO  benchmark_client] Sending sample transaction 451
[2026-05-22T09:12:05.349Z INFO  benchmark_client] Sending sample transaction 452
[2026-05-22T09:12:05.399Z INFO  benchmark_client] Sending sample transaction 453
[2026-05-22T09:12:05.449Z INFO  benchmark_client] Sending sample transaction 454
[2026-05-22T09:12:05.499Z INFO  benchmark_client] Sending sample transaction 455
[2026-05-22T09:12:05.550Z INFO  benchmark_client] Sending sample transaction 456
[2026-05-22T09:12:05.600Z INFO  benchmark_client] Sending sample transaction 457
[2026-05-22T09:12:05.651Z INFO  benchmark_client] Sending sample transaction 458
[2026-05-22T09:12:05.700Z INFO  benchmark_client] Sending sample transaction 459
[2026-05-22T09:12:05.750Z INFO  benchmark_client] Sending sample transaction 460
[2026-05-22T09:12:05.800Z INFO  benchmark_client] Sending sample transaction 461
[2026-05-22T09:12:05.850Z INFO  benchmark_client] Sending sample transaction 462
[2026-05-22T09:12:05.900Z INFO  benchmark_client] Sending sample transaction 463
[2026-05-22T09:12:05.950Z INFO  benchmark_client] Sending sample transaction 464
[2026-05-22T09:12:06.000Z INFO  benchmark_client] Sending sample transaction 465
[2026-05-22T09:12:06.050Z INFO  benchmark_client] Sending sample transaction 466
[2026-05-22T09:12:06.100Z INFO  benchmark_client] Sending sample transaction 467
[2026-05-22T09:12:06.150Z INFO  benchmark_client] Sending sample transaction 468
[2026-05-22T09:12:06.200Z INFO  benchmark_client] Sending sample transaction 469
[2026-05-22T09:12:06.250Z INFO  benchmark_client] Sending sample transaction 470
[2026-05-22T09:12:06.300Z INFO  benchmark_client] Sending sample transaction 471
[2026-05-22T09:12:06.349Z INFO  benchmark_client] Sending sample transaction 472
[2026-05-22T09:12:06.399Z INFO  benchmark_client] Sending sample transaction 473
[2026-05-22T09:12:06.449Z INFO  benchmark_client] Sending sample transaction 474
[2026-05-22T09:12:06.500Z INFO  benchmark_client] Sending sample transaction 475
[2026-05-22T09:12:06.549Z INFO  benchmark_client] Sending sample transaction 476
[2026-05-22T09:12:06.600Z INFO  benchmark_client] Sending sample transaction 477
[2026-05-22T09:12:06.650Z INFO  benchmark_client] Sending sample transaction 478
[2026-05-22T09:12:06.700Z INFO  benchmark_client] Sending sample transaction 479
[2026-05-22T09:12:06.750Z INFO  benchmark_client] Sending sample transaction 480
[2026-05-22T09:12:06.800Z INFO  benchmark_client] Sending sample transaction 481
[2026-05-22T09:12:06.850Z INFO  benchmark_client] Sending sample transaction 482
[2026-05-22T09:12:06.900Z INFO  benchmark_client] Sending sample transaction 483
[2026-05-22T09:12:06.950Z INFO  benchmark_client] Sending sample transaction 484
[2026-05-22T09:12:07.000Z INFO  benchmark_client] Sending sample transaction 485
[2026-05-22T09:12:07.050Z INFO  benchmark_client] Sending sample transaction 486
[2026-05-22T09:12:07.100Z INFO  benchmark_client] Sending sample transaction 487
[2026-05-22T09:12:07.150Z INFO  benchmark_client] Sending sample transaction 488
[2026-05-22T09:12:07.200Z INFO  benchmark_client] Sending sample transaction 489
[2026-05-22T09:12:07.250Z INFO  benchmark_client] Sending sample transaction 490
[2026-05-22T09:12:07.300Z INFO  benchmark_client] Sending sample transaction 491
[2026-05-22T09:12:07.350Z INFO  benchmark_client] Sending sample transaction 492
[2026-05-22T09:12:07.400Z INFO  benchmark_client] Sending sample transaction 493
[2026-05-22T09:12:07.450Z INFO  benchmark_client] Sending sample transaction 494
[2026-05-22T09:12:07.500Z INFO  benchmark_client] Sending sample transaction 495
[2026-05-22T09:12:07.550Z INFO  benchmark_client] Sending sample transaction 496
[2026-05-22T09:12:07.599Z INFO  benchmark_client] Sending sample transaction 497
[2026-05-22T09:12:07.650Z INFO  benchmark_client] Sending sample transaction 498
[2026-05-22T09:12:07.700Z INFO  benchmark_client] Sending sample transaction 499
[2026-05-22T09:12:07.750Z INFO  benchmark_client] Sending sample transaction 500
[2026-05-22T09:12:07.800Z INFO  benchmark_client] Sending sample transaction 501
[2026-05-22T09:12:07.849Z INFO  benchmark_client] Sending sample transaction 502
[2026-05-22T09:12:07.899Z INFO  benchmark_client] Sending sample transaction 503
[2026-05-22T09:12:07.950Z INFO  benchmark_client] Sending sample transaction 504
[2026-05-22T09:12:08.000Z INFO  benchmark_client] Sending sample transaction 505
[2026-05-22T09:12:08.050Z INFO  benchmark_client] Sending sample transaction 506
[2026-05-22T09:12:08.100Z INFO  benchmark_client] Sending sample transaction 507
[2026-05-22T09:12:08.150Z INFO  benchmark_client] Sending sample transaction 508
[2026-05-22T09:12:08.199Z INFO  benchmark_client] Sending sample transaction 509
[2026-05-22T09:12:08.250Z INFO  benchmark_client] Sending sample transaction 510
[2026-05-22T09:12:08.300Z INFO  benchmark_client] Sending sample transaction 511
[2026-05-22T09:12:08.350Z INFO  benchmark_client] Sending sample transaction 512
[2026-05-22T09:12:08.400Z INFO  benchmark_client] Sending sample transaction 513
[2026-05-22T09:12:08.450Z INFO  benchmark_client] Sending sample transaction 514
[2026-05-22T09:12:08.499Z INFO  benchmark_client] Sending sample transaction 515
[2026-05-22T09:12:08.549Z INFO  benchmark_client] Sending sample transaction 516
[2026-05-22T09:12:08.600Z INFO  benchmark_client] Sending sample transaction 517
[2026-05-22T09:12:08.650Z INFO  benchmark_client] Sending sample transaction 518
[2026-05-22T09:12:08.700Z INFO  benchmark_client] Sending sample transaction 519
[2026-05-22T09:12:08.750Z INFO  benchmark_client] Sending sample transaction 520
[2026-05-22T09:12:08.800Z INFO  benchmark_client] Sending sample transaction 521
[2026-05-22T09:12:08.849Z INFO  benchmark_client] Sending sample transaction 522
[2026-05-22T09:12:08.899Z INFO  benchmark_client] Sending sample transaction 523
[2026-05-22T09:12:08.950Z INFO  benchmark_client] Sending sample transaction 524
[2026-05-22T09:12:09.000Z INFO  benchmark_client] Sending sample transaction 525
[2026-05-22T09:12:09.050Z INFO  benchmark_client] Sending sample transaction 526
[2026-05-22T09:12:09.100Z INFO  benchmark_client] Sending sample transaction 527
[2026-05-22T09:12:09.150Z INFO  benchmark_client] Sending sample transaction 528
[2026-05-22T09:12:09.200Z INFO  benchmark_client] Sending sample transaction 529
[2026-05-22T09:12:09.250Z INFO  benchmark_client] Sending sample transaction 530
[2026-05-22T09:12:09.300Z INFO  benchmark_client] Sending sample transaction 531
[2026-05-22T09:12:09.350Z INFO  benchmark_client] Sending sample transaction 532
[2026-05-22T09:12:09.402Z INFO  benchmark_client] Sending sample transaction 533
[2026-05-22T09:12:09.450Z INFO  benchmark_client] Sending sample transaction 534
[2026-05-22T09:12:09.500Z INFO  benchmark_client] Sending sample transaction 535
[2026-05-22T09:12:09.550Z INFO  benchmark_client] Sending sample transaction 536
[2026-05-22T09:12:09.600Z INFO  benchmark_client] Sending sample transaction 537
[2026-05-22T09:12:09.649Z INFO  benchmark_client] Sending sample transaction 538
[2026-05-22T09:12:09.699Z INFO  benchmark_client] Sending sample transaction 539
[2026-05-22T09:12:09.750Z INFO  benchmark_client] Sending sample transaction 540
[2026-05-22T09:12:09.800Z INFO  benchmark_client] Sending sample transaction 541
[2026-05-22T09:12:09.850Z INFO  benchmark_client] Sending sample transaction 542
[2026-05-22T09:12:09.899Z INFO  benchmark_client] Sending sample transaction 543
[2026-05-22T09:12:09.950Z INFO  benchmark_client] Sending sample transaction 544
[2026-05-22T09:12:10.000Z INFO  benchmark_client] Sending sample transaction 545
[2026-05-22T09:12:10.050Z INFO  benchmark_client] Sending sample transaction 546
[2026-05-22T09:12:10.100Z INFO  benchmark_client] Sending sample transaction 547
[2026-05-22T09:12:10.150Z INFO  benchmark_client] Sending sample transaction 548
[2026-05-22T09:12:10.200Z INFO  benchmark_client] Sending sample transaction 549
[2026-05-22T09:12:10.250Z INFO  benchmark_client] Sending sample transaction 550
[2026-05-22T09:12:10.300Z INFO  benchmark_client] Sending sample transaction 551
[2026-05-22T09:12:10.350Z INFO  benchmark_client] Sending sample transaction 552
[2026-05-22T09:12:10.400Z INFO  benchmark_client] Sending sample transaction 553
[2026-05-22T09:12:10.450Z INFO  benchmark_client] Sending sample transaction 554
[2026-05-22T09:12:10.500Z INFO  benchmark_client] Sending sample transaction 555
[2026-05-22T09:12:10.550Z INFO  benchmark_client] Sending sample transaction 556
[2026-05-22T09:12:10.600Z INFO  benchmark_client] Sending sample transaction 557
[2026-05-22T09:12:10.650Z INFO  benchmark_client] Sending sample transaction 558
[2026-05-22T09:12:10.700Z INFO  benchmark_client] Sending sample transaction 559
[2026-05-22T09:12:10.750Z INFO  benchmark_client] Sending sample transaction 560
[2026-05-22T09:12:10.800Z INFO  benchmark_client] Sending sample transaction 561
[2026-05-22T09:12:10.850Z INFO  benchmark_client] Sending sample transaction 562
[2026-05-22T09:12:10.900Z INFO  benchmark_client] Sending sample transaction 563
[2026-05-22T09:12:10.950Z INFO  benchmark_client] Sending sample transaction 564
[2026-05-22T09:12:11.000Z INFO  benchmark_client] Sending sample transaction 565
[2026-05-22T09:12:11.050Z INFO  benchmark_client] Sending sample transaction 566
[2026-05-22T09:12:11.100Z INFO  benchmark_client] Sending sample transaction 567
[2026-05-22T09:12:11.151Z INFO  benchmark_client] Sending sample transaction 568
[2026-05-22T09:12:11.200Z INFO  benchmark_client] Sending sample transaction 569
[2026-05-22T09:12:11.250Z INFO  benchmark_client] Sending sample transaction 570
[2026-05-22T09:12:11.300Z INFO  benchmark_client] Sending sample transaction 571
[2026-05-22T09:12:11.350Z INFO  benchmark_client] Sending sample transaction 572
[2026-05-22T09:12:11.400Z INFO  benchmark_client] Sending sample transaction 573
[2026-05-22T09:12:11.450Z INFO  benchmark_client] Sending sample transaction 574
[2026-05-22T09:12:11.500Z INFO  benchmark_client] Sending sample transaction 575
[2026-05-22T09:12:11.550Z INFO  benchmark_client] Sending sample transaction 576
[2026-05-22T09:12:11.599Z INFO  benchmark_client] Sending sample transaction 577
[2026-05-22T09:12:11.650Z INFO  benchmark_client] Sending sample transaction 578
[2026-05-22T09:12:11.700Z INFO  benchmark_client] Sending sample transaction 579
[2026-05-22T09:12:11.750Z INFO  benchmark_client] Sending sample transaction 580
[2026-05-22T09:12:11.800Z INFO  benchmark_client] Sending sample transaction 581
[2026-05-22T09:12:11.850Z INFO  benchmark_client] Sending sample transaction 582
[2026-05-22T09:12:11.900Z INFO  benchmark_client] Sending sample transaction 583
[2026-05-22T09:12:11.950Z INFO  benchmark_client] Sending sample transaction 584
[2026-05-22T09:12:11.999Z INFO  benchmark_client] Sending sample transaction 585
[2026-05-22T09:12:12.049Z INFO  benchmark_client] Sending sample transaction 586
[2026-05-22T09:12:12.100Z INFO  benchmark_client] Sending sample transaction 587
[2026-05-22T09:12:12.150Z INFO  benchmark_client] Sending sample transaction 588
[2026-05-22T09:12:12.200Z INFO  benchmark_client] Sending sample transaction 589
[2026-05-22T09:12:12.250Z INFO  benchmark_client] Sending sample transaction 590
[2026-05-22T09:12:12.300Z INFO  benchmark_client] Sending sample transaction 591
[2026-05-22T09:12:12.350Z INFO  benchmark_client] Sending sample transaction 592
[2026-05-22T09:12:12.399Z INFO  benchmark_client] Sending sample transaction 593
[2026-05-22T09:12:12.451Z INFO  benchmark_client] Sending sample transaction 594
[2026-05-22T09:12:12.500Z INFO  benchmark_client] Sending sample transaction 595
[2026-05-22T09:12:12.550Z INFO  benchmark_client] Sending sample transaction 596
[2026-05-22T09:12:12.600Z INFO  benchmark_client] Sending sample transaction 597
[2026-05-22T09:12:12.650Z INFO  benchmark_client] Sending sample transaction 598
[2026-05-22T09:12:12.700Z INFO  benchmark_client] Sending sample transaction 599
[2026-05-22T09:12:12.750Z INFO  benchmark_client] Sending sample transaction 600
[2026-05-22T09:12:12.800Z INFO  benchmark_client] Sending sample transaction 601
[2026-05-22T09:12:12.851Z INFO  benchmark_client] Sending sample transaction 602
[2026-05-22T09:12:12.900Z INFO  benchmark_client] Sending sample transaction 603
[2026-05-22T09:12:12.950Z INFO  benchmark_client] Sending sample transaction 604
[2026-05-22T09:12:13.000Z INFO  benchmark_client] Sending sample transaction 605
[2026-05-22T09:12:13.050Z INFO  benchmark_client] Sending sample transaction 606
[2026-05-22T09:12:13.100Z INFO  benchmark_client] Sending sample transaction 607
[2026-05-22T09:12:13.150Z INFO  benchmark_client] Sending sample transaction 608
[2026-05-22T09:12:13.200Z INFO  benchmark_client] Sending sample transaction 609
[2026-05-22T09:12:13.250Z INFO  benchmark_client] Sending sample transaction 610
[2026-05-22T09:12:13.300Z INFO  benchmark_client] Sending sample transaction 611
[2026-05-22T09:12:13.350Z INFO  benchmark_client] Sending sample transaction 612
[2026-05-22T09:12:13.400Z INFO  benchmark_client] Sending sample transaction 613
[2026-05-22T09:12:13.450Z INFO  benchmark_client] Sending sample transaction 614
[2026-05-22T09:12:13.500Z INFO  benchmark_client] Sending sample transaction 615
[2026-05-22T09:12:13.550Z INFO  benchmark_client] Sending sample transaction 616
[2026-05-22T09:12:13.600Z INFO  benchmark_client] Sending sample transaction 617
[2026-05-22T09:12:13.650Z INFO  benchmark_client] Sending sample transaction 618
[2026-05-22T09:12:13.701Z INFO  benchmark_client] Sending sample transaction 619
[2026-05-22T09:12:13.750Z INFO  benchmark_client] Sending sample transaction 620
[2026-05-22T09:12:13.800Z INFO  benchmark_client] Sending sample transaction 621
[2026-05-22T09:12:13.850Z INFO  benchmark_client] Sending sample transaction 622
[2026-05-22T09:12:13.901Z INFO  benchmark_client] Sending sample transaction 623
[2026-05-22T09:12:13.950Z INFO  benchmark_client] Sending sample transaction 624
[2026-05-22T09:12:14.000Z INFO  benchmark_client] Sending sample transaction 625
[2026-05-22T09:12:14.050Z INFO  benchmark_client] Sending sample transaction 626
[2026-05-22T09:12:14.100Z INFO  benchmark_client] Sending sample transaction 627
[2026-05-22T09:12:14.150Z INFO  benchmark_client] Sending sample transaction 628
[2026-05-22T09:12:14.200Z INFO  benchmark_client] Sending sample transaction 629
[2026-05-22T09:12:14.251Z INFO  benchmark_client] Sending sample transaction 630
[2026-05-22T09:12:14.300Z INFO  benchmark_client] Sending sample transaction 631
[2026-05-22T09:12:14.352Z INFO  benchmark_client] Sending sample transaction 632
[2026-05-22T09:12:14.401Z INFO  benchmark_client] Sending sample transaction 633
[2026-05-22T09:12:14.451Z INFO  benchmark_client] Sending sample transaction 634
[2026-05-22T09:12:14.500Z INFO  benchmark_client] Sending sample transaction 635
[2026-05-22T09:12:14.552Z INFO  benchmark_client] Sending sample transaction 636
[2026-05-22T09:12:14.601Z INFO  benchmark_client] Sending sample transaction 637
[2026-05-22T09:12:14.650Z INFO  benchmark_client] Sending sample transaction 638
[2026-05-22T09:12:14.700Z INFO  benchmark_client] Sending sample transaction 639
[2026-05-22T09:12:14.750Z INFO  benchmark_client] Sending sample transaction 640
[2026-05-22T09:12:14.801Z INFO  benchmark_client] Sending sample transaction 641
[2026-05-22T09:12:14.850Z INFO  benchmark_client] Sending sample transaction 642
[2026-05-22T09:12:14.900Z INFO  benchmark_client] Sending sample transaction 643
[2026-05-22T09:12:14.950Z INFO  benchmark_client] Sending sample transaction 644
[2026-05-22T09:12:15.000Z INFO  benchmark_client] Sending sample transaction 645
[2026-05-22T09:12:15.050Z INFO  benchmark_client] Sending sample transaction 646
[2026-05-22T09:12:15.102Z INFO  benchmark_client] Sending sample transaction 647
[2026-05-22T09:12:15.151Z INFO  benchmark_client] Sending sample transaction 648
[2026-05-22T09:12:15.200Z INFO  benchmark_client] Sending sample transaction 649
[2026-05-22T09:12:15.250Z INFO  benchmark_client] Sending sample transaction 650
[2026-05-22T09:12:15.300Z INFO  benchmark_client] Sending sample transaction 651
[2026-05-22T09:12:15.350Z INFO  benchmark_client] Sending sample transaction 652
[2026-05-22T09:12:15.400Z INFO  benchmark_client] Sending sample transaction 653
[2026-05-22T09:12:15.450Z INFO  benchmark_client] Sending sample transaction 654
[2026-05-22T09:12:15.501Z INFO  benchmark_client] Sending sample transaction 655
[2026-05-22T09:12:15.550Z INFO  benchmark_client] Sending sample transaction 656
[2026-05-22T09:12:15.600Z INFO  benchmark_client] Sending sample transaction 657
[2026-05-22T09:12:15.650Z INFO  benchmark_client] Sending sample transaction 658
[2026-05-22T09:12:15.701Z INFO  benchmark_client] Sending sample transaction 659
[2026-05-22T09:12:15.751Z INFO  benchmark_client] Sending sample transaction 660
[2026-05-22T09:12:15.800Z INFO  benchmark_client] Sending sample transaction 661
[2026-05-22T09:12:15.850Z INFO  benchmark_client] Sending sample transaction 662
[2026-05-22T09:12:15.900Z INFO  benchmark_client] Sending sample transaction 663
[2026-05-22T09:12:15.950Z INFO  benchmark_client] Sending sample transaction 664
[2026-05-22T09:12:16.000Z INFO  benchmark_client] Sending sample transaction 665
[2026-05-22T09:12:16.050Z INFO  benchmark_client] Sending sample transaction 666
[2026-05-22T09:12:16.100Z INFO  benchmark_client] Sending sample transaction 667
[2026-05-22T09:12:16.150Z INFO  benchmark_client] Sending sample transaction 668
[2026-05-22T09:12:16.200Z INFO  benchmark_client] Sending sample transaction 669
[2026-05-22T09:12:16.250Z INFO  benchmark_client] Sending sample transaction 670
[2026-05-22T09:12:16.300Z INFO  benchmark_client] Sending sample transaction 671
[2026-05-22T09:12:16.349Z INFO  benchmark_client] Sending sample transaction 672
[2026-05-22T09:12:16.401Z INFO  benchmark_client] Sending sample transaction 673
[2026-05-22T09:12:16.450Z INFO  benchmark_client] Sending sample transaction 674
[2026-05-22T09:12:16.500Z INFO  benchmark_client] Sending sample transaction 675
[2026-05-22T09:12:16.550Z INFO  benchmark_client] Sending sample transaction 676
[2026-05-22T09:12:16.600Z INFO  benchmark_client] Sending sample transaction 677
[2026-05-22T09:12:16.650Z INFO  benchmark_client] Sending sample transaction 678
[2026-05-22T09:12:16.700Z INFO  benchmark_client] Sending sample transaction 679
[2026-05-22T09:12:16.750Z INFO  benchmark_client] Sending sample transaction 680
[2026-05-22T09:12:16.800Z INFO  benchmark_client] Sending sample transaction 681
[2026-05-22T09:12:16.850Z INFO  benchmark_client] Sending sample transaction 682
[2026-05-22T09:12:16.899Z INFO  benchmark_client] Sending sample transaction 683
[2026-05-22T09:12:16.949Z INFO  benchmark_client] Sending sample transaction 684
[2026-05-22T09:12:16.999Z INFO  benchmark_client] Sending sample transaction 685
[2026-05-22T09:12:17.050Z INFO  benchmark_client] Sending sample transaction 686
[2026-05-22T09:12:17.100Z INFO  benchmark_client] Sending sample transaction 687
[2026-05-22T09:12:17.150Z INFO  benchmark_client] Sending sample transaction 688
[2026-05-22T09:12:17.200Z INFO  benchmark_client] Sending sample transaction 689
[2026-05-22T09:12:17.250Z INFO  benchmark_client] Sending sample transaction 690
[2026-05-22T09:12:17.299Z INFO  benchmark_client] Sending sample transaction 691
[2026-05-22T09:12:17.349Z INFO  benchmark_client] Sending sample transaction 692
[2026-05-22T09:12:17.399Z INFO  benchmark_client] Sending sample transaction 693
[2026-05-22T09:12:17.449Z INFO  benchmark_client] Sending sample transaction 694
[2026-05-22T09:12:17.499Z INFO  benchmark_client] Sending sample transaction 695
[2026-05-22T09:12:17.549Z INFO  benchmark_client] Sending sample transaction 696
[2026-05-22T09:12:17.600Z INFO  benchmark_client] Sending sample transaction 697
[2026-05-22T09:12:17.649Z INFO  benchmark_client] Sending sample transaction 698
[2026-05-22T09:12:17.699Z INFO  benchmark_client] Sending sample transaction 699
[2026-05-22T09:12:17.750Z INFO  benchmark_client] Sending sample transaction 700
[2026-05-22T09:12:17.800Z INFO  benchmark_client] Sending sample transaction 701
[2026-05-22T09:12:17.850Z INFO  benchmark_client] Sending sample transaction 702
[2026-05-22T09:12:17.900Z INFO  benchmark_client] Sending sample transaction 703
[2026-05-22T09:12:17.950Z INFO  benchmark_client] Sending sample transaction 704
[2026-05-22T09:12:18.000Z INFO  benchmark_client] Sending sample transaction 705
[2026-05-22T09:12:18.049Z INFO  benchmark_client] Sending sample transaction 706
[2026-05-22T09:12:18.099Z INFO  benchmark_client] Sending sample transaction 707
[2026-05-22T09:12:18.150Z INFO  benchmark_client] Sending sample transaction 708
[2026-05-22T09:12:18.200Z INFO  benchmark_client] Sending sample transaction 709
[2026-05-22T09:12:18.250Z INFO  benchmark_client] Sending sample transaction 710
[2026-05-22T09:12:18.300Z INFO  benchmark_client] Sending sample transaction 711
[2026-05-22T09:12:18.350Z INFO  benchmark_client] Sending sample transaction 712
[2026-05-22T09:12:18.400Z INFO  benchmark_client] Sending sample transaction 713
[2026-05-22T09:12:18.450Z INFO  benchmark_client] Sending sample transaction 714
[2026-05-22T09:12:18.500Z INFO  benchmark_client] Sending sample transaction 715
[2026-05-22T09:12:18.550Z INFO  benchmark_client] Sending sample transaction 716
[2026-05-22T09:12:18.600Z INFO  benchmark_client] Sending sample transaction 717
[2026-05-22T09:12:18.650Z INFO  benchmark_client] Sending sample transaction 718
[2026-05-22T09:12:18.699Z INFO  benchmark_client] Sending sample transaction 719
[2026-05-22T09:12:18.749Z INFO  benchmark_client] Sending sample transaction 720
[2026-05-22T09:12:18.800Z INFO  benchmark_client] Sending sample transaction 721
[2026-05-22T09:12:18.850Z INFO  benchmark_client] Sending sample transaction 722
[2026-05-22T09:12:18.899Z INFO  benchmark_client] Sending sample transaction 723
[2026-05-22T09:12:18.950Z INFO  benchmark_client] Sending sample transaction 724
[2026-05-22T09:12:19.000Z INFO  benchmark_client] Sending sample transaction 725
[2026-05-22T09:12:19.050Z INFO  benchmark_client] Sending sample transaction 726
[2026-05-22T09:12:19.099Z INFO  benchmark_client] Sending sample transaction 727
[2026-05-22T09:12:19.149Z INFO  benchmark_client] Sending sample transaction 728
[2026-05-22T09:12:19.199Z INFO  benchmark_client] Sending sample transaction 729
[2026-05-22T09:12:19.250Z INFO  benchmark_client] Sending sample transaction 730
[2026-05-22T09:12:19.299Z INFO  benchmark_client] Sending sample transaction 731
[2026-05-22T09:12:19.349Z INFO  benchmark_client] Sending sample transaction 732
[2026-05-22T09:12:19.400Z INFO  benchmark_client] Sending sample transaction 733
[2026-05-22T09:12:19.450Z INFO  benchmark_client] Sending sample transaction 734
[2026-05-22T09:12:19.499Z INFO  benchmark_client] Sending sample transaction 735
[2026-05-22T09:12:19.549Z INFO  benchmark_client] Sending sample transaction 736
[2026-05-22T09:12:19.599Z INFO  benchmark_client] Sending sample transaction 737
[2026-05-22T09:12:19.650Z INFO  benchmark_client] Sending sample transaction 738
[2026-05-22T09:12:19.700Z INFO  benchmark_client] Sending sample transaction 739
[2026-05-22T09:12:19.749Z INFO  benchmark_client] Sending sample transaction 740
[2026-05-22T09:12:19.799Z INFO  benchmark_client] Sending sample transaction 741
[2026-05-22T09:12:19.850Z INFO  benchmark_client] Sending sample transaction 742
[2026-05-22T09:12:19.900Z INFO  benchmark_client] Sending sample transaction 743
[2026-05-22T09:12:19.950Z INFO  benchmark_client] Sending sample transaction 744
[2026-05-22T09:12:20.000Z INFO  benchmark_client] Sending sample transaction 745
[2026-05-22T09:12:20.050Z INFO  benchmark_client] Sending sample transaction 746
[2026-05-22T09:12:20.100Z INFO  benchmark_client] Sending sample transaction 747
[2026-05-22T09:12:20.150Z INFO  benchmark_client] Sending sample transaction 748
[2026-05-22T09:12:20.200Z INFO  benchmark_client] Sending sample transaction 749
[2026-05-22T09:12:20.250Z INFO  benchmark_client] Sending sample transaction 750
[2026-05-22T09:12:20.299Z INFO  benchmark_client] Sending sample transaction 751
[2026-05-22T09:12:20.350Z INFO  benchmark_client] Sending sample transaction 752
[2026-05-22T09:12:20.400Z INFO  benchmark_client] Sending sample transaction 753
[2026-05-22T09:12:20.450Z INFO  benchmark_client] Sending sample transaction 754
[2026-05-22T09:12:20.499Z INFO  benchmark_client] Sending sample transaction 755
[2026-05-22T09:12:20.550Z INFO  benchmark_client] Sending sample transaction 756
[2026-05-22T09:12:20.600Z INFO  benchmark_client] Sending sample transaction 757
[2026-05-22T09:12:20.650Z INFO  benchmark_client] Sending sample transaction 758
[2026-05-22T09:12:20.699Z INFO  benchmark_client] Sending sample transaction 759
[2026-05-22T09:12:20.749Z INFO  benchmark_client] Sending sample transaction 760
[2026-05-22T09:12:20.800Z INFO  benchmark_client] Sending sample transaction 761
[2026-05-22T09:12:20.850Z INFO  benchmark_client] Sending sample transaction 762
[2026-05-22T09:12:20.900Z INFO  benchmark_client] Sending sample transaction 763
[2026-05-22T09:12:20.950Z INFO  benchmark_client] Sending sample transaction 764
[2026-05-22T09:12:20.999Z INFO  benchmark_client] Sending sample transaction 765
[2026-05-22T09:12:21.050Z INFO  benchmark_client] Sending sample transaction 766
[2026-05-22T09:12:21.099Z INFO  benchmark_client] Sending sample transaction 767
[2026-05-22T09:12:21.150Z INFO  benchmark_client] Sending sample transaction 768
[2026-05-22T09:12:21.200Z INFO  benchmark_client] Sending sample transaction 769
[2026-05-22T09:12:21.250Z INFO  benchmark_client] Sending sample transaction 770
[2026-05-22T09:12:21.300Z INFO  benchmark_client] Sending sample transaction 771
[2026-05-22T09:12:21.349Z INFO  benchmark_client] Sending sample transaction 772
[2026-05-22T09:12:21.400Z INFO  benchmark_client] Sending sample transaction 773
[2026-05-22T09:12:21.451Z INFO  benchmark_client] Sending sample transaction 774
[2026-05-22T09:12:21.499Z INFO  benchmark_client] Sending sample transaction 775
[2026-05-22T09:12:21.550Z INFO  benchmark_client] Sending sample transaction 776
[2026-05-22T09:12:21.600Z INFO  benchmark_client] Sending sample transaction 777
[2026-05-22T09:12:21.650Z INFO  benchmark_client] Sending sample transaction 778
[2026-05-22T09:12:21.700Z INFO  benchmark_client] Sending sample transaction 779
[2026-05-22T09:12:21.750Z INFO  benchmark_client] Sending sample transaction 780
[2026-05-22T09:12:21.800Z INFO  benchmark_client] Sending sample transaction 781
[2026-05-22T09:12:21.850Z INFO  benchmark_client] Sending sample transaction 782
[2026-05-22T09:12:21.900Z INFO  benchmark_client] Sending sample transaction 783
[2026-05-22T09:12:21.950Z INFO  benchmark_client] Sending sample transaction 784
[2026-05-22T09:12:22.000Z INFO  benchmark_client] Sending sample transaction 785
[2026-05-22T09:12:22.049Z INFO  benchmark_client] Sending sample transaction 786
[2026-05-22T09:12:22.100Z INFO  benchmark_client] Sending sample transaction 787
[2026-05-22T09:12:22.150Z INFO  benchmark_client] Sending sample transaction 788
[2026-05-22T09:12:22.200Z INFO  benchmark_client] Sending sample transaction 789
[2026-05-22T09:12:22.249Z INFO  benchmark_client] Sending sample transaction 790
[2026-05-22T09:12:22.300Z INFO  benchmark_client] Sending sample transaction 791
[2026-05-22T09:12:22.350Z INFO  benchmark_client] Sending sample transaction 792
[2026-05-22T09:12:22.399Z INFO  benchmark_client] Sending sample transaction 793
[2026-05-22T09:12:22.449Z INFO  benchmark_client] Sending sample transaction 794
[2026-05-22T09:12:22.500Z INFO  benchmark_client] Sending sample transaction 795
[2026-05-22T09:12:22.550Z INFO  benchmark_client] Sending sample transaction 796
[2026-05-22T09:12:22.600Z INFO  benchmark_client] Sending sample transaction 797
[2026-05-22T09:12:22.650Z INFO  benchmark_client] Sending sample transaction 798
[2026-05-22T09:12:22.700Z INFO  benchmark_client] Sending sample transaction 799
[2026-05-22T09:12:22.750Z INFO  benchmark_client] Sending sample transaction 800
[2026-05-22T09:12:22.800Z INFO  benchmark_client] Sending sample transaction 801
[2026-05-22T09:12:22.850Z INFO  benchmark_client] Sending sample transaction 802
[2026-05-22T09:12:22.900Z INFO  benchmark_client] Sending sample transaction 803
[2026-05-22T09:12:22.950Z INFO  benchmark_client] Sending sample transaction 804
[2026-05-22T09:12:22.999Z INFO  benchmark_client] Sending sample transaction 805
[2026-05-22T09:12:23.049Z INFO  benchmark_client] Sending sample transaction 806
[2026-05-22T09:12:23.100Z INFO  benchmark_client] Sending sample transaction 807
[2026-05-22T09:12:23.150Z INFO  benchmark_client] Sending sample transaction 808
[2026-05-22T09:12:23.200Z INFO  benchmark_client] Sending sample transaction 809
[2026-05-22T09:12:23.250Z INFO  benchmark_client] Sending sample transaction 810
[2026-05-22T09:12:23.301Z INFO  benchmark_client] Sending sample transaction 811
[2026-05-22T09:12:23.350Z INFO  benchmark_client] Sending sample transaction 812
[2026-05-22T09:12:23.400Z INFO  benchmark_client] Sending sample transaction 813
[2026-05-22T09:12:23.449Z INFO  benchmark_client] Sending sample transaction 814
[2026-05-22T09:12:23.500Z INFO  benchmark_client] Sending sample transaction 815
[2026-05-22T09:12:23.550Z INFO  benchmark_client] Sending sample transaction 816
[2026-05-22T09:12:23.600Z INFO  benchmark_client] Sending sample transaction 817
[2026-05-22T09:12:23.650Z INFO  benchmark_client] Sending sample transaction 818
[2026-05-22T09:12:23.700Z INFO  benchmark_client] Sending sample transaction 819
[2026-05-22T09:12:23.750Z INFO  benchmark_client] Sending sample transaction 820
[2026-05-22T09:12:23.800Z INFO  benchmark_client] Sending sample transaction 821
[2026-05-22T09:12:23.850Z INFO  benchmark_client] Sending sample transaction 822
[2026-05-22T09:12:23.900Z INFO  benchmark_client] Sending sample transaction 823
[2026-05-22T09:12:23.951Z INFO  benchmark_client] Sending sample transaction 824
[2026-05-22T09:12:24.002Z INFO  benchmark_client] Sending sample transaction 825
[2026-05-22T09:12:24.050Z INFO  benchmark_client] Sending sample transaction 826
[2026-05-22T09:12:24.100Z INFO  benchmark_client] Sending sample transaction 827
[2026-05-22T09:12:24.150Z INFO  benchmark_client] Sending sample transaction 828
[2026-05-22T09:12:24.199Z INFO  benchmark_client] Sending sample transaction 829
[2026-05-22T09:12:24.250Z INFO  benchmark_client] Sending sample transaction 830
[2026-05-22T09:12:24.300Z INFO  benchmark_client] Sending sample transaction 831
[2026-05-22T09:12:24.350Z INFO  benchmark_client] Sending sample transaction 832
[2026-05-22T09:12:24.400Z INFO  benchmark_client] Sending sample transaction 833
[2026-05-22T09:12:24.450Z INFO  benchmark_client] Sending sample transaction 834
[2026-05-22T09:12:24.503Z INFO  benchmark_client] Sending sample transaction 835
[2026-05-22T09:12:24.550Z INFO  benchmark_client] Sending sample transaction 836
[2026-05-22T09:12:24.600Z INFO  benchmark_client] Sending sample transaction 837
[2026-05-22T09:12:24.650Z INFO  benchmark_client] Sending sample transaction 838
[2026-05-22T09:12:24.700Z INFO  benchmark_client] Sending sample transaction 839
[2026-05-22T09:12:24.750Z INFO  benchmark_client] Sending sample transaction 840
[2026-05-22T09:12:24.801Z INFO  benchmark_client] Sending sample transaction 841
[2026-05-22T09:12:24.850Z INFO  benchmark_client] Sending sample transaction 842
[2026-05-22T09:12:24.900Z INFO  benchmark_client] Sending sample transaction 843
[2026-05-22T09:12:24.950Z INFO  benchmark_client] Sending sample transaction 844
[2026-05-22T09:12:25.001Z INFO  benchmark_client] Sending sample transaction 845
[2026-05-22T09:12:25.050Z INFO  benchmark_client] Sending sample transaction 846
[2026-05-22T09:12:25.100Z INFO  benchmark_client] Sending sample transaction 847
[2026-05-22T09:12:25.150Z INFO  benchmark_client] Sending sample transaction 848
[2026-05-22T09:12:25.200Z INFO  benchmark_client] Sending sample transaction 849
[2026-05-22T09:12:25.250Z INFO  benchmark_client] Sending sample transaction 850
[2026-05-22T09:12:25.300Z INFO  benchmark_client] Sending sample transaction 851
[2026-05-22T09:12:25.350Z INFO  benchmark_client] Sending sample transaction 852
[2026-05-22T09:12:25.400Z INFO  benchmark_client] Sending sample transaction 853
[2026-05-22T09:12:25.449Z INFO  benchmark_client] Sending sample transaction 854
[2026-05-22T09:12:25.500Z INFO  benchmark_client] Sending sample transaction 855
[2026-05-22T09:12:25.550Z INFO  benchmark_client] Sending sample transaction 856
[2026-05-22T09:12:25.600Z INFO  benchmark_client] Sending sample transaction 857
[2026-05-22T09:12:25.650Z INFO  benchmark_client] Sending sample transaction 858
[2026-05-22T09:12:25.700Z INFO  benchmark_client] Sending sample transaction 859
[2026-05-22T09:12:25.750Z INFO  benchmark_client] Sending sample transaction 860
[2026-05-22T09:12:25.800Z INFO  benchmark_client] Sending sample transaction 861
[2026-05-22T09:12:25.850Z INFO  benchmark_client] Sending sample transaction 862
[2026-05-22T09:12:25.900Z INFO  benchmark_client] Sending sample transaction 863
[2026-05-22T09:12:25.950Z INFO  benchmark_client] Sending sample transaction 864
[2026-05-22T09:12:26.000Z INFO  benchmark_client] Sending sample transaction 865
[2026-05-22T09:12:26.050Z INFO  benchmark_client] Sending sample transaction 866
[2026-05-22T09:12:26.100Z INFO  benchmark_client] Sending sample transaction 867
[2026-05-22T09:12:26.150Z INFO  benchmark_client] Sending sample transaction 868
[2026-05-22T09:12:26.200Z INFO  benchmark_client] Sending sample transaction 869
[2026-05-22T09:12:26.250Z INFO  benchmark_client] Sending sample transaction 870
[2026-05-22T09:12:26.300Z INFO  benchmark_client] Sending sample transaction 871
[2026-05-22T09:12:26.350Z INFO  benchmark_client] Sending sample transaction 872
[2026-05-22T09:12:26.399Z INFO  benchmark_client] Sending sample transaction 873
[2026-05-22T09:12:26.449Z INFO  benchmark_client] Sending sample transaction 874
[2026-05-22T09:12:26.500Z INFO  benchmark_client] Sending sample transaction 875
[2026-05-22T09:12:26.550Z INFO  benchmark_client] Sending sample transaction 876
[2026-05-22T09:12:26.600Z INFO  benchmark_client] Sending sample transaction 877
[2026-05-22T09:12:26.650Z INFO  benchmark_client] Sending sample transaction 878
[2026-05-22T09:12:26.700Z INFO  benchmark_client] Sending sample transaction 879
[2026-05-22T09:12:26.750Z INFO  benchmark_client] Sending sample transaction 880
[2026-05-22T09:12:26.800Z INFO  benchmark_client] Sending sample transaction 881
[2026-05-22T09:12:26.850Z INFO  benchmark_client] Sending sample transaction 882
[2026-05-22T09:12:26.899Z INFO  benchmark_client] Sending sample transaction 883
[2026-05-22T09:12:26.950Z INFO  benchmark_client] Sending sample transaction 884
[2026-05-22T09:12:26.999Z INFO  benchmark_client] Sending sample transaction 885
[2026-05-22T09:12:27.050Z INFO  benchmark_client] Sending sample transaction 886
[2026-05-22T09:12:27.099Z INFO  benchmark_client] Sending sample transaction 887
[2026-05-22T09:12:27.150Z INFO  benchmark_client] Sending sample transaction 888
[2026-05-22T09:12:27.200Z INFO  benchmark_client] Sending sample transaction 889
[2026-05-22T09:12:27.250Z INFO  benchmark_client] Sending sample transaction 890
[2026-05-22T09:12:27.300Z INFO  benchmark_client] Sending sample transaction 891
[2026-05-22T09:12:27.350Z INFO  benchmark_client] Sending sample transaction 892
[2026-05-22T09:12:27.400Z INFO  benchmark_client] Sending sample transaction 893
