[2026-05-22T09:11:40.873Z INFO  benchmark_client] Node address: 34.21.159.42:5023
[2026-05-22T09:11:40.873Z INFO  benchmark_client] Transactions size: 512 B
[2026-05-22T09:11:40.873Z INFO  benchmark_client] Transactions rate: 6667 tx/s
[2026-05-22T09:11:40.873Z INFO  benchmark_client] Waiting for all nodes to be online...
[2026-05-22T09:11:41.172Z INFO  benchmark_client] Start sending transactions
[2026-05-22T09:11:41.173Z INFO  benchmark_client] Sending sample transaction 0
[2026-05-22T09:11:41.223Z INFO  benchmark_client] Sending sample transaction 1
[2026-05-22T09:11:41.274Z INFO  benchmark_client] Sending sample transaction 2
[2026-05-22T09:11:41.324Z INFO  benchmark_client] Sending sample transaction 3
[2026-05-22T09:11:41.373Z INFO  benchmark_client] Sending sample transaction 4
[2026-05-22T09:11:41.423Z INFO  benchmark_client] Sending sample transaction 5
[2026-05-22T09:11:41.473Z INFO  benchmark_client] Sending sample transaction 6
[2026-05-22T09:11:41.524Z INFO  benchmark_client] Sending sample transaction 7
[2026-05-22T09:11:41.574Z INFO  benchmark_client] Sending sample transaction 8
[2026-05-22T09:11:41.624Z INFO  benchmark_client] Sending sample transaction 9
[2026-05-22T09:11:41.674Z INFO  benchmark_client] Sending sample transaction 10
[2026-05-22T09:11:41.723Z INFO  benchmark_client] Sending sample transaction 11
[2026-05-22T09:11:41.773Z INFO  benchmark_client] Sending sample transaction 12
[2026-05-22T09:11:41.824Z INFO  benchmark_client] Sending sample transaction 13
[2026-05-22T09:11:41.874Z INFO  benchmark_client] Sending sample transaction 14
[2026-05-22T09:11:41.923Z INFO  benchmark_client] Sending sample transaction 15
[2026-05-22T09:11:41.974Z INFO  benchmark_client] Sending sample transaction 16
[2026-05-22T09:11:42.024Z INFO  benchmark_client] Sending sample transaction 17
[2026-05-22T09:11:42.074Z INFO  benchmark_client] Sending sample transaction 18
[2026-05-22T09:11:42.124Z INFO  benchmark_client] Sending sample transaction 19
[2026-05-22T09:11:42.174Z INFO  benchmark_client] Sending sample transaction 20
[2026-05-22T09:11:42.223Z INFO  benchmark_client] Sending sample transaction 21
[2026-05-22T09:11:42.274Z INFO  benchmark_client] Sending sample transaction 22
[2026-05-22T09:11:42.324Z INFO  benchmark_client] Sending sample transaction 23
[2026-05-22T09:11:42.373Z INFO  benchmark_client] Sending sample transaction 24
[2026-05-22T09:11:42.424Z INFO  benchmark_client] Sending sample transaction 25
[2026-05-22T09:11:42.474Z INFO  benchmark_client] Sending sample transaction 26
[2026-05-22T09:11:42.523Z INFO  benchmark_client] Sending sample transaction 27
[2026-05-22T09:11:42.573Z INFO  benchmark_client] Sending sample transaction 28
[2026-05-22T09:11:42.623Z INFO  benchmark_client] Sending sample transaction 29
[2026-05-22T09:11:42.674Z INFO  benchmark_client] Sending sample transaction 30
[2026-05-22T09:11:42.724Z INFO  benchmark_client] Sending sample transaction 31
[2026-05-22T09:11:42.773Z INFO  benchmark_client] Sending sample transaction 32
[2026-05-22T09:11:42.823Z INFO  benchmark_client] Sending sample transaction 33
[2026-05-22T09:11:42.874Z INFO  benchmark_client] Sending sample transaction 34
[2026-05-22T09:11:42.923Z INFO  benchmark_client] Sending sample transaction 35
[2026-05-22T09:11:42.974Z INFO  benchmark_client] Sending sample transaction 36
[2026-05-22T09:11:43.023Z INFO  benchmark_client] Sending sample transaction 37
[2026-05-22T09:11:43.074Z INFO  benchmark_client] Sending sample transaction 38
[2026-05-22T09:11:43.123Z INFO  benchmark_client] Sending sample transaction 39
[2026-05-22T09:11:43.174Z INFO  benchmark_client] Sending sample transaction 40
[2026-05-22T09:11:43.223Z INFO  benchmark_client] Sending sample transaction 41
[2026-05-22T09:11:43.274Z INFO  benchmark_client] Sending sample transaction 42
[2026-05-22T09:11:43.324Z INFO  benchmark_client] Sending sample transaction 43
[2026-05-22T09:11:43.373Z INFO  benchmark_client] Sending sample transaction 44
[2026-05-22T09:11:43.424Z INFO  benchmark_client] Sending sample transaction 45
[2026-05-22T09:11:43.473Z INFO  benchmark_client] Sending sample transaction 46
[2026-05-22T09:11:43.524Z INFO  benchmark_client] Sending sample transaction 47
[2026-05-22T09:11:43.574Z INFO  benchmark_client] Sending sample transaction 48
[2026-05-22T09:11:43.623Z INFO  benchmark_client] Sending sample transaction 49
[2026-05-22T09:11:43.674Z INFO  benchmark_client] Sending sample transaction 50
[2026-05-22T09:11:43.724Z INFO  benchmark_client] Sending sample transaction 51
[2026-05-22T09:11:43.773Z INFO  benchmark_client] Sending sample transaction 52
[2026-05-22T09:11:43.824Z INFO  benchmark_client] Sending sample transaction 53
[2026-05-22T09:11:43.874Z INFO  benchmark_client] Sending sample transaction 54
[2026-05-22T09:11:43.923Z INFO  benchmark_client] Sending sample transaction 55
[2026-05-22T09:11:43.974Z INFO  benchmark_client] Sending sample transaction 56
[2026-05-22T09:11:44.023Z INFO  benchmark_client] Sending sample transaction 57
[2026-05-22T09:11:44.074Z INFO  benchmark_client] Sending sample transaction 58
[2026-05-22T09:11:44.124Z INFO  benchmark_client] Sending sample transaction 59
[2026-05-22T09:11:44.173Z INFO  benchmark_client] Sending sample transaction 60
[2026-05-22T09:11:44.224Z INFO  benchmark_client] Sending sample transaction 61
[2026-05-22T09:11:44.273Z INFO  benchmark_client] Sending sample transaction 62
[2026-05-22T09:11:44.324Z INFO  benchmark_client] Sending sample transaction 63
[2026-05-22T09:11:44.373Z INFO  benchmark_client] Sending sample transaction 64
[2026-05-22T09:11:44.424Z INFO  benchmark_client] Sending sample transaction 65
[2026-05-22T09:11:44.473Z INFO  benchmark_client] Sending sample transaction 66
[2026-05-22T09:11:44.524Z INFO  benchmark_client] Sending sample transaction 67
[2026-05-22T09:11:44.574Z INFO  benchmark_client] Sending sample transaction 68
[2026-05-22T09:11:44.624Z INFO  benchmark_client] Sending sample transaction 69
[2026-05-22T09:11:44.674Z INFO  benchmark_client] Sending sample transaction 70
[2026-05-22T09:11:44.724Z INFO  benchmark_client] Sending sample transaction 71
[2026-05-22T09:11:44.773Z INFO  benchmark_client] Sending sample transaction 72
[2026-05-22T09:11:44.824Z INFO  benchmark_client] Sending sample transaction 73
[2026-05-22T09:11:44.873Z INFO  benchmark_client] Sending sample transaction 74
[2026-05-22T09:11:44.924Z INFO  benchmark_client] Sending sample transaction 75
[2026-05-22T09:11:44.974Z INFO  benchmark_client] Sending sample transaction 76
[2026-05-22T09:11:45.024Z INFO  benchmark_client] Sending sample transaction 77
[2026-05-22T09:11:45.074Z INFO  benchmark_client] Sending sample transaction 78
[2026-05-22T09:11:45.123Z INFO  benchmark_client] Sending sample transaction 79
[2026-05-22T09:11:45.174Z INFO  benchmark_client] Sending sample transaction 80
[2026-05-22T09:11:45.223Z INFO  benchmark_client] Sending sample transaction 81
[2026-05-22T09:11:45.274Z INFO  benchmark_client] Sending sample transaction 82
[2026-05-22T09:11:45.324Z INFO  benchmark_client] Sending sample transaction 83
[2026-05-22T09:11:45.373Z INFO  benchmark_client] Sending sample transaction 84
[2026-05-22T09:11:45.424Z INFO  benchmark_client] Sending sample transaction 85
[2026-05-22T09:11:45.473Z INFO  benchmark_client] Sending sample transaction 86
[2026-05-22T09:11:45.524Z INFO  benchmark_client] Sending sample transaction 87
[2026-05-22T09:11:45.574Z INFO  benchmark_client] Sending sample transaction 88
[2026-05-22T09:11:45.623Z INFO  benchmark_client] Sending sample transaction 89
[2026-05-22T09:11:45.674Z INFO  benchmark_client] Sending sample transaction 90
[2026-05-22T09:11:45.723Z INFO  benchmark_client] Sending sample transaction 91
[2026-05-22T09:11:45.774Z INFO  benchmark_client] Sending sample transaction 92
[2026-05-22T09:11:45.824Z INFO  benchmark_client] Sending sample transaction 93
[2026-05-22T09:11:45.873Z INFO  benchmark_client] Sending sample transaction 94
[2026-05-22T09:11:45.924Z INFO  benchmark_client] Sending sample transaction 95
[2026-05-22T09:11:45.973Z INFO  benchmark_client] Sending sample transaction 96
[2026-05-22T09:11:46.024Z INFO  benchmark_client] Sending sample transaction 97
[2026-05-22T09:11:46.073Z INFO  benchmark_client] Sending sample transaction 98
[2026-05-22T09:11:46.124Z INFO  benchmark_client] Sending sample transaction 99
[2026-05-22T09:11:46.173Z INFO  benchmark_client] Sending sample transaction 100
[2026-05-22T09:11:46.224Z INFO  benchmark_client] Sending sample transaction 101
[2026-05-22T09:11:46.273Z INFO  benchmark_client] Sending sample transaction 102
[2026-05-22T09:11:46.323Z INFO  benchmark_client] Sending sample transaction 103
[2026-05-22T09:11:46.374Z INFO  benchmark_client] Sending sample transaction 104
[2026-05-22T09:11:46.423Z INFO  benchmark_client] Sending sample transaction 105
[2026-05-22T09:11:46.474Z INFO  benchmark_client] Sending sample transaction 106
[2026-05-22T09:11:46.524Z INFO  benchmark_client] Sending sample transaction 107
[2026-05-22T09:11:46.573Z INFO  benchmark_client] Sending sample transaction 108
[2026-05-22T09:11:46.624Z INFO  benchmark_client] Sending sample transaction 109
[2026-05-22T09:11:46.673Z INFO  benchmark_client] Sending sample transaction 110
[2026-05-22T09:11:46.724Z INFO  benchmark_client] Sending sample transaction 111
[2026-05-22T09:11:46.774Z INFO  benchmark_client] Sending sample transaction 112
[2026-05-22T09:11:46.823Z INFO  benchmark_client] Sending sample transaction 113
[2026-05-22T09:11:46.874Z INFO  benchmark_client] Sending sample transaction 114
[2026-05-22T09:11:46.924Z INFO  benchmark_client] Sending sample transaction 115
[2026-05-22T09:11:46.973Z INFO  benchmark_client] Sending sample transaction 116
[2026-05-22T09:11:47.024Z INFO  benchmark_client] Sending sample transaction 117
[2026-05-22T09:11:47.073Z INFO  benchmark_client] Sending sample transaction 118
[2026-05-22T09:11:47.124Z INFO  benchmark_client] Sending sample transaction 119
[2026-05-22T09:11:47.173Z INFO  benchmark_client] Sending sample transaction 120
[2026-05-22T09:11:47.224Z INFO  benchmark_client] Sending sample transaction 121
[2026-05-22T09:11:47.273Z INFO  benchmark_client] Sending sample transaction 122
[2026-05-22T09:11:47.324Z INFO  benchmark_client] Sending sample transaction 123
[2026-05-22T09:11:47.374Z INFO  benchmark_client] Sending sample transaction 124
[2026-05-22T09:11:47.423Z INFO  benchmark_client] Sending sample transaction 125
[2026-05-22T09:11:47.474Z INFO  benchmark_client] Sending sample transaction 126
[2026-05-22T09:11:47.524Z INFO  benchmark_client] Sending sample transaction 127
[2026-05-22T09:11:47.574Z INFO  benchmark_client] Sending sample transaction 128
[2026-05-22T09:11:47.624Z INFO  benchmark_client] Sending sample transaction 129
[2026-05-22T09:11:47.673Z INFO  benchmark_client] Sending sample transaction 130
[2026-05-22T09:11:47.724Z INFO  benchmark_client] Sending sample transaction 131
[2026-05-22T09:11:47.774Z INFO  benchmark_client] Sending sample transaction 132
[2026-05-22T09:11:47.824Z INFO  benchmark_client] Sending sample transaction 133
[2026-05-22T09:11:47.874Z INFO  benchmark_client] Sending sample transaction 134
[2026-05-22T09:11:47.923Z INFO  benchmark_client] Sending sample transaction 135
[2026-05-22T09:11:47.974Z INFO  benchmark_client] Sending sample transaction 136
[2026-05-22T09:11:48.023Z INFO  benchmark_client] Sending sample transaction 137
[2026-05-22T09:11:48.074Z INFO  benchmark_client] Sending sample transaction 138
[2026-05-22T09:11:48.124Z INFO  benchmark_client] Sending sample transaction 139
[2026-05-22T09:11:48.173Z INFO  benchmark_client] Sending sample transaction 140
[2026-05-22T09:11:48.224Z INFO  benchmark_client] Sending sample transaction 141
[2026-05-22T09:11:48.273Z INFO  benchmark_client] Sending sample transaction 142
[2026-05-22T09:11:48.324Z INFO  benchmark_client] Sending sample transaction 143
[2026-05-22T09:11:48.373Z INFO  benchmark_client] Sending sample transaction 144
[2026-05-22T09:11:48.424Z INFO  benchmark_client] Sending sample transaction 145
[2026-05-22T09:11:48.474Z INFO  benchmark_client] Sending sample transaction 146
[2026-05-22T09:11:48.524Z INFO  benchmark_client] Sending sample transaction 147
[2026-05-22T09:11:48.574Z INFO  benchmark_client] Sending sample transaction 148
[2026-05-22T09:11:48.623Z INFO  benchmark_client] Sending sample transaction 149
[2026-05-22T09:11:48.674Z INFO  benchmark_client] Sending sample transaction 150
[2026-05-22T09:11:48.723Z INFO  benchmark_client] Sending sample transaction 151
[2026-05-22T09:11:48.774Z INFO  benchmark_client] Sending sample transaction 152
[2026-05-22T09:11:48.823Z INFO  benchmark_client] Sending sample transaction 153
[2026-05-22T09:11:48.874Z INFO  benchmark_client] Sending sample transaction 154
[2026-05-22T09:11:48.924Z INFO  benchmark_client] Sending sample transaction 155
[2026-05-22T09:11:48.973Z INFO  benchmark_client] Sending sample transaction 156
[2026-05-22T09:11:49.024Z INFO  benchmark_client] Sending sample transaction 157
[2026-05-22T09:11:49.073Z INFO  benchmark_client] Sending sample transaction 158
[2026-05-22T09:11:49.124Z INFO  benchmark_client] Sending sample transaction 159
[2026-05-22T09:11:49.173Z INFO  benchmark_client] Sending sample transaction 160
[2026-05-22T09:11:49.224Z INFO  benchmark_client] Sending sample transaction 161
[2026-05-22T09:11:49.274Z INFO  benchmark_client] Sending sample transaction 162
[2026-05-22T09:11:49.323Z INFO  benchmark_client] Sending sample transaction 163
[2026-05-22T09:11:49.374Z INFO  benchmark_client] Sending sample transaction 164
[2026-05-22T09:11:49.423Z INFO  benchmark_client] Sending sample transaction 165
[2026-05-22T09:11:49.474Z INFO  benchmark_client] Sending sample transaction 166
[2026-05-22T09:11:49.524Z INFO  benchmark_client] Sending sample transaction 167
[2026-05-22T09:11:49.573Z INFO  benchmark_client] Sending sample transaction 168
[2026-05-22T09:11:49.624Z INFO  benchmark_client] Sending sample transaction 169
[2026-05-22T09:11:49.673Z INFO  benchmark_client] Sending sample transaction 170
[2026-05-22T09:11:49.724Z INFO  benchmark_client] Sending sample transaction 171
[2026-05-22T09:11:49.774Z INFO  benchmark_client] Sending sample transaction 172
[2026-05-22T09:11:49.824Z INFO  benchmark_client] Sending sample transaction 173
[2026-05-22T09:11:49.874Z INFO  benchmark_client] Sending sample transaction 174
[2026-05-22T09:11:49.923Z INFO  benchmark_client] Sending sample transaction 175
[2026-05-22T09:11:49.974Z INFO  benchmark_client] Sending sample transaction 176
[2026-05-22T09:11:50.024Z INFO  benchmark_client] Sending sample transaction 177
[2026-05-22T09:11:50.073Z INFO  benchmark_client] Sending sample transaction 178
[2026-05-22T09:11:50.124Z INFO  benchmark_client] Sending sample transaction 179
[2026-05-22T09:11:50.174Z INFO  benchmark_client] Sending sample transaction 180
[2026-05-22T09:11:50.224Z INFO  benchmark_client] Sending sample transaction 181
[2026-05-22T09:11:50.274Z INFO  benchmark_client] Sending sample transaction 182
[2026-05-22T09:11:50.324Z INFO  benchmark_client] Sending sample transaction 183
[2026-05-22T09:11:50.374Z INFO  benchmark_client] Sending sample transaction 184
[2026-05-22T09:11:50.424Z INFO  benchmark_client] Sending sample transaction 185
[2026-05-22T09:11:50.474Z INFO  benchmark_client] Sending sample transaction 186
[2026-05-22T09:11:50.524Z INFO  benchmark_client] Sending sample transaction 187
[2026-05-22T09:11:50.574Z INFO  benchmark_client] Sending sample transaction 188
[2026-05-22T09:11:50.624Z INFO  benchmark_client] Sending sample transaction 189
[2026-05-22T09:11:50.674Z INFO  benchmark_client] Sending sample transaction 190
[2026-05-22T09:11:50.724Z INFO  benchmark_client] Sending sample transaction 191
[2026-05-22T09:11:50.774Z INFO  benchmark_client] Sending sample transaction 192
[2026-05-22T09:11:50.824Z INFO  benchmark_client] Sending sample transaction 193
[2026-05-22T09:11:50.873Z INFO  benchmark_client] Sending sample transaction 194
[2026-05-22T09:11:50.924Z INFO  benchmark_client] Sending sample transaction 195
[2026-05-22T09:11:50.974Z INFO  benchmark_client] Sending sample transaction 196
[2026-05-22T09:11:51.024Z INFO  benchmark_client] Sending sample transaction 197
[2026-05-22T09:11:51.074Z INFO  benchmark_client] Sending sample transaction 198
[2026-05-22T09:11:51.124Z INFO  benchmark_client] Sending sample transaction 199
[2026-05-22T09:11:51.174Z INFO  benchmark_client] Sending sample transaction 200
[2026-05-22T09:11:51.224Z INFO  benchmark_client] Sending sample transaction 201
[2026-05-22T09:11:51.274Z INFO  benchmark_client] Sending sample transaction 202
[2026-05-22T09:11:51.324Z INFO  benchmark_client] Sending sample transaction 203
[2026-05-22T09:11:51.373Z INFO  benchmark_client] Sending sample transaction 204
[2026-05-22T09:11:51.424Z INFO  benchmark_client] Sending sample transaction 205
[2026-05-22T09:11:51.474Z INFO  benchmark_client] Sending sample transaction 206
[2026-05-22T09:11:51.523Z INFO  benchmark_client] Sending sample transaction 207
[2026-05-22T09:11:51.574Z INFO  benchmark_client] Sending sample transaction 208
[2026-05-22T09:11:51.623Z INFO  benchmark_client] Sending sample transaction 209
[2026-05-22T09:11:51.674Z INFO  benchmark_client] Sending sample transaction 210
[2026-05-22T09:11:51.723Z INFO  benchmark_client] Sending sample transaction 211
[2026-05-22T09:11:51.774Z INFO  benchmark_client] Sending sample transaction 212
[2026-05-22T09:11:51.824Z INFO  benchmark_client] Sending sample transaction 213
[2026-05-22T09:11:51.873Z INFO  benchmark_client] Sending sample transaction 214
[2026-05-22T09:11:51.924Z INFO  benchmark_client] Sending sample transaction 215
[2026-05-22T09:11:51.974Z INFO  benchmark_client] Sending sample transaction 216
[2026-05-22T09:11:52.024Z INFO  benchmark_client] Sending sample transaction 217
[2026-05-22T09:11:52.073Z INFO  benchmark_client] Sending sample transaction 218
[2026-05-22T09:11:52.124Z INFO  benchmark_client] Sending sample transaction 219
[2026-05-22T09:11:52.174Z INFO  benchmark_client] Sending sample transaction 220
[2026-05-22T09:11:52.224Z INFO  benchmark_client] Sending sample transaction 221
[2026-05-22T09:11:52.275Z INFO  benchmark_client] Sending sample transaction 222
[2026-05-22T09:11:52.324Z INFO  benchmark_client] Sending sample transaction 223
[2026-05-22T09:11:52.374Z INFO  benchmark_client] Sending sample transaction 224
[2026-05-22T09:11:52.424Z INFO  benchmark_client] Sending sample transaction 225
[2026-05-22T09:11:52.474Z INFO  benchmark_client] Sending sample transaction 226
[2026-05-22T09:11:52.524Z INFO  benchmark_client] Sending sample transaction 227
[2026-05-22T09:11:52.573Z INFO  benchmark_client] Sending sample transaction 228
[2026-05-22T09:11:52.623Z INFO  benchmark_client] Sending sample transaction 229
[2026-05-22T09:11:52.674Z INFO  benchmark_client] Sending sample transaction 230
[2026-05-22T09:11:52.724Z INFO  benchmark_client] Sending sample transaction 231
[2026-05-22T09:11:52.773Z INFO  benchmark_client] Sending sample transaction 232
[2026-05-22T09:11:52.824Z INFO  benchmark_client] Sending sample transaction 233
[2026-05-22T09:11:52.874Z INFO  benchmark_client] Sending sample transaction 234
[2026-05-22T09:11:52.924Z INFO  benchmark_client] Sending sample transaction 235
[2026-05-22T09:11:52.974Z INFO  benchmark_client] Sending sample transaction 236
[2026-05-22T09:11:53.024Z INFO  benchmark_client] Sending sample transaction 237
[2026-05-22T09:11:53.074Z INFO  benchmark_client] Sending sample transaction 238
[2026-05-22T09:11:53.124Z INFO  benchmark_client] Sending sample transaction 239
[2026-05-22T09:11:53.174Z INFO  benchmark_client] Sending sample transaction 240
[2026-05-22T09:11:53.224Z INFO  benchmark_client] Sending sample transaction 241
[2026-05-22T09:11:53.274Z INFO  benchmark_client] Sending sample transaction 242
[2026-05-22T09:11:53.324Z INFO  benchmark_client] Sending sample transaction 243
[2026-05-22T09:11:53.373Z INFO  benchmark_client] Sending sample transaction 244
[2026-05-22T09:11:53.424Z INFO  benchmark_client] Sending sample transaction 245
[2026-05-22T09:11:53.474Z INFO  benchmark_client] Sending sample transaction 246
[2026-05-22T09:11:53.523Z INFO  benchmark_client] Sending sample transaction 247
[2026-05-22T09:11:53.573Z INFO  benchmark_client] Sending sample transaction 248
[2026-05-22T09:11:53.624Z INFO  benchmark_client] Sending sample transaction 249
[2026-05-22T09:11:53.673Z INFO  benchmark_client] Sending sample transaction 250
[2026-05-22T09:11:53.724Z INFO  benchmark_client] Sending sample transaction 251
[2026-05-22T09:11:53.774Z INFO  benchmark_client] Sending sample transaction 252
[2026-05-22T09:11:53.824Z INFO  benchmark_client] Sending sample transaction 253
[2026-05-22T09:11:53.874Z INFO  benchmark_client] Sending sample transaction 254
[2026-05-22T09:11:53.924Z INFO  benchmark_client] Sending sample transaction 255
[2026-05-22T09:11:53.974Z INFO  benchmark_client] Sending sample transaction 256
[2026-05-22T09:11:54.024Z INFO  benchmark_client] Sending sample transaction 257
[2026-05-22T09:11:54.073Z INFO  benchmark_client] Sending sample transaction 258
[2026-05-22T09:11:54.124Z INFO  benchmark_client] Sending sample transaction 259
[2026-05-22T09:11:54.174Z INFO  benchmark_client] Sending sample transaction 260
[2026-05-22T09:11:54.223Z INFO  benchmark_client] Sending sample transaction 261
[2026-05-22T09:11:54.274Z INFO  benchmark_client] Sending sample transaction 262
[2026-05-22T09:11:54.324Z INFO  benchmark_client] Sending sample transaction 263
[2026-05-22T09:11:54.374Z INFO  benchmark_client] Sending sample transaction 264
[2026-05-22T09:11:54.423Z INFO  benchmark_client] Sending sample transaction 265
[2026-05-22T09:11:54.474Z INFO  benchmark_client] Sending sample transaction 266
[2026-05-22T09:11:54.524Z INFO  benchmark_client] Sending sample transaction 267
[2026-05-22T09:11:54.574Z INFO  benchmark_client] Sending sample transaction 268
[2026-05-22T09:11:54.624Z INFO  benchmark_client] Sending sample transaction 269
[2026-05-22T09:11:54.674Z INFO  benchmark_client] Sending sample transaction 270
[2026-05-22T09:11:54.726Z INFO  benchmark_client] Sending sample transaction 271
[2026-05-22T09:11:54.774Z INFO  benchmark_client] Sending sample transaction 272
[2026-05-22T09:11:54.824Z INFO  benchmark_client] Sending sample transaction 273
[2026-05-22T09:11:54.874Z INFO  benchmark_client] Sending sample transaction 274
[2026-05-22T09:11:54.925Z INFO  benchmark_client] Sending sample transaction 275
[2026-05-22T09:11:54.974Z INFO  benchmark_client] Sending sample transaction 276
[2026-05-22T09:11:55.024Z INFO  benchmark_client] Sending sample transaction 277
[2026-05-22T09:11:55.073Z INFO  benchmark_client] Sending sample transaction 278
[2026-05-22T09:11:55.124Z INFO  benchmark_client] Sending sample transaction 279
[2026-05-22T09:11:55.174Z INFO  benchmark_client] Sending sample transaction 280
[2026-05-22T09:11:55.223Z INFO  benchmark_client] Sending sample transaction 281
[2026-05-22T09:11:55.274Z INFO  benchmark_client] Sending sample transaction 282
[2026-05-22T09:11:55.324Z INFO  benchmark_client] Sending sample transaction 283
[2026-05-22T09:11:55.374Z INFO  benchmark_client] Sending sample transaction 284
[2026-05-22T09:11:55.424Z INFO  benchmark_client] Sending sample transaction 285
[2026-05-22T09:11:55.474Z INFO  benchmark_client] Sending sample transaction 286
[2026-05-22T09:11:55.523Z INFO  benchmark_client] Sending sample transaction 287
[2026-05-22T09:11:55.574Z INFO  benchmark_client] Sending sample transaction 288
[2026-05-22T09:11:55.624Z INFO  benchmark_client] Sending sample transaction 289
[2026-05-22T09:11:55.674Z INFO  benchmark_client] Sending sample transaction 290
[2026-05-22T09:11:55.724Z INFO  benchmark_client] Sending sample transaction 291
[2026-05-22T09:11:55.774Z INFO  benchmark_client] Sending sample transaction 292
[2026-05-22T09:11:55.824Z INFO  benchmark_client] Sending sample transaction 293
[2026-05-22T09:11:55.874Z INFO  benchmark_client] Sending sample transaction 294
[2026-05-22T09:11:55.924Z INFO  benchmark_client] Sending sample transaction 295
[2026-05-22T09:11:55.974Z INFO  benchmark_client] Sending sample transaction 296
[2026-05-22T09:11:56.024Z INFO  benchmark_client] Sending sample transaction 297
[2026-05-22T09:11:56.074Z INFO  benchmark_client] Sending sample transaction 298
[2026-05-22T09:11:56.123Z INFO  benchmark_client] Sending sample transaction 299
[2026-05-22T09:11:56.174Z INFO  benchmark_client] Sending sample transaction 300
[2026-05-22T09:11:56.224Z INFO  benchmark_client] Sending sample transaction 301
[2026-05-22T09:11:56.274Z INFO  benchmark_client] Sending sample transaction 302
[2026-05-22T09:11:56.324Z INFO  benchmark_client] Sending sample transaction 303
[2026-05-22T09:11:56.374Z INFO  benchmark_client] Sending sample transaction 304
[2026-05-22T09:11:56.424Z INFO  benchmark_client] Sending sample transaction 305
[2026-05-22T09:11:56.474Z INFO  benchmark_client] Sending sample transaction 306
[2026-05-22T09:11:56.524Z INFO  benchmark_client] Sending sample transaction 307
[2026-05-22T09:11:56.574Z INFO  benchmark_client] Sending sample transaction 308
[2026-05-22T09:11:56.624Z INFO  benchmark_client] Sending sample transaction 309
[2026-05-22T09:11:56.674Z INFO  benchmark_client] Sending sample transaction 310
[2026-05-22T09:11:56.724Z INFO  benchmark_client] Sending sample transaction 311
[2026-05-22T09:11:56.773Z INFO  benchmark_client] Sending sample transaction 312
[2026-05-22T09:11:56.824Z INFO  benchmark_client] Sending sample transaction 313
[2026-05-22T09:11:56.874Z INFO  benchmark_client] Sending sample transaction 314
[2026-05-22T09:11:56.924Z INFO  benchmark_client] Sending sample transaction 315
[2026-05-22T09:11:56.974Z INFO  benchmark_client] Sending sample transaction 316
[2026-05-22T09:11:57.023Z INFO  benchmark_client] Sending sample transaction 317
[2026-05-22T09:11:57.074Z INFO  benchmark_client] Sending sample transaction 318
[2026-05-22T09:11:57.124Z INFO  benchmark_client] Sending sample transaction 319
[2026-05-22T09:11:57.174Z INFO  benchmark_client] Sending sample transaction 320
[2026-05-22T09:11:57.224Z INFO  benchmark_client] Sending sample transaction 321
[2026-05-22T09:11:57.274Z INFO  benchmark_client] Sending sample transaction 322
[2026-05-22T09:11:57.324Z INFO  benchmark_client] Sending sample transaction 323
[2026-05-22T09:11:57.374Z INFO  benchmark_client] Sending sample transaction 324
[2026-05-22T09:11:57.424Z INFO  benchmark_client] Sending sample transaction 325
[2026-05-22T09:11:57.474Z INFO  benchmark_client] Sending sample transaction 326
[2026-05-22T09:11:57.524Z INFO  benchmark_client] Sending sample transaction 327
[2026-05-22T09:11:57.574Z INFO  benchmark_client] Sending sample transaction 328
[2026-05-22T09:11:57.624Z INFO  benchmark_client] Sending sample transaction 329
[2026-05-22T09:11:57.674Z INFO  benchmark_client] Sending sample transaction 330
[2026-05-22T09:11:57.724Z INFO  benchmark_client] Sending sample transaction 331
[2026-05-22T09:11:57.774Z INFO  benchmark_client] Sending sample transaction 332
[2026-05-22T09:11:57.823Z INFO  benchmark_client] Sending sample transaction 333
[2026-05-22T09:11:57.874Z INFO  benchmark_client] Sending sample transaction 334
[2026-05-22T09:11:57.924Z INFO  benchmark_client] Sending sample transaction 335
[2026-05-22T09:11:57.973Z INFO  benchmark_client] Sending sample transaction 336
[2026-05-22T09:11:58.024Z INFO  benchmark_client] Sending sample transaction 337
[2026-05-22T09:11:58.073Z INFO  benchmark_client] Sending sample transaction 338
[2026-05-22T09:11:58.124Z INFO  benchmark_client] Sending sample transaction 339
[2026-05-22T09:11:58.174Z INFO  benchmark_client] Sending sample transaction 340
[2026-05-22T09:11:58.224Z INFO  benchmark_client] Sending sample transaction 341
[2026-05-22T09:11:58.273Z INFO  benchmark_client] Sending sample transaction 342
[2026-05-22T09:11:58.324Z INFO  benchmark_client] Sending sample transaction 343
[2026-05-22T09:11:58.373Z INFO  benchmark_client] Sending sample transaction 344
[2026-05-22T09:11:58.423Z INFO  benchmark_client] Sending sample transaction 345
[2026-05-22T09:11:58.474Z INFO  benchmark_client] Sending sample transaction 346
[2026-05-22T09:11:58.523Z INFO  benchmark_client] Sending sample transaction 347
[2026-05-22T09:11:58.573Z INFO  benchmark_client] Sending sample transaction 348
[2026-05-22T09:11:58.624Z INFO  benchmark_client] Sending sample transaction 349
[2026-05-22T09:11:58.674Z INFO  benchmark_client] Sending sample transaction 350
[2026-05-22T09:11:58.724Z INFO  benchmark_client] Sending sample transaction 351
[2026-05-22T09:11:58.774Z INFO  benchmark_client] Sending sample transaction 352
[2026-05-22T09:11:58.823Z INFO  benchmark_client] Sending sample transaction 353
[2026-05-22T09:11:58.874Z INFO  benchmark_client] Sending sample transaction 354
[2026-05-22T09:11:58.924Z INFO  benchmark_client] Sending sample transaction 355
[2026-05-22T09:11:58.973Z INFO  benchmark_client] Sending sample transaction 356
[2026-05-22T09:11:59.024Z INFO  benchmark_client] Sending sample transaction 357
[2026-05-22T09:11:59.074Z INFO  benchmark_client] Sending sample transaction 358
[2026-05-22T09:11:59.123Z INFO  benchmark_client] Sending sample transaction 359
[2026-05-22T09:11:59.173Z INFO  benchmark_client] Sending sample transaction 360
[2026-05-22T09:11:59.224Z INFO  benchmark_client] Sending sample transaction 361
[2026-05-22T09:11:59.273Z INFO  benchmark_client] Sending sample transaction 362
[2026-05-22T09:11:59.323Z INFO  benchmark_client] Sending sample transaction 363
[2026-05-22T09:11:59.374Z INFO  benchmark_client] Sending sample transaction 364
[2026-05-22T09:11:59.423Z INFO  benchmark_client] Sending sample transaction 365
[2026-05-22T09:11:59.473Z INFO  benchmark_client] Sending sample transaction 366
[2026-05-22T09:11:59.524Z INFO  benchmark_client] Sending sample transaction 367
[2026-05-22T09:11:59.574Z INFO  benchmark_client] Sending sample transaction 368
[2026-05-22T09:11:59.623Z INFO  benchmark_client] Sending sample transaction 369
[2026-05-22T09:11:59.674Z INFO  benchmark_client] Sending sample transaction 370
[2026-05-22T09:11:59.723Z INFO  benchmark_client] Sending sample transaction 371
[2026-05-22T09:11:59.773Z INFO  benchmark_client] Sending sample transaction 372
[2026-05-22T09:11:59.824Z INFO  benchmark_client] Sending sample transaction 373
[2026-05-22T09:11:59.873Z INFO  benchmark_client] Sending sample transaction 374
[2026-05-22T09:11:59.924Z INFO  benchmark_client] Sending sample transaction 375
[2026-05-22T09:11:59.974Z INFO  benchmark_client] Sending sample transaction 376
[2026-05-22T09:12:00.024Z INFO  benchmark_client] Sending sample transaction 377
[2026-05-22T09:12:00.074Z INFO  benchmark_client] Sending sample transaction 378
[2026-05-22T09:12:00.124Z INFO  benchmark_client] Sending sample transaction 379
[2026-05-22T09:12:00.173Z INFO  benchmark_client] Sending sample transaction 380
[2026-05-22T09:12:00.224Z INFO  benchmark_client] Sending sample transaction 381
[2026-05-22T09:12:00.273Z INFO  benchmark_client] Sending sample transaction 382
[2026-05-22T09:12:00.324Z INFO  benchmark_client] Sending sample transaction 383
[2026-05-22T09:12:00.374Z INFO  benchmark_client] Sending sample transaction 384
[2026-05-22T09:12:00.423Z INFO  benchmark_client] Sending sample transaction 385
[2026-05-22T09:12:00.474Z INFO  benchmark_client] Sending sample transaction 386
[2026-05-22T09:12:00.523Z INFO  benchmark_client] Sending sample transaction 387
[2026-05-22T09:12:00.574Z INFO  benchmark_client] Sending sample transaction 388
[2026-05-22T09:12:00.624Z INFO  benchmark_client] Sending sample transaction 389
[2026-05-22T09:12:00.673Z INFO  benchmark_client] Sending sample transaction 390
[2026-05-22T09:12:00.723Z INFO  benchmark_client] Sending sample transaction 391
[2026-05-22T09:12:00.774Z INFO  benchmark_client] Sending sample transaction 392
[2026-05-22T09:12:00.823Z INFO  benchmark_client] Sending sample transaction 393
[2026-05-22T09:12:00.874Z INFO  benchmark_client] Sending sample transaction 394
[2026-05-22T09:12:00.923Z INFO  benchmark_client] Sending sample transaction 395
[2026-05-22T09:12:00.974Z INFO  benchmark_client] Sending sample transaction 396
[2026-05-22T09:12:01.023Z INFO  benchmark_client] Sending sample transaction 397
[2026-05-22T09:12:01.074Z INFO  benchmark_client] Sending sample transaction 398
[2026-05-22T09:12:01.124Z INFO  benchmark_client] Sending sample transaction 399
[2026-05-22T09:12:01.173Z INFO  benchmark_client] Sending sample transaction 400
[2026-05-22T09:12:01.224Z INFO  benchmark_client] Sending sample transaction 401
[2026-05-22T09:12:01.273Z INFO  benchmark_client] Sending sample transaction 402
[2026-05-22T09:12:01.323Z INFO  benchmark_client] Sending sample transaction 403
[2026-05-22T09:12:01.373Z INFO  benchmark_client] Sending sample transaction 404
[2026-05-22T09:12:01.424Z INFO  benchmark_client] Sending sample transaction 405
[2026-05-22T09:12:01.473Z INFO  benchmark_client] Sending sample transaction 406
[2026-05-22T09:12:01.524Z INFO  benchmark_client] Sending sample transaction 407
[2026-05-22T09:12:01.574Z INFO  benchmark_client] Sending sample transaction 408
[2026-05-22T09:12:01.623Z INFO  benchmark_client] Sending sample transaction 409
[2026-05-22T09:12:01.674Z INFO  benchmark_client] Sending sample transaction 410
[2026-05-22T09:12:01.723Z INFO  benchmark_client] Sending sample transaction 411
[2026-05-22T09:12:01.774Z INFO  benchmark_client] Sending sample transaction 412
[2026-05-22T09:12:01.824Z INFO  benchmark_client] Sending sample transaction 413
[2026-05-22T09:12:01.874Z INFO  benchmark_client] Sending sample transaction 414
[2026-05-22T09:12:01.923Z INFO  benchmark_client] Sending sample transaction 415
[2026-05-22T09:12:01.974Z INFO  benchmark_client] Sending sample transaction 416
[2026-05-22T09:12:02.024Z INFO  benchmark_client] Sending sample transaction 417
[2026-05-22T09:12:02.073Z INFO  benchmark_client] Sending sample transaction 418
[2026-05-22T09:12:02.123Z INFO  benchmark_client] Sending sample transaction 419
[2026-05-22T09:12:02.174Z INFO  benchmark_client] Sending sample transaction 420
[2026-05-22T09:12:02.223Z INFO  benchmark_client] Sending sample transaction 421
[2026-05-22T09:12:02.274Z INFO  benchmark_client] Sending sample transaction 422
[2026-05-22T09:12:02.324Z INFO  benchmark_client] Sending sample transaction 423
[2026-05-22T09:12:02.373Z INFO  benchmark_client] Sending sample transaction 424
[2026-05-22T09:12:02.424Z INFO  benchmark_client] Sending sample transaction 425
[2026-05-22T09:12:02.473Z INFO  benchmark_client] Sending sample transaction 426
[2026-05-22T09:12:02.524Z INFO  benchmark_client] Sending sample transaction 427
[2026-05-22T09:12:02.573Z INFO  benchmark_client] Sending sample transaction 428
[2026-05-22T09:12:02.624Z INFO  benchmark_client] Sending sample transaction 429
[2026-05-22T09:12:02.673Z INFO  benchmark_client] Sending sample transaction 430
[2026-05-22T09:12:02.724Z INFO  benchmark_client] Sending sample transaction 431
[2026-05-22T09:12:02.773Z INFO  benchmark_client] Sending sample transaction 432
[2026-05-22T09:12:02.824Z INFO  benchmark_client] Sending sample transaction 433
[2026-05-22T09:12:02.874Z INFO  benchmark_client] Sending sample transaction 434
[2026-05-22T09:12:02.924Z INFO  benchmark_client] Sending sample transaction 435
[2026-05-22T09:12:02.974Z INFO  benchmark_client] Sending sample transaction 436
[2026-05-22T09:12:03.023Z INFO  benchmark_client] Sending sample transaction 437
[2026-05-22T09:12:03.074Z INFO  benchmark_client] Sending sample transaction 438
[2026-05-22T09:12:03.124Z INFO  benchmark_client] Sending sample transaction 439
[2026-05-22T09:12:03.174Z INFO  benchmark_client] Sending sample transaction 440
[2026-05-22T09:12:03.224Z INFO  benchmark_client] Sending sample transaction 441
[2026-05-22T09:12:03.273Z INFO  benchmark_client] Sending sample transaction 442
[2026-05-22T09:12:03.324Z INFO  benchmark_client] Sending sample transaction 443
[2026-05-22T09:12:03.374Z INFO  benchmark_client] Sending sample transaction 444
[2026-05-22T09:12:03.423Z INFO  benchmark_client] Sending sample transaction 445
[2026-05-22T09:12:03.474Z INFO  benchmark_client] Sending sample transaction 446
[2026-05-22T09:12:03.524Z INFO  benchmark_client] Sending sample transaction 447
[2026-05-22T09:12:03.573Z INFO  benchmark_client] Sending sample transaction 448
[2026-05-22T09:12:03.624Z INFO  benchmark_client] Sending sample transaction 449
[2026-05-22T09:12:03.673Z INFO  benchmark_client] Sending sample transaction 450
[2026-05-22T09:12:03.723Z INFO  benchmark_client] Sending sample transaction 451
[2026-05-22T09:12:03.774Z INFO  benchmark_client] Sending sample transaction 452
[2026-05-22T09:12:03.823Z INFO  benchmark_client] Sending sample transaction 453
[2026-05-22T09:12:03.874Z INFO  benchmark_client] Sending sample transaction 454
[2026-05-22T09:12:03.923Z INFO  benchmark_client] Sending sample transaction 455
[2026-05-22T09:12:03.974Z INFO  benchmark_client] Sending sample transaction 456
[2026-05-22T09:12:04.023Z INFO  benchmark_client] Sending sample transaction 457
[2026-05-22T09:12:04.074Z INFO  benchmark_client] Sending sample transaction 458
[2026-05-22T09:12:04.124Z INFO  benchmark_client] Sending sample transaction 459
[2026-05-22T09:12:04.173Z INFO  benchmark_client] Sending sample transaction 460
[2026-05-22T09:12:04.224Z INFO  benchmark_client] Sending sample transaction 461
[2026-05-22T09:12:04.274Z INFO  benchmark_client] Sending sample transaction 462
[2026-05-22T09:12:04.324Z INFO  benchmark_client] Sending sample transaction 463
[2026-05-22T09:12:04.374Z INFO  benchmark_client] Sending sample transaction 464
[2026-05-22T09:12:04.424Z INFO  benchmark_client] Sending sample transaction 465
[2026-05-22T09:12:04.476Z INFO  benchmark_client] Sending sample transaction 466
[2026-05-22T09:12:04.524Z INFO  benchmark_client] Sending sample transaction 467
[2026-05-22T09:12:04.574Z INFO  benchmark_client] Sending sample transaction 468
[2026-05-22T09:12:04.623Z INFO  benchmark_client] Sending sample transaction 469
[2026-05-22T09:12:04.674Z INFO  benchmark_client] Sending sample transaction 470
[2026-05-22T09:12:04.723Z INFO  benchmark_client] Sending sample transaction 471
[2026-05-22T09:12:04.773Z INFO  benchmark_client] Sending sample transaction 472
[2026-05-22T09:12:04.824Z INFO  benchmark_client] Sending sample transaction 473
[2026-05-22T09:12:04.873Z INFO  benchmark_client] Sending sample transaction 474
[2026-05-22T09:12:04.924Z INFO  benchmark_client] Sending sample transaction 475
[2026-05-22T09:12:04.974Z INFO  benchmark_client] Sending sample transaction 476
[2026-05-22T09:12:05.024Z INFO  benchmark_client] Sending sample transaction 477
[2026-05-22T09:12:05.074Z INFO  benchmark_client] Sending sample transaction 478
[2026-05-22T09:12:05.124Z INFO  benchmark_client] Sending sample transaction 479
[2026-05-22T09:12:05.174Z INFO  benchmark_client] Sending sample transaction 480
[2026-05-22T09:12:05.224Z INFO  benchmark_client] Sending sample transaction 481
[2026-05-22T09:12:05.273Z INFO  benchmark_client] Sending sample transaction 482
[2026-05-22T09:12:05.324Z INFO  benchmark_client] Sending sample transaction 483
[2026-05-22T09:12:05.374Z INFO  benchmark_client] Sending sample transaction 484
[2026-05-22T09:12:05.423Z INFO  benchmark_client] Sending sample transaction 485
[2026-05-22T09:12:05.474Z INFO  benchmark_client] Sending sample transaction 486
[2026-05-22T09:12:05.524Z INFO  benchmark_client] Sending sample transaction 487
[2026-05-22T09:12:05.574Z INFO  benchmark_client] Sending sample transaction 488
[2026-05-22T09:12:05.624Z INFO  benchmark_client] Sending sample transaction 489
[2026-05-22T09:12:05.674Z INFO  benchmark_client] Sending sample transaction 490
[2026-05-22T09:12:05.724Z INFO  benchmark_client] Sending sample transaction 491
[2026-05-22T09:12:05.774Z INFO  benchmark_client] Sending sample transaction 492
[2026-05-22T09:12:05.824Z INFO  benchmark_client] Sending sample transaction 493
[2026-05-22T09:12:05.874Z INFO  benchmark_client] Sending sample transaction 494
[2026-05-22T09:12:05.924Z INFO  benchmark_client] Sending sample transaction 495
[2026-05-22T09:12:05.973Z INFO  benchmark_client] Sending sample transaction 496
[2026-05-22T09:12:06.024Z INFO  benchmark_client] Sending sample transaction 497
[2026-05-22T09:12:06.074Z INFO  benchmark_client] Sending sample transaction 498
[2026-05-22T09:12:06.124Z INFO  benchmark_client] Sending sample transaction 499
[2026-05-22T09:12:06.174Z INFO  benchmark_client] Sending sample transaction 500
[2026-05-22T09:12:06.224Z INFO  benchmark_client] Sending sample transaction 501
[2026-05-22T09:12:06.274Z INFO  benchmark_client] Sending sample transaction 502
[2026-05-22T09:12:06.324Z INFO  benchmark_client] Sending sample transaction 503
[2026-05-22T09:12:06.373Z INFO  benchmark_client] Sending sample transaction 504
[2026-05-22T09:12:06.423Z INFO  benchmark_client] Sending sample transaction 505
[2026-05-22T09:12:06.474Z INFO  benchmark_client] Sending sample transaction 506
[2026-05-22T09:12:06.523Z INFO  benchmark_client] Sending sample transaction 507
[2026-05-22T09:12:06.574Z INFO  benchmark_client] Sending sample transaction 508
[2026-05-22T09:12:06.624Z INFO  benchmark_client] Sending sample transaction 509
[2026-05-22T09:12:06.673Z INFO  benchmark_client] Sending sample transaction 510
[2026-05-22T09:12:06.724Z INFO  benchmark_client] Sending sample transaction 511
[2026-05-22T09:12:06.774Z INFO  benchmark_client] Sending sample transaction 512
[2026-05-22T09:12:06.824Z INFO  benchmark_client] Sending sample transaction 513
[2026-05-22T09:12:06.874Z INFO  benchmark_client] Sending sample transaction 514
[2026-05-22T09:12:06.923Z INFO  benchmark_client] Sending sample transaction 515
[2026-05-22T09:12:06.974Z INFO  benchmark_client] Sending sample transaction 516
[2026-05-22T09:12:07.023Z INFO  benchmark_client] Sending sample transaction 517
[2026-05-22T09:12:07.074Z INFO  benchmark_client] Sending sample transaction 518
[2026-05-22T09:12:07.124Z INFO  benchmark_client] Sending sample transaction 519
[2026-05-22T09:12:07.174Z INFO  benchmark_client] Sending sample transaction 520
[2026-05-22T09:12:07.224Z INFO  benchmark_client] Sending sample transaction 521
[2026-05-22T09:12:07.273Z INFO  benchmark_client] Sending sample transaction 522
[2026-05-22T09:12:07.324Z INFO  benchmark_client] Sending sample transaction 523
[2026-05-22T09:12:07.374Z INFO  benchmark_client] Sending sample transaction 524
[2026-05-22T09:12:07.423Z INFO  benchmark_client] Sending sample transaction 525
[2026-05-22T09:12:07.473Z INFO  benchmark_client] Sending sample transaction 526
[2026-05-22T09:12:07.524Z INFO  benchmark_client] Sending sample transaction 527
[2026-05-22T09:12:07.574Z INFO  benchmark_client] Sending sample transaction 528
[2026-05-22T09:12:07.623Z INFO  benchmark_client] Sending sample transaction 529
[2026-05-22T09:12:07.674Z INFO  benchmark_client] Sending sample transaction 530
[2026-05-22T09:12:07.724Z INFO  benchmark_client] Sending sample transaction 531
[2026-05-22T09:12:07.773Z INFO  benchmark_client] Sending sample transaction 532
[2026-05-22T09:12:07.824Z INFO  benchmark_client] Sending sample transaction 533
[2026-05-22T09:12:07.874Z INFO  benchmark_client] Sending sample transaction 534
[2026-05-22T09:12:07.923Z INFO  benchmark_client] Sending sample transaction 535
[2026-05-22T09:12:07.974Z INFO  benchmark_client] Sending sample transaction 536
[2026-05-22T09:12:08.024Z INFO  benchmark_client] Sending sample transaction 537
[2026-05-22T09:12:08.073Z INFO  benchmark_client] Sending sample transaction 538
[2026-05-22T09:12:08.124Z INFO  benchmark_client] Sending sample transaction 539
[2026-05-22T09:12:08.174Z INFO  benchmark_client] Sending sample transaction 540
[2026-05-22T09:12:08.224Z INFO  benchmark_client] Sending sample transaction 541
[2026-05-22T09:12:08.274Z INFO  benchmark_client] Sending sample transaction 542
[2026-05-22T09:12:08.323Z INFO  benchmark_client] Sending sample transaction 543
[2026-05-22T09:12:08.374Z INFO  benchmark_client] Sending sample transaction 544
[2026-05-22T09:12:08.424Z INFO  benchmark_client] Sending sample transaction 545
[2026-05-22T09:12:08.474Z INFO  benchmark_client] Sending sample transaction 546
[2026-05-22T09:12:08.524Z INFO  benchmark_client] Sending sample transaction 547
[2026-05-22T09:12:08.573Z INFO  benchmark_client] Sending sample transaction 548
[2026-05-22T09:12:08.624Z INFO  benchmark_client] Sending sample transaction 549
[2026-05-22T09:12:08.674Z INFO  benchmark_client] Sending sample transaction 550
[2026-05-22T09:12:08.723Z INFO  benchmark_client] Sending sample transaction 551
[2026-05-22T09:12:08.774Z INFO  benchmark_client] Sending sample transaction 552
[2026-05-22T09:12:08.824Z INFO  benchmark_client] Sending sample transaction 553
[2026-05-22T09:12:08.874Z INFO  benchmark_client] Sending sample transaction 554
[2026-05-22T09:12:08.924Z INFO  benchmark_client] Sending sample transaction 555
[2026-05-22T09:12:08.973Z INFO  benchmark_client] Sending sample transaction 556
[2026-05-22T09:12:09.024Z INFO  benchmark_client] Sending sample transaction 557
[2026-05-22T09:12:09.074Z INFO  benchmark_client] Sending sample transaction 558
[2026-05-22T09:12:09.124Z INFO  benchmark_client] Sending sample transaction 559
[2026-05-22T09:12:09.174Z INFO  benchmark_client] Sending sample transaction 560
[2026-05-22T09:12:09.224Z INFO  benchmark_client] Sending sample transaction 561
[2026-05-22T09:12:09.274Z INFO  benchmark_client] Sending sample transaction 562
[2026-05-22T09:12:09.324Z INFO  benchmark_client] Sending sample transaction 563
[2026-05-22T09:12:09.374Z INFO  benchmark_client] Sending sample transaction 564
[2026-05-22T09:12:09.423Z INFO  benchmark_client] Sending sample transaction 565
[2026-05-22T09:12:09.474Z INFO  benchmark_client] Sending sample transaction 566
[2026-05-22T09:12:09.524Z INFO  benchmark_client] Sending sample transaction 567
[2026-05-22T09:12:09.573Z INFO  benchmark_client] Sending sample transaction 568
[2026-05-22T09:12:09.624Z INFO  benchmark_client] Sending sample transaction 569
[2026-05-22T09:12:09.673Z INFO  benchmark_client] Sending sample transaction 570
[2026-05-22T09:12:09.724Z INFO  benchmark_client] Sending sample transaction 571
[2026-05-22T09:12:09.774Z INFO  benchmark_client] Sending sample transaction 572
[2026-05-22T09:12:09.823Z INFO  benchmark_client] Sending sample transaction 573
[2026-05-22T09:12:09.874Z INFO  benchmark_client] Sending sample transaction 574
[2026-05-22T09:12:09.924Z INFO  benchmark_client] Sending sample transaction 575
[2026-05-22T09:12:09.974Z INFO  benchmark_client] Sending sample transaction 576
[2026-05-22T09:12:10.023Z INFO  benchmark_client] Sending sample transaction 577
[2026-05-22T09:12:10.074Z INFO  benchmark_client] Sending sample transaction 578
[2026-05-22T09:12:10.124Z INFO  benchmark_client] Sending sample transaction 579
[2026-05-22T09:12:10.174Z INFO  benchmark_client] Sending sample transaction 580
[2026-05-22T09:12:10.224Z INFO  benchmark_client] Sending sample transaction 581
[2026-05-22T09:12:10.274Z INFO  benchmark_client] Sending sample transaction 582
[2026-05-22T09:12:10.323Z INFO  benchmark_client] Sending sample transaction 583
[2026-05-22T09:12:10.374Z INFO  benchmark_client] Sending sample transaction 584
[2026-05-22T09:12:10.423Z INFO  benchmark_client] Sending sample transaction 585
[2026-05-22T09:12:10.474Z INFO  benchmark_client] Sending sample transaction 586
[2026-05-22T09:12:10.524Z INFO  benchmark_client] Sending sample transaction 587
[2026-05-22T09:12:10.574Z INFO  benchmark_client] Sending sample transaction 588
[2026-05-22T09:12:10.623Z INFO  benchmark_client] Sending sample transaction 589
[2026-05-22T09:12:10.674Z INFO  benchmark_client] Sending sample transaction 590
[2026-05-22T09:12:10.724Z INFO  benchmark_client] Sending sample transaction 591
[2026-05-22T09:12:10.774Z INFO  benchmark_client] Sending sample transaction 592
[2026-05-22T09:12:10.824Z INFO  benchmark_client] Sending sample transaction 593
[2026-05-22T09:12:10.874Z INFO  benchmark_client] Sending sample transaction 594
[2026-05-22T09:12:10.924Z INFO  benchmark_client] Sending sample transaction 595
[2026-05-22T09:12:10.974Z INFO  benchmark_client] Sending sample transaction 596
[2026-05-22T09:12:11.024Z INFO  benchmark_client] Sending sample transaction 597
[2026-05-22T09:12:11.073Z INFO  benchmark_client] Sending sample transaction 598
[2026-05-22T09:12:11.124Z INFO  benchmark_client] Sending sample transaction 599
[2026-05-22T09:12:11.173Z INFO  benchmark_client] Sending sample transaction 600
[2026-05-22T09:12:11.224Z INFO  benchmark_client] Sending sample transaction 601
[2026-05-22T09:12:11.274Z INFO  benchmark_client] Sending sample transaction 602
[2026-05-22T09:12:11.324Z INFO  benchmark_client] Sending sample transaction 603
[2026-05-22T09:12:11.374Z INFO  benchmark_client] Sending sample transaction 604
[2026-05-22T09:12:11.424Z INFO  benchmark_client] Sending sample transaction 605
[2026-05-22T09:12:11.474Z INFO  benchmark_client] Sending sample transaction 606
[2026-05-22T09:12:11.524Z INFO  benchmark_client] Sending sample transaction 607
[2026-05-22T09:12:11.574Z INFO  benchmark_client] Sending sample transaction 608
[2026-05-22T09:12:11.624Z INFO  benchmark_client] Sending sample transaction 609
[2026-05-22T09:12:11.674Z INFO  benchmark_client] Sending sample transaction 610
[2026-05-22T09:12:11.724Z INFO  benchmark_client] Sending sample transaction 611
[2026-05-22T09:12:11.774Z INFO  benchmark_client] Sending sample transaction 612
[2026-05-22T09:12:11.824Z INFO  benchmark_client] Sending sample transaction 613
[2026-05-22T09:12:11.874Z INFO  benchmark_client] Sending sample transaction 614
[2026-05-22T09:12:11.924Z INFO  benchmark_client] Sending sample transaction 615
[2026-05-22T09:12:11.974Z INFO  benchmark_client] Sending sample transaction 616
[2026-05-22T09:12:12.024Z INFO  benchmark_client] Sending sample transaction 617
[2026-05-22T09:12:12.073Z INFO  benchmark_client] Sending sample transaction 618
[2026-05-22T09:12:12.124Z INFO  benchmark_client] Sending sample transaction 619
[2026-05-22T09:12:12.174Z INFO  benchmark_client] Sending sample transaction 620
[2026-05-22T09:12:12.224Z INFO  benchmark_client] Sending sample transaction 621
[2026-05-22T09:12:12.274Z INFO  benchmark_client] Sending sample transaction 622
[2026-05-22T09:12:12.324Z INFO  benchmark_client] Sending sample transaction 623
[2026-05-22T09:12:12.374Z INFO  benchmark_client] Sending sample transaction 624
[2026-05-22T09:12:12.423Z INFO  benchmark_client] Sending sample transaction 625
[2026-05-22T09:12:12.474Z INFO  benchmark_client] Sending sample transaction 626
[2026-05-22T09:12:12.524Z INFO  benchmark_client] Sending sample transaction 627
[2026-05-22T09:12:12.574Z INFO  benchmark_client] Sending sample transaction 628
[2026-05-22T09:12:12.624Z INFO  benchmark_client] Sending sample transaction 629
[2026-05-22T09:12:12.673Z INFO  benchmark_client] Sending sample transaction 630
[2026-05-22T09:12:12.724Z INFO  benchmark_client] Sending sample transaction 631
[2026-05-22T09:12:12.774Z INFO  benchmark_client] Sending sample transaction 632
[2026-05-22T09:12:12.823Z INFO  benchmark_client] Sending sample transaction 633
[2026-05-22T09:12:12.874Z INFO  benchmark_client] Sending sample transaction 634
[2026-05-22T09:12:12.924Z INFO  benchmark_client] Sending sample transaction 635
[2026-05-22T09:12:12.973Z INFO  benchmark_client] Sending sample transaction 636
[2026-05-22T09:12:13.024Z INFO  benchmark_client] Sending sample transaction 637
[2026-05-22T09:12:13.074Z INFO  benchmark_client] Sending sample transaction 638
[2026-05-22T09:12:13.124Z INFO  benchmark_client] Sending sample transaction 639
[2026-05-22T09:12:13.174Z INFO  benchmark_client] Sending sample transaction 640
[2026-05-22T09:12:13.224Z INFO  benchmark_client] Sending sample transaction 641
[2026-05-22T09:12:13.274Z INFO  benchmark_client] Sending sample transaction 642
[2026-05-22T09:12:13.324Z INFO  benchmark_client] Sending sample transaction 643
[2026-05-22T09:12:13.374Z INFO  benchmark_client] Sending sample transaction 644
[2026-05-22T09:12:13.424Z INFO  benchmark_client] Sending sample transaction 645
[2026-05-22T09:12:13.473Z INFO  benchmark_client] Sending sample transaction 646
[2026-05-22T09:12:13.524Z INFO  benchmark_client] Sending sample transaction 647
[2026-05-22T09:12:13.574Z INFO  benchmark_client] Sending sample transaction 648
[2026-05-22T09:12:13.624Z INFO  benchmark_client] Sending sample transaction 649
[2026-05-22T09:12:13.675Z INFO  benchmark_client] Sending sample transaction 650
[2026-05-22T09:12:13.724Z INFO  benchmark_client] Sending sample transaction 651
[2026-05-22T09:12:13.774Z INFO  benchmark_client] Sending sample transaction 652
[2026-05-22T09:12:13.823Z INFO  benchmark_client] Sending sample transaction 653
[2026-05-22T09:12:13.874Z INFO  benchmark_client] Sending sample transaction 654
[2026-05-22T09:12:13.924Z INFO  benchmark_client] Sending sample transaction 655
[2026-05-22T09:12:13.974Z INFO  benchmark_client] Sending sample transaction 656
[2026-05-22T09:12:14.024Z INFO  benchmark_client] Sending sample transaction 657
[2026-05-22T09:12:14.074Z INFO  benchmark_client] Sending sample transaction 658
[2026-05-22T09:12:14.124Z INFO  benchmark_client] Sending sample transaction 659
[2026-05-22T09:12:14.174Z INFO  benchmark_client] Sending sample transaction 660
[2026-05-22T09:12:14.224Z INFO  benchmark_client] Sending sample transaction 661
[2026-05-22T09:12:14.274Z INFO  benchmark_client] Sending sample transaction 662
[2026-05-22T09:12:14.324Z INFO  benchmark_client] Sending sample transaction 663
[2026-05-22T09:12:14.373Z INFO  benchmark_client] Sending sample transaction 664
[2026-05-22T09:12:14.424Z INFO  benchmark_client] Sending sample transaction 665
[2026-05-22T09:12:14.473Z INFO  benchmark_client] Sending sample transaction 666
[2026-05-22T09:12:14.523Z INFO  benchmark_client] Sending sample transaction 667
[2026-05-22T09:12:14.574Z INFO  benchmark_client] Sending sample transaction 668
[2026-05-22T09:12:14.625Z INFO  benchmark_client] Sending sample transaction 669
[2026-05-22T09:12:14.674Z INFO  benchmark_client] Sending sample transaction 670
[2026-05-22T09:12:14.723Z INFO  benchmark_client] Sending sample transaction 671
[2026-05-22T09:12:14.773Z INFO  benchmark_client] Sending sample transaction 672
[2026-05-22T09:12:14.825Z INFO  benchmark_client] Sending sample transaction 673
[2026-05-22T09:12:14.874Z INFO  benchmark_client] Sending sample transaction 674
[2026-05-22T09:12:14.923Z INFO  benchmark_client] Sending sample transaction 675
[2026-05-22T09:12:14.974Z INFO  benchmark_client] Sending sample transaction 676
[2026-05-22T09:12:15.023Z INFO  benchmark_client] Sending sample transaction 677
[2026-05-22T09:12:15.074Z INFO  benchmark_client] Sending sample transaction 678
[2026-05-22T09:12:15.124Z INFO  benchmark_client] Sending sample transaction 679
[2026-05-22T09:12:15.173Z INFO  benchmark_client] Sending sample transaction 680
[2026-05-22T09:12:15.223Z INFO  benchmark_client] Sending sample transaction 681
[2026-05-22T09:12:15.274Z INFO  benchmark_client] Sending sample transaction 682
[2026-05-22T09:12:15.323Z INFO  benchmark_client] Sending sample transaction 683
[2026-05-22T09:12:15.373Z INFO  benchmark_client] Sending sample transaction 684
[2026-05-22T09:12:15.424Z INFO  benchmark_client] Sending sample transaction 685
[2026-05-22T09:12:15.473Z INFO  benchmark_client] Sending sample transaction 686
[2026-05-22T09:12:15.523Z INFO  benchmark_client] Sending sample transaction 687
[2026-05-22T09:12:15.574Z INFO  benchmark_client] Sending sample transaction 688
[2026-05-22T09:12:15.623Z INFO  benchmark_client] Sending sample transaction 689
[2026-05-22T09:12:15.674Z INFO  benchmark_client] Sending sample transaction 690
[2026-05-22T09:12:15.723Z INFO  benchmark_client] Sending sample transaction 691
[2026-05-22T09:12:15.774Z INFO  benchmark_client] Sending sample transaction 692
[2026-05-22T09:12:15.824Z INFO  benchmark_client] Sending sample transaction 693
[2026-05-22T09:12:15.873Z INFO  benchmark_client] Sending sample transaction 694
[2026-05-22T09:12:15.924Z INFO  benchmark_client] Sending sample transaction 695
[2026-05-22T09:12:15.974Z INFO  benchmark_client] Sending sample transaction 696
[2026-05-22T09:12:16.023Z INFO  benchmark_client] Sending sample transaction 697
[2026-05-22T09:12:16.074Z INFO  benchmark_client] Sending sample transaction 698
[2026-05-22T09:12:16.124Z INFO  benchmark_client] Sending sample transaction 699
[2026-05-22T09:12:16.173Z INFO  benchmark_client] Sending sample transaction 700
[2026-05-22T09:12:16.224Z INFO  benchmark_client] Sending sample transaction 701
[2026-05-22T09:12:16.273Z INFO  benchmark_client] Sending sample transaction 702
[2026-05-22T09:12:16.324Z INFO  benchmark_client] Sending sample transaction 703
[2026-05-22T09:12:16.374Z INFO  benchmark_client] Sending sample transaction 704
[2026-05-22T09:12:16.423Z INFO  benchmark_client] Sending sample transaction 705
[2026-05-22T09:12:16.474Z INFO  benchmark_client] Sending sample transaction 706
[2026-05-22T09:12:16.525Z INFO  benchmark_client] Sending sample transaction 707
[2026-05-22T09:12:16.573Z INFO  benchmark_client] Sending sample transaction 708
[2026-05-22T09:12:16.624Z INFO  benchmark_client] Sending sample transaction 709
[2026-05-22T09:12:16.673Z INFO  benchmark_client] Sending sample transaction 710
[2026-05-22T09:12:16.724Z INFO  benchmark_client] Sending sample transaction 711
[2026-05-22T09:12:16.774Z INFO  benchmark_client] Sending sample transaction 712
[2026-05-22T09:12:16.824Z INFO  benchmark_client] Sending sample transaction 713
[2026-05-22T09:12:16.874Z INFO  benchmark_client] Sending sample transaction 714
[2026-05-22T09:12:16.923Z INFO  benchmark_client] Sending sample transaction 715
[2026-05-22T09:12:16.974Z INFO  benchmark_client] Sending sample transaction 716
[2026-05-22T09:12:17.023Z INFO  benchmark_client] Sending sample transaction 717
[2026-05-22T09:12:17.074Z INFO  benchmark_client] Sending sample transaction 718
[2026-05-22T09:12:17.124Z INFO  benchmark_client] Sending sample transaction 719
[2026-05-22T09:12:17.173Z INFO  benchmark_client] Sending sample transaction 720
[2026-05-22T09:12:17.224Z INFO  benchmark_client] Sending sample transaction 721
[2026-05-22T09:12:17.273Z INFO  benchmark_client] Sending sample transaction 722
[2026-05-22T09:12:17.324Z INFO  benchmark_client] Sending sample transaction 723
[2026-05-22T09:12:17.374Z INFO  benchmark_client] Sending sample transaction 724
[2026-05-22T09:12:17.423Z INFO  benchmark_client] Sending sample transaction 725
[2026-05-22T09:12:17.474Z INFO  benchmark_client] Sending sample transaction 726
[2026-05-22T09:12:17.523Z INFO  benchmark_client] Sending sample transaction 727
[2026-05-22T09:12:17.574Z INFO  benchmark_client] Sending sample transaction 728
[2026-05-22T09:12:17.624Z INFO  benchmark_client] Sending sample transaction 729
[2026-05-22T09:12:17.674Z INFO  benchmark_client] Sending sample transaction 730
[2026-05-22T09:12:17.724Z INFO  benchmark_client] Sending sample transaction 731
[2026-05-22T09:12:17.774Z INFO  benchmark_client] Sending sample transaction 732
[2026-05-22T09:12:17.823Z INFO  benchmark_client] Sending sample transaction 733
[2026-05-22T09:12:17.874Z INFO  benchmark_client] Sending sample transaction 734
[2026-05-22T09:12:17.924Z INFO  benchmark_client] Sending sample transaction 735
[2026-05-22T09:12:17.973Z INFO  benchmark_client] Sending sample transaction 736
[2026-05-22T09:12:18.024Z INFO  benchmark_client] Sending sample transaction 737
[2026-05-22T09:12:18.073Z INFO  benchmark_client] Sending sample transaction 738
[2026-05-22T09:12:18.124Z INFO  benchmark_client] Sending sample transaction 739
[2026-05-22T09:12:18.174Z INFO  benchmark_client] Sending sample transaction 740
[2026-05-22T09:12:18.223Z INFO  benchmark_client] Sending sample transaction 741
[2026-05-22T09:12:18.274Z INFO  benchmark_client] Sending sample transaction 742
[2026-05-22T09:12:18.323Z INFO  benchmark_client] Sending sample transaction 743
[2026-05-22T09:12:18.374Z INFO  benchmark_client] Sending sample transaction 744
[2026-05-22T09:12:18.424Z INFO  benchmark_client] Sending sample transaction 745
[2026-05-22T09:12:18.473Z INFO  benchmark_client] Sending sample transaction 746
[2026-05-22T09:12:18.524Z INFO  benchmark_client] Sending sample transaction 747
[2026-05-22T09:12:18.574Z INFO  benchmark_client] Sending sample transaction 748
[2026-05-22T09:12:18.624Z INFO  benchmark_client] Sending sample transaction 749
[2026-05-22T09:12:18.674Z INFO  benchmark_client] Sending sample transaction 750
[2026-05-22T09:12:18.723Z INFO  benchmark_client] Sending sample transaction 751
[2026-05-22T09:12:18.774Z INFO  benchmark_client] Sending sample transaction 752
[2026-05-22T09:12:18.823Z INFO  benchmark_client] Sending sample transaction 753
[2026-05-22T09:12:18.873Z INFO  benchmark_client] Sending sample transaction 754
[2026-05-22T09:12:18.925Z INFO  benchmark_client] Sending sample transaction 755
[2026-05-22T09:12:18.973Z INFO  benchmark_client] Sending sample transaction 756
[2026-05-22T09:12:19.024Z INFO  benchmark_client] Sending sample transaction 757
[2026-05-22T09:12:19.073Z INFO  benchmark_client] Sending sample transaction 758
[2026-05-22T09:12:19.124Z INFO  benchmark_client] Sending sample transaction 759
[2026-05-22T09:12:19.174Z INFO  benchmark_client] Sending sample transaction 760
[2026-05-22T09:12:19.224Z INFO  benchmark_client] Sending sample transaction 761
[2026-05-22T09:12:19.274Z INFO  benchmark_client] Sending sample transaction 762
[2026-05-22T09:12:19.324Z INFO  benchmark_client] Sending sample transaction 763
[2026-05-22T09:12:19.373Z INFO  benchmark_client] Sending sample transaction 764
[2026-05-22T09:12:19.424Z INFO  benchmark_client] Sending sample transaction 765
[2026-05-22T09:12:19.473Z INFO  benchmark_client] Sending sample transaction 766
[2026-05-22T09:12:19.524Z INFO  benchmark_client] Sending sample transaction 767
[2026-05-22T09:12:19.573Z INFO  benchmark_client] Sending sample transaction 768
[2026-05-22T09:12:19.624Z INFO  benchmark_client] Sending sample transaction 769
[2026-05-22T09:12:19.673Z INFO  benchmark_client] Sending sample transaction 770
[2026-05-22T09:12:19.724Z INFO  benchmark_client] Sending sample transaction 771
[2026-05-22T09:12:19.773Z INFO  benchmark_client] Sending sample transaction 772
[2026-05-22T09:12:19.823Z INFO  benchmark_client] Sending sample transaction 773
[2026-05-22T09:12:19.874Z INFO  benchmark_client] Sending sample transaction 774
[2026-05-22T09:12:19.923Z INFO  benchmark_client] Sending sample transaction 775
[2026-05-22T09:12:19.974Z INFO  benchmark_client] Sending sample transaction 776
[2026-05-22T09:12:20.024Z INFO  benchmark_client] Sending sample transaction 777
[2026-05-22T09:12:20.074Z INFO  benchmark_client] Sending sample transaction 778
[2026-05-22T09:12:20.124Z INFO  benchmark_client] Sending sample transaction 779
[2026-05-22T09:12:20.173Z INFO  benchmark_client] Sending sample transaction 780
[2026-05-22T09:12:20.224Z INFO  benchmark_client] Sending sample transaction 781
[2026-05-22T09:12:20.273Z INFO  benchmark_client] Sending sample transaction 782
[2026-05-22T09:12:20.324Z INFO  benchmark_client] Sending sample transaction 783
[2026-05-22T09:12:20.374Z INFO  benchmark_client] Sending sample transaction 784
[2026-05-22T09:12:20.423Z INFO  benchmark_client] Sending sample transaction 785
[2026-05-22T09:12:20.474Z INFO  benchmark_client] Sending sample transaction 786
[2026-05-22T09:12:20.524Z INFO  benchmark_client] Sending sample transaction 787
[2026-05-22T09:12:20.573Z INFO  benchmark_client] Sending sample transaction 788
[2026-05-22T09:12:20.624Z INFO  benchmark_client] Sending sample transaction 789
[2026-05-22T09:12:20.674Z INFO  benchmark_client] Sending sample transaction 790
[2026-05-22T09:12:20.724Z INFO  benchmark_client] Sending sample transaction 791
[2026-05-22T09:12:20.773Z INFO  benchmark_client] Sending sample transaction 792
[2026-05-22T09:12:20.824Z INFO  benchmark_client] Sending sample transaction 793
[2026-05-22T09:12:20.874Z INFO  benchmark_client] Sending sample transaction 794
[2026-05-22T09:12:20.924Z INFO  benchmark_client] Sending sample transaction 795
[2026-05-22T09:12:20.974Z INFO  benchmark_client] Sending sample transaction 796
[2026-05-22T09:12:21.024Z INFO  benchmark_client] Sending sample transaction 797
[2026-05-22T09:12:21.074Z INFO  benchmark_client] Sending sample transaction 798
[2026-05-22T09:12:21.124Z INFO  benchmark_client] Sending sample transaction 799
[2026-05-22T09:12:21.173Z INFO  benchmark_client] Sending sample transaction 800
[2026-05-22T09:12:21.224Z INFO  benchmark_client] Sending sample transaction 801
[2026-05-22T09:12:21.274Z INFO  benchmark_client] Sending sample transaction 802
[2026-05-22T09:12:21.323Z INFO  benchmark_client] Sending sample transaction 803
[2026-05-22T09:12:21.374Z INFO  benchmark_client] Sending sample transaction 804
[2026-05-22T09:12:21.424Z INFO  benchmark_client] Sending sample transaction 805
[2026-05-22T09:12:21.474Z INFO  benchmark_client] Sending sample transaction 806
[2026-05-22T09:12:21.523Z INFO  benchmark_client] Sending sample transaction 807
[2026-05-22T09:12:21.574Z INFO  benchmark_client] Sending sample transaction 808
[2026-05-22T09:12:21.624Z INFO  benchmark_client] Sending sample transaction 809
[2026-05-22T09:12:21.673Z INFO  benchmark_client] Sending sample transaction 810
[2026-05-22T09:12:21.724Z INFO  benchmark_client] Sending sample transaction 811
[2026-05-22T09:12:21.773Z INFO  benchmark_client] Sending sample transaction 812
[2026-05-22T09:12:21.824Z INFO  benchmark_client] Sending sample transaction 813
[2026-05-22T09:12:21.874Z INFO  benchmark_client] Sending sample transaction 814
[2026-05-22T09:12:21.924Z INFO  benchmark_client] Sending sample transaction 815
[2026-05-22T09:12:21.974Z INFO  benchmark_client] Sending sample transaction 816
[2026-05-22T09:12:22.024Z INFO  benchmark_client] Sending sample transaction 817
[2026-05-22T09:12:22.074Z INFO  benchmark_client] Sending sample transaction 818
[2026-05-22T09:12:22.123Z INFO  benchmark_client] Sending sample transaction 819
[2026-05-22T09:12:22.174Z INFO  benchmark_client] Sending sample transaction 820
[2026-05-22T09:12:22.224Z INFO  benchmark_client] Sending sample transaction 821
[2026-05-22T09:12:22.274Z INFO  benchmark_client] Sending sample transaction 822
[2026-05-22T09:12:22.324Z INFO  benchmark_client] Sending sample transaction 823
[2026-05-22T09:12:22.374Z INFO  benchmark_client] Sending sample transaction 824
[2026-05-22T09:12:22.424Z INFO  benchmark_client] Sending sample transaction 825
[2026-05-22T09:12:22.474Z INFO  benchmark_client] Sending sample transaction 826
[2026-05-22T09:12:22.523Z INFO  benchmark_client] Sending sample transaction 827
[2026-05-22T09:12:22.574Z INFO  benchmark_client] Sending sample transaction 828
[2026-05-22T09:12:22.624Z INFO  benchmark_client] Sending sample transaction 829
[2026-05-22T09:12:22.674Z INFO  benchmark_client] Sending sample transaction 830
[2026-05-22T09:12:22.724Z INFO  benchmark_client] Sending sample transaction 831
[2026-05-22T09:12:22.773Z INFO  benchmark_client] Sending sample transaction 832
[2026-05-22T09:12:22.824Z INFO  benchmark_client] Sending sample transaction 833
[2026-05-22T09:12:22.873Z INFO  benchmark_client] Sending sample transaction 834
[2026-05-22T09:12:22.924Z INFO  benchmark_client] Sending sample transaction 835
[2026-05-22T09:12:22.973Z INFO  benchmark_client] Sending sample transaction 836
[2026-05-22T09:12:23.023Z INFO  benchmark_client] Sending sample transaction 837
[2026-05-22T09:12:23.074Z INFO  benchmark_client] Sending sample transaction 838
[2026-05-22T09:12:23.123Z INFO  benchmark_client] Sending sample transaction 839
[2026-05-22T09:12:23.174Z INFO  benchmark_client] Sending sample transaction 840
[2026-05-22T09:12:23.224Z INFO  benchmark_client] Sending sample transaction 841
[2026-05-22T09:12:23.273Z INFO  benchmark_client] Sending sample transaction 842
[2026-05-22T09:12:23.324Z INFO  benchmark_client] Sending sample transaction 843
[2026-05-22T09:12:23.373Z INFO  benchmark_client] Sending sample transaction 844
[2026-05-22T09:12:23.424Z INFO  benchmark_client] Sending sample transaction 845
[2026-05-22T09:12:23.474Z INFO  benchmark_client] Sending sample transaction 846
[2026-05-22T09:12:23.523Z INFO  benchmark_client] Sending sample transaction 847
[2026-05-22T09:12:23.574Z INFO  benchmark_client] Sending sample transaction 848
[2026-05-22T09:12:23.623Z INFO  benchmark_client] Sending sample transaction 849
[2026-05-22T09:12:23.674Z INFO  benchmark_client] Sending sample transaction 850
[2026-05-22T09:12:23.723Z INFO  benchmark_client] Sending sample transaction 851
[2026-05-22T09:12:23.774Z INFO  benchmark_client] Sending sample transaction 852
[2026-05-22T09:12:23.825Z INFO  benchmark_client] Sending sample transaction 853
[2026-05-22T09:12:23.874Z INFO  benchmark_client] Sending sample transaction 854
[2026-05-22T09:12:23.926Z INFO  benchmark_client] Sending sample transaction 855
[2026-05-22T09:12:23.974Z INFO  benchmark_client] Sending sample transaction 856
[2026-05-22T09:12:24.024Z INFO  benchmark_client] Sending sample transaction 857
[2026-05-22T09:12:24.074Z INFO  benchmark_client] Sending sample transaction 858
[2026-05-22T09:12:24.124Z INFO  benchmark_client] Sending sample transaction 859
[2026-05-22T09:12:24.174Z INFO  benchmark_client] Sending sample transaction 860
[2026-05-22T09:12:24.224Z INFO  benchmark_client] Sending sample transaction 861
[2026-05-22T09:12:24.274Z INFO  benchmark_client] Sending sample transaction 862
[2026-05-22T09:12:24.324Z INFO  benchmark_client] Sending sample transaction 863
[2026-05-22T09:12:24.374Z INFO  benchmark_client] Sending sample transaction 864
[2026-05-22T09:12:24.424Z INFO  benchmark_client] Sending sample transaction 865
[2026-05-22T09:12:24.474Z INFO  benchmark_client] Sending sample transaction 866
[2026-05-22T09:12:24.523Z INFO  benchmark_client] Sending sample transaction 867
[2026-05-22T09:12:24.574Z INFO  benchmark_client] Sending sample transaction 868
[2026-05-22T09:12:24.624Z INFO  benchmark_client] Sending sample transaction 869
[2026-05-22T09:12:24.674Z INFO  benchmark_client] Sending sample transaction 870
[2026-05-22T09:12:24.724Z INFO  benchmark_client] Sending sample transaction 871
[2026-05-22T09:12:24.774Z INFO  benchmark_client] Sending sample transaction 872
[2026-05-22T09:12:24.824Z INFO  benchmark_client] Sending sample transaction 873
[2026-05-22T09:12:24.874Z INFO  benchmark_client] Sending sample transaction 874
[2026-05-22T09:12:24.924Z INFO  benchmark_client] Sending sample transaction 875
[2026-05-22T09:12:24.974Z INFO  benchmark_client] Sending sample transaction 876
[2026-05-22T09:12:25.024Z INFO  benchmark_client] Sending sample transaction 877
[2026-05-22T09:12:25.074Z INFO  benchmark_client] Sending sample transaction 878
[2026-05-22T09:12:25.123Z INFO  benchmark_client] Sending sample transaction 879
[2026-05-22T09:12:25.173Z INFO  benchmark_client] Sending sample transaction 880
[2026-05-22T09:12:25.224Z INFO  benchmark_client] Sending sample transaction 881
[2026-05-22T09:12:25.274Z INFO  benchmark_client] Sending sample transaction 882
[2026-05-22T09:12:25.324Z INFO  benchmark_client] Sending sample transaction 883
[2026-05-22T09:12:25.374Z INFO  benchmark_client] Sending sample transaction 884
[2026-05-22T09:12:25.424Z INFO  benchmark_client] Sending sample transaction 885
[2026-05-22T09:12:25.474Z INFO  benchmark_client] Sending sample transaction 886
[2026-05-22T09:12:25.524Z INFO  benchmark_client] Sending sample transaction 887
[2026-05-22T09:12:25.574Z INFO  benchmark_client] Sending sample transaction 888
[2026-05-22T09:12:25.623Z INFO  benchmark_client] Sending sample transaction 889
[2026-05-22T09:12:25.674Z INFO  benchmark_client] Sending sample transaction 890
[2026-05-22T09:12:25.724Z INFO  benchmark_client] Sending sample transaction 891
[2026-05-22T09:12:25.774Z INFO  benchmark_client] Sending sample transaction 892
[2026-05-22T09:12:25.824Z INFO  benchmark_client] Sending sample transaction 893
