[2026-05-22T09:11:46.335Z INFO  benchmark_client] Node address: 136.109.104.208:5008
[2026-05-22T09:11:46.335Z INFO  benchmark_client] Transactions size: 512 B
[2026-05-22T09:11:46.335Z INFO  benchmark_client] Transactions rate: 6667 tx/s
[2026-05-22T09:11:46.335Z INFO  benchmark_client] Waiting for all nodes to be online...
[2026-05-22T09:11:46.497Z INFO  benchmark_client] Start sending transactions
[2026-05-22T09:11:46.498Z INFO  benchmark_client] Sending sample transaction 0
[2026-05-22T09:11:46.548Z INFO  benchmark_client] Sending sample transaction 1
[2026-05-22T09:11:46.598Z INFO  benchmark_client] Sending sample transaction 2
[2026-05-22T09:11:46.648Z INFO  benchmark_client] Sending sample transaction 3
[2026-05-22T09:11:46.698Z INFO  benchmark_client] Sending sample transaction 4
[2026-05-22T09:11:46.748Z INFO  benchmark_client] Sending sample transaction 5
[2026-05-22T09:11:46.799Z INFO  benchmark_client] Sending sample transaction 6
[2026-05-22T09:11:46.847Z INFO  benchmark_client] Sending sample transaction 7
[2026-05-22T09:11:46.898Z INFO  benchmark_client] Sending sample transaction 8
[2026-05-22T09:11:46.947Z INFO  benchmark_client] Sending sample transaction 9
[2026-05-22T09:11:46.998Z INFO  benchmark_client] Sending sample transaction 10
[2026-05-22T09:11:47.048Z INFO  benchmark_client] Sending sample transaction 11
[2026-05-22T09:11:47.098Z INFO  benchmark_client] Sending sample transaction 12
[2026-05-22T09:11:47.148Z INFO  benchmark_client] Sending sample transaction 13
[2026-05-22T09:11:47.198Z INFO  benchmark_client] Sending sample transaction 14
[2026-05-22T09:11:47.248Z INFO  benchmark_client] Sending sample transaction 15
[2026-05-22T09:11:47.298Z INFO  benchmark_client] Sending sample transaction 16
[2026-05-22T09:11:47.348Z INFO  benchmark_client] Sending sample transaction 17
[2026-05-22T09:11:47.398Z INFO  benchmark_client] Sending sample transaction 18
[2026-05-22T09:11:47.448Z INFO  benchmark_client] Sending sample transaction 19
[2026-05-22T09:11:47.498Z INFO  benchmark_client] Sending sample transaction 20
[2026-05-22T09:11:47.549Z INFO  benchmark_client] Sending sample transaction 21
[2026-05-22T09:11:47.598Z INFO  benchmark_client] Sending sample transaction 22
[2026-05-22T09:11:47.648Z INFO  benchmark_client] Sending sample transaction 23
[2026-05-22T09:11:47.697Z INFO  benchmark_client] Sending sample transaction 24
[2026-05-22T09:11:47.748Z INFO  benchmark_client] Sending sample transaction 25
[2026-05-22T09:11:47.798Z INFO  benchmark_client] Sending sample transaction 26
[2026-05-22T09:11:47.848Z INFO  benchmark_client] Sending sample transaction 27
[2026-05-22T09:11:47.898Z INFO  benchmark_client] Sending sample transaction 28
[2026-05-22T09:11:47.948Z INFO  benchmark_client] Sending sample transaction 29
[2026-05-22T09:11:47.998Z INFO  benchmark_client] Sending sample transaction 30
[2026-05-22T09:11:48.048Z INFO  benchmark_client] Sending sample transaction 31
[2026-05-22T09:11:48.098Z INFO  benchmark_client] Sending sample transaction 32
[2026-05-22T09:11:48.148Z INFO  benchmark_client] Sending sample transaction 33
[2026-05-22T09:11:48.198Z INFO  benchmark_client] Sending sample transaction 34
[2026-05-22T09:11:48.248Z INFO  benchmark_client] Sending sample transaction 35
[2026-05-22T09:11:48.298Z INFO  benchmark_client] Sending sample transaction 36
[2026-05-22T09:11:48.348Z INFO  benchmark_client] Sending sample transaction 37
[2026-05-22T09:11:48.398Z INFO  benchmark_client] Sending sample transaction 38
[2026-05-22T09:11:48.448Z INFO  benchmark_client] Sending sample transaction 39
[2026-05-22T09:11:48.498Z INFO  benchmark_client] Sending sample transaction 40
[2026-05-22T09:11:48.548Z INFO  benchmark_client] Sending sample transaction 41
[2026-05-22T09:11:48.598Z INFO  benchmark_client] Sending sample transaction 42
[2026-05-22T09:11:48.648Z INFO  benchmark_client] Sending sample transaction 43
[2026-05-22T09:11:48.698Z INFO  benchmark_client] Sending sample transaction 44
[2026-05-22T09:11:48.748Z INFO  benchmark_client] Sending sample transaction 45
[2026-05-22T09:11:48.798Z INFO  benchmark_client] Sending sample transaction 46
[2026-05-22T09:11:48.848Z INFO  benchmark_client] Sending sample transaction 47
[2026-05-22T09:11:48.898Z INFO  benchmark_client] Sending sample transaction 48
[2026-05-22T09:11:48.948Z INFO  benchmark_client] Sending sample transaction 49
[2026-05-22T09:11:48.998Z INFO  benchmark_client] Sending sample transaction 50
[2026-05-22T09:11:49.048Z INFO  benchmark_client] Sending sample transaction 51
[2026-05-22T09:11:49.098Z INFO  benchmark_client] Sending sample transaction 52
[2026-05-22T09:11:49.149Z INFO  benchmark_client] Sending sample transaction 53
[2026-05-22T09:11:49.198Z INFO  benchmark_client] Sending sample transaction 54
[2026-05-22T09:11:49.248Z INFO  benchmark_client] Sending sample transaction 55
[2026-05-22T09:11:49.298Z INFO  benchmark_client] Sending sample transaction 56
[2026-05-22T09:11:49.348Z INFO  benchmark_client] Sending sample transaction 57
[2026-05-22T09:11:49.398Z INFO  benchmark_client] Sending sample transaction 58
[2026-05-22T09:11:49.448Z INFO  benchmark_client] Sending sample transaction 59
[2026-05-22T09:11:49.498Z INFO  benchmark_client] Sending sample transaction 60
[2026-05-22T09:11:49.548Z INFO  benchmark_client] Sending sample transaction 61
[2026-05-22T09:11:49.598Z INFO  benchmark_client] Sending sample transaction 62
[2026-05-22T09:11:49.648Z INFO  benchmark_client] Sending sample transaction 63
[2026-05-22T09:11:49.699Z INFO  benchmark_client] Sending sample transaction 64
[2026-05-22T09:11:49.748Z INFO  benchmark_client] Sending sample transaction 65
[2026-05-22T09:11:49.798Z INFO  benchmark_client] Sending sample transaction 66
[2026-05-22T09:11:49.848Z INFO  benchmark_client] Sending sample transaction 67
[2026-05-22T09:11:49.898Z INFO  benchmark_client] Sending sample transaction 68
[2026-05-22T09:11:49.948Z INFO  benchmark_client] Sending sample transaction 69
[2026-05-22T09:11:49.998Z INFO  benchmark_client] Sending sample transaction 70
[2026-05-22T09:11:50.048Z INFO  benchmark_client] Sending sample transaction 71
[2026-05-22T09:11:50.099Z INFO  benchmark_client] Sending sample transaction 72
[2026-05-22T09:11:50.148Z INFO  benchmark_client] Sending sample transaction 73
[2026-05-22T09:11:50.199Z INFO  benchmark_client] Sending sample transaction 74
[2026-05-22T09:11:50.249Z INFO  benchmark_client] Sending sample transaction 75
[2026-05-22T09:11:50.298Z INFO  benchmark_client] Sending sample transaction 76
[2026-05-22T09:11:50.348Z INFO  benchmark_client] Sending sample transaction 77
[2026-05-22T09:11:50.398Z INFO  benchmark_client] Sending sample transaction 78
[2026-05-22T09:11:50.448Z INFO  benchmark_client] Sending sample transaction 79
[2026-05-22T09:11:50.498Z INFO  benchmark_client] Sending sample transaction 80
[2026-05-22T09:11:50.548Z INFO  benchmark_client] Sending sample transaction 81
[2026-05-22T09:11:50.598Z INFO  benchmark_client] Sending sample transaction 82
[2026-05-22T09:11:50.648Z INFO  benchmark_client] Sending sample transaction 83
[2026-05-22T09:11:50.698Z INFO  benchmark_client] Sending sample transaction 84
[2026-05-22T09:11:50.748Z INFO  benchmark_client] Sending sample transaction 85
[2026-05-22T09:11:50.798Z INFO  benchmark_client] Sending sample transaction 86
[2026-05-22T09:11:50.848Z INFO  benchmark_client] Sending sample transaction 87
[2026-05-22T09:11:50.898Z INFO  benchmark_client] Sending sample transaction 88
[2026-05-22T09:11:50.948Z INFO  benchmark_client] Sending sample transaction 89
[2026-05-22T09:11:50.998Z INFO  benchmark_client] Sending sample transaction 90
[2026-05-22T09:11:51.048Z INFO  benchmark_client] Sending sample transaction 91
[2026-05-22T09:11:51.098Z INFO  benchmark_client] Sending sample transaction 92
[2026-05-22T09:11:51.148Z INFO  benchmark_client] Sending sample transaction 93
[2026-05-22T09:11:51.198Z INFO  benchmark_client] Sending sample transaction 94
[2026-05-22T09:11:51.248Z INFO  benchmark_client] Sending sample transaction 95
[2026-05-22T09:11:51.298Z INFO  benchmark_client] Sending sample transaction 96
[2026-05-22T09:11:51.348Z INFO  benchmark_client] Sending sample transaction 97
[2026-05-22T09:11:51.399Z INFO  benchmark_client] Sending sample transaction 98
[2026-05-22T09:11:51.448Z INFO  benchmark_client] Sending sample transaction 99
[2026-05-22T09:11:51.498Z INFO  benchmark_client] Sending sample transaction 100
[2026-05-22T09:11:51.548Z INFO  benchmark_client] Sending sample transaction 101
[2026-05-22T09:11:51.598Z INFO  benchmark_client] Sending sample transaction 102
[2026-05-22T09:11:51.648Z INFO  benchmark_client] Sending sample transaction 103
[2026-05-22T09:11:51.698Z INFO  benchmark_client] Sending sample transaction 104
[2026-05-22T09:11:51.748Z INFO  benchmark_client] Sending sample transaction 105
[2026-05-22T09:11:51.798Z INFO  benchmark_client] Sending sample transaction 106
[2026-05-22T09:11:51.849Z INFO  benchmark_client] Sending sample transaction 107
[2026-05-22T09:11:51.899Z INFO  benchmark_client] Sending sample transaction 108
[2026-05-22T09:11:51.949Z INFO  benchmark_client] Sending sample transaction 109
[2026-05-22T09:11:51.998Z INFO  benchmark_client] Sending sample transaction 110
[2026-05-22T09:11:52.049Z INFO  benchmark_client] Sending sample transaction 111
[2026-05-22T09:11:52.098Z INFO  benchmark_client] Sending sample transaction 112
[2026-05-22T09:11:52.148Z INFO  benchmark_client] Sending sample transaction 113
[2026-05-22T09:11:52.198Z INFO  benchmark_client] Sending sample transaction 114
[2026-05-22T09:11:52.248Z INFO  benchmark_client] Sending sample transaction 115
[2026-05-22T09:11:52.298Z INFO  benchmark_client] Sending sample transaction 116
[2026-05-22T09:11:52.348Z INFO  benchmark_client] Sending sample transaction 117
[2026-05-22T09:11:52.398Z INFO  benchmark_client] Sending sample transaction 118
[2026-05-22T09:11:52.448Z INFO  benchmark_client] Sending sample transaction 119
[2026-05-22T09:11:52.498Z INFO  benchmark_client] Sending sample transaction 120
[2026-05-22T09:11:52.548Z INFO  benchmark_client] Sending sample transaction 121
[2026-05-22T09:11:52.598Z INFO  benchmark_client] Sending sample transaction 122
[2026-05-22T09:11:52.648Z INFO  benchmark_client] Sending sample transaction 123
[2026-05-22T09:11:52.698Z INFO  benchmark_client] Sending sample transaction 124
[2026-05-22T09:11:52.748Z INFO  benchmark_client] Sending sample transaction 125
[2026-05-22T09:11:52.798Z INFO  benchmark_client] Sending sample transaction 126
[2026-05-22T09:11:52.848Z INFO  benchmark_client] Sending sample transaction 127
[2026-05-22T09:11:52.898Z INFO  benchmark_client] Sending sample transaction 128
[2026-05-22T09:11:52.948Z INFO  benchmark_client] Sending sample transaction 129
[2026-05-22T09:11:52.998Z INFO  benchmark_client] Sending sample transaction 130
[2026-05-22T09:11:53.048Z INFO  benchmark_client] Sending sample transaction 131
[2026-05-22T09:11:53.098Z INFO  benchmark_client] Sending sample transaction 132
[2026-05-22T09:11:53.149Z INFO  benchmark_client] Sending sample transaction 133
[2026-05-22T09:11:53.198Z INFO  benchmark_client] Sending sample transaction 134
[2026-05-22T09:11:53.248Z INFO  benchmark_client] Sending sample transaction 135
[2026-05-22T09:11:53.299Z INFO  benchmark_client] Sending sample transaction 136
[2026-05-22T09:11:53.348Z INFO  benchmark_client] Sending sample transaction 137
[2026-05-22T09:11:53.398Z INFO  benchmark_client] Sending sample transaction 138
[2026-05-22T09:11:53.449Z INFO  benchmark_client] Sending sample transaction 139
[2026-05-22T09:11:53.498Z INFO  benchmark_client] Sending sample transaction 140
[2026-05-22T09:11:53.548Z INFO  benchmark_client] Sending sample transaction 141
[2026-05-22T09:11:53.599Z INFO  benchmark_client] Sending sample transaction 142
[2026-05-22T09:11:53.648Z INFO  benchmark_client] Sending sample transaction 143
[2026-05-22T09:11:53.698Z INFO  benchmark_client] Sending sample transaction 144
[2026-05-22T09:11:53.748Z INFO  benchmark_client] Sending sample transaction 145
[2026-05-22T09:11:53.798Z INFO  benchmark_client] Sending sample transaction 146
[2026-05-22T09:11:53.849Z INFO  benchmark_client] Sending sample transaction 147
[2026-05-22T09:11:53.898Z INFO  benchmark_client] Sending sample transaction 148
[2026-05-22T09:11:53.948Z INFO  benchmark_client] Sending sample transaction 149
[2026-05-22T09:11:53.998Z INFO  benchmark_client] Sending sample transaction 150
[2026-05-22T09:11:54.048Z INFO  benchmark_client] Sending sample transaction 151
[2026-05-22T09:11:54.098Z INFO  benchmark_client] Sending sample transaction 152
[2026-05-22T09:11:54.148Z INFO  benchmark_client] Sending sample transaction 153
[2026-05-22T09:11:54.198Z INFO  benchmark_client] Sending sample transaction 154
[2026-05-22T09:11:54.248Z INFO  benchmark_client] Sending sample transaction 155
[2026-05-22T09:11:54.298Z INFO  benchmark_client] Sending sample transaction 156
[2026-05-22T09:11:54.348Z INFO  benchmark_client] Sending sample transaction 157
[2026-05-22T09:11:54.398Z INFO  benchmark_client] Sending sample transaction 158
[2026-05-22T09:11:54.448Z INFO  benchmark_client] Sending sample transaction 159
[2026-05-22T09:11:54.498Z INFO  benchmark_client] Sending sample transaction 160
[2026-05-22T09:11:54.549Z INFO  benchmark_client] Sending sample transaction 161
[2026-05-22T09:11:54.600Z INFO  benchmark_client] Sending sample transaction 162
[2026-05-22T09:11:54.651Z INFO  benchmark_client] Sending sample transaction 163
[2026-05-22T09:11:54.698Z INFO  benchmark_client] Sending sample transaction 164
[2026-05-22T09:11:54.749Z INFO  benchmark_client] Sending sample transaction 165
[2026-05-22T09:11:54.800Z INFO  benchmark_client] Sending sample transaction 166
[2026-05-22T09:11:54.849Z INFO  benchmark_client] Sending sample transaction 167
[2026-05-22T09:11:54.898Z INFO  benchmark_client] Sending sample transaction 168
[2026-05-22T09:11:54.948Z INFO  benchmark_client] Sending sample transaction 169
[2026-05-22T09:11:54.998Z INFO  benchmark_client] Sending sample transaction 170
[2026-05-22T09:11:55.048Z INFO  benchmark_client] Sending sample transaction 171
[2026-05-22T09:11:55.098Z INFO  benchmark_client] Sending sample transaction 172
[2026-05-22T09:11:55.148Z INFO  benchmark_client] Sending sample transaction 173
[2026-05-22T09:11:55.198Z INFO  benchmark_client] Sending sample transaction 174
[2026-05-22T09:11:55.248Z INFO  benchmark_client] Sending sample transaction 175
[2026-05-22T09:11:55.298Z INFO  benchmark_client] Sending sample transaction 176
[2026-05-22T09:11:55.348Z INFO  benchmark_client] Sending sample transaction 177
[2026-05-22T09:11:55.398Z INFO  benchmark_client] Sending sample transaction 178
[2026-05-22T09:11:55.449Z INFO  benchmark_client] Sending sample transaction 179
[2026-05-22T09:11:55.498Z INFO  benchmark_client] Sending sample transaction 180
[2026-05-22T09:11:55.548Z INFO  benchmark_client] Sending sample transaction 181
[2026-05-22T09:11:55.598Z INFO  benchmark_client] Sending sample transaction 182
[2026-05-22T09:11:55.648Z INFO  benchmark_client] Sending sample transaction 183
[2026-05-22T09:11:55.698Z INFO  benchmark_client] Sending sample transaction 184
[2026-05-22T09:11:55.748Z INFO  benchmark_client] Sending sample transaction 185
[2026-05-22T09:11:55.799Z INFO  benchmark_client] Sending sample transaction 186
[2026-05-22T09:11:55.849Z INFO  benchmark_client] Sending sample transaction 187
[2026-05-22T09:11:55.898Z INFO  benchmark_client] Sending sample transaction 188
[2026-05-22T09:11:55.950Z INFO  benchmark_client] Sending sample transaction 189
[2026-05-22T09:11:55.998Z INFO  benchmark_client] Sending sample transaction 190
[2026-05-22T09:11:56.049Z INFO  benchmark_client] Sending sample transaction 191
[2026-05-22T09:11:56.098Z INFO  benchmark_client] Sending sample transaction 192
[2026-05-22T09:11:56.148Z INFO  benchmark_client] Sending sample transaction 193
[2026-05-22T09:11:56.198Z INFO  benchmark_client] Sending sample transaction 194
[2026-05-22T09:11:56.249Z INFO  benchmark_client] Sending sample transaction 195
[2026-05-22T09:11:56.299Z INFO  benchmark_client] Sending sample transaction 196
[2026-05-22T09:11:56.348Z INFO  benchmark_client] Sending sample transaction 197
[2026-05-22T09:11:56.399Z INFO  benchmark_client] Sending sample transaction 198
[2026-05-22T09:11:56.448Z INFO  benchmark_client] Sending sample transaction 199
[2026-05-22T09:11:56.498Z INFO  benchmark_client] Sending sample transaction 200
[2026-05-22T09:11:56.548Z INFO  benchmark_client] Sending sample transaction 201
[2026-05-22T09:11:56.598Z INFO  benchmark_client] Sending sample transaction 202
[2026-05-22T09:11:56.649Z INFO  benchmark_client] Sending sample transaction 203
[2026-05-22T09:11:56.698Z INFO  benchmark_client] Sending sample transaction 204
[2026-05-22T09:11:56.748Z INFO  benchmark_client] Sending sample transaction 205
[2026-05-22T09:11:56.799Z INFO  benchmark_client] Sending sample transaction 206
[2026-05-22T09:11:56.849Z INFO  benchmark_client] Sending sample transaction 207
[2026-05-22T09:11:56.900Z INFO  benchmark_client] Sending sample transaction 208
[2026-05-22T09:11:56.948Z INFO  benchmark_client] Sending sample transaction 209
[2026-05-22T09:11:56.999Z INFO  benchmark_client] Sending sample transaction 210
[2026-05-22T09:11:57.049Z INFO  benchmark_client] Sending sample transaction 211
[2026-05-22T09:11:57.099Z INFO  benchmark_client] Sending sample transaction 212
[2026-05-22T09:11:57.148Z INFO  benchmark_client] Sending sample transaction 213
[2026-05-22T09:11:57.198Z INFO  benchmark_client] Sending sample transaction 214
[2026-05-22T09:11:57.248Z INFO  benchmark_client] Sending sample transaction 215
[2026-05-22T09:11:57.298Z INFO  benchmark_client] Sending sample transaction 216
[2026-05-22T09:11:57.348Z INFO  benchmark_client] Sending sample transaction 217
[2026-05-22T09:11:57.398Z INFO  benchmark_client] Sending sample transaction 218
[2026-05-22T09:11:57.448Z INFO  benchmark_client] Sending sample transaction 219
[2026-05-22T09:11:57.498Z INFO  benchmark_client] Sending sample transaction 220
[2026-05-22T09:11:57.549Z INFO  benchmark_client] Sending sample transaction 221
[2026-05-22T09:11:57.599Z INFO  benchmark_client] Sending sample transaction 222
[2026-05-22T09:11:57.648Z INFO  benchmark_client] Sending sample transaction 223
[2026-05-22T09:11:57.699Z INFO  benchmark_client] Sending sample transaction 224
[2026-05-22T09:11:57.748Z INFO  benchmark_client] Sending sample transaction 225
[2026-05-22T09:11:57.799Z INFO  benchmark_client] Sending sample transaction 226
[2026-05-22T09:11:57.848Z INFO  benchmark_client] Sending sample transaction 227
[2026-05-22T09:11:57.898Z INFO  benchmark_client] Sending sample transaction 228
[2026-05-22T09:11:57.949Z INFO  benchmark_client] Sending sample transaction 229
[2026-05-22T09:11:57.999Z INFO  benchmark_client] Sending sample transaction 230
[2026-05-22T09:11:58.048Z INFO  benchmark_client] Sending sample transaction 231
[2026-05-22T09:11:58.098Z INFO  benchmark_client] Sending sample transaction 232
[2026-05-22T09:11:58.148Z INFO  benchmark_client] Sending sample transaction 233
[2026-05-22T09:11:58.198Z INFO  benchmark_client] Sending sample transaction 234
[2026-05-22T09:11:58.248Z INFO  benchmark_client] Sending sample transaction 235
[2026-05-22T09:11:58.298Z INFO  benchmark_client] Sending sample transaction 236
[2026-05-22T09:11:58.348Z INFO  benchmark_client] Sending sample transaction 237
[2026-05-22T09:11:58.398Z INFO  benchmark_client] Sending sample transaction 238
[2026-05-22T09:11:58.448Z INFO  benchmark_client] Sending sample transaction 239
[2026-05-22T09:11:58.498Z INFO  benchmark_client] Sending sample transaction 240
[2026-05-22T09:11:58.548Z INFO  benchmark_client] Sending sample transaction 241
[2026-05-22T09:11:58.598Z INFO  benchmark_client] Sending sample transaction 242
[2026-05-22T09:11:58.649Z INFO  benchmark_client] Sending sample transaction 243
[2026-05-22T09:11:58.698Z INFO  benchmark_client] Sending sample transaction 244
[2026-05-22T09:11:58.748Z INFO  benchmark_client] Sending sample transaction 245
[2026-05-22T09:11:58.798Z INFO  benchmark_client] Sending sample transaction 246
[2026-05-22T09:11:58.848Z INFO  benchmark_client] Sending sample transaction 247
[2026-05-22T09:11:58.898Z INFO  benchmark_client] Sending sample transaction 248
[2026-05-22T09:11:58.949Z INFO  benchmark_client] Sending sample transaction 249
[2026-05-22T09:11:58.999Z INFO  benchmark_client] Sending sample transaction 250
[2026-05-22T09:11:59.048Z INFO  benchmark_client] Sending sample transaction 251
[2026-05-22T09:11:59.099Z INFO  benchmark_client] Sending sample transaction 252
[2026-05-22T09:11:59.148Z INFO  benchmark_client] Sending sample transaction 253
[2026-05-22T09:11:59.199Z INFO  benchmark_client] Sending sample transaction 254
[2026-05-22T09:11:59.249Z INFO  benchmark_client] Sending sample transaction 255
[2026-05-22T09:11:59.298Z INFO  benchmark_client] Sending sample transaction 256
[2026-05-22T09:11:59.351Z INFO  benchmark_client] Sending sample transaction 257
[2026-05-22T09:11:59.398Z INFO  benchmark_client] Sending sample transaction 258
[2026-05-22T09:11:59.448Z INFO  benchmark_client] Sending sample transaction 259
[2026-05-22T09:11:59.499Z INFO  benchmark_client] Sending sample transaction 260
[2026-05-22T09:11:59.549Z INFO  benchmark_client] Sending sample transaction 261
[2026-05-22T09:11:59.599Z INFO  benchmark_client] Sending sample transaction 262
[2026-05-22T09:11:59.649Z INFO  benchmark_client] Sending sample transaction 263
[2026-05-22T09:11:59.698Z INFO  benchmark_client] Sending sample transaction 264
[2026-05-22T09:11:59.748Z INFO  benchmark_client] Sending sample transaction 265
[2026-05-22T09:11:59.798Z INFO  benchmark_client] Sending sample transaction 266
[2026-05-22T09:11:59.848Z INFO  benchmark_client] Sending sample transaction 267
[2026-05-22T09:11:59.898Z INFO  benchmark_client] Sending sample transaction 268
[2026-05-22T09:11:59.949Z INFO  benchmark_client] Sending sample transaction 269
[2026-05-22T09:11:59.999Z INFO  benchmark_client] Sending sample transaction 270
[2026-05-22T09:12:00.048Z INFO  benchmark_client] Sending sample transaction 271
[2026-05-22T09:12:00.099Z INFO  benchmark_client] Sending sample transaction 272
[2026-05-22T09:12:00.148Z INFO  benchmark_client] Sending sample transaction 273
[2026-05-22T09:12:00.199Z INFO  benchmark_client] Sending sample transaction 274
[2026-05-22T09:12:00.248Z INFO  benchmark_client] Sending sample transaction 275
[2026-05-22T09:12:00.298Z INFO  benchmark_client] Sending sample transaction 276
[2026-05-22T09:12:00.348Z INFO  benchmark_client] Sending sample transaction 277
[2026-05-22T09:12:00.399Z INFO  benchmark_client] Sending sample transaction 278
[2026-05-22T09:12:00.448Z INFO  benchmark_client] Sending sample transaction 279
[2026-05-22T09:12:00.499Z INFO  benchmark_client] Sending sample transaction 280
[2026-05-22T09:12:00.549Z INFO  benchmark_client] Sending sample transaction 281
[2026-05-22T09:12:00.598Z INFO  benchmark_client] Sending sample transaction 282
[2026-05-22T09:12:00.648Z INFO  benchmark_client] Sending sample transaction 283
[2026-05-22T09:12:00.698Z INFO  benchmark_client] Sending sample transaction 284
[2026-05-22T09:12:00.748Z INFO  benchmark_client] Sending sample transaction 285
[2026-05-22T09:12:00.798Z INFO  benchmark_client] Sending sample transaction 286
[2026-05-22T09:12:00.848Z INFO  benchmark_client] Sending sample transaction 287
[2026-05-22T09:12:00.899Z INFO  benchmark_client] Sending sample transaction 288
[2026-05-22T09:12:00.949Z INFO  benchmark_client] Sending sample transaction 289
[2026-05-22T09:12:00.999Z INFO  benchmark_client] Sending sample transaction 290
[2026-05-22T09:12:01.049Z INFO  benchmark_client] Sending sample transaction 291
[2026-05-22T09:12:01.099Z INFO  benchmark_client] Sending sample transaction 292
[2026-05-22T09:12:01.149Z INFO  benchmark_client] Sending sample transaction 293
[2026-05-22T09:12:01.199Z INFO  benchmark_client] Sending sample transaction 294
[2026-05-22T09:12:01.249Z INFO  benchmark_client] Sending sample transaction 295
[2026-05-22T09:12:01.299Z INFO  benchmark_client] Sending sample transaction 296
[2026-05-22T09:12:01.348Z INFO  benchmark_client] Sending sample transaction 297
[2026-05-22T09:12:01.398Z INFO  benchmark_client] Sending sample transaction 298
[2026-05-22T09:12:01.448Z INFO  benchmark_client] Sending sample transaction 299
[2026-05-22T09:12:01.498Z INFO  benchmark_client] Sending sample transaction 300
[2026-05-22T09:12:01.548Z INFO  benchmark_client] Sending sample transaction 301
[2026-05-22T09:12:01.598Z INFO  benchmark_client] Sending sample transaction 302
[2026-05-22T09:12:01.648Z INFO  benchmark_client] Sending sample transaction 303
[2026-05-22T09:12:01.698Z INFO  benchmark_client] Sending sample transaction 304
[2026-05-22T09:12:01.749Z INFO  benchmark_client] Sending sample transaction 305
[2026-05-22T09:12:01.799Z INFO  benchmark_client] Sending sample transaction 306
[2026-05-22T09:12:01.848Z INFO  benchmark_client] Sending sample transaction 307
[2026-05-22T09:12:01.899Z INFO  benchmark_client] Sending sample transaction 308
[2026-05-22T09:12:01.949Z INFO  benchmark_client] Sending sample transaction 309
[2026-05-22T09:12:01.999Z INFO  benchmark_client] Sending sample transaction 310
[2026-05-22T09:12:02.048Z INFO  benchmark_client] Sending sample transaction 311
[2026-05-22T09:12:02.099Z INFO  benchmark_client] Sending sample transaction 312
[2026-05-22T09:12:02.149Z INFO  benchmark_client] Sending sample transaction 313
[2026-05-22T09:12:02.199Z INFO  benchmark_client] Sending sample transaction 314
[2026-05-22T09:12:02.248Z INFO  benchmark_client] Sending sample transaction 315
[2026-05-22T09:12:02.299Z INFO  benchmark_client] Sending sample transaction 316
[2026-05-22T09:12:02.349Z INFO  benchmark_client] Sending sample transaction 317
[2026-05-22T09:12:02.399Z INFO  benchmark_client] Sending sample transaction 318
[2026-05-22T09:12:02.448Z INFO  benchmark_client] Sending sample transaction 319
[2026-05-22T09:12:02.499Z INFO  benchmark_client] Sending sample transaction 320
[2026-05-22T09:12:02.549Z INFO  benchmark_client] Sending sample transaction 321
[2026-05-22T09:12:02.599Z INFO  benchmark_client] Sending sample transaction 322
[2026-05-22T09:12:02.649Z INFO  benchmark_client] Sending sample transaction 323
[2026-05-22T09:12:02.699Z INFO  benchmark_client] Sending sample transaction 324
[2026-05-22T09:12:02.749Z INFO  benchmark_client] Sending sample transaction 325
[2026-05-22T09:12:02.799Z INFO  benchmark_client] Sending sample transaction 326
[2026-05-22T09:12:02.849Z INFO  benchmark_client] Sending sample transaction 327
[2026-05-22T09:12:02.899Z INFO  benchmark_client] Sending sample transaction 328
[2026-05-22T09:12:02.949Z INFO  benchmark_client] Sending sample transaction 329
[2026-05-22T09:12:02.999Z INFO  benchmark_client] Sending sample transaction 330
[2026-05-22T09:12:03.048Z INFO  benchmark_client] Sending sample transaction 331
[2026-05-22T09:12:03.099Z INFO  benchmark_client] Sending sample transaction 332
[2026-05-22T09:12:03.148Z INFO  benchmark_client] Sending sample transaction 333
[2026-05-22T09:12:03.197Z INFO  benchmark_client] Sending sample transaction 334
[2026-05-22T09:12:03.248Z INFO  benchmark_client] Sending sample transaction 335
[2026-05-22T09:12:03.298Z INFO  benchmark_client] Sending sample transaction 336
[2026-05-22T09:12:03.348Z INFO  benchmark_client] Sending sample transaction 337
[2026-05-22T09:12:03.398Z INFO  benchmark_client] Sending sample transaction 338
[2026-05-22T09:12:03.448Z INFO  benchmark_client] Sending sample transaction 339
[2026-05-22T09:12:03.498Z INFO  benchmark_client] Sending sample transaction 340
[2026-05-22T09:12:03.548Z INFO  benchmark_client] Sending sample transaction 341
[2026-05-22T09:12:03.601Z INFO  benchmark_client] Sending sample transaction 342
[2026-05-22T09:12:03.648Z INFO  benchmark_client] Sending sample transaction 343
[2026-05-22T09:12:03.698Z INFO  benchmark_client] Sending sample transaction 344
[2026-05-22T09:12:03.748Z INFO  benchmark_client] Sending sample transaction 345
[2026-05-22T09:12:03.798Z INFO  benchmark_client] Sending sample transaction 346
[2026-05-22T09:12:03.848Z INFO  benchmark_client] Sending sample transaction 347
[2026-05-22T09:12:03.898Z INFO  benchmark_client] Sending sample transaction 348
[2026-05-22T09:12:03.948Z INFO  benchmark_client] Sending sample transaction 349
[2026-05-22T09:12:03.998Z INFO  benchmark_client] Sending sample transaction 350
[2026-05-22T09:12:04.048Z INFO  benchmark_client] Sending sample transaction 351
[2026-05-22T09:12:04.098Z INFO  benchmark_client] Sending sample transaction 352
[2026-05-22T09:12:04.148Z INFO  benchmark_client] Sending sample transaction 353
[2026-05-22T09:12:04.198Z INFO  benchmark_client] Sending sample transaction 354
[2026-05-22T09:12:04.247Z INFO  benchmark_client] Sending sample transaction 355
[2026-05-22T09:12:04.298Z INFO  benchmark_client] Sending sample transaction 356
[2026-05-22T09:12:04.350Z INFO  benchmark_client] Sending sample transaction 357
[2026-05-22T09:12:04.398Z INFO  benchmark_client] Sending sample transaction 358
[2026-05-22T09:12:04.448Z INFO  benchmark_client] Sending sample transaction 359
[2026-05-22T09:12:04.498Z INFO  benchmark_client] Sending sample transaction 360
[2026-05-22T09:12:04.548Z INFO  benchmark_client] Sending sample transaction 361
[2026-05-22T09:12:04.598Z INFO  benchmark_client] Sending sample transaction 362
[2026-05-22T09:12:04.648Z INFO  benchmark_client] Sending sample transaction 363
[2026-05-22T09:12:04.698Z INFO  benchmark_client] Sending sample transaction 364
[2026-05-22T09:12:04.748Z INFO  benchmark_client] Sending sample transaction 365
[2026-05-22T09:12:04.798Z INFO  benchmark_client] Sending sample transaction 366
[2026-05-22T09:12:04.848Z INFO  benchmark_client] Sending sample transaction 367
[2026-05-22T09:12:04.898Z INFO  benchmark_client] Sending sample transaction 368
[2026-05-22T09:12:04.948Z INFO  benchmark_client] Sending sample transaction 369
[2026-05-22T09:12:04.998Z INFO  benchmark_client] Sending sample transaction 370
[2026-05-22T09:12:05.048Z INFO  benchmark_client] Sending sample transaction 371
[2026-05-22T09:12:05.098Z INFO  benchmark_client] Sending sample transaction 372
[2026-05-22T09:12:05.148Z INFO  benchmark_client] Sending sample transaction 373
[2026-05-22T09:12:05.198Z INFO  benchmark_client] Sending sample transaction 374
[2026-05-22T09:12:05.248Z INFO  benchmark_client] Sending sample transaction 375
[2026-05-22T09:12:05.298Z INFO  benchmark_client] Sending sample transaction 376
[2026-05-22T09:12:05.348Z INFO  benchmark_client] Sending sample transaction 377
[2026-05-22T09:12:05.398Z INFO  benchmark_client] Sending sample transaction 378
[2026-05-22T09:12:05.448Z INFO  benchmark_client] Sending sample transaction 379
[2026-05-22T09:12:05.498Z INFO  benchmark_client] Sending sample transaction 380
[2026-05-22T09:12:05.548Z INFO  benchmark_client] Sending sample transaction 381
[2026-05-22T09:12:05.598Z INFO  benchmark_client] Sending sample transaction 382
[2026-05-22T09:12:05.648Z INFO  benchmark_client] Sending sample transaction 383
[2026-05-22T09:12:05.698Z INFO  benchmark_client] Sending sample transaction 384
[2026-05-22T09:12:05.748Z INFO  benchmark_client] Sending sample transaction 385
[2026-05-22T09:12:05.798Z INFO  benchmark_client] Sending sample transaction 386
[2026-05-22T09:12:05.848Z INFO  benchmark_client] Sending sample transaction 387
[2026-05-22T09:12:05.898Z INFO  benchmark_client] Sending sample transaction 388
[2026-05-22T09:12:05.948Z INFO  benchmark_client] Sending sample transaction 389
[2026-05-22T09:12:05.998Z INFO  benchmark_client] Sending sample transaction 390
[2026-05-22T09:12:06.048Z INFO  benchmark_client] Sending sample transaction 391
[2026-05-22T09:12:06.098Z INFO  benchmark_client] Sending sample transaction 392
[2026-05-22T09:12:06.148Z INFO  benchmark_client] Sending sample transaction 393
[2026-05-22T09:12:06.198Z INFO  benchmark_client] Sending sample transaction 394
[2026-05-22T09:12:06.248Z INFO  benchmark_client] Sending sample transaction 395
[2026-05-22T09:12:06.298Z INFO  benchmark_client] Sending sample transaction 396
[2026-05-22T09:12:06.348Z INFO  benchmark_client] Sending sample transaction 397
[2026-05-22T09:12:06.398Z INFO  benchmark_client] Sending sample transaction 398
[2026-05-22T09:12:06.448Z INFO  benchmark_client] Sending sample transaction 399
[2026-05-22T09:12:06.498Z INFO  benchmark_client] Sending sample transaction 400
[2026-05-22T09:12:06.548Z INFO  benchmark_client] Sending sample transaction 401
[2026-05-22T09:12:06.599Z INFO  benchmark_client] Sending sample transaction 402
[2026-05-22T09:12:06.648Z INFO  benchmark_client] Sending sample transaction 403
[2026-05-22T09:12:06.698Z INFO  benchmark_client] Sending sample transaction 404
[2026-05-22T09:12:06.748Z INFO  benchmark_client] Sending sample transaction 405
[2026-05-22T09:12:06.798Z INFO  benchmark_client] Sending sample transaction 406
[2026-05-22T09:12:06.848Z INFO  benchmark_client] Sending sample transaction 407
[2026-05-22T09:12:06.898Z INFO  benchmark_client] Sending sample transaction 408
[2026-05-22T09:12:06.948Z INFO  benchmark_client] Sending sample transaction 409
[2026-05-22T09:12:06.998Z INFO  benchmark_client] Sending sample transaction 410
[2026-05-22T09:12:07.048Z INFO  benchmark_client] Sending sample transaction 411
[2026-05-22T09:12:07.098Z INFO  benchmark_client] Sending sample transaction 412
[2026-05-22T09:12:07.148Z INFO  benchmark_client] Sending sample transaction 413
[2026-05-22T09:12:07.198Z INFO  benchmark_client] Sending sample transaction 414
[2026-05-22T09:12:07.248Z INFO  benchmark_client] Sending sample transaction 415
[2026-05-22T09:12:07.298Z INFO  benchmark_client] Sending sample transaction 416
[2026-05-22T09:12:07.348Z INFO  benchmark_client] Sending sample transaction 417
[2026-05-22T09:12:07.398Z INFO  benchmark_client] Sending sample transaction 418
[2026-05-22T09:12:07.448Z INFO  benchmark_client] Sending sample transaction 419
[2026-05-22T09:12:07.498Z INFO  benchmark_client] Sending sample transaction 420
[2026-05-22T09:12:07.548Z INFO  benchmark_client] Sending sample transaction 421
[2026-05-22T09:12:07.598Z INFO  benchmark_client] Sending sample transaction 422
[2026-05-22T09:12:07.648Z INFO  benchmark_client] Sending sample transaction 423
[2026-05-22T09:12:07.698Z INFO  benchmark_client] Sending sample transaction 424
[2026-05-22T09:12:07.748Z INFO  benchmark_client] Sending sample transaction 425
[2026-05-22T09:12:07.798Z INFO  benchmark_client] Sending sample transaction 426
[2026-05-22T09:12:07.848Z INFO  benchmark_client] Sending sample transaction 427
[2026-05-22T09:12:07.898Z INFO  benchmark_client] Sending sample transaction 428
[2026-05-22T09:12:07.948Z INFO  benchmark_client] Sending sample transaction 429
[2026-05-22T09:12:07.998Z INFO  benchmark_client] Sending sample transaction 430
[2026-05-22T09:12:08.048Z INFO  benchmark_client] Sending sample transaction 431
[2026-05-22T09:12:08.098Z INFO  benchmark_client] Sending sample transaction 432
[2026-05-22T09:12:08.148Z INFO  benchmark_client] Sending sample transaction 433
[2026-05-22T09:12:08.198Z INFO  benchmark_client] Sending sample transaction 434
[2026-05-22T09:12:08.248Z INFO  benchmark_client] Sending sample transaction 435
[2026-05-22T09:12:08.298Z INFO  benchmark_client] Sending sample transaction 436
[2026-05-22T09:12:08.348Z INFO  benchmark_client] Sending sample transaction 437
[2026-05-22T09:12:08.398Z INFO  benchmark_client] Sending sample transaction 438
[2026-05-22T09:12:08.448Z INFO  benchmark_client] Sending sample transaction 439
[2026-05-22T09:12:08.498Z INFO  benchmark_client] Sending sample transaction 440
[2026-05-22T09:12:08.548Z INFO  benchmark_client] Sending sample transaction 441
[2026-05-22T09:12:08.598Z INFO  benchmark_client] Sending sample transaction 442
[2026-05-22T09:12:08.648Z INFO  benchmark_client] Sending sample transaction 443
[2026-05-22T09:12:08.698Z INFO  benchmark_client] Sending sample transaction 444
[2026-05-22T09:12:08.748Z INFO  benchmark_client] Sending sample transaction 445
[2026-05-22T09:12:08.798Z INFO  benchmark_client] Sending sample transaction 446
[2026-05-22T09:12:08.848Z INFO  benchmark_client] Sending sample transaction 447
[2026-05-22T09:12:08.898Z INFO  benchmark_client] Sending sample transaction 448
[2026-05-22T09:12:08.948Z INFO  benchmark_client] Sending sample transaction 449
[2026-05-22T09:12:08.998Z INFO  benchmark_client] Sending sample transaction 450
[2026-05-22T09:12:09.048Z INFO  benchmark_client] Sending sample transaction 451
[2026-05-22T09:12:09.098Z INFO  benchmark_client] Sending sample transaction 452
[2026-05-22T09:12:09.148Z INFO  benchmark_client] Sending sample transaction 453
[2026-05-22T09:12:09.198Z INFO  benchmark_client] Sending sample transaction 454
[2026-05-22T09:12:09.248Z INFO  benchmark_client] Sending sample transaction 455
[2026-05-22T09:12:09.298Z INFO  benchmark_client] Sending sample transaction 456
[2026-05-22T09:12:09.348Z INFO  benchmark_client] Sending sample transaction 457
[2026-05-22T09:12:09.398Z INFO  benchmark_client] Sending sample transaction 458
[2026-05-22T09:12:09.449Z INFO  benchmark_client] Sending sample transaction 459
[2026-05-22T09:12:09.498Z INFO  benchmark_client] Sending sample transaction 460
[2026-05-22T09:12:09.549Z INFO  benchmark_client] Sending sample transaction 461
[2026-05-22T09:12:09.598Z INFO  benchmark_client] Sending sample transaction 462
[2026-05-22T09:12:09.649Z INFO  benchmark_client] Sending sample transaction 463
[2026-05-22T09:12:09.698Z INFO  benchmark_client] Sending sample transaction 464
[2026-05-22T09:12:09.748Z INFO  benchmark_client] Sending sample transaction 465
[2026-05-22T09:12:09.798Z INFO  benchmark_client] Sending sample transaction 466
[2026-05-22T09:12:09.848Z INFO  benchmark_client] Sending sample transaction 467
[2026-05-22T09:12:09.899Z INFO  benchmark_client] Sending sample transaction 468
[2026-05-22T09:12:09.948Z INFO  benchmark_client] Sending sample transaction 469
[2026-05-22T09:12:09.998Z INFO  benchmark_client] Sending sample transaction 470
[2026-05-22T09:12:10.048Z INFO  benchmark_client] Sending sample transaction 471
[2026-05-22T09:12:10.098Z INFO  benchmark_client] Sending sample transaction 472
[2026-05-22T09:12:10.148Z INFO  benchmark_client] Sending sample transaction 473
[2026-05-22T09:12:10.198Z INFO  benchmark_client] Sending sample transaction 474
[2026-05-22T09:12:10.248Z INFO  benchmark_client] Sending sample transaction 475
[2026-05-22T09:12:10.298Z INFO  benchmark_client] Sending sample transaction 476
[2026-05-22T09:12:10.349Z INFO  benchmark_client] Sending sample transaction 477
[2026-05-22T09:12:10.398Z INFO  benchmark_client] Sending sample transaction 478
[2026-05-22T09:12:10.448Z INFO  benchmark_client] Sending sample transaction 479
[2026-05-22T09:12:10.499Z INFO  benchmark_client] Sending sample transaction 480
[2026-05-22T09:12:10.549Z INFO  benchmark_client] Sending sample transaction 481
[2026-05-22T09:12:10.599Z INFO  benchmark_client] Sending sample transaction 482
[2026-05-22T09:12:10.648Z INFO  benchmark_client] Sending sample transaction 483
[2026-05-22T09:12:10.699Z INFO  benchmark_client] Sending sample transaction 484
[2026-05-22T09:12:10.748Z INFO  benchmark_client] Sending sample transaction 485
[2026-05-22T09:12:10.798Z INFO  benchmark_client] Sending sample transaction 486
[2026-05-22T09:12:10.848Z INFO  benchmark_client] Sending sample transaction 487
[2026-05-22T09:12:10.898Z INFO  benchmark_client] Sending sample transaction 488
[2026-05-22T09:12:10.948Z INFO  benchmark_client] Sending sample transaction 489
[2026-05-22T09:12:10.998Z INFO  benchmark_client] Sending sample transaction 490
[2026-05-22T09:12:11.048Z INFO  benchmark_client] Sending sample transaction 491
[2026-05-22T09:12:11.098Z INFO  benchmark_client] Sending sample transaction 492
[2026-05-22T09:12:11.148Z INFO  benchmark_client] Sending sample transaction 493
[2026-05-22T09:12:11.199Z INFO  benchmark_client] Sending sample transaction 494
[2026-05-22T09:12:11.249Z INFO  benchmark_client] Sending sample transaction 495
[2026-05-22T09:12:11.299Z INFO  benchmark_client] Sending sample transaction 496
[2026-05-22T09:12:11.349Z INFO  benchmark_client] Sending sample transaction 497
[2026-05-22T09:12:11.399Z INFO  benchmark_client] Sending sample transaction 498
[2026-05-22T09:12:11.449Z INFO  benchmark_client] Sending sample transaction 499
[2026-05-22T09:12:11.498Z INFO  benchmark_client] Sending sample transaction 500
[2026-05-22T09:12:11.548Z INFO  benchmark_client] Sending sample transaction 501
[2026-05-22T09:12:11.599Z INFO  benchmark_client] Sending sample transaction 502
[2026-05-22T09:12:11.649Z INFO  benchmark_client] Sending sample transaction 503
[2026-05-22T09:12:11.699Z INFO  benchmark_client] Sending sample transaction 504
[2026-05-22T09:12:11.749Z INFO  benchmark_client] Sending sample transaction 505
[2026-05-22T09:12:11.799Z INFO  benchmark_client] Sending sample transaction 506
[2026-05-22T09:12:11.848Z INFO  benchmark_client] Sending sample transaction 507
[2026-05-22T09:12:11.898Z INFO  benchmark_client] Sending sample transaction 508
[2026-05-22T09:12:11.949Z INFO  benchmark_client] Sending sample transaction 509
[2026-05-22T09:12:11.999Z INFO  benchmark_client] Sending sample transaction 510
[2026-05-22T09:12:12.049Z INFO  benchmark_client] Sending sample transaction 511
[2026-05-22T09:12:12.098Z INFO  benchmark_client] Sending sample transaction 512
[2026-05-22T09:12:12.148Z INFO  benchmark_client] Sending sample transaction 513
[2026-05-22T09:12:12.199Z INFO  benchmark_client] Sending sample transaction 514
[2026-05-22T09:12:12.248Z INFO  benchmark_client] Sending sample transaction 515
[2026-05-22T09:12:12.298Z INFO  benchmark_client] Sending sample transaction 516
[2026-05-22T09:12:12.349Z INFO  benchmark_client] Sending sample transaction 517
[2026-05-22T09:12:12.398Z INFO  benchmark_client] Sending sample transaction 518
[2026-05-22T09:12:12.448Z INFO  benchmark_client] Sending sample transaction 519
[2026-05-22T09:12:12.498Z INFO  benchmark_client] Sending sample transaction 520
[2026-05-22T09:12:12.549Z INFO  benchmark_client] Sending sample transaction 521
[2026-05-22T09:12:12.598Z INFO  benchmark_client] Sending sample transaction 522
[2026-05-22T09:12:12.649Z INFO  benchmark_client] Sending sample transaction 523
[2026-05-22T09:12:12.698Z INFO  benchmark_client] Sending sample transaction 524
[2026-05-22T09:12:12.749Z INFO  benchmark_client] Sending sample transaction 525
[2026-05-22T09:12:12.799Z INFO  benchmark_client] Sending sample transaction 526
[2026-05-22T09:12:12.848Z INFO  benchmark_client] Sending sample transaction 527
[2026-05-22T09:12:12.898Z INFO  benchmark_client] Sending sample transaction 528
[2026-05-22T09:12:12.948Z INFO  benchmark_client] Sending sample transaction 529
[2026-05-22T09:12:12.998Z INFO  benchmark_client] Sending sample transaction 530
[2026-05-22T09:12:13.048Z INFO  benchmark_client] Sending sample transaction 531
[2026-05-22T09:12:13.098Z INFO  benchmark_client] Sending sample transaction 532
[2026-05-22T09:12:13.148Z INFO  benchmark_client] Sending sample transaction 533
[2026-05-22T09:12:13.198Z INFO  benchmark_client] Sending sample transaction 534
[2026-05-22T09:12:13.249Z INFO  benchmark_client] Sending sample transaction 535
[2026-05-22T09:12:13.298Z INFO  benchmark_client] Sending sample transaction 536
[2026-05-22T09:12:13.348Z INFO  benchmark_client] Sending sample transaction 537
[2026-05-22T09:12:13.399Z INFO  benchmark_client] Sending sample transaction 538
[2026-05-22T09:12:13.448Z INFO  benchmark_client] Sending sample transaction 539
[2026-05-22T09:12:13.499Z INFO  benchmark_client] Sending sample transaction 540
[2026-05-22T09:12:13.548Z INFO  benchmark_client] Sending sample transaction 541
[2026-05-22T09:12:13.599Z INFO  benchmark_client] Sending sample transaction 542
[2026-05-22T09:12:13.648Z INFO  benchmark_client] Sending sample transaction 543
[2026-05-22T09:12:13.698Z INFO  benchmark_client] Sending sample transaction 544
[2026-05-22T09:12:13.749Z INFO  benchmark_client] Sending sample transaction 545
[2026-05-22T09:12:13.798Z INFO  benchmark_client] Sending sample transaction 546
[2026-05-22T09:12:13.848Z INFO  benchmark_client] Sending sample transaction 547
[2026-05-22T09:12:13.898Z INFO  benchmark_client] Sending sample transaction 548
[2026-05-22T09:12:13.949Z INFO  benchmark_client] Sending sample transaction 549
[2026-05-22T09:12:13.998Z INFO  benchmark_client] Sending sample transaction 550
[2026-05-22T09:12:14.048Z INFO  benchmark_client] Sending sample transaction 551
[2026-05-22T09:12:14.098Z INFO  benchmark_client] Sending sample transaction 552
[2026-05-22T09:12:14.148Z INFO  benchmark_client] Sending sample transaction 553
[2026-05-22T09:12:14.199Z INFO  benchmark_client] Sending sample transaction 554
[2026-05-22T09:12:14.248Z INFO  benchmark_client] Sending sample transaction 555
[2026-05-22T09:12:14.299Z INFO  benchmark_client] Sending sample transaction 556
[2026-05-22T09:12:14.348Z INFO  benchmark_client] Sending sample transaction 557
[2026-05-22T09:12:14.398Z INFO  benchmark_client] Sending sample transaction 558
[2026-05-22T09:12:14.450Z INFO  benchmark_client] Sending sample transaction 559
[2026-05-22T09:12:14.499Z INFO  benchmark_client] Sending sample transaction 560
[2026-05-22T09:12:14.549Z INFO  benchmark_client] Sending sample transaction 561
[2026-05-22T09:12:14.602Z INFO  benchmark_client] Sending sample transaction 562
[2026-05-22T09:12:14.649Z INFO  benchmark_client] Sending sample transaction 563
[2026-05-22T09:12:14.699Z INFO  benchmark_client] Sending sample transaction 564
[2026-05-22T09:12:14.748Z INFO  benchmark_client] Sending sample transaction 565
[2026-05-22T09:12:14.799Z INFO  benchmark_client] Sending sample transaction 566
[2026-05-22T09:12:14.848Z INFO  benchmark_client] Sending sample transaction 567
[2026-05-22T09:12:14.898Z INFO  benchmark_client] Sending sample transaction 568
[2026-05-22T09:12:14.948Z INFO  benchmark_client] Sending sample transaction 569
[2026-05-22T09:12:14.998Z INFO  benchmark_client] Sending sample transaction 570
[2026-05-22T09:12:15.048Z INFO  benchmark_client] Sending sample transaction 571
[2026-05-22T09:12:15.098Z INFO  benchmark_client] Sending sample transaction 572
[2026-05-22T09:12:15.149Z INFO  benchmark_client] Sending sample transaction 573
[2026-05-22T09:12:15.198Z INFO  benchmark_client] Sending sample transaction 574
[2026-05-22T09:12:15.249Z INFO  benchmark_client] Sending sample transaction 575
[2026-05-22T09:12:15.298Z INFO  benchmark_client] Sending sample transaction 576
[2026-05-22T09:12:15.349Z INFO  benchmark_client] Sending sample transaction 577
[2026-05-22T09:12:15.399Z INFO  benchmark_client] Sending sample transaction 578
[2026-05-22T09:12:15.448Z INFO  benchmark_client] Sending sample transaction 579
[2026-05-22T09:12:15.499Z INFO  benchmark_client] Sending sample transaction 580
[2026-05-22T09:12:15.548Z INFO  benchmark_client] Sending sample transaction 581
[2026-05-22T09:12:15.598Z INFO  benchmark_client] Sending sample transaction 582
[2026-05-22T09:12:15.648Z INFO  benchmark_client] Sending sample transaction 583
[2026-05-22T09:12:15.699Z INFO  benchmark_client] Sending sample transaction 584
[2026-05-22T09:12:15.749Z INFO  benchmark_client] Sending sample transaction 585
[2026-05-22T09:12:15.798Z INFO  benchmark_client] Sending sample transaction 586
[2026-05-22T09:12:15.848Z INFO  benchmark_client] Sending sample transaction 587
[2026-05-22T09:12:15.898Z INFO  benchmark_client] Sending sample transaction 588
[2026-05-22T09:12:15.949Z INFO  benchmark_client] Sending sample transaction 589
[2026-05-22T09:12:15.998Z INFO  benchmark_client] Sending sample transaction 590
[2026-05-22T09:12:16.049Z INFO  benchmark_client] Sending sample transaction 591
[2026-05-22T09:12:16.099Z INFO  benchmark_client] Sending sample transaction 592
[2026-05-22T09:12:16.149Z INFO  benchmark_client] Sending sample transaction 593
[2026-05-22T09:12:16.198Z INFO  benchmark_client] Sending sample transaction 594
[2026-05-22T09:12:16.248Z INFO  benchmark_client] Sending sample transaction 595
[2026-05-22T09:12:16.299Z INFO  benchmark_client] Sending sample transaction 596
[2026-05-22T09:12:16.349Z INFO  benchmark_client] Sending sample transaction 597
[2026-05-22T09:12:16.399Z INFO  benchmark_client] Sending sample transaction 598
[2026-05-22T09:12:16.448Z INFO  benchmark_client] Sending sample transaction 599
[2026-05-22T09:12:16.498Z INFO  benchmark_client] Sending sample transaction 600
[2026-05-22T09:12:16.549Z INFO  benchmark_client] Sending sample transaction 601
[2026-05-22T09:12:16.599Z INFO  benchmark_client] Sending sample transaction 602
[2026-05-22T09:12:16.648Z INFO  benchmark_client] Sending sample transaction 603
[2026-05-22T09:12:16.699Z INFO  benchmark_client] Sending sample transaction 604
[2026-05-22T09:12:16.748Z INFO  benchmark_client] Sending sample transaction 605
[2026-05-22T09:12:16.799Z INFO  benchmark_client] Sending sample transaction 606
[2026-05-22T09:12:16.849Z INFO  benchmark_client] Sending sample transaction 607
[2026-05-22T09:12:16.899Z INFO  benchmark_client] Sending sample transaction 608
[2026-05-22T09:12:16.949Z INFO  benchmark_client] Sending sample transaction 609
[2026-05-22T09:12:16.998Z INFO  benchmark_client] Sending sample transaction 610
[2026-05-22T09:12:17.049Z INFO  benchmark_client] Sending sample transaction 611
[2026-05-22T09:12:17.099Z INFO  benchmark_client] Sending sample transaction 612
[2026-05-22T09:12:17.149Z INFO  benchmark_client] Sending sample transaction 613
[2026-05-22T09:12:17.198Z INFO  benchmark_client] Sending sample transaction 614
[2026-05-22T09:12:17.249Z INFO  benchmark_client] Sending sample transaction 615
[2026-05-22T09:12:17.298Z INFO  benchmark_client] Sending sample transaction 616
[2026-05-22T09:12:17.348Z INFO  benchmark_client] Sending sample transaction 617
[2026-05-22T09:12:17.398Z INFO  benchmark_client] Sending sample transaction 618
[2026-05-22T09:12:17.448Z INFO  benchmark_client] Sending sample transaction 619
[2026-05-22T09:12:17.498Z INFO  benchmark_client] Sending sample transaction 620
[2026-05-22T09:12:17.548Z INFO  benchmark_client] Sending sample transaction 621
[2026-05-22T09:12:17.598Z INFO  benchmark_client] Sending sample transaction 622
[2026-05-22T09:12:17.649Z INFO  benchmark_client] Sending sample transaction 623
[2026-05-22T09:12:17.698Z INFO  benchmark_client] Sending sample transaction 624
[2026-05-22T09:12:17.748Z INFO  benchmark_client] Sending sample transaction 625
[2026-05-22T09:12:17.799Z INFO  benchmark_client] Sending sample transaction 626
[2026-05-22T09:12:17.849Z INFO  benchmark_client] Sending sample transaction 627
[2026-05-22T09:12:17.899Z INFO  benchmark_client] Sending sample transaction 628
[2026-05-22T09:12:17.948Z INFO  benchmark_client] Sending sample transaction 629
[2026-05-22T09:12:17.998Z INFO  benchmark_client] Sending sample transaction 630
[2026-05-22T09:12:18.049Z INFO  benchmark_client] Sending sample transaction 631
[2026-05-22T09:12:18.099Z INFO  benchmark_client] Sending sample transaction 632
[2026-05-22T09:12:18.149Z INFO  benchmark_client] Sending sample transaction 633
[2026-05-22T09:12:18.199Z INFO  benchmark_client] Sending sample transaction 634
[2026-05-22T09:12:18.249Z INFO  benchmark_client] Sending sample transaction 635
[2026-05-22T09:12:18.298Z INFO  benchmark_client] Sending sample transaction 636
[2026-05-22T09:12:18.348Z INFO  benchmark_client] Sending sample transaction 637
[2026-05-22T09:12:18.398Z INFO  benchmark_client] Sending sample transaction 638
[2026-05-22T09:12:18.448Z INFO  benchmark_client] Sending sample transaction 639
[2026-05-22T09:12:18.498Z INFO  benchmark_client] Sending sample transaction 640
[2026-05-22T09:12:18.548Z INFO  benchmark_client] Sending sample transaction 641
[2026-05-22T09:12:18.599Z INFO  benchmark_client] Sending sample transaction 642
[2026-05-22T09:12:18.649Z INFO  benchmark_client] Sending sample transaction 643
[2026-05-22T09:12:18.698Z INFO  benchmark_client] Sending sample transaction 644
[2026-05-22T09:12:18.749Z INFO  benchmark_client] Sending sample transaction 645
[2026-05-22T09:12:18.798Z INFO  benchmark_client] Sending sample transaction 646
[2026-05-22T09:12:18.848Z INFO  benchmark_client] Sending sample transaction 647
[2026-05-22T09:12:18.898Z INFO  benchmark_client] Sending sample transaction 648
[2026-05-22T09:12:18.949Z INFO  benchmark_client] Sending sample transaction 649
[2026-05-22T09:12:18.999Z INFO  benchmark_client] Sending sample transaction 650
[2026-05-22T09:12:19.048Z INFO  benchmark_client] Sending sample transaction 651
[2026-05-22T09:12:19.098Z INFO  benchmark_client] Sending sample transaction 652
[2026-05-22T09:12:19.149Z INFO  benchmark_client] Sending sample transaction 653
[2026-05-22T09:12:19.198Z INFO  benchmark_client] Sending sample transaction 654
[2026-05-22T09:12:19.248Z INFO  benchmark_client] Sending sample transaction 655
[2026-05-22T09:12:19.300Z INFO  benchmark_client] Sending sample transaction 656
[2026-05-22T09:12:19.349Z INFO  benchmark_client] Sending sample transaction 657
[2026-05-22T09:12:19.399Z INFO  benchmark_client] Sending sample transaction 658
[2026-05-22T09:12:19.449Z INFO  benchmark_client] Sending sample transaction 659
[2026-05-22T09:12:19.499Z INFO  benchmark_client] Sending sample transaction 660
[2026-05-22T09:12:19.549Z INFO  benchmark_client] Sending sample transaction 661
[2026-05-22T09:12:19.599Z INFO  benchmark_client] Sending sample transaction 662
[2026-05-22T09:12:19.649Z INFO  benchmark_client] Sending sample transaction 663
[2026-05-22T09:12:19.698Z INFO  benchmark_client] Sending sample transaction 664
[2026-05-22T09:12:19.749Z INFO  benchmark_client] Sending sample transaction 665
[2026-05-22T09:12:19.797Z INFO  benchmark_client] Sending sample transaction 666
[2026-05-22T09:12:19.848Z INFO  benchmark_client] Sending sample transaction 667
[2026-05-22T09:12:19.898Z INFO  benchmark_client] Sending sample transaction 668
[2026-05-22T09:12:19.948Z INFO  benchmark_client] Sending sample transaction 669
[2026-05-22T09:12:19.998Z INFO  benchmark_client] Sending sample transaction 670
[2026-05-22T09:12:20.048Z INFO  benchmark_client] Sending sample transaction 671
[2026-05-22T09:12:20.098Z INFO  benchmark_client] Sending sample transaction 672
[2026-05-22T09:12:20.148Z INFO  benchmark_client] Sending sample transaction 673
[2026-05-22T09:12:20.198Z INFO  benchmark_client] Sending sample transaction 674
[2026-05-22T09:12:20.247Z INFO  benchmark_client] Sending sample transaction 675
[2026-05-22T09:12:20.298Z INFO  benchmark_client] Sending sample transaction 676
[2026-05-22T09:12:20.348Z INFO  benchmark_client] Sending sample transaction 677
[2026-05-22T09:12:20.398Z INFO  benchmark_client] Sending sample transaction 678
[2026-05-22T09:12:20.448Z INFO  benchmark_client] Sending sample transaction 679
[2026-05-22T09:12:20.498Z INFO  benchmark_client] Sending sample transaction 680
[2026-05-22T09:12:20.548Z INFO  benchmark_client] Sending sample transaction 681
[2026-05-22T09:12:20.598Z INFO  benchmark_client] Sending sample transaction 682
[2026-05-22T09:12:20.648Z INFO  benchmark_client] Sending sample transaction 683
[2026-05-22T09:12:20.698Z INFO  benchmark_client] Sending sample transaction 684
[2026-05-22T09:12:20.748Z INFO  benchmark_client] Sending sample transaction 685
[2026-05-22T09:12:20.798Z INFO  benchmark_client] Sending sample transaction 686
[2026-05-22T09:12:20.848Z INFO  benchmark_client] Sending sample transaction 687
[2026-05-22T09:12:20.898Z INFO  benchmark_client] Sending sample transaction 688
[2026-05-22T09:12:20.948Z INFO  benchmark_client] Sending sample transaction 689
[2026-05-22T09:12:20.998Z INFO  benchmark_client] Sending sample transaction 690
[2026-05-22T09:12:21.048Z INFO  benchmark_client] Sending sample transaction 691
[2026-05-22T09:12:21.099Z INFO  benchmark_client] Sending sample transaction 692
[2026-05-22T09:12:21.148Z INFO  benchmark_client] Sending sample transaction 693
[2026-05-22T09:12:21.198Z INFO  benchmark_client] Sending sample transaction 694
[2026-05-22T09:12:21.247Z INFO  benchmark_client] Sending sample transaction 695
[2026-05-22T09:12:21.298Z INFO  benchmark_client] Sending sample transaction 696
[2026-05-22T09:12:21.348Z INFO  benchmark_client] Sending sample transaction 697
[2026-05-22T09:12:21.398Z INFO  benchmark_client] Sending sample transaction 698
[2026-05-22T09:12:21.448Z INFO  benchmark_client] Sending sample transaction 699
[2026-05-22T09:12:21.498Z INFO  benchmark_client] Sending sample transaction 700
[2026-05-22T09:12:21.548Z INFO  benchmark_client] Sending sample transaction 701
[2026-05-22T09:12:21.598Z INFO  benchmark_client] Sending sample transaction 702
[2026-05-22T09:12:21.648Z INFO  benchmark_client] Sending sample transaction 703
[2026-05-22T09:12:21.698Z INFO  benchmark_client] Sending sample transaction 704
[2026-05-22T09:12:21.748Z INFO  benchmark_client] Sending sample transaction 705
[2026-05-22T09:12:21.798Z INFO  benchmark_client] Sending sample transaction 706
[2026-05-22T09:12:21.848Z INFO  benchmark_client] Sending sample transaction 707
[2026-05-22T09:12:21.898Z INFO  benchmark_client] Sending sample transaction 708
[2026-05-22T09:12:21.948Z INFO  benchmark_client] Sending sample transaction 709
[2026-05-22T09:12:21.998Z INFO  benchmark_client] Sending sample transaction 710
[2026-05-22T09:12:22.048Z INFO  benchmark_client] Sending sample transaction 711
[2026-05-22T09:12:22.098Z INFO  benchmark_client] Sending sample transaction 712
[2026-05-22T09:12:22.148Z INFO  benchmark_client] Sending sample transaction 713
[2026-05-22T09:12:22.198Z INFO  benchmark_client] Sending sample transaction 714
[2026-05-22T09:12:22.248Z INFO  benchmark_client] Sending sample transaction 715
[2026-05-22T09:12:22.298Z INFO  benchmark_client] Sending sample transaction 716
[2026-05-22T09:12:22.348Z INFO  benchmark_client] Sending sample transaction 717
[2026-05-22T09:12:22.398Z INFO  benchmark_client] Sending sample transaction 718
[2026-05-22T09:12:22.448Z INFO  benchmark_client] Sending sample transaction 719
[2026-05-22T09:12:22.498Z INFO  benchmark_client] Sending sample transaction 720
[2026-05-22T09:12:22.548Z INFO  benchmark_client] Sending sample transaction 721
[2026-05-22T09:12:22.598Z INFO  benchmark_client] Sending sample transaction 722
[2026-05-22T09:12:22.648Z INFO  benchmark_client] Sending sample transaction 723
[2026-05-22T09:12:22.698Z INFO  benchmark_client] Sending sample transaction 724
[2026-05-22T09:12:22.748Z INFO  benchmark_client] Sending sample transaction 725
[2026-05-22T09:12:22.798Z INFO  benchmark_client] Sending sample transaction 726
[2026-05-22T09:12:22.848Z INFO  benchmark_client] Sending sample transaction 727
[2026-05-22T09:12:22.899Z INFO  benchmark_client] Sending sample transaction 728
[2026-05-22T09:12:22.948Z INFO  benchmark_client] Sending sample transaction 729
[2026-05-22T09:12:22.998Z INFO  benchmark_client] Sending sample transaction 730
[2026-05-22T09:12:23.048Z INFO  benchmark_client] Sending sample transaction 731
[2026-05-22T09:12:23.098Z INFO  benchmark_client] Sending sample transaction 732
[2026-05-22T09:12:23.148Z INFO  benchmark_client] Sending sample transaction 733
[2026-05-22T09:12:23.198Z INFO  benchmark_client] Sending sample transaction 734
[2026-05-22T09:12:23.248Z INFO  benchmark_client] Sending sample transaction 735
[2026-05-22T09:12:23.298Z INFO  benchmark_client] Sending sample transaction 736
[2026-05-22T09:12:23.348Z INFO  benchmark_client] Sending sample transaction 737
[2026-05-22T09:12:23.398Z INFO  benchmark_client] Sending sample transaction 738
[2026-05-22T09:12:23.448Z INFO  benchmark_client] Sending sample transaction 739
[2026-05-22T09:12:23.498Z INFO  benchmark_client] Sending sample transaction 740
[2026-05-22T09:12:23.550Z INFO  benchmark_client] Sending sample transaction 741
[2026-05-22T09:12:23.598Z INFO  benchmark_client] Sending sample transaction 742
[2026-05-22T09:12:23.648Z INFO  benchmark_client] Sending sample transaction 743
[2026-05-22T09:12:23.699Z INFO  benchmark_client] Sending sample transaction 744
[2026-05-22T09:12:23.748Z INFO  benchmark_client] Sending sample transaction 745
[2026-05-22T09:12:23.798Z INFO  benchmark_client] Sending sample transaction 746
[2026-05-22T09:12:23.848Z INFO  benchmark_client] Sending sample transaction 747
[2026-05-22T09:12:23.898Z INFO  benchmark_client] Sending sample transaction 748
[2026-05-22T09:12:23.948Z INFO  benchmark_client] Sending sample transaction 749
[2026-05-22T09:12:23.999Z INFO  benchmark_client] Sending sample transaction 750
[2026-05-22T09:12:24.048Z INFO  benchmark_client] Sending sample transaction 751
[2026-05-22T09:12:24.098Z INFO  benchmark_client] Sending sample transaction 752
[2026-05-22T09:12:24.150Z INFO  benchmark_client] Sending sample transaction 753
[2026-05-22T09:12:24.199Z INFO  benchmark_client] Sending sample transaction 754
[2026-05-22T09:12:24.248Z INFO  benchmark_client] Sending sample transaction 755
[2026-05-22T09:12:24.299Z INFO  benchmark_client] Sending sample transaction 756
[2026-05-22T09:12:24.348Z INFO  benchmark_client] Sending sample transaction 757
[2026-05-22T09:12:24.398Z INFO  benchmark_client] Sending sample transaction 758
[2026-05-22T09:12:24.448Z INFO  benchmark_client] Sending sample transaction 759
[2026-05-22T09:12:24.498Z INFO  benchmark_client] Sending sample transaction 760
[2026-05-22T09:12:24.549Z INFO  benchmark_client] Sending sample transaction 761
[2026-05-22T09:12:24.598Z INFO  benchmark_client] Sending sample transaction 762
[2026-05-22T09:12:24.649Z INFO  benchmark_client] Sending sample transaction 763
[2026-05-22T09:12:24.698Z INFO  benchmark_client] Sending sample transaction 764
[2026-05-22T09:12:24.748Z INFO  benchmark_client] Sending sample transaction 765
[2026-05-22T09:12:24.798Z INFO  benchmark_client] Sending sample transaction 766
[2026-05-22T09:12:24.848Z INFO  benchmark_client] Sending sample transaction 767
[2026-05-22T09:12:24.899Z INFO  benchmark_client] Sending sample transaction 768
[2026-05-22T09:12:24.949Z INFO  benchmark_client] Sending sample transaction 769
[2026-05-22T09:12:24.999Z INFO  benchmark_client] Sending sample transaction 770
[2026-05-22T09:12:25.048Z INFO  benchmark_client] Sending sample transaction 771
[2026-05-22T09:12:25.099Z INFO  benchmark_client] Sending sample transaction 772
[2026-05-22T09:12:25.149Z INFO  benchmark_client] Sending sample transaction 773
[2026-05-22T09:12:25.198Z INFO  benchmark_client] Sending sample transaction 774
[2026-05-22T09:12:25.248Z INFO  benchmark_client] Sending sample transaction 775
[2026-05-22T09:12:25.298Z INFO  benchmark_client] Sending sample transaction 776
[2026-05-22T09:12:25.348Z INFO  benchmark_client] Sending sample transaction 777
[2026-05-22T09:12:25.398Z INFO  benchmark_client] Sending sample transaction 778
[2026-05-22T09:12:25.448Z INFO  benchmark_client] Sending sample transaction 779
[2026-05-22T09:12:25.499Z INFO  benchmark_client] Sending sample transaction 780
[2026-05-22T09:12:25.548Z INFO  benchmark_client] Sending sample transaction 781
[2026-05-22T09:12:25.599Z INFO  benchmark_client] Sending sample transaction 782
[2026-05-22T09:12:25.648Z INFO  benchmark_client] Sending sample transaction 783
[2026-05-22T09:12:25.698Z INFO  benchmark_client] Sending sample transaction 784
[2026-05-22T09:12:25.748Z INFO  benchmark_client] Sending sample transaction 785
[2026-05-22T09:12:25.798Z INFO  benchmark_client] Sending sample transaction 786
[2026-05-22T09:12:25.849Z INFO  benchmark_client] Sending sample transaction 787
[2026-05-22T09:12:25.898Z INFO  benchmark_client] Sending sample transaction 788
[2026-05-22T09:12:25.948Z INFO  benchmark_client] Sending sample transaction 789
[2026-05-22T09:12:25.998Z INFO  benchmark_client] Sending sample transaction 790
[2026-05-22T09:12:26.048Z INFO  benchmark_client] Sending sample transaction 791
[2026-05-22T09:12:26.098Z INFO  benchmark_client] Sending sample transaction 792
[2026-05-22T09:12:26.148Z INFO  benchmark_client] Sending sample transaction 793
[2026-05-22T09:12:26.198Z INFO  benchmark_client] Sending sample transaction 794
[2026-05-22T09:12:26.248Z INFO  benchmark_client] Sending sample transaction 795
[2026-05-22T09:12:26.298Z INFO  benchmark_client] Sending sample transaction 796
[2026-05-22T09:12:26.348Z INFO  benchmark_client] Sending sample transaction 797
[2026-05-22T09:12:26.399Z INFO  benchmark_client] Sending sample transaction 798
[2026-05-22T09:12:26.448Z INFO  benchmark_client] Sending sample transaction 799
[2026-05-22T09:12:26.498Z INFO  benchmark_client] Sending sample transaction 800
[2026-05-22T09:12:26.549Z INFO  benchmark_client] Sending sample transaction 801
[2026-05-22T09:12:26.598Z INFO  benchmark_client] Sending sample transaction 802
[2026-05-22T09:12:26.649Z INFO  benchmark_client] Sending sample transaction 803
[2026-05-22T09:12:26.698Z INFO  benchmark_client] Sending sample transaction 804
[2026-05-22T09:12:26.749Z INFO  benchmark_client] Sending sample transaction 805
[2026-05-22T09:12:26.798Z INFO  benchmark_client] Sending sample transaction 806
[2026-05-22T09:12:26.848Z INFO  benchmark_client] Sending sample transaction 807
[2026-05-22T09:12:26.898Z INFO  benchmark_client] Sending sample transaction 808
[2026-05-22T09:12:26.948Z INFO  benchmark_client] Sending sample transaction 809
[2026-05-22T09:12:26.999Z INFO  benchmark_client] Sending sample transaction 810
[2026-05-22T09:12:27.049Z INFO  benchmark_client] Sending sample transaction 811
[2026-05-22T09:12:27.098Z INFO  benchmark_client] Sending sample transaction 812
[2026-05-22T09:12:27.149Z INFO  benchmark_client] Sending sample transaction 813
[2026-05-22T09:12:27.198Z INFO  benchmark_client] Sending sample transaction 814
[2026-05-22T09:12:27.248Z INFO  benchmark_client] Sending sample transaction 815
[2026-05-22T09:12:27.298Z INFO  benchmark_client] Sending sample transaction 816
[2026-05-22T09:12:27.348Z INFO  benchmark_client] Sending sample transaction 817
[2026-05-22T09:12:27.398Z INFO  benchmark_client] Sending sample transaction 818
[2026-05-22T09:12:27.448Z INFO  benchmark_client] Sending sample transaction 819
[2026-05-22T09:12:27.498Z INFO  benchmark_client] Sending sample transaction 820
[2026-05-22T09:12:27.548Z INFO  benchmark_client] Sending sample transaction 821
[2026-05-22T09:12:27.598Z INFO  benchmark_client] Sending sample transaction 822
[2026-05-22T09:12:27.648Z INFO  benchmark_client] Sending sample transaction 823
[2026-05-22T09:12:27.698Z INFO  benchmark_client] Sending sample transaction 824
[2026-05-22T09:12:27.749Z INFO  benchmark_client] Sending sample transaction 825
[2026-05-22T09:12:27.798Z INFO  benchmark_client] Sending sample transaction 826
[2026-05-22T09:12:27.848Z INFO  benchmark_client] Sending sample transaction 827
[2026-05-22T09:12:27.898Z INFO  benchmark_client] Sending sample transaction 828
[2026-05-22T09:12:27.949Z INFO  benchmark_client] Sending sample transaction 829
[2026-05-22T09:12:27.998Z INFO  benchmark_client] Sending sample transaction 830
[2026-05-22T09:12:28.048Z INFO  benchmark_client] Sending sample transaction 831
[2026-05-22T09:12:28.098Z INFO  benchmark_client] Sending sample transaction 832
[2026-05-22T09:12:28.149Z INFO  benchmark_client] Sending sample transaction 833
[2026-05-22T09:12:28.198Z INFO  benchmark_client] Sending sample transaction 834
[2026-05-22T09:12:28.248Z INFO  benchmark_client] Sending sample transaction 835
[2026-05-22T09:12:28.298Z INFO  benchmark_client] Sending sample transaction 836
[2026-05-22T09:12:28.348Z INFO  benchmark_client] Sending sample transaction 837
[2026-05-22T09:12:28.398Z INFO  benchmark_client] Sending sample transaction 838
[2026-05-22T09:12:28.448Z INFO  benchmark_client] Sending sample transaction 839
[2026-05-22T09:12:28.498Z INFO  benchmark_client] Sending sample transaction 840
[2026-05-22T09:12:28.549Z INFO  benchmark_client] Sending sample transaction 841
[2026-05-22T09:12:28.598Z INFO  benchmark_client] Sending sample transaction 842
[2026-05-22T09:12:28.648Z INFO  benchmark_client] Sending sample transaction 843
[2026-05-22T09:12:28.698Z INFO  benchmark_client] Sending sample transaction 844
[2026-05-22T09:12:28.748Z INFO  benchmark_client] Sending sample transaction 845
[2026-05-22T09:12:28.798Z INFO  benchmark_client] Sending sample transaction 846
[2026-05-22T09:12:28.849Z INFO  benchmark_client] Sending sample transaction 847
[2026-05-22T09:12:28.899Z INFO  benchmark_client] Sending sample transaction 848
[2026-05-22T09:12:28.948Z INFO  benchmark_client] Sending sample transaction 849
[2026-05-22T09:12:28.998Z INFO  benchmark_client] Sending sample transaction 850
[2026-05-22T09:12:29.049Z INFO  benchmark_client] Sending sample transaction 851
[2026-05-22T09:12:29.099Z INFO  benchmark_client] Sending sample transaction 852
[2026-05-22T09:12:29.148Z INFO  benchmark_client] Sending sample transaction 853
[2026-05-22T09:12:29.199Z INFO  benchmark_client] Sending sample transaction 854
[2026-05-22T09:12:29.249Z INFO  benchmark_client] Sending sample transaction 855
[2026-05-22T09:12:29.298Z INFO  benchmark_client] Sending sample transaction 856
[2026-05-22T09:12:29.349Z INFO  benchmark_client] Sending sample transaction 857
[2026-05-22T09:12:29.398Z INFO  benchmark_client] Sending sample transaction 858
[2026-05-22T09:12:29.448Z INFO  benchmark_client] Sending sample transaction 859
[2026-05-22T09:12:29.499Z INFO  benchmark_client] Sending sample transaction 860
[2026-05-22T09:12:29.548Z INFO  benchmark_client] Sending sample transaction 861
[2026-05-22T09:12:29.598Z INFO  benchmark_client] Sending sample transaction 862
[2026-05-22T09:12:29.649Z INFO  benchmark_client] Sending sample transaction 863
[2026-05-22T09:12:29.698Z INFO  benchmark_client] Sending sample transaction 864
[2026-05-22T09:12:29.748Z INFO  benchmark_client] Sending sample transaction 865
[2026-05-22T09:12:29.798Z INFO  benchmark_client] Sending sample transaction 866
[2026-05-22T09:12:29.848Z INFO  benchmark_client] Sending sample transaction 867
[2026-05-22T09:12:29.898Z INFO  benchmark_client] Sending sample transaction 868
[2026-05-22T09:12:29.949Z INFO  benchmark_client] Sending sample transaction 869
[2026-05-22T09:12:29.999Z INFO  benchmark_client] Sending sample transaction 870
[2026-05-22T09:12:30.049Z INFO  benchmark_client] Sending sample transaction 871
[2026-05-22T09:12:30.098Z INFO  benchmark_client] Sending sample transaction 872
[2026-05-22T09:12:30.148Z INFO  benchmark_client] Sending sample transaction 873
[2026-05-22T09:12:30.198Z INFO  benchmark_client] Sending sample transaction 874
[2026-05-22T09:12:30.248Z INFO  benchmark_client] Sending sample transaction 875
[2026-05-22T09:12:30.298Z INFO  benchmark_client] Sending sample transaction 876
[2026-05-22T09:12:30.348Z INFO  benchmark_client] Sending sample transaction 877
[2026-05-22T09:12:30.399Z INFO  benchmark_client] Sending sample transaction 878
[2026-05-22T09:12:30.449Z INFO  benchmark_client] Sending sample transaction 879
[2026-05-22T09:12:30.498Z INFO  benchmark_client] Sending sample transaction 880
[2026-05-22T09:12:30.548Z INFO  benchmark_client] Sending sample transaction 881
[2026-05-22T09:12:30.598Z INFO  benchmark_client] Sending sample transaction 882
[2026-05-22T09:12:30.648Z INFO  benchmark_client] Sending sample transaction 883
[2026-05-22T09:12:30.698Z INFO  benchmark_client] Sending sample transaction 884
[2026-05-22T09:12:30.749Z INFO  benchmark_client] Sending sample transaction 885
[2026-05-22T09:12:30.798Z INFO  benchmark_client] Sending sample transaction 886
[2026-05-22T09:12:30.849Z INFO  benchmark_client] Sending sample transaction 887
[2026-05-22T09:12:30.898Z INFO  benchmark_client] Sending sample transaction 888
[2026-05-22T09:12:30.949Z INFO  benchmark_client] Sending sample transaction 889
[2026-05-22T09:12:30.999Z INFO  benchmark_client] Sending sample transaction 890
[2026-05-22T09:12:31.048Z INFO  benchmark_client] Sending sample transaction 891
[2026-05-22T09:12:31.098Z INFO  benchmark_client] Sending sample transaction 892
[2026-05-22T09:12:31.149Z INFO  benchmark_client] Sending sample transaction 893
[2026-05-22T09:12:31.198Z INFO  benchmark_client] Sending sample transaction 894
[2026-05-22T09:12:31.248Z INFO  benchmark_client] Sending sample transaction 895
[2026-05-22T09:12:31.299Z INFO  benchmark_client] Sending sample transaction 896
