[2026-05-22T09:13:57.234Z INFO  benchmark_client] Node address: 136.118.77.161:5033
[2026-05-22T09:13:57.234Z INFO  benchmark_client] Transactions size: 512 B
[2026-05-22T09:13:57.234Z INFO  benchmark_client] Transactions rate: 10000 tx/s
[2026-05-22T09:13:57.234Z INFO  benchmark_client] Waiting for all nodes to be online...
[2026-05-22T09:13:57.394Z INFO  benchmark_client] Start sending transactions
[2026-05-22T09:13:57.395Z INFO  benchmark_client] Sending sample transaction 0
[2026-05-22T09:13:57.445Z INFO  benchmark_client] Sending sample transaction 1
[2026-05-22T09:13:57.496Z INFO  benchmark_client] Sending sample transaction 2
[2026-05-22T09:13:57.545Z INFO  benchmark_client] Sending sample transaction 3
[2026-05-22T09:13:57.595Z INFO  benchmark_client] Sending sample transaction 4
[2026-05-22T09:13:57.646Z INFO  benchmark_client] Sending sample transaction 5
[2026-05-22T09:13:57.695Z INFO  benchmark_client] Sending sample transaction 6
[2026-05-22T09:13:57.745Z INFO  benchmark_client] Sending sample transaction 7
[2026-05-22T09:13:57.795Z INFO  benchmark_client] Sending sample transaction 8
[2026-05-22T09:13:57.846Z INFO  benchmark_client] Sending sample transaction 9
[2026-05-22T09:13:57.895Z INFO  benchmark_client] Sending sample transaction 10
[2026-05-22T09:13:57.945Z INFO  benchmark_client] Sending sample transaction 11
[2026-05-22T09:13:57.996Z INFO  benchmark_client] Sending sample transaction 12
[2026-05-22T09:13:58.046Z INFO  benchmark_client] Sending sample transaction 13
[2026-05-22T09:13:58.096Z INFO  benchmark_client] Sending sample transaction 14
[2026-05-22T09:13:58.145Z INFO  benchmark_client] Sending sample transaction 15
[2026-05-22T09:13:58.196Z INFO  benchmark_client] Sending sample transaction 16
[2026-05-22T09:13:58.246Z INFO  benchmark_client] Sending sample transaction 17
[2026-05-22T09:13:58.295Z INFO  benchmark_client] Sending sample transaction 18
[2026-05-22T09:13:58.346Z INFO  benchmark_client] Sending sample transaction 19
[2026-05-22T09:13:58.396Z INFO  benchmark_client] Sending sample transaction 20
[2026-05-22T09:13:58.445Z INFO  benchmark_client] Sending sample transaction 21
[2026-05-22T09:13:58.496Z INFO  benchmark_client] Sending sample transaction 22
[2026-05-22T09:13:58.545Z INFO  benchmark_client] Sending sample transaction 23
[2026-05-22T09:13:58.596Z INFO  benchmark_client] Sending sample transaction 24
[2026-05-22T09:13:58.646Z INFO  benchmark_client] Sending sample transaction 25
[2026-05-22T09:13:58.695Z INFO  benchmark_client] Sending sample transaction 26
[2026-05-22T09:13:58.745Z INFO  benchmark_client] Sending sample transaction 27
[2026-05-22T09:13:58.795Z INFO  benchmark_client] Sending sample transaction 28
[2026-05-22T09:13:58.846Z INFO  benchmark_client] Sending sample transaction 29
[2026-05-22T09:13:58.895Z INFO  benchmark_client] Sending sample transaction 30
[2026-05-22T09:13:58.945Z INFO  benchmark_client] Sending sample transaction 31
[2026-05-22T09:13:58.996Z INFO  benchmark_client] Sending sample transaction 32
[2026-05-22T09:13:59.045Z INFO  benchmark_client] Sending sample transaction 33
[2026-05-22T09:13:59.096Z INFO  benchmark_client] Sending sample transaction 34
[2026-05-22T09:13:59.145Z INFO  benchmark_client] Sending sample transaction 35
[2026-05-22T09:13:59.196Z INFO  benchmark_client] Sending sample transaction 36
[2026-05-22T09:13:59.245Z INFO  benchmark_client] Sending sample transaction 37
[2026-05-22T09:13:59.296Z INFO  benchmark_client] Sending sample transaction 38
[2026-05-22T09:13:59.345Z INFO  benchmark_client] Sending sample transaction 39
[2026-05-22T09:13:59.396Z INFO  benchmark_client] Sending sample transaction 40
[2026-05-22T09:13:59.445Z INFO  benchmark_client] Sending sample transaction 41
[2026-05-22T09:13:59.496Z INFO  benchmark_client] Sending sample transaction 42
[2026-05-22T09:13:59.545Z INFO  benchmark_client] Sending sample transaction 43
[2026-05-22T09:13:59.596Z INFO  benchmark_client] Sending sample transaction 44
[2026-05-22T09:13:59.645Z INFO  benchmark_client] Sending sample transaction 45
[2026-05-22T09:13:59.695Z INFO  benchmark_client] Sending sample transaction 46
[2026-05-22T09:13:59.746Z INFO  benchmark_client] Sending sample transaction 47
[2026-05-22T09:13:59.796Z INFO  benchmark_client] Sending sample transaction 48
[2026-05-22T09:13:59.845Z INFO  benchmark_client] Sending sample transaction 49
[2026-05-22T09:13:59.895Z INFO  benchmark_client] Sending sample transaction 50
[2026-05-22T09:13:59.945Z INFO  benchmark_client] Sending sample transaction 51
[2026-05-22T09:13:59.996Z INFO  benchmark_client] Sending sample transaction 52
[2026-05-22T09:14:00.045Z INFO  benchmark_client] Sending sample transaction 53
[2026-05-22T09:14:00.096Z INFO  benchmark_client] Sending sample transaction 54
[2026-05-22T09:14:00.146Z INFO  benchmark_client] Sending sample transaction 55
[2026-05-22T09:14:00.196Z INFO  benchmark_client] Sending sample transaction 56
[2026-05-22T09:14:00.245Z INFO  benchmark_client] Sending sample transaction 57
[2026-05-22T09:14:00.295Z INFO  benchmark_client] Sending sample transaction 58
[2026-05-22T09:14:00.345Z INFO  benchmark_client] Sending sample transaction 59
[2026-05-22T09:14:00.396Z INFO  benchmark_client] Sending sample transaction 60
[2026-05-22T09:14:00.447Z INFO  benchmark_client] Sending sample transaction 61
[2026-05-22T09:14:00.495Z INFO  benchmark_client] Sending sample transaction 62
[2026-05-22T09:14:00.545Z INFO  benchmark_client] Sending sample transaction 63
[2026-05-22T09:14:00.596Z INFO  benchmark_client] Sending sample transaction 64
[2026-05-22T09:14:00.646Z INFO  benchmark_client] Sending sample transaction 65
[2026-05-22T09:14:00.696Z INFO  benchmark_client] Sending sample transaction 66
[2026-05-22T09:14:00.746Z INFO  benchmark_client] Sending sample transaction 67
[2026-05-22T09:14:00.795Z INFO  benchmark_client] Sending sample transaction 68
[2026-05-22T09:14:00.845Z INFO  benchmark_client] Sending sample transaction 69
[2026-05-22T09:14:00.896Z INFO  benchmark_client] Sending sample transaction 70
[2026-05-22T09:14:00.946Z INFO  benchmark_client] Sending sample transaction 71
[2026-05-22T09:14:00.995Z INFO  benchmark_client] Sending sample transaction 72
[2026-05-22T09:14:01.045Z INFO  benchmark_client] Sending sample transaction 73
[2026-05-22T09:14:01.095Z INFO  benchmark_client] Sending sample transaction 74
[2026-05-22T09:14:01.147Z INFO  benchmark_client] Sending sample transaction 75
[2026-05-22T09:14:01.196Z INFO  benchmark_client] Sending sample transaction 76
[2026-05-22T09:14:01.245Z INFO  benchmark_client] Sending sample transaction 77
[2026-05-22T09:14:01.296Z INFO  benchmark_client] Sending sample transaction 78
[2026-05-22T09:14:01.345Z INFO  benchmark_client] Sending sample transaction 79
[2026-05-22T09:14:01.396Z INFO  benchmark_client] Sending sample transaction 80
[2026-05-22T09:14:01.446Z INFO  benchmark_client] Sending sample transaction 81
[2026-05-22T09:14:01.496Z INFO  benchmark_client] Sending sample transaction 82
[2026-05-22T09:14:01.546Z INFO  benchmark_client] Sending sample transaction 83
[2026-05-22T09:14:01.596Z INFO  benchmark_client] Sending sample transaction 84
[2026-05-22T09:14:01.646Z INFO  benchmark_client] Sending sample transaction 85
[2026-05-22T09:14:01.695Z INFO  benchmark_client] Sending sample transaction 86
[2026-05-22T09:14:01.746Z INFO  benchmark_client] Sending sample transaction 87
[2026-05-22T09:14:01.795Z INFO  benchmark_client] Sending sample transaction 88
[2026-05-22T09:14:01.845Z INFO  benchmark_client] Sending sample transaction 89
[2026-05-22T09:14:01.896Z INFO  benchmark_client] Sending sample transaction 90
[2026-05-22T09:14:01.946Z INFO  benchmark_client] Sending sample transaction 91
[2026-05-22T09:14:01.995Z INFO  benchmark_client] Sending sample transaction 92
[2026-05-22T09:14:02.045Z INFO  benchmark_client] Sending sample transaction 93
[2026-05-22T09:14:02.096Z INFO  benchmark_client] Sending sample transaction 94
[2026-05-22T09:14:02.146Z INFO  benchmark_client] Sending sample transaction 95
[2026-05-22T09:14:02.196Z INFO  benchmark_client] Sending sample transaction 96
[2026-05-22T09:14:02.246Z INFO  benchmark_client] Sending sample transaction 97
[2026-05-22T09:14:02.296Z INFO  benchmark_client] Sending sample transaction 98
[2026-05-22T09:14:02.346Z INFO  benchmark_client] Sending sample transaction 99
[2026-05-22T09:14:02.396Z INFO  benchmark_client] Sending sample transaction 100
[2026-05-22T09:14:02.446Z INFO  benchmark_client] Sending sample transaction 101
[2026-05-22T09:14:02.496Z INFO  benchmark_client] Sending sample transaction 102
[2026-05-22T09:14:02.545Z INFO  benchmark_client] Sending sample transaction 103
[2026-05-22T09:14:02.596Z INFO  benchmark_client] Sending sample transaction 104
[2026-05-22T09:14:02.646Z INFO  benchmark_client] Sending sample transaction 105
[2026-05-22T09:14:02.695Z INFO  benchmark_client] Sending sample transaction 106
[2026-05-22T09:14:02.746Z INFO  benchmark_client] Sending sample transaction 107
[2026-05-22T09:14:02.795Z INFO  benchmark_client] Sending sample transaction 108
[2026-05-22T09:14:02.846Z INFO  benchmark_client] Sending sample transaction 109
[2026-05-22T09:14:02.895Z INFO  benchmark_client] Sending sample transaction 110
[2026-05-22T09:14:02.946Z INFO  benchmark_client] Sending sample transaction 111
[2026-05-22T09:14:02.996Z INFO  benchmark_client] Sending sample transaction 112
[2026-05-22T09:14:03.046Z INFO  benchmark_client] Sending sample transaction 113
[2026-05-22T09:14:03.096Z INFO  benchmark_client] Sending sample transaction 114
[2026-05-22T09:14:03.146Z INFO  benchmark_client] Sending sample transaction 115
[2026-05-22T09:14:03.198Z INFO  benchmark_client] Sending sample transaction 116
[2026-05-22T09:14:03.246Z INFO  benchmark_client] Sending sample transaction 117
[2026-05-22T09:14:03.296Z INFO  benchmark_client] Sending sample transaction 118
[2026-05-22T09:14:03.346Z INFO  benchmark_client] Sending sample transaction 119
[2026-05-22T09:14:03.396Z INFO  benchmark_client] Sending sample transaction 120
[2026-05-22T09:14:03.445Z INFO  benchmark_client] Sending sample transaction 121
[2026-05-22T09:14:03.496Z INFO  benchmark_client] Sending sample transaction 122
[2026-05-22T09:14:03.545Z INFO  benchmark_client] Sending sample transaction 123
[2026-05-22T09:14:03.595Z INFO  benchmark_client] Sending sample transaction 124
[2026-05-22T09:14:03.646Z INFO  benchmark_client] Sending sample transaction 125
[2026-05-22T09:14:03.696Z INFO  benchmark_client] Sending sample transaction 126
[2026-05-22T09:14:03.745Z INFO  benchmark_client] Sending sample transaction 127
[2026-05-22T09:14:03.796Z INFO  benchmark_client] Sending sample transaction 128
[2026-05-22T09:14:03.845Z INFO  benchmark_client] Sending sample transaction 129
[2026-05-22T09:14:03.896Z INFO  benchmark_client] Sending sample transaction 130
[2026-05-22T09:14:03.946Z INFO  benchmark_client] Sending sample transaction 131
[2026-05-22T09:14:03.996Z INFO  benchmark_client] Sending sample transaction 132
[2026-05-22T09:14:04.046Z INFO  benchmark_client] Sending sample transaction 133
[2026-05-22T09:14:04.096Z INFO  benchmark_client] Sending sample transaction 134
[2026-05-22T09:14:04.145Z INFO  benchmark_client] Sending sample transaction 135
[2026-05-22T09:14:04.196Z INFO  benchmark_client] Sending sample transaction 136
[2026-05-22T09:14:04.245Z INFO  benchmark_client] Sending sample transaction 137
[2026-05-22T09:14:04.296Z INFO  benchmark_client] Sending sample transaction 138
[2026-05-22T09:14:04.345Z INFO  benchmark_client] Sending sample transaction 139
[2026-05-22T09:14:04.395Z INFO  benchmark_client] Sending sample transaction 140
[2026-05-22T09:14:04.446Z INFO  benchmark_client] Sending sample transaction 141
[2026-05-22T09:14:04.496Z INFO  benchmark_client] Sending sample transaction 142
[2026-05-22T09:14:04.547Z INFO  benchmark_client] Sending sample transaction 143
[2026-05-22T09:14:04.596Z INFO  benchmark_client] Sending sample transaction 144
[2026-05-22T09:14:04.646Z INFO  benchmark_client] Sending sample transaction 145
[2026-05-22T09:14:04.696Z INFO  benchmark_client] Sending sample transaction 146
[2026-05-22T09:14:04.745Z INFO  benchmark_client] Sending sample transaction 147
[2026-05-22T09:14:04.796Z INFO  benchmark_client] Sending sample transaction 148
[2026-05-22T09:14:04.845Z INFO  benchmark_client] Sending sample transaction 149
[2026-05-22T09:14:04.895Z INFO  benchmark_client] Sending sample transaction 150
[2026-05-22T09:14:04.945Z INFO  benchmark_client] Sending sample transaction 151
[2026-05-22T09:14:04.996Z INFO  benchmark_client] Sending sample transaction 152
[2026-05-22T09:14:05.046Z INFO  benchmark_client] Sending sample transaction 153
[2026-05-22T09:14:05.096Z INFO  benchmark_client] Sending sample transaction 154
[2026-05-22T09:14:05.146Z INFO  benchmark_client] Sending sample transaction 155
[2026-05-22T09:14:05.196Z INFO  benchmark_client] Sending sample transaction 156
[2026-05-22T09:14:05.246Z INFO  benchmark_client] Sending sample transaction 157
[2026-05-22T09:14:05.296Z INFO  benchmark_client] Sending sample transaction 158
[2026-05-22T09:14:05.346Z INFO  benchmark_client] Sending sample transaction 159
[2026-05-22T09:14:05.396Z INFO  benchmark_client] Sending sample transaction 160
[2026-05-22T09:14:05.446Z INFO  benchmark_client] Sending sample transaction 161
[2026-05-22T09:14:05.495Z INFO  benchmark_client] Sending sample transaction 162
[2026-05-22T09:14:05.546Z INFO  benchmark_client] Sending sample transaction 163
[2026-05-22T09:14:05.595Z INFO  benchmark_client] Sending sample transaction 164
[2026-05-22T09:14:05.646Z INFO  benchmark_client] Sending sample transaction 165
[2026-05-22T09:14:05.696Z INFO  benchmark_client] Sending sample transaction 166
[2026-05-22T09:14:05.746Z INFO  benchmark_client] Sending sample transaction 167
[2026-05-22T09:14:05.796Z INFO  benchmark_client] Sending sample transaction 168
[2026-05-22T09:14:05.846Z INFO  benchmark_client] Sending sample transaction 169
[2026-05-22T09:14:05.896Z INFO  benchmark_client] Sending sample transaction 170
[2026-05-22T09:14:05.946Z INFO  benchmark_client] Sending sample transaction 171
[2026-05-22T09:14:05.996Z INFO  benchmark_client] Sending sample transaction 172
[2026-05-22T09:14:06.047Z INFO  benchmark_client] Sending sample transaction 173
[2026-05-22T09:14:06.096Z INFO  benchmark_client] Sending sample transaction 174
[2026-05-22T09:14:06.146Z INFO  benchmark_client] Sending sample transaction 175
[2026-05-22T09:14:06.196Z INFO  benchmark_client] Sending sample transaction 176
[2026-05-22T09:14:06.246Z INFO  benchmark_client] Sending sample transaction 177
[2026-05-22T09:14:06.296Z INFO  benchmark_client] Sending sample transaction 178
[2026-05-22T09:14:06.346Z INFO  benchmark_client] Sending sample transaction 179
[2026-05-22T09:14:06.396Z INFO  benchmark_client] Sending sample transaction 180
[2026-05-22T09:14:06.446Z INFO  benchmark_client] Sending sample transaction 181
[2026-05-22T09:14:06.496Z INFO  benchmark_client] Sending sample transaction 182
[2026-05-22T09:14:06.546Z INFO  benchmark_client] Sending sample transaction 183
[2026-05-22T09:14:06.595Z INFO  benchmark_client] Sending sample transaction 184
[2026-05-22T09:14:06.646Z INFO  benchmark_client] Sending sample transaction 185
[2026-05-22T09:14:06.695Z INFO  benchmark_client] Sending sample transaction 186
[2026-05-22T09:14:06.746Z INFO  benchmark_client] Sending sample transaction 187
[2026-05-22T09:14:06.796Z INFO  benchmark_client] Sending sample transaction 188
[2026-05-22T09:14:06.846Z INFO  benchmark_client] Sending sample transaction 189
[2026-05-22T09:14:06.896Z INFO  benchmark_client] Sending sample transaction 190
[2026-05-22T09:14:06.946Z INFO  benchmark_client] Sending sample transaction 191
[2026-05-22T09:14:06.996Z INFO  benchmark_client] Sending sample transaction 192
[2026-05-22T09:14:07.046Z INFO  benchmark_client] Sending sample transaction 193
[2026-05-22T09:14:07.096Z INFO  benchmark_client] Sending sample transaction 194
[2026-05-22T09:14:07.146Z INFO  benchmark_client] Sending sample transaction 195
[2026-05-22T09:14:07.196Z INFO  benchmark_client] Sending sample transaction 196
[2026-05-22T09:14:07.245Z INFO  benchmark_client] Sending sample transaction 197
[2026-05-22T09:14:07.295Z INFO  benchmark_client] Sending sample transaction 198
[2026-05-22T09:14:07.346Z INFO  benchmark_client] Sending sample transaction 199
[2026-05-22T09:14:07.396Z INFO  benchmark_client] Sending sample transaction 200
[2026-05-22T09:14:07.448Z INFO  benchmark_client] Sending sample transaction 201
[2026-05-22T09:14:07.496Z INFO  benchmark_client] Sending sample transaction 202
[2026-05-22T09:14:07.546Z INFO  benchmark_client] Sending sample transaction 203
[2026-05-22T09:14:07.595Z INFO  benchmark_client] Sending sample transaction 204
[2026-05-22T09:14:07.646Z INFO  benchmark_client] Sending sample transaction 205
[2026-05-22T09:14:07.696Z INFO  benchmark_client] Sending sample transaction 206
[2026-05-22T09:14:07.746Z INFO  benchmark_client] Sending sample transaction 207
[2026-05-22T09:14:07.796Z INFO  benchmark_client] Sending sample transaction 208
[2026-05-22T09:14:07.846Z INFO  benchmark_client] Sending sample transaction 209
[2026-05-22T09:14:07.896Z INFO  benchmark_client] Sending sample transaction 210
[2026-05-22T09:14:07.945Z INFO  benchmark_client] Sending sample transaction 211
[2026-05-22T09:14:07.996Z INFO  benchmark_client] Sending sample transaction 212
[2026-05-22T09:14:08.046Z INFO  benchmark_client] Sending sample transaction 213
[2026-05-22T09:14:08.096Z INFO  benchmark_client] Sending sample transaction 214
[2026-05-22T09:14:08.146Z INFO  benchmark_client] Sending sample transaction 215
[2026-05-22T09:14:08.195Z INFO  benchmark_client] Sending sample transaction 216
[2026-05-22T09:14:08.245Z INFO  benchmark_client] Sending sample transaction 217
[2026-05-22T09:14:08.296Z INFO  benchmark_client] Sending sample transaction 218
[2026-05-22T09:14:08.346Z INFO  benchmark_client] Sending sample transaction 219
[2026-05-22T09:14:08.396Z INFO  benchmark_client] Sending sample transaction 220
[2026-05-22T09:14:08.446Z INFO  benchmark_client] Sending sample transaction 221
[2026-05-22T09:14:08.499Z INFO  benchmark_client] Sending sample transaction 222
[2026-05-22T09:14:08.547Z INFO  benchmark_client] Sending sample transaction 223
[2026-05-22T09:14:08.597Z INFO  benchmark_client] Sending sample transaction 224
[2026-05-22T09:14:08.647Z INFO  benchmark_client] Sending sample transaction 225
[2026-05-22T09:14:08.696Z INFO  benchmark_client] Sending sample transaction 226
[2026-05-22T09:14:08.745Z INFO  benchmark_client] Sending sample transaction 227
[2026-05-22T09:14:08.796Z INFO  benchmark_client] Sending sample transaction 228
[2026-05-22T09:14:08.848Z INFO  benchmark_client] Sending sample transaction 229
[2026-05-22T09:14:08.897Z INFO  benchmark_client] Sending sample transaction 230
[2026-05-22T09:14:08.947Z INFO  benchmark_client] Sending sample transaction 231
[2026-05-22T09:14:08.997Z INFO  benchmark_client] Sending sample transaction 232
[2026-05-22T09:14:09.046Z INFO  benchmark_client] Sending sample transaction 233
[2026-05-22T09:14:09.096Z INFO  benchmark_client] Sending sample transaction 234
[2026-05-22T09:14:09.146Z INFO  benchmark_client] Sending sample transaction 235
[2026-05-22T09:14:09.198Z INFO  benchmark_client] Sending sample transaction 236
[2026-05-22T09:14:09.246Z INFO  benchmark_client] Sending sample transaction 237
[2026-05-22T09:14:09.296Z INFO  benchmark_client] Sending sample transaction 238
[2026-05-22T09:14:09.345Z INFO  benchmark_client] Sending sample transaction 239
[2026-05-22T09:14:09.396Z INFO  benchmark_client] Sending sample transaction 240
[2026-05-22T09:14:09.446Z INFO  benchmark_client] Sending sample transaction 241
[2026-05-22T09:14:09.496Z INFO  benchmark_client] Sending sample transaction 242
[2026-05-22T09:14:09.546Z INFO  benchmark_client] Sending sample transaction 243
[2026-05-22T09:14:09.596Z INFO  benchmark_client] Sending sample transaction 244
[2026-05-22T09:14:09.646Z INFO  benchmark_client] Sending sample transaction 245
[2026-05-22T09:14:09.696Z INFO  benchmark_client] Sending sample transaction 246
[2026-05-22T09:14:09.746Z INFO  benchmark_client] Sending sample transaction 247
[2026-05-22T09:14:09.796Z INFO  benchmark_client] Sending sample transaction 248
[2026-05-22T09:14:09.846Z INFO  benchmark_client] Sending sample transaction 249
[2026-05-22T09:14:09.896Z INFO  benchmark_client] Sending sample transaction 250
[2026-05-22T09:14:09.946Z INFO  benchmark_client] Sending sample transaction 251
[2026-05-22T09:14:09.996Z INFO  benchmark_client] Sending sample transaction 252
[2026-05-22T09:14:10.046Z INFO  benchmark_client] Sending sample transaction 253
[2026-05-22T09:14:10.096Z INFO  benchmark_client] Sending sample transaction 254
[2026-05-22T09:14:10.147Z INFO  benchmark_client] Sending sample transaction 255
[2026-05-22T09:14:10.196Z INFO  benchmark_client] Sending sample transaction 256
[2026-05-22T09:14:10.246Z INFO  benchmark_client] Sending sample transaction 257
[2026-05-22T09:14:10.296Z INFO  benchmark_client] Sending sample transaction 258
[2026-05-22T09:14:10.346Z INFO  benchmark_client] Sending sample transaction 259
[2026-05-22T09:14:10.396Z INFO  benchmark_client] Sending sample transaction 260
[2026-05-22T09:14:10.446Z INFO  benchmark_client] Sending sample transaction 261
[2026-05-22T09:14:10.496Z INFO  benchmark_client] Sending sample transaction 262
[2026-05-22T09:14:10.546Z INFO  benchmark_client] Sending sample transaction 263
[2026-05-22T09:14:10.596Z INFO  benchmark_client] Sending sample transaction 264
[2026-05-22T09:14:10.646Z INFO  benchmark_client] Sending sample transaction 265
[2026-05-22T09:14:10.696Z INFO  benchmark_client] Sending sample transaction 266
[2026-05-22T09:14:10.746Z INFO  benchmark_client] Sending sample transaction 267
[2026-05-22T09:14:10.796Z INFO  benchmark_client] Sending sample transaction 268
[2026-05-22T09:14:10.846Z INFO  benchmark_client] Sending sample transaction 269
[2026-05-22T09:14:10.896Z INFO  benchmark_client] Sending sample transaction 270
[2026-05-22T09:14:10.946Z INFO  benchmark_client] Sending sample transaction 271
[2026-05-22T09:14:10.996Z INFO  benchmark_client] Sending sample transaction 272
[2026-05-22T09:14:11.046Z INFO  benchmark_client] Sending sample transaction 273
[2026-05-22T09:14:11.097Z INFO  benchmark_client] Sending sample transaction 274
[2026-05-22T09:14:11.146Z INFO  benchmark_client] Sending sample transaction 275
[2026-05-22T09:14:11.197Z INFO  benchmark_client] Sending sample transaction 276
[2026-05-22T09:14:11.246Z INFO  benchmark_client] Sending sample transaction 277
[2026-05-22T09:14:11.296Z INFO  benchmark_client] Sending sample transaction 278
[2026-05-22T09:14:11.346Z INFO  benchmark_client] Sending sample transaction 279
[2026-05-22T09:14:11.396Z INFO  benchmark_client] Sending sample transaction 280
[2026-05-22T09:14:11.446Z INFO  benchmark_client] Sending sample transaction 281
[2026-05-22T09:14:11.496Z INFO  benchmark_client] Sending sample transaction 282
[2026-05-22T09:14:11.547Z INFO  benchmark_client] Sending sample transaction 283
[2026-05-22T09:14:11.596Z INFO  benchmark_client] Sending sample transaction 284
[2026-05-22T09:14:11.646Z INFO  benchmark_client] Sending sample transaction 285
[2026-05-22T09:14:11.697Z INFO  benchmark_client] Sending sample transaction 286
[2026-05-22T09:14:11.746Z INFO  benchmark_client] Sending sample transaction 287
[2026-05-22T09:14:11.796Z INFO  benchmark_client] Sending sample transaction 288
[2026-05-22T09:14:11.845Z INFO  benchmark_client] Sending sample transaction 289
[2026-05-22T09:14:11.896Z INFO  benchmark_client] Sending sample transaction 290
[2026-05-22T09:14:11.946Z INFO  benchmark_client] Sending sample transaction 291
[2026-05-22T09:14:11.996Z INFO  benchmark_client] Sending sample transaction 292
[2026-05-22T09:14:12.046Z INFO  benchmark_client] Sending sample transaction 293
[2026-05-22T09:14:12.097Z INFO  benchmark_client] Sending sample transaction 294
[2026-05-22T09:14:12.146Z INFO  benchmark_client] Sending sample transaction 295
[2026-05-22T09:14:12.196Z INFO  benchmark_client] Sending sample transaction 296
[2026-05-22T09:14:12.246Z INFO  benchmark_client] Sending sample transaction 297
[2026-05-22T09:14:12.296Z INFO  benchmark_client] Sending sample transaction 298
[2026-05-22T09:14:12.346Z INFO  benchmark_client] Sending sample transaction 299
[2026-05-22T09:14:12.396Z INFO  benchmark_client] Sending sample transaction 300
[2026-05-22T09:14:12.446Z INFO  benchmark_client] Sending sample transaction 301
[2026-05-22T09:14:12.496Z INFO  benchmark_client] Sending sample transaction 302
[2026-05-22T09:14:12.546Z INFO  benchmark_client] Sending sample transaction 303
[2026-05-22T09:14:12.596Z INFO  benchmark_client] Sending sample transaction 304
[2026-05-22T09:14:12.646Z INFO  benchmark_client] Sending sample transaction 305
[2026-05-22T09:14:12.696Z INFO  benchmark_client] Sending sample transaction 306
[2026-05-22T09:14:12.746Z INFO  benchmark_client] Sending sample transaction 307
[2026-05-22T09:14:12.796Z INFO  benchmark_client] Sending sample transaction 308
[2026-05-22T09:14:12.846Z INFO  benchmark_client] Sending sample transaction 309
[2026-05-22T09:14:12.897Z INFO  benchmark_client] Sending sample transaction 310
[2026-05-22T09:14:12.946Z INFO  benchmark_client] Sending sample transaction 311
[2026-05-22T09:14:12.996Z INFO  benchmark_client] Sending sample transaction 312
[2026-05-22T09:14:13.046Z INFO  benchmark_client] Sending sample transaction 313
[2026-05-22T09:14:13.096Z INFO  benchmark_client] Sending sample transaction 314
[2026-05-22T09:14:13.149Z INFO  benchmark_client] Sending sample transaction 315
[2026-05-22T09:14:13.196Z INFO  benchmark_client] Sending sample transaction 316
[2026-05-22T09:14:13.246Z INFO  benchmark_client] Sending sample transaction 317
[2026-05-22T09:14:13.296Z INFO  benchmark_client] Sending sample transaction 318
[2026-05-22T09:14:13.347Z INFO  benchmark_client] Sending sample transaction 319
[2026-05-22T09:14:13.396Z INFO  benchmark_client] Sending sample transaction 320
[2026-05-22T09:14:13.447Z INFO  benchmark_client] Sending sample transaction 321
[2026-05-22T09:14:13.496Z INFO  benchmark_client] Sending sample transaction 322
[2026-05-22T09:14:13.546Z INFO  benchmark_client] Sending sample transaction 323
[2026-05-22T09:14:13.596Z INFO  benchmark_client] Sending sample transaction 324
[2026-05-22T09:14:13.647Z INFO  benchmark_client] Sending sample transaction 325
[2026-05-22T09:14:13.696Z INFO  benchmark_client] Sending sample transaction 326
[2026-05-22T09:14:13.747Z INFO  benchmark_client] Sending sample transaction 327
[2026-05-22T09:14:13.796Z INFO  benchmark_client] Sending sample transaction 328
[2026-05-22T09:14:13.847Z INFO  benchmark_client] Sending sample transaction 329
[2026-05-22T09:14:13.896Z INFO  benchmark_client] Sending sample transaction 330
[2026-05-22T09:14:13.946Z INFO  benchmark_client] Sending sample transaction 331
[2026-05-22T09:14:13.996Z INFO  benchmark_client] Sending sample transaction 332
[2026-05-22T09:14:14.047Z INFO  benchmark_client] Sending sample transaction 333
[2026-05-22T09:14:14.096Z INFO  benchmark_client] Sending sample transaction 334
[2026-05-22T09:14:14.147Z INFO  benchmark_client] Sending sample transaction 335
[2026-05-22T09:14:14.196Z INFO  benchmark_client] Sending sample transaction 336
[2026-05-22T09:14:14.246Z INFO  benchmark_client] Sending sample transaction 337
[2026-05-22T09:14:14.296Z INFO  benchmark_client] Sending sample transaction 338
[2026-05-22T09:14:14.346Z INFO  benchmark_client] Sending sample transaction 339
[2026-05-22T09:14:14.396Z INFO  benchmark_client] Sending sample transaction 340
[2026-05-22T09:14:14.446Z INFO  benchmark_client] Sending sample transaction 341
[2026-05-22T09:14:14.496Z INFO  benchmark_client] Sending sample transaction 342
[2026-05-22T09:14:14.547Z INFO  benchmark_client] Sending sample transaction 343
[2026-05-22T09:14:14.596Z INFO  benchmark_client] Sending sample transaction 344
[2026-05-22T09:14:14.646Z INFO  benchmark_client] Sending sample transaction 345
[2026-05-22T09:14:14.697Z INFO  benchmark_client] Sending sample transaction 346
[2026-05-22T09:14:14.747Z INFO  benchmark_client] Sending sample transaction 347
[2026-05-22T09:14:14.796Z INFO  benchmark_client] Sending sample transaction 348
[2026-05-22T09:14:14.848Z INFO  benchmark_client] Sending sample transaction 349
[2026-05-22T09:14:14.897Z INFO  benchmark_client] Sending sample transaction 350
[2026-05-22T09:14:14.946Z INFO  benchmark_client] Sending sample transaction 351
[2026-05-22T09:14:14.997Z INFO  benchmark_client] Sending sample transaction 352
[2026-05-22T09:14:15.047Z INFO  benchmark_client] Sending sample transaction 353
[2026-05-22T09:14:15.097Z INFO  benchmark_client] Sending sample transaction 354
[2026-05-22T09:14:15.146Z INFO  benchmark_client] Sending sample transaction 355
[2026-05-22T09:14:15.196Z INFO  benchmark_client] Sending sample transaction 356
[2026-05-22T09:14:15.246Z INFO  benchmark_client] Sending sample transaction 357
[2026-05-22T09:14:15.296Z INFO  benchmark_client] Sending sample transaction 358
[2026-05-22T09:14:15.346Z INFO  benchmark_client] Sending sample transaction 359
[2026-05-22T09:14:15.396Z INFO  benchmark_client] Sending sample transaction 360
[2026-05-22T09:14:15.446Z INFO  benchmark_client] Sending sample transaction 361
[2026-05-22T09:14:15.496Z INFO  benchmark_client] Sending sample transaction 362
[2026-05-22T09:14:15.547Z INFO  benchmark_client] Sending sample transaction 363
[2026-05-22T09:14:15.597Z INFO  benchmark_client] Sending sample transaction 364
[2026-05-22T09:14:15.646Z INFO  benchmark_client] Sending sample transaction 365
[2026-05-22T09:14:15.696Z INFO  benchmark_client] Sending sample transaction 366
[2026-05-22T09:14:15.746Z INFO  benchmark_client] Sending sample transaction 367
[2026-05-22T09:14:15.797Z INFO  benchmark_client] Sending sample transaction 368
[2026-05-22T09:14:15.846Z INFO  benchmark_client] Sending sample transaction 369
[2026-05-22T09:14:15.896Z INFO  benchmark_client] Sending sample transaction 370
[2026-05-22T09:14:15.946Z INFO  benchmark_client] Sending sample transaction 371
[2026-05-22T09:14:15.996Z INFO  benchmark_client] Sending sample transaction 372
[2026-05-22T09:14:16.047Z INFO  benchmark_client] Sending sample transaction 373
[2026-05-22T09:14:16.097Z INFO  benchmark_client] Sending sample transaction 374
[2026-05-22T09:14:16.146Z INFO  benchmark_client] Sending sample transaction 375
[2026-05-22T09:14:16.196Z INFO  benchmark_client] Sending sample transaction 376
[2026-05-22T09:14:16.246Z INFO  benchmark_client] Sending sample transaction 377
[2026-05-22T09:14:16.297Z INFO  benchmark_client] Sending sample transaction 378
[2026-05-22T09:14:16.346Z INFO  benchmark_client] Sending sample transaction 379
[2026-05-22T09:14:16.397Z INFO  benchmark_client] Sending sample transaction 380
[2026-05-22T09:14:16.446Z INFO  benchmark_client] Sending sample transaction 381
[2026-05-22T09:14:16.497Z INFO  benchmark_client] Sending sample transaction 382
[2026-05-22T09:14:16.546Z INFO  benchmark_client] Sending sample transaction 383
[2026-05-22T09:14:16.597Z INFO  benchmark_client] Sending sample transaction 384
[2026-05-22T09:14:16.646Z INFO  benchmark_client] Sending sample transaction 385
[2026-05-22T09:14:16.697Z INFO  benchmark_client] Sending sample transaction 386
[2026-05-22T09:14:16.746Z INFO  benchmark_client] Sending sample transaction 387
[2026-05-22T09:14:16.797Z INFO  benchmark_client] Sending sample transaction 388
[2026-05-22T09:14:16.846Z INFO  benchmark_client] Sending sample transaction 389
[2026-05-22T09:14:16.896Z INFO  benchmark_client] Sending sample transaction 390
[2026-05-22T09:14:16.946Z INFO  benchmark_client] Sending sample transaction 391
[2026-05-22T09:14:16.996Z INFO  benchmark_client] Sending sample transaction 392
[2026-05-22T09:14:17.046Z INFO  benchmark_client] Sending sample transaction 393
[2026-05-22T09:14:17.097Z INFO  benchmark_client] Sending sample transaction 394
[2026-05-22T09:14:17.146Z INFO  benchmark_client] Sending sample transaction 395
[2026-05-22T09:14:17.196Z INFO  benchmark_client] Sending sample transaction 396
[2026-05-22T09:14:17.246Z INFO  benchmark_client] Sending sample transaction 397
[2026-05-22T09:14:17.297Z INFO  benchmark_client] Sending sample transaction 398
[2026-05-22T09:14:17.347Z INFO  benchmark_client] Sending sample transaction 399
[2026-05-22T09:14:17.397Z INFO  benchmark_client] Sending sample transaction 400
[2026-05-22T09:14:17.446Z INFO  benchmark_client] Sending sample transaction 401
[2026-05-22T09:14:17.496Z INFO  benchmark_client] Sending sample transaction 402
[2026-05-22T09:14:17.546Z INFO  benchmark_client] Sending sample transaction 403
[2026-05-22T09:14:17.596Z INFO  benchmark_client] Sending sample transaction 404
[2026-05-22T09:14:17.647Z INFO  benchmark_client] Sending sample transaction 405
[2026-05-22T09:14:17.697Z INFO  benchmark_client] Sending sample transaction 406
[2026-05-22T09:14:17.747Z INFO  benchmark_client] Sending sample transaction 407
[2026-05-22T09:14:17.796Z INFO  benchmark_client] Sending sample transaction 408
[2026-05-22T09:14:17.846Z INFO  benchmark_client] Sending sample transaction 409
[2026-05-22T09:14:17.897Z INFO  benchmark_client] Sending sample transaction 410
[2026-05-22T09:14:17.947Z INFO  benchmark_client] Sending sample transaction 411
[2026-05-22T09:14:17.996Z INFO  benchmark_client] Sending sample transaction 412
[2026-05-22T09:14:18.047Z INFO  benchmark_client] Sending sample transaction 413
[2026-05-22T09:14:18.097Z INFO  benchmark_client] Sending sample transaction 414
[2026-05-22T09:14:18.146Z INFO  benchmark_client] Sending sample transaction 415
[2026-05-22T09:14:18.196Z INFO  benchmark_client] Sending sample transaction 416
[2026-05-22T09:14:18.247Z INFO  benchmark_client] Sending sample transaction 417
[2026-05-22T09:14:18.296Z INFO  benchmark_client] Sending sample transaction 418
[2026-05-22T09:14:18.346Z INFO  benchmark_client] Sending sample transaction 419
[2026-05-22T09:14:18.396Z INFO  benchmark_client] Sending sample transaction 420
[2026-05-22T09:14:18.446Z INFO  benchmark_client] Sending sample transaction 421
[2026-05-22T09:14:18.496Z INFO  benchmark_client] Sending sample transaction 422
[2026-05-22T09:14:18.547Z INFO  benchmark_client] Sending sample transaction 423
[2026-05-22T09:14:18.596Z INFO  benchmark_client] Sending sample transaction 424
[2026-05-22T09:14:18.647Z INFO  benchmark_client] Sending sample transaction 425
[2026-05-22T09:14:18.696Z INFO  benchmark_client] Sending sample transaction 426
[2026-05-22T09:14:18.746Z INFO  benchmark_client] Sending sample transaction 427
[2026-05-22T09:14:18.797Z INFO  benchmark_client] Sending sample transaction 428
[2026-05-22T09:14:18.846Z INFO  benchmark_client] Sending sample transaction 429
[2026-05-22T09:14:18.897Z INFO  benchmark_client] Sending sample transaction 430
[2026-05-22T09:14:18.947Z INFO  benchmark_client] Sending sample transaction 431
[2026-05-22T09:14:18.996Z INFO  benchmark_client] Sending sample transaction 432
[2026-05-22T09:14:19.047Z INFO  benchmark_client] Sending sample transaction 433
[2026-05-22T09:14:19.097Z INFO  benchmark_client] Sending sample transaction 434
[2026-05-22T09:14:19.147Z INFO  benchmark_client] Sending sample transaction 435
[2026-05-22T09:14:19.196Z INFO  benchmark_client] Sending sample transaction 436
[2026-05-22T09:14:19.246Z INFO  benchmark_client] Sending sample transaction 437
[2026-05-22T09:14:19.296Z INFO  benchmark_client] Sending sample transaction 438
[2026-05-22T09:14:19.347Z INFO  benchmark_client] Sending sample transaction 439
[2026-05-22T09:14:19.396Z INFO  benchmark_client] Sending sample transaction 440
[2026-05-22T09:14:19.447Z INFO  benchmark_client] Sending sample transaction 441
[2026-05-22T09:14:19.497Z INFO  benchmark_client] Sending sample transaction 442
[2026-05-22T09:14:19.547Z INFO  benchmark_client] Sending sample transaction 443
[2026-05-22T09:14:19.597Z INFO  benchmark_client] Sending sample transaction 444
[2026-05-22T09:14:19.646Z INFO  benchmark_client] Sending sample transaction 445
[2026-05-22T09:14:19.697Z INFO  benchmark_client] Sending sample transaction 446
[2026-05-22T09:14:19.747Z INFO  benchmark_client] Sending sample transaction 447
[2026-05-22T09:14:19.797Z INFO  benchmark_client] Sending sample transaction 448
[2026-05-22T09:14:19.846Z INFO  benchmark_client] Sending sample transaction 449
[2026-05-22T09:14:19.897Z INFO  benchmark_client] Sending sample transaction 450
[2026-05-22T09:14:19.947Z INFO  benchmark_client] Sending sample transaction 451
[2026-05-22T09:14:19.996Z INFO  benchmark_client] Sending sample transaction 452
[2026-05-22T09:14:20.046Z INFO  benchmark_client] Sending sample transaction 453
[2026-05-22T09:14:20.096Z INFO  benchmark_client] Sending sample transaction 454
[2026-05-22T09:14:20.147Z INFO  benchmark_client] Sending sample transaction 455
[2026-05-22T09:14:20.197Z INFO  benchmark_client] Sending sample transaction 456
[2026-05-22T09:14:20.246Z INFO  benchmark_client] Sending sample transaction 457
[2026-05-22T09:14:20.297Z INFO  benchmark_client] Sending sample transaction 458
[2026-05-22T09:14:20.346Z INFO  benchmark_client] Sending sample transaction 459
[2026-05-22T09:14:20.396Z INFO  benchmark_client] Sending sample transaction 460
[2026-05-22T09:14:20.447Z INFO  benchmark_client] Sending sample transaction 461
[2026-05-22T09:14:20.497Z INFO  benchmark_client] Sending sample transaction 462
[2026-05-22T09:14:20.547Z INFO  benchmark_client] Sending sample transaction 463
[2026-05-22T09:14:20.596Z INFO  benchmark_client] Sending sample transaction 464
[2026-05-22T09:14:20.647Z INFO  benchmark_client] Sending sample transaction 465
[2026-05-22T09:14:20.697Z INFO  benchmark_client] Sending sample transaction 466
[2026-05-22T09:14:20.747Z INFO  benchmark_client] Sending sample transaction 467
[2026-05-22T09:14:20.796Z INFO  benchmark_client] Sending sample transaction 468
[2026-05-22T09:14:20.847Z INFO  benchmark_client] Sending sample transaction 469
[2026-05-22T09:14:20.896Z INFO  benchmark_client] Sending sample transaction 470
[2026-05-22T09:14:20.947Z INFO  benchmark_client] Sending sample transaction 471
[2026-05-22T09:14:20.998Z INFO  benchmark_client] Sending sample transaction 472
[2026-05-22T09:14:21.046Z INFO  benchmark_client] Sending sample transaction 473
[2026-05-22T09:14:21.096Z INFO  benchmark_client] Sending sample transaction 474
[2026-05-22T09:14:21.146Z INFO  benchmark_client] Sending sample transaction 475
[2026-05-22T09:14:21.198Z INFO  benchmark_client] Sending sample transaction 476
[2026-05-22T09:14:21.246Z INFO  benchmark_client] Sending sample transaction 477
[2026-05-22T09:14:21.297Z INFO  benchmark_client] Sending sample transaction 478
[2026-05-22T09:14:21.346Z INFO  benchmark_client] Sending sample transaction 479
[2026-05-22T09:14:21.396Z INFO  benchmark_client] Sending sample transaction 480
[2026-05-22T09:14:21.447Z INFO  benchmark_client] Sending sample transaction 481
[2026-05-22T09:14:21.497Z INFO  benchmark_client] Sending sample transaction 482
[2026-05-22T09:14:21.548Z INFO  benchmark_client] Sending sample transaction 483
[2026-05-22T09:14:21.597Z INFO  benchmark_client] Sending sample transaction 484
[2026-05-22T09:14:21.647Z INFO  benchmark_client] Sending sample transaction 485
[2026-05-22T09:14:21.696Z INFO  benchmark_client] Sending sample transaction 486
[2026-05-22T09:14:21.747Z INFO  benchmark_client] Sending sample transaction 487
[2026-05-22T09:14:21.798Z INFO  benchmark_client] Sending sample transaction 488
[2026-05-22T09:14:21.848Z INFO  benchmark_client] Sending sample transaction 489
[2026-05-22T09:14:21.896Z INFO  benchmark_client] Sending sample transaction 490
[2026-05-22T09:14:21.947Z INFO  benchmark_client] Sending sample transaction 491
[2026-05-22T09:14:21.996Z INFO  benchmark_client] Sending sample transaction 492
[2026-05-22T09:14:22.046Z INFO  benchmark_client] Sending sample transaction 493
[2026-05-22T09:14:22.097Z INFO  benchmark_client] Sending sample transaction 494
[2026-05-22T09:14:22.146Z INFO  benchmark_client] Sending sample transaction 495
[2026-05-22T09:14:22.197Z INFO  benchmark_client] Sending sample transaction 496
[2026-05-22T09:14:22.247Z INFO  benchmark_client] Sending sample transaction 497
[2026-05-22T09:14:22.296Z INFO  benchmark_client] Sending sample transaction 498
[2026-05-22T09:14:22.346Z INFO  benchmark_client] Sending sample transaction 499
[2026-05-22T09:14:22.395Z INFO  benchmark_client] Sending sample transaction 500
[2026-05-22T09:14:22.446Z INFO  benchmark_client] Sending sample transaction 501
[2026-05-22T09:14:22.495Z INFO  benchmark_client] Sending sample transaction 502
[2026-05-22T09:14:22.545Z INFO  benchmark_client] Sending sample transaction 503
[2026-05-22T09:14:22.596Z INFO  benchmark_client] Sending sample transaction 504
[2026-05-22T09:14:22.645Z INFO  benchmark_client] Sending sample transaction 505
[2026-05-22T09:14:22.696Z INFO  benchmark_client] Sending sample transaction 506
[2026-05-22T09:14:22.746Z INFO  benchmark_client] Sending sample transaction 507
[2026-05-22T09:14:22.796Z INFO  benchmark_client] Sending sample transaction 508
[2026-05-22T09:14:22.847Z INFO  benchmark_client] Sending sample transaction 509
[2026-05-22T09:14:22.896Z INFO  benchmark_client] Sending sample transaction 510
[2026-05-22T09:14:22.945Z INFO  benchmark_client] Sending sample transaction 511
[2026-05-22T09:14:22.995Z INFO  benchmark_client] Sending sample transaction 512
[2026-05-22T09:14:23.045Z INFO  benchmark_client] Sending sample transaction 513
[2026-05-22T09:14:23.096Z INFO  benchmark_client] Sending sample transaction 514
[2026-05-22T09:14:23.146Z INFO  benchmark_client] Sending sample transaction 515
[2026-05-22T09:14:23.199Z INFO  benchmark_client] Sending sample transaction 516
[2026-05-22T09:14:23.245Z INFO  benchmark_client] Sending sample transaction 517
[2026-05-22T09:14:23.295Z INFO  benchmark_client] Sending sample transaction 518
[2026-05-22T09:14:23.345Z INFO  benchmark_client] Sending sample transaction 519
[2026-05-22T09:14:23.396Z INFO  benchmark_client] Sending sample transaction 520
[2026-05-22T09:14:23.445Z INFO  benchmark_client] Sending sample transaction 521
[2026-05-22T09:14:23.495Z INFO  benchmark_client] Sending sample transaction 522
[2026-05-22T09:14:23.546Z INFO  benchmark_client] Sending sample transaction 523
[2026-05-22T09:14:23.596Z INFO  benchmark_client] Sending sample transaction 524
[2026-05-22T09:14:23.645Z INFO  benchmark_client] Sending sample transaction 525
[2026-05-22T09:14:23.695Z INFO  benchmark_client] Sending sample transaction 526
[2026-05-22T09:14:23.745Z INFO  benchmark_client] Sending sample transaction 527
[2026-05-22T09:14:23.796Z INFO  benchmark_client] Sending sample transaction 528
[2026-05-22T09:14:23.846Z INFO  benchmark_client] Sending sample transaction 529
[2026-05-22T09:14:23.897Z INFO  benchmark_client] Sending sample transaction 530
[2026-05-22T09:14:23.946Z INFO  benchmark_client] Sending sample transaction 531
[2026-05-22T09:14:23.995Z INFO  benchmark_client] Sending sample transaction 532
[2026-05-22T09:14:24.045Z INFO  benchmark_client] Sending sample transaction 533
[2026-05-22T09:14:24.096Z INFO  benchmark_client] Sending sample transaction 534
[2026-05-22T09:14:24.145Z INFO  benchmark_client] Sending sample transaction 535
[2026-05-22T09:14:24.195Z INFO  benchmark_client] Sending sample transaction 536
[2026-05-22T09:14:24.246Z INFO  benchmark_client] Sending sample transaction 537
[2026-05-22T09:14:24.295Z INFO  benchmark_client] Sending sample transaction 538
[2026-05-22T09:14:24.345Z INFO  benchmark_client] Sending sample transaction 539
[2026-05-22T09:14:24.396Z INFO  benchmark_client] Sending sample transaction 540
[2026-05-22T09:14:24.446Z INFO  benchmark_client] Sending sample transaction 541
[2026-05-22T09:14:24.495Z INFO  benchmark_client] Sending sample transaction 542
[2026-05-22T09:14:24.546Z INFO  benchmark_client] Sending sample transaction 543
[2026-05-22T09:14:24.596Z INFO  benchmark_client] Sending sample transaction 544
[2026-05-22T09:14:24.645Z INFO  benchmark_client] Sending sample transaction 545
[2026-05-22T09:14:24.696Z INFO  benchmark_client] Sending sample transaction 546
[2026-05-22T09:14:24.745Z INFO  benchmark_client] Sending sample transaction 547
[2026-05-22T09:14:24.795Z INFO  benchmark_client] Sending sample transaction 548
[2026-05-22T09:14:24.846Z INFO  benchmark_client] Sending sample transaction 549
[2026-05-22T09:14:24.895Z INFO  benchmark_client] Sending sample transaction 550
[2026-05-22T09:14:24.945Z INFO  benchmark_client] Sending sample transaction 551
[2026-05-22T09:14:24.996Z INFO  benchmark_client] Sending sample transaction 552
[2026-05-22T09:14:25.045Z INFO  benchmark_client] Sending sample transaction 553
[2026-05-22T09:14:25.096Z INFO  benchmark_client] Sending sample transaction 554
[2026-05-22T09:14:25.146Z INFO  benchmark_client] Sending sample transaction 555
[2026-05-22T09:14:25.196Z INFO  benchmark_client] Sending sample transaction 556
[2026-05-22T09:14:25.246Z INFO  benchmark_client] Sending sample transaction 557
[2026-05-22T09:14:25.296Z INFO  benchmark_client] Sending sample transaction 558
[2026-05-22T09:14:25.345Z INFO  benchmark_client] Sending sample transaction 559
[2026-05-22T09:14:25.396Z INFO  benchmark_client] Sending sample transaction 560
[2026-05-22T09:14:25.446Z INFO  benchmark_client] Sending sample transaction 561
[2026-05-22T09:14:25.495Z INFO  benchmark_client] Sending sample transaction 562
[2026-05-22T09:14:25.546Z INFO  benchmark_client] Sending sample transaction 563
[2026-05-22T09:14:25.595Z INFO  benchmark_client] Sending sample transaction 564
[2026-05-22T09:14:25.646Z INFO  benchmark_client] Sending sample transaction 565
[2026-05-22T09:14:25.695Z INFO  benchmark_client] Sending sample transaction 566
[2026-05-22T09:14:25.746Z INFO  benchmark_client] Sending sample transaction 567
[2026-05-22T09:14:25.796Z INFO  benchmark_client] Sending sample transaction 568
[2026-05-22T09:14:25.846Z INFO  benchmark_client] Sending sample transaction 569
[2026-05-22T09:14:25.895Z INFO  benchmark_client] Sending sample transaction 570
[2026-05-22T09:14:25.948Z INFO  benchmark_client] Sending sample transaction 571
[2026-05-22T09:14:25.995Z INFO  benchmark_client] Sending sample transaction 572
[2026-05-22T09:14:26.046Z INFO  benchmark_client] Sending sample transaction 573
[2026-05-22T09:14:26.095Z INFO  benchmark_client] Sending sample transaction 574
[2026-05-22T09:14:26.146Z INFO  benchmark_client] Sending sample transaction 575
[2026-05-22T09:14:26.196Z INFO  benchmark_client] Sending sample transaction 576
[2026-05-22T09:14:26.246Z INFO  benchmark_client] Sending sample transaction 577
[2026-05-22T09:14:26.296Z INFO  benchmark_client] Sending sample transaction 578
[2026-05-22T09:14:26.346Z INFO  benchmark_client] Sending sample transaction 579
[2026-05-22T09:14:26.395Z INFO  benchmark_client] Sending sample transaction 580
[2026-05-22T09:14:26.446Z INFO  benchmark_client] Sending sample transaction 581
[2026-05-22T09:14:26.496Z INFO  benchmark_client] Sending sample transaction 582
[2026-05-22T09:14:26.546Z INFO  benchmark_client] Sending sample transaction 583
[2026-05-22T09:14:26.596Z INFO  benchmark_client] Sending sample transaction 584
[2026-05-22T09:14:26.646Z INFO  benchmark_client] Sending sample transaction 585
[2026-05-22T09:14:26.696Z INFO  benchmark_client] Sending sample transaction 586
[2026-05-22T09:14:26.746Z INFO  benchmark_client] Sending sample transaction 587
[2026-05-22T09:14:26.796Z INFO  benchmark_client] Sending sample transaction 588
[2026-05-22T09:14:26.846Z INFO  benchmark_client] Sending sample transaction 589
[2026-05-22T09:14:26.900Z INFO  benchmark_client] Sending sample transaction 590
[2026-05-22T09:14:26.945Z INFO  benchmark_client] Sending sample transaction 591
[2026-05-22T09:14:26.996Z INFO  benchmark_client] Sending sample transaction 592
[2026-05-22T09:14:27.046Z INFO  benchmark_client] Sending sample transaction 593
[2026-05-22T09:14:27.095Z INFO  benchmark_client] Sending sample transaction 594
[2026-05-22T09:14:27.145Z INFO  benchmark_client] Sending sample transaction 595
[2026-05-22T09:14:27.195Z INFO  benchmark_client] Sending sample transaction 596
[2026-05-22T09:14:27.246Z INFO  benchmark_client] Sending sample transaction 597
[2026-05-22T09:14:27.296Z INFO  benchmark_client] Sending sample transaction 598
[2026-05-22T09:14:27.346Z INFO  benchmark_client] Sending sample transaction 599
[2026-05-22T09:14:27.396Z INFO  benchmark_client] Sending sample transaction 600
[2026-05-22T09:14:27.446Z INFO  benchmark_client] Sending sample transaction 601
[2026-05-22T09:14:27.496Z INFO  benchmark_client] Sending sample transaction 602
[2026-05-22T09:14:27.545Z INFO  benchmark_client] Sending sample transaction 603
[2026-05-22T09:14:27.597Z INFO  benchmark_client] Sending sample transaction 604
[2026-05-22T09:14:27.645Z INFO  benchmark_client] Sending sample transaction 605
[2026-05-22T09:14:27.697Z INFO  benchmark_client] Sending sample transaction 606
[2026-05-22T09:14:27.745Z INFO  benchmark_client] Sending sample transaction 607
[2026-05-22T09:14:27.796Z INFO  benchmark_client] Sending sample transaction 608
[2026-05-22T09:14:27.846Z INFO  benchmark_client] Sending sample transaction 609
[2026-05-22T09:14:27.896Z INFO  benchmark_client] Sending sample transaction 610
[2026-05-22T09:14:27.945Z INFO  benchmark_client] Sending sample transaction 611
[2026-05-22T09:14:27.995Z INFO  benchmark_client] Sending sample transaction 612
[2026-05-22T09:14:28.045Z INFO  benchmark_client] Sending sample transaction 613
[2026-05-22T09:14:28.096Z INFO  benchmark_client] Sending sample transaction 614
[2026-05-22T09:14:28.145Z INFO  benchmark_client] Sending sample transaction 615
[2026-05-22T09:14:28.196Z INFO  benchmark_client] Sending sample transaction 616
[2026-05-22T09:14:28.245Z INFO  benchmark_client] Sending sample transaction 617
[2026-05-22T09:14:28.295Z INFO  benchmark_client] Sending sample transaction 618
[2026-05-22T09:14:28.346Z INFO  benchmark_client] Sending sample transaction 619
[2026-05-22T09:14:28.397Z INFO  benchmark_client] Sending sample transaction 620
[2026-05-22T09:14:28.446Z INFO  benchmark_client] Sending sample transaction 621
[2026-05-22T09:14:28.496Z INFO  benchmark_client] Sending sample transaction 622
[2026-05-22T09:14:28.545Z INFO  benchmark_client] Sending sample transaction 623
[2026-05-22T09:14:28.596Z INFO  benchmark_client] Sending sample transaction 624
[2026-05-22T09:14:28.646Z INFO  benchmark_client] Sending sample transaction 625
[2026-05-22T09:14:28.695Z INFO  benchmark_client] Sending sample transaction 626
[2026-05-22T09:14:28.746Z INFO  benchmark_client] Sending sample transaction 627
[2026-05-22T09:14:28.796Z INFO  benchmark_client] Sending sample transaction 628
[2026-05-22T09:14:28.846Z INFO  benchmark_client] Sending sample transaction 629
[2026-05-22T09:14:28.895Z INFO  benchmark_client] Sending sample transaction 630
[2026-05-22T09:14:28.946Z INFO  benchmark_client] Sending sample transaction 631
[2026-05-22T09:14:28.995Z INFO  benchmark_client] Sending sample transaction 632
[2026-05-22T09:14:29.046Z INFO  benchmark_client] Sending sample transaction 633
[2026-05-22T09:14:29.096Z INFO  benchmark_client] Sending sample transaction 634
[2026-05-22T09:14:29.146Z INFO  benchmark_client] Sending sample transaction 635
[2026-05-22T09:14:29.195Z INFO  benchmark_client] Sending sample transaction 636
[2026-05-22T09:14:29.245Z INFO  benchmark_client] Sending sample transaction 637
[2026-05-22T09:14:29.296Z INFO  benchmark_client] Sending sample transaction 638
[2026-05-22T09:14:29.345Z INFO  benchmark_client] Sending sample transaction 639
[2026-05-22T09:14:29.396Z INFO  benchmark_client] Sending sample transaction 640
[2026-05-22T09:14:29.445Z INFO  benchmark_client] Sending sample transaction 641
[2026-05-22T09:14:29.496Z INFO  benchmark_client] Sending sample transaction 642
[2026-05-22T09:14:29.545Z INFO  benchmark_client] Sending sample transaction 643
[2026-05-22T09:14:29.595Z INFO  benchmark_client] Sending sample transaction 644
[2026-05-22T09:14:29.646Z INFO  benchmark_client] Sending sample transaction 645
[2026-05-22T09:14:29.696Z INFO  benchmark_client] Sending sample transaction 646
[2026-05-22T09:14:29.746Z INFO  benchmark_client] Sending sample transaction 647
[2026-05-22T09:14:29.796Z INFO  benchmark_client] Sending sample transaction 648
[2026-05-22T09:14:29.846Z INFO  benchmark_client] Sending sample transaction 649
[2026-05-22T09:14:29.895Z INFO  benchmark_client] Sending sample transaction 650
[2026-05-22T09:14:29.945Z INFO  benchmark_client] Sending sample transaction 651
[2026-05-22T09:14:29.996Z INFO  benchmark_client] Sending sample transaction 652
[2026-05-22T09:14:30.046Z INFO  benchmark_client] Sending sample transaction 653
[2026-05-22T09:14:30.096Z INFO  benchmark_client] Sending sample transaction 654
[2026-05-22T09:14:30.146Z INFO  benchmark_client] Sending sample transaction 655
[2026-05-22T09:14:30.196Z INFO  benchmark_client] Sending sample transaction 656
[2026-05-22T09:14:30.246Z INFO  benchmark_client] Sending sample transaction 657
[2026-05-22T09:14:30.296Z INFO  benchmark_client] Sending sample transaction 658
[2026-05-22T09:14:30.347Z INFO  benchmark_client] Sending sample transaction 659
[2026-05-22T09:14:30.397Z INFO  benchmark_client] Sending sample transaction 660
[2026-05-22T09:14:30.446Z INFO  benchmark_client] Sending sample transaction 661
[2026-05-22T09:14:30.496Z INFO  benchmark_client] Sending sample transaction 662
[2026-05-22T09:14:30.546Z INFO  benchmark_client] Sending sample transaction 663
[2026-05-22T09:14:30.596Z INFO  benchmark_client] Sending sample transaction 664
[2026-05-22T09:14:30.646Z INFO  benchmark_client] Sending sample transaction 665
[2026-05-22T09:14:30.695Z INFO  benchmark_client] Sending sample transaction 666
[2026-05-22T09:14:30.746Z INFO  benchmark_client] Sending sample transaction 667
[2026-05-22T09:14:30.796Z INFO  benchmark_client] Sending sample transaction 668
[2026-05-22T09:14:30.846Z INFO  benchmark_client] Sending sample transaction 669
[2026-05-22T09:14:30.895Z INFO  benchmark_client] Sending sample transaction 670
[2026-05-22T09:14:30.946Z INFO  benchmark_client] Sending sample transaction 671
[2026-05-22T09:14:30.996Z INFO  benchmark_client] Sending sample transaction 672
[2026-05-22T09:14:31.045Z INFO  benchmark_client] Sending sample transaction 673
[2026-05-22T09:14:31.095Z INFO  benchmark_client] Sending sample transaction 674
[2026-05-22T09:14:31.146Z INFO  benchmark_client] Sending sample transaction 675
[2026-05-22T09:14:31.196Z INFO  benchmark_client] Sending sample transaction 676
[2026-05-22T09:14:31.246Z INFO  benchmark_client] Sending sample transaction 677
[2026-05-22T09:14:31.296Z INFO  benchmark_client] Sending sample transaction 678
[2026-05-22T09:14:31.345Z INFO  benchmark_client] Sending sample transaction 679
[2026-05-22T09:14:31.396Z INFO  benchmark_client] Sending sample transaction 680
[2026-05-22T09:14:31.446Z INFO  benchmark_client] Sending sample transaction 681
[2026-05-22T09:14:31.495Z INFO  benchmark_client] Sending sample transaction 682
[2026-05-22T09:14:31.546Z INFO  benchmark_client] Sending sample transaction 683
[2026-05-22T09:14:31.596Z INFO  benchmark_client] Sending sample transaction 684
[2026-05-22T09:14:31.646Z INFO  benchmark_client] Sending sample transaction 685
[2026-05-22T09:14:31.696Z INFO  benchmark_client] Sending sample transaction 686
[2026-05-22T09:14:31.746Z INFO  benchmark_client] Sending sample transaction 687
[2026-05-22T09:14:31.796Z INFO  benchmark_client] Sending sample transaction 688
[2026-05-22T09:14:31.848Z INFO  benchmark_client] Sending sample transaction 689
[2026-05-22T09:14:31.897Z INFO  benchmark_client] Sending sample transaction 690
[2026-05-22T09:14:31.946Z INFO  benchmark_client] Sending sample transaction 691
[2026-05-22T09:14:31.996Z INFO  benchmark_client] Sending sample transaction 692
[2026-05-22T09:14:32.046Z INFO  benchmark_client] Sending sample transaction 693
[2026-05-22T09:14:32.095Z INFO  benchmark_client] Sending sample transaction 694
[2026-05-22T09:14:32.147Z INFO  benchmark_client] Sending sample transaction 695
[2026-05-22T09:14:32.196Z INFO  benchmark_client] Sending sample transaction 696
[2026-05-22T09:14:32.246Z INFO  benchmark_client] Sending sample transaction 697
[2026-05-22T09:14:32.296Z INFO  benchmark_client] Sending sample transaction 698
[2026-05-22T09:14:32.346Z INFO  benchmark_client] Sending sample transaction 699
[2026-05-22T09:14:32.396Z INFO  benchmark_client] Sending sample transaction 700
[2026-05-22T09:14:32.445Z INFO  benchmark_client] Sending sample transaction 701
[2026-05-22T09:14:32.496Z INFO  benchmark_client] Sending sample transaction 702
[2026-05-22T09:14:32.546Z INFO  benchmark_client] Sending sample transaction 703
[2026-05-22T09:14:32.597Z INFO  benchmark_client] Sending sample transaction 704
[2026-05-22T09:14:32.646Z INFO  benchmark_client] Sending sample transaction 705
[2026-05-22T09:14:32.696Z INFO  benchmark_client] Sending sample transaction 706
[2026-05-22T09:14:32.745Z INFO  benchmark_client] Sending sample transaction 707
[2026-05-22T09:14:32.796Z INFO  benchmark_client] Sending sample transaction 708
[2026-05-22T09:14:32.846Z INFO  benchmark_client] Sending sample transaction 709
[2026-05-22T09:14:32.896Z INFO  benchmark_client] Sending sample transaction 710
[2026-05-22T09:14:32.946Z INFO  benchmark_client] Sending sample transaction 711
[2026-05-22T09:14:32.996Z INFO  benchmark_client] Sending sample transaction 712
[2026-05-22T09:14:33.046Z INFO  benchmark_client] Sending sample transaction 713
[2026-05-22T09:14:33.096Z INFO  benchmark_client] Sending sample transaction 714
[2026-05-22T09:14:33.146Z INFO  benchmark_client] Sending sample transaction 715
[2026-05-22T09:14:33.196Z INFO  benchmark_client] Sending sample transaction 716
[2026-05-22T09:14:33.247Z INFO  benchmark_client] Sending sample transaction 717
[2026-05-22T09:14:33.296Z INFO  benchmark_client] Sending sample transaction 718
[2026-05-22T09:14:33.348Z INFO  benchmark_client] Sending sample transaction 719
[2026-05-22T09:14:33.396Z INFO  benchmark_client] Sending sample transaction 720
[2026-05-22T09:14:33.445Z INFO  benchmark_client] Sending sample transaction 721
[2026-05-22T09:14:33.496Z INFO  benchmark_client] Sending sample transaction 722
[2026-05-22T09:14:33.549Z INFO  benchmark_client] Sending sample transaction 723
[2026-05-22T09:14:33.596Z INFO  benchmark_client] Sending sample transaction 724
[2026-05-22T09:14:33.645Z INFO  benchmark_client] Sending sample transaction 725
[2026-05-22T09:14:33.697Z INFO  benchmark_client] Sending sample transaction 726
[2026-05-22T09:14:33.746Z INFO  benchmark_client] Sending sample transaction 727
[2026-05-22T09:14:33.796Z INFO  benchmark_client] Sending sample transaction 728
[2026-05-22T09:14:33.846Z INFO  benchmark_client] Sending sample transaction 729
[2026-05-22T09:14:33.896Z INFO  benchmark_client] Sending sample transaction 730
[2026-05-22T09:14:33.946Z INFO  benchmark_client] Sending sample transaction 731
[2026-05-22T09:14:33.996Z INFO  benchmark_client] Sending sample transaction 732
[2026-05-22T09:14:34.046Z INFO  benchmark_client] Sending sample transaction 733
[2026-05-22T09:14:34.095Z INFO  benchmark_client] Sending sample transaction 734
[2026-05-22T09:14:34.146Z INFO  benchmark_client] Sending sample transaction 735
[2026-05-22T09:14:34.196Z INFO  benchmark_client] Sending sample transaction 736
[2026-05-22T09:14:34.246Z INFO  benchmark_client] Sending sample transaction 737
[2026-05-22T09:14:34.296Z INFO  benchmark_client] Sending sample transaction 738
[2026-05-22T09:14:34.346Z INFO  benchmark_client] Sending sample transaction 739
[2026-05-22T09:14:34.396Z INFO  benchmark_client] Sending sample transaction 740
[2026-05-22T09:14:34.447Z INFO  benchmark_client] Sending sample transaction 741
[2026-05-22T09:14:34.496Z INFO  benchmark_client] Sending sample transaction 742
[2026-05-22T09:14:34.546Z INFO  benchmark_client] Sending sample transaction 743
[2026-05-22T09:14:34.596Z INFO  benchmark_client] Sending sample transaction 744
[2026-05-22T09:14:34.646Z INFO  benchmark_client] Sending sample transaction 745
[2026-05-22T09:14:34.698Z INFO  benchmark_client] Sending sample transaction 746
[2026-05-22T09:14:34.746Z INFO  benchmark_client] Sending sample transaction 747
[2026-05-22T09:14:34.796Z INFO  benchmark_client] Sending sample transaction 748
[2026-05-22T09:14:34.846Z INFO  benchmark_client] Sending sample transaction 749
[2026-05-22T09:14:34.895Z INFO  benchmark_client] Sending sample transaction 750
[2026-05-22T09:14:34.946Z INFO  benchmark_client] Sending sample transaction 751
[2026-05-22T09:14:34.995Z INFO  benchmark_client] Sending sample transaction 752
[2026-05-22T09:14:35.046Z INFO  benchmark_client] Sending sample transaction 753
[2026-05-22T09:14:35.096Z INFO  benchmark_client] Sending sample transaction 754
[2026-05-22T09:14:35.146Z INFO  benchmark_client] Sending sample transaction 755
[2026-05-22T09:14:35.196Z INFO  benchmark_client] Sending sample transaction 756
[2026-05-22T09:14:35.246Z INFO  benchmark_client] Sending sample transaction 757
[2026-05-22T09:14:35.296Z INFO  benchmark_client] Sending sample transaction 758
[2026-05-22T09:14:35.347Z INFO  benchmark_client] Sending sample transaction 759
[2026-05-22T09:14:35.396Z INFO  benchmark_client] Sending sample transaction 760
[2026-05-22T09:14:35.446Z INFO  benchmark_client] Sending sample transaction 761
[2026-05-22T09:14:35.496Z INFO  benchmark_client] Sending sample transaction 762
[2026-05-22T09:14:35.546Z INFO  benchmark_client] Sending sample transaction 763
[2026-05-22T09:14:35.596Z INFO  benchmark_client] Sending sample transaction 764
[2026-05-22T09:14:35.645Z INFO  benchmark_client] Sending sample transaction 765
[2026-05-22T09:14:35.696Z INFO  benchmark_client] Sending sample transaction 766
[2026-05-22T09:14:35.746Z INFO  benchmark_client] Sending sample transaction 767
[2026-05-22T09:14:35.797Z INFO  benchmark_client] Sending sample transaction 768
[2026-05-22T09:14:35.846Z INFO  benchmark_client] Sending sample transaction 769
[2026-05-22T09:14:35.896Z INFO  benchmark_client] Sending sample transaction 770
[2026-05-22T09:14:35.946Z INFO  benchmark_client] Sending sample transaction 771
[2026-05-22T09:14:35.996Z INFO  benchmark_client] Sending sample transaction 772
[2026-05-22T09:14:36.046Z INFO  benchmark_client] Sending sample transaction 773
[2026-05-22T09:14:36.097Z INFO  benchmark_client] Sending sample transaction 774
[2026-05-22T09:14:36.145Z INFO  benchmark_client] Sending sample transaction 775
[2026-05-22T09:14:36.196Z INFO  benchmark_client] Sending sample transaction 776
[2026-05-22T09:14:36.246Z INFO  benchmark_client] Sending sample transaction 777
[2026-05-22T09:14:36.297Z INFO  benchmark_client] Sending sample transaction 778
[2026-05-22T09:14:36.346Z INFO  benchmark_client] Sending sample transaction 779
[2026-05-22T09:14:36.396Z INFO  benchmark_client] Sending sample transaction 780
[2026-05-22T09:14:36.446Z INFO  benchmark_client] Sending sample transaction 781
[2026-05-22T09:14:36.496Z INFO  benchmark_client] Sending sample transaction 782
[2026-05-22T09:14:36.546Z INFO  benchmark_client] Sending sample transaction 783
[2026-05-22T09:14:36.596Z INFO  benchmark_client] Sending sample transaction 784
[2026-05-22T09:14:36.646Z INFO  benchmark_client] Sending sample transaction 785
[2026-05-22T09:14:36.696Z INFO  benchmark_client] Sending sample transaction 786
[2026-05-22T09:14:36.746Z INFO  benchmark_client] Sending sample transaction 787
[2026-05-22T09:14:36.798Z INFO  benchmark_client] Sending sample transaction 788
[2026-05-22T09:14:36.846Z INFO  benchmark_client] Sending sample transaction 789
[2026-05-22T09:14:36.896Z INFO  benchmark_client] Sending sample transaction 790
[2026-05-22T09:14:36.946Z INFO  benchmark_client] Sending sample transaction 791
[2026-05-22T09:14:36.996Z INFO  benchmark_client] Sending sample transaction 792
[2026-05-22T09:14:37.047Z INFO  benchmark_client] Sending sample transaction 793
[2026-05-22T09:14:37.096Z INFO  benchmark_client] Sending sample transaction 794
[2026-05-22T09:14:37.146Z INFO  benchmark_client] Sending sample transaction 795
[2026-05-22T09:14:37.196Z INFO  benchmark_client] Sending sample transaction 796
[2026-05-22T09:14:37.246Z INFO  benchmark_client] Sending sample transaction 797
[2026-05-22T09:14:37.296Z INFO  benchmark_client] Sending sample transaction 798
[2026-05-22T09:14:37.346Z INFO  benchmark_client] Sending sample transaction 799
[2026-05-22T09:14:37.396Z INFO  benchmark_client] Sending sample transaction 800
[2026-05-22T09:14:37.446Z INFO  benchmark_client] Sending sample transaction 801
[2026-05-22T09:14:37.497Z INFO  benchmark_client] Sending sample transaction 802
[2026-05-22T09:14:37.546Z INFO  benchmark_client] Sending sample transaction 803
[2026-05-22T09:14:37.596Z INFO  benchmark_client] Sending sample transaction 804
[2026-05-22T09:14:37.646Z INFO  benchmark_client] Sending sample transaction 805
[2026-05-22T09:14:37.696Z INFO  benchmark_client] Sending sample transaction 806
[2026-05-22T09:14:37.747Z INFO  benchmark_client] Sending sample transaction 807
[2026-05-22T09:14:37.796Z INFO  benchmark_client] Sending sample transaction 808
[2026-05-22T09:14:37.847Z INFO  benchmark_client] Sending sample transaction 809
[2026-05-22T09:14:37.897Z INFO  benchmark_client] Sending sample transaction 810
[2026-05-22T09:14:37.947Z INFO  benchmark_client] Sending sample transaction 811
[2026-05-22T09:14:37.996Z INFO  benchmark_client] Sending sample transaction 812
[2026-05-22T09:14:38.047Z INFO  benchmark_client] Sending sample transaction 813
[2026-05-22T09:14:38.096Z INFO  benchmark_client] Sending sample transaction 814
[2026-05-22T09:14:38.147Z INFO  benchmark_client] Sending sample transaction 815
[2026-05-22T09:14:38.196Z INFO  benchmark_client] Sending sample transaction 816
[2026-05-22T09:14:38.246Z INFO  benchmark_client] Sending sample transaction 817
[2026-05-22T09:14:38.296Z INFO  benchmark_client] Sending sample transaction 818
[2026-05-22T09:14:38.346Z INFO  benchmark_client] Sending sample transaction 819
[2026-05-22T09:14:38.397Z INFO  benchmark_client] Sending sample transaction 820
[2026-05-22T09:14:38.447Z INFO  benchmark_client] Sending sample transaction 821
[2026-05-22T09:14:38.496Z INFO  benchmark_client] Sending sample transaction 822
[2026-05-22T09:14:38.546Z INFO  benchmark_client] Sending sample transaction 823
[2026-05-22T09:14:38.597Z INFO  benchmark_client] Sending sample transaction 824
[2026-05-22T09:14:38.646Z INFO  benchmark_client] Sending sample transaction 825
[2026-05-22T09:14:38.696Z INFO  benchmark_client] Sending sample transaction 826
[2026-05-22T09:14:38.746Z INFO  benchmark_client] Sending sample transaction 827
[2026-05-22T09:14:38.796Z INFO  benchmark_client] Sending sample transaction 828
[2026-05-22T09:14:38.847Z INFO  benchmark_client] Sending sample transaction 829
[2026-05-22T09:14:38.896Z INFO  benchmark_client] Sending sample transaction 830
[2026-05-22T09:14:38.947Z INFO  benchmark_client] Sending sample transaction 831
[2026-05-22T09:14:38.996Z INFO  benchmark_client] Sending sample transaction 832
[2026-05-22T09:14:39.046Z INFO  benchmark_client] Sending sample transaction 833
[2026-05-22T09:14:39.097Z INFO  benchmark_client] Sending sample transaction 834
[2026-05-22T09:14:39.147Z INFO  benchmark_client] Sending sample transaction 835
[2026-05-22T09:14:39.196Z INFO  benchmark_client] Sending sample transaction 836
[2026-05-22T09:14:39.247Z INFO  benchmark_client] Sending sample transaction 837
[2026-05-22T09:14:39.296Z INFO  benchmark_client] Sending sample transaction 838
[2026-05-22T09:14:39.346Z INFO  benchmark_client] Sending sample transaction 839
[2026-05-22T09:14:39.396Z INFO  benchmark_client] Sending sample transaction 840
[2026-05-22T09:14:39.448Z INFO  benchmark_client] Sending sample transaction 841
[2026-05-22T09:14:39.496Z INFO  benchmark_client] Sending sample transaction 842
[2026-05-22T09:14:39.546Z INFO  benchmark_client] Sending sample transaction 843
[2026-05-22T09:14:39.600Z INFO  benchmark_client] Sending sample transaction 844
[2026-05-22T09:14:39.646Z INFO  benchmark_client] Sending sample transaction 845
[2026-05-22T09:14:39.696Z INFO  benchmark_client] Sending sample transaction 846
[2026-05-22T09:14:39.746Z INFO  benchmark_client] Sending sample transaction 847
[2026-05-22T09:14:39.796Z INFO  benchmark_client] Sending sample transaction 848
[2026-05-22T09:14:39.847Z INFO  benchmark_client] Sending sample transaction 849
[2026-05-22T09:14:39.896Z INFO  benchmark_client] Sending sample transaction 850
[2026-05-22T09:14:39.948Z INFO  benchmark_client] Sending sample transaction 851
[2026-05-22T09:14:39.997Z INFO  benchmark_client] Sending sample transaction 852
[2026-05-22T09:14:40.045Z INFO  benchmark_client] Sending sample transaction 853
[2026-05-22T09:14:40.097Z INFO  benchmark_client] Sending sample transaction 854
[2026-05-22T09:14:40.146Z INFO  benchmark_client] Sending sample transaction 855
[2026-05-22T09:14:40.196Z INFO  benchmark_client] Sending sample transaction 856
[2026-05-22T09:14:40.246Z INFO  benchmark_client] Sending sample transaction 857
[2026-05-22T09:14:40.296Z INFO  benchmark_client] Sending sample transaction 858
[2026-05-22T09:14:40.347Z INFO  benchmark_client] Sending sample transaction 859
[2026-05-22T09:14:40.397Z INFO  benchmark_client] Sending sample transaction 860
[2026-05-22T09:14:40.447Z INFO  benchmark_client] Sending sample transaction 861
[2026-05-22T09:14:40.496Z INFO  benchmark_client] Sending sample transaction 862
[2026-05-22T09:14:40.546Z INFO  benchmark_client] Sending sample transaction 863
[2026-05-22T09:14:40.596Z INFO  benchmark_client] Sending sample transaction 864
[2026-05-22T09:14:40.648Z INFO  benchmark_client] Sending sample transaction 865
[2026-05-22T09:14:40.697Z INFO  benchmark_client] Sending sample transaction 866
[2026-05-22T09:14:40.747Z INFO  benchmark_client] Sending sample transaction 867
[2026-05-22T09:14:40.796Z INFO  benchmark_client] Sending sample transaction 868
[2026-05-22T09:14:40.846Z INFO  benchmark_client] Sending sample transaction 869
[2026-05-22T09:14:40.896Z INFO  benchmark_client] Sending sample transaction 870
[2026-05-22T09:14:40.946Z INFO  benchmark_client] Sending sample transaction 871
[2026-05-22T09:14:40.996Z INFO  benchmark_client] Sending sample transaction 872
[2026-05-22T09:14:41.046Z INFO  benchmark_client] Sending sample transaction 873
[2026-05-22T09:14:41.096Z INFO  benchmark_client] Sending sample transaction 874
[2026-05-22T09:14:41.146Z INFO  benchmark_client] Sending sample transaction 875
[2026-05-22T09:14:41.196Z INFO  benchmark_client] Sending sample transaction 876
[2026-05-22T09:14:41.246Z INFO  benchmark_client] Sending sample transaction 877
[2026-05-22T09:14:41.296Z INFO  benchmark_client] Sending sample transaction 878
[2026-05-22T09:14:41.346Z INFO  benchmark_client] Sending sample transaction 879
[2026-05-22T09:14:41.396Z INFO  benchmark_client] Sending sample transaction 880
[2026-05-22T09:14:41.447Z INFO  benchmark_client] Sending sample transaction 881
[2026-05-22T09:14:41.497Z INFO  benchmark_client] Sending sample transaction 882
[2026-05-22T09:14:41.547Z INFO  benchmark_client] Sending sample transaction 883
[2026-05-22T09:14:41.596Z INFO  benchmark_client] Sending sample transaction 884
[2026-05-22T09:14:41.647Z INFO  benchmark_client] Sending sample transaction 885
[2026-05-22T09:14:41.696Z INFO  benchmark_client] Sending sample transaction 886
[2026-05-22T09:14:41.747Z INFO  benchmark_client] Sending sample transaction 887
[2026-05-22T09:14:41.796Z INFO  benchmark_client] Sending sample transaction 888
[2026-05-22T09:14:41.846Z INFO  benchmark_client] Sending sample transaction 889
[2026-05-22T09:14:41.896Z INFO  benchmark_client] Sending sample transaction 890
[2026-05-22T09:14:41.946Z INFO  benchmark_client] Sending sample transaction 891
[2026-05-22T09:14:41.996Z INFO  benchmark_client] Sending sample transaction 892
[2026-05-22T09:14:42.047Z INFO  benchmark_client] Sending sample transaction 893
[2026-05-22T09:14:42.096Z INFO  benchmark_client] Sending sample transaction 894
[2026-05-22T09:14:42.146Z INFO  benchmark_client] Sending sample transaction 895
[2026-05-22T09:14:42.196Z INFO  benchmark_client] Sending sample transaction 896
