[2026-05-22T09:13:56.031Z INFO  benchmark_client] Node address: 34.21.159.42:5023
[2026-05-22T09:13:56.031Z INFO  benchmark_client] Transactions size: 512 B
[2026-05-22T09:13:56.031Z INFO  benchmark_client] Transactions rate: 10000 tx/s
[2026-05-22T09:13:56.031Z INFO  benchmark_client] Waiting for all nodes to be online...
[2026-05-22T09:13:56.333Z INFO  benchmark_client] Start sending transactions
[2026-05-22T09:13:56.334Z INFO  benchmark_client] Sending sample transaction 0
[2026-05-22T09:13:56.383Z INFO  benchmark_client] Sending sample transaction 1
[2026-05-22T09:13:56.434Z INFO  benchmark_client] Sending sample transaction 2
[2026-05-22T09:13:56.484Z INFO  benchmark_client] Sending sample transaction 3
[2026-05-22T09:13:56.534Z INFO  benchmark_client] Sending sample transaction 4
[2026-05-22T09:13:56.584Z INFO  benchmark_client] Sending sample transaction 5
[2026-05-22T09:13:56.633Z INFO  benchmark_client] Sending sample transaction 6
[2026-05-22T09:13:56.683Z INFO  benchmark_client] Sending sample transaction 7
[2026-05-22T09:13:56.733Z INFO  benchmark_client] Sending sample transaction 8
[2026-05-22T09:13:56.783Z INFO  benchmark_client] Sending sample transaction 9
[2026-05-22T09:13:56.833Z INFO  benchmark_client] Sending sample transaction 10
[2026-05-22T09:13:56.883Z INFO  benchmark_client] Sending sample transaction 11
[2026-05-22T09:13:56.933Z INFO  benchmark_client] Sending sample transaction 12
[2026-05-22T09:13:56.983Z INFO  benchmark_client] Sending sample transaction 13
[2026-05-22T09:13:57.033Z INFO  benchmark_client] Sending sample transaction 14
[2026-05-22T09:13:57.083Z INFO  benchmark_client] Sending sample transaction 15
[2026-05-22T09:13:57.133Z INFO  benchmark_client] Sending sample transaction 16
[2026-05-22T09:13:57.183Z INFO  benchmark_client] Sending sample transaction 17
[2026-05-22T09:13:57.233Z INFO  benchmark_client] Sending sample transaction 18
[2026-05-22T09:13:57.284Z INFO  benchmark_client] Sending sample transaction 19
[2026-05-22T09:13:57.334Z INFO  benchmark_client] Sending sample transaction 20
[2026-05-22T09:13:57.384Z INFO  benchmark_client] Sending sample transaction 21
[2026-05-22T09:13:57.434Z INFO  benchmark_client] Sending sample transaction 22
[2026-05-22T09:13:57.483Z INFO  benchmark_client] Sending sample transaction 23
[2026-05-22T09:13:57.534Z INFO  benchmark_client] Sending sample transaction 24
[2026-05-22T09:13:57.583Z INFO  benchmark_client] Sending sample transaction 25
[2026-05-22T09:13:57.633Z INFO  benchmark_client] Sending sample transaction 26
[2026-05-22T09:13:57.683Z INFO  benchmark_client] Sending sample transaction 27
[2026-05-22T09:13:57.734Z INFO  benchmark_client] Sending sample transaction 28
[2026-05-22T09:13:57.784Z INFO  benchmark_client] Sending sample transaction 29
[2026-05-22T09:13:57.834Z INFO  benchmark_client] Sending sample transaction 30
[2026-05-22T09:13:57.883Z INFO  benchmark_client] Sending sample transaction 31
[2026-05-22T09:13:57.933Z INFO  benchmark_client] Sending sample transaction 32
[2026-05-22T09:13:57.983Z INFO  benchmark_client] Sending sample transaction 33
[2026-05-22T09:13:58.033Z INFO  benchmark_client] Sending sample transaction 34
[2026-05-22T09:13:58.083Z INFO  benchmark_client] Sending sample transaction 35
[2026-05-22T09:13:58.133Z INFO  benchmark_client] Sending sample transaction 36
[2026-05-22T09:13:58.183Z INFO  benchmark_client] Sending sample transaction 37
[2026-05-22T09:13:58.234Z INFO  benchmark_client] Sending sample transaction 38
[2026-05-22T09:13:58.284Z INFO  benchmark_client] Sending sample transaction 39
[2026-05-22T09:13:58.334Z INFO  benchmark_client] Sending sample transaction 40
[2026-05-22T09:13:58.384Z INFO  benchmark_client] Sending sample transaction 41
[2026-05-22T09:13:58.433Z INFO  benchmark_client] Sending sample transaction 42
[2026-05-22T09:13:58.483Z INFO  benchmark_client] Sending sample transaction 43
[2026-05-22T09:13:58.533Z INFO  benchmark_client] Sending sample transaction 44
[2026-05-22T09:13:58.583Z INFO  benchmark_client] Sending sample transaction 45
[2026-05-22T09:13:58.633Z INFO  benchmark_client] Sending sample transaction 46
[2026-05-22T09:13:58.684Z INFO  benchmark_client] Sending sample transaction 47
[2026-05-22T09:13:58.734Z INFO  benchmark_client] Sending sample transaction 48
[2026-05-22T09:13:58.784Z INFO  benchmark_client] Sending sample transaction 49
[2026-05-22T09:13:58.833Z INFO  benchmark_client] Sending sample transaction 50
[2026-05-22T09:13:58.884Z INFO  benchmark_client] Sending sample transaction 51
[2026-05-22T09:13:58.934Z INFO  benchmark_client] Sending sample transaction 52
[2026-05-22T09:13:58.984Z INFO  benchmark_client] Sending sample transaction 53
[2026-05-22T09:13:59.036Z INFO  benchmark_client] Sending sample transaction 54
[2026-05-22T09:13:59.084Z INFO  benchmark_client] Sending sample transaction 55
[2026-05-22T09:13:59.134Z INFO  benchmark_client] Sending sample transaction 56
[2026-05-22T09:13:59.184Z INFO  benchmark_client] Sending sample transaction 57
[2026-05-22T09:13:59.233Z INFO  benchmark_client] Sending sample transaction 58
[2026-05-22T09:13:59.283Z INFO  benchmark_client] Sending sample transaction 59
[2026-05-22T09:13:59.333Z INFO  benchmark_client] Sending sample transaction 60
[2026-05-22T09:13:59.384Z INFO  benchmark_client] Sending sample transaction 61
[2026-05-22T09:13:59.434Z INFO  benchmark_client] Sending sample transaction 62
[2026-05-22T09:13:59.484Z INFO  benchmark_client] Sending sample transaction 63
[2026-05-22T09:13:59.533Z INFO  benchmark_client] Sending sample transaction 64
[2026-05-22T09:13:59.583Z INFO  benchmark_client] Sending sample transaction 65
[2026-05-22T09:13:59.633Z INFO  benchmark_client] Sending sample transaction 66
[2026-05-22T09:13:59.683Z INFO  benchmark_client] Sending sample transaction 67
[2026-05-22T09:13:59.733Z INFO  benchmark_client] Sending sample transaction 68
[2026-05-22T09:13:59.784Z INFO  benchmark_client] Sending sample transaction 69
[2026-05-22T09:13:59.834Z INFO  benchmark_client] Sending sample transaction 70
[2026-05-22T09:13:59.883Z INFO  benchmark_client] Sending sample transaction 71
[2026-05-22T09:13:59.934Z INFO  benchmark_client] Sending sample transaction 72
[2026-05-22T09:13:59.983Z INFO  benchmark_client] Sending sample transaction 73
[2026-05-22T09:14:00.033Z INFO  benchmark_client] Sending sample transaction 74
[2026-05-22T09:14:00.084Z INFO  benchmark_client] Sending sample transaction 75
[2026-05-22T09:14:00.134Z INFO  benchmark_client] Sending sample transaction 76
[2026-05-22T09:14:00.184Z INFO  benchmark_client] Sending sample transaction 77
[2026-05-22T09:14:00.234Z INFO  benchmark_client] Sending sample transaction 78
[2026-05-22T09:14:00.284Z INFO  benchmark_client] Sending sample transaction 79
[2026-05-22T09:14:00.334Z INFO  benchmark_client] Sending sample transaction 80
[2026-05-22T09:14:00.383Z INFO  benchmark_client] Sending sample transaction 81
[2026-05-22T09:14:00.433Z INFO  benchmark_client] Sending sample transaction 82
[2026-05-22T09:14:00.483Z INFO  benchmark_client] Sending sample transaction 83
[2026-05-22T09:14:00.533Z INFO  benchmark_client] Sending sample transaction 84
[2026-05-22T09:14:00.584Z INFO  benchmark_client] Sending sample transaction 85
[2026-05-22T09:14:00.634Z INFO  benchmark_client] Sending sample transaction 86
[2026-05-22T09:14:00.684Z INFO  benchmark_client] Sending sample transaction 87
[2026-05-22T09:14:00.734Z INFO  benchmark_client] Sending sample transaction 88
[2026-05-22T09:14:00.785Z INFO  benchmark_client] Sending sample transaction 89
[2026-05-22T09:14:00.833Z INFO  benchmark_client] Sending sample transaction 90
[2026-05-22T09:14:00.884Z INFO  benchmark_client] Sending sample transaction 91
[2026-05-22T09:14:00.934Z INFO  benchmark_client] Sending sample transaction 92
[2026-05-22T09:14:00.983Z INFO  benchmark_client] Sending sample transaction 93
[2026-05-22T09:14:01.033Z INFO  benchmark_client] Sending sample transaction 94
[2026-05-22T09:14:01.084Z INFO  benchmark_client] Sending sample transaction 95
[2026-05-22T09:14:01.134Z INFO  benchmark_client] Sending sample transaction 96
[2026-05-22T09:14:01.184Z INFO  benchmark_client] Sending sample transaction 97
[2026-05-22T09:14:01.234Z INFO  benchmark_client] Sending sample transaction 98
[2026-05-22T09:14:01.284Z INFO  benchmark_client] Sending sample transaction 99
[2026-05-22T09:14:01.334Z INFO  benchmark_client] Sending sample transaction 100
[2026-05-22T09:14:01.384Z INFO  benchmark_client] Sending sample transaction 101
[2026-05-22T09:14:01.433Z INFO  benchmark_client] Sending sample transaction 102
[2026-05-22T09:14:01.484Z INFO  benchmark_client] Sending sample transaction 103
[2026-05-22T09:14:01.534Z INFO  benchmark_client] Sending sample transaction 104
[2026-05-22T09:14:01.584Z INFO  benchmark_client] Sending sample transaction 105
[2026-05-22T09:14:01.634Z INFO  benchmark_client] Sending sample transaction 106
[2026-05-22T09:14:01.684Z INFO  benchmark_client] Sending sample transaction 107
[2026-05-22T09:14:01.734Z INFO  benchmark_client] Sending sample transaction 108
[2026-05-22T09:14:01.783Z INFO  benchmark_client] Sending sample transaction 109
[2026-05-22T09:14:01.834Z INFO  benchmark_client] Sending sample transaction 110
[2026-05-22T09:14:01.883Z INFO  benchmark_client] Sending sample transaction 111
[2026-05-22T09:14:01.933Z INFO  benchmark_client] Sending sample transaction 112
[2026-05-22T09:14:01.984Z INFO  benchmark_client] Sending sample transaction 113
[2026-05-22T09:14:02.034Z INFO  benchmark_client] Sending sample transaction 114
[2026-05-22T09:14:02.084Z INFO  benchmark_client] Sending sample transaction 115
[2026-05-22T09:14:02.134Z INFO  benchmark_client] Sending sample transaction 116
[2026-05-22T09:14:02.183Z INFO  benchmark_client] Sending sample transaction 117
[2026-05-22T09:14:02.234Z INFO  benchmark_client] Sending sample transaction 118
[2026-05-22T09:14:02.284Z INFO  benchmark_client] Sending sample transaction 119
[2026-05-22T09:14:02.334Z INFO  benchmark_client] Sending sample transaction 120
[2026-05-22T09:14:02.384Z INFO  benchmark_client] Sending sample transaction 121
[2026-05-22T09:14:02.433Z INFO  benchmark_client] Sending sample transaction 122
[2026-05-22T09:14:02.483Z INFO  benchmark_client] Sending sample transaction 123
[2026-05-22T09:14:02.534Z INFO  benchmark_client] Sending sample transaction 124
[2026-05-22T09:14:02.584Z INFO  benchmark_client] Sending sample transaction 125
[2026-05-22T09:14:02.634Z INFO  benchmark_client] Sending sample transaction 126
[2026-05-22T09:14:02.683Z INFO  benchmark_client] Sending sample transaction 127
[2026-05-22T09:14:02.733Z INFO  benchmark_client] Sending sample transaction 128
[2026-05-22T09:14:02.784Z INFO  benchmark_client] Sending sample transaction 129
[2026-05-22T09:14:02.834Z INFO  benchmark_client] Sending sample transaction 130
[2026-05-22T09:14:02.884Z INFO  benchmark_client] Sending sample transaction 131
[2026-05-22T09:14:02.933Z INFO  benchmark_client] Sending sample transaction 132
[2026-05-22T09:14:02.984Z INFO  benchmark_client] Sending sample transaction 133
[2026-05-22T09:14:03.034Z INFO  benchmark_client] Sending sample transaction 134
[2026-05-22T09:14:03.084Z INFO  benchmark_client] Sending sample transaction 135
[2026-05-22T09:14:03.134Z INFO  benchmark_client] Sending sample transaction 136
[2026-05-22T09:14:03.184Z INFO  benchmark_client] Sending sample transaction 137
[2026-05-22T09:14:03.234Z INFO  benchmark_client] Sending sample transaction 138
[2026-05-22T09:14:03.284Z INFO  benchmark_client] Sending sample transaction 139
[2026-05-22T09:14:03.334Z INFO  benchmark_client] Sending sample transaction 140
[2026-05-22T09:14:03.385Z INFO  benchmark_client] Sending sample transaction 141
[2026-05-22T09:14:03.434Z INFO  benchmark_client] Sending sample transaction 142
[2026-05-22T09:14:03.483Z INFO  benchmark_client] Sending sample transaction 143
[2026-05-22T09:14:03.533Z INFO  benchmark_client] Sending sample transaction 144
[2026-05-22T09:14:03.583Z INFO  benchmark_client] Sending sample transaction 145
[2026-05-22T09:14:03.634Z INFO  benchmark_client] Sending sample transaction 146
[2026-05-22T09:14:03.683Z INFO  benchmark_client] Sending sample transaction 147
[2026-05-22T09:14:03.733Z INFO  benchmark_client] Sending sample transaction 148
[2026-05-22T09:14:03.783Z INFO  benchmark_client] Sending sample transaction 149
[2026-05-22T09:14:03.834Z INFO  benchmark_client] Sending sample transaction 150
[2026-05-22T09:14:03.883Z INFO  benchmark_client] Sending sample transaction 151
[2026-05-22T09:14:03.933Z INFO  benchmark_client] Sending sample transaction 152
[2026-05-22T09:14:03.984Z INFO  benchmark_client] Sending sample transaction 153
[2026-05-22T09:14:04.033Z INFO  benchmark_client] Sending sample transaction 154
[2026-05-22T09:14:04.083Z INFO  benchmark_client] Sending sample transaction 155
[2026-05-22T09:14:04.133Z INFO  benchmark_client] Sending sample transaction 156
[2026-05-22T09:14:04.183Z INFO  benchmark_client] Sending sample transaction 157
[2026-05-22T09:14:04.234Z INFO  benchmark_client] Sending sample transaction 158
[2026-05-22T09:14:04.284Z INFO  benchmark_client] Sending sample transaction 159
[2026-05-22T09:14:04.334Z INFO  benchmark_client] Sending sample transaction 160
[2026-05-22T09:14:04.383Z INFO  benchmark_client] Sending sample transaction 161
[2026-05-22T09:14:04.433Z INFO  benchmark_client] Sending sample transaction 162
[2026-05-22T09:14:04.483Z INFO  benchmark_client] Sending sample transaction 163
[2026-05-22T09:14:04.534Z INFO  benchmark_client] Sending sample transaction 164
[2026-05-22T09:14:04.584Z INFO  benchmark_client] Sending sample transaction 165
[2026-05-22T09:14:04.633Z INFO  benchmark_client] Sending sample transaction 166
[2026-05-22T09:14:04.683Z INFO  benchmark_client] Sending sample transaction 167
[2026-05-22T09:14:04.734Z INFO  benchmark_client] Sending sample transaction 168
[2026-05-22T09:14:04.785Z INFO  benchmark_client] Sending sample transaction 169
[2026-05-22T09:14:04.833Z INFO  benchmark_client] Sending sample transaction 170
[2026-05-22T09:14:04.883Z INFO  benchmark_client] Sending sample transaction 171
[2026-05-22T09:14:04.933Z INFO  benchmark_client] Sending sample transaction 172
[2026-05-22T09:14:04.984Z INFO  benchmark_client] Sending sample transaction 173
[2026-05-22T09:14:05.033Z INFO  benchmark_client] Sending sample transaction 174
[2026-05-22T09:14:05.084Z INFO  benchmark_client] Sending sample transaction 175
[2026-05-22T09:14:05.133Z INFO  benchmark_client] Sending sample transaction 176
[2026-05-22T09:14:05.184Z INFO  benchmark_client] Sending sample transaction 177
[2026-05-22T09:14:05.234Z INFO  benchmark_client] Sending sample transaction 178
[2026-05-22T09:14:05.284Z INFO  benchmark_client] Sending sample transaction 179
[2026-05-22T09:14:05.334Z INFO  benchmark_client] Sending sample transaction 180
[2026-05-22T09:14:05.384Z INFO  benchmark_client] Sending sample transaction 181
[2026-05-22T09:14:05.434Z INFO  benchmark_client] Sending sample transaction 182
[2026-05-22T09:14:05.484Z INFO  benchmark_client] Sending sample transaction 183
[2026-05-22T09:14:05.534Z INFO  benchmark_client] Sending sample transaction 184
[2026-05-22T09:14:05.584Z INFO  benchmark_client] Sending sample transaction 185
[2026-05-22T09:14:05.634Z INFO  benchmark_client] Sending sample transaction 186
[2026-05-22T09:14:05.684Z INFO  benchmark_client] Sending sample transaction 187
[2026-05-22T09:14:05.733Z INFO  benchmark_client] Sending sample transaction 188
[2026-05-22T09:14:05.783Z INFO  benchmark_client] Sending sample transaction 189
[2026-05-22T09:14:05.833Z INFO  benchmark_client] Sending sample transaction 190
[2026-05-22T09:14:05.883Z INFO  benchmark_client] Sending sample transaction 191
[2026-05-22T09:14:05.934Z INFO  benchmark_client] Sending sample transaction 192
[2026-05-22T09:14:05.983Z INFO  benchmark_client] Sending sample transaction 193
[2026-05-22T09:14:06.033Z INFO  benchmark_client] Sending sample transaction 194
[2026-05-22T09:14:06.083Z INFO  benchmark_client] Sending sample transaction 195
[2026-05-22T09:14:06.133Z INFO  benchmark_client] Sending sample transaction 196
[2026-05-22T09:14:06.184Z INFO  benchmark_client] Sending sample transaction 197
[2026-05-22T09:14:06.234Z INFO  benchmark_client] Sending sample transaction 198
[2026-05-22T09:14:06.283Z INFO  benchmark_client] Sending sample transaction 199
[2026-05-22T09:14:06.333Z INFO  benchmark_client] Sending sample transaction 200
[2026-05-22T09:14:06.383Z INFO  benchmark_client] Sending sample transaction 201
[2026-05-22T09:14:06.434Z INFO  benchmark_client] Sending sample transaction 202
[2026-05-22T09:14:06.483Z INFO  benchmark_client] Sending sample transaction 203
[2026-05-22T09:14:06.533Z INFO  benchmark_client] Sending sample transaction 204
[2026-05-22T09:14:06.584Z INFO  benchmark_client] Sending sample transaction 205
[2026-05-22T09:14:06.634Z INFO  benchmark_client] Sending sample transaction 206
[2026-05-22T09:14:06.684Z INFO  benchmark_client] Sending sample transaction 207
[2026-05-22T09:14:06.733Z INFO  benchmark_client] Sending sample transaction 208
[2026-05-22T09:14:06.783Z INFO  benchmark_client] Sending sample transaction 209
[2026-05-22T09:14:06.834Z INFO  benchmark_client] Sending sample transaction 210
[2026-05-22T09:14:06.884Z INFO  benchmark_client] Sending sample transaction 211
[2026-05-22T09:14:06.934Z INFO  benchmark_client] Sending sample transaction 212
[2026-05-22T09:14:06.983Z INFO  benchmark_client] Sending sample transaction 213
[2026-05-22T09:14:07.034Z INFO  benchmark_client] Sending sample transaction 214
[2026-05-22T09:14:07.084Z INFO  benchmark_client] Sending sample transaction 215
[2026-05-22T09:14:07.134Z INFO  benchmark_client] Sending sample transaction 216
[2026-05-22T09:14:07.183Z INFO  benchmark_client] Sending sample transaction 217
[2026-05-22T09:14:07.233Z INFO  benchmark_client] Sending sample transaction 218
[2026-05-22T09:14:07.284Z INFO  benchmark_client] Sending sample transaction 219
[2026-05-22T09:14:07.334Z INFO  benchmark_client] Sending sample transaction 220
[2026-05-22T09:14:07.383Z INFO  benchmark_client] Sending sample transaction 221
[2026-05-22T09:14:07.433Z INFO  benchmark_client] Sending sample transaction 222
[2026-05-22T09:14:07.483Z INFO  benchmark_client] Sending sample transaction 223
[2026-05-22T09:14:07.534Z INFO  benchmark_client] Sending sample transaction 224
[2026-05-22T09:14:07.584Z INFO  benchmark_client] Sending sample transaction 225
[2026-05-22T09:14:07.634Z INFO  benchmark_client] Sending sample transaction 226
[2026-05-22T09:14:07.683Z INFO  benchmark_client] Sending sample transaction 227
[2026-05-22T09:14:07.733Z INFO  benchmark_client] Sending sample transaction 228
[2026-05-22T09:14:07.783Z INFO  benchmark_client] Sending sample transaction 229
[2026-05-22T09:14:07.834Z INFO  benchmark_client] Sending sample transaction 230
[2026-05-22T09:14:07.884Z INFO  benchmark_client] Sending sample transaction 231
[2026-05-22T09:14:07.934Z INFO  benchmark_client] Sending sample transaction 232
[2026-05-22T09:14:07.983Z INFO  benchmark_client] Sending sample transaction 233
[2026-05-22T09:14:08.033Z INFO  benchmark_client] Sending sample transaction 234
[2026-05-22T09:14:08.083Z INFO  benchmark_client] Sending sample transaction 235
[2026-05-22T09:14:08.134Z INFO  benchmark_client] Sending sample transaction 236
[2026-05-22T09:14:08.184Z INFO  benchmark_client] Sending sample transaction 237
[2026-05-22T09:14:08.234Z INFO  benchmark_client] Sending sample transaction 238
[2026-05-22T09:14:08.285Z INFO  benchmark_client] Sending sample transaction 239
[2026-05-22T09:14:08.333Z INFO  benchmark_client] Sending sample transaction 240
[2026-05-22T09:14:08.384Z INFO  benchmark_client] Sending sample transaction 241
[2026-05-22T09:14:08.434Z INFO  benchmark_client] Sending sample transaction 242
[2026-05-22T09:14:08.483Z INFO  benchmark_client] Sending sample transaction 243
[2026-05-22T09:14:08.533Z INFO  benchmark_client] Sending sample transaction 244
[2026-05-22T09:14:08.583Z INFO  benchmark_client] Sending sample transaction 245
[2026-05-22T09:14:08.634Z INFO  benchmark_client] Sending sample transaction 246
[2026-05-22T09:14:08.684Z INFO  benchmark_client] Sending sample transaction 247
[2026-05-22T09:14:08.734Z INFO  benchmark_client] Sending sample transaction 248
[2026-05-22T09:14:08.784Z INFO  benchmark_client] Sending sample transaction 249
[2026-05-22T09:14:08.834Z INFO  benchmark_client] Sending sample transaction 250
[2026-05-22T09:14:08.883Z INFO  benchmark_client] Sending sample transaction 251
[2026-05-22T09:14:08.934Z INFO  benchmark_client] Sending sample transaction 252
[2026-05-22T09:14:08.984Z INFO  benchmark_client] Sending sample transaction 253
[2026-05-22T09:14:09.034Z INFO  benchmark_client] Sending sample transaction 254
[2026-05-22T09:14:09.084Z INFO  benchmark_client] Sending sample transaction 255
[2026-05-22T09:14:09.134Z INFO  benchmark_client] Sending sample transaction 256
[2026-05-22T09:14:09.184Z INFO  benchmark_client] Sending sample transaction 257
[2026-05-22T09:14:09.234Z INFO  benchmark_client] Sending sample transaction 258
[2026-05-22T09:14:09.286Z INFO  benchmark_client] Sending sample transaction 259
[2026-05-22T09:14:09.334Z INFO  benchmark_client] Sending sample transaction 260
[2026-05-22T09:14:09.384Z INFO  benchmark_client] Sending sample transaction 261
[2026-05-22T09:14:09.434Z INFO  benchmark_client] Sending sample transaction 262
[2026-05-22T09:14:09.484Z INFO  benchmark_client] Sending sample transaction 263
[2026-05-22T09:14:09.534Z INFO  benchmark_client] Sending sample transaction 264
[2026-05-22T09:14:09.584Z INFO  benchmark_client] Sending sample transaction 265
[2026-05-22T09:14:09.634Z INFO  benchmark_client] Sending sample transaction 266
[2026-05-22T09:14:09.683Z INFO  benchmark_client] Sending sample transaction 267
[2026-05-22T09:14:09.734Z INFO  benchmark_client] Sending sample transaction 268
[2026-05-22T09:14:09.784Z INFO  benchmark_client] Sending sample transaction 269
[2026-05-22T09:14:09.834Z INFO  benchmark_client] Sending sample transaction 270
[2026-05-22T09:14:09.884Z INFO  benchmark_client] Sending sample transaction 271
[2026-05-22T09:14:09.933Z INFO  benchmark_client] Sending sample transaction 272
[2026-05-22T09:14:09.984Z INFO  benchmark_client] Sending sample transaction 273
[2026-05-22T09:14:10.034Z INFO  benchmark_client] Sending sample transaction 274
[2026-05-22T09:14:10.084Z INFO  benchmark_client] Sending sample transaction 275
[2026-05-22T09:14:10.133Z INFO  benchmark_client] Sending sample transaction 276
[2026-05-22T09:14:10.184Z INFO  benchmark_client] Sending sample transaction 277
[2026-05-22T09:14:10.234Z INFO  benchmark_client] Sending sample transaction 278
[2026-05-22T09:14:10.284Z INFO  benchmark_client] Sending sample transaction 279
[2026-05-22T09:14:10.333Z INFO  benchmark_client] Sending sample transaction 280
[2026-05-22T09:14:10.383Z INFO  benchmark_client] Sending sample transaction 281
[2026-05-22T09:14:10.434Z INFO  benchmark_client] Sending sample transaction 282
[2026-05-22T09:14:10.483Z INFO  benchmark_client] Sending sample transaction 283
[2026-05-22T09:14:10.533Z INFO  benchmark_client] Sending sample transaction 284
[2026-05-22T09:14:10.584Z INFO  benchmark_client] Sending sample transaction 285
[2026-05-22T09:14:10.634Z INFO  benchmark_client] Sending sample transaction 286
[2026-05-22T09:14:10.684Z INFO  benchmark_client] Sending sample transaction 287
[2026-05-22T09:14:10.733Z INFO  benchmark_client] Sending sample transaction 288
[2026-05-22T09:14:10.783Z INFO  benchmark_client] Sending sample transaction 289
[2026-05-22T09:14:10.834Z INFO  benchmark_client] Sending sample transaction 290
[2026-05-22T09:14:10.884Z INFO  benchmark_client] Sending sample transaction 291
[2026-05-22T09:14:10.934Z INFO  benchmark_client] Sending sample transaction 292
[2026-05-22T09:14:10.984Z INFO  benchmark_client] Sending sample transaction 293
[2026-05-22T09:14:11.034Z INFO  benchmark_client] Sending sample transaction 294
[2026-05-22T09:14:11.084Z INFO  benchmark_client] Sending sample transaction 295
[2026-05-22T09:14:11.134Z INFO  benchmark_client] Sending sample transaction 296
[2026-05-22T09:14:11.184Z INFO  benchmark_client] Sending sample transaction 297
[2026-05-22T09:14:11.234Z INFO  benchmark_client] Sending sample transaction 298
[2026-05-22T09:14:11.283Z INFO  benchmark_client] Sending sample transaction 299
[2026-05-22T09:14:11.333Z INFO  benchmark_client] Sending sample transaction 300
[2026-05-22T09:14:11.384Z INFO  benchmark_client] Sending sample transaction 301
[2026-05-22T09:14:11.434Z INFO  benchmark_client] Sending sample transaction 302
[2026-05-22T09:14:11.483Z INFO  benchmark_client] Sending sample transaction 303
[2026-05-22T09:14:11.534Z INFO  benchmark_client] Sending sample transaction 304
[2026-05-22T09:14:11.584Z INFO  benchmark_client] Sending sample transaction 305
[2026-05-22T09:14:11.634Z INFO  benchmark_client] Sending sample transaction 306
[2026-05-22T09:14:11.684Z INFO  benchmark_client] Sending sample transaction 307
[2026-05-22T09:14:11.735Z INFO  benchmark_client] Sending sample transaction 308
[2026-05-22T09:14:11.784Z INFO  benchmark_client] Sending sample transaction 309
[2026-05-22T09:14:11.834Z INFO  benchmark_client] Sending sample transaction 310
[2026-05-22T09:14:11.884Z INFO  benchmark_client] Sending sample transaction 311
[2026-05-22T09:14:11.935Z INFO  benchmark_client] Sending sample transaction 312
[2026-05-22T09:14:11.985Z INFO  benchmark_client] Sending sample transaction 313
[2026-05-22T09:14:12.034Z INFO  benchmark_client] Sending sample transaction 314
[2026-05-22T09:14:12.084Z INFO  benchmark_client] Sending sample transaction 315
[2026-05-22T09:14:12.134Z INFO  benchmark_client] Sending sample transaction 316
[2026-05-22T09:14:12.183Z INFO  benchmark_client] Sending sample transaction 317
[2026-05-22T09:14:12.234Z INFO  benchmark_client] Sending sample transaction 318
[2026-05-22T09:14:12.284Z INFO  benchmark_client] Sending sample transaction 319
[2026-05-22T09:14:12.334Z INFO  benchmark_client] Sending sample transaction 320
[2026-05-22T09:14:12.384Z INFO  benchmark_client] Sending sample transaction 321
[2026-05-22T09:14:12.434Z INFO  benchmark_client] Sending sample transaction 322
[2026-05-22T09:14:12.484Z INFO  benchmark_client] Sending sample transaction 323
[2026-05-22T09:14:12.534Z INFO  benchmark_client] Sending sample transaction 324
[2026-05-22T09:14:12.584Z INFO  benchmark_client] Sending sample transaction 325
[2026-05-22T09:14:12.634Z INFO  benchmark_client] Sending sample transaction 326
[2026-05-22T09:14:12.683Z INFO  benchmark_client] Sending sample transaction 327
[2026-05-22T09:14:12.734Z INFO  benchmark_client] Sending sample transaction 328
[2026-05-22T09:14:12.784Z INFO  benchmark_client] Sending sample transaction 329
[2026-05-22T09:14:12.834Z INFO  benchmark_client] Sending sample transaction 330
[2026-05-22T09:14:12.884Z INFO  benchmark_client] Sending sample transaction 331
[2026-05-22T09:14:12.934Z INFO  benchmark_client] Sending sample transaction 332
[2026-05-22T09:14:12.983Z INFO  benchmark_client] Sending sample transaction 333
[2026-05-22T09:14:13.034Z INFO  benchmark_client] Sending sample transaction 334
[2026-05-22T09:14:13.085Z INFO  benchmark_client] Sending sample transaction 335
[2026-05-22T09:14:13.133Z INFO  benchmark_client] Sending sample transaction 336
[2026-05-22T09:14:13.183Z INFO  benchmark_client] Sending sample transaction 337
[2026-05-22T09:14:13.234Z INFO  benchmark_client] Sending sample transaction 338
[2026-05-22T09:14:13.284Z INFO  benchmark_client] Sending sample transaction 339
[2026-05-22T09:14:13.334Z INFO  benchmark_client] Sending sample transaction 340
[2026-05-22T09:14:13.385Z INFO  benchmark_client] Sending sample transaction 341
[2026-05-22T09:14:13.434Z INFO  benchmark_client] Sending sample transaction 342
[2026-05-22T09:14:13.483Z INFO  benchmark_client] Sending sample transaction 343
[2026-05-22T09:14:13.533Z INFO  benchmark_client] Sending sample transaction 344
[2026-05-22T09:14:13.584Z INFO  benchmark_client] Sending sample transaction 345
[2026-05-22T09:14:13.634Z INFO  benchmark_client] Sending sample transaction 346
[2026-05-22T09:14:13.685Z INFO  benchmark_client] Sending sample transaction 347
[2026-05-22T09:14:13.733Z INFO  benchmark_client] Sending sample transaction 348
[2026-05-22T09:14:13.784Z INFO  benchmark_client] Sending sample transaction 349
[2026-05-22T09:14:13.834Z INFO  benchmark_client] Sending sample transaction 350
[2026-05-22T09:14:13.884Z INFO  benchmark_client] Sending sample transaction 351
[2026-05-22T09:14:13.933Z INFO  benchmark_client] Sending sample transaction 352
[2026-05-22T09:14:13.983Z INFO  benchmark_client] Sending sample transaction 353
[2026-05-22T09:14:14.034Z INFO  benchmark_client] Sending sample transaction 354
[2026-05-22T09:14:14.084Z INFO  benchmark_client] Sending sample transaction 355
[2026-05-22T09:14:14.134Z INFO  benchmark_client] Sending sample transaction 356
[2026-05-22T09:14:14.184Z INFO  benchmark_client] Sending sample transaction 357
[2026-05-22T09:14:14.234Z INFO  benchmark_client] Sending sample transaction 358
[2026-05-22T09:14:14.284Z INFO  benchmark_client] Sending sample transaction 359
[2026-05-22T09:14:14.334Z INFO  benchmark_client] Sending sample transaction 360
[2026-05-22T09:14:14.384Z INFO  benchmark_client] Sending sample transaction 361
[2026-05-22T09:14:14.433Z INFO  benchmark_client] Sending sample transaction 362
[2026-05-22T09:14:14.483Z INFO  benchmark_client] Sending sample transaction 363
[2026-05-22T09:14:14.534Z INFO  benchmark_client] Sending sample transaction 364
[2026-05-22T09:14:14.584Z INFO  benchmark_client] Sending sample transaction 365
[2026-05-22T09:14:14.634Z INFO  benchmark_client] Sending sample transaction 366
[2026-05-22T09:14:14.684Z INFO  benchmark_client] Sending sample transaction 367
[2026-05-22T09:14:14.734Z INFO  benchmark_client] Sending sample transaction 368
[2026-05-22T09:14:14.784Z INFO  benchmark_client] Sending sample transaction 369
[2026-05-22T09:14:14.835Z INFO  benchmark_client] Sending sample transaction 370
[2026-05-22T09:14:14.884Z INFO  benchmark_client] Sending sample transaction 371
[2026-05-22T09:14:14.934Z INFO  benchmark_client] Sending sample transaction 372
[2026-05-22T09:14:14.984Z INFO  benchmark_client] Sending sample transaction 373
[2026-05-22T09:14:15.036Z INFO  benchmark_client] Sending sample transaction 374
[2026-05-22T09:14:15.084Z INFO  benchmark_client] Sending sample transaction 375
[2026-05-22T09:14:15.134Z INFO  benchmark_client] Sending sample transaction 376
[2026-05-22T09:14:15.184Z INFO  benchmark_client] Sending sample transaction 377
[2026-05-22T09:14:15.234Z INFO  benchmark_client] Sending sample transaction 378
[2026-05-22T09:14:15.284Z INFO  benchmark_client] Sending sample transaction 379
[2026-05-22T09:14:15.334Z INFO  benchmark_client] Sending sample transaction 380
[2026-05-22T09:14:15.384Z INFO  benchmark_client] Sending sample transaction 381
[2026-05-22T09:14:15.435Z INFO  benchmark_client] Sending sample transaction 382
[2026-05-22T09:14:15.483Z INFO  benchmark_client] Sending sample transaction 383
[2026-05-22T09:14:15.534Z INFO  benchmark_client] Sending sample transaction 384
[2026-05-22T09:14:15.584Z INFO  benchmark_client] Sending sample transaction 385
[2026-05-22T09:14:15.634Z INFO  benchmark_client] Sending sample transaction 386
[2026-05-22T09:14:15.685Z INFO  benchmark_client] Sending sample transaction 387
[2026-05-22T09:14:15.734Z INFO  benchmark_client] Sending sample transaction 388
[2026-05-22T09:14:15.784Z INFO  benchmark_client] Sending sample transaction 389
[2026-05-22T09:14:15.835Z INFO  benchmark_client] Sending sample transaction 390
[2026-05-22T09:14:15.884Z INFO  benchmark_client] Sending sample transaction 391
[2026-05-22T09:14:15.934Z INFO  benchmark_client] Sending sample transaction 392
[2026-05-22T09:14:15.984Z INFO  benchmark_client] Sending sample transaction 393
[2026-05-22T09:14:16.034Z INFO  benchmark_client] Sending sample transaction 394
[2026-05-22T09:14:16.084Z INFO  benchmark_client] Sending sample transaction 395
[2026-05-22T09:14:16.134Z INFO  benchmark_client] Sending sample transaction 396
[2026-05-22T09:14:16.184Z INFO  benchmark_client] Sending sample transaction 397
[2026-05-22T09:14:16.234Z INFO  benchmark_client] Sending sample transaction 398
[2026-05-22T09:14:16.284Z INFO  benchmark_client] Sending sample transaction 399
[2026-05-22T09:14:16.333Z INFO  benchmark_client] Sending sample transaction 400
[2026-05-22T09:14:16.384Z INFO  benchmark_client] Sending sample transaction 401
[2026-05-22T09:14:16.434Z INFO  benchmark_client] Sending sample transaction 402
[2026-05-22T09:14:16.484Z INFO  benchmark_client] Sending sample transaction 403
[2026-05-22T09:14:16.534Z INFO  benchmark_client] Sending sample transaction 404
[2026-05-22T09:14:16.584Z INFO  benchmark_client] Sending sample transaction 405
[2026-05-22T09:14:16.634Z INFO  benchmark_client] Sending sample transaction 406
[2026-05-22T09:14:16.684Z INFO  benchmark_client] Sending sample transaction 407
[2026-05-22T09:14:16.734Z INFO  benchmark_client] Sending sample transaction 408
[2026-05-22T09:14:16.784Z INFO  benchmark_client] Sending sample transaction 409
[2026-05-22T09:14:16.834Z INFO  benchmark_client] Sending sample transaction 410
[2026-05-22T09:14:16.884Z INFO  benchmark_client] Sending sample transaction 411
[2026-05-22T09:14:16.934Z INFO  benchmark_client] Sending sample transaction 412
[2026-05-22T09:14:16.984Z INFO  benchmark_client] Sending sample transaction 413
[2026-05-22T09:14:17.034Z INFO  benchmark_client] Sending sample transaction 414
[2026-05-22T09:14:17.084Z INFO  benchmark_client] Sending sample transaction 415
[2026-05-22T09:14:17.134Z INFO  benchmark_client] Sending sample transaction 416
[2026-05-22T09:14:17.184Z INFO  benchmark_client] Sending sample transaction 417
[2026-05-22T09:14:17.234Z INFO  benchmark_client] Sending sample transaction 418
[2026-05-22T09:14:17.284Z INFO  benchmark_client] Sending sample transaction 419
[2026-05-22T09:14:17.334Z INFO  benchmark_client] Sending sample transaction 420
[2026-05-22T09:14:17.384Z INFO  benchmark_client] Sending sample transaction 421
[2026-05-22T09:14:17.434Z INFO  benchmark_client] Sending sample transaction 422
[2026-05-22T09:14:17.484Z INFO  benchmark_client] Sending sample transaction 423
[2026-05-22T09:14:17.533Z INFO  benchmark_client] Sending sample transaction 424
[2026-05-22T09:14:17.584Z INFO  benchmark_client] Sending sample transaction 425
[2026-05-22T09:14:17.634Z INFO  benchmark_client] Sending sample transaction 426
[2026-05-22T09:14:17.685Z INFO  benchmark_client] Sending sample transaction 427
[2026-05-22T09:14:17.734Z INFO  benchmark_client] Sending sample transaction 428
[2026-05-22T09:14:17.784Z INFO  benchmark_client] Sending sample transaction 429
[2026-05-22T09:14:17.833Z INFO  benchmark_client] Sending sample transaction 430
[2026-05-22T09:14:17.884Z INFO  benchmark_client] Sending sample transaction 431
[2026-05-22T09:14:17.934Z INFO  benchmark_client] Sending sample transaction 432
[2026-05-22T09:14:17.984Z INFO  benchmark_client] Sending sample transaction 433
[2026-05-22T09:14:18.034Z INFO  benchmark_client] Sending sample transaction 434
[2026-05-22T09:14:18.084Z INFO  benchmark_client] Sending sample transaction 435
[2026-05-22T09:14:18.134Z INFO  benchmark_client] Sending sample transaction 436
[2026-05-22T09:14:18.184Z INFO  benchmark_client] Sending sample transaction 437
[2026-05-22T09:14:18.234Z INFO  benchmark_client] Sending sample transaction 438
[2026-05-22T09:14:18.285Z INFO  benchmark_client] Sending sample transaction 439
[2026-05-22T09:14:18.334Z INFO  benchmark_client] Sending sample transaction 440
[2026-05-22T09:14:18.384Z INFO  benchmark_client] Sending sample transaction 441
[2026-05-22T09:14:18.434Z INFO  benchmark_client] Sending sample transaction 442
[2026-05-22T09:14:18.484Z INFO  benchmark_client] Sending sample transaction 443
[2026-05-22T09:14:18.534Z INFO  benchmark_client] Sending sample transaction 444
[2026-05-22T09:14:18.584Z INFO  benchmark_client] Sending sample transaction 445
[2026-05-22T09:14:18.634Z INFO  benchmark_client] Sending sample transaction 446
[2026-05-22T09:14:18.684Z INFO  benchmark_client] Sending sample transaction 447
[2026-05-22T09:14:18.734Z INFO  benchmark_client] Sending sample transaction 448
[2026-05-22T09:14:18.784Z INFO  benchmark_client] Sending sample transaction 449
[2026-05-22T09:14:18.834Z INFO  benchmark_client] Sending sample transaction 450
[2026-05-22T09:14:18.884Z INFO  benchmark_client] Sending sample transaction 451
[2026-05-22T09:14:18.934Z INFO  benchmark_client] Sending sample transaction 452
[2026-05-22T09:14:18.984Z INFO  benchmark_client] Sending sample transaction 453
[2026-05-22T09:14:19.034Z INFO  benchmark_client] Sending sample transaction 454
[2026-05-22T09:14:19.084Z INFO  benchmark_client] Sending sample transaction 455
[2026-05-22T09:14:19.135Z INFO  benchmark_client] Sending sample transaction 456
[2026-05-22T09:14:19.184Z INFO  benchmark_client] Sending sample transaction 457
[2026-05-22T09:14:19.234Z INFO  benchmark_client] Sending sample transaction 458
[2026-05-22T09:14:19.284Z INFO  benchmark_client] Sending sample transaction 459
[2026-05-22T09:14:19.334Z INFO  benchmark_client] Sending sample transaction 460
[2026-05-22T09:14:19.384Z INFO  benchmark_client] Sending sample transaction 461
[2026-05-22T09:14:19.434Z INFO  benchmark_client] Sending sample transaction 462
[2026-05-22T09:14:19.484Z INFO  benchmark_client] Sending sample transaction 463
[2026-05-22T09:14:19.535Z INFO  benchmark_client] Sending sample transaction 464
[2026-05-22T09:14:19.584Z INFO  benchmark_client] Sending sample transaction 465
[2026-05-22T09:14:19.634Z INFO  benchmark_client] Sending sample transaction 466
[2026-05-22T09:14:19.684Z INFO  benchmark_client] Sending sample transaction 467
[2026-05-22T09:14:19.734Z INFO  benchmark_client] Sending sample transaction 468
[2026-05-22T09:14:19.784Z INFO  benchmark_client] Sending sample transaction 469
[2026-05-22T09:14:19.834Z INFO  benchmark_client] Sending sample transaction 470
[2026-05-22T09:14:19.885Z INFO  benchmark_client] Sending sample transaction 471
[2026-05-22T09:14:19.935Z INFO  benchmark_client] Sending sample transaction 472
[2026-05-22T09:14:19.984Z INFO  benchmark_client] Sending sample transaction 473
[2026-05-22T09:14:20.034Z INFO  benchmark_client] Sending sample transaction 474
[2026-05-22T09:14:20.084Z INFO  benchmark_client] Sending sample transaction 475
[2026-05-22T09:14:20.134Z INFO  benchmark_client] Sending sample transaction 476
[2026-05-22T09:14:20.183Z INFO  benchmark_client] Sending sample transaction 477
[2026-05-22T09:14:20.234Z INFO  benchmark_client] Sending sample transaction 478
[2026-05-22T09:14:20.284Z INFO  benchmark_client] Sending sample transaction 479
[2026-05-22T09:14:20.334Z INFO  benchmark_client] Sending sample transaction 480
[2026-05-22T09:14:20.384Z INFO  benchmark_client] Sending sample transaction 481
[2026-05-22T09:14:20.434Z INFO  benchmark_client] Sending sample transaction 482
[2026-05-22T09:14:20.484Z INFO  benchmark_client] Sending sample transaction 483
[2026-05-22T09:14:20.534Z INFO  benchmark_client] Sending sample transaction 484
[2026-05-22T09:14:20.586Z INFO  benchmark_client] Sending sample transaction 485
[2026-05-22T09:14:20.634Z INFO  benchmark_client] Sending sample transaction 486
[2026-05-22T09:14:20.684Z INFO  benchmark_client] Sending sample transaction 487
[2026-05-22T09:14:20.734Z INFO  benchmark_client] Sending sample transaction 488
[2026-05-22T09:14:20.784Z INFO  benchmark_client] Sending sample transaction 489
[2026-05-22T09:14:20.835Z INFO  benchmark_client] Sending sample transaction 490
[2026-05-22T09:14:20.884Z INFO  benchmark_client] Sending sample transaction 491
[2026-05-22T09:14:20.934Z INFO  benchmark_client] Sending sample transaction 492
[2026-05-22T09:14:20.984Z INFO  benchmark_client] Sending sample transaction 493
[2026-05-22T09:14:21.034Z INFO  benchmark_client] Sending sample transaction 494
[2026-05-22T09:14:21.084Z INFO  benchmark_client] Sending sample transaction 495
[2026-05-22T09:14:21.134Z INFO  benchmark_client] Sending sample transaction 496
[2026-05-22T09:14:21.184Z INFO  benchmark_client] Sending sample transaction 497
[2026-05-22T09:14:21.234Z INFO  benchmark_client] Sending sample transaction 498
[2026-05-22T09:14:21.284Z INFO  benchmark_client] Sending sample transaction 499
[2026-05-22T09:14:21.333Z INFO  benchmark_client] Sending sample transaction 500
[2026-05-22T09:14:21.384Z INFO  benchmark_client] Sending sample transaction 501
[2026-05-22T09:14:21.433Z INFO  benchmark_client] Sending sample transaction 502
[2026-05-22T09:14:21.483Z INFO  benchmark_client] Sending sample transaction 503
[2026-05-22T09:14:21.534Z INFO  benchmark_client] Sending sample transaction 504
[2026-05-22T09:14:21.584Z INFO  benchmark_client] Sending sample transaction 505
[2026-05-22T09:14:21.633Z INFO  benchmark_client] Sending sample transaction 506
[2026-05-22T09:14:21.683Z INFO  benchmark_client] Sending sample transaction 507
[2026-05-22T09:14:21.734Z INFO  benchmark_client] Sending sample transaction 508
[2026-05-22T09:14:21.784Z INFO  benchmark_client] Sending sample transaction 509
[2026-05-22T09:14:21.834Z INFO  benchmark_client] Sending sample transaction 510
[2026-05-22T09:14:21.883Z INFO  benchmark_client] Sending sample transaction 511
[2026-05-22T09:14:21.934Z INFO  benchmark_client] Sending sample transaction 512
[2026-05-22T09:14:21.984Z INFO  benchmark_client] Sending sample transaction 513
[2026-05-22T09:14:22.033Z INFO  benchmark_client] Sending sample transaction 514
[2026-05-22T09:14:22.083Z INFO  benchmark_client] Sending sample transaction 515
[2026-05-22T09:14:22.133Z INFO  benchmark_client] Sending sample transaction 516
[2026-05-22T09:14:22.183Z INFO  benchmark_client] Sending sample transaction 517
[2026-05-22T09:14:22.234Z INFO  benchmark_client] Sending sample transaction 518
[2026-05-22T09:14:22.283Z INFO  benchmark_client] Sending sample transaction 519
[2026-05-22T09:14:22.334Z INFO  benchmark_client] Sending sample transaction 520
[2026-05-22T09:14:22.384Z INFO  benchmark_client] Sending sample transaction 521
[2026-05-22T09:14:22.434Z INFO  benchmark_client] Sending sample transaction 522
[2026-05-22T09:14:22.483Z INFO  benchmark_client] Sending sample transaction 523
[2026-05-22T09:14:22.533Z INFO  benchmark_client] Sending sample transaction 524
[2026-05-22T09:14:22.584Z INFO  benchmark_client] Sending sample transaction 525
[2026-05-22T09:14:22.634Z INFO  benchmark_client] Sending sample transaction 526
[2026-05-22T09:14:22.684Z INFO  benchmark_client] Sending sample transaction 527
[2026-05-22T09:14:22.733Z INFO  benchmark_client] Sending sample transaction 528
[2026-05-22T09:14:22.783Z INFO  benchmark_client] Sending sample transaction 529
[2026-05-22T09:14:22.834Z INFO  benchmark_client] Sending sample transaction 530
[2026-05-22T09:14:22.884Z INFO  benchmark_client] Sending sample transaction 531
[2026-05-22T09:14:22.933Z INFO  benchmark_client] Sending sample transaction 532
[2026-05-22T09:14:22.983Z INFO  benchmark_client] Sending sample transaction 533
[2026-05-22T09:14:23.033Z INFO  benchmark_client] Sending sample transaction 534
[2026-05-22T09:14:23.083Z INFO  benchmark_client] Sending sample transaction 535
[2026-05-22T09:14:23.134Z INFO  benchmark_client] Sending sample transaction 536
[2026-05-22T09:14:23.184Z INFO  benchmark_client] Sending sample transaction 537
[2026-05-22T09:14:23.234Z INFO  benchmark_client] Sending sample transaction 538
[2026-05-22T09:14:23.283Z INFO  benchmark_client] Sending sample transaction 539
[2026-05-22T09:14:23.333Z INFO  benchmark_client] Sending sample transaction 540
[2026-05-22T09:14:23.383Z INFO  benchmark_client] Sending sample transaction 541
[2026-05-22T09:14:23.434Z INFO  benchmark_client] Sending sample transaction 542
[2026-05-22T09:14:23.483Z INFO  benchmark_client] Sending sample transaction 543
[2026-05-22T09:14:23.533Z INFO  benchmark_client] Sending sample transaction 544
[2026-05-22T09:14:23.584Z INFO  benchmark_client] Sending sample transaction 545
[2026-05-22T09:14:23.634Z INFO  benchmark_client] Sending sample transaction 546
[2026-05-22T09:14:23.684Z INFO  benchmark_client] Sending sample transaction 547
[2026-05-22T09:14:23.734Z INFO  benchmark_client] Sending sample transaction 548
[2026-05-22T09:14:23.783Z INFO  benchmark_client] Sending sample transaction 549
[2026-05-22T09:14:23.833Z INFO  benchmark_client] Sending sample transaction 550
[2026-05-22T09:14:23.883Z INFO  benchmark_client] Sending sample transaction 551
[2026-05-22T09:14:23.933Z INFO  benchmark_client] Sending sample transaction 552
[2026-05-22T09:14:23.983Z INFO  benchmark_client] Sending sample transaction 553
[2026-05-22T09:14:24.034Z INFO  benchmark_client] Sending sample transaction 554
[2026-05-22T09:14:24.083Z INFO  benchmark_client] Sending sample transaction 555
[2026-05-22T09:14:24.133Z INFO  benchmark_client] Sending sample transaction 556
[2026-05-22T09:14:24.183Z INFO  benchmark_client] Sending sample transaction 557
[2026-05-22T09:14:24.234Z INFO  benchmark_client] Sending sample transaction 558
[2026-05-22T09:14:24.284Z INFO  benchmark_client] Sending sample transaction 559
[2026-05-22T09:14:24.334Z INFO  benchmark_client] Sending sample transaction 560
[2026-05-22T09:14:24.383Z INFO  benchmark_client] Sending sample transaction 561
[2026-05-22T09:14:24.434Z INFO  benchmark_client] Sending sample transaction 562
[2026-05-22T09:14:24.484Z INFO  benchmark_client] Sending sample transaction 563
[2026-05-22T09:14:24.534Z INFO  benchmark_client] Sending sample transaction 564
[2026-05-22T09:14:24.584Z INFO  benchmark_client] Sending sample transaction 565
[2026-05-22T09:14:24.634Z INFO  benchmark_client] Sending sample transaction 566
[2026-05-22T09:14:24.684Z INFO  benchmark_client] Sending sample transaction 567
[2026-05-22T09:14:24.734Z INFO  benchmark_client] Sending sample transaction 568
[2026-05-22T09:14:24.784Z INFO  benchmark_client] Sending sample transaction 569
[2026-05-22T09:14:24.833Z INFO  benchmark_client] Sending sample transaction 570
[2026-05-22T09:14:24.883Z INFO  benchmark_client] Sending sample transaction 571
[2026-05-22T09:14:24.933Z INFO  benchmark_client] Sending sample transaction 572
[2026-05-22T09:14:24.984Z INFO  benchmark_client] Sending sample transaction 573
[2026-05-22T09:14:25.034Z INFO  benchmark_client] Sending sample transaction 574
[2026-05-22T09:14:25.083Z INFO  benchmark_client] Sending sample transaction 575
[2026-05-22T09:14:25.134Z INFO  benchmark_client] Sending sample transaction 576
[2026-05-22T09:14:25.184Z INFO  benchmark_client] Sending sample transaction 577
[2026-05-22T09:14:25.233Z INFO  benchmark_client] Sending sample transaction 578
[2026-05-22T09:14:25.283Z INFO  benchmark_client] Sending sample transaction 579
[2026-05-22T09:14:25.333Z INFO  benchmark_client] Sending sample transaction 580
[2026-05-22T09:14:25.383Z INFO  benchmark_client] Sending sample transaction 581
[2026-05-22T09:14:25.433Z INFO  benchmark_client] Sending sample transaction 582
[2026-05-22T09:14:25.483Z INFO  benchmark_client] Sending sample transaction 583
[2026-05-22T09:14:25.533Z INFO  benchmark_client] Sending sample transaction 584
[2026-05-22T09:14:25.585Z INFO  benchmark_client] Sending sample transaction 585
[2026-05-22T09:14:25.633Z INFO  benchmark_client] Sending sample transaction 586
[2026-05-22T09:14:25.684Z INFO  benchmark_client] Sending sample transaction 587
[2026-05-22T09:14:25.734Z INFO  benchmark_client] Sending sample transaction 588
[2026-05-22T09:14:25.784Z INFO  benchmark_client] Sending sample transaction 589
[2026-05-22T09:14:25.834Z INFO  benchmark_client] Sending sample transaction 590
[2026-05-22T09:14:25.885Z INFO  benchmark_client] Sending sample transaction 591
[2026-05-22T09:14:25.934Z INFO  benchmark_client] Sending sample transaction 592
[2026-05-22T09:14:25.983Z INFO  benchmark_client] Sending sample transaction 593
[2026-05-22T09:14:26.034Z INFO  benchmark_client] Sending sample transaction 594
[2026-05-22T09:14:26.084Z INFO  benchmark_client] Sending sample transaction 595
[2026-05-22T09:14:26.134Z INFO  benchmark_client] Sending sample transaction 596
[2026-05-22T09:14:26.184Z INFO  benchmark_client] Sending sample transaction 597
[2026-05-22T09:14:26.233Z INFO  benchmark_client] Sending sample transaction 598
[2026-05-22T09:14:26.284Z INFO  benchmark_client] Sending sample transaction 599
[2026-05-22T09:14:26.333Z INFO  benchmark_client] Sending sample transaction 600
[2026-05-22T09:14:26.383Z INFO  benchmark_client] Sending sample transaction 601
[2026-05-22T09:14:26.436Z INFO  benchmark_client] Sending sample transaction 602
[2026-05-22T09:14:26.483Z INFO  benchmark_client] Sending sample transaction 603
[2026-05-22T09:14:26.534Z INFO  benchmark_client] Sending sample transaction 604
[2026-05-22T09:14:26.584Z INFO  benchmark_client] Sending sample transaction 605
[2026-05-22T09:14:26.634Z INFO  benchmark_client] Sending sample transaction 606
[2026-05-22T09:14:26.684Z INFO  benchmark_client] Sending sample transaction 607
[2026-05-22T09:14:26.733Z INFO  benchmark_client] Sending sample transaction 608
[2026-05-22T09:14:26.783Z INFO  benchmark_client] Sending sample transaction 609
[2026-05-22T09:14:26.833Z INFO  benchmark_client] Sending sample transaction 610
[2026-05-22T09:14:26.884Z INFO  benchmark_client] Sending sample transaction 611
[2026-05-22T09:14:26.935Z INFO  benchmark_client] Sending sample transaction 612
[2026-05-22T09:14:26.983Z INFO  benchmark_client] Sending sample transaction 613
[2026-05-22T09:14:27.033Z INFO  benchmark_client] Sending sample transaction 614
[2026-05-22T09:14:27.084Z INFO  benchmark_client] Sending sample transaction 615
[2026-05-22T09:14:27.134Z INFO  benchmark_client] Sending sample transaction 616
[2026-05-22T09:14:27.183Z INFO  benchmark_client] Sending sample transaction 617
[2026-05-22T09:14:27.233Z INFO  benchmark_client] Sending sample transaction 618
[2026-05-22T09:14:27.283Z INFO  benchmark_client] Sending sample transaction 619
[2026-05-22T09:14:27.333Z INFO  benchmark_client] Sending sample transaction 620
[2026-05-22T09:14:27.383Z INFO  benchmark_client] Sending sample transaction 621
[2026-05-22T09:14:27.433Z INFO  benchmark_client] Sending sample transaction 622
[2026-05-22T09:14:27.483Z INFO  benchmark_client] Sending sample transaction 623
[2026-05-22T09:14:27.534Z INFO  benchmark_client] Sending sample transaction 624
[2026-05-22T09:14:27.584Z INFO  benchmark_client] Sending sample transaction 625
[2026-05-22T09:14:27.633Z INFO  benchmark_client] Sending sample transaction 626
[2026-05-22T09:14:27.684Z INFO  benchmark_client] Sending sample transaction 627
[2026-05-22T09:14:27.735Z INFO  benchmark_client] Sending sample transaction 628
[2026-05-22T09:14:27.784Z INFO  benchmark_client] Sending sample transaction 629
[2026-05-22T09:14:27.834Z INFO  benchmark_client] Sending sample transaction 630
[2026-05-22T09:14:27.883Z INFO  benchmark_client] Sending sample transaction 631
[2026-05-22T09:14:27.933Z INFO  benchmark_client] Sending sample transaction 632
[2026-05-22T09:14:27.984Z INFO  benchmark_client] Sending sample transaction 633
[2026-05-22T09:14:28.033Z INFO  benchmark_client] Sending sample transaction 634
[2026-05-22T09:14:28.083Z INFO  benchmark_client] Sending sample transaction 635
[2026-05-22T09:14:28.134Z INFO  benchmark_client] Sending sample transaction 636
[2026-05-22T09:14:28.184Z INFO  benchmark_client] Sending sample transaction 637
[2026-05-22T09:14:28.234Z INFO  benchmark_client] Sending sample transaction 638
[2026-05-22T09:14:28.284Z INFO  benchmark_client] Sending sample transaction 639
[2026-05-22T09:14:28.334Z INFO  benchmark_client] Sending sample transaction 640
[2026-05-22T09:14:28.383Z INFO  benchmark_client] Sending sample transaction 641
[2026-05-22T09:14:28.434Z INFO  benchmark_client] Sending sample transaction 642
[2026-05-22T09:14:28.483Z INFO  benchmark_client] Sending sample transaction 643
[2026-05-22T09:14:28.535Z INFO  benchmark_client] Sending sample transaction 644
[2026-05-22T09:14:28.583Z INFO  benchmark_client] Sending sample transaction 645
[2026-05-22T09:14:28.634Z INFO  benchmark_client] Sending sample transaction 646
[2026-05-22T09:14:28.683Z INFO  benchmark_client] Sending sample transaction 647
[2026-05-22T09:14:28.733Z INFO  benchmark_client] Sending sample transaction 648
[2026-05-22T09:14:28.783Z INFO  benchmark_client] Sending sample transaction 649
[2026-05-22T09:14:28.833Z INFO  benchmark_client] Sending sample transaction 650
[2026-05-22T09:14:28.884Z INFO  benchmark_client] Sending sample transaction 651
[2026-05-22T09:14:28.934Z INFO  benchmark_client] Sending sample transaction 652
[2026-05-22T09:14:28.983Z INFO  benchmark_client] Sending sample transaction 653
[2026-05-22T09:14:29.033Z INFO  benchmark_client] Sending sample transaction 654
[2026-05-22T09:14:29.084Z INFO  benchmark_client] Sending sample transaction 655
[2026-05-22T09:14:29.134Z INFO  benchmark_client] Sending sample transaction 656
[2026-05-22T09:14:29.184Z INFO  benchmark_client] Sending sample transaction 657
[2026-05-22T09:14:29.234Z INFO  benchmark_client] Sending sample transaction 658
[2026-05-22T09:14:29.283Z INFO  benchmark_client] Sending sample transaction 659
[2026-05-22T09:14:29.334Z INFO  benchmark_client] Sending sample transaction 660
[2026-05-22T09:14:29.385Z INFO  benchmark_client] Sending sample transaction 661
[2026-05-22T09:14:29.434Z INFO  benchmark_client] Sending sample transaction 662
[2026-05-22T09:14:29.484Z INFO  benchmark_client] Sending sample transaction 663
[2026-05-22T09:14:29.534Z INFO  benchmark_client] Sending sample transaction 664
[2026-05-22T09:14:29.584Z INFO  benchmark_client] Sending sample transaction 665
[2026-05-22T09:14:29.634Z INFO  benchmark_client] Sending sample transaction 666
[2026-05-22T09:14:29.684Z INFO  benchmark_client] Sending sample transaction 667
[2026-05-22T09:14:29.734Z INFO  benchmark_client] Sending sample transaction 668
[2026-05-22T09:14:29.783Z INFO  benchmark_client] Sending sample transaction 669
[2026-05-22T09:14:29.833Z INFO  benchmark_client] Sending sample transaction 670
[2026-05-22T09:14:29.884Z INFO  benchmark_client] Sending sample transaction 671
[2026-05-22T09:14:29.934Z INFO  benchmark_client] Sending sample transaction 672
[2026-05-22T09:14:29.984Z INFO  benchmark_client] Sending sample transaction 673
[2026-05-22T09:14:30.034Z INFO  benchmark_client] Sending sample transaction 674
[2026-05-22T09:14:30.083Z INFO  benchmark_client] Sending sample transaction 675
[2026-05-22T09:14:30.133Z INFO  benchmark_client] Sending sample transaction 676
[2026-05-22T09:14:30.184Z INFO  benchmark_client] Sending sample transaction 677
[2026-05-22T09:14:30.234Z INFO  benchmark_client] Sending sample transaction 678
[2026-05-22T09:14:30.284Z INFO  benchmark_client] Sending sample transaction 679
[2026-05-22T09:14:30.333Z INFO  benchmark_client] Sending sample transaction 680
[2026-05-22T09:14:30.383Z INFO  benchmark_client] Sending sample transaction 681
[2026-05-22T09:14:30.434Z INFO  benchmark_client] Sending sample transaction 682
[2026-05-22T09:14:30.483Z INFO  benchmark_client] Sending sample transaction 683
[2026-05-22T09:14:30.533Z INFO  benchmark_client] Sending sample transaction 684
[2026-05-22T09:14:30.584Z INFO  benchmark_client] Sending sample transaction 685
[2026-05-22T09:14:30.633Z INFO  benchmark_client] Sending sample transaction 686
[2026-05-22T09:14:30.683Z INFO  benchmark_client] Sending sample transaction 687
[2026-05-22T09:14:30.734Z INFO  benchmark_client] Sending sample transaction 688
[2026-05-22T09:14:30.783Z INFO  benchmark_client] Sending sample transaction 689
[2026-05-22T09:14:30.834Z INFO  benchmark_client] Sending sample transaction 690
[2026-05-22T09:14:30.883Z INFO  benchmark_client] Sending sample transaction 691
[2026-05-22T09:14:30.934Z INFO  benchmark_client] Sending sample transaction 692
[2026-05-22T09:14:30.983Z INFO  benchmark_client] Sending sample transaction 693
[2026-05-22T09:14:31.033Z INFO  benchmark_client] Sending sample transaction 694
[2026-05-22T09:14:31.084Z INFO  benchmark_client] Sending sample transaction 695
[2026-05-22T09:14:31.134Z INFO  benchmark_client] Sending sample transaction 696
[2026-05-22T09:14:31.184Z INFO  benchmark_client] Sending sample transaction 697
[2026-05-22T09:14:31.234Z INFO  benchmark_client] Sending sample transaction 698
[2026-05-22T09:14:31.283Z INFO  benchmark_client] Sending sample transaction 699
[2026-05-22T09:14:31.333Z INFO  benchmark_client] Sending sample transaction 700
[2026-05-22T09:14:31.383Z INFO  benchmark_client] Sending sample transaction 701
[2026-05-22T09:14:31.433Z INFO  benchmark_client] Sending sample transaction 702
[2026-05-22T09:14:31.483Z INFO  benchmark_client] Sending sample transaction 703
[2026-05-22T09:14:31.533Z INFO  benchmark_client] Sending sample transaction 704
[2026-05-22T09:14:31.584Z INFO  benchmark_client] Sending sample transaction 705
[2026-05-22T09:14:31.634Z INFO  benchmark_client] Sending sample transaction 706
[2026-05-22T09:14:31.684Z INFO  benchmark_client] Sending sample transaction 707
[2026-05-22T09:14:31.734Z INFO  benchmark_client] Sending sample transaction 708
[2026-05-22T09:14:31.783Z INFO  benchmark_client] Sending sample transaction 709
[2026-05-22T09:14:31.833Z INFO  benchmark_client] Sending sample transaction 710
[2026-05-22T09:14:31.884Z INFO  benchmark_client] Sending sample transaction 711
[2026-05-22T09:14:31.935Z INFO  benchmark_client] Sending sample transaction 712
[2026-05-22T09:14:31.983Z INFO  benchmark_client] Sending sample transaction 713
[2026-05-22T09:14:32.034Z INFO  benchmark_client] Sending sample transaction 714
[2026-05-22T09:14:32.084Z INFO  benchmark_client] Sending sample transaction 715
[2026-05-22T09:14:32.134Z INFO  benchmark_client] Sending sample transaction 716
[2026-05-22T09:14:32.184Z INFO  benchmark_client] Sending sample transaction 717
[2026-05-22T09:14:32.234Z INFO  benchmark_client] Sending sample transaction 718
[2026-05-22T09:14:32.284Z INFO  benchmark_client] Sending sample transaction 719
[2026-05-22T09:14:32.334Z INFO  benchmark_client] Sending sample transaction 720
[2026-05-22T09:14:32.384Z INFO  benchmark_client] Sending sample transaction 721
[2026-05-22T09:14:32.434Z INFO  benchmark_client] Sending sample transaction 722
[2026-05-22T09:14:32.484Z INFO  benchmark_client] Sending sample transaction 723
[2026-05-22T09:14:32.534Z INFO  benchmark_client] Sending sample transaction 724
[2026-05-22T09:14:32.584Z INFO  benchmark_client] Sending sample transaction 725
[2026-05-22T09:14:32.633Z INFO  benchmark_client] Sending sample transaction 726
[2026-05-22T09:14:32.683Z INFO  benchmark_client] Sending sample transaction 727
[2026-05-22T09:14:32.733Z INFO  benchmark_client] Sending sample transaction 728
[2026-05-22T09:14:32.784Z INFO  benchmark_client] Sending sample transaction 729
[2026-05-22T09:14:32.833Z INFO  benchmark_client] Sending sample transaction 730
[2026-05-22T09:14:32.884Z INFO  benchmark_client] Sending sample transaction 731
[2026-05-22T09:14:32.933Z INFO  benchmark_client] Sending sample transaction 732
[2026-05-22T09:14:32.984Z INFO  benchmark_client] Sending sample transaction 733
[2026-05-22T09:14:33.036Z INFO  benchmark_client] Sending sample transaction 734
[2026-05-22T09:14:33.084Z INFO  benchmark_client] Sending sample transaction 735
[2026-05-22T09:14:33.134Z INFO  benchmark_client] Sending sample transaction 736
[2026-05-22T09:14:33.184Z INFO  benchmark_client] Sending sample transaction 737
[2026-05-22T09:14:33.233Z INFO  benchmark_client] Sending sample transaction 738
[2026-05-22T09:14:33.283Z INFO  benchmark_client] Sending sample transaction 739
[2026-05-22T09:14:33.333Z INFO  benchmark_client] Sending sample transaction 740
[2026-05-22T09:14:33.385Z INFO  benchmark_client] Sending sample transaction 741
[2026-05-22T09:14:33.434Z INFO  benchmark_client] Sending sample transaction 742
[2026-05-22T09:14:33.484Z INFO  benchmark_client] Sending sample transaction 743
[2026-05-22T09:14:33.534Z INFO  benchmark_client] Sending sample transaction 744
[2026-05-22T09:14:33.584Z INFO  benchmark_client] Sending sample transaction 745
[2026-05-22T09:14:33.633Z INFO  benchmark_client] Sending sample transaction 746
[2026-05-22T09:14:33.684Z INFO  benchmark_client] Sending sample transaction 747
[2026-05-22T09:14:33.734Z INFO  benchmark_client] Sending sample transaction 748
[2026-05-22T09:14:33.784Z INFO  benchmark_client] Sending sample transaction 749
[2026-05-22T09:14:33.834Z INFO  benchmark_client] Sending sample transaction 750
[2026-05-22T09:14:33.885Z INFO  benchmark_client] Sending sample transaction 751
[2026-05-22T09:14:33.934Z INFO  benchmark_client] Sending sample transaction 752
[2026-05-22T09:14:33.984Z INFO  benchmark_client] Sending sample transaction 753
[2026-05-22T09:14:34.034Z INFO  benchmark_client] Sending sample transaction 754
[2026-05-22T09:14:34.084Z INFO  benchmark_client] Sending sample transaction 755
[2026-05-22T09:14:34.133Z INFO  benchmark_client] Sending sample transaction 756
[2026-05-22T09:14:34.185Z INFO  benchmark_client] Sending sample transaction 757
[2026-05-22T09:14:34.234Z INFO  benchmark_client] Sending sample transaction 758
[2026-05-22T09:14:34.284Z INFO  benchmark_client] Sending sample transaction 759
[2026-05-22T09:14:34.334Z INFO  benchmark_client] Sending sample transaction 760
[2026-05-22T09:14:34.383Z INFO  benchmark_client] Sending sample transaction 761
[2026-05-22T09:14:34.434Z INFO  benchmark_client] Sending sample transaction 762
[2026-05-22T09:14:34.483Z INFO  benchmark_client] Sending sample transaction 763
[2026-05-22T09:14:34.534Z INFO  benchmark_client] Sending sample transaction 764
[2026-05-22T09:14:34.583Z INFO  benchmark_client] Sending sample transaction 765
[2026-05-22T09:14:34.633Z INFO  benchmark_client] Sending sample transaction 766
[2026-05-22T09:14:34.684Z INFO  benchmark_client] Sending sample transaction 767
[2026-05-22T09:14:34.733Z INFO  benchmark_client] Sending sample transaction 768
[2026-05-22T09:14:34.783Z INFO  benchmark_client] Sending sample transaction 769
[2026-05-22T09:14:34.833Z INFO  benchmark_client] Sending sample transaction 770
[2026-05-22T09:14:34.884Z INFO  benchmark_client] Sending sample transaction 771
[2026-05-22T09:14:34.934Z INFO  benchmark_client] Sending sample transaction 772
[2026-05-22T09:14:34.983Z INFO  benchmark_client] Sending sample transaction 773
[2026-05-22T09:14:35.033Z INFO  benchmark_client] Sending sample transaction 774
[2026-05-22T09:14:35.083Z INFO  benchmark_client] Sending sample transaction 775
[2026-05-22T09:14:35.134Z INFO  benchmark_client] Sending sample transaction 776
[2026-05-22T09:14:35.184Z INFO  benchmark_client] Sending sample transaction 777
[2026-05-22T09:14:35.234Z INFO  benchmark_client] Sending sample transaction 778
[2026-05-22T09:14:35.283Z INFO  benchmark_client] Sending sample transaction 779
[2026-05-22T09:14:35.333Z INFO  benchmark_client] Sending sample transaction 780
[2026-05-22T09:14:35.383Z INFO  benchmark_client] Sending sample transaction 781
[2026-05-22T09:14:35.433Z INFO  benchmark_client] Sending sample transaction 782
[2026-05-22T09:14:35.484Z INFO  benchmark_client] Sending sample transaction 783
[2026-05-22T09:14:35.534Z INFO  benchmark_client] Sending sample transaction 784
[2026-05-22T09:14:35.584Z INFO  benchmark_client] Sending sample transaction 785
[2026-05-22T09:14:35.634Z INFO  benchmark_client] Sending sample transaction 786
[2026-05-22T09:14:35.684Z INFO  benchmark_client] Sending sample transaction 787
[2026-05-22T09:14:35.733Z INFO  benchmark_client] Sending sample transaction 788
[2026-05-22T09:14:35.783Z INFO  benchmark_client] Sending sample transaction 789
[2026-05-22T09:14:35.834Z INFO  benchmark_client] Sending sample transaction 790
[2026-05-22T09:14:35.884Z INFO  benchmark_client] Sending sample transaction 791
[2026-05-22T09:14:35.934Z INFO  benchmark_client] Sending sample transaction 792
[2026-05-22T09:14:35.984Z INFO  benchmark_client] Sending sample transaction 793
[2026-05-22T09:14:36.034Z INFO  benchmark_client] Sending sample transaction 794
[2026-05-22T09:14:36.084Z INFO  benchmark_client] Sending sample transaction 795
[2026-05-22T09:14:36.133Z INFO  benchmark_client] Sending sample transaction 796
[2026-05-22T09:14:36.184Z INFO  benchmark_client] Sending sample transaction 797
[2026-05-22T09:14:36.237Z INFO  benchmark_client] Sending sample transaction 798
[2026-05-22T09:14:36.284Z INFO  benchmark_client] Sending sample transaction 799
[2026-05-22T09:14:36.334Z INFO  benchmark_client] Sending sample transaction 800
[2026-05-22T09:14:36.384Z INFO  benchmark_client] Sending sample transaction 801
[2026-05-22T09:14:36.434Z INFO  benchmark_client] Sending sample transaction 802
[2026-05-22T09:14:36.484Z INFO  benchmark_client] Sending sample transaction 803
[2026-05-22T09:14:36.534Z INFO  benchmark_client] Sending sample transaction 804
[2026-05-22T09:14:36.583Z INFO  benchmark_client] Sending sample transaction 805
[2026-05-22T09:14:36.634Z INFO  benchmark_client] Sending sample transaction 806
[2026-05-22T09:14:36.685Z INFO  benchmark_client] Sending sample transaction 807
[2026-05-22T09:14:36.733Z INFO  benchmark_client] Sending sample transaction 808
[2026-05-22T09:14:36.783Z INFO  benchmark_client] Sending sample transaction 809
[2026-05-22T09:14:36.834Z INFO  benchmark_client] Sending sample transaction 810
[2026-05-22T09:14:36.884Z INFO  benchmark_client] Sending sample transaction 811
[2026-05-22T09:14:36.933Z INFO  benchmark_client] Sending sample transaction 812
[2026-05-22T09:14:36.984Z INFO  benchmark_client] Sending sample transaction 813
[2026-05-22T09:14:37.034Z INFO  benchmark_client] Sending sample transaction 814
[2026-05-22T09:14:37.084Z INFO  benchmark_client] Sending sample transaction 815
[2026-05-22T09:14:37.135Z INFO  benchmark_client] Sending sample transaction 816
[2026-05-22T09:14:37.184Z INFO  benchmark_client] Sending sample transaction 817
[2026-05-22T09:14:37.234Z INFO  benchmark_client] Sending sample transaction 818
[2026-05-22T09:14:37.283Z INFO  benchmark_client] Sending sample transaction 819
[2026-05-22T09:14:37.335Z INFO  benchmark_client] Sending sample transaction 820
[2026-05-22T09:14:37.383Z INFO  benchmark_client] Sending sample transaction 821
[2026-05-22T09:14:37.433Z INFO  benchmark_client] Sending sample transaction 822
[2026-05-22T09:14:37.484Z INFO  benchmark_client] Sending sample transaction 823
[2026-05-22T09:14:37.534Z INFO  benchmark_client] Sending sample transaction 824
[2026-05-22T09:14:37.584Z INFO  benchmark_client] Sending sample transaction 825
[2026-05-22T09:14:37.633Z INFO  benchmark_client] Sending sample transaction 826
[2026-05-22T09:14:37.684Z INFO  benchmark_client] Sending sample transaction 827
[2026-05-22T09:14:37.734Z INFO  benchmark_client] Sending sample transaction 828
[2026-05-22T09:14:37.784Z INFO  benchmark_client] Sending sample transaction 829
[2026-05-22T09:14:37.834Z INFO  benchmark_client] Sending sample transaction 830
[2026-05-22T09:14:37.885Z INFO  benchmark_client] Sending sample transaction 831
[2026-05-22T09:14:37.934Z INFO  benchmark_client] Sending sample transaction 832
[2026-05-22T09:14:37.983Z INFO  benchmark_client] Sending sample transaction 833
[2026-05-22T09:14:38.034Z INFO  benchmark_client] Sending sample transaction 834
[2026-05-22T09:14:38.084Z INFO  benchmark_client] Sending sample transaction 835
[2026-05-22T09:14:38.134Z INFO  benchmark_client] Sending sample transaction 836
[2026-05-22T09:14:38.184Z INFO  benchmark_client] Sending sample transaction 837
[2026-05-22T09:14:38.234Z INFO  benchmark_client] Sending sample transaction 838
[2026-05-22T09:14:38.284Z INFO  benchmark_client] Sending sample transaction 839
[2026-05-22T09:14:38.333Z INFO  benchmark_client] Sending sample transaction 840
[2026-05-22T09:14:38.384Z INFO  benchmark_client] Sending sample transaction 841
[2026-05-22T09:14:38.434Z INFO  benchmark_client] Sending sample transaction 842
[2026-05-22T09:14:38.484Z INFO  benchmark_client] Sending sample transaction 843
[2026-05-22T09:14:38.534Z INFO  benchmark_client] Sending sample transaction 844
[2026-05-22T09:14:38.586Z INFO  benchmark_client] Sending sample transaction 845
[2026-05-22T09:14:38.634Z INFO  benchmark_client] Sending sample transaction 846
[2026-05-22T09:14:38.685Z INFO  benchmark_client] Sending sample transaction 847
[2026-05-22T09:14:38.734Z INFO  benchmark_client] Sending sample transaction 848
[2026-05-22T09:14:38.784Z INFO  benchmark_client] Sending sample transaction 849
[2026-05-22T09:14:38.834Z INFO  benchmark_client] Sending sample transaction 850
[2026-05-22T09:14:38.885Z INFO  benchmark_client] Sending sample transaction 851
[2026-05-22T09:14:38.934Z INFO  benchmark_client] Sending sample transaction 852
[2026-05-22T09:14:38.984Z INFO  benchmark_client] Sending sample transaction 853
[2026-05-22T09:14:39.034Z INFO  benchmark_client] Sending sample transaction 854
[2026-05-22T09:14:39.084Z INFO  benchmark_client] Sending sample transaction 855
[2026-05-22T09:14:39.134Z INFO  benchmark_client] Sending sample transaction 856
[2026-05-22T09:14:39.186Z INFO  benchmark_client] Sending sample transaction 857
[2026-05-22T09:14:39.234Z INFO  benchmark_client] Sending sample transaction 858
[2026-05-22T09:14:39.284Z INFO  benchmark_client] Sending sample transaction 859
[2026-05-22T09:14:39.334Z INFO  benchmark_client] Sending sample transaction 860
[2026-05-22T09:14:39.384Z INFO  benchmark_client] Sending sample transaction 861
[2026-05-22T09:14:39.434Z INFO  benchmark_client] Sending sample transaction 862
[2026-05-22T09:14:39.484Z INFO  benchmark_client] Sending sample transaction 863
[2026-05-22T09:14:39.533Z INFO  benchmark_client] Sending sample transaction 864
[2026-05-22T09:14:39.586Z INFO  benchmark_client] Sending sample transaction 865
[2026-05-22T09:14:39.635Z INFO  benchmark_client] Sending sample transaction 866
[2026-05-22T09:14:39.684Z INFO  benchmark_client] Sending sample transaction 867
[2026-05-22T09:14:39.734Z INFO  benchmark_client] Sending sample transaction 868
[2026-05-22T09:14:39.784Z INFO  benchmark_client] Sending sample transaction 869
[2026-05-22T09:14:39.834Z INFO  benchmark_client] Sending sample transaction 870
[2026-05-22T09:14:39.884Z INFO  benchmark_client] Sending sample transaction 871
[2026-05-22T09:14:39.934Z INFO  benchmark_client] Sending sample transaction 872
[2026-05-22T09:14:39.984Z INFO  benchmark_client] Sending sample transaction 873
[2026-05-22T09:14:40.034Z INFO  benchmark_client] Sending sample transaction 874
[2026-05-22T09:14:40.084Z INFO  benchmark_client] Sending sample transaction 875
[2026-05-22T09:14:40.135Z INFO  benchmark_client] Sending sample transaction 876
[2026-05-22T09:14:40.184Z INFO  benchmark_client] Sending sample transaction 877
[2026-05-22T09:14:40.234Z INFO  benchmark_client] Sending sample transaction 878
[2026-05-22T09:14:40.284Z INFO  benchmark_client] Sending sample transaction 879
[2026-05-22T09:14:40.335Z INFO  benchmark_client] Sending sample transaction 880
[2026-05-22T09:14:40.383Z INFO  benchmark_client] Sending sample transaction 881
[2026-05-22T09:14:40.434Z INFO  benchmark_client] Sending sample transaction 882
[2026-05-22T09:14:40.484Z INFO  benchmark_client] Sending sample transaction 883
[2026-05-22T09:14:40.534Z INFO  benchmark_client] Sending sample transaction 884
[2026-05-22T09:14:40.584Z INFO  benchmark_client] Sending sample transaction 885
[2026-05-22T09:14:40.634Z INFO  benchmark_client] Sending sample transaction 886
[2026-05-22T09:14:40.684Z INFO  benchmark_client] Sending sample transaction 887
[2026-05-22T09:14:40.734Z INFO  benchmark_client] Sending sample transaction 888
[2026-05-22T09:14:40.784Z INFO  benchmark_client] Sending sample transaction 889
[2026-05-22T09:14:40.833Z INFO  benchmark_client] Sending sample transaction 890
[2026-05-22T09:14:40.884Z INFO  benchmark_client] Sending sample transaction 891
[2026-05-22T09:14:40.934Z INFO  benchmark_client] Sending sample transaction 892
[2026-05-22T09:14:40.984Z INFO  benchmark_client] Sending sample transaction 893
