[2026-05-22T09:13:55.861Z INFO  benchmark_client] Node address: 34.81.252.209:5013
[2026-05-22T09:13:55.861Z INFO  benchmark_client] Transactions size: 512 B
[2026-05-22T09:13:55.861Z INFO  benchmark_client] Transactions rate: 10000 tx/s
[2026-05-22T09:13:55.861Z INFO  benchmark_client] Waiting for all nodes to be online...
[2026-05-22T09:13:56.130Z INFO  benchmark_client] Start sending transactions
[2026-05-22T09:13:56.131Z INFO  benchmark_client] Sending sample transaction 0
[2026-05-22T09:13:56.180Z INFO  benchmark_client] Sending sample transaction 1
[2026-05-22T09:13:56.230Z INFO  benchmark_client] Sending sample transaction 2
[2026-05-22T09:13:56.281Z INFO  benchmark_client] Sending sample transaction 3
[2026-05-22T09:13:56.330Z INFO  benchmark_client] Sending sample transaction 4
[2026-05-22T09:13:56.380Z INFO  benchmark_client] Sending sample transaction 5
[2026-05-22T09:13:56.430Z INFO  benchmark_client] Sending sample transaction 6
[2026-05-22T09:13:56.481Z INFO  benchmark_client] Sending sample transaction 7
[2026-05-22T09:13:56.531Z INFO  benchmark_client] Sending sample transaction 8
[2026-05-22T09:13:56.581Z INFO  benchmark_client] Sending sample transaction 9
[2026-05-22T09:13:56.630Z INFO  benchmark_client] Sending sample transaction 10
[2026-05-22T09:13:56.680Z INFO  benchmark_client] Sending sample transaction 11
[2026-05-22T09:13:56.731Z INFO  benchmark_client] Sending sample transaction 12
[2026-05-22T09:13:56.780Z INFO  benchmark_client] Sending sample transaction 13
[2026-05-22T09:13:56.830Z INFO  benchmark_client] Sending sample transaction 14
[2026-05-22T09:13:56.881Z INFO  benchmark_client] Sending sample transaction 15
[2026-05-22T09:13:56.931Z INFO  benchmark_client] Sending sample transaction 16
[2026-05-22T09:13:56.981Z INFO  benchmark_client] Sending sample transaction 17
[2026-05-22T09:13:57.031Z INFO  benchmark_client] Sending sample transaction 18
[2026-05-22T09:13:57.080Z INFO  benchmark_client] Sending sample transaction 19
[2026-05-22T09:13:57.130Z INFO  benchmark_client] Sending sample transaction 20
[2026-05-22T09:13:57.181Z INFO  benchmark_client] Sending sample transaction 21
[2026-05-22T09:13:57.231Z INFO  benchmark_client] Sending sample transaction 22
[2026-05-22T09:13:57.281Z INFO  benchmark_client] Sending sample transaction 23
[2026-05-22T09:13:57.330Z INFO  benchmark_client] Sending sample transaction 24
[2026-05-22T09:13:57.380Z INFO  benchmark_client] Sending sample transaction 25
[2026-05-22T09:13:57.431Z INFO  benchmark_client] Sending sample transaction 26
[2026-05-22T09:13:57.481Z INFO  benchmark_client] Sending sample transaction 27
[2026-05-22T09:13:57.530Z INFO  benchmark_client] Sending sample transaction 28
[2026-05-22T09:13:57.581Z INFO  benchmark_client] Sending sample transaction 29
[2026-05-22T09:13:57.630Z INFO  benchmark_client] Sending sample transaction 30
[2026-05-22T09:13:57.680Z INFO  benchmark_client] Sending sample transaction 31
[2026-05-22T09:13:57.731Z INFO  benchmark_client] Sending sample transaction 32
[2026-05-22T09:13:57.781Z INFO  benchmark_client] Sending sample transaction 33
[2026-05-22T09:13:57.831Z INFO  benchmark_client] Sending sample transaction 34
[2026-05-22T09:13:57.881Z INFO  benchmark_client] Sending sample transaction 35
[2026-05-22T09:13:57.930Z INFO  benchmark_client] Sending sample transaction 36
[2026-05-22T09:13:57.981Z INFO  benchmark_client] Sending sample transaction 37
[2026-05-22T09:13:58.030Z INFO  benchmark_client] Sending sample transaction 38
[2026-05-22T09:13:58.080Z INFO  benchmark_client] Sending sample transaction 39
[2026-05-22T09:13:58.131Z INFO  benchmark_client] Sending sample transaction 40
[2026-05-22T09:13:58.180Z INFO  benchmark_client] Sending sample transaction 41
[2026-05-22T09:13:58.231Z INFO  benchmark_client] Sending sample transaction 42
[2026-05-22T09:13:58.282Z INFO  benchmark_client] Sending sample transaction 43
[2026-05-22T09:13:58.330Z INFO  benchmark_client] Sending sample transaction 44
[2026-05-22T09:13:58.381Z INFO  benchmark_client] Sending sample transaction 45
[2026-05-22T09:13:58.431Z INFO  benchmark_client] Sending sample transaction 46
[2026-05-22T09:13:58.481Z INFO  benchmark_client] Sending sample transaction 47
[2026-05-22T09:13:58.531Z INFO  benchmark_client] Sending sample transaction 48
[2026-05-22T09:13:58.582Z INFO  benchmark_client] Sending sample transaction 49
[2026-05-22T09:13:58.630Z INFO  benchmark_client] Sending sample transaction 50
[2026-05-22T09:13:58.681Z INFO  benchmark_client] Sending sample transaction 51
[2026-05-22T09:13:58.731Z INFO  benchmark_client] Sending sample transaction 52
[2026-05-22T09:13:58.781Z INFO  benchmark_client] Sending sample transaction 53
[2026-05-22T09:13:58.831Z INFO  benchmark_client] Sending sample transaction 54
[2026-05-22T09:13:58.881Z INFO  benchmark_client] Sending sample transaction 55
[2026-05-22T09:13:58.931Z INFO  benchmark_client] Sending sample transaction 56
[2026-05-22T09:13:58.980Z INFO  benchmark_client] Sending sample transaction 57
[2026-05-22T09:13:59.031Z INFO  benchmark_client] Sending sample transaction 58
[2026-05-22T09:13:59.081Z INFO  benchmark_client] Sending sample transaction 59
[2026-05-22T09:13:59.130Z INFO  benchmark_client] Sending sample transaction 60
[2026-05-22T09:13:59.180Z INFO  benchmark_client] Sending sample transaction 61
[2026-05-22T09:13:59.231Z INFO  benchmark_client] Sending sample transaction 62
[2026-05-22T09:13:59.281Z INFO  benchmark_client] Sending sample transaction 63
[2026-05-22T09:13:59.330Z INFO  benchmark_client] Sending sample transaction 64
[2026-05-22T09:13:59.381Z INFO  benchmark_client] Sending sample transaction 65
[2026-05-22T09:13:59.431Z INFO  benchmark_client] Sending sample transaction 66
[2026-05-22T09:13:59.480Z INFO  benchmark_client] Sending sample transaction 67
[2026-05-22T09:13:59.531Z INFO  benchmark_client] Sending sample transaction 68
[2026-05-22T09:13:59.581Z INFO  benchmark_client] Sending sample transaction 69
[2026-05-22T09:13:59.631Z INFO  benchmark_client] Sending sample transaction 70
[2026-05-22T09:13:59.681Z INFO  benchmark_client] Sending sample transaction 71
[2026-05-22T09:13:59.731Z INFO  benchmark_client] Sending sample transaction 72
[2026-05-22T09:13:59.781Z INFO  benchmark_client] Sending sample transaction 73
[2026-05-22T09:13:59.831Z INFO  benchmark_client] Sending sample transaction 74
[2026-05-22T09:13:59.880Z INFO  benchmark_client] Sending sample transaction 75
[2026-05-22T09:13:59.931Z INFO  benchmark_client] Sending sample transaction 76
[2026-05-22T09:13:59.983Z INFO  benchmark_client] Sending sample transaction 77
[2026-05-22T09:14:00.031Z INFO  benchmark_client] Sending sample transaction 78
[2026-05-22T09:14:00.080Z INFO  benchmark_client] Sending sample transaction 79
[2026-05-22T09:14:00.132Z INFO  benchmark_client] Sending sample transaction 80
[2026-05-22T09:14:00.181Z INFO  benchmark_client] Sending sample transaction 81
[2026-05-22T09:14:00.231Z INFO  benchmark_client] Sending sample transaction 82
[2026-05-22T09:14:00.280Z INFO  benchmark_client] Sending sample transaction 83
[2026-05-22T09:14:00.331Z INFO  benchmark_client] Sending sample transaction 84
[2026-05-22T09:14:00.381Z INFO  benchmark_client] Sending sample transaction 85
[2026-05-22T09:14:00.431Z INFO  benchmark_client] Sending sample transaction 86
[2026-05-22T09:14:00.481Z INFO  benchmark_client] Sending sample transaction 87
[2026-05-22T09:14:00.531Z INFO  benchmark_client] Sending sample transaction 88
[2026-05-22T09:14:00.581Z INFO  benchmark_client] Sending sample transaction 89
[2026-05-22T09:14:00.631Z INFO  benchmark_client] Sending sample transaction 90
[2026-05-22T09:14:00.681Z INFO  benchmark_client] Sending sample transaction 91
[2026-05-22T09:14:00.731Z INFO  benchmark_client] Sending sample transaction 92
[2026-05-22T09:14:00.780Z INFO  benchmark_client] Sending sample transaction 93
[2026-05-22T09:14:00.831Z INFO  benchmark_client] Sending sample transaction 94
[2026-05-22T09:14:00.881Z INFO  benchmark_client] Sending sample transaction 95
[2026-05-22T09:14:00.931Z INFO  benchmark_client] Sending sample transaction 96
[2026-05-22T09:14:00.980Z INFO  benchmark_client] Sending sample transaction 97
[2026-05-22T09:14:01.030Z INFO  benchmark_client] Sending sample transaction 98
[2026-05-22T09:14:01.083Z INFO  benchmark_client] Sending sample transaction 99
[2026-05-22T09:14:01.131Z INFO  benchmark_client] Sending sample transaction 100
[2026-05-22T09:14:01.181Z INFO  benchmark_client] Sending sample transaction 101
[2026-05-22T09:14:01.231Z INFO  benchmark_client] Sending sample transaction 102
[2026-05-22T09:14:01.281Z INFO  benchmark_client] Sending sample transaction 103
[2026-05-22T09:14:01.332Z INFO  benchmark_client] Sending sample transaction 104
[2026-05-22T09:14:01.381Z INFO  benchmark_client] Sending sample transaction 105
[2026-05-22T09:14:01.431Z INFO  benchmark_client] Sending sample transaction 106
[2026-05-22T09:14:01.481Z INFO  benchmark_client] Sending sample transaction 107
[2026-05-22T09:14:01.531Z INFO  benchmark_client] Sending sample transaction 108
[2026-05-22T09:14:01.581Z INFO  benchmark_client] Sending sample transaction 109
[2026-05-22T09:14:01.632Z INFO  benchmark_client] Sending sample transaction 110
[2026-05-22T09:14:01.680Z INFO  benchmark_client] Sending sample transaction 111
[2026-05-22T09:14:01.731Z INFO  benchmark_client] Sending sample transaction 112
[2026-05-22T09:14:01.781Z INFO  benchmark_client] Sending sample transaction 113
[2026-05-22T09:14:01.831Z INFO  benchmark_client] Sending sample transaction 114
[2026-05-22T09:14:01.881Z INFO  benchmark_client] Sending sample transaction 115
[2026-05-22T09:14:01.931Z INFO  benchmark_client] Sending sample transaction 116
[2026-05-22T09:14:01.980Z INFO  benchmark_client] Sending sample transaction 117
[2026-05-22T09:14:02.031Z INFO  benchmark_client] Sending sample transaction 118
[2026-05-22T09:14:02.081Z INFO  benchmark_client] Sending sample transaction 119
[2026-05-22T09:14:02.131Z INFO  benchmark_client] Sending sample transaction 120
[2026-05-22T09:14:02.181Z INFO  benchmark_client] Sending sample transaction 121
[2026-05-22T09:14:02.230Z INFO  benchmark_client] Sending sample transaction 122
[2026-05-22T09:14:02.281Z INFO  benchmark_client] Sending sample transaction 123
[2026-05-22T09:14:02.331Z INFO  benchmark_client] Sending sample transaction 124
[2026-05-22T09:14:02.382Z INFO  benchmark_client] Sending sample transaction 125
[2026-05-22T09:14:02.431Z INFO  benchmark_client] Sending sample transaction 126
[2026-05-22T09:14:02.481Z INFO  benchmark_client] Sending sample transaction 127
[2026-05-22T09:14:02.531Z INFO  benchmark_client] Sending sample transaction 128
[2026-05-22T09:14:02.581Z INFO  benchmark_client] Sending sample transaction 129
[2026-05-22T09:14:02.630Z INFO  benchmark_client] Sending sample transaction 130
[2026-05-22T09:14:02.681Z INFO  benchmark_client] Sending sample transaction 131
[2026-05-22T09:14:02.731Z INFO  benchmark_client] Sending sample transaction 132
[2026-05-22T09:14:02.781Z INFO  benchmark_client] Sending sample transaction 133
[2026-05-22T09:14:02.831Z INFO  benchmark_client] Sending sample transaction 134
[2026-05-22T09:14:02.881Z INFO  benchmark_client] Sending sample transaction 135
[2026-05-22T09:14:02.931Z INFO  benchmark_client] Sending sample transaction 136
[2026-05-22T09:14:02.981Z INFO  benchmark_client] Sending sample transaction 137
[2026-05-22T09:14:03.031Z INFO  benchmark_client] Sending sample transaction 138
[2026-05-22T09:14:03.081Z INFO  benchmark_client] Sending sample transaction 139
[2026-05-22T09:14:03.130Z INFO  benchmark_client] Sending sample transaction 140
[2026-05-22T09:14:03.184Z INFO  benchmark_client] Sending sample transaction 141
[2026-05-22T09:14:03.232Z INFO  benchmark_client] Sending sample transaction 142
[2026-05-22T09:14:03.282Z INFO  benchmark_client] Sending sample transaction 143
[2026-05-22T09:14:03.331Z INFO  benchmark_client] Sending sample transaction 144
[2026-05-22T09:14:03.381Z INFO  benchmark_client] Sending sample transaction 145
[2026-05-22T09:14:03.431Z INFO  benchmark_client] Sending sample transaction 146
[2026-05-22T09:14:03.483Z INFO  benchmark_client] Sending sample transaction 147
[2026-05-22T09:14:03.531Z INFO  benchmark_client] Sending sample transaction 148
[2026-05-22T09:14:03.581Z INFO  benchmark_client] Sending sample transaction 149
[2026-05-22T09:14:03.631Z INFO  benchmark_client] Sending sample transaction 150
[2026-05-22T09:14:03.681Z INFO  benchmark_client] Sending sample transaction 151
[2026-05-22T09:14:03.731Z INFO  benchmark_client] Sending sample transaction 152
[2026-05-22T09:14:03.782Z INFO  benchmark_client] Sending sample transaction 153
[2026-05-22T09:14:03.832Z INFO  benchmark_client] Sending sample transaction 154
[2026-05-22T09:14:03.881Z INFO  benchmark_client] Sending sample transaction 155
[2026-05-22T09:14:03.932Z INFO  benchmark_client] Sending sample transaction 156
[2026-05-22T09:14:03.981Z INFO  benchmark_client] Sending sample transaction 157
[2026-05-22T09:14:04.031Z INFO  benchmark_client] Sending sample transaction 158
[2026-05-22T09:14:04.081Z INFO  benchmark_client] Sending sample transaction 159
[2026-05-22T09:14:04.131Z INFO  benchmark_client] Sending sample transaction 160
[2026-05-22T09:14:04.181Z INFO  benchmark_client] Sending sample transaction 161
[2026-05-22T09:14:04.231Z INFO  benchmark_client] Sending sample transaction 162
[2026-05-22T09:14:04.281Z INFO  benchmark_client] Sending sample transaction 163
[2026-05-22T09:14:04.331Z INFO  benchmark_client] Sending sample transaction 164
[2026-05-22T09:14:04.381Z INFO  benchmark_client] Sending sample transaction 165
[2026-05-22T09:14:04.431Z INFO  benchmark_client] Sending sample transaction 166
[2026-05-22T09:14:04.483Z INFO  benchmark_client] Sending sample transaction 167
[2026-05-22T09:14:04.531Z INFO  benchmark_client] Sending sample transaction 168
[2026-05-22T09:14:04.581Z INFO  benchmark_client] Sending sample transaction 169
[2026-05-22T09:14:04.631Z INFO  benchmark_client] Sending sample transaction 170
[2026-05-22T09:14:04.681Z INFO  benchmark_client] Sending sample transaction 171
[2026-05-22T09:14:04.731Z INFO  benchmark_client] Sending sample transaction 172
[2026-05-22T09:14:04.781Z INFO  benchmark_client] Sending sample transaction 173
[2026-05-22T09:14:04.833Z INFO  benchmark_client] Sending sample transaction 174
[2026-05-22T09:14:04.881Z INFO  benchmark_client] Sending sample transaction 175
[2026-05-22T09:14:04.931Z INFO  benchmark_client] Sending sample transaction 176
[2026-05-22T09:14:04.981Z INFO  benchmark_client] Sending sample transaction 177
[2026-05-22T09:14:05.031Z INFO  benchmark_client] Sending sample transaction 178
[2026-05-22T09:14:05.081Z INFO  benchmark_client] Sending sample transaction 179
[2026-05-22T09:14:05.131Z INFO  benchmark_client] Sending sample transaction 180
[2026-05-22T09:14:05.181Z INFO  benchmark_client] Sending sample transaction 181
[2026-05-22T09:14:05.231Z INFO  benchmark_client] Sending sample transaction 182
[2026-05-22T09:14:05.281Z INFO  benchmark_client] Sending sample transaction 183
[2026-05-22T09:14:05.331Z INFO  benchmark_client] Sending sample transaction 184
[2026-05-22T09:14:05.381Z INFO  benchmark_client] Sending sample transaction 185
[2026-05-22T09:14:05.432Z INFO  benchmark_client] Sending sample transaction 186
[2026-05-22T09:14:05.483Z INFO  benchmark_client] Sending sample transaction 187
[2026-05-22T09:14:05.531Z INFO  benchmark_client] Sending sample transaction 188
[2026-05-22T09:14:05.581Z INFO  benchmark_client] Sending sample transaction 189
[2026-05-22T09:14:05.631Z INFO  benchmark_client] Sending sample transaction 190
[2026-05-22T09:14:05.681Z INFO  benchmark_client] Sending sample transaction 191
[2026-05-22T09:14:05.731Z INFO  benchmark_client] Sending sample transaction 192
[2026-05-22T09:14:05.781Z INFO  benchmark_client] Sending sample transaction 193
[2026-05-22T09:14:05.832Z INFO  benchmark_client] Sending sample transaction 194
[2026-05-22T09:14:05.881Z INFO  benchmark_client] Sending sample transaction 195
[2026-05-22T09:14:05.932Z INFO  benchmark_client] Sending sample transaction 196
[2026-05-22T09:14:05.981Z INFO  benchmark_client] Sending sample transaction 197
[2026-05-22T09:14:06.031Z INFO  benchmark_client] Sending sample transaction 198
[2026-05-22T09:14:06.081Z INFO  benchmark_client] Sending sample transaction 199
[2026-05-22T09:14:06.132Z INFO  benchmark_client] Sending sample transaction 200
[2026-05-22T09:14:06.181Z INFO  benchmark_client] Sending sample transaction 201
[2026-05-22T09:14:06.231Z INFO  benchmark_client] Sending sample transaction 202
[2026-05-22T09:14:06.281Z INFO  benchmark_client] Sending sample transaction 203
[2026-05-22T09:14:06.331Z INFO  benchmark_client] Sending sample transaction 204
[2026-05-22T09:14:06.381Z INFO  benchmark_client] Sending sample transaction 205
[2026-05-22T09:14:06.431Z INFO  benchmark_client] Sending sample transaction 206
[2026-05-22T09:14:06.481Z INFO  benchmark_client] Sending sample transaction 207
[2026-05-22T09:14:06.531Z INFO  benchmark_client] Sending sample transaction 208
[2026-05-22T09:14:06.582Z INFO  benchmark_client] Sending sample transaction 209
[2026-05-22T09:14:06.632Z INFO  benchmark_client] Sending sample transaction 210
[2026-05-22T09:14:06.683Z INFO  benchmark_client] Sending sample transaction 211
[2026-05-22T09:14:06.731Z INFO  benchmark_client] Sending sample transaction 212
[2026-05-22T09:14:06.781Z INFO  benchmark_client] Sending sample transaction 213
[2026-05-22T09:14:06.832Z INFO  benchmark_client] Sending sample transaction 214
[2026-05-22T09:14:06.882Z INFO  benchmark_client] Sending sample transaction 215
[2026-05-22T09:14:06.931Z INFO  benchmark_client] Sending sample transaction 216
[2026-05-22T09:14:06.981Z INFO  benchmark_client] Sending sample transaction 217
[2026-05-22T09:14:07.031Z INFO  benchmark_client] Sending sample transaction 218
[2026-05-22T09:14:07.082Z INFO  benchmark_client] Sending sample transaction 219
[2026-05-22T09:14:07.131Z INFO  benchmark_client] Sending sample transaction 220
[2026-05-22T09:14:07.182Z INFO  benchmark_client] Sending sample transaction 221
[2026-05-22T09:14:07.231Z INFO  benchmark_client] Sending sample transaction 222
[2026-05-22T09:14:07.281Z INFO  benchmark_client] Sending sample transaction 223
[2026-05-22T09:14:07.331Z INFO  benchmark_client] Sending sample transaction 224
[2026-05-22T09:14:07.381Z INFO  benchmark_client] Sending sample transaction 225
[2026-05-22T09:14:07.431Z INFO  benchmark_client] Sending sample transaction 226
[2026-05-22T09:14:07.487Z INFO  benchmark_client] Sending sample transaction 227
[2026-05-22T09:14:07.531Z INFO  benchmark_client] Sending sample transaction 228
[2026-05-22T09:14:07.581Z INFO  benchmark_client] Sending sample transaction 229
[2026-05-22T09:14:07.631Z INFO  benchmark_client] Sending sample transaction 230
[2026-05-22T09:14:07.681Z INFO  benchmark_client] Sending sample transaction 231
[2026-05-22T09:14:07.731Z INFO  benchmark_client] Sending sample transaction 232
[2026-05-22T09:14:07.781Z INFO  benchmark_client] Sending sample transaction 233
[2026-05-22T09:14:07.831Z INFO  benchmark_client] Sending sample transaction 234
[2026-05-22T09:14:07.881Z INFO  benchmark_client] Sending sample transaction 235
[2026-05-22T09:14:07.931Z INFO  benchmark_client] Sending sample transaction 236
[2026-05-22T09:14:07.982Z INFO  benchmark_client] Sending sample transaction 237
[2026-05-22T09:14:08.031Z INFO  benchmark_client] Sending sample transaction 238
[2026-05-22T09:14:08.082Z INFO  benchmark_client] Sending sample transaction 239
[2026-05-22T09:14:08.132Z INFO  benchmark_client] Sending sample transaction 240
[2026-05-22T09:14:08.181Z INFO  benchmark_client] Sending sample transaction 241
[2026-05-22T09:14:08.231Z INFO  benchmark_client] Sending sample transaction 242
[2026-05-22T09:14:08.282Z INFO  benchmark_client] Sending sample transaction 243
[2026-05-22T09:14:08.331Z INFO  benchmark_client] Sending sample transaction 244
[2026-05-22T09:14:08.381Z INFO  benchmark_client] Sending sample transaction 245
[2026-05-22T09:14:08.431Z INFO  benchmark_client] Sending sample transaction 246
[2026-05-22T09:14:08.481Z INFO  benchmark_client] Sending sample transaction 247
[2026-05-22T09:14:08.531Z INFO  benchmark_client] Sending sample transaction 248
[2026-05-22T09:14:08.582Z INFO  benchmark_client] Sending sample transaction 249
[2026-05-22T09:14:08.631Z INFO  benchmark_client] Sending sample transaction 250
[2026-05-22T09:14:08.682Z INFO  benchmark_client] Sending sample transaction 251
[2026-05-22T09:14:08.732Z INFO  benchmark_client] Sending sample transaction 252
[2026-05-22T09:14:08.781Z INFO  benchmark_client] Sending sample transaction 253
[2026-05-22T09:14:08.832Z INFO  benchmark_client] Sending sample transaction 254
[2026-05-22T09:14:08.881Z INFO  benchmark_client] Sending sample transaction 255
[2026-05-22T09:14:08.932Z INFO  benchmark_client] Sending sample transaction 256
[2026-05-22T09:14:08.983Z INFO  benchmark_client] Sending sample transaction 257
[2026-05-22T09:14:09.033Z INFO  benchmark_client] Sending sample transaction 258
[2026-05-22T09:14:09.081Z INFO  benchmark_client] Sending sample transaction 259
[2026-05-22T09:14:09.134Z INFO  benchmark_client] Sending sample transaction 260
[2026-05-22T09:14:09.181Z INFO  benchmark_client] Sending sample transaction 261
[2026-05-22T09:14:09.232Z INFO  benchmark_client] Sending sample transaction 262
[2026-05-22T09:14:09.281Z INFO  benchmark_client] Sending sample transaction 263
[2026-05-22T09:14:09.333Z INFO  benchmark_client] Sending sample transaction 264
[2026-05-22T09:14:09.381Z INFO  benchmark_client] Sending sample transaction 265
[2026-05-22T09:14:09.431Z INFO  benchmark_client] Sending sample transaction 266
[2026-05-22T09:14:09.481Z INFO  benchmark_client] Sending sample transaction 267
[2026-05-22T09:14:09.531Z INFO  benchmark_client] Sending sample transaction 268
[2026-05-22T09:14:09.582Z INFO  benchmark_client] Sending sample transaction 269
[2026-05-22T09:14:09.633Z INFO  benchmark_client] Sending sample transaction 270
[2026-05-22T09:14:09.682Z INFO  benchmark_client] Sending sample transaction 271
[2026-05-22T09:14:09.732Z INFO  benchmark_client] Sending sample transaction 272
[2026-05-22T09:14:09.781Z INFO  benchmark_client] Sending sample transaction 273
[2026-05-22T09:14:09.831Z INFO  benchmark_client] Sending sample transaction 274
[2026-05-22T09:14:09.881Z INFO  benchmark_client] Sending sample transaction 275
[2026-05-22T09:14:09.931Z INFO  benchmark_client] Sending sample transaction 276
[2026-05-22T09:14:09.982Z INFO  benchmark_client] Sending sample transaction 277
[2026-05-22T09:14:10.032Z INFO  benchmark_client] Sending sample transaction 278
[2026-05-22T09:14:10.082Z INFO  benchmark_client] Sending sample transaction 279
[2026-05-22T09:14:10.132Z INFO  benchmark_client] Sending sample transaction 280
[2026-05-22T09:14:10.181Z INFO  benchmark_client] Sending sample transaction 281
[2026-05-22T09:14:10.232Z INFO  benchmark_client] Sending sample transaction 282
[2026-05-22T09:14:10.281Z INFO  benchmark_client] Sending sample transaction 283
[2026-05-22T09:14:10.332Z INFO  benchmark_client] Sending sample transaction 284
[2026-05-22T09:14:10.382Z INFO  benchmark_client] Sending sample transaction 285
[2026-05-22T09:14:10.432Z INFO  benchmark_client] Sending sample transaction 286
[2026-05-22T09:14:10.481Z INFO  benchmark_client] Sending sample transaction 287
[2026-05-22T09:14:10.531Z INFO  benchmark_client] Sending sample transaction 288
[2026-05-22T09:14:10.581Z INFO  benchmark_client] Sending sample transaction 289
[2026-05-22T09:14:10.631Z INFO  benchmark_client] Sending sample transaction 290
[2026-05-22T09:14:10.682Z INFO  benchmark_client] Sending sample transaction 291
[2026-05-22T09:14:10.731Z INFO  benchmark_client] Sending sample transaction 292
[2026-05-22T09:14:10.781Z INFO  benchmark_client] Sending sample transaction 293
[2026-05-22T09:14:10.831Z INFO  benchmark_client] Sending sample transaction 294
[2026-05-22T09:14:10.882Z INFO  benchmark_client] Sending sample transaction 295
[2026-05-22T09:14:10.931Z INFO  benchmark_client] Sending sample transaction 296
[2026-05-22T09:14:10.982Z INFO  benchmark_client] Sending sample transaction 297
[2026-05-22T09:14:11.031Z INFO  benchmark_client] Sending sample transaction 298
[2026-05-22T09:14:11.082Z INFO  benchmark_client] Sending sample transaction 299
[2026-05-22T09:14:11.131Z INFO  benchmark_client] Sending sample transaction 300
[2026-05-22T09:14:11.181Z INFO  benchmark_client] Sending sample transaction 301
[2026-05-22T09:14:11.231Z INFO  benchmark_client] Sending sample transaction 302
[2026-05-22T09:14:11.281Z INFO  benchmark_client] Sending sample transaction 303
[2026-05-22T09:14:11.332Z INFO  benchmark_client] Sending sample transaction 304
[2026-05-22T09:14:11.383Z INFO  benchmark_client] Sending sample transaction 305
[2026-05-22T09:14:11.431Z INFO  benchmark_client] Sending sample transaction 306
[2026-05-22T09:14:11.481Z INFO  benchmark_client] Sending sample transaction 307
[2026-05-22T09:14:11.531Z INFO  benchmark_client] Sending sample transaction 308
[2026-05-22T09:14:11.581Z INFO  benchmark_client] Sending sample transaction 309
[2026-05-22T09:14:11.632Z INFO  benchmark_client] Sending sample transaction 310
[2026-05-22T09:14:11.682Z INFO  benchmark_client] Sending sample transaction 311
[2026-05-22T09:14:11.731Z INFO  benchmark_client] Sending sample transaction 312
[2026-05-22T09:14:11.783Z INFO  benchmark_client] Sending sample transaction 313
[2026-05-22T09:14:11.831Z INFO  benchmark_client] Sending sample transaction 314
[2026-05-22T09:14:11.881Z INFO  benchmark_client] Sending sample transaction 315
[2026-05-22T09:14:11.931Z INFO  benchmark_client] Sending sample transaction 316
[2026-05-22T09:14:11.982Z INFO  benchmark_client] Sending sample transaction 317
[2026-05-22T09:14:12.031Z INFO  benchmark_client] Sending sample transaction 318
[2026-05-22T09:14:12.083Z INFO  benchmark_client] Sending sample transaction 319
[2026-05-22T09:14:12.132Z INFO  benchmark_client] Sending sample transaction 320
[2026-05-22T09:14:12.182Z INFO  benchmark_client] Sending sample transaction 321
[2026-05-22T09:14:12.232Z INFO  benchmark_client] Sending sample transaction 322
[2026-05-22T09:14:12.282Z INFO  benchmark_client] Sending sample transaction 323
[2026-05-22T09:14:12.332Z INFO  benchmark_client] Sending sample transaction 324
[2026-05-22T09:14:12.381Z INFO  benchmark_client] Sending sample transaction 325
[2026-05-22T09:14:12.431Z INFO  benchmark_client] Sending sample transaction 326
[2026-05-22T09:14:12.481Z INFO  benchmark_client] Sending sample transaction 327
[2026-05-22T09:14:12.531Z INFO  benchmark_client] Sending sample transaction 328
[2026-05-22T09:14:12.581Z INFO  benchmark_client] Sending sample transaction 329
[2026-05-22T09:14:12.631Z INFO  benchmark_client] Sending sample transaction 330
[2026-05-22T09:14:12.681Z INFO  benchmark_client] Sending sample transaction 331
[2026-05-22T09:14:12.731Z INFO  benchmark_client] Sending sample transaction 332
[2026-05-22T09:14:12.782Z INFO  benchmark_client] Sending sample transaction 333
[2026-05-22T09:14:12.831Z INFO  benchmark_client] Sending sample transaction 334
[2026-05-22T09:14:12.881Z INFO  benchmark_client] Sending sample transaction 335
[2026-05-22T09:14:12.932Z INFO  benchmark_client] Sending sample transaction 336
[2026-05-22T09:14:12.981Z INFO  benchmark_client] Sending sample transaction 337
[2026-05-22T09:14:13.031Z INFO  benchmark_client] Sending sample transaction 338
[2026-05-22T09:14:13.082Z INFO  benchmark_client] Sending sample transaction 339
[2026-05-22T09:14:13.132Z INFO  benchmark_client] Sending sample transaction 340
[2026-05-22T09:14:13.181Z INFO  benchmark_client] Sending sample transaction 341
[2026-05-22T09:14:13.233Z INFO  benchmark_client] Sending sample transaction 342
[2026-05-22T09:14:13.281Z INFO  benchmark_client] Sending sample transaction 343
[2026-05-22T09:14:13.332Z INFO  benchmark_client] Sending sample transaction 344
[2026-05-22T09:14:13.381Z INFO  benchmark_client] Sending sample transaction 345
[2026-05-22T09:14:13.432Z INFO  benchmark_client] Sending sample transaction 346
[2026-05-22T09:14:13.481Z INFO  benchmark_client] Sending sample transaction 347
[2026-05-22T09:14:13.531Z INFO  benchmark_client] Sending sample transaction 348
[2026-05-22T09:14:13.582Z INFO  benchmark_client] Sending sample transaction 349
[2026-05-22T09:14:13.634Z INFO  benchmark_client] Sending sample transaction 350
[2026-05-22T09:14:13.681Z INFO  benchmark_client] Sending sample transaction 351
[2026-05-22T09:14:13.731Z INFO  benchmark_client] Sending sample transaction 352
[2026-05-22T09:14:13.781Z INFO  benchmark_client] Sending sample transaction 353
[2026-05-22T09:14:13.832Z INFO  benchmark_client] Sending sample transaction 354
[2026-05-22T09:14:13.881Z INFO  benchmark_client] Sending sample transaction 355
[2026-05-22T09:14:13.932Z INFO  benchmark_client] Sending sample transaction 356
[2026-05-22T09:14:13.981Z INFO  benchmark_client] Sending sample transaction 357
[2026-05-22T09:14:14.031Z INFO  benchmark_client] Sending sample transaction 358
[2026-05-22T09:14:14.082Z INFO  benchmark_client] Sending sample transaction 359
[2026-05-22T09:14:14.132Z INFO  benchmark_client] Sending sample transaction 360
[2026-05-22T09:14:14.181Z INFO  benchmark_client] Sending sample transaction 361
[2026-05-22T09:14:14.231Z INFO  benchmark_client] Sending sample transaction 362
[2026-05-22T09:14:14.281Z INFO  benchmark_client] Sending sample transaction 363
[2026-05-22T09:14:14.332Z INFO  benchmark_client] Sending sample transaction 364
[2026-05-22T09:14:14.381Z INFO  benchmark_client] Sending sample transaction 365
[2026-05-22T09:14:14.431Z INFO  benchmark_client] Sending sample transaction 366
[2026-05-22T09:14:14.481Z INFO  benchmark_client] Sending sample transaction 367
[2026-05-22T09:14:14.532Z INFO  benchmark_client] Sending sample transaction 368
[2026-05-22T09:14:14.581Z INFO  benchmark_client] Sending sample transaction 369
[2026-05-22T09:14:14.636Z INFO  benchmark_client] Sending sample transaction 370
[2026-05-22T09:14:14.684Z INFO  benchmark_client] Sending sample transaction 371
[2026-05-22T09:14:14.731Z INFO  benchmark_client] Sending sample transaction 372
[2026-05-22T09:14:14.781Z INFO  benchmark_client] Sending sample transaction 373
[2026-05-22T09:14:14.831Z INFO  benchmark_client] Sending sample transaction 374
[2026-05-22T09:14:14.883Z INFO  benchmark_client] Sending sample transaction 375
[2026-05-22T09:14:14.933Z INFO  benchmark_client] Sending sample transaction 376
[2026-05-22T09:14:14.984Z INFO  benchmark_client] Sending sample transaction 377
[2026-05-22T09:14:15.031Z INFO  benchmark_client] Sending sample transaction 378
[2026-05-22T09:14:15.082Z INFO  benchmark_client] Sending sample transaction 379
[2026-05-22T09:14:15.134Z INFO  benchmark_client] Sending sample transaction 380
[2026-05-22T09:14:15.184Z INFO  benchmark_client] Sending sample transaction 381
[2026-05-22T09:14:15.232Z INFO  benchmark_client] Sending sample transaction 382
[2026-05-22T09:14:15.282Z INFO  benchmark_client] Sending sample transaction 383
[2026-05-22T09:14:15.332Z INFO  benchmark_client] Sending sample transaction 384
[2026-05-22T09:14:15.382Z INFO  benchmark_client] Sending sample transaction 385
[2026-05-22T09:14:15.432Z INFO  benchmark_client] Sending sample transaction 386
[2026-05-22T09:14:15.482Z INFO  benchmark_client] Sending sample transaction 387
[2026-05-22T09:14:15.531Z INFO  benchmark_client] Sending sample transaction 388
[2026-05-22T09:14:15.584Z INFO  benchmark_client] Sending sample transaction 389
[2026-05-22T09:14:15.632Z INFO  benchmark_client] Sending sample transaction 390
[2026-05-22T09:14:15.681Z INFO  benchmark_client] Sending sample transaction 391
[2026-05-22T09:14:15.731Z INFO  benchmark_client] Sending sample transaction 392
[2026-05-22T09:14:15.781Z INFO  benchmark_client] Sending sample transaction 393
[2026-05-22T09:14:15.832Z INFO  benchmark_client] Sending sample transaction 394
[2026-05-22T09:14:15.882Z INFO  benchmark_client] Sending sample transaction 395
[2026-05-22T09:14:15.932Z INFO  benchmark_client] Sending sample transaction 396
[2026-05-22T09:14:15.982Z INFO  benchmark_client] Sending sample transaction 397
[2026-05-22T09:14:16.031Z INFO  benchmark_client] Sending sample transaction 398
[2026-05-22T09:14:16.083Z INFO  benchmark_client] Sending sample transaction 399
[2026-05-22T09:14:16.131Z INFO  benchmark_client] Sending sample transaction 400
[2026-05-22T09:14:16.181Z INFO  benchmark_client] Sending sample transaction 401
[2026-05-22T09:14:16.231Z INFO  benchmark_client] Sending sample transaction 402
[2026-05-22T09:14:16.282Z INFO  benchmark_client] Sending sample transaction 403
[2026-05-22T09:14:16.332Z INFO  benchmark_client] Sending sample transaction 404
[2026-05-22T09:14:16.381Z INFO  benchmark_client] Sending sample transaction 405
[2026-05-22T09:14:16.431Z INFO  benchmark_client] Sending sample transaction 406
[2026-05-22T09:14:16.482Z INFO  benchmark_client] Sending sample transaction 407
[2026-05-22T09:14:16.531Z INFO  benchmark_client] Sending sample transaction 408
[2026-05-22T09:14:16.582Z INFO  benchmark_client] Sending sample transaction 409
[2026-05-22T09:14:16.631Z INFO  benchmark_client] Sending sample transaction 410
[2026-05-22T09:14:16.682Z INFO  benchmark_client] Sending sample transaction 411
[2026-05-22T09:14:16.731Z INFO  benchmark_client] Sending sample transaction 412
[2026-05-22T09:14:16.781Z INFO  benchmark_client] Sending sample transaction 413
[2026-05-22T09:14:16.831Z INFO  benchmark_client] Sending sample transaction 414
[2026-05-22T09:14:16.882Z INFO  benchmark_client] Sending sample transaction 415
[2026-05-22T09:14:16.932Z INFO  benchmark_client] Sending sample transaction 416
[2026-05-22T09:14:16.982Z INFO  benchmark_client] Sending sample transaction 417
[2026-05-22T09:14:17.031Z INFO  benchmark_client] Sending sample transaction 418
[2026-05-22T09:14:17.081Z INFO  benchmark_client] Sending sample transaction 419
[2026-05-22T09:14:17.131Z INFO  benchmark_client] Sending sample transaction 420
[2026-05-22T09:14:17.181Z INFO  benchmark_client] Sending sample transaction 421
[2026-05-22T09:14:17.231Z INFO  benchmark_client] Sending sample transaction 422
[2026-05-22T09:14:17.282Z INFO  benchmark_client] Sending sample transaction 423
[2026-05-22T09:14:17.331Z INFO  benchmark_client] Sending sample transaction 424
[2026-05-22T09:14:17.382Z INFO  benchmark_client] Sending sample transaction 425
[2026-05-22T09:14:17.433Z INFO  benchmark_client] Sending sample transaction 426
[2026-05-22T09:14:17.481Z INFO  benchmark_client] Sending sample transaction 427
[2026-05-22T09:14:17.531Z INFO  benchmark_client] Sending sample transaction 428
[2026-05-22T09:14:17.582Z INFO  benchmark_client] Sending sample transaction 429
[2026-05-22T09:14:17.632Z INFO  benchmark_client] Sending sample transaction 430
[2026-05-22T09:14:17.681Z INFO  benchmark_client] Sending sample transaction 431
[2026-05-22T09:14:17.733Z INFO  benchmark_client] Sending sample transaction 432
[2026-05-22T09:14:17.781Z INFO  benchmark_client] Sending sample transaction 433
[2026-05-22T09:14:17.831Z INFO  benchmark_client] Sending sample transaction 434
[2026-05-22T09:14:17.881Z INFO  benchmark_client] Sending sample transaction 435
[2026-05-22T09:14:17.932Z INFO  benchmark_client] Sending sample transaction 436
[2026-05-22T09:14:17.981Z INFO  benchmark_client] Sending sample transaction 437
[2026-05-22T09:14:18.032Z INFO  benchmark_client] Sending sample transaction 438
[2026-05-22T09:14:18.082Z INFO  benchmark_client] Sending sample transaction 439
[2026-05-22T09:14:18.131Z INFO  benchmark_client] Sending sample transaction 440
[2026-05-22T09:14:18.182Z INFO  benchmark_client] Sending sample transaction 441
[2026-05-22T09:14:18.232Z INFO  benchmark_client] Sending sample transaction 442
[2026-05-22T09:14:18.282Z INFO  benchmark_client] Sending sample transaction 443
[2026-05-22T09:14:18.332Z INFO  benchmark_client] Sending sample transaction 444
[2026-05-22T09:14:18.382Z INFO  benchmark_client] Sending sample transaction 445
[2026-05-22T09:14:18.432Z INFO  benchmark_client] Sending sample transaction 446
[2026-05-22T09:14:18.482Z INFO  benchmark_client] Sending sample transaction 447
[2026-05-22T09:14:18.531Z INFO  benchmark_client] Sending sample transaction 448
[2026-05-22T09:14:18.581Z INFO  benchmark_client] Sending sample transaction 449
[2026-05-22T09:14:18.632Z INFO  benchmark_client] Sending sample transaction 450
[2026-05-22T09:14:18.682Z INFO  benchmark_client] Sending sample transaction 451
[2026-05-22T09:14:18.733Z INFO  benchmark_client] Sending sample transaction 452
[2026-05-22T09:14:18.781Z INFO  benchmark_client] Sending sample transaction 453
[2026-05-22T09:14:18.831Z INFO  benchmark_client] Sending sample transaction 454
[2026-05-22T09:14:18.882Z INFO  benchmark_client] Sending sample transaction 455
[2026-05-22T09:14:18.933Z INFO  benchmark_client] Sending sample transaction 456
[2026-05-22T09:14:18.982Z INFO  benchmark_client] Sending sample transaction 457
[2026-05-22T09:14:19.032Z INFO  benchmark_client] Sending sample transaction 458
[2026-05-22T09:14:19.081Z INFO  benchmark_client] Sending sample transaction 459
[2026-05-22T09:14:19.132Z INFO  benchmark_client] Sending sample transaction 460
[2026-05-22T09:14:19.182Z INFO  benchmark_client] Sending sample transaction 461
[2026-05-22T09:14:19.231Z INFO  benchmark_client] Sending sample transaction 462
[2026-05-22T09:14:19.282Z INFO  benchmark_client] Sending sample transaction 463
[2026-05-22T09:14:19.332Z INFO  benchmark_client] Sending sample transaction 464
[2026-05-22T09:14:19.382Z INFO  benchmark_client] Sending sample transaction 465
[2026-05-22T09:14:19.431Z INFO  benchmark_client] Sending sample transaction 466
[2026-05-22T09:14:19.482Z INFO  benchmark_client] Sending sample transaction 467
[2026-05-22T09:14:19.531Z INFO  benchmark_client] Sending sample transaction 468
[2026-05-22T09:14:19.582Z INFO  benchmark_client] Sending sample transaction 469
[2026-05-22T09:14:19.631Z INFO  benchmark_client] Sending sample transaction 470
[2026-05-22T09:14:19.682Z INFO  benchmark_client] Sending sample transaction 471
[2026-05-22T09:14:19.732Z INFO  benchmark_client] Sending sample transaction 472
[2026-05-22T09:14:19.782Z INFO  benchmark_client] Sending sample transaction 473
[2026-05-22T09:14:19.831Z INFO  benchmark_client] Sending sample transaction 474
[2026-05-22T09:14:19.882Z INFO  benchmark_client] Sending sample transaction 475
[2026-05-22T09:14:19.932Z INFO  benchmark_client] Sending sample transaction 476
[2026-05-22T09:14:19.982Z INFO  benchmark_client] Sending sample transaction 477
[2026-05-22T09:14:20.032Z INFO  benchmark_client] Sending sample transaction 478
[2026-05-22T09:14:20.081Z INFO  benchmark_client] Sending sample transaction 479
[2026-05-22T09:14:20.132Z INFO  benchmark_client] Sending sample transaction 480
[2026-05-22T09:14:20.182Z INFO  benchmark_client] Sending sample transaction 481
[2026-05-22T09:14:20.232Z INFO  benchmark_client] Sending sample transaction 482
[2026-05-22T09:14:20.282Z INFO  benchmark_client] Sending sample transaction 483
[2026-05-22T09:14:20.331Z INFO  benchmark_client] Sending sample transaction 484
[2026-05-22T09:14:20.382Z INFO  benchmark_client] Sending sample transaction 485
[2026-05-22T09:14:20.431Z INFO  benchmark_client] Sending sample transaction 486
[2026-05-22T09:14:20.482Z INFO  benchmark_client] Sending sample transaction 487
[2026-05-22T09:14:20.531Z INFO  benchmark_client] Sending sample transaction 488
[2026-05-22T09:14:20.583Z INFO  benchmark_client] Sending sample transaction 489
[2026-05-22T09:14:20.632Z INFO  benchmark_client] Sending sample transaction 490
[2026-05-22T09:14:20.681Z INFO  benchmark_client] Sending sample transaction 491
[2026-05-22T09:14:20.731Z INFO  benchmark_client] Sending sample transaction 492
[2026-05-22T09:14:20.787Z INFO  benchmark_client] Sending sample transaction 493
[2026-05-22T09:14:20.832Z INFO  benchmark_client] Sending sample transaction 494
[2026-05-22T09:14:20.881Z INFO  benchmark_client] Sending sample transaction 495
[2026-05-22T09:14:20.931Z INFO  benchmark_client] Sending sample transaction 496
[2026-05-22T09:14:20.982Z INFO  benchmark_client] Sending sample transaction 497
[2026-05-22T09:14:21.031Z INFO  benchmark_client] Sending sample transaction 498
[2026-05-22T09:14:21.081Z INFO  benchmark_client] Sending sample transaction 499
[2026-05-22T09:14:21.131Z INFO  benchmark_client] Sending sample transaction 500
[2026-05-22T09:14:21.182Z INFO  benchmark_client] Sending sample transaction 501
[2026-05-22T09:14:21.231Z INFO  benchmark_client] Sending sample transaction 502
[2026-05-22T09:14:21.280Z INFO  benchmark_client] Sending sample transaction 503
[2026-05-22T09:14:21.330Z INFO  benchmark_client] Sending sample transaction 504
[2026-05-22T09:14:21.383Z INFO  benchmark_client] Sending sample transaction 505
[2026-05-22T09:14:21.431Z INFO  benchmark_client] Sending sample transaction 506
[2026-05-22T09:14:21.482Z INFO  benchmark_client] Sending sample transaction 507
[2026-05-22T09:14:21.533Z INFO  benchmark_client] Sending sample transaction 508
[2026-05-22T09:14:21.580Z INFO  benchmark_client] Sending sample transaction 509
[2026-05-22T09:14:21.631Z INFO  benchmark_client] Sending sample transaction 510
[2026-05-22T09:14:21.680Z INFO  benchmark_client] Sending sample transaction 511
[2026-05-22T09:14:21.730Z INFO  benchmark_client] Sending sample transaction 512
[2026-05-22T09:14:21.780Z INFO  benchmark_client] Sending sample transaction 513
[2026-05-22T09:14:21.831Z INFO  benchmark_client] Sending sample transaction 514
[2026-05-22T09:14:21.880Z INFO  benchmark_client] Sending sample transaction 515
[2026-05-22T09:14:21.930Z INFO  benchmark_client] Sending sample transaction 516
[2026-05-22T09:14:21.981Z INFO  benchmark_client] Sending sample transaction 517
[2026-05-22T09:14:22.030Z INFO  benchmark_client] Sending sample transaction 518
[2026-05-22T09:14:22.080Z INFO  benchmark_client] Sending sample transaction 519
[2026-05-22T09:14:22.131Z INFO  benchmark_client] Sending sample transaction 520
[2026-05-22T09:14:22.181Z INFO  benchmark_client] Sending sample transaction 521
[2026-05-22T09:14:22.231Z INFO  benchmark_client] Sending sample transaction 522
[2026-05-22T09:14:22.281Z INFO  benchmark_client] Sending sample transaction 523
[2026-05-22T09:14:22.331Z INFO  benchmark_client] Sending sample transaction 524
[2026-05-22T09:14:22.380Z INFO  benchmark_client] Sending sample transaction 525
[2026-05-22T09:14:22.431Z INFO  benchmark_client] Sending sample transaction 526
[2026-05-22T09:14:22.480Z INFO  benchmark_client] Sending sample transaction 527
[2026-05-22T09:14:22.530Z INFO  benchmark_client] Sending sample transaction 528
[2026-05-22T09:14:22.580Z INFO  benchmark_client] Sending sample transaction 529
[2026-05-22T09:14:22.630Z INFO  benchmark_client] Sending sample transaction 530
[2026-05-22T09:14:22.680Z INFO  benchmark_client] Sending sample transaction 531
[2026-05-22T09:14:22.731Z INFO  benchmark_client] Sending sample transaction 532
[2026-05-22T09:14:22.781Z INFO  benchmark_client] Sending sample transaction 533
[2026-05-22T09:14:22.830Z INFO  benchmark_client] Sending sample transaction 534
[2026-05-22T09:14:22.881Z INFO  benchmark_client] Sending sample transaction 535
[2026-05-22T09:14:22.931Z INFO  benchmark_client] Sending sample transaction 536
[2026-05-22T09:14:22.980Z INFO  benchmark_client] Sending sample transaction 537
[2026-05-22T09:14:23.030Z INFO  benchmark_client] Sending sample transaction 538
[2026-05-22T09:14:23.081Z INFO  benchmark_client] Sending sample transaction 539
[2026-05-22T09:14:23.131Z INFO  benchmark_client] Sending sample transaction 540
[2026-05-22T09:14:23.181Z INFO  benchmark_client] Sending sample transaction 541
[2026-05-22T09:14:23.232Z INFO  benchmark_client] Sending sample transaction 542
[2026-05-22T09:14:23.281Z INFO  benchmark_client] Sending sample transaction 543
[2026-05-22T09:14:23.331Z INFO  benchmark_client] Sending sample transaction 544
[2026-05-22T09:14:23.381Z INFO  benchmark_client] Sending sample transaction 545
[2026-05-22T09:14:23.430Z INFO  benchmark_client] Sending sample transaction 546
[2026-05-22T09:14:23.481Z INFO  benchmark_client] Sending sample transaction 547
[2026-05-22T09:14:23.531Z INFO  benchmark_client] Sending sample transaction 548
[2026-05-22T09:14:23.581Z INFO  benchmark_client] Sending sample transaction 549
[2026-05-22T09:14:23.630Z INFO  benchmark_client] Sending sample transaction 550
[2026-05-22T09:14:23.681Z INFO  benchmark_client] Sending sample transaction 551
[2026-05-22T09:14:23.731Z INFO  benchmark_client] Sending sample transaction 552
[2026-05-22T09:14:23.782Z INFO  benchmark_client] Sending sample transaction 553
[2026-05-22T09:14:23.830Z INFO  benchmark_client] Sending sample transaction 554
[2026-05-22T09:14:23.881Z INFO  benchmark_client] Sending sample transaction 555
[2026-05-22T09:14:23.930Z INFO  benchmark_client] Sending sample transaction 556
[2026-05-22T09:14:23.980Z INFO  benchmark_client] Sending sample transaction 557
[2026-05-22T09:14:24.031Z INFO  benchmark_client] Sending sample transaction 558
[2026-05-22T09:14:24.080Z INFO  benchmark_client] Sending sample transaction 559
[2026-05-22T09:14:24.131Z INFO  benchmark_client] Sending sample transaction 560
[2026-05-22T09:14:24.181Z INFO  benchmark_client] Sending sample transaction 561
[2026-05-22T09:14:24.231Z INFO  benchmark_client] Sending sample transaction 562
[2026-05-22T09:14:24.281Z INFO  benchmark_client] Sending sample transaction 563
[2026-05-22T09:14:24.331Z INFO  benchmark_client] Sending sample transaction 564
[2026-05-22T09:14:24.381Z INFO  benchmark_client] Sending sample transaction 565
[2026-05-22T09:14:24.430Z INFO  benchmark_client] Sending sample transaction 566
[2026-05-22T09:14:24.481Z INFO  benchmark_client] Sending sample transaction 567
[2026-05-22T09:14:24.531Z INFO  benchmark_client] Sending sample transaction 568
[2026-05-22T09:14:24.581Z INFO  benchmark_client] Sending sample transaction 569
[2026-05-22T09:14:24.631Z INFO  benchmark_client] Sending sample transaction 570
[2026-05-22T09:14:24.682Z INFO  benchmark_client] Sending sample transaction 571
[2026-05-22T09:14:24.731Z INFO  benchmark_client] Sending sample transaction 572
[2026-05-22T09:14:24.781Z INFO  benchmark_client] Sending sample transaction 573
[2026-05-22T09:14:24.830Z INFO  benchmark_client] Sending sample transaction 574
[2026-05-22T09:14:24.881Z INFO  benchmark_client] Sending sample transaction 575
[2026-05-22T09:14:24.930Z INFO  benchmark_client] Sending sample transaction 576
[2026-05-22T09:14:24.980Z INFO  benchmark_client] Sending sample transaction 577
[2026-05-22T09:14:25.031Z INFO  benchmark_client] Sending sample transaction 578
[2026-05-22T09:14:25.081Z INFO  benchmark_client] Sending sample transaction 579
[2026-05-22T09:14:25.131Z INFO  benchmark_client] Sending sample transaction 580
[2026-05-22T09:14:25.181Z INFO  benchmark_client] Sending sample transaction 581
[2026-05-22T09:14:25.231Z INFO  benchmark_client] Sending sample transaction 582
[2026-05-22T09:14:25.281Z INFO  benchmark_client] Sending sample transaction 583
[2026-05-22T09:14:25.330Z INFO  benchmark_client] Sending sample transaction 584
[2026-05-22T09:14:25.381Z INFO  benchmark_client] Sending sample transaction 585
[2026-05-22T09:14:25.430Z INFO  benchmark_client] Sending sample transaction 586
[2026-05-22T09:14:25.480Z INFO  benchmark_client] Sending sample transaction 587
[2026-05-22T09:14:25.531Z INFO  benchmark_client] Sending sample transaction 588
[2026-05-22T09:14:25.581Z INFO  benchmark_client] Sending sample transaction 589
[2026-05-22T09:14:25.632Z INFO  benchmark_client] Sending sample transaction 590
[2026-05-22T09:14:25.681Z INFO  benchmark_client] Sending sample transaction 591
[2026-05-22T09:14:25.731Z INFO  benchmark_client] Sending sample transaction 592
[2026-05-22T09:14:25.781Z INFO  benchmark_client] Sending sample transaction 593
[2026-05-22T09:14:25.831Z INFO  benchmark_client] Sending sample transaction 594
[2026-05-22T09:14:25.881Z INFO  benchmark_client] Sending sample transaction 595
[2026-05-22T09:14:25.931Z INFO  benchmark_client] Sending sample transaction 596
[2026-05-22T09:14:25.981Z INFO  benchmark_client] Sending sample transaction 597
[2026-05-22T09:14:26.031Z INFO  benchmark_client] Sending sample transaction 598
[2026-05-22T09:14:26.081Z INFO  benchmark_client] Sending sample transaction 599
[2026-05-22T09:14:26.132Z INFO  benchmark_client] Sending sample transaction 600
[2026-05-22T09:14:26.180Z INFO  benchmark_client] Sending sample transaction 601
[2026-05-22T09:14:26.230Z INFO  benchmark_client] Sending sample transaction 602
[2026-05-22T09:14:26.281Z INFO  benchmark_client] Sending sample transaction 603
[2026-05-22T09:14:26.334Z INFO  benchmark_client] Sending sample transaction 604
[2026-05-22T09:14:26.380Z INFO  benchmark_client] Sending sample transaction 605
[2026-05-22T09:14:26.431Z INFO  benchmark_client] Sending sample transaction 606
[2026-05-22T09:14:26.483Z INFO  benchmark_client] Sending sample transaction 607
[2026-05-22T09:14:26.532Z INFO  benchmark_client] Sending sample transaction 608
[2026-05-22T09:14:26.581Z INFO  benchmark_client] Sending sample transaction 609
[2026-05-22T09:14:26.631Z INFO  benchmark_client] Sending sample transaction 610
[2026-05-22T09:14:26.681Z INFO  benchmark_client] Sending sample transaction 611
[2026-05-22T09:14:26.732Z INFO  benchmark_client] Sending sample transaction 612
[2026-05-22T09:14:26.781Z INFO  benchmark_client] Sending sample transaction 613
[2026-05-22T09:14:26.831Z INFO  benchmark_client] Sending sample transaction 614
[2026-05-22T09:14:26.881Z INFO  benchmark_client] Sending sample transaction 615
[2026-05-22T09:14:26.931Z INFO  benchmark_client] Sending sample transaction 616
[2026-05-22T09:14:26.982Z INFO  benchmark_client] Sending sample transaction 617
[2026-05-22T09:14:27.031Z INFO  benchmark_client] Sending sample transaction 618
[2026-05-22T09:14:27.081Z INFO  benchmark_client] Sending sample transaction 619
[2026-05-22T09:14:27.131Z INFO  benchmark_client] Sending sample transaction 620
[2026-05-22T09:14:27.182Z INFO  benchmark_client] Sending sample transaction 621
[2026-05-22T09:14:27.231Z INFO  benchmark_client] Sending sample transaction 622
[2026-05-22T09:14:27.281Z INFO  benchmark_client] Sending sample transaction 623
[2026-05-22T09:14:27.330Z INFO  benchmark_client] Sending sample transaction 624
[2026-05-22T09:14:27.381Z INFO  benchmark_client] Sending sample transaction 625
[2026-05-22T09:14:27.431Z INFO  benchmark_client] Sending sample transaction 626
[2026-05-22T09:14:27.481Z INFO  benchmark_client] Sending sample transaction 627
[2026-05-22T09:14:27.531Z INFO  benchmark_client] Sending sample transaction 628
[2026-05-22T09:14:27.581Z INFO  benchmark_client] Sending sample transaction 629
[2026-05-22T09:14:27.631Z INFO  benchmark_client] Sending sample transaction 630
[2026-05-22T09:14:27.680Z INFO  benchmark_client] Sending sample transaction 631
[2026-05-22T09:14:27.732Z INFO  benchmark_client] Sending sample transaction 632
[2026-05-22T09:14:27.780Z INFO  benchmark_client] Sending sample transaction 633
[2026-05-22T09:14:27.832Z INFO  benchmark_client] Sending sample transaction 634
[2026-05-22T09:14:27.881Z INFO  benchmark_client] Sending sample transaction 635
[2026-05-22T09:14:27.931Z INFO  benchmark_client] Sending sample transaction 636
[2026-05-22T09:14:27.982Z INFO  benchmark_client] Sending sample transaction 637
[2026-05-22T09:14:28.031Z INFO  benchmark_client] Sending sample transaction 638
[2026-05-22T09:14:28.081Z INFO  benchmark_client] Sending sample transaction 639
[2026-05-22T09:14:28.131Z INFO  benchmark_client] Sending sample transaction 640
[2026-05-22T09:14:28.181Z INFO  benchmark_client] Sending sample transaction 641
[2026-05-22T09:14:28.231Z INFO  benchmark_client] Sending sample transaction 642
[2026-05-22T09:14:28.281Z INFO  benchmark_client] Sending sample transaction 643
[2026-05-22T09:14:28.330Z INFO  benchmark_client] Sending sample transaction 644
[2026-05-22T09:14:28.381Z INFO  benchmark_client] Sending sample transaction 645
[2026-05-22T09:14:28.431Z INFO  benchmark_client] Sending sample transaction 646
[2026-05-22T09:14:28.480Z INFO  benchmark_client] Sending sample transaction 647
[2026-05-22T09:14:28.531Z INFO  benchmark_client] Sending sample transaction 648
[2026-05-22T09:14:28.581Z INFO  benchmark_client] Sending sample transaction 649
[2026-05-22T09:14:28.631Z INFO  benchmark_client] Sending sample transaction 650
[2026-05-22T09:14:28.681Z INFO  benchmark_client] Sending sample transaction 651
[2026-05-22T09:14:28.730Z INFO  benchmark_client] Sending sample transaction 652
[2026-05-22T09:14:28.781Z INFO  benchmark_client] Sending sample transaction 653
[2026-05-22T09:14:28.831Z INFO  benchmark_client] Sending sample transaction 654
[2026-05-22T09:14:28.881Z INFO  benchmark_client] Sending sample transaction 655
[2026-05-22T09:14:28.931Z INFO  benchmark_client] Sending sample transaction 656
[2026-05-22T09:14:28.982Z INFO  benchmark_client] Sending sample transaction 657
[2026-05-22T09:14:29.030Z INFO  benchmark_client] Sending sample transaction 658
[2026-05-22T09:14:29.081Z INFO  benchmark_client] Sending sample transaction 659
[2026-05-22T09:14:29.131Z INFO  benchmark_client] Sending sample transaction 660
[2026-05-22T09:14:29.181Z INFO  benchmark_client] Sending sample transaction 661
[2026-05-22T09:14:29.231Z INFO  benchmark_client] Sending sample transaction 662
[2026-05-22T09:14:29.281Z INFO  benchmark_client] Sending sample transaction 663
[2026-05-22T09:14:29.331Z INFO  benchmark_client] Sending sample transaction 664
[2026-05-22T09:14:29.381Z INFO  benchmark_client] Sending sample transaction 665
[2026-05-22T09:14:29.431Z INFO  benchmark_client] Sending sample transaction 666
[2026-05-22T09:14:29.481Z INFO  benchmark_client] Sending sample transaction 667
[2026-05-22T09:14:29.530Z INFO  benchmark_client] Sending sample transaction 668
[2026-05-22T09:14:29.581Z INFO  benchmark_client] Sending sample transaction 669
[2026-05-22T09:14:29.631Z INFO  benchmark_client] Sending sample transaction 670
[2026-05-22T09:14:29.682Z INFO  benchmark_client] Sending sample transaction 671
[2026-05-22T09:14:29.731Z INFO  benchmark_client] Sending sample transaction 672
[2026-05-22T09:14:29.781Z INFO  benchmark_client] Sending sample transaction 673
[2026-05-22T09:14:29.831Z INFO  benchmark_client] Sending sample transaction 674
[2026-05-22T09:14:29.881Z INFO  benchmark_client] Sending sample transaction 675
[2026-05-22T09:14:29.931Z INFO  benchmark_client] Sending sample transaction 676
[2026-05-22T09:14:29.982Z INFO  benchmark_client] Sending sample transaction 677
[2026-05-22T09:14:30.031Z INFO  benchmark_client] Sending sample transaction 678
[2026-05-22T09:14:30.081Z INFO  benchmark_client] Sending sample transaction 679
[2026-05-22T09:14:30.132Z INFO  benchmark_client] Sending sample transaction 680
[2026-05-22T09:14:30.181Z INFO  benchmark_client] Sending sample transaction 681
[2026-05-22T09:14:30.232Z INFO  benchmark_client] Sending sample transaction 682
[2026-05-22T09:14:30.281Z INFO  benchmark_client] Sending sample transaction 683
[2026-05-22T09:14:30.331Z INFO  benchmark_client] Sending sample transaction 684
[2026-05-22T09:14:30.381Z INFO  benchmark_client] Sending sample transaction 685
[2026-05-22T09:14:30.432Z INFO  benchmark_client] Sending sample transaction 686
[2026-05-22T09:14:30.481Z INFO  benchmark_client] Sending sample transaction 687
[2026-05-22T09:14:30.531Z INFO  benchmark_client] Sending sample transaction 688
[2026-05-22T09:14:30.581Z INFO  benchmark_client] Sending sample transaction 689
[2026-05-22T09:14:30.631Z INFO  benchmark_client] Sending sample transaction 690
[2026-05-22T09:14:30.681Z INFO  benchmark_client] Sending sample transaction 691
[2026-05-22T09:14:30.731Z INFO  benchmark_client] Sending sample transaction 692
[2026-05-22T09:14:30.781Z INFO  benchmark_client] Sending sample transaction 693
[2026-05-22T09:14:30.831Z INFO  benchmark_client] Sending sample transaction 694
[2026-05-22T09:14:30.881Z INFO  benchmark_client] Sending sample transaction 695
[2026-05-22T09:14:30.933Z INFO  benchmark_client] Sending sample transaction 696
[2026-05-22T09:14:30.981Z INFO  benchmark_client] Sending sample transaction 697
[2026-05-22T09:14:31.030Z INFO  benchmark_client] Sending sample transaction 698
[2026-05-22T09:14:31.081Z INFO  benchmark_client] Sending sample transaction 699
[2026-05-22T09:14:31.131Z INFO  benchmark_client] Sending sample transaction 700
[2026-05-22T09:14:31.181Z INFO  benchmark_client] Sending sample transaction 701
[2026-05-22T09:14:31.231Z INFO  benchmark_client] Sending sample transaction 702
[2026-05-22T09:14:31.281Z INFO  benchmark_client] Sending sample transaction 703
[2026-05-22T09:14:31.331Z INFO  benchmark_client] Sending sample transaction 704
[2026-05-22T09:14:31.381Z INFO  benchmark_client] Sending sample transaction 705
[2026-05-22T09:14:31.431Z INFO  benchmark_client] Sending sample transaction 706
[2026-05-22T09:14:31.481Z INFO  benchmark_client] Sending sample transaction 707
[2026-05-22T09:14:31.531Z INFO  benchmark_client] Sending sample transaction 708
[2026-05-22T09:14:31.581Z INFO  benchmark_client] Sending sample transaction 709
[2026-05-22T09:14:31.631Z INFO  benchmark_client] Sending sample transaction 710
[2026-05-22T09:14:31.682Z INFO  benchmark_client] Sending sample transaction 711
[2026-05-22T09:14:31.731Z INFO  benchmark_client] Sending sample transaction 712
[2026-05-22T09:14:31.781Z INFO  benchmark_client] Sending sample transaction 713
[2026-05-22T09:14:31.832Z INFO  benchmark_client] Sending sample transaction 714
[2026-05-22T09:14:31.881Z INFO  benchmark_client] Sending sample transaction 715
[2026-05-22T09:14:31.932Z INFO  benchmark_client] Sending sample transaction 716
[2026-05-22T09:14:31.981Z INFO  benchmark_client] Sending sample transaction 717
[2026-05-22T09:14:32.034Z INFO  benchmark_client] Sending sample transaction 718
[2026-05-22T09:14:32.081Z INFO  benchmark_client] Sending sample transaction 719
[2026-05-22T09:14:32.131Z INFO  benchmark_client] Sending sample transaction 720
[2026-05-22T09:14:32.181Z INFO  benchmark_client] Sending sample transaction 721
[2026-05-22T09:14:32.231Z INFO  benchmark_client] Sending sample transaction 722
[2026-05-22T09:14:32.282Z INFO  benchmark_client] Sending sample transaction 723
[2026-05-22T09:14:32.332Z INFO  benchmark_client] Sending sample transaction 724
[2026-05-22T09:14:32.381Z INFO  benchmark_client] Sending sample transaction 725
[2026-05-22T09:14:32.431Z INFO  benchmark_client] Sending sample transaction 726
[2026-05-22T09:14:32.482Z INFO  benchmark_client] Sending sample transaction 727
[2026-05-22T09:14:32.531Z INFO  benchmark_client] Sending sample transaction 728
[2026-05-22T09:14:32.584Z INFO  benchmark_client] Sending sample transaction 729
[2026-05-22T09:14:32.631Z INFO  benchmark_client] Sending sample transaction 730
[2026-05-22T09:14:32.682Z INFO  benchmark_client] Sending sample transaction 731
[2026-05-22T09:14:32.731Z INFO  benchmark_client] Sending sample transaction 732
[2026-05-22T09:14:32.781Z INFO  benchmark_client] Sending sample transaction 733
[2026-05-22T09:14:32.831Z INFO  benchmark_client] Sending sample transaction 734
[2026-05-22T09:14:32.881Z INFO  benchmark_client] Sending sample transaction 735
[2026-05-22T09:14:32.932Z INFO  benchmark_client] Sending sample transaction 736
[2026-05-22T09:14:32.982Z INFO  benchmark_client] Sending sample transaction 737
[2026-05-22T09:14:33.031Z INFO  benchmark_client] Sending sample transaction 738
[2026-05-22T09:14:33.081Z INFO  benchmark_client] Sending sample transaction 739
[2026-05-22T09:14:33.132Z INFO  benchmark_client] Sending sample transaction 740
[2026-05-22T09:14:33.181Z INFO  benchmark_client] Sending sample transaction 741
[2026-05-22T09:14:33.231Z INFO  benchmark_client] Sending sample transaction 742
[2026-05-22T09:14:33.283Z INFO  benchmark_client] Sending sample transaction 743
[2026-05-22T09:14:33.331Z INFO  benchmark_client] Sending sample transaction 744
[2026-05-22T09:14:33.381Z INFO  benchmark_client] Sending sample transaction 745
[2026-05-22T09:14:33.432Z INFO  benchmark_client] Sending sample transaction 746
[2026-05-22T09:14:33.483Z INFO  benchmark_client] Sending sample transaction 747
[2026-05-22T09:14:33.532Z INFO  benchmark_client] Sending sample transaction 748
[2026-05-22T09:14:33.581Z INFO  benchmark_client] Sending sample transaction 749
[2026-05-22T09:14:33.632Z INFO  benchmark_client] Sending sample transaction 750
[2026-05-22T09:14:33.681Z INFO  benchmark_client] Sending sample transaction 751
[2026-05-22T09:14:33.731Z INFO  benchmark_client] Sending sample transaction 752
[2026-05-22T09:14:33.784Z INFO  benchmark_client] Sending sample transaction 753
[2026-05-22T09:14:33.831Z INFO  benchmark_client] Sending sample transaction 754
[2026-05-22T09:14:33.884Z INFO  benchmark_client] Sending sample transaction 755
[2026-05-22T09:14:33.931Z INFO  benchmark_client] Sending sample transaction 756
[2026-05-22T09:14:33.983Z INFO  benchmark_client] Sending sample transaction 757
[2026-05-22T09:14:34.031Z INFO  benchmark_client] Sending sample transaction 758
[2026-05-22T09:14:34.081Z INFO  benchmark_client] Sending sample transaction 759
[2026-05-22T09:14:34.131Z INFO  benchmark_client] Sending sample transaction 760
[2026-05-22T09:14:34.181Z INFO  benchmark_client] Sending sample transaction 761
[2026-05-22T09:14:34.231Z INFO  benchmark_client] Sending sample transaction 762
[2026-05-22T09:14:34.281Z INFO  benchmark_client] Sending sample transaction 763
[2026-05-22T09:14:34.331Z INFO  benchmark_client] Sending sample transaction 764
[2026-05-22T09:14:34.381Z INFO  benchmark_client] Sending sample transaction 765
[2026-05-22T09:14:34.431Z INFO  benchmark_client] Sending sample transaction 766
[2026-05-22T09:14:34.481Z INFO  benchmark_client] Sending sample transaction 767
[2026-05-22T09:14:34.532Z INFO  benchmark_client] Sending sample transaction 768
[2026-05-22T09:14:34.581Z INFO  benchmark_client] Sending sample transaction 769
[2026-05-22T09:14:34.631Z INFO  benchmark_client] Sending sample transaction 770
[2026-05-22T09:14:34.681Z INFO  benchmark_client] Sending sample transaction 771
[2026-05-22T09:14:34.734Z INFO  benchmark_client] Sending sample transaction 772
[2026-05-22T09:14:34.781Z INFO  benchmark_client] Sending sample transaction 773
[2026-05-22T09:14:34.832Z INFO  benchmark_client] Sending sample transaction 774
[2026-05-22T09:14:34.881Z INFO  benchmark_client] Sending sample transaction 775
[2026-05-22T09:14:34.932Z INFO  benchmark_client] Sending sample transaction 776
[2026-05-22T09:14:34.981Z INFO  benchmark_client] Sending sample transaction 777
[2026-05-22T09:14:35.032Z INFO  benchmark_client] Sending sample transaction 778
[2026-05-22T09:14:35.081Z INFO  benchmark_client] Sending sample transaction 779
[2026-05-22T09:14:35.131Z INFO  benchmark_client] Sending sample transaction 780
[2026-05-22T09:14:35.181Z INFO  benchmark_client] Sending sample transaction 781
[2026-05-22T09:14:35.233Z INFO  benchmark_client] Sending sample transaction 782
[2026-05-22T09:14:35.281Z INFO  benchmark_client] Sending sample transaction 783
[2026-05-22T09:14:35.331Z INFO  benchmark_client] Sending sample transaction 784
[2026-05-22T09:14:35.381Z INFO  benchmark_client] Sending sample transaction 785
[2026-05-22T09:14:35.431Z INFO  benchmark_client] Sending sample transaction 786
[2026-05-22T09:14:35.481Z INFO  benchmark_client] Sending sample transaction 787
[2026-05-22T09:14:35.531Z INFO  benchmark_client] Sending sample transaction 788
[2026-05-22T09:14:35.581Z INFO  benchmark_client] Sending sample transaction 789
[2026-05-22T09:14:35.631Z INFO  benchmark_client] Sending sample transaction 790
[2026-05-22T09:14:35.681Z INFO  benchmark_client] Sending sample transaction 791
[2026-05-22T09:14:35.731Z INFO  benchmark_client] Sending sample transaction 792
[2026-05-22T09:14:35.782Z INFO  benchmark_client] Sending sample transaction 793
[2026-05-22T09:14:35.831Z INFO  benchmark_client] Sending sample transaction 794
[2026-05-22T09:14:35.881Z INFO  benchmark_client] Sending sample transaction 795
[2026-05-22T09:14:35.931Z INFO  benchmark_client] Sending sample transaction 796
[2026-05-22T09:14:35.981Z INFO  benchmark_client] Sending sample transaction 797
[2026-05-22T09:14:36.031Z INFO  benchmark_client] Sending sample transaction 798
[2026-05-22T09:14:36.081Z INFO  benchmark_client] Sending sample transaction 799
[2026-05-22T09:14:36.132Z INFO  benchmark_client] Sending sample transaction 800
[2026-05-22T09:14:36.181Z INFO  benchmark_client] Sending sample transaction 801
[2026-05-22T09:14:36.231Z INFO  benchmark_client] Sending sample transaction 802
[2026-05-22T09:14:36.281Z INFO  benchmark_client] Sending sample transaction 803
[2026-05-22T09:14:36.332Z INFO  benchmark_client] Sending sample transaction 804
[2026-05-22T09:14:36.381Z INFO  benchmark_client] Sending sample transaction 805
[2026-05-22T09:14:36.431Z INFO  benchmark_client] Sending sample transaction 806
[2026-05-22T09:14:36.482Z INFO  benchmark_client] Sending sample transaction 807
[2026-05-22T09:14:36.531Z INFO  benchmark_client] Sending sample transaction 808
[2026-05-22T09:14:36.581Z INFO  benchmark_client] Sending sample transaction 809
[2026-05-22T09:14:36.631Z INFO  benchmark_client] Sending sample transaction 810
[2026-05-22T09:14:36.682Z INFO  benchmark_client] Sending sample transaction 811
[2026-05-22T09:14:36.731Z INFO  benchmark_client] Sending sample transaction 812
[2026-05-22T09:14:36.782Z INFO  benchmark_client] Sending sample transaction 813
[2026-05-22T09:14:36.831Z INFO  benchmark_client] Sending sample transaction 814
[2026-05-22T09:14:36.882Z INFO  benchmark_client] Sending sample transaction 815
[2026-05-22T09:14:36.931Z INFO  benchmark_client] Sending sample transaction 816
[2026-05-22T09:14:36.981Z INFO  benchmark_client] Sending sample transaction 817
[2026-05-22T09:14:37.032Z INFO  benchmark_client] Sending sample transaction 818
[2026-05-22T09:14:37.082Z INFO  benchmark_client] Sending sample transaction 819
[2026-05-22T09:14:37.131Z INFO  benchmark_client] Sending sample transaction 820
[2026-05-22T09:14:37.182Z INFO  benchmark_client] Sending sample transaction 821
[2026-05-22T09:14:37.232Z INFO  benchmark_client] Sending sample transaction 822
[2026-05-22T09:14:37.281Z INFO  benchmark_client] Sending sample transaction 823
[2026-05-22T09:14:37.331Z INFO  benchmark_client] Sending sample transaction 824
[2026-05-22T09:14:37.381Z INFO  benchmark_client] Sending sample transaction 825
[2026-05-22T09:14:37.431Z INFO  benchmark_client] Sending sample transaction 826
[2026-05-22T09:14:37.482Z INFO  benchmark_client] Sending sample transaction 827
[2026-05-22T09:14:37.531Z INFO  benchmark_client] Sending sample transaction 828
[2026-05-22T09:14:37.583Z INFO  benchmark_client] Sending sample transaction 829
[2026-05-22T09:14:37.633Z INFO  benchmark_client] Sending sample transaction 830
[2026-05-22T09:14:37.682Z INFO  benchmark_client] Sending sample transaction 831
[2026-05-22T09:14:37.731Z INFO  benchmark_client] Sending sample transaction 832
[2026-05-22T09:14:37.781Z INFO  benchmark_client] Sending sample transaction 833
[2026-05-22T09:14:37.831Z INFO  benchmark_client] Sending sample transaction 834
[2026-05-22T09:14:37.883Z INFO  benchmark_client] Sending sample transaction 835
[2026-05-22T09:14:37.931Z INFO  benchmark_client] Sending sample transaction 836
[2026-05-22T09:14:37.982Z INFO  benchmark_client] Sending sample transaction 837
[2026-05-22T09:14:38.032Z INFO  benchmark_client] Sending sample transaction 838
[2026-05-22T09:14:38.081Z INFO  benchmark_client] Sending sample transaction 839
[2026-05-22T09:14:38.131Z INFO  benchmark_client] Sending sample transaction 840
[2026-05-22T09:14:38.181Z INFO  benchmark_client] Sending sample transaction 841
[2026-05-22T09:14:38.231Z INFO  benchmark_client] Sending sample transaction 842
[2026-05-22T09:14:38.281Z INFO  benchmark_client] Sending sample transaction 843
[2026-05-22T09:14:38.331Z INFO  benchmark_client] Sending sample transaction 844
[2026-05-22T09:14:38.383Z INFO  benchmark_client] Sending sample transaction 845
[2026-05-22T09:14:38.431Z INFO  benchmark_client] Sending sample transaction 846
[2026-05-22T09:14:38.481Z INFO  benchmark_client] Sending sample transaction 847
[2026-05-22T09:14:38.533Z INFO  benchmark_client] Sending sample transaction 848
[2026-05-22T09:14:38.581Z INFO  benchmark_client] Sending sample transaction 849
[2026-05-22T09:14:38.631Z INFO  benchmark_client] Sending sample transaction 850
[2026-05-22T09:14:38.682Z INFO  benchmark_client] Sending sample transaction 851
[2026-05-22T09:14:38.731Z INFO  benchmark_client] Sending sample transaction 852
[2026-05-22T09:14:38.781Z INFO  benchmark_client] Sending sample transaction 853
[2026-05-22T09:14:38.831Z INFO  benchmark_client] Sending sample transaction 854
[2026-05-22T09:14:38.882Z INFO  benchmark_client] Sending sample transaction 855
[2026-05-22T09:14:38.932Z INFO  benchmark_client] Sending sample transaction 856
[2026-05-22T09:14:38.983Z INFO  benchmark_client] Sending sample transaction 857
[2026-05-22T09:14:39.032Z INFO  benchmark_client] Sending sample transaction 858
[2026-05-22T09:14:39.082Z INFO  benchmark_client] Sending sample transaction 859
[2026-05-22T09:14:39.134Z INFO  benchmark_client] Sending sample transaction 860
[2026-05-22T09:14:39.182Z INFO  benchmark_client] Sending sample transaction 861
[2026-05-22T09:14:39.232Z INFO  benchmark_client] Sending sample transaction 862
[2026-05-22T09:14:39.282Z INFO  benchmark_client] Sending sample transaction 863
[2026-05-22T09:14:39.338Z INFO  benchmark_client] Sending sample transaction 864
[2026-05-22T09:14:39.381Z INFO  benchmark_client] Sending sample transaction 865
[2026-05-22T09:14:39.431Z INFO  benchmark_client] Sending sample transaction 866
[2026-05-22T09:14:39.482Z INFO  benchmark_client] Sending sample transaction 867
[2026-05-22T09:14:39.535Z INFO  benchmark_client] Sending sample transaction 868
[2026-05-22T09:14:39.581Z INFO  benchmark_client] Sending sample transaction 869
[2026-05-22T09:14:39.634Z INFO  benchmark_client] Sending sample transaction 870
[2026-05-22T09:14:39.681Z INFO  benchmark_client] Sending sample transaction 871
[2026-05-22T09:14:39.731Z INFO  benchmark_client] Sending sample transaction 872
[2026-05-22T09:14:39.783Z INFO  benchmark_client] Sending sample transaction 873
[2026-05-22T09:14:39.831Z INFO  benchmark_client] Sending sample transaction 874
[2026-05-22T09:14:39.881Z INFO  benchmark_client] Sending sample transaction 875
[2026-05-22T09:14:39.932Z INFO  benchmark_client] Sending sample transaction 876
[2026-05-22T09:14:39.981Z INFO  benchmark_client] Sending sample transaction 877
[2026-05-22T09:14:40.031Z INFO  benchmark_client] Sending sample transaction 878
[2026-05-22T09:14:40.081Z INFO  benchmark_client] Sending sample transaction 879
[2026-05-22T09:14:40.131Z INFO  benchmark_client] Sending sample transaction 880
[2026-05-22T09:14:40.182Z INFO  benchmark_client] Sending sample transaction 881
[2026-05-22T09:14:40.231Z INFO  benchmark_client] Sending sample transaction 882
[2026-05-22T09:14:40.282Z INFO  benchmark_client] Sending sample transaction 883
[2026-05-22T09:14:40.331Z INFO  benchmark_client] Sending sample transaction 884
[2026-05-22T09:14:40.381Z INFO  benchmark_client] Sending sample transaction 885
[2026-05-22T09:14:40.432Z INFO  benchmark_client] Sending sample transaction 886
[2026-05-22T09:14:40.482Z INFO  benchmark_client] Sending sample transaction 887
[2026-05-22T09:14:40.532Z INFO  benchmark_client] Sending sample transaction 888
[2026-05-22T09:14:40.581Z INFO  benchmark_client] Sending sample transaction 889
[2026-05-22T09:14:40.631Z INFO  benchmark_client] Sending sample transaction 890
[2026-05-22T09:14:40.682Z INFO  benchmark_client] Sending sample transaction 891
[2026-05-22T09:14:40.731Z INFO  benchmark_client] Sending sample transaction 892
[2026-05-22T09:14:40.781Z INFO  benchmark_client] Sending sample transaction 893
[2026-05-22T09:14:40.831Z INFO  benchmark_client] Sending sample transaction 894
