[2026-05-22T09:10:23.815Z INFO  benchmark_client] Node address: 34.21.159.42:5023
[2026-05-22T09:10:23.815Z INFO  benchmark_client] Transactions size: 512 B
[2026-05-22T09:10:23.815Z INFO  benchmark_client] Transactions rate: 3334 tx/s
[2026-05-22T09:10:23.815Z INFO  benchmark_client] Waiting for all nodes to be online...
[2026-05-22T09:10:24.125Z INFO  benchmark_client] Start sending transactions
[2026-05-22T09:10:24.126Z INFO  benchmark_client] Sending sample transaction 0
[2026-05-22T09:10:24.177Z INFO  benchmark_client] Sending sample transaction 1
[2026-05-22T09:10:24.227Z INFO  benchmark_client] Sending sample transaction 2
[2026-05-22T09:10:24.277Z INFO  benchmark_client] Sending sample transaction 3
[2026-05-22T09:10:24.327Z INFO  benchmark_client] Sending sample transaction 4
[2026-05-22T09:10:24.376Z INFO  benchmark_client] Sending sample transaction 5
[2026-05-22T09:10:24.427Z INFO  benchmark_client] Sending sample transaction 6
[2026-05-22T09:10:24.476Z INFO  benchmark_client] Sending sample transaction 7
[2026-05-22T09:10:24.527Z INFO  benchmark_client] Sending sample transaction 8
[2026-05-22T09:10:24.576Z INFO  benchmark_client] Sending sample transaction 9
[2026-05-22T09:10:24.627Z INFO  benchmark_client] Sending sample transaction 10
[2026-05-22T09:10:24.677Z INFO  benchmark_client] Sending sample transaction 11
[2026-05-22T09:10:24.727Z INFO  benchmark_client] Sending sample transaction 12
[2026-05-22T09:10:24.777Z INFO  benchmark_client] Sending sample transaction 13
[2026-05-22T09:10:24.826Z INFO  benchmark_client] Sending sample transaction 14
[2026-05-22T09:10:24.877Z INFO  benchmark_client] Sending sample transaction 15
[2026-05-22T09:10:24.926Z INFO  benchmark_client] Sending sample transaction 16
[2026-05-22T09:10:24.977Z INFO  benchmark_client] Sending sample transaction 17
[2026-05-22T09:10:25.027Z INFO  benchmark_client] Sending sample transaction 18
[2026-05-22T09:10:25.077Z INFO  benchmark_client] Sending sample transaction 19
[2026-05-22T09:10:25.127Z INFO  benchmark_client] Sending sample transaction 20
[2026-05-22T09:10:25.177Z INFO  benchmark_client] Sending sample transaction 21
[2026-05-22T09:10:25.227Z INFO  benchmark_client] Sending sample transaction 22
[2026-05-22T09:10:25.276Z INFO  benchmark_client] Sending sample transaction 23
[2026-05-22T09:10:25.327Z INFO  benchmark_client] Sending sample transaction 24
[2026-05-22T09:10:25.377Z INFO  benchmark_client] Sending sample transaction 25
[2026-05-22T09:10:25.427Z INFO  benchmark_client] Sending sample transaction 26
[2026-05-22T09:10:25.476Z INFO  benchmark_client] Sending sample transaction 27
[2026-05-22T09:10:25.527Z INFO  benchmark_client] Sending sample transaction 28
[2026-05-22T09:10:25.576Z INFO  benchmark_client] Sending sample transaction 29
[2026-05-22T09:10:25.627Z INFO  benchmark_client] Sending sample transaction 30
[2026-05-22T09:10:25.677Z INFO  benchmark_client] Sending sample transaction 31
[2026-05-22T09:10:25.727Z INFO  benchmark_client] Sending sample transaction 32
[2026-05-22T09:10:25.777Z INFO  benchmark_client] Sending sample transaction 33
[2026-05-22T09:10:25.826Z INFO  benchmark_client] Sending sample transaction 34
[2026-05-22T09:10:25.877Z INFO  benchmark_client] Sending sample transaction 35
[2026-05-22T09:10:25.926Z INFO  benchmark_client] Sending sample transaction 36
[2026-05-22T09:10:25.977Z INFO  benchmark_client] Sending sample transaction 37
[2026-05-22T09:10:26.027Z INFO  benchmark_client] Sending sample transaction 38
[2026-05-22T09:10:26.077Z INFO  benchmark_client] Sending sample transaction 39
[2026-05-22T09:10:26.127Z INFO  benchmark_client] Sending sample transaction 40
[2026-05-22T09:10:26.177Z INFO  benchmark_client] Sending sample transaction 41
[2026-05-22T09:10:26.227Z INFO  benchmark_client] Sending sample transaction 42
[2026-05-22T09:10:26.277Z INFO  benchmark_client] Sending sample transaction 43
[2026-05-22T09:10:26.327Z INFO  benchmark_client] Sending sample transaction 44
[2026-05-22T09:10:26.377Z INFO  benchmark_client] Sending sample transaction 45
[2026-05-22T09:10:26.427Z INFO  benchmark_client] Sending sample transaction 46
[2026-05-22T09:10:26.476Z INFO  benchmark_client] Sending sample transaction 47
[2026-05-22T09:10:26.527Z INFO  benchmark_client] Sending sample transaction 48
[2026-05-22T09:10:26.577Z INFO  benchmark_client] Sending sample transaction 49
[2026-05-22T09:10:26.627Z INFO  benchmark_client] Sending sample transaction 50
[2026-05-22T09:10:26.677Z INFO  benchmark_client] Sending sample transaction 51
[2026-05-22T09:10:26.727Z INFO  benchmark_client] Sending sample transaction 52
[2026-05-22T09:10:26.776Z INFO  benchmark_client] Sending sample transaction 53
[2026-05-22T09:10:26.827Z INFO  benchmark_client] Sending sample transaction 54
[2026-05-22T09:10:26.877Z INFO  benchmark_client] Sending sample transaction 55
[2026-05-22T09:10:26.927Z INFO  benchmark_client] Sending sample transaction 56
[2026-05-22T09:10:26.976Z INFO  benchmark_client] Sending sample transaction 57
[2026-05-22T09:10:27.027Z INFO  benchmark_client] Sending sample transaction 58
[2026-05-22T09:10:27.077Z INFO  benchmark_client] Sending sample transaction 59
[2026-05-22T09:10:27.127Z INFO  benchmark_client] Sending sample transaction 60
[2026-05-22T09:10:27.177Z INFO  benchmark_client] Sending sample transaction 61
[2026-05-22T09:10:27.227Z INFO  benchmark_client] Sending sample transaction 62
[2026-05-22T09:10:27.277Z INFO  benchmark_client] Sending sample transaction 63
[2026-05-22T09:10:27.326Z INFO  benchmark_client] Sending sample transaction 64
[2026-05-22T09:10:27.377Z INFO  benchmark_client] Sending sample transaction 65
[2026-05-22T09:10:27.426Z INFO  benchmark_client] Sending sample transaction 66
[2026-05-22T09:10:27.477Z INFO  benchmark_client] Sending sample transaction 67
[2026-05-22T09:10:27.527Z INFO  benchmark_client] Sending sample transaction 68
[2026-05-22T09:10:27.577Z INFO  benchmark_client] Sending sample transaction 69
[2026-05-22T09:10:27.627Z INFO  benchmark_client] Sending sample transaction 70
[2026-05-22T09:10:27.677Z INFO  benchmark_client] Sending sample transaction 71
[2026-05-22T09:10:27.727Z INFO  benchmark_client] Sending sample transaction 72
[2026-05-22T09:10:27.777Z INFO  benchmark_client] Sending sample transaction 73
[2026-05-22T09:10:27.827Z INFO  benchmark_client] Sending sample transaction 74
[2026-05-22T09:10:27.877Z INFO  benchmark_client] Sending sample transaction 75
[2026-05-22T09:10:27.927Z INFO  benchmark_client] Sending sample transaction 76
[2026-05-22T09:10:27.976Z INFO  benchmark_client] Sending sample transaction 77
[2026-05-22T09:10:28.027Z INFO  benchmark_client] Sending sample transaction 78
[2026-05-22T09:10:28.077Z INFO  benchmark_client] Sending sample transaction 79
[2026-05-22T09:10:28.126Z INFO  benchmark_client] Sending sample transaction 80
[2026-05-22T09:10:28.177Z INFO  benchmark_client] Sending sample transaction 81
[2026-05-22T09:10:28.226Z INFO  benchmark_client] Sending sample transaction 82
[2026-05-22T09:10:28.277Z INFO  benchmark_client] Sending sample transaction 83
[2026-05-22T09:10:28.327Z INFO  benchmark_client] Sending sample transaction 84
[2026-05-22T09:10:28.377Z INFO  benchmark_client] Sending sample transaction 85
[2026-05-22T09:10:28.427Z INFO  benchmark_client] Sending sample transaction 86
[2026-05-22T09:10:28.478Z INFO  benchmark_client] Sending sample transaction 87
[2026-05-22T09:10:28.527Z INFO  benchmark_client] Sending sample transaction 88
[2026-05-22T09:10:28.577Z INFO  benchmark_client] Sending sample transaction 89
[2026-05-22T09:10:28.627Z INFO  benchmark_client] Sending sample transaction 90
[2026-05-22T09:10:28.677Z INFO  benchmark_client] Sending sample transaction 91
[2026-05-22T09:10:28.727Z INFO  benchmark_client] Sending sample transaction 92
[2026-05-22T09:10:28.777Z INFO  benchmark_client] Sending sample transaction 93
[2026-05-22T09:10:28.827Z INFO  benchmark_client] Sending sample transaction 94
[2026-05-22T09:10:28.876Z INFO  benchmark_client] Sending sample transaction 95
[2026-05-22T09:10:28.927Z INFO  benchmark_client] Sending sample transaction 96
[2026-05-22T09:10:28.977Z INFO  benchmark_client] Sending sample transaction 97
[2026-05-22T09:10:29.026Z INFO  benchmark_client] Sending sample transaction 98
[2026-05-22T09:10:29.077Z INFO  benchmark_client] Sending sample transaction 99
[2026-05-22T09:10:29.127Z INFO  benchmark_client] Sending sample transaction 100
[2026-05-22T09:10:29.176Z INFO  benchmark_client] Sending sample transaction 101
[2026-05-22T09:10:29.227Z INFO  benchmark_client] Sending sample transaction 102
[2026-05-22T09:10:29.277Z INFO  benchmark_client] Sending sample transaction 103
[2026-05-22T09:10:29.327Z INFO  benchmark_client] Sending sample transaction 104
[2026-05-22T09:10:29.377Z INFO  benchmark_client] Sending sample transaction 105
[2026-05-22T09:10:29.427Z INFO  benchmark_client] Sending sample transaction 106
[2026-05-22T09:10:29.477Z INFO  benchmark_client] Sending sample transaction 107
[2026-05-22T09:10:29.527Z INFO  benchmark_client] Sending sample transaction 108
[2026-05-22T09:10:29.577Z INFO  benchmark_client] Sending sample transaction 109
[2026-05-22T09:10:29.627Z INFO  benchmark_client] Sending sample transaction 110
[2026-05-22T09:10:29.678Z INFO  benchmark_client] Sending sample transaction 111
[2026-05-22T09:10:29.727Z INFO  benchmark_client] Sending sample transaction 112
[2026-05-22T09:10:29.777Z INFO  benchmark_client] Sending sample transaction 113
[2026-05-22T09:10:29.826Z INFO  benchmark_client] Sending sample transaction 114
[2026-05-22T09:10:29.877Z INFO  benchmark_client] Sending sample transaction 115
[2026-05-22T09:10:29.927Z INFO  benchmark_client] Sending sample transaction 116
[2026-05-22T09:10:29.977Z INFO  benchmark_client] Sending sample transaction 117
[2026-05-22T09:10:30.027Z INFO  benchmark_client] Sending sample transaction 118
[2026-05-22T09:10:30.077Z INFO  benchmark_client] Sending sample transaction 119
[2026-05-22T09:10:30.127Z INFO  benchmark_client] Sending sample transaction 120
[2026-05-22T09:10:30.177Z INFO  benchmark_client] Sending sample transaction 121
[2026-05-22T09:10:30.227Z INFO  benchmark_client] Sending sample transaction 122
[2026-05-22T09:10:30.276Z INFO  benchmark_client] Sending sample transaction 123
[2026-05-22T09:10:30.327Z INFO  benchmark_client] Sending sample transaction 124
[2026-05-22T09:10:30.377Z INFO  benchmark_client] Sending sample transaction 125
[2026-05-22T09:10:30.427Z INFO  benchmark_client] Sending sample transaction 126
[2026-05-22T09:10:30.477Z INFO  benchmark_client] Sending sample transaction 127
[2026-05-22T09:10:30.527Z INFO  benchmark_client] Sending sample transaction 128
[2026-05-22T09:10:30.577Z INFO  benchmark_client] Sending sample transaction 129
[2026-05-22T09:10:30.627Z INFO  benchmark_client] Sending sample transaction 130
[2026-05-22T09:10:30.677Z INFO  benchmark_client] Sending sample transaction 131
[2026-05-22T09:10:30.727Z INFO  benchmark_client] Sending sample transaction 132
[2026-05-22T09:10:30.776Z INFO  benchmark_client] Sending sample transaction 133
[2026-05-22T09:10:30.827Z INFO  benchmark_client] Sending sample transaction 134
[2026-05-22T09:10:30.877Z INFO  benchmark_client] Sending sample transaction 135
[2026-05-22T09:10:30.927Z INFO  benchmark_client] Sending sample transaction 136
[2026-05-22T09:10:30.977Z INFO  benchmark_client] Sending sample transaction 137
[2026-05-22T09:10:31.026Z INFO  benchmark_client] Sending sample transaction 138
[2026-05-22T09:10:31.077Z INFO  benchmark_client] Sending sample transaction 139
[2026-05-22T09:10:31.127Z INFO  benchmark_client] Sending sample transaction 140
[2026-05-22T09:10:31.177Z INFO  benchmark_client] Sending sample transaction 141
[2026-05-22T09:10:31.227Z INFO  benchmark_client] Sending sample transaction 142
[2026-05-22T09:10:31.277Z INFO  benchmark_client] Sending sample transaction 143
[2026-05-22T09:10:31.327Z INFO  benchmark_client] Sending sample transaction 144
[2026-05-22T09:10:31.377Z INFO  benchmark_client] Sending sample transaction 145
[2026-05-22T09:10:31.427Z INFO  benchmark_client] Sending sample transaction 146
[2026-05-22T09:10:31.477Z INFO  benchmark_client] Sending sample transaction 147
[2026-05-22T09:10:31.527Z INFO  benchmark_client] Sending sample transaction 148
[2026-05-22T09:10:31.577Z INFO  benchmark_client] Sending sample transaction 149
[2026-05-22T09:10:31.627Z INFO  benchmark_client] Sending sample transaction 150
[2026-05-22T09:10:31.677Z INFO  benchmark_client] Sending sample transaction 151
[2026-05-22T09:10:31.727Z INFO  benchmark_client] Sending sample transaction 152
[2026-05-22T09:10:31.777Z INFO  benchmark_client] Sending sample transaction 153
[2026-05-22T09:10:31.827Z INFO  benchmark_client] Sending sample transaction 154
[2026-05-22T09:10:31.877Z INFO  benchmark_client] Sending sample transaction 155
[2026-05-22T09:10:31.926Z INFO  benchmark_client] Sending sample transaction 156
[2026-05-22T09:10:31.977Z INFO  benchmark_client] Sending sample transaction 157
[2026-05-22T09:10:32.027Z INFO  benchmark_client] Sending sample transaction 158
[2026-05-22T09:10:32.077Z INFO  benchmark_client] Sending sample transaction 159
[2026-05-22T09:10:32.127Z INFO  benchmark_client] Sending sample transaction 160
[2026-05-22T09:10:32.176Z INFO  benchmark_client] Sending sample transaction 161
[2026-05-22T09:10:32.227Z INFO  benchmark_client] Sending sample transaction 162
[2026-05-22T09:10:32.277Z INFO  benchmark_client] Sending sample transaction 163
[2026-05-22T09:10:32.327Z INFO  benchmark_client] Sending sample transaction 164
[2026-05-22T09:10:32.377Z INFO  benchmark_client] Sending sample transaction 165
[2026-05-22T09:10:32.427Z INFO  benchmark_client] Sending sample transaction 166
[2026-05-22T09:10:32.477Z INFO  benchmark_client] Sending sample transaction 167
[2026-05-22T09:10:32.527Z INFO  benchmark_client] Sending sample transaction 168
[2026-05-22T09:10:32.577Z INFO  benchmark_client] Sending sample transaction 169
[2026-05-22T09:10:32.626Z INFO  benchmark_client] Sending sample transaction 170
[2026-05-22T09:10:32.677Z INFO  benchmark_client] Sending sample transaction 171
[2026-05-22T09:10:32.726Z INFO  benchmark_client] Sending sample transaction 172
[2026-05-22T09:10:32.777Z INFO  benchmark_client] Sending sample transaction 173
[2026-05-22T09:10:32.826Z INFO  benchmark_client] Sending sample transaction 174
[2026-05-22T09:10:32.877Z INFO  benchmark_client] Sending sample transaction 175
[2026-05-22T09:10:32.927Z INFO  benchmark_client] Sending sample transaction 176
[2026-05-22T09:10:32.977Z INFO  benchmark_client] Sending sample transaction 177
[2026-05-22T09:10:33.027Z INFO  benchmark_client] Sending sample transaction 178
[2026-05-22T09:10:33.076Z INFO  benchmark_client] Sending sample transaction 179
[2026-05-22T09:10:33.127Z INFO  benchmark_client] Sending sample transaction 180
[2026-05-22T09:10:33.176Z INFO  benchmark_client] Sending sample transaction 181
[2026-05-22T09:10:33.227Z INFO  benchmark_client] Sending sample transaction 182
[2026-05-22T09:10:33.277Z INFO  benchmark_client] Sending sample transaction 183
[2026-05-22T09:10:33.326Z INFO  benchmark_client] Sending sample transaction 184
[2026-05-22T09:10:33.377Z INFO  benchmark_client] Sending sample transaction 185
[2026-05-22T09:10:33.426Z INFO  benchmark_client] Sending sample transaction 186
[2026-05-22T09:10:33.477Z INFO  benchmark_client] Sending sample transaction 187
[2026-05-22T09:10:33.527Z INFO  benchmark_client] Sending sample transaction 188
[2026-05-22T09:10:33.577Z INFO  benchmark_client] Sending sample transaction 189
[2026-05-22T09:10:33.627Z INFO  benchmark_client] Sending sample transaction 190
[2026-05-22T09:10:33.676Z INFO  benchmark_client] Sending sample transaction 191
[2026-05-22T09:10:33.727Z INFO  benchmark_client] Sending sample transaction 192
[2026-05-22T09:10:33.777Z INFO  benchmark_client] Sending sample transaction 193
[2026-05-22T09:10:33.826Z INFO  benchmark_client] Sending sample transaction 194
[2026-05-22T09:10:33.877Z INFO  benchmark_client] Sending sample transaction 195
[2026-05-22T09:10:33.927Z INFO  benchmark_client] Sending sample transaction 196
[2026-05-22T09:10:33.976Z INFO  benchmark_client] Sending sample transaction 197
[2026-05-22T09:10:34.027Z INFO  benchmark_client] Sending sample transaction 198
[2026-05-22T09:10:34.076Z INFO  benchmark_client] Sending sample transaction 199
[2026-05-22T09:10:34.127Z INFO  benchmark_client] Sending sample transaction 200
[2026-05-22T09:10:34.177Z INFO  benchmark_client] Sending sample transaction 201
[2026-05-22T09:10:34.226Z INFO  benchmark_client] Sending sample transaction 202
[2026-05-22T09:10:34.277Z INFO  benchmark_client] Sending sample transaction 203
[2026-05-22T09:10:34.327Z INFO  benchmark_client] Sending sample transaction 204
[2026-05-22T09:10:34.377Z INFO  benchmark_client] Sending sample transaction 205
[2026-05-22T09:10:34.427Z INFO  benchmark_client] Sending sample transaction 206
[2026-05-22T09:10:34.476Z INFO  benchmark_client] Sending sample transaction 207
[2026-05-22T09:10:34.527Z INFO  benchmark_client] Sending sample transaction 208
[2026-05-22T09:10:34.577Z INFO  benchmark_client] Sending sample transaction 209
[2026-05-22T09:10:34.627Z INFO  benchmark_client] Sending sample transaction 210
[2026-05-22T09:10:34.677Z INFO  benchmark_client] Sending sample transaction 211
[2026-05-22T09:10:34.726Z INFO  benchmark_client] Sending sample transaction 212
[2026-05-22T09:10:34.777Z INFO  benchmark_client] Sending sample transaction 213
[2026-05-22T09:10:34.826Z INFO  benchmark_client] Sending sample transaction 214
[2026-05-22T09:10:34.877Z INFO  benchmark_client] Sending sample transaction 215
[2026-05-22T09:10:34.926Z INFO  benchmark_client] Sending sample transaction 216
[2026-05-22T09:10:34.977Z INFO  benchmark_client] Sending sample transaction 217
[2026-05-22T09:10:35.027Z INFO  benchmark_client] Sending sample transaction 218
[2026-05-22T09:10:35.077Z INFO  benchmark_client] Sending sample transaction 219
[2026-05-22T09:10:35.127Z INFO  benchmark_client] Sending sample transaction 220
[2026-05-22T09:10:35.177Z INFO  benchmark_client] Sending sample transaction 221
[2026-05-22T09:10:35.226Z INFO  benchmark_client] Sending sample transaction 222
[2026-05-22T09:10:35.277Z INFO  benchmark_client] Sending sample transaction 223
[2026-05-22T09:10:35.327Z INFO  benchmark_client] Sending sample transaction 224
[2026-05-22T09:10:35.376Z INFO  benchmark_client] Sending sample transaction 225
[2026-05-22T09:10:35.427Z INFO  benchmark_client] Sending sample transaction 226
[2026-05-22T09:10:35.476Z INFO  benchmark_client] Sending sample transaction 227
[2026-05-22T09:10:35.527Z INFO  benchmark_client] Sending sample transaction 228
[2026-05-22T09:10:35.577Z INFO  benchmark_client] Sending sample transaction 229
[2026-05-22T09:10:35.626Z INFO  benchmark_client] Sending sample transaction 230
[2026-05-22T09:10:35.677Z INFO  benchmark_client] Sending sample transaction 231
[2026-05-22T09:10:35.727Z INFO  benchmark_client] Sending sample transaction 232
[2026-05-22T09:10:35.777Z INFO  benchmark_client] Sending sample transaction 233
[2026-05-22T09:10:35.827Z INFO  benchmark_client] Sending sample transaction 234
[2026-05-22T09:10:35.876Z INFO  benchmark_client] Sending sample transaction 235
[2026-05-22T09:10:35.927Z INFO  benchmark_client] Sending sample transaction 236
[2026-05-22T09:10:35.977Z INFO  benchmark_client] Sending sample transaction 237
[2026-05-22T09:10:36.027Z INFO  benchmark_client] Sending sample transaction 238
[2026-05-22T09:10:36.077Z INFO  benchmark_client] Sending sample transaction 239
[2026-05-22T09:10:36.127Z INFO  benchmark_client] Sending sample transaction 240
[2026-05-22T09:10:36.177Z INFO  benchmark_client] Sending sample transaction 241
[2026-05-22T09:10:36.227Z INFO  benchmark_client] Sending sample transaction 242
[2026-05-22T09:10:36.277Z INFO  benchmark_client] Sending sample transaction 243
[2026-05-22T09:10:36.327Z INFO  benchmark_client] Sending sample transaction 244
[2026-05-22T09:10:36.377Z INFO  benchmark_client] Sending sample transaction 245
[2026-05-22T09:10:36.427Z INFO  benchmark_client] Sending sample transaction 246
[2026-05-22T09:10:36.476Z INFO  benchmark_client] Sending sample transaction 247
[2026-05-22T09:10:36.527Z INFO  benchmark_client] Sending sample transaction 248
[2026-05-22T09:10:36.577Z INFO  benchmark_client] Sending sample transaction 249
[2026-05-22T09:10:36.627Z INFO  benchmark_client] Sending sample transaction 250
[2026-05-22T09:10:36.677Z INFO  benchmark_client] Sending sample transaction 251
[2026-05-22T09:10:36.727Z INFO  benchmark_client] Sending sample transaction 252
[2026-05-22T09:10:36.777Z INFO  benchmark_client] Sending sample transaction 253
[2026-05-22T09:10:36.827Z INFO  benchmark_client] Sending sample transaction 254
[2026-05-22T09:10:36.877Z INFO  benchmark_client] Sending sample transaction 255
[2026-05-22T09:10:36.927Z INFO  benchmark_client] Sending sample transaction 256
[2026-05-22T09:10:36.977Z INFO  benchmark_client] Sending sample transaction 257
[2026-05-22T09:10:37.027Z INFO  benchmark_client] Sending sample transaction 258
[2026-05-22T09:10:37.077Z INFO  benchmark_client] Sending sample transaction 259
[2026-05-22T09:10:37.126Z INFO  benchmark_client] Sending sample transaction 260
[2026-05-22T09:10:37.177Z INFO  benchmark_client] Sending sample transaction 261
[2026-05-22T09:10:37.227Z INFO  benchmark_client] Sending sample transaction 262
[2026-05-22T09:10:37.277Z INFO  benchmark_client] Sending sample transaction 263
[2026-05-22T09:10:37.327Z INFO  benchmark_client] Sending sample transaction 264
[2026-05-22T09:10:37.377Z INFO  benchmark_client] Sending sample transaction 265
[2026-05-22T09:10:37.427Z INFO  benchmark_client] Sending sample transaction 266
[2026-05-22T09:10:37.477Z INFO  benchmark_client] Sending sample transaction 267
[2026-05-22T09:10:37.527Z INFO  benchmark_client] Sending sample transaction 268
[2026-05-22T09:10:37.577Z INFO  benchmark_client] Sending sample transaction 269
[2026-05-22T09:10:37.627Z INFO  benchmark_client] Sending sample transaction 270
[2026-05-22T09:10:37.677Z INFO  benchmark_client] Sending sample transaction 271
[2026-05-22T09:10:37.727Z INFO  benchmark_client] Sending sample transaction 272
[2026-05-22T09:10:37.777Z INFO  benchmark_client] Sending sample transaction 273
[2026-05-22T09:10:37.827Z INFO  benchmark_client] Sending sample transaction 274
[2026-05-22T09:10:37.877Z INFO  benchmark_client] Sending sample transaction 275
[2026-05-22T09:10:37.927Z INFO  benchmark_client] Sending sample transaction 276
[2026-05-22T09:10:37.977Z INFO  benchmark_client] Sending sample transaction 277
[2026-05-22T09:10:38.027Z INFO  benchmark_client] Sending sample transaction 278
[2026-05-22T09:10:38.077Z INFO  benchmark_client] Sending sample transaction 279
[2026-05-22T09:10:38.127Z INFO  benchmark_client] Sending sample transaction 280
[2026-05-22T09:10:38.177Z INFO  benchmark_client] Sending sample transaction 281
[2026-05-22T09:10:38.226Z INFO  benchmark_client] Sending sample transaction 282
[2026-05-22T09:10:38.277Z INFO  benchmark_client] Sending sample transaction 283
[2026-05-22T09:10:38.327Z INFO  benchmark_client] Sending sample transaction 284
[2026-05-22T09:10:38.377Z INFO  benchmark_client] Sending sample transaction 285
[2026-05-22T09:10:38.427Z INFO  benchmark_client] Sending sample transaction 286
[2026-05-22T09:10:38.477Z INFO  benchmark_client] Sending sample transaction 287
[2026-05-22T09:10:38.526Z INFO  benchmark_client] Sending sample transaction 288
[2026-05-22T09:10:38.577Z INFO  benchmark_client] Sending sample transaction 289
[2026-05-22T09:10:38.627Z INFO  benchmark_client] Sending sample transaction 290
[2026-05-22T09:10:38.677Z INFO  benchmark_client] Sending sample transaction 291
[2026-05-22T09:10:38.727Z INFO  benchmark_client] Sending sample transaction 292
[2026-05-22T09:10:38.776Z INFO  benchmark_client] Sending sample transaction 293
[2026-05-22T09:10:38.827Z INFO  benchmark_client] Sending sample transaction 294
[2026-05-22T09:10:38.877Z INFO  benchmark_client] Sending sample transaction 295
[2026-05-22T09:10:38.927Z INFO  benchmark_client] Sending sample transaction 296
[2026-05-22T09:10:38.977Z INFO  benchmark_client] Sending sample transaction 297
[2026-05-22T09:10:39.027Z INFO  benchmark_client] Sending sample transaction 298
[2026-05-22T09:10:39.077Z INFO  benchmark_client] Sending sample transaction 299
[2026-05-22T09:10:39.126Z INFO  benchmark_client] Sending sample transaction 300
[2026-05-22T09:10:39.177Z INFO  benchmark_client] Sending sample transaction 301
[2026-05-22T09:10:39.227Z INFO  benchmark_client] Sending sample transaction 302
[2026-05-22T09:10:39.277Z INFO  benchmark_client] Sending sample transaction 303
[2026-05-22T09:10:39.327Z INFO  benchmark_client] Sending sample transaction 304
[2026-05-22T09:10:39.376Z INFO  benchmark_client] Sending sample transaction 305
[2026-05-22T09:10:39.427Z INFO  benchmark_client] Sending sample transaction 306
[2026-05-22T09:10:39.477Z INFO  benchmark_client] Sending sample transaction 307
[2026-05-22T09:10:39.527Z INFO  benchmark_client] Sending sample transaction 308
[2026-05-22T09:10:39.577Z INFO  benchmark_client] Sending sample transaction 309
[2026-05-22T09:10:39.627Z INFO  benchmark_client] Sending sample transaction 310
[2026-05-22T09:10:39.677Z INFO  benchmark_client] Sending sample transaction 311
[2026-05-22T09:10:39.727Z INFO  benchmark_client] Sending sample transaction 312
[2026-05-22T09:10:39.776Z INFO  benchmark_client] Sending sample transaction 313
[2026-05-22T09:10:39.827Z INFO  benchmark_client] Sending sample transaction 314
[2026-05-22T09:10:39.877Z INFO  benchmark_client] Sending sample transaction 315
[2026-05-22T09:10:39.927Z INFO  benchmark_client] Sending sample transaction 316
[2026-05-22T09:10:39.977Z INFO  benchmark_client] Sending sample transaction 317
[2026-05-22T09:10:40.027Z INFO  benchmark_client] Sending sample transaction 318
[2026-05-22T09:10:40.077Z INFO  benchmark_client] Sending sample transaction 319
[2026-05-22T09:10:40.127Z INFO  benchmark_client] Sending sample transaction 320
[2026-05-22T09:10:40.177Z INFO  benchmark_client] Sending sample transaction 321
[2026-05-22T09:10:40.227Z INFO  benchmark_client] Sending sample transaction 322
[2026-05-22T09:10:40.277Z INFO  benchmark_client] Sending sample transaction 323
[2026-05-22T09:10:40.327Z INFO  benchmark_client] Sending sample transaction 324
[2026-05-22T09:10:40.377Z INFO  benchmark_client] Sending sample transaction 325
[2026-05-22T09:10:40.427Z INFO  benchmark_client] Sending sample transaction 326
[2026-05-22T09:10:40.477Z INFO  benchmark_client] Sending sample transaction 327
[2026-05-22T09:10:40.527Z INFO  benchmark_client] Sending sample transaction 328
[2026-05-22T09:10:40.577Z INFO  benchmark_client] Sending sample transaction 329
[2026-05-22T09:10:40.627Z INFO  benchmark_client] Sending sample transaction 330
[2026-05-22T09:10:40.677Z INFO  benchmark_client] Sending sample transaction 331
[2026-05-22T09:10:40.727Z INFO  benchmark_client] Sending sample transaction 332
[2026-05-22T09:10:40.776Z INFO  benchmark_client] Sending sample transaction 333
[2026-05-22T09:10:40.827Z INFO  benchmark_client] Sending sample transaction 334
[2026-05-22T09:10:40.877Z INFO  benchmark_client] Sending sample transaction 335
[2026-05-22T09:10:40.927Z INFO  benchmark_client] Sending sample transaction 336
[2026-05-22T09:10:40.977Z INFO  benchmark_client] Sending sample transaction 337
[2026-05-22T09:10:41.026Z INFO  benchmark_client] Sending sample transaction 338
[2026-05-22T09:10:41.077Z INFO  benchmark_client] Sending sample transaction 339
[2026-05-22T09:10:41.127Z INFO  benchmark_client] Sending sample transaction 340
[2026-05-22T09:10:41.177Z INFO  benchmark_client] Sending sample transaction 341
[2026-05-22T09:10:41.227Z INFO  benchmark_client] Sending sample transaction 342
[2026-05-22T09:10:41.276Z INFO  benchmark_client] Sending sample transaction 343
[2026-05-22T09:10:41.327Z INFO  benchmark_client] Sending sample transaction 344
[2026-05-22T09:10:41.377Z INFO  benchmark_client] Sending sample transaction 345
[2026-05-22T09:10:41.427Z INFO  benchmark_client] Sending sample transaction 346
[2026-05-22T09:10:41.477Z INFO  benchmark_client] Sending sample transaction 347
[2026-05-22T09:10:41.526Z INFO  benchmark_client] Sending sample transaction 348
[2026-05-22T09:10:41.577Z INFO  benchmark_client] Sending sample transaction 349
[2026-05-22T09:10:41.627Z INFO  benchmark_client] Sending sample transaction 350
[2026-05-22T09:10:41.677Z INFO  benchmark_client] Sending sample transaction 351
[2026-05-22T09:10:41.727Z INFO  benchmark_client] Sending sample transaction 352
[2026-05-22T09:10:41.777Z INFO  benchmark_client] Sending sample transaction 353
[2026-05-22T09:10:41.827Z INFO  benchmark_client] Sending sample transaction 354
[2026-05-22T09:10:41.877Z INFO  benchmark_client] Sending sample transaction 355
[2026-05-22T09:10:41.926Z INFO  benchmark_client] Sending sample transaction 356
[2026-05-22T09:10:41.977Z INFO  benchmark_client] Sending sample transaction 357
[2026-05-22T09:10:42.027Z INFO  benchmark_client] Sending sample transaction 358
[2026-05-22T09:10:42.077Z INFO  benchmark_client] Sending sample transaction 359
[2026-05-22T09:10:42.127Z INFO  benchmark_client] Sending sample transaction 360
[2026-05-22T09:10:42.176Z INFO  benchmark_client] Sending sample transaction 361
[2026-05-22T09:10:42.227Z INFO  benchmark_client] Sending sample transaction 362
[2026-05-22T09:10:42.277Z INFO  benchmark_client] Sending sample transaction 363
[2026-05-22T09:10:42.327Z INFO  benchmark_client] Sending sample transaction 364
[2026-05-22T09:10:42.377Z INFO  benchmark_client] Sending sample transaction 365
[2026-05-22T09:10:42.427Z INFO  benchmark_client] Sending sample transaction 366
[2026-05-22T09:10:42.477Z INFO  benchmark_client] Sending sample transaction 367
[2026-05-22T09:10:42.526Z INFO  benchmark_client] Sending sample transaction 368
[2026-05-22T09:10:42.577Z INFO  benchmark_client] Sending sample transaction 369
[2026-05-22T09:10:42.629Z INFO  benchmark_client] Sending sample transaction 370
[2026-05-22T09:10:42.677Z INFO  benchmark_client] Sending sample transaction 371
[2026-05-22T09:10:42.726Z INFO  benchmark_client] Sending sample transaction 372
[2026-05-22T09:10:42.776Z INFO  benchmark_client] Sending sample transaction 373
[2026-05-22T09:10:42.827Z INFO  benchmark_client] Sending sample transaction 374
[2026-05-22T09:10:42.877Z INFO  benchmark_client] Sending sample transaction 375
[2026-05-22T09:10:42.927Z INFO  benchmark_client] Sending sample transaction 376
[2026-05-22T09:10:42.977Z INFO  benchmark_client] Sending sample transaction 377
[2026-05-22T09:10:43.027Z INFO  benchmark_client] Sending sample transaction 378
[2026-05-22T09:10:43.077Z INFO  benchmark_client] Sending sample transaction 379
[2026-05-22T09:10:43.127Z INFO  benchmark_client] Sending sample transaction 380
[2026-05-22T09:10:43.176Z INFO  benchmark_client] Sending sample transaction 381
[2026-05-22T09:10:43.227Z INFO  benchmark_client] Sending sample transaction 382
[2026-05-22T09:10:43.277Z INFO  benchmark_client] Sending sample transaction 383
[2026-05-22T09:10:43.326Z INFO  benchmark_client] Sending sample transaction 384
[2026-05-22T09:10:43.377Z INFO  benchmark_client] Sending sample transaction 385
[2026-05-22T09:10:43.426Z INFO  benchmark_client] Sending sample transaction 386
[2026-05-22T09:10:43.477Z INFO  benchmark_client] Sending sample transaction 387
[2026-05-22T09:10:43.527Z INFO  benchmark_client] Sending sample transaction 388
[2026-05-22T09:10:43.576Z INFO  benchmark_client] Sending sample transaction 389
[2026-05-22T09:10:43.627Z INFO  benchmark_client] Sending sample transaction 390
[2026-05-22T09:10:43.677Z INFO  benchmark_client] Sending sample transaction 391
[2026-05-22T09:10:43.727Z INFO  benchmark_client] Sending sample transaction 392
[2026-05-22T09:10:43.777Z INFO  benchmark_client] Sending sample transaction 393
[2026-05-22T09:10:43.826Z INFO  benchmark_client] Sending sample transaction 394
[2026-05-22T09:10:43.877Z INFO  benchmark_client] Sending sample transaction 395
[2026-05-22T09:10:43.927Z INFO  benchmark_client] Sending sample transaction 396
[2026-05-22T09:10:43.977Z INFO  benchmark_client] Sending sample transaction 397
[2026-05-22T09:10:44.027Z INFO  benchmark_client] Sending sample transaction 398
[2026-05-22T09:10:44.076Z INFO  benchmark_client] Sending sample transaction 399
[2026-05-22T09:10:44.127Z INFO  benchmark_client] Sending sample transaction 400
[2026-05-22T09:10:44.177Z INFO  benchmark_client] Sending sample transaction 401
[2026-05-22T09:10:44.227Z INFO  benchmark_client] Sending sample transaction 402
[2026-05-22T09:10:44.277Z INFO  benchmark_client] Sending sample transaction 403
[2026-05-22T09:10:44.326Z INFO  benchmark_client] Sending sample transaction 404
[2026-05-22T09:10:44.377Z INFO  benchmark_client] Sending sample transaction 405
[2026-05-22T09:10:44.427Z INFO  benchmark_client] Sending sample transaction 406
[2026-05-22T09:10:44.476Z INFO  benchmark_client] Sending sample transaction 407
[2026-05-22T09:10:44.527Z INFO  benchmark_client] Sending sample transaction 408
[2026-05-22T09:10:44.577Z INFO  benchmark_client] Sending sample transaction 409
[2026-05-22T09:10:44.627Z INFO  benchmark_client] Sending sample transaction 410
[2026-05-22T09:10:44.677Z INFO  benchmark_client] Sending sample transaction 411
[2026-05-22T09:10:44.727Z INFO  benchmark_client] Sending sample transaction 412
[2026-05-22T09:10:44.777Z INFO  benchmark_client] Sending sample transaction 413
[2026-05-22T09:10:44.827Z INFO  benchmark_client] Sending sample transaction 414
[2026-05-22T09:10:44.876Z INFO  benchmark_client] Sending sample transaction 415
[2026-05-22T09:10:44.927Z INFO  benchmark_client] Sending sample transaction 416
[2026-05-22T09:10:44.977Z INFO  benchmark_client] Sending sample transaction 417
[2026-05-22T09:10:45.027Z INFO  benchmark_client] Sending sample transaction 418
[2026-05-22T09:10:45.077Z INFO  benchmark_client] Sending sample transaction 419
[2026-05-22T09:10:45.126Z INFO  benchmark_client] Sending sample transaction 420
[2026-05-22T09:10:45.177Z INFO  benchmark_client] Sending sample transaction 421
[2026-05-22T09:10:45.227Z INFO  benchmark_client] Sending sample transaction 422
[2026-05-22T09:10:45.277Z INFO  benchmark_client] Sending sample transaction 423
[2026-05-22T09:10:45.327Z INFO  benchmark_client] Sending sample transaction 424
[2026-05-22T09:10:45.377Z INFO  benchmark_client] Sending sample transaction 425
[2026-05-22T09:10:45.427Z INFO  benchmark_client] Sending sample transaction 426
[2026-05-22T09:10:45.477Z INFO  benchmark_client] Sending sample transaction 427
[2026-05-22T09:10:45.527Z INFO  benchmark_client] Sending sample transaction 428
[2026-05-22T09:10:45.577Z INFO  benchmark_client] Sending sample transaction 429
[2026-05-22T09:10:45.627Z INFO  benchmark_client] Sending sample transaction 430
[2026-05-22T09:10:45.677Z INFO  benchmark_client] Sending sample transaction 431
[2026-05-22T09:10:45.727Z INFO  benchmark_client] Sending sample transaction 432
[2026-05-22T09:10:45.777Z INFO  benchmark_client] Sending sample transaction 433
[2026-05-22T09:10:45.827Z INFO  benchmark_client] Sending sample transaction 434
[2026-05-22T09:10:45.877Z INFO  benchmark_client] Sending sample transaction 435
[2026-05-22T09:10:45.927Z INFO  benchmark_client] Sending sample transaction 436
[2026-05-22T09:10:45.976Z INFO  benchmark_client] Sending sample transaction 437
[2026-05-22T09:10:46.027Z INFO  benchmark_client] Sending sample transaction 438
[2026-05-22T09:10:46.077Z INFO  benchmark_client] Sending sample transaction 439
[2026-05-22T09:10:46.127Z INFO  benchmark_client] Sending sample transaction 440
[2026-05-22T09:10:46.177Z INFO  benchmark_client] Sending sample transaction 441
[2026-05-22T09:10:46.227Z INFO  benchmark_client] Sending sample transaction 442
[2026-05-22T09:10:46.277Z INFO  benchmark_client] Sending sample transaction 443
[2026-05-22T09:10:46.327Z INFO  benchmark_client] Sending sample transaction 444
[2026-05-22T09:10:46.377Z INFO  benchmark_client] Sending sample transaction 445
[2026-05-22T09:10:46.427Z INFO  benchmark_client] Sending sample transaction 446
[2026-05-22T09:10:46.477Z INFO  benchmark_client] Sending sample transaction 447
[2026-05-22T09:10:46.527Z INFO  benchmark_client] Sending sample transaction 448
[2026-05-22T09:10:46.577Z INFO  benchmark_client] Sending sample transaction 449
[2026-05-22T09:10:46.627Z INFO  benchmark_client] Sending sample transaction 450
[2026-05-22T09:10:46.676Z INFO  benchmark_client] Sending sample transaction 451
[2026-05-22T09:10:46.727Z INFO  benchmark_client] Sending sample transaction 452
[2026-05-22T09:10:46.777Z INFO  benchmark_client] Sending sample transaction 453
[2026-05-22T09:10:46.827Z INFO  benchmark_client] Sending sample transaction 454
[2026-05-22T09:10:46.877Z INFO  benchmark_client] Sending sample transaction 455
[2026-05-22T09:10:46.927Z INFO  benchmark_client] Sending sample transaction 456
[2026-05-22T09:10:46.977Z INFO  benchmark_client] Sending sample transaction 457
[2026-05-22T09:10:47.027Z INFO  benchmark_client] Sending sample transaction 458
[2026-05-22T09:10:47.077Z INFO  benchmark_client] Sending sample transaction 459
[2026-05-22T09:10:47.127Z INFO  benchmark_client] Sending sample transaction 460
[2026-05-22T09:10:47.177Z INFO  benchmark_client] Sending sample transaction 461
[2026-05-22T09:10:47.227Z INFO  benchmark_client] Sending sample transaction 462
[2026-05-22T09:10:47.276Z INFO  benchmark_client] Sending sample transaction 463
[2026-05-22T09:10:47.327Z INFO  benchmark_client] Sending sample transaction 464
[2026-05-22T09:10:47.377Z INFO  benchmark_client] Sending sample transaction 465
[2026-05-22T09:10:47.426Z INFO  benchmark_client] Sending sample transaction 466
[2026-05-22T09:10:47.477Z INFO  benchmark_client] Sending sample transaction 467
[2026-05-22T09:10:47.527Z INFO  benchmark_client] Sending sample transaction 468
[2026-05-22T09:10:47.577Z INFO  benchmark_client] Sending sample transaction 469
[2026-05-22T09:10:47.627Z INFO  benchmark_client] Sending sample transaction 470
[2026-05-22T09:10:47.676Z INFO  benchmark_client] Sending sample transaction 471
[2026-05-22T09:10:47.727Z INFO  benchmark_client] Sending sample transaction 472
[2026-05-22T09:10:47.777Z INFO  benchmark_client] Sending sample transaction 473
[2026-05-22T09:10:47.827Z INFO  benchmark_client] Sending sample transaction 474
[2026-05-22T09:10:47.877Z INFO  benchmark_client] Sending sample transaction 475
[2026-05-22T09:10:47.927Z INFO  benchmark_client] Sending sample transaction 476
[2026-05-22T09:10:47.977Z INFO  benchmark_client] Sending sample transaction 477
[2026-05-22T09:10:48.027Z INFO  benchmark_client] Sending sample transaction 478
[2026-05-22T09:10:48.077Z INFO  benchmark_client] Sending sample transaction 479
[2026-05-22T09:10:48.127Z INFO  benchmark_client] Sending sample transaction 480
[2026-05-22T09:10:48.177Z INFO  benchmark_client] Sending sample transaction 481
[2026-05-22T09:10:48.227Z INFO  benchmark_client] Sending sample transaction 482
[2026-05-22T09:10:48.276Z INFO  benchmark_client] Sending sample transaction 483
[2026-05-22T09:10:48.327Z INFO  benchmark_client] Sending sample transaction 484
[2026-05-22T09:10:48.377Z INFO  benchmark_client] Sending sample transaction 485
[2026-05-22T09:10:48.427Z INFO  benchmark_client] Sending sample transaction 486
[2026-05-22T09:10:48.477Z INFO  benchmark_client] Sending sample transaction 487
[2026-05-22T09:10:48.527Z INFO  benchmark_client] Sending sample transaction 488
[2026-05-22T09:10:48.577Z INFO  benchmark_client] Sending sample transaction 489
[2026-05-22T09:10:48.627Z INFO  benchmark_client] Sending sample transaction 490
[2026-05-22T09:10:48.677Z INFO  benchmark_client] Sending sample transaction 491
[2026-05-22T09:10:48.727Z INFO  benchmark_client] Sending sample transaction 492
[2026-05-22T09:10:48.777Z INFO  benchmark_client] Sending sample transaction 493
[2026-05-22T09:10:48.827Z INFO  benchmark_client] Sending sample transaction 494
[2026-05-22T09:10:48.877Z INFO  benchmark_client] Sending sample transaction 495
[2026-05-22T09:10:48.927Z INFO  benchmark_client] Sending sample transaction 496
[2026-05-22T09:10:48.977Z INFO  benchmark_client] Sending sample transaction 497
[2026-05-22T09:10:49.027Z INFO  benchmark_client] Sending sample transaction 498
[2026-05-22T09:10:49.077Z INFO  benchmark_client] Sending sample transaction 499
[2026-05-22T09:10:49.127Z INFO  benchmark_client] Sending sample transaction 500
[2026-05-22T09:10:49.177Z INFO  benchmark_client] Sending sample transaction 501
[2026-05-22T09:10:49.227Z INFO  benchmark_client] Sending sample transaction 502
[2026-05-22T09:10:49.277Z INFO  benchmark_client] Sending sample transaction 503
[2026-05-22T09:10:49.326Z INFO  benchmark_client] Sending sample transaction 504
[2026-05-22T09:10:49.377Z INFO  benchmark_client] Sending sample transaction 505
[2026-05-22T09:10:49.427Z INFO  benchmark_client] Sending sample transaction 506
[2026-05-22T09:10:49.477Z INFO  benchmark_client] Sending sample transaction 507
[2026-05-22T09:10:49.527Z INFO  benchmark_client] Sending sample transaction 508
[2026-05-22T09:10:49.576Z INFO  benchmark_client] Sending sample transaction 509
[2026-05-22T09:10:49.627Z INFO  benchmark_client] Sending sample transaction 510
[2026-05-22T09:10:49.676Z INFO  benchmark_client] Sending sample transaction 511
[2026-05-22T09:10:49.727Z INFO  benchmark_client] Sending sample transaction 512
[2026-05-22T09:10:49.776Z INFO  benchmark_client] Sending sample transaction 513
[2026-05-22T09:10:49.827Z INFO  benchmark_client] Sending sample transaction 514
[2026-05-22T09:10:49.877Z INFO  benchmark_client] Sending sample transaction 515
[2026-05-22T09:10:49.926Z INFO  benchmark_client] Sending sample transaction 516
[2026-05-22T09:10:49.977Z INFO  benchmark_client] Sending sample transaction 517
[2026-05-22T09:10:50.026Z INFO  benchmark_client] Sending sample transaction 518
[2026-05-22T09:10:50.077Z INFO  benchmark_client] Sending sample transaction 519
[2026-05-22T09:10:50.127Z INFO  benchmark_client] Sending sample transaction 520
[2026-05-22T09:10:50.178Z INFO  benchmark_client] Sending sample transaction 521
[2026-05-22T09:10:50.226Z INFO  benchmark_client] Sending sample transaction 522
[2026-05-22T09:10:50.277Z INFO  benchmark_client] Sending sample transaction 523
[2026-05-22T09:10:50.326Z INFO  benchmark_client] Sending sample transaction 524
[2026-05-22T09:10:50.377Z INFO  benchmark_client] Sending sample transaction 525
[2026-05-22T09:10:50.427Z INFO  benchmark_client] Sending sample transaction 526
[2026-05-22T09:10:50.477Z INFO  benchmark_client] Sending sample transaction 527
[2026-05-22T09:10:50.527Z INFO  benchmark_client] Sending sample transaction 528
[2026-05-22T09:10:50.576Z INFO  benchmark_client] Sending sample transaction 529
[2026-05-22T09:10:50.627Z INFO  benchmark_client] Sending sample transaction 530
[2026-05-22T09:10:50.676Z INFO  benchmark_client] Sending sample transaction 531
[2026-05-22T09:10:50.727Z INFO  benchmark_client] Sending sample transaction 532
[2026-05-22T09:10:50.776Z INFO  benchmark_client] Sending sample transaction 533
[2026-05-22T09:10:50.827Z INFO  benchmark_client] Sending sample transaction 534
[2026-05-22T09:10:50.877Z INFO  benchmark_client] Sending sample transaction 535
[2026-05-22T09:10:50.927Z INFO  benchmark_client] Sending sample transaction 536
[2026-05-22T09:10:50.976Z INFO  benchmark_client] Sending sample transaction 537
[2026-05-22T09:10:51.027Z INFO  benchmark_client] Sending sample transaction 538
[2026-05-22T09:10:51.076Z INFO  benchmark_client] Sending sample transaction 539
[2026-05-22T09:10:51.127Z INFO  benchmark_client] Sending sample transaction 540
[2026-05-22T09:10:51.176Z INFO  benchmark_client] Sending sample transaction 541
[2026-05-22T09:10:51.227Z INFO  benchmark_client] Sending sample transaction 542
[2026-05-22T09:10:51.276Z INFO  benchmark_client] Sending sample transaction 543
[2026-05-22T09:10:51.327Z INFO  benchmark_client] Sending sample transaction 544
[2026-05-22T09:10:51.377Z INFO  benchmark_client] Sending sample transaction 545
[2026-05-22T09:10:51.427Z INFO  benchmark_client] Sending sample transaction 546
[2026-05-22T09:10:51.477Z INFO  benchmark_client] Sending sample transaction 547
[2026-05-22T09:10:51.527Z INFO  benchmark_client] Sending sample transaction 548
[2026-05-22T09:10:51.577Z INFO  benchmark_client] Sending sample transaction 549
[2026-05-22T09:10:51.627Z INFO  benchmark_client] Sending sample transaction 550
[2026-05-22T09:10:51.677Z INFO  benchmark_client] Sending sample transaction 551
[2026-05-22T09:10:51.726Z INFO  benchmark_client] Sending sample transaction 552
[2026-05-22T09:10:51.777Z INFO  benchmark_client] Sending sample transaction 553
[2026-05-22T09:10:51.827Z INFO  benchmark_client] Sending sample transaction 554
[2026-05-22T09:10:51.876Z INFO  benchmark_client] Sending sample transaction 555
[2026-05-22T09:10:51.927Z INFO  benchmark_client] Sending sample transaction 556
[2026-05-22T09:10:51.977Z INFO  benchmark_client] Sending sample transaction 557
[2026-05-22T09:10:52.027Z INFO  benchmark_client] Sending sample transaction 558
[2026-05-22T09:10:52.077Z INFO  benchmark_client] Sending sample transaction 559
[2026-05-22T09:10:52.127Z INFO  benchmark_client] Sending sample transaction 560
[2026-05-22T09:10:52.177Z INFO  benchmark_client] Sending sample transaction 561
[2026-05-22T09:10:52.227Z INFO  benchmark_client] Sending sample transaction 562
[2026-05-22T09:10:52.277Z INFO  benchmark_client] Sending sample transaction 563
[2026-05-22T09:10:52.326Z INFO  benchmark_client] Sending sample transaction 564
[2026-05-22T09:10:52.377Z INFO  benchmark_client] Sending sample transaction 565
[2026-05-22T09:10:52.427Z INFO  benchmark_client] Sending sample transaction 566
[2026-05-22T09:10:52.477Z INFO  benchmark_client] Sending sample transaction 567
[2026-05-22T09:10:52.527Z INFO  benchmark_client] Sending sample transaction 568
[2026-05-22T09:10:52.576Z INFO  benchmark_client] Sending sample transaction 569
[2026-05-22T09:10:52.627Z INFO  benchmark_client] Sending sample transaction 570
[2026-05-22T09:10:52.677Z INFO  benchmark_client] Sending sample transaction 571
[2026-05-22T09:10:52.727Z INFO  benchmark_client] Sending sample transaction 572
[2026-05-22T09:10:52.777Z INFO  benchmark_client] Sending sample transaction 573
[2026-05-22T09:10:52.827Z INFO  benchmark_client] Sending sample transaction 574
[2026-05-22T09:10:52.877Z INFO  benchmark_client] Sending sample transaction 575
[2026-05-22T09:10:52.927Z INFO  benchmark_client] Sending sample transaction 576
[2026-05-22T09:10:52.977Z INFO  benchmark_client] Sending sample transaction 577
[2026-05-22T09:10:53.027Z INFO  benchmark_client] Sending sample transaction 578
[2026-05-22T09:10:53.076Z INFO  benchmark_client] Sending sample transaction 579
[2026-05-22T09:10:53.127Z INFO  benchmark_client] Sending sample transaction 580
[2026-05-22T09:10:53.177Z INFO  benchmark_client] Sending sample transaction 581
[2026-05-22T09:10:53.227Z INFO  benchmark_client] Sending sample transaction 582
[2026-05-22T09:10:53.277Z INFO  benchmark_client] Sending sample transaction 583
[2026-05-22T09:10:53.326Z INFO  benchmark_client] Sending sample transaction 584
[2026-05-22T09:10:53.377Z INFO  benchmark_client] Sending sample transaction 585
[2026-05-22T09:10:53.427Z INFO  benchmark_client] Sending sample transaction 586
[2026-05-22T09:10:53.477Z INFO  benchmark_client] Sending sample transaction 587
[2026-05-22T09:10:53.527Z INFO  benchmark_client] Sending sample transaction 588
[2026-05-22T09:10:53.576Z INFO  benchmark_client] Sending sample transaction 589
[2026-05-22T09:10:53.627Z INFO  benchmark_client] Sending sample transaction 590
[2026-05-22T09:10:53.677Z INFO  benchmark_client] Sending sample transaction 591
[2026-05-22T09:10:53.726Z INFO  benchmark_client] Sending sample transaction 592
[2026-05-22T09:10:53.777Z INFO  benchmark_client] Sending sample transaction 593
[2026-05-22T09:10:53.827Z INFO  benchmark_client] Sending sample transaction 594
[2026-05-22T09:10:53.877Z INFO  benchmark_client] Sending sample transaction 595
[2026-05-22T09:10:53.927Z INFO  benchmark_client] Sending sample transaction 596
[2026-05-22T09:10:53.977Z INFO  benchmark_client] Sending sample transaction 597
[2026-05-22T09:10:54.027Z INFO  benchmark_client] Sending sample transaction 598
[2026-05-22T09:10:54.077Z INFO  benchmark_client] Sending sample transaction 599
[2026-05-22T09:10:54.127Z INFO  benchmark_client] Sending sample transaction 600
[2026-05-22T09:10:54.177Z INFO  benchmark_client] Sending sample transaction 601
[2026-05-22T09:10:54.226Z INFO  benchmark_client] Sending sample transaction 602
[2026-05-22T09:10:54.277Z INFO  benchmark_client] Sending sample transaction 603
[2026-05-22T09:10:54.327Z INFO  benchmark_client] Sending sample transaction 604
[2026-05-22T09:10:54.377Z INFO  benchmark_client] Sending sample transaction 605
[2026-05-22T09:10:54.428Z INFO  benchmark_client] Sending sample transaction 606
[2026-05-22T09:10:54.477Z INFO  benchmark_client] Sending sample transaction 607
[2026-05-22T09:10:54.527Z INFO  benchmark_client] Sending sample transaction 608
[2026-05-22T09:10:54.577Z INFO  benchmark_client] Sending sample transaction 609
[2026-05-22T09:10:54.627Z INFO  benchmark_client] Sending sample transaction 610
[2026-05-22T09:10:54.677Z INFO  benchmark_client] Sending sample transaction 611
[2026-05-22T09:10:54.727Z INFO  benchmark_client] Sending sample transaction 612
[2026-05-22T09:10:54.777Z INFO  benchmark_client] Sending sample transaction 613
[2026-05-22T09:10:54.827Z INFO  benchmark_client] Sending sample transaction 614
[2026-05-22T09:10:54.877Z INFO  benchmark_client] Sending sample transaction 615
[2026-05-22T09:10:54.926Z INFO  benchmark_client] Sending sample transaction 616
[2026-05-22T09:10:54.977Z INFO  benchmark_client] Sending sample transaction 617
[2026-05-22T09:10:55.027Z INFO  benchmark_client] Sending sample transaction 618
[2026-05-22T09:10:55.077Z INFO  benchmark_client] Sending sample transaction 619
[2026-05-22T09:10:55.127Z INFO  benchmark_client] Sending sample transaction 620
[2026-05-22T09:10:55.176Z INFO  benchmark_client] Sending sample transaction 621
[2026-05-22T09:10:55.227Z INFO  benchmark_client] Sending sample transaction 622
[2026-05-22T09:10:55.277Z INFO  benchmark_client] Sending sample transaction 623
[2026-05-22T09:10:55.326Z INFO  benchmark_client] Sending sample transaction 624
[2026-05-22T09:10:55.377Z INFO  benchmark_client] Sending sample transaction 625
[2026-05-22T09:10:55.427Z INFO  benchmark_client] Sending sample transaction 626
[2026-05-22T09:10:55.477Z INFO  benchmark_client] Sending sample transaction 627
[2026-05-22T09:10:55.527Z INFO  benchmark_client] Sending sample transaction 628
[2026-05-22T09:10:55.576Z INFO  benchmark_client] Sending sample transaction 629
[2026-05-22T09:10:55.627Z INFO  benchmark_client] Sending sample transaction 630
[2026-05-22T09:10:55.677Z INFO  benchmark_client] Sending sample transaction 631
[2026-05-22T09:10:55.727Z INFO  benchmark_client] Sending sample transaction 632
[2026-05-22T09:10:55.777Z INFO  benchmark_client] Sending sample transaction 633
[2026-05-22T09:10:55.827Z INFO  benchmark_client] Sending sample transaction 634
[2026-05-22T09:10:55.877Z INFO  benchmark_client] Sending sample transaction 635
[2026-05-22T09:10:55.927Z INFO  benchmark_client] Sending sample transaction 636
[2026-05-22T09:10:55.977Z INFO  benchmark_client] Sending sample transaction 637
[2026-05-22T09:10:56.027Z INFO  benchmark_client] Sending sample transaction 638
[2026-05-22T09:10:56.077Z INFO  benchmark_client] Sending sample transaction 639
[2026-05-22T09:10:56.126Z INFO  benchmark_client] Sending sample transaction 640
[2026-05-22T09:10:56.177Z INFO  benchmark_client] Sending sample transaction 641
[2026-05-22T09:10:56.227Z INFO  benchmark_client] Sending sample transaction 642
[2026-05-22T09:10:56.277Z INFO  benchmark_client] Sending sample transaction 643
[2026-05-22T09:10:56.327Z INFO  benchmark_client] Sending sample transaction 644
[2026-05-22T09:10:56.377Z INFO  benchmark_client] Sending sample transaction 645
[2026-05-22T09:10:56.427Z INFO  benchmark_client] Sending sample transaction 646
[2026-05-22T09:10:56.477Z INFO  benchmark_client] Sending sample transaction 647
[2026-05-22T09:10:56.527Z INFO  benchmark_client] Sending sample transaction 648
[2026-05-22T09:10:56.577Z INFO  benchmark_client] Sending sample transaction 649
[2026-05-22T09:10:56.627Z INFO  benchmark_client] Sending sample transaction 650
[2026-05-22T09:10:56.677Z INFO  benchmark_client] Sending sample transaction 651
[2026-05-22T09:10:56.727Z INFO  benchmark_client] Sending sample transaction 652
[2026-05-22T09:10:56.777Z INFO  benchmark_client] Sending sample transaction 653
[2026-05-22T09:10:56.827Z INFO  benchmark_client] Sending sample transaction 654
[2026-05-22T09:10:56.877Z INFO  benchmark_client] Sending sample transaction 655
[2026-05-22T09:10:56.927Z INFO  benchmark_client] Sending sample transaction 656
[2026-05-22T09:10:56.977Z INFO  benchmark_client] Sending sample transaction 657
[2026-05-22T09:10:57.027Z INFO  benchmark_client] Sending sample transaction 658
[2026-05-22T09:10:57.076Z INFO  benchmark_client] Sending sample transaction 659
[2026-05-22T09:10:57.127Z INFO  benchmark_client] Sending sample transaction 660
[2026-05-22T09:10:57.177Z INFO  benchmark_client] Sending sample transaction 661
[2026-05-22T09:10:57.227Z INFO  benchmark_client] Sending sample transaction 662
[2026-05-22T09:10:57.277Z INFO  benchmark_client] Sending sample transaction 663
[2026-05-22T09:10:57.327Z INFO  benchmark_client] Sending sample transaction 664
[2026-05-22T09:10:57.376Z INFO  benchmark_client] Sending sample transaction 665
[2026-05-22T09:10:57.427Z INFO  benchmark_client] Sending sample transaction 666
[2026-05-22T09:10:57.477Z INFO  benchmark_client] Sending sample transaction 667
[2026-05-22T09:10:57.527Z INFO  benchmark_client] Sending sample transaction 668
[2026-05-22T09:10:57.577Z INFO  benchmark_client] Sending sample transaction 669
[2026-05-22T09:10:57.626Z INFO  benchmark_client] Sending sample transaction 670
[2026-05-22T09:10:57.677Z INFO  benchmark_client] Sending sample transaction 671
[2026-05-22T09:10:57.726Z INFO  benchmark_client] Sending sample transaction 672
[2026-05-22T09:10:57.777Z INFO  benchmark_client] Sending sample transaction 673
[2026-05-22T09:10:57.826Z INFO  benchmark_client] Sending sample transaction 674
[2026-05-22T09:10:57.877Z INFO  benchmark_client] Sending sample transaction 675
[2026-05-22T09:10:57.926Z INFO  benchmark_client] Sending sample transaction 676
[2026-05-22T09:10:57.977Z INFO  benchmark_client] Sending sample transaction 677
[2026-05-22T09:10:58.026Z INFO  benchmark_client] Sending sample transaction 678
[2026-05-22T09:10:58.077Z INFO  benchmark_client] Sending sample transaction 679
[2026-05-22T09:10:58.127Z INFO  benchmark_client] Sending sample transaction 680
[2026-05-22T09:10:58.177Z INFO  benchmark_client] Sending sample transaction 681
[2026-05-22T09:10:58.227Z INFO  benchmark_client] Sending sample transaction 682
[2026-05-22T09:10:58.277Z INFO  benchmark_client] Sending sample transaction 683
[2026-05-22T09:10:58.327Z INFO  benchmark_client] Sending sample transaction 684
[2026-05-22T09:10:58.377Z INFO  benchmark_client] Sending sample transaction 685
[2026-05-22T09:10:58.427Z INFO  benchmark_client] Sending sample transaction 686
[2026-05-22T09:10:58.476Z INFO  benchmark_client] Sending sample transaction 687
[2026-05-22T09:10:58.527Z INFO  benchmark_client] Sending sample transaction 688
[2026-05-22T09:10:58.577Z INFO  benchmark_client] Sending sample transaction 689
[2026-05-22T09:10:58.627Z INFO  benchmark_client] Sending sample transaction 690
[2026-05-22T09:10:58.677Z INFO  benchmark_client] Sending sample transaction 691
[2026-05-22T09:10:58.727Z INFO  benchmark_client] Sending sample transaction 692
[2026-05-22T09:10:58.777Z INFO  benchmark_client] Sending sample transaction 693
[2026-05-22T09:10:58.827Z INFO  benchmark_client] Sending sample transaction 694
[2026-05-22T09:10:58.877Z INFO  benchmark_client] Sending sample transaction 695
[2026-05-22T09:10:58.926Z INFO  benchmark_client] Sending sample transaction 696
[2026-05-22T09:10:58.977Z INFO  benchmark_client] Sending sample transaction 697
[2026-05-22T09:10:59.027Z INFO  benchmark_client] Sending sample transaction 698
[2026-05-22T09:10:59.076Z INFO  benchmark_client] Sending sample transaction 699
[2026-05-22T09:10:59.127Z INFO  benchmark_client] Sending sample transaction 700
[2026-05-22T09:10:59.177Z INFO  benchmark_client] Sending sample transaction 701
[2026-05-22T09:10:59.227Z INFO  benchmark_client] Sending sample transaction 702
[2026-05-22T09:10:59.277Z INFO  benchmark_client] Sending sample transaction 703
[2026-05-22T09:10:59.326Z INFO  benchmark_client] Sending sample transaction 704
[2026-05-22T09:10:59.377Z INFO  benchmark_client] Sending sample transaction 705
[2026-05-22T09:10:59.426Z INFO  benchmark_client] Sending sample transaction 706
[2026-05-22T09:10:59.477Z INFO  benchmark_client] Sending sample transaction 707
[2026-05-22T09:10:59.527Z INFO  benchmark_client] Sending sample transaction 708
[2026-05-22T09:10:59.576Z INFO  benchmark_client] Sending sample transaction 709
[2026-05-22T09:10:59.627Z INFO  benchmark_client] Sending sample transaction 710
[2026-05-22T09:10:59.677Z INFO  benchmark_client] Sending sample transaction 711
[2026-05-22T09:10:59.727Z INFO  benchmark_client] Sending sample transaction 712
[2026-05-22T09:10:59.777Z INFO  benchmark_client] Sending sample transaction 713
[2026-05-22T09:10:59.827Z INFO  benchmark_client] Sending sample transaction 714
[2026-05-22T09:10:59.880Z INFO  benchmark_client] Sending sample transaction 715
[2026-05-22T09:10:59.927Z INFO  benchmark_client] Sending sample transaction 716
[2026-05-22T09:10:59.977Z INFO  benchmark_client] Sending sample transaction 717
[2026-05-22T09:11:00.027Z INFO  benchmark_client] Sending sample transaction 718
[2026-05-22T09:11:00.077Z INFO  benchmark_client] Sending sample transaction 719
[2026-05-22T09:11:00.126Z INFO  benchmark_client] Sending sample transaction 720
[2026-05-22T09:11:00.176Z INFO  benchmark_client] Sending sample transaction 721
[2026-05-22T09:11:00.231Z INFO  benchmark_client] Sending sample transaction 722
[2026-05-22T09:11:00.277Z INFO  benchmark_client] Sending sample transaction 723
[2026-05-22T09:11:00.327Z INFO  benchmark_client] Sending sample transaction 724
[2026-05-22T09:11:00.377Z INFO  benchmark_client] Sending sample transaction 725
[2026-05-22T09:11:00.427Z INFO  benchmark_client] Sending sample transaction 726
[2026-05-22T09:11:00.477Z INFO  benchmark_client] Sending sample transaction 727
[2026-05-22T09:11:00.527Z INFO  benchmark_client] Sending sample transaction 728
[2026-05-22T09:11:00.577Z INFO  benchmark_client] Sending sample transaction 729
[2026-05-22T09:11:00.627Z INFO  benchmark_client] Sending sample transaction 730
[2026-05-22T09:11:00.676Z INFO  benchmark_client] Sending sample transaction 731
[2026-05-22T09:11:00.727Z INFO  benchmark_client] Sending sample transaction 732
[2026-05-22T09:11:00.777Z INFO  benchmark_client] Sending sample transaction 733
[2026-05-22T09:11:00.827Z INFO  benchmark_client] Sending sample transaction 734
[2026-05-22T09:11:00.877Z INFO  benchmark_client] Sending sample transaction 735
[2026-05-22T09:11:00.926Z INFO  benchmark_client] Sending sample transaction 736
[2026-05-22T09:11:00.977Z INFO  benchmark_client] Sending sample transaction 737
[2026-05-22T09:11:01.027Z INFO  benchmark_client] Sending sample transaction 738
[2026-05-22T09:11:01.077Z INFO  benchmark_client] Sending sample transaction 739
[2026-05-22T09:11:01.127Z INFO  benchmark_client] Sending sample transaction 740
[2026-05-22T09:11:01.176Z INFO  benchmark_client] Sending sample transaction 741
[2026-05-22T09:11:01.227Z INFO  benchmark_client] Sending sample transaction 742
[2026-05-22T09:11:01.277Z INFO  benchmark_client] Sending sample transaction 743
[2026-05-22T09:11:01.327Z INFO  benchmark_client] Sending sample transaction 744
[2026-05-22T09:11:01.377Z INFO  benchmark_client] Sending sample transaction 745
[2026-05-22T09:11:01.427Z INFO  benchmark_client] Sending sample transaction 746
[2026-05-22T09:11:01.477Z INFO  benchmark_client] Sending sample transaction 747
[2026-05-22T09:11:01.526Z INFO  benchmark_client] Sending sample transaction 748
[2026-05-22T09:11:01.577Z INFO  benchmark_client] Sending sample transaction 749
[2026-05-22T09:11:01.627Z INFO  benchmark_client] Sending sample transaction 750
[2026-05-22T09:11:01.676Z INFO  benchmark_client] Sending sample transaction 751
[2026-05-22T09:11:01.727Z INFO  benchmark_client] Sending sample transaction 752
[2026-05-22T09:11:01.777Z INFO  benchmark_client] Sending sample transaction 753
[2026-05-22T09:11:01.827Z INFO  benchmark_client] Sending sample transaction 754
[2026-05-22T09:11:01.877Z INFO  benchmark_client] Sending sample transaction 755
[2026-05-22T09:11:01.927Z INFO  benchmark_client] Sending sample transaction 756
[2026-05-22T09:11:01.977Z INFO  benchmark_client] Sending sample transaction 757
[2026-05-22T09:11:02.027Z INFO  benchmark_client] Sending sample transaction 758
[2026-05-22T09:11:02.077Z INFO  benchmark_client] Sending sample transaction 759
[2026-05-22T09:11:02.126Z INFO  benchmark_client] Sending sample transaction 760
[2026-05-22T09:11:02.177Z INFO  benchmark_client] Sending sample transaction 761
[2026-05-22T09:11:02.227Z INFO  benchmark_client] Sending sample transaction 762
[2026-05-22T09:11:02.277Z INFO  benchmark_client] Sending sample transaction 763
[2026-05-22T09:11:02.329Z INFO  benchmark_client] Sending sample transaction 764
[2026-05-22T09:11:02.377Z INFO  benchmark_client] Sending sample transaction 765
[2026-05-22T09:11:02.427Z INFO  benchmark_client] Sending sample transaction 766
[2026-05-22T09:11:02.476Z INFO  benchmark_client] Sending sample transaction 767
[2026-05-22T09:11:02.527Z INFO  benchmark_client] Sending sample transaction 768
[2026-05-22T09:11:02.577Z INFO  benchmark_client] Sending sample transaction 769
[2026-05-22T09:11:02.626Z INFO  benchmark_client] Sending sample transaction 770
[2026-05-22T09:11:02.677Z INFO  benchmark_client] Sending sample transaction 771
[2026-05-22T09:11:02.727Z INFO  benchmark_client] Sending sample transaction 772
[2026-05-22T09:11:02.777Z INFO  benchmark_client] Sending sample transaction 773
[2026-05-22T09:11:02.827Z INFO  benchmark_client] Sending sample transaction 774
[2026-05-22T09:11:02.878Z INFO  benchmark_client] Sending sample transaction 775
[2026-05-22T09:11:02.927Z INFO  benchmark_client] Sending sample transaction 776
[2026-05-22T09:11:02.977Z INFO  benchmark_client] Sending sample transaction 777
[2026-05-22T09:11:03.027Z INFO  benchmark_client] Sending sample transaction 778
[2026-05-22T09:11:03.077Z INFO  benchmark_client] Sending sample transaction 779
[2026-05-22T09:11:03.127Z INFO  benchmark_client] Sending sample transaction 780
[2026-05-22T09:11:03.177Z INFO  benchmark_client] Sending sample transaction 781
[2026-05-22T09:11:03.226Z INFO  benchmark_client] Sending sample transaction 782
[2026-05-22T09:11:03.277Z INFO  benchmark_client] Sending sample transaction 783
[2026-05-22T09:11:03.327Z INFO  benchmark_client] Sending sample transaction 784
[2026-05-22T09:11:03.377Z INFO  benchmark_client] Sending sample transaction 785
[2026-05-22T09:11:03.427Z INFO  benchmark_client] Sending sample transaction 786
[2026-05-22T09:11:03.477Z INFO  benchmark_client] Sending sample transaction 787
[2026-05-22T09:11:03.527Z INFO  benchmark_client] Sending sample transaction 788
[2026-05-22T09:11:03.577Z INFO  benchmark_client] Sending sample transaction 789
[2026-05-22T09:11:03.626Z INFO  benchmark_client] Sending sample transaction 790
[2026-05-22T09:11:03.677Z INFO  benchmark_client] Sending sample transaction 791
[2026-05-22T09:11:03.727Z INFO  benchmark_client] Sending sample transaction 792
[2026-05-22T09:11:03.777Z INFO  benchmark_client] Sending sample transaction 793
[2026-05-22T09:11:03.827Z INFO  benchmark_client] Sending sample transaction 794
[2026-05-22T09:11:03.877Z INFO  benchmark_client] Sending sample transaction 795
[2026-05-22T09:11:03.927Z INFO  benchmark_client] Sending sample transaction 796
[2026-05-22T09:11:03.977Z INFO  benchmark_client] Sending sample transaction 797
[2026-05-22T09:11:04.027Z INFO  benchmark_client] Sending sample transaction 798
[2026-05-22T09:11:04.078Z INFO  benchmark_client] Sending sample transaction 799
[2026-05-22T09:11:04.127Z INFO  benchmark_client] Sending sample transaction 800
[2026-05-22T09:11:04.176Z INFO  benchmark_client] Sending sample transaction 801
[2026-05-22T09:11:04.227Z INFO  benchmark_client] Sending sample transaction 802
[2026-05-22T09:11:04.277Z INFO  benchmark_client] Sending sample transaction 803
[2026-05-22T09:11:04.326Z INFO  benchmark_client] Sending sample transaction 804
[2026-05-22T09:11:04.377Z INFO  benchmark_client] Sending sample transaction 805
[2026-05-22T09:11:04.427Z INFO  benchmark_client] Sending sample transaction 806
[2026-05-22T09:11:04.477Z INFO  benchmark_client] Sending sample transaction 807
[2026-05-22T09:11:04.527Z INFO  benchmark_client] Sending sample transaction 808
[2026-05-22T09:11:04.577Z INFO  benchmark_client] Sending sample transaction 809
[2026-05-22T09:11:04.627Z INFO  benchmark_client] Sending sample transaction 810
[2026-05-22T09:11:04.677Z INFO  benchmark_client] Sending sample transaction 811
[2026-05-22T09:11:04.727Z INFO  benchmark_client] Sending sample transaction 812
[2026-05-22T09:11:04.776Z INFO  benchmark_client] Sending sample transaction 813
[2026-05-22T09:11:04.827Z INFO  benchmark_client] Sending sample transaction 814
[2026-05-22T09:11:04.877Z INFO  benchmark_client] Sending sample transaction 815
[2026-05-22T09:11:04.927Z INFO  benchmark_client] Sending sample transaction 816
[2026-05-22T09:11:04.977Z INFO  benchmark_client] Sending sample transaction 817
[2026-05-22T09:11:05.027Z INFO  benchmark_client] Sending sample transaction 818
[2026-05-22T09:11:05.077Z INFO  benchmark_client] Sending sample transaction 819
[2026-05-22T09:11:05.127Z INFO  benchmark_client] Sending sample transaction 820
[2026-05-22T09:11:05.177Z INFO  benchmark_client] Sending sample transaction 821
[2026-05-22T09:11:05.227Z INFO  benchmark_client] Sending sample transaction 822
[2026-05-22T09:11:05.277Z INFO  benchmark_client] Sending sample transaction 823
[2026-05-22T09:11:05.327Z INFO  benchmark_client] Sending sample transaction 824
[2026-05-22T09:11:05.377Z INFO  benchmark_client] Sending sample transaction 825
[2026-05-22T09:11:05.427Z INFO  benchmark_client] Sending sample transaction 826
[2026-05-22T09:11:05.476Z INFO  benchmark_client] Sending sample transaction 827
[2026-05-22T09:11:05.527Z INFO  benchmark_client] Sending sample transaction 828
[2026-05-22T09:11:05.577Z INFO  benchmark_client] Sending sample transaction 829
[2026-05-22T09:11:05.627Z INFO  benchmark_client] Sending sample transaction 830
[2026-05-22T09:11:05.677Z INFO  benchmark_client] Sending sample transaction 831
[2026-05-22T09:11:05.726Z INFO  benchmark_client] Sending sample transaction 832
[2026-05-22T09:11:05.777Z INFO  benchmark_client] Sending sample transaction 833
[2026-05-22T09:11:05.826Z INFO  benchmark_client] Sending sample transaction 834
[2026-05-22T09:11:05.877Z INFO  benchmark_client] Sending sample transaction 835
[2026-05-22T09:11:05.927Z INFO  benchmark_client] Sending sample transaction 836
[2026-05-22T09:11:05.976Z INFO  benchmark_client] Sending sample transaction 837
[2026-05-22T09:11:06.027Z INFO  benchmark_client] Sending sample transaction 838
[2026-05-22T09:11:06.076Z INFO  benchmark_client] Sending sample transaction 839
[2026-05-22T09:11:06.127Z INFO  benchmark_client] Sending sample transaction 840
[2026-05-22T09:11:06.179Z INFO  benchmark_client] Sending sample transaction 841
[2026-05-22T09:11:06.227Z INFO  benchmark_client] Sending sample transaction 842
[2026-05-22T09:11:06.276Z INFO  benchmark_client] Sending sample transaction 843
[2026-05-22T09:11:06.327Z INFO  benchmark_client] Sending sample transaction 844
[2026-05-22T09:11:06.377Z INFO  benchmark_client] Sending sample transaction 845
[2026-05-22T09:11:06.427Z INFO  benchmark_client] Sending sample transaction 846
[2026-05-22T09:11:06.477Z INFO  benchmark_client] Sending sample transaction 847
[2026-05-22T09:11:06.527Z INFO  benchmark_client] Sending sample transaction 848
[2026-05-22T09:11:06.577Z INFO  benchmark_client] Sending sample transaction 849
[2026-05-22T09:11:06.626Z INFO  benchmark_client] Sending sample transaction 850
[2026-05-22T09:11:06.677Z INFO  benchmark_client] Sending sample transaction 851
[2026-05-22T09:11:06.727Z INFO  benchmark_client] Sending sample transaction 852
[2026-05-22T09:11:06.777Z INFO  benchmark_client] Sending sample transaction 853
[2026-05-22T09:11:06.827Z INFO  benchmark_client] Sending sample transaction 854
[2026-05-22T09:11:06.876Z INFO  benchmark_client] Sending sample transaction 855
[2026-05-22T09:11:06.927Z INFO  benchmark_client] Sending sample transaction 856
[2026-05-22T09:11:06.977Z INFO  benchmark_client] Sending sample transaction 857
[2026-05-22T09:11:07.027Z INFO  benchmark_client] Sending sample transaction 858
[2026-05-22T09:11:07.077Z INFO  benchmark_client] Sending sample transaction 859
[2026-05-22T09:11:07.126Z INFO  benchmark_client] Sending sample transaction 860
[2026-05-22T09:11:07.177Z INFO  benchmark_client] Sending sample transaction 861
[2026-05-22T09:11:07.227Z INFO  benchmark_client] Sending sample transaction 862
[2026-05-22T09:11:07.277Z INFO  benchmark_client] Sending sample transaction 863
[2026-05-22T09:11:07.327Z INFO  benchmark_client] Sending sample transaction 864
[2026-05-22T09:11:07.376Z INFO  benchmark_client] Sending sample transaction 865
[2026-05-22T09:11:07.427Z INFO  benchmark_client] Sending sample transaction 866
[2026-05-22T09:11:07.476Z INFO  benchmark_client] Sending sample transaction 867
[2026-05-22T09:11:07.527Z INFO  benchmark_client] Sending sample transaction 868
[2026-05-22T09:11:07.577Z INFO  benchmark_client] Sending sample transaction 869
[2026-05-22T09:11:07.627Z INFO  benchmark_client] Sending sample transaction 870
[2026-05-22T09:11:07.677Z INFO  benchmark_client] Sending sample transaction 871
[2026-05-22T09:11:07.727Z INFO  benchmark_client] Sending sample transaction 872
[2026-05-22T09:11:07.777Z INFO  benchmark_client] Sending sample transaction 873
[2026-05-22T09:11:07.827Z INFO  benchmark_client] Sending sample transaction 874
[2026-05-22T09:11:07.876Z INFO  benchmark_client] Sending sample transaction 875
[2026-05-22T09:11:07.927Z INFO  benchmark_client] Sending sample transaction 876
[2026-05-22T09:11:07.977Z INFO  benchmark_client] Sending sample transaction 877
[2026-05-22T09:11:08.027Z INFO  benchmark_client] Sending sample transaction 878
[2026-05-22T09:11:08.077Z INFO  benchmark_client] Sending sample transaction 879
[2026-05-22T09:11:08.126Z INFO  benchmark_client] Sending sample transaction 880
[2026-05-22T09:11:08.177Z INFO  benchmark_client] Sending sample transaction 881
[2026-05-22T09:11:08.227Z INFO  benchmark_client] Sending sample transaction 882
[2026-05-22T09:11:08.277Z INFO  benchmark_client] Sending sample transaction 883
[2026-05-22T09:11:08.327Z INFO  benchmark_client] Sending sample transaction 884
[2026-05-22T09:11:08.377Z INFO  benchmark_client] Sending sample transaction 885
[2026-05-22T09:11:08.426Z INFO  benchmark_client] Sending sample transaction 886
[2026-05-22T09:11:08.477Z INFO  benchmark_client] Sending sample transaction 887
[2026-05-22T09:11:08.527Z INFO  benchmark_client] Sending sample transaction 888
[2026-05-22T09:11:08.577Z INFO  benchmark_client] Sending sample transaction 889
[2026-05-22T09:11:08.627Z INFO  benchmark_client] Sending sample transaction 890
[2026-05-22T09:11:08.676Z INFO  benchmark_client] Sending sample transaction 891
[2026-05-22T09:11:08.727Z INFO  benchmark_client] Sending sample transaction 892
[2026-05-22T09:11:08.777Z INFO  benchmark_client] Sending sample transaction 893
