[2026-05-22T09:10:24.019Z INFO  benchmark_client] Node address: 34.81.27.135:5038
[2026-05-22T09:10:24.019Z INFO  benchmark_client] Transactions size: 512 B
[2026-05-22T09:10:24.019Z INFO  benchmark_client] Transactions rate: 3334 tx/s
[2026-05-22T09:10:24.019Z INFO  benchmark_client] Waiting for all nodes to be online...
[2026-05-22T09:10:24.287Z INFO  benchmark_client] Start sending transactions
[2026-05-22T09:10:24.288Z INFO  benchmark_client] Sending sample transaction 0
[2026-05-22T09:10:24.339Z INFO  benchmark_client] Sending sample transaction 1
[2026-05-22T09:10:24.389Z INFO  benchmark_client] Sending sample transaction 2
[2026-05-22T09:10:24.438Z INFO  benchmark_client] Sending sample transaction 3
[2026-05-22T09:10:24.488Z INFO  benchmark_client] Sending sample transaction 4
[2026-05-22T09:10:24.538Z INFO  benchmark_client] Sending sample transaction 5
[2026-05-22T09:10:24.588Z INFO  benchmark_client] Sending sample transaction 6
[2026-05-22T09:10:24.639Z INFO  benchmark_client] Sending sample transaction 7
[2026-05-22T09:10:24.688Z INFO  benchmark_client] Sending sample transaction 8
[2026-05-22T09:10:24.738Z INFO  benchmark_client] Sending sample transaction 9
[2026-05-22T09:10:24.789Z INFO  benchmark_client] Sending sample transaction 10
[2026-05-22T09:10:24.839Z INFO  benchmark_client] Sending sample transaction 11
[2026-05-22T09:10:24.889Z INFO  benchmark_client] Sending sample transaction 12
[2026-05-22T09:10:24.939Z INFO  benchmark_client] Sending sample transaction 13
[2026-05-22T09:10:24.988Z INFO  benchmark_client] Sending sample transaction 14
[2026-05-22T09:10:25.038Z INFO  benchmark_client] Sending sample transaction 15
[2026-05-22T09:10:25.088Z INFO  benchmark_client] Sending sample transaction 16
[2026-05-22T09:10:25.139Z INFO  benchmark_client] Sending sample transaction 17
[2026-05-22T09:10:25.189Z INFO  benchmark_client] Sending sample transaction 18
[2026-05-22T09:10:25.239Z INFO  benchmark_client] Sending sample transaction 19
[2026-05-22T09:10:25.289Z INFO  benchmark_client] Sending sample transaction 20
[2026-05-22T09:10:25.338Z INFO  benchmark_client] Sending sample transaction 21
[2026-05-22T09:10:25.388Z INFO  benchmark_client] Sending sample transaction 22
[2026-05-22T09:10:25.439Z INFO  benchmark_client] Sending sample transaction 23
[2026-05-22T09:10:25.488Z INFO  benchmark_client] Sending sample transaction 24
[2026-05-22T09:10:25.538Z INFO  benchmark_client] Sending sample transaction 25
[2026-05-22T09:10:25.589Z INFO  benchmark_client] Sending sample transaction 26
[2026-05-22T09:10:25.639Z INFO  benchmark_client] Sending sample transaction 27
[2026-05-22T09:10:25.688Z INFO  benchmark_client] Sending sample transaction 28
[2026-05-22T09:10:25.738Z INFO  benchmark_client] Sending sample transaction 29
[2026-05-22T09:10:25.789Z INFO  benchmark_client] Sending sample transaction 30
[2026-05-22T09:10:25.838Z INFO  benchmark_client] Sending sample transaction 31
[2026-05-22T09:10:25.888Z INFO  benchmark_client] Sending sample transaction 32
[2026-05-22T09:10:25.939Z INFO  benchmark_client] Sending sample transaction 33
[2026-05-22T09:10:25.988Z INFO  benchmark_client] Sending sample transaction 34
[2026-05-22T09:10:26.038Z INFO  benchmark_client] Sending sample transaction 35
[2026-05-22T09:10:26.089Z INFO  benchmark_client] Sending sample transaction 36
[2026-05-22T09:10:26.139Z INFO  benchmark_client] Sending sample transaction 37
[2026-05-22T09:10:26.188Z INFO  benchmark_client] Sending sample transaction 38
[2026-05-22T09:10:26.239Z INFO  benchmark_client] Sending sample transaction 39
[2026-05-22T09:10:26.289Z INFO  benchmark_client] Sending sample transaction 40
[2026-05-22T09:10:26.340Z INFO  benchmark_client] Sending sample transaction 41
[2026-05-22T09:10:26.389Z INFO  benchmark_client] Sending sample transaction 42
[2026-05-22T09:10:26.439Z INFO  benchmark_client] Sending sample transaction 43
[2026-05-22T09:10:26.489Z INFO  benchmark_client] Sending sample transaction 44
[2026-05-22T09:10:26.538Z INFO  benchmark_client] Sending sample transaction 45
[2026-05-22T09:10:26.588Z INFO  benchmark_client] Sending sample transaction 46
[2026-05-22T09:10:26.639Z INFO  benchmark_client] Sending sample transaction 47
[2026-05-22T09:10:26.688Z INFO  benchmark_client] Sending sample transaction 48
[2026-05-22T09:10:26.738Z INFO  benchmark_client] Sending sample transaction 49
[2026-05-22T09:10:26.789Z INFO  benchmark_client] Sending sample transaction 50
[2026-05-22T09:10:26.839Z INFO  benchmark_client] Sending sample transaction 51
[2026-05-22T09:10:26.888Z INFO  benchmark_client] Sending sample transaction 52
[2026-05-22T09:10:26.938Z INFO  benchmark_client] Sending sample transaction 53
[2026-05-22T09:10:26.989Z INFO  benchmark_client] Sending sample transaction 54
[2026-05-22T09:10:27.039Z INFO  benchmark_client] Sending sample transaction 55
[2026-05-22T09:10:27.088Z INFO  benchmark_client] Sending sample transaction 56
[2026-05-22T09:10:27.138Z INFO  benchmark_client] Sending sample transaction 57
[2026-05-22T09:10:27.189Z INFO  benchmark_client] Sending sample transaction 58
[2026-05-22T09:10:27.238Z INFO  benchmark_client] Sending sample transaction 59
[2026-05-22T09:10:27.288Z INFO  benchmark_client] Sending sample transaction 60
[2026-05-22T09:10:27.338Z INFO  benchmark_client] Sending sample transaction 61
[2026-05-22T09:10:27.389Z INFO  benchmark_client] Sending sample transaction 62
[2026-05-22T09:10:27.438Z INFO  benchmark_client] Sending sample transaction 63
[2026-05-22T09:10:27.489Z INFO  benchmark_client] Sending sample transaction 64
[2026-05-22T09:10:27.539Z INFO  benchmark_client] Sending sample transaction 65
[2026-05-22T09:10:27.588Z INFO  benchmark_client] Sending sample transaction 66
[2026-05-22T09:10:27.639Z INFO  benchmark_client] Sending sample transaction 67
[2026-05-22T09:10:27.688Z INFO  benchmark_client] Sending sample transaction 68
[2026-05-22T09:10:27.738Z INFO  benchmark_client] Sending sample transaction 69
[2026-05-22T09:10:27.789Z INFO  benchmark_client] Sending sample transaction 70
[2026-05-22T09:10:27.838Z INFO  benchmark_client] Sending sample transaction 71
[2026-05-22T09:10:27.889Z INFO  benchmark_client] Sending sample transaction 72
[2026-05-22T09:10:27.939Z INFO  benchmark_client] Sending sample transaction 73
[2026-05-22T09:10:27.989Z INFO  benchmark_client] Sending sample transaction 74
[2026-05-22T09:10:28.039Z INFO  benchmark_client] Sending sample transaction 75
[2026-05-22T09:10:28.089Z INFO  benchmark_client] Sending sample transaction 76
[2026-05-22T09:10:28.138Z INFO  benchmark_client] Sending sample transaction 77
[2026-05-22T09:10:28.189Z INFO  benchmark_client] Sending sample transaction 78
[2026-05-22T09:10:28.239Z INFO  benchmark_client] Sending sample transaction 79
[2026-05-22T09:10:28.288Z INFO  benchmark_client] Sending sample transaction 80
[2026-05-22T09:10:28.339Z INFO  benchmark_client] Sending sample transaction 81
[2026-05-22T09:10:28.389Z INFO  benchmark_client] Sending sample transaction 82
[2026-05-22T09:10:28.438Z INFO  benchmark_client] Sending sample transaction 83
[2026-05-22T09:10:28.488Z INFO  benchmark_client] Sending sample transaction 84
[2026-05-22T09:10:28.539Z INFO  benchmark_client] Sending sample transaction 85
[2026-05-22T09:10:28.589Z INFO  benchmark_client] Sending sample transaction 86
[2026-05-22T09:10:28.639Z INFO  benchmark_client] Sending sample transaction 87
[2026-05-22T09:10:28.688Z INFO  benchmark_client] Sending sample transaction 88
[2026-05-22T09:10:28.739Z INFO  benchmark_client] Sending sample transaction 89
[2026-05-22T09:10:28.789Z INFO  benchmark_client] Sending sample transaction 90
[2026-05-22T09:10:28.839Z INFO  benchmark_client] Sending sample transaction 91
[2026-05-22T09:10:28.889Z INFO  benchmark_client] Sending sample transaction 92
[2026-05-22T09:10:28.938Z INFO  benchmark_client] Sending sample transaction 93
[2026-05-22T09:10:28.989Z INFO  benchmark_client] Sending sample transaction 94
[2026-05-22T09:10:29.039Z INFO  benchmark_client] Sending sample transaction 95
[2026-05-22T09:10:29.088Z INFO  benchmark_client] Sending sample transaction 96
[2026-05-22T09:10:29.139Z INFO  benchmark_client] Sending sample transaction 97
[2026-05-22T09:10:29.189Z INFO  benchmark_client] Sending sample transaction 98
[2026-05-22T09:10:29.239Z INFO  benchmark_client] Sending sample transaction 99
[2026-05-22T09:10:29.289Z INFO  benchmark_client] Sending sample transaction 100
[2026-05-22T09:10:29.339Z INFO  benchmark_client] Sending sample transaction 101
[2026-05-22T09:10:29.388Z INFO  benchmark_client] Sending sample transaction 102
[2026-05-22T09:10:29.439Z INFO  benchmark_client] Sending sample transaction 103
[2026-05-22T09:10:29.489Z INFO  benchmark_client] Sending sample transaction 104
[2026-05-22T09:10:29.539Z INFO  benchmark_client] Sending sample transaction 105
[2026-05-22T09:10:29.589Z INFO  benchmark_client] Sending sample transaction 106
[2026-05-22T09:10:29.639Z INFO  benchmark_client] Sending sample transaction 107
[2026-05-22T09:10:29.689Z INFO  benchmark_client] Sending sample transaction 108
[2026-05-22T09:10:29.739Z INFO  benchmark_client] Sending sample transaction 109
[2026-05-22T09:10:29.789Z INFO  benchmark_client] Sending sample transaction 110
[2026-05-22T09:10:29.838Z INFO  benchmark_client] Sending sample transaction 111
[2026-05-22T09:10:29.888Z INFO  benchmark_client] Sending sample transaction 112
[2026-05-22T09:10:29.939Z INFO  benchmark_client] Sending sample transaction 113
[2026-05-22T09:10:29.989Z INFO  benchmark_client] Sending sample transaction 114
[2026-05-22T09:10:30.039Z INFO  benchmark_client] Sending sample transaction 115
[2026-05-22T09:10:30.089Z INFO  benchmark_client] Sending sample transaction 116
[2026-05-22T09:10:30.139Z INFO  benchmark_client] Sending sample transaction 117
[2026-05-22T09:10:30.188Z INFO  benchmark_client] Sending sample transaction 118
[2026-05-22T09:10:30.239Z INFO  benchmark_client] Sending sample transaction 119
[2026-05-22T09:10:30.289Z INFO  benchmark_client] Sending sample transaction 120
[2026-05-22T09:10:30.338Z INFO  benchmark_client] Sending sample transaction 121
[2026-05-22T09:10:30.388Z INFO  benchmark_client] Sending sample transaction 122
[2026-05-22T09:10:30.439Z INFO  benchmark_client] Sending sample transaction 123
[2026-05-22T09:10:30.489Z INFO  benchmark_client] Sending sample transaction 124
[2026-05-22T09:10:30.539Z INFO  benchmark_client] Sending sample transaction 125
[2026-05-22T09:10:30.589Z INFO  benchmark_client] Sending sample transaction 126
[2026-05-22T09:10:30.638Z INFO  benchmark_client] Sending sample transaction 127
[2026-05-22T09:10:30.688Z INFO  benchmark_client] Sending sample transaction 128
[2026-05-22T09:10:30.738Z INFO  benchmark_client] Sending sample transaction 129
[2026-05-22T09:10:30.789Z INFO  benchmark_client] Sending sample transaction 130
[2026-05-22T09:10:30.839Z INFO  benchmark_client] Sending sample transaction 131
[2026-05-22T09:10:30.888Z INFO  benchmark_client] Sending sample transaction 132
[2026-05-22T09:10:30.939Z INFO  benchmark_client] Sending sample transaction 133
[2026-05-22T09:10:30.989Z INFO  benchmark_client] Sending sample transaction 134
[2026-05-22T09:10:31.038Z INFO  benchmark_client] Sending sample transaction 135
[2026-05-22T09:10:31.088Z INFO  benchmark_client] Sending sample transaction 136
[2026-05-22T09:10:31.139Z INFO  benchmark_client] Sending sample transaction 137
[2026-05-22T09:10:31.189Z INFO  benchmark_client] Sending sample transaction 138
[2026-05-22T09:10:31.238Z INFO  benchmark_client] Sending sample transaction 139
[2026-05-22T09:10:31.289Z INFO  benchmark_client] Sending sample transaction 140
[2026-05-22T09:10:31.339Z INFO  benchmark_client] Sending sample transaction 141
[2026-05-22T09:10:31.388Z INFO  benchmark_client] Sending sample transaction 142
[2026-05-22T09:10:31.438Z INFO  benchmark_client] Sending sample transaction 143
[2026-05-22T09:10:31.489Z INFO  benchmark_client] Sending sample transaction 144
[2026-05-22T09:10:31.539Z INFO  benchmark_client] Sending sample transaction 145
[2026-05-22T09:10:31.589Z INFO  benchmark_client] Sending sample transaction 146
[2026-05-22T09:10:31.639Z INFO  benchmark_client] Sending sample transaction 147
[2026-05-22T09:10:31.688Z INFO  benchmark_client] Sending sample transaction 148
[2026-05-22T09:10:31.739Z INFO  benchmark_client] Sending sample transaction 149
[2026-05-22T09:10:31.789Z INFO  benchmark_client] Sending sample transaction 150
[2026-05-22T09:10:31.838Z INFO  benchmark_client] Sending sample transaction 151
[2026-05-22T09:10:31.889Z INFO  benchmark_client] Sending sample transaction 152
[2026-05-22T09:10:31.939Z INFO  benchmark_client] Sending sample transaction 153
[2026-05-22T09:10:31.989Z INFO  benchmark_client] Sending sample transaction 154
[2026-05-22T09:10:32.039Z INFO  benchmark_client] Sending sample transaction 155
[2026-05-22T09:10:32.089Z INFO  benchmark_client] Sending sample transaction 156
[2026-05-22T09:10:32.138Z INFO  benchmark_client] Sending sample transaction 157
[2026-05-22T09:10:32.188Z INFO  benchmark_client] Sending sample transaction 158
[2026-05-22T09:10:32.238Z INFO  benchmark_client] Sending sample transaction 159
[2026-05-22T09:10:32.289Z INFO  benchmark_client] Sending sample transaction 160
[2026-05-22T09:10:32.339Z INFO  benchmark_client] Sending sample transaction 161
[2026-05-22T09:10:32.389Z INFO  benchmark_client] Sending sample transaction 162
[2026-05-22T09:10:32.439Z INFO  benchmark_client] Sending sample transaction 163
[2026-05-22T09:10:32.489Z INFO  benchmark_client] Sending sample transaction 164
[2026-05-22T09:10:32.538Z INFO  benchmark_client] Sending sample transaction 165
[2026-05-22T09:10:32.589Z INFO  benchmark_client] Sending sample transaction 166
[2026-05-22T09:10:32.638Z INFO  benchmark_client] Sending sample transaction 167
[2026-05-22T09:10:32.688Z INFO  benchmark_client] Sending sample transaction 168
[2026-05-22T09:10:32.739Z INFO  benchmark_client] Sending sample transaction 169
[2026-05-22T09:10:32.789Z INFO  benchmark_client] Sending sample transaction 170
[2026-05-22T09:10:32.839Z INFO  benchmark_client] Sending sample transaction 171
[2026-05-22T09:10:32.888Z INFO  benchmark_client] Sending sample transaction 172
[2026-05-22T09:10:32.938Z INFO  benchmark_client] Sending sample transaction 173
[2026-05-22T09:10:32.988Z INFO  benchmark_client] Sending sample transaction 174
[2026-05-22T09:10:33.039Z INFO  benchmark_client] Sending sample transaction 175
[2026-05-22T09:10:33.088Z INFO  benchmark_client] Sending sample transaction 176
[2026-05-22T09:10:33.138Z INFO  benchmark_client] Sending sample transaction 177
[2026-05-22T09:10:33.189Z INFO  benchmark_client] Sending sample transaction 178
[2026-05-22T09:10:33.238Z INFO  benchmark_client] Sending sample transaction 179
[2026-05-22T09:10:33.288Z INFO  benchmark_client] Sending sample transaction 180
[2026-05-22T09:10:33.339Z INFO  benchmark_client] Sending sample transaction 181
[2026-05-22T09:10:33.388Z INFO  benchmark_client] Sending sample transaction 182
[2026-05-22T09:10:33.438Z INFO  benchmark_client] Sending sample transaction 183
[2026-05-22T09:10:33.489Z INFO  benchmark_client] Sending sample transaction 184
[2026-05-22T09:10:33.538Z INFO  benchmark_client] Sending sample transaction 185
[2026-05-22T09:10:33.589Z INFO  benchmark_client] Sending sample transaction 186
[2026-05-22T09:10:33.639Z INFO  benchmark_client] Sending sample transaction 187
[2026-05-22T09:10:33.689Z INFO  benchmark_client] Sending sample transaction 188
[2026-05-22T09:10:33.738Z INFO  benchmark_client] Sending sample transaction 189
[2026-05-22T09:10:33.788Z INFO  benchmark_client] Sending sample transaction 190
[2026-05-22T09:10:33.840Z INFO  benchmark_client] Sending sample transaction 191
[2026-05-22T09:10:33.888Z INFO  benchmark_client] Sending sample transaction 192
[2026-05-22T09:10:33.938Z INFO  benchmark_client] Sending sample transaction 193
[2026-05-22T09:10:33.989Z INFO  benchmark_client] Sending sample transaction 194
[2026-05-22T09:10:34.038Z INFO  benchmark_client] Sending sample transaction 195
[2026-05-22T09:10:34.089Z INFO  benchmark_client] Sending sample transaction 196
[2026-05-22T09:10:34.138Z INFO  benchmark_client] Sending sample transaction 197
[2026-05-22T09:10:34.188Z INFO  benchmark_client] Sending sample transaction 198
[2026-05-22T09:10:34.239Z INFO  benchmark_client] Sending sample transaction 199
[2026-05-22T09:10:34.289Z INFO  benchmark_client] Sending sample transaction 200
[2026-05-22T09:10:34.338Z INFO  benchmark_client] Sending sample transaction 201
[2026-05-22T09:10:34.388Z INFO  benchmark_client] Sending sample transaction 202
[2026-05-22T09:10:34.439Z INFO  benchmark_client] Sending sample transaction 203
[2026-05-22T09:10:34.488Z INFO  benchmark_client] Sending sample transaction 204
[2026-05-22T09:10:34.538Z INFO  benchmark_client] Sending sample transaction 205
[2026-05-22T09:10:34.589Z INFO  benchmark_client] Sending sample transaction 206
[2026-05-22T09:10:34.639Z INFO  benchmark_client] Sending sample transaction 207
[2026-05-22T09:10:34.689Z INFO  benchmark_client] Sending sample transaction 208
[2026-05-22T09:10:34.738Z INFO  benchmark_client] Sending sample transaction 209
[2026-05-22T09:10:34.788Z INFO  benchmark_client] Sending sample transaction 210
[2026-05-22T09:10:34.838Z INFO  benchmark_client] Sending sample transaction 211
[2026-05-22T09:10:34.889Z INFO  benchmark_client] Sending sample transaction 212
[2026-05-22T09:10:34.938Z INFO  benchmark_client] Sending sample transaction 213
[2026-05-22T09:10:34.988Z INFO  benchmark_client] Sending sample transaction 214
[2026-05-22T09:10:35.039Z INFO  benchmark_client] Sending sample transaction 215
[2026-05-22T09:10:35.089Z INFO  benchmark_client] Sending sample transaction 216
[2026-05-22T09:10:35.138Z INFO  benchmark_client] Sending sample transaction 217
[2026-05-22T09:10:35.188Z INFO  benchmark_client] Sending sample transaction 218
[2026-05-22T09:10:35.238Z INFO  benchmark_client] Sending sample transaction 219
[2026-05-22T09:10:35.289Z INFO  benchmark_client] Sending sample transaction 220
[2026-05-22T09:10:35.338Z INFO  benchmark_client] Sending sample transaction 221
[2026-05-22T09:10:35.388Z INFO  benchmark_client] Sending sample transaction 222
[2026-05-22T09:10:35.439Z INFO  benchmark_client] Sending sample transaction 223
[2026-05-22T09:10:35.488Z INFO  benchmark_client] Sending sample transaction 224
[2026-05-22T09:10:35.538Z INFO  benchmark_client] Sending sample transaction 225
[2026-05-22T09:10:35.589Z INFO  benchmark_client] Sending sample transaction 226
[2026-05-22T09:10:35.638Z INFO  benchmark_client] Sending sample transaction 227
[2026-05-22T09:10:35.689Z INFO  benchmark_client] Sending sample transaction 228
[2026-05-22T09:10:35.739Z INFO  benchmark_client] Sending sample transaction 229
[2026-05-22T09:10:35.789Z INFO  benchmark_client] Sending sample transaction 230
[2026-05-22T09:10:35.839Z INFO  benchmark_client] Sending sample transaction 231
[2026-05-22T09:10:35.888Z INFO  benchmark_client] Sending sample transaction 232
[2026-05-22T09:10:35.939Z INFO  benchmark_client] Sending sample transaction 233
[2026-05-22T09:10:35.989Z INFO  benchmark_client] Sending sample transaction 234
[2026-05-22T09:10:36.039Z INFO  benchmark_client] Sending sample transaction 235
[2026-05-22T09:10:36.088Z INFO  benchmark_client] Sending sample transaction 236
[2026-05-22T09:10:36.139Z INFO  benchmark_client] Sending sample transaction 237
[2026-05-22T09:10:36.189Z INFO  benchmark_client] Sending sample transaction 238
[2026-05-22T09:10:36.239Z INFO  benchmark_client] Sending sample transaction 239
[2026-05-22T09:10:36.288Z INFO  benchmark_client] Sending sample transaction 240
[2026-05-22T09:10:36.339Z INFO  benchmark_client] Sending sample transaction 241
[2026-05-22T09:10:36.389Z INFO  benchmark_client] Sending sample transaction 242
[2026-05-22T09:10:36.439Z INFO  benchmark_client] Sending sample transaction 243
[2026-05-22T09:10:36.488Z INFO  benchmark_client] Sending sample transaction 244
[2026-05-22T09:10:36.538Z INFO  benchmark_client] Sending sample transaction 245
[2026-05-22T09:10:36.588Z INFO  benchmark_client] Sending sample transaction 246
[2026-05-22T09:10:36.638Z INFO  benchmark_client] Sending sample transaction 247
[2026-05-22T09:10:36.688Z INFO  benchmark_client] Sending sample transaction 248
[2026-05-22T09:10:36.739Z INFO  benchmark_client] Sending sample transaction 249
[2026-05-22T09:10:36.789Z INFO  benchmark_client] Sending sample transaction 250
[2026-05-22T09:10:36.838Z INFO  benchmark_client] Sending sample transaction 251
[2026-05-22T09:10:36.888Z INFO  benchmark_client] Sending sample transaction 252
[2026-05-22T09:10:36.938Z INFO  benchmark_client] Sending sample transaction 253
[2026-05-22T09:10:36.988Z INFO  benchmark_client] Sending sample transaction 254
[2026-05-22T09:10:37.039Z INFO  benchmark_client] Sending sample transaction 255
[2026-05-22T09:10:37.089Z INFO  benchmark_client] Sending sample transaction 256
[2026-05-22T09:10:37.139Z INFO  benchmark_client] Sending sample transaction 257
[2026-05-22T09:10:37.189Z INFO  benchmark_client] Sending sample transaction 258
[2026-05-22T09:10:37.238Z INFO  benchmark_client] Sending sample transaction 259
[2026-05-22T09:10:37.288Z INFO  benchmark_client] Sending sample transaction 260
[2026-05-22T09:10:37.339Z INFO  benchmark_client] Sending sample transaction 261
[2026-05-22T09:10:37.389Z INFO  benchmark_client] Sending sample transaction 262
[2026-05-22T09:10:37.438Z INFO  benchmark_client] Sending sample transaction 263
[2026-05-22T09:10:37.488Z INFO  benchmark_client] Sending sample transaction 264
[2026-05-22T09:10:37.539Z INFO  benchmark_client] Sending sample transaction 265
[2026-05-22T09:10:37.589Z INFO  benchmark_client] Sending sample transaction 266
[2026-05-22T09:10:37.639Z INFO  benchmark_client] Sending sample transaction 267
[2026-05-22T09:10:37.689Z INFO  benchmark_client] Sending sample transaction 268
[2026-05-22T09:10:37.738Z INFO  benchmark_client] Sending sample transaction 269
[2026-05-22T09:10:37.788Z INFO  benchmark_client] Sending sample transaction 270
[2026-05-22T09:10:37.838Z INFO  benchmark_client] Sending sample transaction 271
[2026-05-22T09:10:37.889Z INFO  benchmark_client] Sending sample transaction 272
[2026-05-22T09:10:37.939Z INFO  benchmark_client] Sending sample transaction 273
[2026-05-22T09:10:37.988Z INFO  benchmark_client] Sending sample transaction 274
[2026-05-22T09:10:38.039Z INFO  benchmark_client] Sending sample transaction 275
[2026-05-22T09:10:38.089Z INFO  benchmark_client] Sending sample transaction 276
[2026-05-22T09:10:38.139Z INFO  benchmark_client] Sending sample transaction 277
[2026-05-22T09:10:38.188Z INFO  benchmark_client] Sending sample transaction 278
[2026-05-22T09:10:38.239Z INFO  benchmark_client] Sending sample transaction 279
[2026-05-22T09:10:38.290Z INFO  benchmark_client] Sending sample transaction 280
[2026-05-22T09:10:38.339Z INFO  benchmark_client] Sending sample transaction 281
[2026-05-22T09:10:38.389Z INFO  benchmark_client] Sending sample transaction 282
[2026-05-22T09:10:38.439Z INFO  benchmark_client] Sending sample transaction 283
[2026-05-22T09:10:38.489Z INFO  benchmark_client] Sending sample transaction 284
[2026-05-22T09:10:38.538Z INFO  benchmark_client] Sending sample transaction 285
[2026-05-22T09:10:38.589Z INFO  benchmark_client] Sending sample transaction 286
[2026-05-22T09:10:38.639Z INFO  benchmark_client] Sending sample transaction 287
[2026-05-22T09:10:38.688Z INFO  benchmark_client] Sending sample transaction 288
[2026-05-22T09:10:38.739Z INFO  benchmark_client] Sending sample transaction 289
[2026-05-22T09:10:38.788Z INFO  benchmark_client] Sending sample transaction 290
[2026-05-22T09:10:38.838Z INFO  benchmark_client] Sending sample transaction 291
[2026-05-22T09:10:38.889Z INFO  benchmark_client] Sending sample transaction 292
[2026-05-22T09:10:38.938Z INFO  benchmark_client] Sending sample transaction 293
[2026-05-22T09:10:38.989Z INFO  benchmark_client] Sending sample transaction 294
[2026-05-22T09:10:39.038Z INFO  benchmark_client] Sending sample transaction 295
[2026-05-22T09:10:39.088Z INFO  benchmark_client] Sending sample transaction 296
[2026-05-22T09:10:39.139Z INFO  benchmark_client] Sending sample transaction 297
[2026-05-22T09:10:39.189Z INFO  benchmark_client] Sending sample transaction 298
[2026-05-22T09:10:39.239Z INFO  benchmark_client] Sending sample transaction 299
[2026-05-22T09:10:39.288Z INFO  benchmark_client] Sending sample transaction 300
[2026-05-22T09:10:39.339Z INFO  benchmark_client] Sending sample transaction 301
[2026-05-22T09:10:39.389Z INFO  benchmark_client] Sending sample transaction 302
[2026-05-22T09:10:39.439Z INFO  benchmark_client] Sending sample transaction 303
[2026-05-22T09:10:39.489Z INFO  benchmark_client] Sending sample transaction 304
[2026-05-22T09:10:39.538Z INFO  benchmark_client] Sending sample transaction 305
[2026-05-22T09:10:39.589Z INFO  benchmark_client] Sending sample transaction 306
[2026-05-22T09:10:39.639Z INFO  benchmark_client] Sending sample transaction 307
[2026-05-22T09:10:39.688Z INFO  benchmark_client] Sending sample transaction 308
[2026-05-22T09:10:39.739Z INFO  benchmark_client] Sending sample transaction 309
[2026-05-22T09:10:39.789Z INFO  benchmark_client] Sending sample transaction 310
[2026-05-22T09:10:39.839Z INFO  benchmark_client] Sending sample transaction 311
[2026-05-22T09:10:39.888Z INFO  benchmark_client] Sending sample transaction 312
[2026-05-22T09:10:39.938Z INFO  benchmark_client] Sending sample transaction 313
[2026-05-22T09:10:39.989Z INFO  benchmark_client] Sending sample transaction 314
[2026-05-22T09:10:40.039Z INFO  benchmark_client] Sending sample transaction 315
[2026-05-22T09:10:40.089Z INFO  benchmark_client] Sending sample transaction 316
[2026-05-22T09:10:40.138Z INFO  benchmark_client] Sending sample transaction 317
[2026-05-22T09:10:40.189Z INFO  benchmark_client] Sending sample transaction 318
[2026-05-22T09:10:40.239Z INFO  benchmark_client] Sending sample transaction 319
[2026-05-22T09:10:40.289Z INFO  benchmark_client] Sending sample transaction 320
[2026-05-22T09:10:40.338Z INFO  benchmark_client] Sending sample transaction 321
[2026-05-22T09:10:40.389Z INFO  benchmark_client] Sending sample transaction 322
[2026-05-22T09:10:40.439Z INFO  benchmark_client] Sending sample transaction 323
[2026-05-22T09:10:40.489Z INFO  benchmark_client] Sending sample transaction 324
[2026-05-22T09:10:40.538Z INFO  benchmark_client] Sending sample transaction 325
[2026-05-22T09:10:40.589Z INFO  benchmark_client] Sending sample transaction 326
[2026-05-22T09:10:40.639Z INFO  benchmark_client] Sending sample transaction 327
[2026-05-22T09:10:40.689Z INFO  benchmark_client] Sending sample transaction 328
[2026-05-22T09:10:40.738Z INFO  benchmark_client] Sending sample transaction 329
[2026-05-22T09:10:40.789Z INFO  benchmark_client] Sending sample transaction 330
[2026-05-22T09:10:40.839Z INFO  benchmark_client] Sending sample transaction 331
[2026-05-22T09:10:40.889Z INFO  benchmark_client] Sending sample transaction 332
[2026-05-22T09:10:40.939Z INFO  benchmark_client] Sending sample transaction 333
[2026-05-22T09:10:40.988Z INFO  benchmark_client] Sending sample transaction 334
[2026-05-22T09:10:41.038Z INFO  benchmark_client] Sending sample transaction 335
[2026-05-22T09:10:41.089Z INFO  benchmark_client] Sending sample transaction 336
[2026-05-22T09:10:41.138Z INFO  benchmark_client] Sending sample transaction 337
[2026-05-22T09:10:41.189Z INFO  benchmark_client] Sending sample transaction 338
[2026-05-22T09:10:41.238Z INFO  benchmark_client] Sending sample transaction 339
[2026-05-22T09:10:41.288Z INFO  benchmark_client] Sending sample transaction 340
[2026-05-22T09:10:41.339Z INFO  benchmark_client] Sending sample transaction 341
[2026-05-22T09:10:41.388Z INFO  benchmark_client] Sending sample transaction 342
[2026-05-22T09:10:41.439Z INFO  benchmark_client] Sending sample transaction 343
[2026-05-22T09:10:41.488Z INFO  benchmark_client] Sending sample transaction 344
[2026-05-22T09:10:41.538Z INFO  benchmark_client] Sending sample transaction 345
[2026-05-22T09:10:41.589Z INFO  benchmark_client] Sending sample transaction 346
[2026-05-22T09:10:41.639Z INFO  benchmark_client] Sending sample transaction 347
[2026-05-22T09:10:41.688Z INFO  benchmark_client] Sending sample transaction 348
[2026-05-22T09:10:41.738Z INFO  benchmark_client] Sending sample transaction 349
[2026-05-22T09:10:41.789Z INFO  benchmark_client] Sending sample transaction 350
[2026-05-22T09:10:41.839Z INFO  benchmark_client] Sending sample transaction 351
[2026-05-22T09:10:41.888Z INFO  benchmark_client] Sending sample transaction 352
[2026-05-22T09:10:41.939Z INFO  benchmark_client] Sending sample transaction 353
[2026-05-22T09:10:41.989Z INFO  benchmark_client] Sending sample transaction 354
[2026-05-22T09:10:42.038Z INFO  benchmark_client] Sending sample transaction 355
[2026-05-22T09:10:42.089Z INFO  benchmark_client] Sending sample transaction 356
[2026-05-22T09:10:42.139Z INFO  benchmark_client] Sending sample transaction 357
[2026-05-22T09:10:42.188Z INFO  benchmark_client] Sending sample transaction 358
[2026-05-22T09:10:42.238Z INFO  benchmark_client] Sending sample transaction 359
[2026-05-22T09:10:42.289Z INFO  benchmark_client] Sending sample transaction 360
[2026-05-22T09:10:42.339Z INFO  benchmark_client] Sending sample transaction 361
[2026-05-22T09:10:42.388Z INFO  benchmark_client] Sending sample transaction 362
[2026-05-22T09:10:42.438Z INFO  benchmark_client] Sending sample transaction 363
[2026-05-22T09:10:42.488Z INFO  benchmark_client] Sending sample transaction 364
[2026-05-22T09:10:42.539Z INFO  benchmark_client] Sending sample transaction 365
[2026-05-22T09:10:42.589Z INFO  benchmark_client] Sending sample transaction 366
[2026-05-22T09:10:42.638Z INFO  benchmark_client] Sending sample transaction 367
[2026-05-22T09:10:42.689Z INFO  benchmark_client] Sending sample transaction 368
[2026-05-22T09:10:42.739Z INFO  benchmark_client] Sending sample transaction 369
[2026-05-22T09:10:42.789Z INFO  benchmark_client] Sending sample transaction 370
[2026-05-22T09:10:42.839Z INFO  benchmark_client] Sending sample transaction 371
[2026-05-22T09:10:42.889Z INFO  benchmark_client] Sending sample transaction 372
[2026-05-22T09:10:42.938Z INFO  benchmark_client] Sending sample transaction 373
[2026-05-22T09:10:42.988Z INFO  benchmark_client] Sending sample transaction 374
[2026-05-22T09:10:43.038Z INFO  benchmark_client] Sending sample transaction 375
[2026-05-22T09:10:43.089Z INFO  benchmark_client] Sending sample transaction 376
[2026-05-22T09:10:43.139Z INFO  benchmark_client] Sending sample transaction 377
[2026-05-22T09:10:43.188Z INFO  benchmark_client] Sending sample transaction 378
[2026-05-22T09:10:43.239Z INFO  benchmark_client] Sending sample transaction 379
[2026-05-22T09:10:43.288Z INFO  benchmark_client] Sending sample transaction 380
[2026-05-22T09:10:43.339Z INFO  benchmark_client] Sending sample transaction 381
[2026-05-22T09:10:43.388Z INFO  benchmark_client] Sending sample transaction 382
[2026-05-22T09:10:43.438Z INFO  benchmark_client] Sending sample transaction 383
[2026-05-22T09:10:43.489Z INFO  benchmark_client] Sending sample transaction 384
[2026-05-22T09:10:43.538Z INFO  benchmark_client] Sending sample transaction 385
[2026-05-22T09:10:43.589Z INFO  benchmark_client] Sending sample transaction 386
[2026-05-22T09:10:43.639Z INFO  benchmark_client] Sending sample transaction 387
[2026-05-22T09:10:43.689Z INFO  benchmark_client] Sending sample transaction 388
[2026-05-22T09:10:43.739Z INFO  benchmark_client] Sending sample transaction 389
[2026-05-22T09:10:43.788Z INFO  benchmark_client] Sending sample transaction 390
[2026-05-22T09:10:43.838Z INFO  benchmark_client] Sending sample transaction 391
[2026-05-22T09:10:43.889Z INFO  benchmark_client] Sending sample transaction 392
[2026-05-22T09:10:43.939Z INFO  benchmark_client] Sending sample transaction 393
[2026-05-22T09:10:43.988Z INFO  benchmark_client] Sending sample transaction 394
[2026-05-22T09:10:44.039Z INFO  benchmark_client] Sending sample transaction 395
[2026-05-22T09:10:44.089Z INFO  benchmark_client] Sending sample transaction 396
[2026-05-22T09:10:44.139Z INFO  benchmark_client] Sending sample transaction 397
[2026-05-22T09:10:44.188Z INFO  benchmark_client] Sending sample transaction 398
[2026-05-22T09:10:44.238Z INFO  benchmark_client] Sending sample transaction 399
[2026-05-22T09:10:44.289Z INFO  benchmark_client] Sending sample transaction 400
[2026-05-22T09:10:44.339Z INFO  benchmark_client] Sending sample transaction 401
[2026-05-22T09:10:44.388Z INFO  benchmark_client] Sending sample transaction 402
[2026-05-22T09:10:44.439Z INFO  benchmark_client] Sending sample transaction 403
[2026-05-22T09:10:44.489Z INFO  benchmark_client] Sending sample transaction 404
[2026-05-22T09:10:44.538Z INFO  benchmark_client] Sending sample transaction 405
[2026-05-22T09:10:44.589Z INFO  benchmark_client] Sending sample transaction 406
[2026-05-22T09:10:44.639Z INFO  benchmark_client] Sending sample transaction 407
[2026-05-22T09:10:44.689Z INFO  benchmark_client] Sending sample transaction 408
[2026-05-22T09:10:44.739Z INFO  benchmark_client] Sending sample transaction 409
[2026-05-22T09:10:44.789Z INFO  benchmark_client] Sending sample transaction 410
[2026-05-22T09:10:44.839Z INFO  benchmark_client] Sending sample transaction 411
[2026-05-22T09:10:44.889Z INFO  benchmark_client] Sending sample transaction 412
[2026-05-22T09:10:44.938Z INFO  benchmark_client] Sending sample transaction 413
[2026-05-22T09:10:44.989Z INFO  benchmark_client] Sending sample transaction 414
[2026-05-22T09:10:45.039Z INFO  benchmark_client] Sending sample transaction 415
[2026-05-22T09:10:45.088Z INFO  benchmark_client] Sending sample transaction 416
[2026-05-22T09:10:45.139Z INFO  benchmark_client] Sending sample transaction 417
[2026-05-22T09:10:45.189Z INFO  benchmark_client] Sending sample transaction 418
[2026-05-22T09:10:45.238Z INFO  benchmark_client] Sending sample transaction 419
[2026-05-22T09:10:45.288Z INFO  benchmark_client] Sending sample transaction 420
[2026-05-22T09:10:45.339Z INFO  benchmark_client] Sending sample transaction 421
[2026-05-22T09:10:45.388Z INFO  benchmark_client] Sending sample transaction 422
[2026-05-22T09:10:45.438Z INFO  benchmark_client] Sending sample transaction 423
[2026-05-22T09:10:45.488Z INFO  benchmark_client] Sending sample transaction 424
[2026-05-22T09:10:45.539Z INFO  benchmark_client] Sending sample transaction 425
[2026-05-22T09:10:45.589Z INFO  benchmark_client] Sending sample transaction 426
[2026-05-22T09:10:45.638Z INFO  benchmark_client] Sending sample transaction 427
[2026-05-22T09:10:45.688Z INFO  benchmark_client] Sending sample transaction 428
[2026-05-22T09:10:45.738Z INFO  benchmark_client] Sending sample transaction 429
[2026-05-22T09:10:45.788Z INFO  benchmark_client] Sending sample transaction 430
[2026-05-22T09:10:45.839Z INFO  benchmark_client] Sending sample transaction 431
[2026-05-22T09:10:45.889Z INFO  benchmark_client] Sending sample transaction 432
[2026-05-22T09:10:45.939Z INFO  benchmark_client] Sending sample transaction 433
[2026-05-22T09:10:45.989Z INFO  benchmark_client] Sending sample transaction 434
[2026-05-22T09:10:46.038Z INFO  benchmark_client] Sending sample transaction 435
[2026-05-22T09:10:46.089Z INFO  benchmark_client] Sending sample transaction 436
[2026-05-22T09:10:46.138Z INFO  benchmark_client] Sending sample transaction 437
[2026-05-22T09:10:46.189Z INFO  benchmark_client] Sending sample transaction 438
[2026-05-22T09:10:46.239Z INFO  benchmark_client] Sending sample transaction 439
[2026-05-22T09:10:46.288Z INFO  benchmark_client] Sending sample transaction 440
[2026-05-22T09:10:46.339Z INFO  benchmark_client] Sending sample transaction 441
[2026-05-22T09:10:46.389Z INFO  benchmark_client] Sending sample transaction 442
[2026-05-22T09:10:46.438Z INFO  benchmark_client] Sending sample transaction 443
[2026-05-22T09:10:46.489Z INFO  benchmark_client] Sending sample transaction 444
[2026-05-22T09:10:46.539Z INFO  benchmark_client] Sending sample transaction 445
[2026-05-22T09:10:46.588Z INFO  benchmark_client] Sending sample transaction 446
[2026-05-22T09:10:46.639Z INFO  benchmark_client] Sending sample transaction 447
[2026-05-22T09:10:46.689Z INFO  benchmark_client] Sending sample transaction 448
[2026-05-22T09:10:46.739Z INFO  benchmark_client] Sending sample transaction 449
[2026-05-22T09:10:46.788Z INFO  benchmark_client] Sending sample transaction 450
[2026-05-22T09:10:46.842Z INFO  benchmark_client] Sending sample transaction 451
[2026-05-22T09:10:46.889Z INFO  benchmark_client] Sending sample transaction 452
[2026-05-22T09:10:46.938Z INFO  benchmark_client] Sending sample transaction 453
[2026-05-22T09:10:46.989Z INFO  benchmark_client] Sending sample transaction 454
[2026-05-22T09:10:47.039Z INFO  benchmark_client] Sending sample transaction 455
[2026-05-22T09:10:47.089Z INFO  benchmark_client] Sending sample transaction 456
[2026-05-22T09:10:47.138Z INFO  benchmark_client] Sending sample transaction 457
[2026-05-22T09:10:47.188Z INFO  benchmark_client] Sending sample transaction 458
[2026-05-22T09:10:47.238Z INFO  benchmark_client] Sending sample transaction 459
[2026-05-22T09:10:47.289Z INFO  benchmark_client] Sending sample transaction 460
[2026-05-22T09:10:47.338Z INFO  benchmark_client] Sending sample transaction 461
[2026-05-22T09:10:47.389Z INFO  benchmark_client] Sending sample transaction 462
[2026-05-22T09:10:47.439Z INFO  benchmark_client] Sending sample transaction 463
[2026-05-22T09:10:47.489Z INFO  benchmark_client] Sending sample transaction 464
[2026-05-22T09:10:47.539Z INFO  benchmark_client] Sending sample transaction 465
[2026-05-22T09:10:47.589Z INFO  benchmark_client] Sending sample transaction 466
[2026-05-22T09:10:47.638Z INFO  benchmark_client] Sending sample transaction 467
[2026-05-22T09:10:47.689Z INFO  benchmark_client] Sending sample transaction 468
[2026-05-22T09:10:47.738Z INFO  benchmark_client] Sending sample transaction 469
[2026-05-22T09:10:47.789Z INFO  benchmark_client] Sending sample transaction 470
[2026-05-22T09:10:47.839Z INFO  benchmark_client] Sending sample transaction 471
[2026-05-22T09:10:47.888Z INFO  benchmark_client] Sending sample transaction 472
[2026-05-22T09:10:47.939Z INFO  benchmark_client] Sending sample transaction 473
[2026-05-22T09:10:47.989Z INFO  benchmark_client] Sending sample transaction 474
[2026-05-22T09:10:48.039Z INFO  benchmark_client] Sending sample transaction 475
[2026-05-22T09:10:48.088Z INFO  benchmark_client] Sending sample transaction 476
[2026-05-22T09:10:48.139Z INFO  benchmark_client] Sending sample transaction 477
[2026-05-22T09:10:48.188Z INFO  benchmark_client] Sending sample transaction 478
[2026-05-22T09:10:48.239Z INFO  benchmark_client] Sending sample transaction 479
[2026-05-22T09:10:48.289Z INFO  benchmark_client] Sending sample transaction 480
[2026-05-22T09:10:48.338Z INFO  benchmark_client] Sending sample transaction 481
[2026-05-22T09:10:48.388Z INFO  benchmark_client] Sending sample transaction 482
[2026-05-22T09:10:48.438Z INFO  benchmark_client] Sending sample transaction 483
[2026-05-22T09:10:48.489Z INFO  benchmark_client] Sending sample transaction 484
[2026-05-22T09:10:48.539Z INFO  benchmark_client] Sending sample transaction 485
[2026-05-22T09:10:48.588Z INFO  benchmark_client] Sending sample transaction 486
[2026-05-22T09:10:48.639Z INFO  benchmark_client] Sending sample transaction 487
[2026-05-22T09:10:48.689Z INFO  benchmark_client] Sending sample transaction 488
[2026-05-22T09:10:48.738Z INFO  benchmark_client] Sending sample transaction 489
[2026-05-22T09:10:48.789Z INFO  benchmark_client] Sending sample transaction 490
[2026-05-22T09:10:48.839Z INFO  benchmark_client] Sending sample transaction 491
[2026-05-22T09:10:48.888Z INFO  benchmark_client] Sending sample transaction 492
[2026-05-22T09:10:48.938Z INFO  benchmark_client] Sending sample transaction 493
[2026-05-22T09:10:48.989Z INFO  benchmark_client] Sending sample transaction 494
[2026-05-22T09:10:49.039Z INFO  benchmark_client] Sending sample transaction 495
[2026-05-22T09:10:49.089Z INFO  benchmark_client] Sending sample transaction 496
[2026-05-22T09:10:49.139Z INFO  benchmark_client] Sending sample transaction 497
[2026-05-22T09:10:49.188Z INFO  benchmark_client] Sending sample transaction 498
[2026-05-22T09:10:49.239Z INFO  benchmark_client] Sending sample transaction 499
[2026-05-22T09:10:49.288Z INFO  benchmark_client] Sending sample transaction 500
[2026-05-22T09:10:49.338Z INFO  benchmark_client] Sending sample transaction 501
[2026-05-22T09:10:49.388Z INFO  benchmark_client] Sending sample transaction 502
[2026-05-22T09:10:49.439Z INFO  benchmark_client] Sending sample transaction 503
[2026-05-22T09:10:49.489Z INFO  benchmark_client] Sending sample transaction 504
[2026-05-22T09:10:49.539Z INFO  benchmark_client] Sending sample transaction 505
[2026-05-22T09:10:49.589Z INFO  benchmark_client] Sending sample transaction 506
[2026-05-22T09:10:49.638Z INFO  benchmark_client] Sending sample transaction 507
[2026-05-22T09:10:49.688Z INFO  benchmark_client] Sending sample transaction 508
[2026-05-22T09:10:49.739Z INFO  benchmark_client] Sending sample transaction 509
[2026-05-22T09:10:49.788Z INFO  benchmark_client] Sending sample transaction 510
[2026-05-22T09:10:49.838Z INFO  benchmark_client] Sending sample transaction 511
[2026-05-22T09:10:49.889Z INFO  benchmark_client] Sending sample transaction 512
[2026-05-22T09:10:49.939Z INFO  benchmark_client] Sending sample transaction 513
[2026-05-22T09:10:49.988Z INFO  benchmark_client] Sending sample transaction 514
[2026-05-22T09:10:50.038Z INFO  benchmark_client] Sending sample transaction 515
[2026-05-22T09:10:50.088Z INFO  benchmark_client] Sending sample transaction 516
[2026-05-22T09:10:50.139Z INFO  benchmark_client] Sending sample transaction 517
[2026-05-22T09:10:50.189Z INFO  benchmark_client] Sending sample transaction 518
[2026-05-22T09:10:50.238Z INFO  benchmark_client] Sending sample transaction 519
[2026-05-22T09:10:50.288Z INFO  benchmark_client] Sending sample transaction 520
[2026-05-22T09:10:50.339Z INFO  benchmark_client] Sending sample transaction 521
[2026-05-22T09:10:50.389Z INFO  benchmark_client] Sending sample transaction 522
[2026-05-22T09:10:50.438Z INFO  benchmark_client] Sending sample transaction 523
[2026-05-22T09:10:50.488Z INFO  benchmark_client] Sending sample transaction 524
[2026-05-22T09:10:50.538Z INFO  benchmark_client] Sending sample transaction 525
[2026-05-22T09:10:50.588Z INFO  benchmark_client] Sending sample transaction 526
[2026-05-22T09:10:50.639Z INFO  benchmark_client] Sending sample transaction 527
[2026-05-22T09:10:50.689Z INFO  benchmark_client] Sending sample transaction 528
[2026-05-22T09:10:50.738Z INFO  benchmark_client] Sending sample transaction 529
[2026-05-22T09:10:50.788Z INFO  benchmark_client] Sending sample transaction 530
[2026-05-22T09:10:50.839Z INFO  benchmark_client] Sending sample transaction 531
[2026-05-22T09:10:50.889Z INFO  benchmark_client] Sending sample transaction 532
[2026-05-22T09:10:50.938Z INFO  benchmark_client] Sending sample transaction 533
[2026-05-22T09:10:50.988Z INFO  benchmark_client] Sending sample transaction 534
[2026-05-22T09:10:51.038Z INFO  benchmark_client] Sending sample transaction 535
[2026-05-22T09:10:51.089Z INFO  benchmark_client] Sending sample transaction 536
[2026-05-22T09:10:51.139Z INFO  benchmark_client] Sending sample transaction 537
[2026-05-22T09:10:51.189Z INFO  benchmark_client] Sending sample transaction 538
[2026-05-22T09:10:51.239Z INFO  benchmark_client] Sending sample transaction 539
[2026-05-22T09:10:51.289Z INFO  benchmark_client] Sending sample transaction 540
[2026-05-22T09:10:51.338Z INFO  benchmark_client] Sending sample transaction 541
[2026-05-22T09:10:51.388Z INFO  benchmark_client] Sending sample transaction 542
[2026-05-22T09:10:51.439Z INFO  benchmark_client] Sending sample transaction 543
[2026-05-22T09:10:51.489Z INFO  benchmark_client] Sending sample transaction 544
[2026-05-22T09:10:51.538Z INFO  benchmark_client] Sending sample transaction 545
[2026-05-22T09:10:51.589Z INFO  benchmark_client] Sending sample transaction 546
[2026-05-22T09:10:51.638Z INFO  benchmark_client] Sending sample transaction 547
[2026-05-22T09:10:51.689Z INFO  benchmark_client] Sending sample transaction 548
[2026-05-22T09:10:51.739Z INFO  benchmark_client] Sending sample transaction 549
[2026-05-22T09:10:51.788Z INFO  benchmark_client] Sending sample transaction 550
[2026-05-22T09:10:51.838Z INFO  benchmark_client] Sending sample transaction 551
[2026-05-22T09:10:51.889Z INFO  benchmark_client] Sending sample transaction 552
[2026-05-22T09:10:51.938Z INFO  benchmark_client] Sending sample transaction 553
[2026-05-22T09:10:51.988Z INFO  benchmark_client] Sending sample transaction 554
[2026-05-22T09:10:52.039Z INFO  benchmark_client] Sending sample transaction 555
[2026-05-22T09:10:52.089Z INFO  benchmark_client] Sending sample transaction 556
[2026-05-22T09:10:52.139Z INFO  benchmark_client] Sending sample transaction 557
[2026-05-22T09:10:52.188Z INFO  benchmark_client] Sending sample transaction 558
[2026-05-22T09:10:52.238Z INFO  benchmark_client] Sending sample transaction 559
[2026-05-22T09:10:52.289Z INFO  benchmark_client] Sending sample transaction 560
[2026-05-22T09:10:52.339Z INFO  benchmark_client] Sending sample transaction 561
[2026-05-22T09:10:52.388Z INFO  benchmark_client] Sending sample transaction 562
[2026-05-22T09:10:52.438Z INFO  benchmark_client] Sending sample transaction 563
[2026-05-22T09:10:52.490Z INFO  benchmark_client] Sending sample transaction 564
[2026-05-22T09:10:52.538Z INFO  benchmark_client] Sending sample transaction 565
[2026-05-22T09:10:52.589Z INFO  benchmark_client] Sending sample transaction 566
[2026-05-22T09:10:52.639Z INFO  benchmark_client] Sending sample transaction 567
[2026-05-22T09:10:52.689Z INFO  benchmark_client] Sending sample transaction 568
[2026-05-22T09:10:52.738Z INFO  benchmark_client] Sending sample transaction 569
[2026-05-22T09:10:52.789Z INFO  benchmark_client] Sending sample transaction 570
[2026-05-22T09:10:52.838Z INFO  benchmark_client] Sending sample transaction 571
[2026-05-22T09:10:52.888Z INFO  benchmark_client] Sending sample transaction 572
[2026-05-22T09:10:52.939Z INFO  benchmark_client] Sending sample transaction 573
[2026-05-22T09:10:52.988Z INFO  benchmark_client] Sending sample transaction 574
[2026-05-22T09:10:53.038Z INFO  benchmark_client] Sending sample transaction 575
[2026-05-22T09:10:53.089Z INFO  benchmark_client] Sending sample transaction 576
[2026-05-22T09:10:53.138Z INFO  benchmark_client] Sending sample transaction 577
[2026-05-22T09:10:53.188Z INFO  benchmark_client] Sending sample transaction 578
[2026-05-22T09:10:53.239Z INFO  benchmark_client] Sending sample transaction 579
[2026-05-22T09:10:53.289Z INFO  benchmark_client] Sending sample transaction 580
[2026-05-22T09:10:53.339Z INFO  benchmark_client] Sending sample transaction 581
[2026-05-22T09:10:53.388Z INFO  benchmark_client] Sending sample transaction 582
[2026-05-22T09:10:53.438Z INFO  benchmark_client] Sending sample transaction 583
[2026-05-22T09:10:53.489Z INFO  benchmark_client] Sending sample transaction 584
[2026-05-22T09:10:53.539Z INFO  benchmark_client] Sending sample transaction 585
[2026-05-22T09:10:53.588Z INFO  benchmark_client] Sending sample transaction 586
[2026-05-22T09:10:53.638Z INFO  benchmark_client] Sending sample transaction 587
[2026-05-22T09:10:53.689Z INFO  benchmark_client] Sending sample transaction 588
[2026-05-22T09:10:53.738Z INFO  benchmark_client] Sending sample transaction 589
[2026-05-22T09:10:53.788Z INFO  benchmark_client] Sending sample transaction 590
[2026-05-22T09:10:53.839Z INFO  benchmark_client] Sending sample transaction 591
[2026-05-22T09:10:53.888Z INFO  benchmark_client] Sending sample transaction 592
[2026-05-22T09:10:53.938Z INFO  benchmark_client] Sending sample transaction 593
[2026-05-22T09:10:53.989Z INFO  benchmark_client] Sending sample transaction 594
[2026-05-22T09:10:54.039Z INFO  benchmark_client] Sending sample transaction 595
[2026-05-22T09:10:54.088Z INFO  benchmark_client] Sending sample transaction 596
[2026-05-22T09:10:54.139Z INFO  benchmark_client] Sending sample transaction 597
[2026-05-22T09:10:54.189Z INFO  benchmark_client] Sending sample transaction 598
[2026-05-22T09:10:54.238Z INFO  benchmark_client] Sending sample transaction 599
[2026-05-22T09:10:54.288Z INFO  benchmark_client] Sending sample transaction 600
[2026-05-22T09:10:54.339Z INFO  benchmark_client] Sending sample transaction 601
[2026-05-22T09:10:54.389Z INFO  benchmark_client] Sending sample transaction 602
[2026-05-22T09:10:54.439Z INFO  benchmark_client] Sending sample transaction 603
[2026-05-22T09:10:54.489Z INFO  benchmark_client] Sending sample transaction 604
[2026-05-22T09:10:54.540Z INFO  benchmark_client] Sending sample transaction 605
[2026-05-22T09:10:54.588Z INFO  benchmark_client] Sending sample transaction 606
[2026-05-22T09:10:54.639Z INFO  benchmark_client] Sending sample transaction 607
[2026-05-22T09:10:54.689Z INFO  benchmark_client] Sending sample transaction 608
[2026-05-22T09:10:54.739Z INFO  benchmark_client] Sending sample transaction 609
[2026-05-22T09:10:54.788Z INFO  benchmark_client] Sending sample transaction 610
[2026-05-22T09:10:54.839Z INFO  benchmark_client] Sending sample transaction 611
[2026-05-22T09:10:54.889Z INFO  benchmark_client] Sending sample transaction 612
[2026-05-22T09:10:54.938Z INFO  benchmark_client] Sending sample transaction 613
[2026-05-22T09:10:54.989Z INFO  benchmark_client] Sending sample transaction 614
[2026-05-22T09:10:55.039Z INFO  benchmark_client] Sending sample transaction 615
[2026-05-22T09:10:55.088Z INFO  benchmark_client] Sending sample transaction 616
[2026-05-22T09:10:55.140Z INFO  benchmark_client] Sending sample transaction 617
[2026-05-22T09:10:55.188Z INFO  benchmark_client] Sending sample transaction 618
[2026-05-22T09:10:55.239Z INFO  benchmark_client] Sending sample transaction 619
[2026-05-22T09:10:55.289Z INFO  benchmark_client] Sending sample transaction 620
[2026-05-22T09:10:55.339Z INFO  benchmark_client] Sending sample transaction 621
[2026-05-22T09:10:55.388Z INFO  benchmark_client] Sending sample transaction 622
[2026-05-22T09:10:55.441Z INFO  benchmark_client] Sending sample transaction 623
[2026-05-22T09:10:55.489Z INFO  benchmark_client] Sending sample transaction 624
[2026-05-22T09:10:55.538Z INFO  benchmark_client] Sending sample transaction 625
[2026-05-22T09:10:55.589Z INFO  benchmark_client] Sending sample transaction 626
[2026-05-22T09:10:55.639Z INFO  benchmark_client] Sending sample transaction 627
[2026-05-22T09:10:55.689Z INFO  benchmark_client] Sending sample transaction 628
[2026-05-22T09:10:55.738Z INFO  benchmark_client] Sending sample transaction 629
[2026-05-22T09:10:55.789Z INFO  benchmark_client] Sending sample transaction 630
[2026-05-22T09:10:55.839Z INFO  benchmark_client] Sending sample transaction 631
[2026-05-22T09:10:55.888Z INFO  benchmark_client] Sending sample transaction 632
[2026-05-22T09:10:55.939Z INFO  benchmark_client] Sending sample transaction 633
[2026-05-22T09:10:55.989Z INFO  benchmark_client] Sending sample transaction 634
[2026-05-22T09:10:56.038Z INFO  benchmark_client] Sending sample transaction 635
[2026-05-22T09:10:56.088Z INFO  benchmark_client] Sending sample transaction 636
[2026-05-22T09:10:56.139Z INFO  benchmark_client] Sending sample transaction 637
[2026-05-22T09:10:56.189Z INFO  benchmark_client] Sending sample transaction 638
[2026-05-22T09:10:56.239Z INFO  benchmark_client] Sending sample transaction 639
[2026-05-22T09:10:56.289Z INFO  benchmark_client] Sending sample transaction 640
[2026-05-22T09:10:56.338Z INFO  benchmark_client] Sending sample transaction 641
[2026-05-22T09:10:56.389Z INFO  benchmark_client] Sending sample transaction 642
[2026-05-22T09:10:56.439Z INFO  benchmark_client] Sending sample transaction 643
[2026-05-22T09:10:56.489Z INFO  benchmark_client] Sending sample transaction 644
[2026-05-22T09:10:56.539Z INFO  benchmark_client] Sending sample transaction 645
[2026-05-22T09:10:56.588Z INFO  benchmark_client] Sending sample transaction 646
[2026-05-22T09:10:56.639Z INFO  benchmark_client] Sending sample transaction 647
[2026-05-22T09:10:56.689Z INFO  benchmark_client] Sending sample transaction 648
[2026-05-22T09:10:56.738Z INFO  benchmark_client] Sending sample transaction 649
[2026-05-22T09:10:56.789Z INFO  benchmark_client] Sending sample transaction 650
[2026-05-22T09:10:56.839Z INFO  benchmark_client] Sending sample transaction 651
[2026-05-22T09:10:56.889Z INFO  benchmark_client] Sending sample transaction 652
[2026-05-22T09:10:56.938Z INFO  benchmark_client] Sending sample transaction 653
[2026-05-22T09:10:56.989Z INFO  benchmark_client] Sending sample transaction 654
[2026-05-22T09:10:57.039Z INFO  benchmark_client] Sending sample transaction 655
[2026-05-22T09:10:57.088Z INFO  benchmark_client] Sending sample transaction 656
[2026-05-22T09:10:57.139Z INFO  benchmark_client] Sending sample transaction 657
[2026-05-22T09:10:57.189Z INFO  benchmark_client] Sending sample transaction 658
[2026-05-22T09:10:57.239Z INFO  benchmark_client] Sending sample transaction 659
[2026-05-22T09:10:57.289Z INFO  benchmark_client] Sending sample transaction 660
[2026-05-22T09:10:57.339Z INFO  benchmark_client] Sending sample transaction 661
[2026-05-22T09:10:57.389Z INFO  benchmark_client] Sending sample transaction 662
[2026-05-22T09:10:57.439Z INFO  benchmark_client] Sending sample transaction 663
[2026-05-22T09:10:57.489Z INFO  benchmark_client] Sending sample transaction 664
[2026-05-22T09:10:57.539Z INFO  benchmark_client] Sending sample transaction 665
[2026-05-22T09:10:57.588Z INFO  benchmark_client] Sending sample transaction 666
[2026-05-22T09:10:57.639Z INFO  benchmark_client] Sending sample transaction 667
[2026-05-22T09:10:57.689Z INFO  benchmark_client] Sending sample transaction 668
[2026-05-22T09:10:57.738Z INFO  benchmark_client] Sending sample transaction 669
[2026-05-22T09:10:57.788Z INFO  benchmark_client] Sending sample transaction 670
[2026-05-22T09:10:57.839Z INFO  benchmark_client] Sending sample transaction 671
[2026-05-22T09:10:57.888Z INFO  benchmark_client] Sending sample transaction 672
[2026-05-22T09:10:57.938Z INFO  benchmark_client] Sending sample transaction 673
[2026-05-22T09:10:57.989Z INFO  benchmark_client] Sending sample transaction 674
[2026-05-22T09:10:58.038Z INFO  benchmark_client] Sending sample transaction 675
[2026-05-22T09:10:58.088Z INFO  benchmark_client] Sending sample transaction 676
[2026-05-22T09:10:58.138Z INFO  benchmark_client] Sending sample transaction 677
[2026-05-22T09:10:58.189Z INFO  benchmark_client] Sending sample transaction 678
[2026-05-22T09:10:58.238Z INFO  benchmark_client] Sending sample transaction 679
[2026-05-22T09:10:58.288Z INFO  benchmark_client] Sending sample transaction 680
[2026-05-22T09:10:58.339Z INFO  benchmark_client] Sending sample transaction 681
[2026-05-22T09:10:58.389Z INFO  benchmark_client] Sending sample transaction 682
[2026-05-22T09:10:58.438Z INFO  benchmark_client] Sending sample transaction 683
[2026-05-22T09:10:58.489Z INFO  benchmark_client] Sending sample transaction 684
[2026-05-22T09:10:58.539Z INFO  benchmark_client] Sending sample transaction 685
[2026-05-22T09:10:58.588Z INFO  benchmark_client] Sending sample transaction 686
[2026-05-22T09:10:58.638Z INFO  benchmark_client] Sending sample transaction 687
[2026-05-22T09:10:58.689Z INFO  benchmark_client] Sending sample transaction 688
[2026-05-22T09:10:58.738Z INFO  benchmark_client] Sending sample transaction 689
[2026-05-22T09:10:58.789Z INFO  benchmark_client] Sending sample transaction 690
[2026-05-22T09:10:58.838Z INFO  benchmark_client] Sending sample transaction 691
[2026-05-22T09:10:58.889Z INFO  benchmark_client] Sending sample transaction 692
[2026-05-22T09:10:58.938Z INFO  benchmark_client] Sending sample transaction 693
[2026-05-22T09:10:58.988Z INFO  benchmark_client] Sending sample transaction 694
[2026-05-22T09:10:59.039Z INFO  benchmark_client] Sending sample transaction 695
[2026-05-22T09:10:59.088Z INFO  benchmark_client] Sending sample transaction 696
[2026-05-22T09:10:59.138Z INFO  benchmark_client] Sending sample transaction 697
[2026-05-22T09:10:59.189Z INFO  benchmark_client] Sending sample transaction 698
[2026-05-22T09:10:59.238Z INFO  benchmark_client] Sending sample transaction 699
[2026-05-22T09:10:59.288Z INFO  benchmark_client] Sending sample transaction 700
[2026-05-22T09:10:59.339Z INFO  benchmark_client] Sending sample transaction 701
[2026-05-22T09:10:59.388Z INFO  benchmark_client] Sending sample transaction 702
[2026-05-22T09:10:59.439Z INFO  benchmark_client] Sending sample transaction 703
[2026-05-22T09:10:59.488Z INFO  benchmark_client] Sending sample transaction 704
[2026-05-22T09:10:59.539Z INFO  benchmark_client] Sending sample transaction 705
[2026-05-22T09:10:59.589Z INFO  benchmark_client] Sending sample transaction 706
[2026-05-22T09:10:59.638Z INFO  benchmark_client] Sending sample transaction 707
[2026-05-22T09:10:59.689Z INFO  benchmark_client] Sending sample transaction 708
[2026-05-22T09:10:59.741Z INFO  benchmark_client] Sending sample transaction 709
[2026-05-22T09:10:59.789Z INFO  benchmark_client] Sending sample transaction 710
[2026-05-22T09:10:59.839Z INFO  benchmark_client] Sending sample transaction 711
[2026-05-22T09:10:59.889Z INFO  benchmark_client] Sending sample transaction 712
[2026-05-22T09:10:59.939Z INFO  benchmark_client] Sending sample transaction 713
[2026-05-22T09:10:59.989Z INFO  benchmark_client] Sending sample transaction 714
[2026-05-22T09:11:00.039Z INFO  benchmark_client] Sending sample transaction 715
[2026-05-22T09:11:00.088Z INFO  benchmark_client] Sending sample transaction 716
[2026-05-22T09:11:00.139Z INFO  benchmark_client] Sending sample transaction 717
[2026-05-22T09:11:00.188Z INFO  benchmark_client] Sending sample transaction 718
[2026-05-22T09:11:00.240Z INFO  benchmark_client] Sending sample transaction 719
[2026-05-22T09:11:00.289Z INFO  benchmark_client] Sending sample transaction 720
[2026-05-22T09:11:00.339Z INFO  benchmark_client] Sending sample transaction 721
[2026-05-22T09:11:00.389Z INFO  benchmark_client] Sending sample transaction 722
[2026-05-22T09:11:00.438Z INFO  benchmark_client] Sending sample transaction 723
[2026-05-22T09:11:00.488Z INFO  benchmark_client] Sending sample transaction 724
[2026-05-22T09:11:00.538Z INFO  benchmark_client] Sending sample transaction 725
[2026-05-22T09:11:00.589Z INFO  benchmark_client] Sending sample transaction 726
[2026-05-22T09:11:00.638Z INFO  benchmark_client] Sending sample transaction 727
[2026-05-22T09:11:00.689Z INFO  benchmark_client] Sending sample transaction 728
[2026-05-22T09:11:00.739Z INFO  benchmark_client] Sending sample transaction 729
[2026-05-22T09:11:00.788Z INFO  benchmark_client] Sending sample transaction 730
[2026-05-22T09:11:00.839Z INFO  benchmark_client] Sending sample transaction 731
[2026-05-22T09:11:00.889Z INFO  benchmark_client] Sending sample transaction 732
[2026-05-22T09:11:00.938Z INFO  benchmark_client] Sending sample transaction 733
[2026-05-22T09:11:00.989Z INFO  benchmark_client] Sending sample transaction 734
[2026-05-22T09:11:01.039Z INFO  benchmark_client] Sending sample transaction 735
[2026-05-22T09:11:01.088Z INFO  benchmark_client] Sending sample transaction 736
[2026-05-22T09:11:01.139Z INFO  benchmark_client] Sending sample transaction 737
[2026-05-22T09:11:01.188Z INFO  benchmark_client] Sending sample transaction 738
[2026-05-22T09:11:01.238Z INFO  benchmark_client] Sending sample transaction 739
[2026-05-22T09:11:01.289Z INFO  benchmark_client] Sending sample transaction 740
[2026-05-22T09:11:01.339Z INFO  benchmark_client] Sending sample transaction 741
[2026-05-22T09:11:01.388Z INFO  benchmark_client] Sending sample transaction 742
[2026-05-22T09:11:01.438Z INFO  benchmark_client] Sending sample transaction 743
[2026-05-22T09:11:01.489Z INFO  benchmark_client] Sending sample transaction 744
[2026-05-22T09:11:01.539Z INFO  benchmark_client] Sending sample transaction 745
[2026-05-22T09:11:01.589Z INFO  benchmark_client] Sending sample transaction 746
[2026-05-22T09:11:01.638Z INFO  benchmark_client] Sending sample transaction 747
[2026-05-22T09:11:01.689Z INFO  benchmark_client] Sending sample transaction 748
[2026-05-22T09:11:01.739Z INFO  benchmark_client] Sending sample transaction 749
[2026-05-22T09:11:01.788Z INFO  benchmark_client] Sending sample transaction 750
[2026-05-22T09:11:01.839Z INFO  benchmark_client] Sending sample transaction 751
[2026-05-22T09:11:01.889Z INFO  benchmark_client] Sending sample transaction 752
[2026-05-22T09:11:01.939Z INFO  benchmark_client] Sending sample transaction 753
[2026-05-22T09:11:01.988Z INFO  benchmark_client] Sending sample transaction 754
[2026-05-22T09:11:02.039Z INFO  benchmark_client] Sending sample transaction 755
[2026-05-22T09:11:02.089Z INFO  benchmark_client] Sending sample transaction 756
[2026-05-22T09:11:02.139Z INFO  benchmark_client] Sending sample transaction 757
[2026-05-22T09:11:02.189Z INFO  benchmark_client] Sending sample transaction 758
[2026-05-22T09:11:02.238Z INFO  benchmark_client] Sending sample transaction 759
[2026-05-22T09:11:02.289Z INFO  benchmark_client] Sending sample transaction 760
[2026-05-22T09:11:02.339Z INFO  benchmark_client] Sending sample transaction 761
[2026-05-22T09:11:02.388Z INFO  benchmark_client] Sending sample transaction 762
[2026-05-22T09:11:02.439Z INFO  benchmark_client] Sending sample transaction 763
[2026-05-22T09:11:02.489Z INFO  benchmark_client] Sending sample transaction 764
[2026-05-22T09:11:02.538Z INFO  benchmark_client] Sending sample transaction 765
[2026-05-22T09:11:02.588Z INFO  benchmark_client] Sending sample transaction 766
[2026-05-22T09:11:02.638Z INFO  benchmark_client] Sending sample transaction 767
[2026-05-22T09:11:02.689Z INFO  benchmark_client] Sending sample transaction 768
[2026-05-22T09:11:02.739Z INFO  benchmark_client] Sending sample transaction 769
[2026-05-22T09:11:02.789Z INFO  benchmark_client] Sending sample transaction 770
[2026-05-22T09:11:02.838Z INFO  benchmark_client] Sending sample transaction 771
[2026-05-22T09:11:02.889Z INFO  benchmark_client] Sending sample transaction 772
[2026-05-22T09:11:02.939Z INFO  benchmark_client] Sending sample transaction 773
[2026-05-22T09:11:02.988Z INFO  benchmark_client] Sending sample transaction 774
[2026-05-22T09:11:03.039Z INFO  benchmark_client] Sending sample transaction 775
[2026-05-22T09:11:03.089Z INFO  benchmark_client] Sending sample transaction 776
[2026-05-22T09:11:03.138Z INFO  benchmark_client] Sending sample transaction 777
[2026-05-22T09:11:03.188Z INFO  benchmark_client] Sending sample transaction 778
[2026-05-22T09:11:03.239Z INFO  benchmark_client] Sending sample transaction 779
[2026-05-22T09:11:03.289Z INFO  benchmark_client] Sending sample transaction 780
[2026-05-22T09:11:03.339Z INFO  benchmark_client] Sending sample transaction 781
[2026-05-22T09:11:03.389Z INFO  benchmark_client] Sending sample transaction 782
[2026-05-22T09:11:03.438Z INFO  benchmark_client] Sending sample transaction 783
[2026-05-22T09:11:03.488Z INFO  benchmark_client] Sending sample transaction 784
[2026-05-22T09:11:03.538Z INFO  benchmark_client] Sending sample transaction 785
[2026-05-22T09:11:03.589Z INFO  benchmark_client] Sending sample transaction 786
[2026-05-22T09:11:03.639Z INFO  benchmark_client] Sending sample transaction 787
[2026-05-22T09:11:03.689Z INFO  benchmark_client] Sending sample transaction 788
[2026-05-22T09:11:03.739Z INFO  benchmark_client] Sending sample transaction 789
[2026-05-22T09:11:03.789Z INFO  benchmark_client] Sending sample transaction 790
[2026-05-22T09:11:03.839Z INFO  benchmark_client] Sending sample transaction 791
[2026-05-22T09:11:03.889Z INFO  benchmark_client] Sending sample transaction 792
[2026-05-22T09:11:03.939Z INFO  benchmark_client] Sending sample transaction 793
[2026-05-22T09:11:03.989Z INFO  benchmark_client] Sending sample transaction 794
[2026-05-22T09:11:04.038Z INFO  benchmark_client] Sending sample transaction 795
[2026-05-22T09:11:04.089Z INFO  benchmark_client] Sending sample transaction 796
[2026-05-22T09:11:04.138Z INFO  benchmark_client] Sending sample transaction 797
[2026-05-22T09:11:04.189Z INFO  benchmark_client] Sending sample transaction 798
[2026-05-22T09:11:04.239Z INFO  benchmark_client] Sending sample transaction 799
[2026-05-22T09:11:04.289Z INFO  benchmark_client] Sending sample transaction 800
[2026-05-22T09:11:04.339Z INFO  benchmark_client] Sending sample transaction 801
[2026-05-22T09:11:04.388Z INFO  benchmark_client] Sending sample transaction 802
[2026-05-22T09:11:04.439Z INFO  benchmark_client] Sending sample transaction 803
[2026-05-22T09:11:04.489Z INFO  benchmark_client] Sending sample transaction 804
[2026-05-22T09:11:04.539Z INFO  benchmark_client] Sending sample transaction 805
[2026-05-22T09:11:04.588Z INFO  benchmark_client] Sending sample transaction 806
[2026-05-22T09:11:04.639Z INFO  benchmark_client] Sending sample transaction 807
[2026-05-22T09:11:04.689Z INFO  benchmark_client] Sending sample transaction 808
[2026-05-22T09:11:04.739Z INFO  benchmark_client] Sending sample transaction 809
[2026-05-22T09:11:04.788Z INFO  benchmark_client] Sending sample transaction 810
[2026-05-22T09:11:04.839Z INFO  benchmark_client] Sending sample transaction 811
[2026-05-22T09:11:04.889Z INFO  benchmark_client] Sending sample transaction 812
[2026-05-22T09:11:04.938Z INFO  benchmark_client] Sending sample transaction 813
[2026-05-22T09:11:04.989Z INFO  benchmark_client] Sending sample transaction 814
[2026-05-22T09:11:05.039Z INFO  benchmark_client] Sending sample transaction 815
[2026-05-22T09:11:05.088Z INFO  benchmark_client] Sending sample transaction 816
[2026-05-22T09:11:05.138Z INFO  benchmark_client] Sending sample transaction 817
[2026-05-22T09:11:05.188Z INFO  benchmark_client] Sending sample transaction 818
[2026-05-22T09:11:05.239Z INFO  benchmark_client] Sending sample transaction 819
[2026-05-22T09:11:05.289Z INFO  benchmark_client] Sending sample transaction 820
[2026-05-22T09:11:05.339Z INFO  benchmark_client] Sending sample transaction 821
[2026-05-22T09:11:05.388Z INFO  benchmark_client] Sending sample transaction 822
[2026-05-22T09:11:05.439Z INFO  benchmark_client] Sending sample transaction 823
[2026-05-22T09:11:05.489Z INFO  benchmark_client] Sending sample transaction 824
[2026-05-22T09:11:05.539Z INFO  benchmark_client] Sending sample transaction 825
[2026-05-22T09:11:05.589Z INFO  benchmark_client] Sending sample transaction 826
[2026-05-22T09:11:05.639Z INFO  benchmark_client] Sending sample transaction 827
[2026-05-22T09:11:05.689Z INFO  benchmark_client] Sending sample transaction 828
[2026-05-22T09:11:05.739Z INFO  benchmark_client] Sending sample transaction 829
[2026-05-22T09:11:05.789Z INFO  benchmark_client] Sending sample transaction 830
[2026-05-22T09:11:05.838Z INFO  benchmark_client] Sending sample transaction 831
[2026-05-22T09:11:05.888Z INFO  benchmark_client] Sending sample transaction 832
[2026-05-22T09:11:05.938Z INFO  benchmark_client] Sending sample transaction 833
[2026-05-22T09:11:05.989Z INFO  benchmark_client] Sending sample transaction 834
[2026-05-22T09:11:06.038Z INFO  benchmark_client] Sending sample transaction 835
[2026-05-22T09:11:06.088Z INFO  benchmark_client] Sending sample transaction 836
[2026-05-22T09:11:06.139Z INFO  benchmark_client] Sending sample transaction 837
[2026-05-22T09:11:06.189Z INFO  benchmark_client] Sending sample transaction 838
[2026-05-22T09:11:06.239Z INFO  benchmark_client] Sending sample transaction 839
[2026-05-22T09:11:06.289Z INFO  benchmark_client] Sending sample transaction 840
[2026-05-22T09:11:06.338Z INFO  benchmark_client] Sending sample transaction 841
[2026-05-22T09:11:06.388Z INFO  benchmark_client] Sending sample transaction 842
[2026-05-22T09:11:06.439Z INFO  benchmark_client] Sending sample transaction 843
[2026-05-22T09:11:06.489Z INFO  benchmark_client] Sending sample transaction 844
[2026-05-22T09:11:06.538Z INFO  benchmark_client] Sending sample transaction 845
[2026-05-22T09:11:06.588Z INFO  benchmark_client] Sending sample transaction 846
[2026-05-22T09:11:06.638Z INFO  benchmark_client] Sending sample transaction 847
[2026-05-22T09:11:06.688Z INFO  benchmark_client] Sending sample transaction 848
[2026-05-22T09:11:06.739Z INFO  benchmark_client] Sending sample transaction 849
[2026-05-22T09:11:06.789Z INFO  benchmark_client] Sending sample transaction 850
[2026-05-22T09:11:06.838Z INFO  benchmark_client] Sending sample transaction 851
[2026-05-22T09:11:06.889Z INFO  benchmark_client] Sending sample transaction 852
[2026-05-22T09:11:06.938Z INFO  benchmark_client] Sending sample transaction 853
[2026-05-22T09:11:06.988Z INFO  benchmark_client] Sending sample transaction 854
[2026-05-22T09:11:07.038Z INFO  benchmark_client] Sending sample transaction 855
[2026-05-22T09:11:07.089Z INFO  benchmark_client] Sending sample transaction 856
[2026-05-22T09:11:07.138Z INFO  benchmark_client] Sending sample transaction 857
[2026-05-22T09:11:07.189Z INFO  benchmark_client] Sending sample transaction 858
[2026-05-22T09:11:07.238Z INFO  benchmark_client] Sending sample transaction 859
[2026-05-22T09:11:07.288Z INFO  benchmark_client] Sending sample transaction 860
[2026-05-22T09:11:07.339Z INFO  benchmark_client] Sending sample transaction 861
[2026-05-22T09:11:07.389Z INFO  benchmark_client] Sending sample transaction 862
[2026-05-22T09:11:07.438Z INFO  benchmark_client] Sending sample transaction 863
[2026-05-22T09:11:07.489Z INFO  benchmark_client] Sending sample transaction 864
[2026-05-22T09:11:07.538Z INFO  benchmark_client] Sending sample transaction 865
[2026-05-22T09:11:07.589Z INFO  benchmark_client] Sending sample transaction 866
[2026-05-22T09:11:07.639Z INFO  benchmark_client] Sending sample transaction 867
[2026-05-22T09:11:07.688Z INFO  benchmark_client] Sending sample transaction 868
[2026-05-22T09:11:07.738Z INFO  benchmark_client] Sending sample transaction 869
[2026-05-22T09:11:07.789Z INFO  benchmark_client] Sending sample transaction 870
[2026-05-22T09:11:07.839Z INFO  benchmark_client] Sending sample transaction 871
[2026-05-22T09:11:07.888Z INFO  benchmark_client] Sending sample transaction 872
[2026-05-22T09:11:07.939Z INFO  benchmark_client] Sending sample transaction 873
[2026-05-22T09:11:07.989Z INFO  benchmark_client] Sending sample transaction 874
[2026-05-22T09:11:08.038Z INFO  benchmark_client] Sending sample transaction 875
[2026-05-22T09:11:08.089Z INFO  benchmark_client] Sending sample transaction 876
[2026-05-22T09:11:08.139Z INFO  benchmark_client] Sending sample transaction 877
[2026-05-22T09:11:08.188Z INFO  benchmark_client] Sending sample transaction 878
[2026-05-22T09:11:08.239Z INFO  benchmark_client] Sending sample transaction 879
[2026-05-22T09:11:08.288Z INFO  benchmark_client] Sending sample transaction 880
[2026-05-22T09:11:08.339Z INFO  benchmark_client] Sending sample transaction 881
[2026-05-22T09:11:08.388Z INFO  benchmark_client] Sending sample transaction 882
[2026-05-22T09:11:08.438Z INFO  benchmark_client] Sending sample transaction 883
[2026-05-22T09:11:08.489Z INFO  benchmark_client] Sending sample transaction 884
[2026-05-22T09:11:08.539Z INFO  benchmark_client] Sending sample transaction 885
[2026-05-22T09:11:08.589Z INFO  benchmark_client] Sending sample transaction 886
[2026-05-22T09:11:08.639Z INFO  benchmark_client] Sending sample transaction 887
[2026-05-22T09:11:08.688Z INFO  benchmark_client] Sending sample transaction 888
[2026-05-22T09:11:08.738Z INFO  benchmark_client] Sending sample transaction 889
[2026-05-22T09:11:08.788Z INFO  benchmark_client] Sending sample transaction 890
[2026-05-22T09:11:08.838Z INFO  benchmark_client] Sending sample transaction 891
[2026-05-22T09:11:08.889Z INFO  benchmark_client] Sending sample transaction 892
[2026-05-22T09:11:08.938Z INFO  benchmark_client] Sending sample transaction 893
[2026-05-22T09:11:08.988Z INFO  benchmark_client] Sending sample transaction 894
