[2026-05-22T09:10:25.441Z INFO  benchmark_client] Node address: 130.211.86.32:5003
[2026-05-22T09:10:25.441Z INFO  benchmark_client] Transactions size: 512 B
[2026-05-22T09:10:25.441Z INFO  benchmark_client] Transactions rate: 3334 tx/s
[2026-05-22T09:10:25.441Z INFO  benchmark_client] Waiting for all nodes to be online...
[2026-05-22T09:10:25.733Z INFO  benchmark_client] Start sending transactions
[2026-05-22T09:10:25.734Z INFO  benchmark_client] Sending sample transaction 0
[2026-05-22T09:10:25.785Z INFO  benchmark_client] Sending sample transaction 1
[2026-05-22T09:10:25.834Z INFO  benchmark_client] Sending sample transaction 2
[2026-05-22T09:10:25.884Z INFO  benchmark_client] Sending sample transaction 3
[2026-05-22T09:10:25.934Z INFO  benchmark_client] Sending sample transaction 4
[2026-05-22T09:10:25.984Z INFO  benchmark_client] Sending sample transaction 5
[2026-05-22T09:10:26.034Z INFO  benchmark_client] Sending sample transaction 6
[2026-05-22T09:10:26.084Z INFO  benchmark_client] Sending sample transaction 7
[2026-05-22T09:10:26.134Z INFO  benchmark_client] Sending sample transaction 8
[2026-05-22T09:10:26.184Z INFO  benchmark_client] Sending sample transaction 9
[2026-05-22T09:10:26.234Z INFO  benchmark_client] Sending sample transaction 10
[2026-05-22T09:10:26.284Z INFO  benchmark_client] Sending sample transaction 11
[2026-05-22T09:10:26.334Z INFO  benchmark_client] Sending sample transaction 12
[2026-05-22T09:10:26.384Z INFO  benchmark_client] Sending sample transaction 13
[2026-05-22T09:10:26.434Z INFO  benchmark_client] Sending sample transaction 14
[2026-05-22T09:10:26.484Z INFO  benchmark_client] Sending sample transaction 15
[2026-05-22T09:10:26.535Z INFO  benchmark_client] Sending sample transaction 16
[2026-05-22T09:10:26.584Z INFO  benchmark_client] Sending sample transaction 17
[2026-05-22T09:10:26.634Z INFO  benchmark_client] Sending sample transaction 18
[2026-05-22T09:10:26.684Z INFO  benchmark_client] Sending sample transaction 19
[2026-05-22T09:10:26.734Z INFO  benchmark_client] Sending sample transaction 20
[2026-05-22T09:10:26.784Z INFO  benchmark_client] Sending sample transaction 21
[2026-05-22T09:10:26.834Z INFO  benchmark_client] Sending sample transaction 22
[2026-05-22T09:10:26.884Z INFO  benchmark_client] Sending sample transaction 23
[2026-05-22T09:10:26.934Z INFO  benchmark_client] Sending sample transaction 24
[2026-05-22T09:10:26.984Z INFO  benchmark_client] Sending sample transaction 25
[2026-05-22T09:10:27.034Z INFO  benchmark_client] Sending sample transaction 26
[2026-05-22T09:10:27.084Z INFO  benchmark_client] Sending sample transaction 27
[2026-05-22T09:10:27.134Z INFO  benchmark_client] Sending sample transaction 28
[2026-05-22T09:10:27.184Z INFO  benchmark_client] Sending sample transaction 29
[2026-05-22T09:10:27.234Z INFO  benchmark_client] Sending sample transaction 30
[2026-05-22T09:10:27.284Z INFO  benchmark_client] Sending sample transaction 31
[2026-05-22T09:10:27.334Z INFO  benchmark_client] Sending sample transaction 32
[2026-05-22T09:10:27.385Z INFO  benchmark_client] Sending sample transaction 33
[2026-05-22T09:10:27.435Z INFO  benchmark_client] Sending sample transaction 34
[2026-05-22T09:10:27.484Z INFO  benchmark_client] Sending sample transaction 35
[2026-05-22T09:10:27.534Z INFO  benchmark_client] Sending sample transaction 36
[2026-05-22T09:10:27.584Z INFO  benchmark_client] Sending sample transaction 37
[2026-05-22T09:10:27.634Z INFO  benchmark_client] Sending sample transaction 38
[2026-05-22T09:10:27.684Z INFO  benchmark_client] Sending sample transaction 39
[2026-05-22T09:10:27.734Z INFO  benchmark_client] Sending sample transaction 40
[2026-05-22T09:10:27.784Z INFO  benchmark_client] Sending sample transaction 41
[2026-05-22T09:10:27.834Z INFO  benchmark_client] Sending sample transaction 42
[2026-05-22T09:10:27.885Z INFO  benchmark_client] Sending sample transaction 43
[2026-05-22T09:10:27.934Z INFO  benchmark_client] Sending sample transaction 44
[2026-05-22T09:10:27.984Z INFO  benchmark_client] Sending sample transaction 45
[2026-05-22T09:10:28.034Z INFO  benchmark_client] Sending sample transaction 46
[2026-05-22T09:10:28.084Z INFO  benchmark_client] Sending sample transaction 47
[2026-05-22T09:10:28.134Z INFO  benchmark_client] Sending sample transaction 48
[2026-05-22T09:10:28.184Z INFO  benchmark_client] Sending sample transaction 49
[2026-05-22T09:10:28.235Z INFO  benchmark_client] Sending sample transaction 50
[2026-05-22T09:10:28.284Z INFO  benchmark_client] Sending sample transaction 51
[2026-05-22T09:10:28.335Z INFO  benchmark_client] Sending sample transaction 52
[2026-05-22T09:10:28.385Z INFO  benchmark_client] Sending sample transaction 53
[2026-05-22T09:10:28.434Z INFO  benchmark_client] Sending sample transaction 54
[2026-05-22T09:10:28.484Z INFO  benchmark_client] Sending sample transaction 55
[2026-05-22T09:10:28.534Z INFO  benchmark_client] Sending sample transaction 56
[2026-05-22T09:10:28.584Z INFO  benchmark_client] Sending sample transaction 57
[2026-05-22T09:10:28.634Z INFO  benchmark_client] Sending sample transaction 58
[2026-05-22T09:10:28.684Z INFO  benchmark_client] Sending sample transaction 59
[2026-05-22T09:10:28.735Z INFO  benchmark_client] Sending sample transaction 60
[2026-05-22T09:10:28.784Z INFO  benchmark_client] Sending sample transaction 61
[2026-05-22T09:10:28.835Z INFO  benchmark_client] Sending sample transaction 62
[2026-05-22T09:10:28.884Z INFO  benchmark_client] Sending sample transaction 63
[2026-05-22T09:10:28.934Z INFO  benchmark_client] Sending sample transaction 64
[2026-05-22T09:10:28.984Z INFO  benchmark_client] Sending sample transaction 65
[2026-05-22T09:10:29.034Z INFO  benchmark_client] Sending sample transaction 66
[2026-05-22T09:10:29.084Z INFO  benchmark_client] Sending sample transaction 67
[2026-05-22T09:10:29.134Z INFO  benchmark_client] Sending sample transaction 68
[2026-05-22T09:10:29.184Z INFO  benchmark_client] Sending sample transaction 69
[2026-05-22T09:10:29.234Z INFO  benchmark_client] Sending sample transaction 70
[2026-05-22T09:10:29.284Z INFO  benchmark_client] Sending sample transaction 71
[2026-05-22T09:10:29.334Z INFO  benchmark_client] Sending sample transaction 72
[2026-05-22T09:10:29.384Z INFO  benchmark_client] Sending sample transaction 73
[2026-05-22T09:10:29.435Z INFO  benchmark_client] Sending sample transaction 74
[2026-05-22T09:10:29.484Z INFO  benchmark_client] Sending sample transaction 75
[2026-05-22T09:10:29.534Z INFO  benchmark_client] Sending sample transaction 76
[2026-05-22T09:10:29.585Z INFO  benchmark_client] Sending sample transaction 77
[2026-05-22T09:10:29.634Z INFO  benchmark_client] Sending sample transaction 78
[2026-05-22T09:10:29.685Z INFO  benchmark_client] Sending sample transaction 79
[2026-05-22T09:10:29.734Z INFO  benchmark_client] Sending sample transaction 80
[2026-05-22T09:10:29.785Z INFO  benchmark_client] Sending sample transaction 81
[2026-05-22T09:10:29.834Z INFO  benchmark_client] Sending sample transaction 82
[2026-05-22T09:10:29.884Z INFO  benchmark_client] Sending sample transaction 83
[2026-05-22T09:10:29.934Z INFO  benchmark_client] Sending sample transaction 84
[2026-05-22T09:10:29.985Z INFO  benchmark_client] Sending sample transaction 85
[2026-05-22T09:10:30.034Z INFO  benchmark_client] Sending sample transaction 86
[2026-05-22T09:10:30.084Z INFO  benchmark_client] Sending sample transaction 87
[2026-05-22T09:10:30.135Z INFO  benchmark_client] Sending sample transaction 88
[2026-05-22T09:10:30.184Z INFO  benchmark_client] Sending sample transaction 89
[2026-05-22T09:10:30.234Z INFO  benchmark_client] Sending sample transaction 90
[2026-05-22T09:10:30.285Z INFO  benchmark_client] Sending sample transaction 91
[2026-05-22T09:10:30.334Z INFO  benchmark_client] Sending sample transaction 92
[2026-05-22T09:10:30.384Z INFO  benchmark_client] Sending sample transaction 93
[2026-05-22T09:10:30.434Z INFO  benchmark_client] Sending sample transaction 94
[2026-05-22T09:10:30.484Z INFO  benchmark_client] Sending sample transaction 95
[2026-05-22T09:10:30.534Z INFO  benchmark_client] Sending sample transaction 96
[2026-05-22T09:10:30.584Z INFO  benchmark_client] Sending sample transaction 97
[2026-05-22T09:10:30.635Z INFO  benchmark_client] Sending sample transaction 98
[2026-05-22T09:10:30.684Z INFO  benchmark_client] Sending sample transaction 99
[2026-05-22T09:10:30.734Z INFO  benchmark_client] Sending sample transaction 100
[2026-05-22T09:10:30.784Z INFO  benchmark_client] Sending sample transaction 101
[2026-05-22T09:10:30.834Z INFO  benchmark_client] Sending sample transaction 102
[2026-05-22T09:10:30.885Z INFO  benchmark_client] Sending sample transaction 103
[2026-05-22T09:10:30.934Z INFO  benchmark_client] Sending sample transaction 104
[2026-05-22T09:10:30.984Z INFO  benchmark_client] Sending sample transaction 105
[2026-05-22T09:10:31.034Z INFO  benchmark_client] Sending sample transaction 106
[2026-05-22T09:10:31.085Z INFO  benchmark_client] Sending sample transaction 107
[2026-05-22T09:10:31.134Z INFO  benchmark_client] Sending sample transaction 108
[2026-05-22T09:10:31.185Z INFO  benchmark_client] Sending sample transaction 109
[2026-05-22T09:10:31.234Z INFO  benchmark_client] Sending sample transaction 110
[2026-05-22T09:10:31.285Z INFO  benchmark_client] Sending sample transaction 111
[2026-05-22T09:10:31.334Z INFO  benchmark_client] Sending sample transaction 112
[2026-05-22T09:10:31.384Z INFO  benchmark_client] Sending sample transaction 113
[2026-05-22T09:10:31.435Z INFO  benchmark_client] Sending sample transaction 114
[2026-05-22T09:10:31.484Z INFO  benchmark_client] Sending sample transaction 115
[2026-05-22T09:10:31.534Z INFO  benchmark_client] Sending sample transaction 116
[2026-05-22T09:10:31.585Z INFO  benchmark_client] Sending sample transaction 117
[2026-05-22T09:10:31.634Z INFO  benchmark_client] Sending sample transaction 118
[2026-05-22T09:10:31.685Z INFO  benchmark_client] Sending sample transaction 119
[2026-05-22T09:10:31.735Z INFO  benchmark_client] Sending sample transaction 120
[2026-05-22T09:10:31.784Z INFO  benchmark_client] Sending sample transaction 121
[2026-05-22T09:10:31.834Z INFO  benchmark_client] Sending sample transaction 122
[2026-05-22T09:10:31.884Z INFO  benchmark_client] Sending sample transaction 123
[2026-05-22T09:10:31.934Z INFO  benchmark_client] Sending sample transaction 124
[2026-05-22T09:10:31.984Z INFO  benchmark_client] Sending sample transaction 125
[2026-05-22T09:10:32.034Z INFO  benchmark_client] Sending sample transaction 126
[2026-05-22T09:10:32.085Z INFO  benchmark_client] Sending sample transaction 127
[2026-05-22T09:10:32.134Z INFO  benchmark_client] Sending sample transaction 128
[2026-05-22T09:10:32.185Z INFO  benchmark_client] Sending sample transaction 129
[2026-05-22T09:10:32.234Z INFO  benchmark_client] Sending sample transaction 130
[2026-05-22T09:10:32.285Z INFO  benchmark_client] Sending sample transaction 131
[2026-05-22T09:10:32.334Z INFO  benchmark_client] Sending sample transaction 132
[2026-05-22T09:10:32.385Z INFO  benchmark_client] Sending sample transaction 133
[2026-05-22T09:10:32.434Z INFO  benchmark_client] Sending sample transaction 134
[2026-05-22T09:10:32.484Z INFO  benchmark_client] Sending sample transaction 135
[2026-05-22T09:10:32.535Z INFO  benchmark_client] Sending sample transaction 136
[2026-05-22T09:10:32.584Z INFO  benchmark_client] Sending sample transaction 137
[2026-05-22T09:10:32.634Z INFO  benchmark_client] Sending sample transaction 138
[2026-05-22T09:10:32.684Z INFO  benchmark_client] Sending sample transaction 139
[2026-05-22T09:10:32.734Z INFO  benchmark_client] Sending sample transaction 140
[2026-05-22T09:10:32.784Z INFO  benchmark_client] Sending sample transaction 141
[2026-05-22T09:10:32.835Z INFO  benchmark_client] Sending sample transaction 142
[2026-05-22T09:10:32.884Z INFO  benchmark_client] Sending sample transaction 143
[2026-05-22T09:10:32.934Z INFO  benchmark_client] Sending sample transaction 144
[2026-05-22T09:10:32.985Z INFO  benchmark_client] Sending sample transaction 145
[2026-05-22T09:10:33.035Z INFO  benchmark_client] Sending sample transaction 146
[2026-05-22T09:10:33.085Z INFO  benchmark_client] Sending sample transaction 147
[2026-05-22T09:10:33.134Z INFO  benchmark_client] Sending sample transaction 148
[2026-05-22T09:10:33.185Z INFO  benchmark_client] Sending sample transaction 149
[2026-05-22T09:10:33.234Z INFO  benchmark_client] Sending sample transaction 150
[2026-05-22T09:10:33.284Z INFO  benchmark_client] Sending sample transaction 151
[2026-05-22T09:10:33.334Z INFO  benchmark_client] Sending sample transaction 152
[2026-05-22T09:10:33.384Z INFO  benchmark_client] Sending sample transaction 153
[2026-05-22T09:10:33.435Z INFO  benchmark_client] Sending sample transaction 154
[2026-05-22T09:10:33.484Z INFO  benchmark_client] Sending sample transaction 155
[2026-05-22T09:10:33.534Z INFO  benchmark_client] Sending sample transaction 156
[2026-05-22T09:10:33.584Z INFO  benchmark_client] Sending sample transaction 157
[2026-05-22T09:10:33.635Z INFO  benchmark_client] Sending sample transaction 158
[2026-05-22T09:10:33.684Z INFO  benchmark_client] Sending sample transaction 159
[2026-05-22T09:10:33.734Z INFO  benchmark_client] Sending sample transaction 160
[2026-05-22T09:10:33.785Z INFO  benchmark_client] Sending sample transaction 161
[2026-05-22T09:10:33.834Z INFO  benchmark_client] Sending sample transaction 162
[2026-05-22T09:10:33.884Z INFO  benchmark_client] Sending sample transaction 163
[2026-05-22T09:10:33.934Z INFO  benchmark_client] Sending sample transaction 164
[2026-05-22T09:10:33.985Z INFO  benchmark_client] Sending sample transaction 165
[2026-05-22T09:10:34.034Z INFO  benchmark_client] Sending sample transaction 166
[2026-05-22T09:10:34.084Z INFO  benchmark_client] Sending sample transaction 167
[2026-05-22T09:10:34.134Z INFO  benchmark_client] Sending sample transaction 168
[2026-05-22T09:10:34.184Z INFO  benchmark_client] Sending sample transaction 169
[2026-05-22T09:10:34.235Z INFO  benchmark_client] Sending sample transaction 170
[2026-05-22T09:10:34.284Z INFO  benchmark_client] Sending sample transaction 171
[2026-05-22T09:10:34.334Z INFO  benchmark_client] Sending sample transaction 172
[2026-05-22T09:10:34.384Z INFO  benchmark_client] Sending sample transaction 173
[2026-05-22T09:10:34.434Z INFO  benchmark_client] Sending sample transaction 174
[2026-05-22T09:10:34.484Z INFO  benchmark_client] Sending sample transaction 175
[2026-05-22T09:10:34.534Z INFO  benchmark_client] Sending sample transaction 176
[2026-05-22T09:10:34.584Z INFO  benchmark_client] Sending sample transaction 177
[2026-05-22T09:10:34.634Z INFO  benchmark_client] Sending sample transaction 178
[2026-05-22T09:10:34.685Z INFO  benchmark_client] Sending sample transaction 179
[2026-05-22T09:10:34.734Z INFO  benchmark_client] Sending sample transaction 180
[2026-05-22T09:10:34.785Z INFO  benchmark_client] Sending sample transaction 181
[2026-05-22T09:10:34.834Z INFO  benchmark_client] Sending sample transaction 182
[2026-05-22T09:10:34.884Z INFO  benchmark_client] Sending sample transaction 183
[2026-05-22T09:10:34.934Z INFO  benchmark_client] Sending sample transaction 184
[2026-05-22T09:10:34.984Z INFO  benchmark_client] Sending sample transaction 185
[2026-05-22T09:10:35.034Z INFO  benchmark_client] Sending sample transaction 186
[2026-05-22T09:10:35.084Z INFO  benchmark_client] Sending sample transaction 187
[2026-05-22T09:10:35.134Z INFO  benchmark_client] Sending sample transaction 188
[2026-05-22T09:10:35.184Z INFO  benchmark_client] Sending sample transaction 189
[2026-05-22T09:10:35.234Z INFO  benchmark_client] Sending sample transaction 190
[2026-05-22T09:10:35.284Z INFO  benchmark_client] Sending sample transaction 191
[2026-05-22T09:10:35.334Z INFO  benchmark_client] Sending sample transaction 192
[2026-05-22T09:10:35.384Z INFO  benchmark_client] Sending sample transaction 193
[2026-05-22T09:10:35.434Z INFO  benchmark_client] Sending sample transaction 194
[2026-05-22T09:10:35.485Z INFO  benchmark_client] Sending sample transaction 195
[2026-05-22T09:10:35.534Z INFO  benchmark_client] Sending sample transaction 196
[2026-05-22T09:10:35.584Z INFO  benchmark_client] Sending sample transaction 197
[2026-05-22T09:10:35.635Z INFO  benchmark_client] Sending sample transaction 198
[2026-05-22T09:10:35.684Z INFO  benchmark_client] Sending sample transaction 199
[2026-05-22T09:10:35.734Z INFO  benchmark_client] Sending sample transaction 200
[2026-05-22T09:10:35.784Z INFO  benchmark_client] Sending sample transaction 201
[2026-05-22T09:10:35.835Z INFO  benchmark_client] Sending sample transaction 202
[2026-05-22T09:10:35.885Z INFO  benchmark_client] Sending sample transaction 203
[2026-05-22T09:10:35.934Z INFO  benchmark_client] Sending sample transaction 204
[2026-05-22T09:10:35.984Z INFO  benchmark_client] Sending sample transaction 205
[2026-05-22T09:10:36.034Z INFO  benchmark_client] Sending sample transaction 206
[2026-05-22T09:10:36.084Z INFO  benchmark_client] Sending sample transaction 207
[2026-05-22T09:10:36.134Z INFO  benchmark_client] Sending sample transaction 208
[2026-05-22T09:10:36.184Z INFO  benchmark_client] Sending sample transaction 209
[2026-05-22T09:10:36.234Z INFO  benchmark_client] Sending sample transaction 210
[2026-05-22T09:10:36.285Z INFO  benchmark_client] Sending sample transaction 211
[2026-05-22T09:10:36.334Z INFO  benchmark_client] Sending sample transaction 212
[2026-05-22T09:10:36.384Z INFO  benchmark_client] Sending sample transaction 213
[2026-05-22T09:10:36.434Z INFO  benchmark_client] Sending sample transaction 214
[2026-05-22T09:10:36.484Z INFO  benchmark_client] Sending sample transaction 215
[2026-05-22T09:10:36.534Z INFO  benchmark_client] Sending sample transaction 216
[2026-05-22T09:10:36.584Z INFO  benchmark_client] Sending sample transaction 217
[2026-05-22T09:10:36.635Z INFO  benchmark_client] Sending sample transaction 218
[2026-05-22T09:10:36.684Z INFO  benchmark_client] Sending sample transaction 219
[2026-05-22T09:10:36.734Z INFO  benchmark_client] Sending sample transaction 220
[2026-05-22T09:10:36.785Z INFO  benchmark_client] Sending sample transaction 221
[2026-05-22T09:10:36.834Z INFO  benchmark_client] Sending sample transaction 222
[2026-05-22T09:10:36.884Z INFO  benchmark_client] Sending sample transaction 223
[2026-05-22T09:10:36.935Z INFO  benchmark_client] Sending sample transaction 224
[2026-05-22T09:10:36.984Z INFO  benchmark_client] Sending sample transaction 225
[2026-05-22T09:10:37.034Z INFO  benchmark_client] Sending sample transaction 226
[2026-05-22T09:10:37.085Z INFO  benchmark_client] Sending sample transaction 227
[2026-05-22T09:10:37.134Z INFO  benchmark_client] Sending sample transaction 228
[2026-05-22T09:10:37.184Z INFO  benchmark_client] Sending sample transaction 229
[2026-05-22T09:10:37.235Z INFO  benchmark_client] Sending sample transaction 230
[2026-05-22T09:10:37.284Z INFO  benchmark_client] Sending sample transaction 231
[2026-05-22T09:10:37.335Z INFO  benchmark_client] Sending sample transaction 232
[2026-05-22T09:10:37.384Z INFO  benchmark_client] Sending sample transaction 233
[2026-05-22T09:10:37.434Z INFO  benchmark_client] Sending sample transaction 234
[2026-05-22T09:10:37.484Z INFO  benchmark_client] Sending sample transaction 235
[2026-05-22T09:10:37.534Z INFO  benchmark_client] Sending sample transaction 236
[2026-05-22T09:10:37.584Z INFO  benchmark_client] Sending sample transaction 237
[2026-05-22T09:10:37.634Z INFO  benchmark_client] Sending sample transaction 238
[2026-05-22T09:10:37.684Z INFO  benchmark_client] Sending sample transaction 239
[2026-05-22T09:10:37.734Z INFO  benchmark_client] Sending sample transaction 240
[2026-05-22T09:10:37.785Z INFO  benchmark_client] Sending sample transaction 241
[2026-05-22T09:10:37.834Z INFO  benchmark_client] Sending sample transaction 242
[2026-05-22T09:10:37.884Z INFO  benchmark_client] Sending sample transaction 243
[2026-05-22T09:10:37.934Z INFO  benchmark_client] Sending sample transaction 244
[2026-05-22T09:10:37.985Z INFO  benchmark_client] Sending sample transaction 245
[2026-05-22T09:10:38.034Z INFO  benchmark_client] Sending sample transaction 246
[2026-05-22T09:10:38.085Z INFO  benchmark_client] Sending sample transaction 247
[2026-05-22T09:10:38.134Z INFO  benchmark_client] Sending sample transaction 248
[2026-05-22T09:10:38.184Z INFO  benchmark_client] Sending sample transaction 249
[2026-05-22T09:10:38.235Z INFO  benchmark_client] Sending sample transaction 250
[2026-05-22T09:10:38.284Z INFO  benchmark_client] Sending sample transaction 251
[2026-05-22T09:10:38.334Z INFO  benchmark_client] Sending sample transaction 252
[2026-05-22T09:10:38.385Z INFO  benchmark_client] Sending sample transaction 253
[2026-05-22T09:10:38.435Z INFO  benchmark_client] Sending sample transaction 254
[2026-05-22T09:10:38.484Z INFO  benchmark_client] Sending sample transaction 255
[2026-05-22T09:10:38.534Z INFO  benchmark_client] Sending sample transaction 256
[2026-05-22T09:10:38.584Z INFO  benchmark_client] Sending sample transaction 257
[2026-05-22T09:10:38.635Z INFO  benchmark_client] Sending sample transaction 258
[2026-05-22T09:10:38.684Z INFO  benchmark_client] Sending sample transaction 259
[2026-05-22T09:10:38.734Z INFO  benchmark_client] Sending sample transaction 260
[2026-05-22T09:10:38.785Z INFO  benchmark_client] Sending sample transaction 261
[2026-05-22T09:10:38.834Z INFO  benchmark_client] Sending sample transaction 262
[2026-05-22T09:10:38.884Z INFO  benchmark_client] Sending sample transaction 263
[2026-05-22T09:10:38.935Z INFO  benchmark_client] Sending sample transaction 264
[2026-05-22T09:10:38.985Z INFO  benchmark_client] Sending sample transaction 265
[2026-05-22T09:10:39.034Z INFO  benchmark_client] Sending sample transaction 266
[2026-05-22T09:10:39.084Z INFO  benchmark_client] Sending sample transaction 267
[2026-05-22T09:10:39.135Z INFO  benchmark_client] Sending sample transaction 268
[2026-05-22T09:10:39.184Z INFO  benchmark_client] Sending sample transaction 269
[2026-05-22T09:10:39.234Z INFO  benchmark_client] Sending sample transaction 270
[2026-05-22T09:10:39.285Z INFO  benchmark_client] Sending sample transaction 271
[2026-05-22T09:10:39.334Z INFO  benchmark_client] Sending sample transaction 272
[2026-05-22T09:10:39.384Z INFO  benchmark_client] Sending sample transaction 273
[2026-05-22T09:10:39.435Z INFO  benchmark_client] Sending sample transaction 274
[2026-05-22T09:10:39.484Z INFO  benchmark_client] Sending sample transaction 275
[2026-05-22T09:10:39.535Z INFO  benchmark_client] Sending sample transaction 276
[2026-05-22T09:10:39.585Z INFO  benchmark_client] Sending sample transaction 277
[2026-05-22T09:10:39.634Z INFO  benchmark_client] Sending sample transaction 278
[2026-05-22T09:10:39.684Z INFO  benchmark_client] Sending sample transaction 279
[2026-05-22T09:10:39.735Z INFO  benchmark_client] Sending sample transaction 280
[2026-05-22T09:10:39.784Z INFO  benchmark_client] Sending sample transaction 281
[2026-05-22T09:10:39.834Z INFO  benchmark_client] Sending sample transaction 282
[2026-05-22T09:10:39.885Z INFO  benchmark_client] Sending sample transaction 283
[2026-05-22T09:10:39.934Z INFO  benchmark_client] Sending sample transaction 284
[2026-05-22T09:10:39.984Z INFO  benchmark_client] Sending sample transaction 285
[2026-05-22T09:10:40.034Z INFO  benchmark_client] Sending sample transaction 286
[2026-05-22T09:10:40.084Z INFO  benchmark_client] Sending sample transaction 287
[2026-05-22T09:10:40.134Z INFO  benchmark_client] Sending sample transaction 288
[2026-05-22T09:10:40.184Z INFO  benchmark_client] Sending sample transaction 289
[2026-05-22T09:10:40.234Z INFO  benchmark_client] Sending sample transaction 290
[2026-05-22T09:10:40.285Z INFO  benchmark_client] Sending sample transaction 291
[2026-05-22T09:10:40.334Z INFO  benchmark_client] Sending sample transaction 292
[2026-05-22T09:10:40.384Z INFO  benchmark_client] Sending sample transaction 293
[2026-05-22T09:10:40.434Z INFO  benchmark_client] Sending sample transaction 294
[2026-05-22T09:10:40.485Z INFO  benchmark_client] Sending sample transaction 295
[2026-05-22T09:10:40.534Z INFO  benchmark_client] Sending sample transaction 296
[2026-05-22T09:10:40.584Z INFO  benchmark_client] Sending sample transaction 297
[2026-05-22T09:10:40.635Z INFO  benchmark_client] Sending sample transaction 298
[2026-05-22T09:10:40.685Z INFO  benchmark_client] Sending sample transaction 299
[2026-05-22T09:10:40.734Z INFO  benchmark_client] Sending sample transaction 300
[2026-05-22T09:10:40.784Z INFO  benchmark_client] Sending sample transaction 301
[2026-05-22T09:10:40.834Z INFO  benchmark_client] Sending sample transaction 302
[2026-05-22T09:10:40.884Z INFO  benchmark_client] Sending sample transaction 303
[2026-05-22T09:10:40.934Z INFO  benchmark_client] Sending sample transaction 304
[2026-05-22T09:10:40.984Z INFO  benchmark_client] Sending sample transaction 305
[2026-05-22T09:10:41.034Z INFO  benchmark_client] Sending sample transaction 306
[2026-05-22T09:10:41.085Z INFO  benchmark_client] Sending sample transaction 307
[2026-05-22T09:10:41.134Z INFO  benchmark_client] Sending sample transaction 308
[2026-05-22T09:10:41.184Z INFO  benchmark_client] Sending sample transaction 309
[2026-05-22T09:10:41.235Z INFO  benchmark_client] Sending sample transaction 310
[2026-05-22T09:10:41.285Z INFO  benchmark_client] Sending sample transaction 311
[2026-05-22T09:10:41.334Z INFO  benchmark_client] Sending sample transaction 312
[2026-05-22T09:10:41.384Z INFO  benchmark_client] Sending sample transaction 313
[2026-05-22T09:10:41.434Z INFO  benchmark_client] Sending sample transaction 314
[2026-05-22T09:10:41.485Z INFO  benchmark_client] Sending sample transaction 315
[2026-05-22T09:10:41.534Z INFO  benchmark_client] Sending sample transaction 316
[2026-05-22T09:10:41.584Z INFO  benchmark_client] Sending sample transaction 317
[2026-05-22T09:10:41.635Z INFO  benchmark_client] Sending sample transaction 318
[2026-05-22T09:10:41.684Z INFO  benchmark_client] Sending sample transaction 319
[2026-05-22T09:10:41.735Z INFO  benchmark_client] Sending sample transaction 320
[2026-05-22T09:10:41.784Z INFO  benchmark_client] Sending sample transaction 321
[2026-05-22T09:10:41.835Z INFO  benchmark_client] Sending sample transaction 322
[2026-05-22T09:10:41.884Z INFO  benchmark_client] Sending sample transaction 323
[2026-05-22T09:10:41.934Z INFO  benchmark_client] Sending sample transaction 324
[2026-05-22T09:10:41.984Z INFO  benchmark_client] Sending sample transaction 325
[2026-05-22T09:10:42.034Z INFO  benchmark_client] Sending sample transaction 326
[2026-05-22T09:10:42.085Z INFO  benchmark_client] Sending sample transaction 327
[2026-05-22T09:10:42.134Z INFO  benchmark_client] Sending sample transaction 328
[2026-05-22T09:10:42.184Z INFO  benchmark_client] Sending sample transaction 329
[2026-05-22T09:10:42.235Z INFO  benchmark_client] Sending sample transaction 330
[2026-05-22T09:10:42.284Z INFO  benchmark_client] Sending sample transaction 331
[2026-05-22T09:10:42.335Z INFO  benchmark_client] Sending sample transaction 332
[2026-05-22T09:10:42.385Z INFO  benchmark_client] Sending sample transaction 333
[2026-05-22T09:10:42.434Z INFO  benchmark_client] Sending sample transaction 334
[2026-05-22T09:10:42.484Z INFO  benchmark_client] Sending sample transaction 335
[2026-05-22T09:10:42.534Z INFO  benchmark_client] Sending sample transaction 336
[2026-05-22T09:10:42.586Z INFO  benchmark_client] Sending sample transaction 337
[2026-05-22T09:10:42.634Z INFO  benchmark_client] Sending sample transaction 338
[2026-05-22T09:10:42.684Z INFO  benchmark_client] Sending sample transaction 339
[2026-05-22T09:10:42.734Z INFO  benchmark_client] Sending sample transaction 340
[2026-05-22T09:10:42.784Z INFO  benchmark_client] Sending sample transaction 341
[2026-05-22T09:10:42.835Z INFO  benchmark_client] Sending sample transaction 342
[2026-05-22T09:10:42.884Z INFO  benchmark_client] Sending sample transaction 343
[2026-05-22T09:10:42.934Z INFO  benchmark_client] Sending sample transaction 344
[2026-05-22T09:10:42.984Z INFO  benchmark_client] Sending sample transaction 345
[2026-05-22T09:10:43.034Z INFO  benchmark_client] Sending sample transaction 346
[2026-05-22T09:10:43.084Z INFO  benchmark_client] Sending sample transaction 347
[2026-05-22T09:10:43.134Z INFO  benchmark_client] Sending sample transaction 348
[2026-05-22T09:10:43.185Z INFO  benchmark_client] Sending sample transaction 349
[2026-05-22T09:10:43.234Z INFO  benchmark_client] Sending sample transaction 350
[2026-05-22T09:10:43.285Z INFO  benchmark_client] Sending sample transaction 351
[2026-05-22T09:10:43.334Z INFO  benchmark_client] Sending sample transaction 352
[2026-05-22T09:10:43.384Z INFO  benchmark_client] Sending sample transaction 353
[2026-05-22T09:10:43.434Z INFO  benchmark_client] Sending sample transaction 354
[2026-05-22T09:10:43.484Z INFO  benchmark_client] Sending sample transaction 355
[2026-05-22T09:10:43.534Z INFO  benchmark_client] Sending sample transaction 356
[2026-05-22T09:10:43.585Z INFO  benchmark_client] Sending sample transaction 357
[2026-05-22T09:10:43.635Z INFO  benchmark_client] Sending sample transaction 358
[2026-05-22T09:10:43.684Z INFO  benchmark_client] Sending sample transaction 359
[2026-05-22T09:10:43.735Z INFO  benchmark_client] Sending sample transaction 360
[2026-05-22T09:10:43.784Z INFO  benchmark_client] Sending sample transaction 361
[2026-05-22T09:10:43.834Z INFO  benchmark_client] Sending sample transaction 362
[2026-05-22T09:10:43.885Z INFO  benchmark_client] Sending sample transaction 363
[2026-05-22T09:10:43.934Z INFO  benchmark_client] Sending sample transaction 364
[2026-05-22T09:10:43.984Z INFO  benchmark_client] Sending sample transaction 365
[2026-05-22T09:10:44.034Z INFO  benchmark_client] Sending sample transaction 366
[2026-05-22T09:10:44.085Z INFO  benchmark_client] Sending sample transaction 367
[2026-05-22T09:10:44.134Z INFO  benchmark_client] Sending sample transaction 368
[2026-05-22T09:10:44.184Z INFO  benchmark_client] Sending sample transaction 369
[2026-05-22T09:10:44.235Z INFO  benchmark_client] Sending sample transaction 370
[2026-05-22T09:10:44.284Z INFO  benchmark_client] Sending sample transaction 371
[2026-05-22T09:10:44.334Z INFO  benchmark_client] Sending sample transaction 372
[2026-05-22T09:10:44.384Z INFO  benchmark_client] Sending sample transaction 373
[2026-05-22T09:10:44.435Z INFO  benchmark_client] Sending sample transaction 374
[2026-05-22T09:10:44.484Z INFO  benchmark_client] Sending sample transaction 375
[2026-05-22T09:10:44.534Z INFO  benchmark_client] Sending sample transaction 376
[2026-05-22T09:10:44.584Z INFO  benchmark_client] Sending sample transaction 377
[2026-05-22T09:10:44.634Z INFO  benchmark_client] Sending sample transaction 378
[2026-05-22T09:10:44.684Z INFO  benchmark_client] Sending sample transaction 379
[2026-05-22T09:10:44.735Z INFO  benchmark_client] Sending sample transaction 380
[2026-05-22T09:10:44.784Z INFO  benchmark_client] Sending sample transaction 381
[2026-05-22T09:10:44.834Z INFO  benchmark_client] Sending sample transaction 382
[2026-05-22T09:10:44.884Z INFO  benchmark_client] Sending sample transaction 383
[2026-05-22T09:10:44.934Z INFO  benchmark_client] Sending sample transaction 384
[2026-05-22T09:10:44.984Z INFO  benchmark_client] Sending sample transaction 385
[2026-05-22T09:10:45.034Z INFO  benchmark_client] Sending sample transaction 386
[2026-05-22T09:10:45.085Z INFO  benchmark_client] Sending sample transaction 387
[2026-05-22T09:10:45.134Z INFO  benchmark_client] Sending sample transaction 388
[2026-05-22T09:10:45.184Z INFO  benchmark_client] Sending sample transaction 389
[2026-05-22T09:10:45.234Z INFO  benchmark_client] Sending sample transaction 390
[2026-05-22T09:10:45.284Z INFO  benchmark_client] Sending sample transaction 391
[2026-05-22T09:10:45.334Z INFO  benchmark_client] Sending sample transaction 392
[2026-05-22T09:10:45.384Z INFO  benchmark_client] Sending sample transaction 393
[2026-05-22T09:10:45.434Z INFO  benchmark_client] Sending sample transaction 394
[2026-05-22T09:10:45.485Z INFO  benchmark_client] Sending sample transaction 395
[2026-05-22T09:10:45.534Z INFO  benchmark_client] Sending sample transaction 396
[2026-05-22T09:10:45.585Z INFO  benchmark_client] Sending sample transaction 397
[2026-05-22T09:10:45.634Z INFO  benchmark_client] Sending sample transaction 398
[2026-05-22T09:10:45.684Z INFO  benchmark_client] Sending sample transaction 399
[2026-05-22T09:10:45.734Z INFO  benchmark_client] Sending sample transaction 400
[2026-05-22T09:10:45.784Z INFO  benchmark_client] Sending sample transaction 401
[2026-05-22T09:10:45.835Z INFO  benchmark_client] Sending sample transaction 402
[2026-05-22T09:10:45.884Z INFO  benchmark_client] Sending sample transaction 403
[2026-05-22T09:10:45.934Z INFO  benchmark_client] Sending sample transaction 404
[2026-05-22T09:10:45.985Z INFO  benchmark_client] Sending sample transaction 405
[2026-05-22T09:10:46.034Z INFO  benchmark_client] Sending sample transaction 406
[2026-05-22T09:10:46.084Z INFO  benchmark_client] Sending sample transaction 407
[2026-05-22T09:10:46.134Z INFO  benchmark_client] Sending sample transaction 408
[2026-05-22T09:10:46.184Z INFO  benchmark_client] Sending sample transaction 409
[2026-05-22T09:10:46.234Z INFO  benchmark_client] Sending sample transaction 410
[2026-05-22T09:10:46.284Z INFO  benchmark_client] Sending sample transaction 411
[2026-05-22T09:10:46.334Z INFO  benchmark_client] Sending sample transaction 412
[2026-05-22T09:10:46.384Z INFO  benchmark_client] Sending sample transaction 413
[2026-05-22T09:10:46.435Z INFO  benchmark_client] Sending sample transaction 414
[2026-05-22T09:10:46.484Z INFO  benchmark_client] Sending sample transaction 415
[2026-05-22T09:10:46.534Z INFO  benchmark_client] Sending sample transaction 416
[2026-05-22T09:10:46.584Z INFO  benchmark_client] Sending sample transaction 417
[2026-05-22T09:10:46.634Z INFO  benchmark_client] Sending sample transaction 418
[2026-05-22T09:10:46.684Z INFO  benchmark_client] Sending sample transaction 419
[2026-05-22T09:10:46.734Z INFO  benchmark_client] Sending sample transaction 420
[2026-05-22T09:10:46.784Z INFO  benchmark_client] Sending sample transaction 421
[2026-05-22T09:10:46.834Z INFO  benchmark_client] Sending sample transaction 422
[2026-05-22T09:10:46.885Z INFO  benchmark_client] Sending sample transaction 423
[2026-05-22T09:10:46.934Z INFO  benchmark_client] Sending sample transaction 424
[2026-05-22T09:10:46.984Z INFO  benchmark_client] Sending sample transaction 425
[2026-05-22T09:10:47.035Z INFO  benchmark_client] Sending sample transaction 426
[2026-05-22T09:10:47.084Z INFO  benchmark_client] Sending sample transaction 427
[2026-05-22T09:10:47.135Z INFO  benchmark_client] Sending sample transaction 428
[2026-05-22T09:10:47.184Z INFO  benchmark_client] Sending sample transaction 429
[2026-05-22T09:10:47.234Z INFO  benchmark_client] Sending sample transaction 430
[2026-05-22T09:10:47.285Z INFO  benchmark_client] Sending sample transaction 431
[2026-05-22T09:10:47.334Z INFO  benchmark_client] Sending sample transaction 432
[2026-05-22T09:10:47.385Z INFO  benchmark_client] Sending sample transaction 433
[2026-05-22T09:10:47.434Z INFO  benchmark_client] Sending sample transaction 434
[2026-05-22T09:10:47.484Z INFO  benchmark_client] Sending sample transaction 435
[2026-05-22T09:10:47.535Z INFO  benchmark_client] Sending sample transaction 436
[2026-05-22T09:10:47.584Z INFO  benchmark_client] Sending sample transaction 437
[2026-05-22T09:10:47.635Z INFO  benchmark_client] Sending sample transaction 438
[2026-05-22T09:10:47.684Z INFO  benchmark_client] Sending sample transaction 439
[2026-05-22T09:10:47.734Z INFO  benchmark_client] Sending sample transaction 440
[2026-05-22T09:10:47.784Z INFO  benchmark_client] Sending sample transaction 441
[2026-05-22T09:10:47.835Z INFO  benchmark_client] Sending sample transaction 442
[2026-05-22T09:10:47.884Z INFO  benchmark_client] Sending sample transaction 443
[2026-05-22T09:10:47.934Z INFO  benchmark_client] Sending sample transaction 444
[2026-05-22T09:10:47.985Z INFO  benchmark_client] Sending sample transaction 445
[2026-05-22T09:10:48.034Z INFO  benchmark_client] Sending sample transaction 446
[2026-05-22T09:10:48.085Z INFO  benchmark_client] Sending sample transaction 447
[2026-05-22T09:10:48.134Z INFO  benchmark_client] Sending sample transaction 448
[2026-05-22T09:10:48.184Z INFO  benchmark_client] Sending sample transaction 449
[2026-05-22T09:10:48.234Z INFO  benchmark_client] Sending sample transaction 450
[2026-05-22T09:10:48.284Z INFO  benchmark_client] Sending sample transaction 451
[2026-05-22T09:10:48.335Z INFO  benchmark_client] Sending sample transaction 452
[2026-05-22T09:10:48.384Z INFO  benchmark_client] Sending sample transaction 453
[2026-05-22T09:10:48.434Z INFO  benchmark_client] Sending sample transaction 454
[2026-05-22T09:10:48.485Z INFO  benchmark_client] Sending sample transaction 455
[2026-05-22T09:10:48.534Z INFO  benchmark_client] Sending sample transaction 456
[2026-05-22T09:10:48.584Z INFO  benchmark_client] Sending sample transaction 457
[2026-05-22T09:10:48.634Z INFO  benchmark_client] Sending sample transaction 458
[2026-05-22T09:10:48.685Z INFO  benchmark_client] Sending sample transaction 459
[2026-05-22T09:10:48.734Z INFO  benchmark_client] Sending sample transaction 460
[2026-05-22T09:10:48.784Z INFO  benchmark_client] Sending sample transaction 461
[2026-05-22T09:10:48.835Z INFO  benchmark_client] Sending sample transaction 462
[2026-05-22T09:10:48.884Z INFO  benchmark_client] Sending sample transaction 463
[2026-05-22T09:10:48.934Z INFO  benchmark_client] Sending sample transaction 464
[2026-05-22T09:10:48.984Z INFO  benchmark_client] Sending sample transaction 465
[2026-05-22T09:10:49.034Z INFO  benchmark_client] Sending sample transaction 466
[2026-05-22T09:10:49.085Z INFO  benchmark_client] Sending sample transaction 467
[2026-05-22T09:10:49.136Z INFO  benchmark_client] Sending sample transaction 468
[2026-05-22T09:10:49.185Z INFO  benchmark_client] Sending sample transaction 469
[2026-05-22T09:10:49.235Z INFO  benchmark_client] Sending sample transaction 470
[2026-05-22T09:10:49.285Z INFO  benchmark_client] Sending sample transaction 471
[2026-05-22T09:10:49.334Z INFO  benchmark_client] Sending sample transaction 472
[2026-05-22T09:10:49.384Z INFO  benchmark_client] Sending sample transaction 473
[2026-05-22T09:10:49.434Z INFO  benchmark_client] Sending sample transaction 474
[2026-05-22T09:10:49.484Z INFO  benchmark_client] Sending sample transaction 475
[2026-05-22T09:10:49.534Z INFO  benchmark_client] Sending sample transaction 476
[2026-05-22T09:10:49.584Z INFO  benchmark_client] Sending sample transaction 477
[2026-05-22T09:10:49.634Z INFO  benchmark_client] Sending sample transaction 478
[2026-05-22T09:10:49.684Z INFO  benchmark_client] Sending sample transaction 479
[2026-05-22T09:10:49.734Z INFO  benchmark_client] Sending sample transaction 480
[2026-05-22T09:10:49.784Z INFO  benchmark_client] Sending sample transaction 481
[2026-05-22T09:10:49.835Z INFO  benchmark_client] Sending sample transaction 482
[2026-05-22T09:10:49.884Z INFO  benchmark_client] Sending sample transaction 483
[2026-05-22T09:10:49.935Z INFO  benchmark_client] Sending sample transaction 484
[2026-05-22T09:10:49.984Z INFO  benchmark_client] Sending sample transaction 485
[2026-05-22T09:10:50.034Z INFO  benchmark_client] Sending sample transaction 486
[2026-05-22T09:10:50.085Z INFO  benchmark_client] Sending sample transaction 487
[2026-05-22T09:10:50.134Z INFO  benchmark_client] Sending sample transaction 488
[2026-05-22T09:10:50.185Z INFO  benchmark_client] Sending sample transaction 489
[2026-05-22T09:10:50.234Z INFO  benchmark_client] Sending sample transaction 490
[2026-05-22T09:10:50.284Z INFO  benchmark_client] Sending sample transaction 491
[2026-05-22T09:10:50.334Z INFO  benchmark_client] Sending sample transaction 492
[2026-05-22T09:10:50.384Z INFO  benchmark_client] Sending sample transaction 493
[2026-05-22T09:10:50.435Z INFO  benchmark_client] Sending sample transaction 494
[2026-05-22T09:10:50.484Z INFO  benchmark_client] Sending sample transaction 495
[2026-05-22T09:10:50.535Z INFO  benchmark_client] Sending sample transaction 496
[2026-05-22T09:10:50.584Z INFO  benchmark_client] Sending sample transaction 497
[2026-05-22T09:10:50.634Z INFO  benchmark_client] Sending sample transaction 498
[2026-05-22T09:10:50.684Z INFO  benchmark_client] Sending sample transaction 499
[2026-05-22T09:10:50.734Z INFO  benchmark_client] Sending sample transaction 500
[2026-05-22T09:10:50.785Z INFO  benchmark_client] Sending sample transaction 501
[2026-05-22T09:10:50.834Z INFO  benchmark_client] Sending sample transaction 502
[2026-05-22T09:10:50.884Z INFO  benchmark_client] Sending sample transaction 503
[2026-05-22T09:10:50.935Z INFO  benchmark_client] Sending sample transaction 504
[2026-05-22T09:10:50.984Z INFO  benchmark_client] Sending sample transaction 505
[2026-05-22T09:10:51.034Z INFO  benchmark_client] Sending sample transaction 506
[2026-05-22T09:10:51.084Z INFO  benchmark_client] Sending sample transaction 507
[2026-05-22T09:10:51.134Z INFO  benchmark_client] Sending sample transaction 508
[2026-05-22T09:10:51.184Z INFO  benchmark_client] Sending sample transaction 509
[2026-05-22T09:10:51.234Z INFO  benchmark_client] Sending sample transaction 510
[2026-05-22T09:10:51.284Z INFO  benchmark_client] Sending sample transaction 511
[2026-05-22T09:10:51.334Z INFO  benchmark_client] Sending sample transaction 512
[2026-05-22T09:10:51.385Z INFO  benchmark_client] Sending sample transaction 513
[2026-05-22T09:10:51.434Z INFO  benchmark_client] Sending sample transaction 514
[2026-05-22T09:10:51.484Z INFO  benchmark_client] Sending sample transaction 515
[2026-05-22T09:10:51.534Z INFO  benchmark_client] Sending sample transaction 516
[2026-05-22T09:10:51.584Z INFO  benchmark_client] Sending sample transaction 517
[2026-05-22T09:10:51.635Z INFO  benchmark_client] Sending sample transaction 518
[2026-05-22T09:10:51.684Z INFO  benchmark_client] Sending sample transaction 519
[2026-05-22T09:10:51.734Z INFO  benchmark_client] Sending sample transaction 520
[2026-05-22T09:10:51.785Z INFO  benchmark_client] Sending sample transaction 521
[2026-05-22T09:10:51.834Z INFO  benchmark_client] Sending sample transaction 522
[2026-05-22T09:10:51.884Z INFO  benchmark_client] Sending sample transaction 523
[2026-05-22T09:10:51.934Z INFO  benchmark_client] Sending sample transaction 524
[2026-05-22T09:10:51.985Z INFO  benchmark_client] Sending sample transaction 525
[2026-05-22T09:10:52.034Z INFO  benchmark_client] Sending sample transaction 526
[2026-05-22T09:10:52.084Z INFO  benchmark_client] Sending sample transaction 527
[2026-05-22T09:10:52.134Z INFO  benchmark_client] Sending sample transaction 528
[2026-05-22T09:10:52.184Z INFO  benchmark_client] Sending sample transaction 529
[2026-05-22T09:10:52.234Z INFO  benchmark_client] Sending sample transaction 530
[2026-05-22T09:10:52.284Z INFO  benchmark_client] Sending sample transaction 531
[2026-05-22T09:10:52.334Z INFO  benchmark_client] Sending sample transaction 532
[2026-05-22T09:10:52.384Z INFO  benchmark_client] Sending sample transaction 533
[2026-05-22T09:10:52.434Z INFO  benchmark_client] Sending sample transaction 534
[2026-05-22T09:10:52.484Z INFO  benchmark_client] Sending sample transaction 535
[2026-05-22T09:10:52.534Z INFO  benchmark_client] Sending sample transaction 536
[2026-05-22T09:10:52.584Z INFO  benchmark_client] Sending sample transaction 537
[2026-05-22T09:10:52.634Z INFO  benchmark_client] Sending sample transaction 538
[2026-05-22T09:10:52.684Z INFO  benchmark_client] Sending sample transaction 539
[2026-05-22T09:10:52.734Z INFO  benchmark_client] Sending sample transaction 540
[2026-05-22T09:10:52.784Z INFO  benchmark_client] Sending sample transaction 541
[2026-05-22T09:10:52.834Z INFO  benchmark_client] Sending sample transaction 542
[2026-05-22T09:10:52.884Z INFO  benchmark_client] Sending sample transaction 543
[2026-05-22T09:10:52.934Z INFO  benchmark_client] Sending sample transaction 544
[2026-05-22T09:10:52.985Z INFO  benchmark_client] Sending sample transaction 545
[2026-05-22T09:10:53.034Z INFO  benchmark_client] Sending sample transaction 546
[2026-05-22T09:10:53.084Z INFO  benchmark_client] Sending sample transaction 547
[2026-05-22T09:10:53.135Z INFO  benchmark_client] Sending sample transaction 548
[2026-05-22T09:10:53.185Z INFO  benchmark_client] Sending sample transaction 549
[2026-05-22T09:10:53.234Z INFO  benchmark_client] Sending sample transaction 550
[2026-05-22T09:10:53.284Z INFO  benchmark_client] Sending sample transaction 551
[2026-05-22T09:10:53.334Z INFO  benchmark_client] Sending sample transaction 552
[2026-05-22T09:10:53.384Z INFO  benchmark_client] Sending sample transaction 553
[2026-05-22T09:10:53.434Z INFO  benchmark_client] Sending sample transaction 554
[2026-05-22T09:10:53.484Z INFO  benchmark_client] Sending sample transaction 555
[2026-05-22T09:10:53.534Z INFO  benchmark_client] Sending sample transaction 556
[2026-05-22T09:10:53.584Z INFO  benchmark_client] Sending sample transaction 557
[2026-05-22T09:10:53.634Z INFO  benchmark_client] Sending sample transaction 558
[2026-05-22T09:10:53.685Z INFO  benchmark_client] Sending sample transaction 559
[2026-05-22T09:10:53.735Z INFO  benchmark_client] Sending sample transaction 560
[2026-05-22T09:10:53.784Z INFO  benchmark_client] Sending sample transaction 561
[2026-05-22T09:10:53.835Z INFO  benchmark_client] Sending sample transaction 562
[2026-05-22T09:10:53.884Z INFO  benchmark_client] Sending sample transaction 563
[2026-05-22T09:10:53.934Z INFO  benchmark_client] Sending sample transaction 564
[2026-05-22T09:10:53.984Z INFO  benchmark_client] Sending sample transaction 565
[2026-05-22T09:10:54.035Z INFO  benchmark_client] Sending sample transaction 566
[2026-05-22T09:10:54.084Z INFO  benchmark_client] Sending sample transaction 567
[2026-05-22T09:10:54.134Z INFO  benchmark_client] Sending sample transaction 568
[2026-05-22T09:10:54.184Z INFO  benchmark_client] Sending sample transaction 569
[2026-05-22T09:10:54.234Z INFO  benchmark_client] Sending sample transaction 570
[2026-05-22T09:10:54.284Z INFO  benchmark_client] Sending sample transaction 571
[2026-05-22T09:10:54.335Z INFO  benchmark_client] Sending sample transaction 572
[2026-05-22T09:10:54.384Z INFO  benchmark_client] Sending sample transaction 573
[2026-05-22T09:10:54.434Z INFO  benchmark_client] Sending sample transaction 574
[2026-05-22T09:10:54.484Z INFO  benchmark_client] Sending sample transaction 575
[2026-05-22T09:10:54.534Z INFO  benchmark_client] Sending sample transaction 576
[2026-05-22T09:10:54.584Z INFO  benchmark_client] Sending sample transaction 577
[2026-05-22T09:10:54.634Z INFO  benchmark_client] Sending sample transaction 578
[2026-05-22T09:10:54.684Z INFO  benchmark_client] Sending sample transaction 579
[2026-05-22T09:10:54.734Z INFO  benchmark_client] Sending sample transaction 580
[2026-05-22T09:10:54.785Z INFO  benchmark_client] Sending sample transaction 581
[2026-05-22T09:10:54.834Z INFO  benchmark_client] Sending sample transaction 582
[2026-05-22T09:10:54.884Z INFO  benchmark_client] Sending sample transaction 583
[2026-05-22T09:10:54.934Z INFO  benchmark_client] Sending sample transaction 584
[2026-05-22T09:10:54.985Z INFO  benchmark_client] Sending sample transaction 585
[2026-05-22T09:10:55.034Z INFO  benchmark_client] Sending sample transaction 586
[2026-05-22T09:10:55.084Z INFO  benchmark_client] Sending sample transaction 587
[2026-05-22T09:10:55.134Z INFO  benchmark_client] Sending sample transaction 588
[2026-05-22T09:10:55.184Z INFO  benchmark_client] Sending sample transaction 589
[2026-05-22T09:10:55.234Z INFO  benchmark_client] Sending sample transaction 590
[2026-05-22T09:10:55.284Z INFO  benchmark_client] Sending sample transaction 591
[2026-05-22T09:10:55.335Z INFO  benchmark_client] Sending sample transaction 592
[2026-05-22T09:10:55.384Z INFO  benchmark_client] Sending sample transaction 593
[2026-05-22T09:10:55.435Z INFO  benchmark_client] Sending sample transaction 594
[2026-05-22T09:10:55.484Z INFO  benchmark_client] Sending sample transaction 595
[2026-05-22T09:10:55.534Z INFO  benchmark_client] Sending sample transaction 596
[2026-05-22T09:10:55.585Z INFO  benchmark_client] Sending sample transaction 597
[2026-05-22T09:10:55.635Z INFO  benchmark_client] Sending sample transaction 598
[2026-05-22T09:10:55.684Z INFO  benchmark_client] Sending sample transaction 599
[2026-05-22T09:10:55.735Z INFO  benchmark_client] Sending sample transaction 600
[2026-05-22T09:10:55.784Z INFO  benchmark_client] Sending sample transaction 601
[2026-05-22T09:10:55.835Z INFO  benchmark_client] Sending sample transaction 602
[2026-05-22T09:10:55.884Z INFO  benchmark_client] Sending sample transaction 603
[2026-05-22T09:10:55.934Z INFO  benchmark_client] Sending sample transaction 604
[2026-05-22T09:10:55.984Z INFO  benchmark_client] Sending sample transaction 605
[2026-05-22T09:10:56.034Z INFO  benchmark_client] Sending sample transaction 606
[2026-05-22T09:10:56.085Z INFO  benchmark_client] Sending sample transaction 607
[2026-05-22T09:10:56.134Z INFO  benchmark_client] Sending sample transaction 608
[2026-05-22T09:10:56.184Z INFO  benchmark_client] Sending sample transaction 609
[2026-05-22T09:10:56.235Z INFO  benchmark_client] Sending sample transaction 610
[2026-05-22T09:10:56.284Z INFO  benchmark_client] Sending sample transaction 611
[2026-05-22T09:10:56.335Z INFO  benchmark_client] Sending sample transaction 612
[2026-05-22T09:10:56.384Z INFO  benchmark_client] Sending sample transaction 613
[2026-05-22T09:10:56.434Z INFO  benchmark_client] Sending sample transaction 614
[2026-05-22T09:10:56.484Z INFO  benchmark_client] Sending sample transaction 615
[2026-05-22T09:10:56.534Z INFO  benchmark_client] Sending sample transaction 616
[2026-05-22T09:10:56.584Z INFO  benchmark_client] Sending sample transaction 617
[2026-05-22T09:10:56.635Z INFO  benchmark_client] Sending sample transaction 618
[2026-05-22T09:10:56.684Z INFO  benchmark_client] Sending sample transaction 619
[2026-05-22T09:10:56.735Z INFO  benchmark_client] Sending sample transaction 620
[2026-05-22T09:10:56.784Z INFO  benchmark_client] Sending sample transaction 621
[2026-05-22T09:10:56.834Z INFO  benchmark_client] Sending sample transaction 622
[2026-05-22T09:10:56.884Z INFO  benchmark_client] Sending sample transaction 623
[2026-05-22T09:10:56.934Z INFO  benchmark_client] Sending sample transaction 624
[2026-05-22T09:10:56.984Z INFO  benchmark_client] Sending sample transaction 625
[2026-05-22T09:10:57.035Z INFO  benchmark_client] Sending sample transaction 626
[2026-05-22T09:10:57.084Z INFO  benchmark_client] Sending sample transaction 627
[2026-05-22T09:10:57.134Z INFO  benchmark_client] Sending sample transaction 628
[2026-05-22T09:10:57.184Z INFO  benchmark_client] Sending sample transaction 629
[2026-05-22T09:10:57.234Z INFO  benchmark_client] Sending sample transaction 630
[2026-05-22T09:10:57.284Z INFO  benchmark_client] Sending sample transaction 631
[2026-05-22T09:10:57.334Z INFO  benchmark_client] Sending sample transaction 632
[2026-05-22T09:10:57.384Z INFO  benchmark_client] Sending sample transaction 633
[2026-05-22T09:10:57.434Z INFO  benchmark_client] Sending sample transaction 634
[2026-05-22T09:10:57.485Z INFO  benchmark_client] Sending sample transaction 635
[2026-05-22T09:10:57.534Z INFO  benchmark_client] Sending sample transaction 636
[2026-05-22T09:10:57.584Z INFO  benchmark_client] Sending sample transaction 637
[2026-05-22T09:10:57.634Z INFO  benchmark_client] Sending sample transaction 638
[2026-05-22T09:10:57.685Z INFO  benchmark_client] Sending sample transaction 639
[2026-05-22T09:10:57.734Z INFO  benchmark_client] Sending sample transaction 640
[2026-05-22T09:10:57.785Z INFO  benchmark_client] Sending sample transaction 641
[2026-05-22T09:10:57.835Z INFO  benchmark_client] Sending sample transaction 642
[2026-05-22T09:10:57.884Z INFO  benchmark_client] Sending sample transaction 643
[2026-05-22T09:10:57.935Z INFO  benchmark_client] Sending sample transaction 644
[2026-05-22T09:10:57.984Z INFO  benchmark_client] Sending sample transaction 645
[2026-05-22T09:10:58.034Z INFO  benchmark_client] Sending sample transaction 646
[2026-05-22T09:10:58.085Z INFO  benchmark_client] Sending sample transaction 647
[2026-05-22T09:10:58.134Z INFO  benchmark_client] Sending sample transaction 648
[2026-05-22T09:10:58.185Z INFO  benchmark_client] Sending sample transaction 649
[2026-05-22T09:10:58.234Z INFO  benchmark_client] Sending sample transaction 650
[2026-05-22T09:10:58.284Z INFO  benchmark_client] Sending sample transaction 651
[2026-05-22T09:10:58.334Z INFO  benchmark_client] Sending sample transaction 652
[2026-05-22T09:10:58.385Z INFO  benchmark_client] Sending sample transaction 653
[2026-05-22T09:10:58.434Z INFO  benchmark_client] Sending sample transaction 654
[2026-05-22T09:10:58.486Z INFO  benchmark_client] Sending sample transaction 655
[2026-05-22T09:10:58.535Z INFO  benchmark_client] Sending sample transaction 656
[2026-05-22T09:10:58.585Z INFO  benchmark_client] Sending sample transaction 657
[2026-05-22T09:10:58.634Z INFO  benchmark_client] Sending sample transaction 658
[2026-05-22T09:10:58.684Z INFO  benchmark_client] Sending sample transaction 659
[2026-05-22T09:10:58.735Z INFO  benchmark_client] Sending sample transaction 660
[2026-05-22T09:10:58.784Z INFO  benchmark_client] Sending sample transaction 661
[2026-05-22T09:10:58.834Z INFO  benchmark_client] Sending sample transaction 662
[2026-05-22T09:10:58.884Z INFO  benchmark_client] Sending sample transaction 663
[2026-05-22T09:10:58.934Z INFO  benchmark_client] Sending sample transaction 664
[2026-05-22T09:10:58.984Z INFO  benchmark_client] Sending sample transaction 665
[2026-05-22T09:10:59.034Z INFO  benchmark_client] Sending sample transaction 666
[2026-05-22T09:10:59.084Z INFO  benchmark_client] Sending sample transaction 667
[2026-05-22T09:10:59.134Z INFO  benchmark_client] Sending sample transaction 668
[2026-05-22T09:10:59.184Z INFO  benchmark_client] Sending sample transaction 669
[2026-05-22T09:10:59.235Z INFO  benchmark_client] Sending sample transaction 670
[2026-05-22T09:10:59.284Z INFO  benchmark_client] Sending sample transaction 671
[2026-05-22T09:10:59.334Z INFO  benchmark_client] Sending sample transaction 672
[2026-05-22T09:10:59.384Z INFO  benchmark_client] Sending sample transaction 673
[2026-05-22T09:10:59.434Z INFO  benchmark_client] Sending sample transaction 674
[2026-05-22T09:10:59.484Z INFO  benchmark_client] Sending sample transaction 675
[2026-05-22T09:10:59.534Z INFO  benchmark_client] Sending sample transaction 676
[2026-05-22T09:10:59.584Z INFO  benchmark_client] Sending sample transaction 677
[2026-05-22T09:10:59.634Z INFO  benchmark_client] Sending sample transaction 678
[2026-05-22T09:10:59.684Z INFO  benchmark_client] Sending sample transaction 679
[2026-05-22T09:10:59.734Z INFO  benchmark_client] Sending sample transaction 680
[2026-05-22T09:10:59.785Z INFO  benchmark_client] Sending sample transaction 681
[2026-05-22T09:10:59.834Z INFO  benchmark_client] Sending sample transaction 682
[2026-05-22T09:10:59.884Z INFO  benchmark_client] Sending sample transaction 683
[2026-05-22T09:10:59.935Z INFO  benchmark_client] Sending sample transaction 684
[2026-05-22T09:10:59.984Z INFO  benchmark_client] Sending sample transaction 685
[2026-05-22T09:11:00.034Z INFO  benchmark_client] Sending sample transaction 686
[2026-05-22T09:11:00.085Z INFO  benchmark_client] Sending sample transaction 687
[2026-05-22T09:11:00.134Z INFO  benchmark_client] Sending sample transaction 688
[2026-05-22T09:11:00.184Z INFO  benchmark_client] Sending sample transaction 689
[2026-05-22T09:11:00.234Z INFO  benchmark_client] Sending sample transaction 690
[2026-05-22T09:11:00.284Z INFO  benchmark_client] Sending sample transaction 691
[2026-05-22T09:11:00.335Z INFO  benchmark_client] Sending sample transaction 692
[2026-05-22T09:11:00.384Z INFO  benchmark_client] Sending sample transaction 693
[2026-05-22T09:11:00.434Z INFO  benchmark_client] Sending sample transaction 694
[2026-05-22T09:11:00.485Z INFO  benchmark_client] Sending sample transaction 695
[2026-05-22T09:11:00.535Z INFO  benchmark_client] Sending sample transaction 696
[2026-05-22T09:11:00.584Z INFO  benchmark_client] Sending sample transaction 697
[2026-05-22T09:11:00.635Z INFO  benchmark_client] Sending sample transaction 698
[2026-05-22T09:11:00.685Z INFO  benchmark_client] Sending sample transaction 699
[2026-05-22T09:11:00.734Z INFO  benchmark_client] Sending sample transaction 700
[2026-05-22T09:11:00.784Z INFO  benchmark_client] Sending sample transaction 701
[2026-05-22T09:11:00.834Z INFO  benchmark_client] Sending sample transaction 702
[2026-05-22T09:11:00.885Z INFO  benchmark_client] Sending sample transaction 703
[2026-05-22T09:11:00.935Z INFO  benchmark_client] Sending sample transaction 704
[2026-05-22T09:11:00.984Z INFO  benchmark_client] Sending sample transaction 705
[2026-05-22T09:11:01.034Z INFO  benchmark_client] Sending sample transaction 706
[2026-05-22T09:11:01.084Z INFO  benchmark_client] Sending sample transaction 707
[2026-05-22T09:11:01.134Z INFO  benchmark_client] Sending sample transaction 708
[2026-05-22T09:11:01.184Z INFO  benchmark_client] Sending sample transaction 709
[2026-05-22T09:11:01.235Z INFO  benchmark_client] Sending sample transaction 710
[2026-05-22T09:11:01.284Z INFO  benchmark_client] Sending sample transaction 711
[2026-05-22T09:11:01.334Z INFO  benchmark_client] Sending sample transaction 712
[2026-05-22T09:11:01.385Z INFO  benchmark_client] Sending sample transaction 713
[2026-05-22T09:11:01.434Z INFO  benchmark_client] Sending sample transaction 714
[2026-05-22T09:11:01.484Z INFO  benchmark_client] Sending sample transaction 715
[2026-05-22T09:11:01.534Z INFO  benchmark_client] Sending sample transaction 716
[2026-05-22T09:11:01.584Z INFO  benchmark_client] Sending sample transaction 717
[2026-05-22T09:11:01.634Z INFO  benchmark_client] Sending sample transaction 718
[2026-05-22T09:11:01.684Z INFO  benchmark_client] Sending sample transaction 719
[2026-05-22T09:11:01.735Z INFO  benchmark_client] Sending sample transaction 720
[2026-05-22T09:11:01.784Z INFO  benchmark_client] Sending sample transaction 721
[2026-05-22T09:11:01.834Z INFO  benchmark_client] Sending sample transaction 722
[2026-05-22T09:11:01.884Z INFO  benchmark_client] Sending sample transaction 723
[2026-05-22T09:11:01.935Z INFO  benchmark_client] Sending sample transaction 724
[2026-05-22T09:11:01.984Z INFO  benchmark_client] Sending sample transaction 725
[2026-05-22T09:11:02.034Z INFO  benchmark_client] Sending sample transaction 726
[2026-05-22T09:11:02.085Z INFO  benchmark_client] Sending sample transaction 727
[2026-05-22T09:11:02.134Z INFO  benchmark_client] Sending sample transaction 728
[2026-05-22T09:11:02.184Z INFO  benchmark_client] Sending sample transaction 729
[2026-05-22T09:11:02.235Z INFO  benchmark_client] Sending sample transaction 730
[2026-05-22T09:11:02.284Z INFO  benchmark_client] Sending sample transaction 731
[2026-05-22T09:11:02.335Z INFO  benchmark_client] Sending sample transaction 732
[2026-05-22T09:11:02.384Z INFO  benchmark_client] Sending sample transaction 733
[2026-05-22T09:11:02.434Z INFO  benchmark_client] Sending sample transaction 734
[2026-05-22T09:11:02.485Z INFO  benchmark_client] Sending sample transaction 735
[2026-05-22T09:11:02.534Z INFO  benchmark_client] Sending sample transaction 736
[2026-05-22T09:11:02.584Z INFO  benchmark_client] Sending sample transaction 737
[2026-05-22T09:11:02.634Z INFO  benchmark_client] Sending sample transaction 738
[2026-05-22T09:11:02.685Z INFO  benchmark_client] Sending sample transaction 739
[2026-05-22T09:11:02.734Z INFO  benchmark_client] Sending sample transaction 740
[2026-05-22T09:11:02.785Z INFO  benchmark_client] Sending sample transaction 741
[2026-05-22T09:11:02.835Z INFO  benchmark_client] Sending sample transaction 742
[2026-05-22T09:11:02.884Z INFO  benchmark_client] Sending sample transaction 743
[2026-05-22T09:11:02.934Z INFO  benchmark_client] Sending sample transaction 744
[2026-05-22T09:11:02.985Z INFO  benchmark_client] Sending sample transaction 745
[2026-05-22T09:11:03.035Z INFO  benchmark_client] Sending sample transaction 746
[2026-05-22T09:11:03.084Z INFO  benchmark_client] Sending sample transaction 747
[2026-05-22T09:11:03.134Z INFO  benchmark_client] Sending sample transaction 748
[2026-05-22T09:11:03.185Z INFO  benchmark_client] Sending sample transaction 749
[2026-05-22T09:11:03.235Z INFO  benchmark_client] Sending sample transaction 750
[2026-05-22T09:11:03.284Z INFO  benchmark_client] Sending sample transaction 751
[2026-05-22T09:11:03.334Z INFO  benchmark_client] Sending sample transaction 752
[2026-05-22T09:11:03.385Z INFO  benchmark_client] Sending sample transaction 753
[2026-05-22T09:11:03.434Z INFO  benchmark_client] Sending sample transaction 754
[2026-05-22T09:11:03.484Z INFO  benchmark_client] Sending sample transaction 755
[2026-05-22T09:11:03.535Z INFO  benchmark_client] Sending sample transaction 756
[2026-05-22T09:11:03.584Z INFO  benchmark_client] Sending sample transaction 757
[2026-05-22T09:11:03.634Z INFO  benchmark_client] Sending sample transaction 758
[2026-05-22T09:11:03.685Z INFO  benchmark_client] Sending sample transaction 759
[2026-05-22T09:11:03.734Z INFO  benchmark_client] Sending sample transaction 760
[2026-05-22T09:11:03.784Z INFO  benchmark_client] Sending sample transaction 761
[2026-05-22T09:11:03.835Z INFO  benchmark_client] Sending sample transaction 762
[2026-05-22T09:11:03.884Z INFO  benchmark_client] Sending sample transaction 763
[2026-05-22T09:11:03.934Z INFO  benchmark_client] Sending sample transaction 764
[2026-05-22T09:11:03.985Z INFO  benchmark_client] Sending sample transaction 765
[2026-05-22T09:11:04.035Z INFO  benchmark_client] Sending sample transaction 766
[2026-05-22T09:11:04.084Z INFO  benchmark_client] Sending sample transaction 767
[2026-05-22T09:11:04.134Z INFO  benchmark_client] Sending sample transaction 768
[2026-05-22T09:11:04.184Z INFO  benchmark_client] Sending sample transaction 769
[2026-05-22T09:11:04.234Z INFO  benchmark_client] Sending sample transaction 770
[2026-05-22T09:11:04.285Z INFO  benchmark_client] Sending sample transaction 771
[2026-05-22T09:11:04.334Z INFO  benchmark_client] Sending sample transaction 772
[2026-05-22T09:11:04.384Z INFO  benchmark_client] Sending sample transaction 773
[2026-05-22T09:11:04.434Z INFO  benchmark_client] Sending sample transaction 774
[2026-05-22T09:11:04.484Z INFO  benchmark_client] Sending sample transaction 775
[2026-05-22T09:11:04.535Z INFO  benchmark_client] Sending sample transaction 776
[2026-05-22T09:11:04.584Z INFO  benchmark_client] Sending sample transaction 777
[2026-05-22T09:11:04.634Z INFO  benchmark_client] Sending sample transaction 778
[2026-05-22T09:11:04.684Z INFO  benchmark_client] Sending sample transaction 779
[2026-05-22T09:11:04.735Z INFO  benchmark_client] Sending sample transaction 780
[2026-05-22T09:11:04.784Z INFO  benchmark_client] Sending sample transaction 781
[2026-05-22T09:11:04.834Z INFO  benchmark_client] Sending sample transaction 782
[2026-05-22T09:11:04.885Z INFO  benchmark_client] Sending sample transaction 783
[2026-05-22T09:11:04.934Z INFO  benchmark_client] Sending sample transaction 784
[2026-05-22T09:11:04.984Z INFO  benchmark_client] Sending sample transaction 785
[2026-05-22T09:11:05.035Z INFO  benchmark_client] Sending sample transaction 786
[2026-05-22T09:11:05.084Z INFO  benchmark_client] Sending sample transaction 787
[2026-05-22T09:11:05.134Z INFO  benchmark_client] Sending sample transaction 788
[2026-05-22T09:11:05.185Z INFO  benchmark_client] Sending sample transaction 789
[2026-05-22T09:11:05.234Z INFO  benchmark_client] Sending sample transaction 790
[2026-05-22T09:11:05.284Z INFO  benchmark_client] Sending sample transaction 791
[2026-05-22T09:11:05.334Z INFO  benchmark_client] Sending sample transaction 792
[2026-05-22T09:11:05.385Z INFO  benchmark_client] Sending sample transaction 793
[2026-05-22T09:11:05.434Z INFO  benchmark_client] Sending sample transaction 794
[2026-05-22T09:11:05.484Z INFO  benchmark_client] Sending sample transaction 795
[2026-05-22T09:11:05.534Z INFO  benchmark_client] Sending sample transaction 796
[2026-05-22T09:11:05.584Z INFO  benchmark_client] Sending sample transaction 797
[2026-05-22T09:11:05.634Z INFO  benchmark_client] Sending sample transaction 798
[2026-05-22T09:11:05.685Z INFO  benchmark_client] Sending sample transaction 799
[2026-05-22T09:11:05.734Z INFO  benchmark_client] Sending sample transaction 800
[2026-05-22T09:11:05.784Z INFO  benchmark_client] Sending sample transaction 801
[2026-05-22T09:11:05.834Z INFO  benchmark_client] Sending sample transaction 802
[2026-05-22T09:11:05.885Z INFO  benchmark_client] Sending sample transaction 803
[2026-05-22T09:11:05.934Z INFO  benchmark_client] Sending sample transaction 804
[2026-05-22T09:11:05.984Z INFO  benchmark_client] Sending sample transaction 805
[2026-05-22T09:11:06.035Z INFO  benchmark_client] Sending sample transaction 806
[2026-05-22T09:11:06.085Z INFO  benchmark_client] Sending sample transaction 807
[2026-05-22T09:11:06.135Z INFO  benchmark_client] Sending sample transaction 808
[2026-05-22T09:11:06.184Z INFO  benchmark_client] Sending sample transaction 809
[2026-05-22T09:11:06.234Z INFO  benchmark_client] Sending sample transaction 810
[2026-05-22T09:11:06.284Z INFO  benchmark_client] Sending sample transaction 811
[2026-05-22T09:11:06.334Z INFO  benchmark_client] Sending sample transaction 812
[2026-05-22T09:11:06.384Z INFO  benchmark_client] Sending sample transaction 813
[2026-05-22T09:11:06.435Z INFO  benchmark_client] Sending sample transaction 814
[2026-05-22T09:11:06.484Z INFO  benchmark_client] Sending sample transaction 815
[2026-05-22T09:11:06.534Z INFO  benchmark_client] Sending sample transaction 816
[2026-05-22T09:11:06.585Z INFO  benchmark_client] Sending sample transaction 817
[2026-05-22T09:11:06.634Z INFO  benchmark_client] Sending sample transaction 818
[2026-05-22T09:11:06.685Z INFO  benchmark_client] Sending sample transaction 819
[2026-05-22T09:11:06.734Z INFO  benchmark_client] Sending sample transaction 820
[2026-05-22T09:11:06.785Z INFO  benchmark_client] Sending sample transaction 821
[2026-05-22T09:11:06.834Z INFO  benchmark_client] Sending sample transaction 822
[2026-05-22T09:11:06.884Z INFO  benchmark_client] Sending sample transaction 823
[2026-05-22T09:11:06.935Z INFO  benchmark_client] Sending sample transaction 824
[2026-05-22T09:11:06.984Z INFO  benchmark_client] Sending sample transaction 825
[2026-05-22T09:11:07.034Z INFO  benchmark_client] Sending sample transaction 826
[2026-05-22T09:11:07.085Z INFO  benchmark_client] Sending sample transaction 827
[2026-05-22T09:11:07.134Z INFO  benchmark_client] Sending sample transaction 828
[2026-05-22T09:11:07.184Z INFO  benchmark_client] Sending sample transaction 829
[2026-05-22T09:11:07.234Z INFO  benchmark_client] Sending sample transaction 830
[2026-05-22T09:11:07.285Z INFO  benchmark_client] Sending sample transaction 831
[2026-05-22T09:11:07.334Z INFO  benchmark_client] Sending sample transaction 832
[2026-05-22T09:11:07.384Z INFO  benchmark_client] Sending sample transaction 833
[2026-05-22T09:11:07.434Z INFO  benchmark_client] Sending sample transaction 834
[2026-05-22T09:11:07.484Z INFO  benchmark_client] Sending sample transaction 835
[2026-05-22T09:11:07.534Z INFO  benchmark_client] Sending sample transaction 836
[2026-05-22T09:11:07.585Z INFO  benchmark_client] Sending sample transaction 837
[2026-05-22T09:11:07.634Z INFO  benchmark_client] Sending sample transaction 838
[2026-05-22T09:11:07.684Z INFO  benchmark_client] Sending sample transaction 839
[2026-05-22T09:11:07.734Z INFO  benchmark_client] Sending sample transaction 840
[2026-05-22T09:11:07.784Z INFO  benchmark_client] Sending sample transaction 841
[2026-05-22T09:11:07.834Z INFO  benchmark_client] Sending sample transaction 842
[2026-05-22T09:11:07.884Z INFO  benchmark_client] Sending sample transaction 843
[2026-05-22T09:11:07.935Z INFO  benchmark_client] Sending sample transaction 844
[2026-05-22T09:11:07.985Z INFO  benchmark_client] Sending sample transaction 845
[2026-05-22T09:11:08.034Z INFO  benchmark_client] Sending sample transaction 846
[2026-05-22T09:11:08.084Z INFO  benchmark_client] Sending sample transaction 847
[2026-05-22T09:11:08.135Z INFO  benchmark_client] Sending sample transaction 848
[2026-05-22T09:11:08.184Z INFO  benchmark_client] Sending sample transaction 849
[2026-05-22T09:11:08.234Z INFO  benchmark_client] Sending sample transaction 850
[2026-05-22T09:11:08.284Z INFO  benchmark_client] Sending sample transaction 851
[2026-05-22T09:11:08.334Z INFO  benchmark_client] Sending sample transaction 852
[2026-05-22T09:11:08.384Z INFO  benchmark_client] Sending sample transaction 853
[2026-05-22T09:11:08.434Z INFO  benchmark_client] Sending sample transaction 854
[2026-05-22T09:11:08.485Z INFO  benchmark_client] Sending sample transaction 855
[2026-05-22T09:11:08.534Z INFO  benchmark_client] Sending sample transaction 856
[2026-05-22T09:11:08.584Z INFO  benchmark_client] Sending sample transaction 857
[2026-05-22T09:11:08.635Z INFO  benchmark_client] Sending sample transaction 858
[2026-05-22T09:11:08.684Z INFO  benchmark_client] Sending sample transaction 859
[2026-05-22T09:11:08.734Z INFO  benchmark_client] Sending sample transaction 860
[2026-05-22T09:11:08.784Z INFO  benchmark_client] Sending sample transaction 861
[2026-05-22T09:11:08.834Z INFO  benchmark_client] Sending sample transaction 862
[2026-05-22T09:11:08.884Z INFO  benchmark_client] Sending sample transaction 863
[2026-05-22T09:11:08.934Z INFO  benchmark_client] Sending sample transaction 864
[2026-05-22T09:11:08.984Z INFO  benchmark_client] Sending sample transaction 865
[2026-05-22T09:11:09.035Z INFO  benchmark_client] Sending sample transaction 866
[2026-05-22T09:11:09.084Z INFO  benchmark_client] Sending sample transaction 867
[2026-05-22T09:11:09.134Z INFO  benchmark_client] Sending sample transaction 868
[2026-05-22T09:11:09.185Z INFO  benchmark_client] Sending sample transaction 869
[2026-05-22T09:11:09.234Z INFO  benchmark_client] Sending sample transaction 870
[2026-05-22T09:11:09.284Z INFO  benchmark_client] Sending sample transaction 871
[2026-05-22T09:11:09.334Z INFO  benchmark_client] Sending sample transaction 872
[2026-05-22T09:11:09.384Z INFO  benchmark_client] Sending sample transaction 873
[2026-05-22T09:11:09.434Z INFO  benchmark_client] Sending sample transaction 874
[2026-05-22T09:11:09.485Z INFO  benchmark_client] Sending sample transaction 875
[2026-05-22T09:11:09.534Z INFO  benchmark_client] Sending sample transaction 876
[2026-05-22T09:11:09.584Z INFO  benchmark_client] Sending sample transaction 877
[2026-05-22T09:11:09.634Z INFO  benchmark_client] Sending sample transaction 878
[2026-05-22T09:11:09.684Z INFO  benchmark_client] Sending sample transaction 879
[2026-05-22T09:11:09.735Z INFO  benchmark_client] Sending sample transaction 880
[2026-05-22T09:11:09.784Z INFO  benchmark_client] Sending sample transaction 881
[2026-05-22T09:11:09.834Z INFO  benchmark_client] Sending sample transaction 882
[2026-05-22T09:11:09.884Z INFO  benchmark_client] Sending sample transaction 883
[2026-05-22T09:11:09.934Z INFO  benchmark_client] Sending sample transaction 884
[2026-05-22T09:11:09.984Z INFO  benchmark_client] Sending sample transaction 885
[2026-05-22T09:11:10.035Z INFO  benchmark_client] Sending sample transaction 886
[2026-05-22T09:11:10.084Z INFO  benchmark_client] Sending sample transaction 887
[2026-05-22T09:11:10.134Z INFO  benchmark_client] Sending sample transaction 888
[2026-05-22T09:11:10.185Z INFO  benchmark_client] Sending sample transaction 889
[2026-05-22T09:11:10.234Z INFO  benchmark_client] Sending sample transaction 890
[2026-05-22T09:11:10.284Z INFO  benchmark_client] Sending sample transaction 891
[2026-05-22T09:11:10.334Z INFO  benchmark_client] Sending sample transaction 892
[2026-05-22T09:11:10.384Z INFO  benchmark_client] Sending sample transaction 893
[2026-05-22T09:11:10.434Z INFO  benchmark_client] Sending sample transaction 894
