[2026-05-22T09:10:25.533Z INFO  benchmark_client] Node address: 35.243.133.228:5018
[2026-05-22T09:10:25.533Z INFO  benchmark_client] Transactions size: 512 B
[2026-05-22T09:10:25.533Z INFO  benchmark_client] Transactions rate: 3334 tx/s
[2026-05-22T09:10:25.533Z INFO  benchmark_client] Waiting for all nodes to be online...
[2026-05-22T09:10:25.762Z INFO  benchmark_client] Start sending transactions
[2026-05-22T09:10:25.763Z INFO  benchmark_client] Sending sample transaction 0
[2026-05-22T09:10:25.813Z INFO  benchmark_client] Sending sample transaction 1
[2026-05-22T09:10:25.863Z INFO  benchmark_client] Sending sample transaction 2
[2026-05-22T09:10:25.913Z INFO  benchmark_client] Sending sample transaction 3
[2026-05-22T09:10:25.963Z INFO  benchmark_client] Sending sample transaction 4
[2026-05-22T09:10:26.013Z INFO  benchmark_client] Sending sample transaction 5
[2026-05-22T09:10:26.065Z INFO  benchmark_client] Sending sample transaction 6
[2026-05-22T09:10:26.113Z INFO  benchmark_client] Sending sample transaction 7
[2026-05-22T09:10:26.163Z INFO  benchmark_client] Sending sample transaction 8
[2026-05-22T09:10:26.213Z INFO  benchmark_client] Sending sample transaction 9
[2026-05-22T09:10:26.263Z INFO  benchmark_client] Sending sample transaction 10
[2026-05-22T09:10:26.313Z INFO  benchmark_client] Sending sample transaction 11
[2026-05-22T09:10:26.363Z INFO  benchmark_client] Sending sample transaction 12
[2026-05-22T09:10:26.413Z INFO  benchmark_client] Sending sample transaction 13
[2026-05-22T09:10:26.463Z INFO  benchmark_client] Sending sample transaction 14
[2026-05-22T09:10:26.513Z INFO  benchmark_client] Sending sample transaction 15
[2026-05-22T09:10:26.563Z INFO  benchmark_client] Sending sample transaction 16
[2026-05-22T09:10:26.613Z INFO  benchmark_client] Sending sample transaction 17
[2026-05-22T09:10:26.663Z INFO  benchmark_client] Sending sample transaction 18
[2026-05-22T09:10:26.713Z INFO  benchmark_client] Sending sample transaction 19
[2026-05-22T09:10:26.763Z INFO  benchmark_client] Sending sample transaction 20
[2026-05-22T09:10:26.813Z INFO  benchmark_client] Sending sample transaction 21
[2026-05-22T09:10:26.863Z INFO  benchmark_client] Sending sample transaction 22
[2026-05-22T09:10:26.913Z INFO  benchmark_client] Sending sample transaction 23
[2026-05-22T09:10:26.963Z INFO  benchmark_client] Sending sample transaction 24
[2026-05-22T09:10:27.014Z INFO  benchmark_client] Sending sample transaction 25
[2026-05-22T09:10:27.063Z INFO  benchmark_client] Sending sample transaction 26
[2026-05-22T09:10:27.113Z INFO  benchmark_client] Sending sample transaction 27
[2026-05-22T09:10:27.163Z INFO  benchmark_client] Sending sample transaction 28
[2026-05-22T09:10:27.213Z INFO  benchmark_client] Sending sample transaction 29
[2026-05-22T09:10:27.263Z INFO  benchmark_client] Sending sample transaction 30
[2026-05-22T09:10:27.314Z INFO  benchmark_client] Sending sample transaction 31
[2026-05-22T09:10:27.363Z INFO  benchmark_client] Sending sample transaction 32
[2026-05-22T09:10:27.413Z INFO  benchmark_client] Sending sample transaction 33
[2026-05-22T09:10:27.463Z INFO  benchmark_client] Sending sample transaction 34
[2026-05-22T09:10:27.513Z INFO  benchmark_client] Sending sample transaction 35
[2026-05-22T09:10:27.563Z INFO  benchmark_client] Sending sample transaction 36
[2026-05-22T09:10:27.613Z INFO  benchmark_client] Sending sample transaction 37
[2026-05-22T09:10:27.665Z INFO  benchmark_client] Sending sample transaction 38
[2026-05-22T09:10:27.713Z INFO  benchmark_client] Sending sample transaction 39
[2026-05-22T09:10:27.763Z INFO  benchmark_client] Sending sample transaction 40
[2026-05-22T09:10:27.813Z INFO  benchmark_client] Sending sample transaction 41
[2026-05-22T09:10:27.864Z INFO  benchmark_client] Sending sample transaction 42
[2026-05-22T09:10:27.913Z INFO  benchmark_client] Sending sample transaction 43
[2026-05-22T09:10:27.963Z INFO  benchmark_client] Sending sample transaction 44
[2026-05-22T09:10:28.013Z INFO  benchmark_client] Sending sample transaction 45
[2026-05-22T09:10:28.063Z INFO  benchmark_client] Sending sample transaction 46
[2026-05-22T09:10:28.113Z INFO  benchmark_client] Sending sample transaction 47
[2026-05-22T09:10:28.163Z INFO  benchmark_client] Sending sample transaction 48
[2026-05-22T09:10:28.213Z INFO  benchmark_client] Sending sample transaction 49
[2026-05-22T09:10:28.264Z INFO  benchmark_client] Sending sample transaction 50
[2026-05-22T09:10:28.313Z INFO  benchmark_client] Sending sample transaction 51
[2026-05-22T09:10:28.363Z INFO  benchmark_client] Sending sample transaction 52
[2026-05-22T09:10:28.413Z INFO  benchmark_client] Sending sample transaction 53
[2026-05-22T09:10:28.463Z INFO  benchmark_client] Sending sample transaction 54
[2026-05-22T09:10:28.513Z INFO  benchmark_client] Sending sample transaction 55
[2026-05-22T09:10:28.563Z INFO  benchmark_client] Sending sample transaction 56
[2026-05-22T09:10:28.614Z INFO  benchmark_client] Sending sample transaction 57
[2026-05-22T09:10:28.663Z INFO  benchmark_client] Sending sample transaction 58
[2026-05-22T09:10:28.713Z INFO  benchmark_client] Sending sample transaction 59
[2026-05-22T09:10:28.763Z INFO  benchmark_client] Sending sample transaction 60
[2026-05-22T09:10:28.813Z INFO  benchmark_client] Sending sample transaction 61
[2026-05-22T09:10:28.863Z INFO  benchmark_client] Sending sample transaction 62
[2026-05-22T09:10:28.913Z INFO  benchmark_client] Sending sample transaction 63
[2026-05-22T09:10:28.963Z INFO  benchmark_client] Sending sample transaction 64
[2026-05-22T09:10:29.014Z INFO  benchmark_client] Sending sample transaction 65
[2026-05-22T09:10:29.064Z INFO  benchmark_client] Sending sample transaction 66
[2026-05-22T09:10:29.113Z INFO  benchmark_client] Sending sample transaction 67
[2026-05-22T09:10:29.164Z INFO  benchmark_client] Sending sample transaction 68
[2026-05-22T09:10:29.214Z INFO  benchmark_client] Sending sample transaction 69
[2026-05-22T09:10:29.263Z INFO  benchmark_client] Sending sample transaction 70
[2026-05-22T09:10:29.314Z INFO  benchmark_client] Sending sample transaction 71
[2026-05-22T09:10:29.363Z INFO  benchmark_client] Sending sample transaction 72
[2026-05-22T09:10:29.413Z INFO  benchmark_client] Sending sample transaction 73
[2026-05-22T09:10:29.464Z INFO  benchmark_client] Sending sample transaction 74
[2026-05-22T09:10:29.514Z INFO  benchmark_client] Sending sample transaction 75
[2026-05-22T09:10:29.564Z INFO  benchmark_client] Sending sample transaction 76
[2026-05-22T09:10:29.613Z INFO  benchmark_client] Sending sample transaction 77
[2026-05-22T09:10:29.663Z INFO  benchmark_client] Sending sample transaction 78
[2026-05-22T09:10:29.714Z INFO  benchmark_client] Sending sample transaction 79
[2026-05-22T09:10:29.764Z INFO  benchmark_client] Sending sample transaction 80
[2026-05-22T09:10:29.814Z INFO  benchmark_client] Sending sample transaction 81
[2026-05-22T09:10:29.863Z INFO  benchmark_client] Sending sample transaction 82
[2026-05-22T09:10:29.913Z INFO  benchmark_client] Sending sample transaction 83
[2026-05-22T09:10:29.964Z INFO  benchmark_client] Sending sample transaction 84
[2026-05-22T09:10:30.013Z INFO  benchmark_client] Sending sample transaction 85
[2026-05-22T09:10:30.063Z INFO  benchmark_client] Sending sample transaction 86
[2026-05-22T09:10:30.113Z INFO  benchmark_client] Sending sample transaction 87
[2026-05-22T09:10:30.163Z INFO  benchmark_client] Sending sample transaction 88
[2026-05-22T09:10:30.214Z INFO  benchmark_client] Sending sample transaction 89
[2026-05-22T09:10:30.263Z INFO  benchmark_client] Sending sample transaction 90
[2026-05-22T09:10:30.313Z INFO  benchmark_client] Sending sample transaction 91
[2026-05-22T09:10:30.363Z INFO  benchmark_client] Sending sample transaction 92
[2026-05-22T09:10:30.413Z INFO  benchmark_client] Sending sample transaction 93
[2026-05-22T09:10:30.463Z INFO  benchmark_client] Sending sample transaction 94
[2026-05-22T09:10:30.513Z INFO  benchmark_client] Sending sample transaction 95
[2026-05-22T09:10:30.564Z INFO  benchmark_client] Sending sample transaction 96
[2026-05-22T09:10:30.613Z INFO  benchmark_client] Sending sample transaction 97
[2026-05-22T09:10:30.663Z INFO  benchmark_client] Sending sample transaction 98
[2026-05-22T09:10:30.713Z INFO  benchmark_client] Sending sample transaction 99
[2026-05-22T09:10:30.764Z INFO  benchmark_client] Sending sample transaction 100
[2026-05-22T09:10:30.813Z INFO  benchmark_client] Sending sample transaction 101
[2026-05-22T09:10:30.863Z INFO  benchmark_client] Sending sample transaction 102
[2026-05-22T09:10:30.914Z INFO  benchmark_client] Sending sample transaction 103
[2026-05-22T09:10:30.963Z INFO  benchmark_client] Sending sample transaction 104
[2026-05-22T09:10:31.013Z INFO  benchmark_client] Sending sample transaction 105
[2026-05-22T09:10:31.063Z INFO  benchmark_client] Sending sample transaction 106
[2026-05-22T09:10:31.114Z INFO  benchmark_client] Sending sample transaction 107
[2026-05-22T09:10:31.163Z INFO  benchmark_client] Sending sample transaction 108
[2026-05-22T09:10:31.213Z INFO  benchmark_client] Sending sample transaction 109
[2026-05-22T09:10:31.264Z INFO  benchmark_client] Sending sample transaction 110
[2026-05-22T09:10:31.314Z INFO  benchmark_client] Sending sample transaction 111
[2026-05-22T09:10:31.363Z INFO  benchmark_client] Sending sample transaction 112
[2026-05-22T09:10:31.413Z INFO  benchmark_client] Sending sample transaction 113
[2026-05-22T09:10:31.463Z INFO  benchmark_client] Sending sample transaction 114
[2026-05-22T09:10:31.513Z INFO  benchmark_client] Sending sample transaction 115
[2026-05-22T09:10:31.563Z INFO  benchmark_client] Sending sample transaction 116
[2026-05-22T09:10:31.614Z INFO  benchmark_client] Sending sample transaction 117
[2026-05-22T09:10:31.663Z INFO  benchmark_client] Sending sample transaction 118
[2026-05-22T09:10:31.713Z INFO  benchmark_client] Sending sample transaction 119
[2026-05-22T09:10:31.763Z INFO  benchmark_client] Sending sample transaction 120
[2026-05-22T09:10:31.813Z INFO  benchmark_client] Sending sample transaction 121
[2026-05-22T09:10:31.864Z INFO  benchmark_client] Sending sample transaction 122
[2026-05-22T09:10:31.913Z INFO  benchmark_client] Sending sample transaction 123
[2026-05-22T09:10:31.964Z INFO  benchmark_client] Sending sample transaction 124
[2026-05-22T09:10:32.013Z INFO  benchmark_client] Sending sample transaction 125
[2026-05-22T09:10:32.063Z INFO  benchmark_client] Sending sample transaction 126
[2026-05-22T09:10:32.113Z INFO  benchmark_client] Sending sample transaction 127
[2026-05-22T09:10:32.164Z INFO  benchmark_client] Sending sample transaction 128
[2026-05-22T09:10:32.213Z INFO  benchmark_client] Sending sample transaction 129
[2026-05-22T09:10:32.263Z INFO  benchmark_client] Sending sample transaction 130
[2026-05-22T09:10:32.313Z INFO  benchmark_client] Sending sample transaction 131
[2026-05-22T09:10:32.363Z INFO  benchmark_client] Sending sample transaction 132
[2026-05-22T09:10:32.414Z INFO  benchmark_client] Sending sample transaction 133
[2026-05-22T09:10:32.463Z INFO  benchmark_client] Sending sample transaction 134
[2026-05-22T09:10:32.513Z INFO  benchmark_client] Sending sample transaction 135
[2026-05-22T09:10:32.564Z INFO  benchmark_client] Sending sample transaction 136
[2026-05-22T09:10:32.613Z INFO  benchmark_client] Sending sample transaction 137
[2026-05-22T09:10:32.663Z INFO  benchmark_client] Sending sample transaction 138
[2026-05-22T09:10:32.714Z INFO  benchmark_client] Sending sample transaction 139
[2026-05-22T09:10:32.764Z INFO  benchmark_client] Sending sample transaction 140
[2026-05-22T09:10:32.814Z INFO  benchmark_client] Sending sample transaction 141
[2026-05-22T09:10:32.863Z INFO  benchmark_client] Sending sample transaction 142
[2026-05-22T09:10:32.913Z INFO  benchmark_client] Sending sample transaction 143
[2026-05-22T09:10:32.963Z INFO  benchmark_client] Sending sample transaction 144
[2026-05-22T09:10:33.013Z INFO  benchmark_client] Sending sample transaction 145
[2026-05-22T09:10:33.064Z INFO  benchmark_client] Sending sample transaction 146
[2026-05-22T09:10:33.113Z INFO  benchmark_client] Sending sample transaction 147
[2026-05-22T09:10:33.163Z INFO  benchmark_client] Sending sample transaction 148
[2026-05-22T09:10:33.214Z INFO  benchmark_client] Sending sample transaction 149
[2026-05-22T09:10:33.263Z INFO  benchmark_client] Sending sample transaction 150
[2026-05-22T09:10:33.313Z INFO  benchmark_client] Sending sample transaction 151
[2026-05-22T09:10:33.363Z INFO  benchmark_client] Sending sample transaction 152
[2026-05-22T09:10:33.413Z INFO  benchmark_client] Sending sample transaction 153
[2026-05-22T09:10:33.463Z INFO  benchmark_client] Sending sample transaction 154
[2026-05-22T09:10:33.513Z INFO  benchmark_client] Sending sample transaction 155
[2026-05-22T09:10:33.563Z INFO  benchmark_client] Sending sample transaction 156
[2026-05-22T09:10:33.613Z INFO  benchmark_client] Sending sample transaction 157
[2026-05-22T09:10:33.664Z INFO  benchmark_client] Sending sample transaction 158
[2026-05-22T09:10:33.713Z INFO  benchmark_client] Sending sample transaction 159
[2026-05-22T09:10:33.763Z INFO  benchmark_client] Sending sample transaction 160
[2026-05-22T09:10:33.814Z INFO  benchmark_client] Sending sample transaction 161
[2026-05-22T09:10:33.864Z INFO  benchmark_client] Sending sample transaction 162
[2026-05-22T09:10:33.914Z INFO  benchmark_client] Sending sample transaction 163
[2026-05-22T09:10:33.963Z INFO  benchmark_client] Sending sample transaction 164
[2026-05-22T09:10:34.013Z INFO  benchmark_client] Sending sample transaction 165
[2026-05-22T09:10:34.063Z INFO  benchmark_client] Sending sample transaction 166
[2026-05-22T09:10:34.113Z INFO  benchmark_client] Sending sample transaction 167
[2026-05-22T09:10:34.163Z INFO  benchmark_client] Sending sample transaction 168
[2026-05-22T09:10:34.213Z INFO  benchmark_client] Sending sample transaction 169
[2026-05-22T09:10:34.263Z INFO  benchmark_client] Sending sample transaction 170
[2026-05-22T09:10:34.313Z INFO  benchmark_client] Sending sample transaction 171
[2026-05-22T09:10:34.363Z INFO  benchmark_client] Sending sample transaction 172
[2026-05-22T09:10:34.413Z INFO  benchmark_client] Sending sample transaction 173
[2026-05-22T09:10:34.463Z INFO  benchmark_client] Sending sample transaction 174
[2026-05-22T09:10:34.513Z INFO  benchmark_client] Sending sample transaction 175
[2026-05-22T09:10:34.563Z INFO  benchmark_client] Sending sample transaction 176
[2026-05-22T09:10:34.613Z INFO  benchmark_client] Sending sample transaction 177
[2026-05-22T09:10:34.663Z INFO  benchmark_client] Sending sample transaction 178
[2026-05-22T09:10:34.713Z INFO  benchmark_client] Sending sample transaction 179
[2026-05-22T09:10:34.764Z INFO  benchmark_client] Sending sample transaction 180
[2026-05-22T09:10:34.813Z INFO  benchmark_client] Sending sample transaction 181
[2026-05-22T09:10:34.863Z INFO  benchmark_client] Sending sample transaction 182
[2026-05-22T09:10:34.913Z INFO  benchmark_client] Sending sample transaction 183
[2026-05-22T09:10:34.963Z INFO  benchmark_client] Sending sample transaction 184
[2026-05-22T09:10:35.013Z INFO  benchmark_client] Sending sample transaction 185
[2026-05-22T09:10:35.063Z INFO  benchmark_client] Sending sample transaction 186
[2026-05-22T09:10:35.113Z INFO  benchmark_client] Sending sample transaction 187
[2026-05-22T09:10:35.164Z INFO  benchmark_client] Sending sample transaction 188
[2026-05-22T09:10:35.213Z INFO  benchmark_client] Sending sample transaction 189
[2026-05-22T09:10:35.263Z INFO  benchmark_client] Sending sample transaction 190
[2026-05-22T09:10:35.313Z INFO  benchmark_client] Sending sample transaction 191
[2026-05-22T09:10:35.363Z INFO  benchmark_client] Sending sample transaction 192
[2026-05-22T09:10:35.414Z INFO  benchmark_client] Sending sample transaction 193
[2026-05-22T09:10:35.464Z INFO  benchmark_client] Sending sample transaction 194
[2026-05-22T09:10:35.513Z INFO  benchmark_client] Sending sample transaction 195
[2026-05-22T09:10:35.563Z INFO  benchmark_client] Sending sample transaction 196
[2026-05-22T09:10:35.613Z INFO  benchmark_client] Sending sample transaction 197
[2026-05-22T09:10:35.663Z INFO  benchmark_client] Sending sample transaction 198
[2026-05-22T09:10:35.713Z INFO  benchmark_client] Sending sample transaction 199
[2026-05-22T09:10:35.763Z INFO  benchmark_client] Sending sample transaction 200
[2026-05-22T09:10:35.813Z INFO  benchmark_client] Sending sample transaction 201
[2026-05-22T09:10:35.863Z INFO  benchmark_client] Sending sample transaction 202
[2026-05-22T09:10:35.913Z INFO  benchmark_client] Sending sample transaction 203
[2026-05-22T09:10:35.964Z INFO  benchmark_client] Sending sample transaction 204
[2026-05-22T09:10:36.013Z INFO  benchmark_client] Sending sample transaction 205
[2026-05-22T09:10:36.063Z INFO  benchmark_client] Sending sample transaction 206
[2026-05-22T09:10:36.114Z INFO  benchmark_client] Sending sample transaction 207
[2026-05-22T09:10:36.163Z INFO  benchmark_client] Sending sample transaction 208
[2026-05-22T09:10:36.213Z INFO  benchmark_client] Sending sample transaction 209
[2026-05-22T09:10:36.263Z INFO  benchmark_client] Sending sample transaction 210
[2026-05-22T09:10:36.313Z INFO  benchmark_client] Sending sample transaction 211
[2026-05-22T09:10:36.363Z INFO  benchmark_client] Sending sample transaction 212
[2026-05-22T09:10:36.413Z INFO  benchmark_client] Sending sample transaction 213
[2026-05-22T09:10:36.463Z INFO  benchmark_client] Sending sample transaction 214
[2026-05-22T09:10:36.514Z INFO  benchmark_client] Sending sample transaction 215
[2026-05-22T09:10:36.563Z INFO  benchmark_client] Sending sample transaction 216
[2026-05-22T09:10:36.613Z INFO  benchmark_client] Sending sample transaction 217
[2026-05-22T09:10:36.663Z INFO  benchmark_client] Sending sample transaction 218
[2026-05-22T09:10:36.713Z INFO  benchmark_client] Sending sample transaction 219
[2026-05-22T09:10:36.763Z INFO  benchmark_client] Sending sample transaction 220
[2026-05-22T09:10:36.814Z INFO  benchmark_client] Sending sample transaction 221
[2026-05-22T09:10:36.863Z INFO  benchmark_client] Sending sample transaction 222
[2026-05-22T09:10:36.913Z INFO  benchmark_client] Sending sample transaction 223
[2026-05-22T09:10:36.963Z INFO  benchmark_client] Sending sample transaction 224
[2026-05-22T09:10:37.013Z INFO  benchmark_client] Sending sample transaction 225
[2026-05-22T09:10:37.063Z INFO  benchmark_client] Sending sample transaction 226
[2026-05-22T09:10:37.113Z INFO  benchmark_client] Sending sample transaction 227
[2026-05-22T09:10:37.163Z INFO  benchmark_client] Sending sample transaction 228
[2026-05-22T09:10:37.213Z INFO  benchmark_client] Sending sample transaction 229
[2026-05-22T09:10:37.263Z INFO  benchmark_client] Sending sample transaction 230
[2026-05-22T09:10:37.313Z INFO  benchmark_client] Sending sample transaction 231
[2026-05-22T09:10:37.363Z INFO  benchmark_client] Sending sample transaction 232
[2026-05-22T09:10:37.413Z INFO  benchmark_client] Sending sample transaction 233
[2026-05-22T09:10:37.463Z INFO  benchmark_client] Sending sample transaction 234
[2026-05-22T09:10:37.514Z INFO  benchmark_client] Sending sample transaction 235
[2026-05-22T09:10:37.563Z INFO  benchmark_client] Sending sample transaction 236
[2026-05-22T09:10:37.614Z INFO  benchmark_client] Sending sample transaction 237
[2026-05-22T09:10:37.663Z INFO  benchmark_client] Sending sample transaction 238
[2026-05-22T09:10:37.713Z INFO  benchmark_client] Sending sample transaction 239
[2026-05-22T09:10:37.763Z INFO  benchmark_client] Sending sample transaction 240
[2026-05-22T09:10:37.813Z INFO  benchmark_client] Sending sample transaction 241
[2026-05-22T09:10:37.864Z INFO  benchmark_client] Sending sample transaction 242
[2026-05-22T09:10:37.914Z INFO  benchmark_client] Sending sample transaction 243
[2026-05-22T09:10:37.963Z INFO  benchmark_client] Sending sample transaction 244
[2026-05-22T09:10:38.013Z INFO  benchmark_client] Sending sample transaction 245
[2026-05-22T09:10:38.063Z INFO  benchmark_client] Sending sample transaction 246
[2026-05-22T09:10:38.113Z INFO  benchmark_client] Sending sample transaction 247
[2026-05-22T09:10:38.164Z INFO  benchmark_client] Sending sample transaction 248
[2026-05-22T09:10:38.213Z INFO  benchmark_client] Sending sample transaction 249
[2026-05-22T09:10:38.263Z INFO  benchmark_client] Sending sample transaction 250
[2026-05-22T09:10:38.313Z INFO  benchmark_client] Sending sample transaction 251
[2026-05-22T09:10:38.363Z INFO  benchmark_client] Sending sample transaction 252
[2026-05-22T09:10:38.414Z INFO  benchmark_client] Sending sample transaction 253
[2026-05-22T09:10:38.463Z INFO  benchmark_client] Sending sample transaction 254
[2026-05-22T09:10:38.513Z INFO  benchmark_client] Sending sample transaction 255
[2026-05-22T09:10:38.563Z INFO  benchmark_client] Sending sample transaction 256
[2026-05-22T09:10:38.613Z INFO  benchmark_client] Sending sample transaction 257
[2026-05-22T09:10:38.664Z INFO  benchmark_client] Sending sample transaction 258
[2026-05-22T09:10:38.713Z INFO  benchmark_client] Sending sample transaction 259
[2026-05-22T09:10:38.763Z INFO  benchmark_client] Sending sample transaction 260
[2026-05-22T09:10:38.813Z INFO  benchmark_client] Sending sample transaction 261
[2026-05-22T09:10:38.863Z INFO  benchmark_client] Sending sample transaction 262
[2026-05-22T09:10:38.913Z INFO  benchmark_client] Sending sample transaction 263
[2026-05-22T09:10:38.964Z INFO  benchmark_client] Sending sample transaction 264
[2026-05-22T09:10:39.013Z INFO  benchmark_client] Sending sample transaction 265
[2026-05-22T09:10:39.063Z INFO  benchmark_client] Sending sample transaction 266
[2026-05-22T09:10:39.113Z INFO  benchmark_client] Sending sample transaction 267
[2026-05-22T09:10:39.163Z INFO  benchmark_client] Sending sample transaction 268
[2026-05-22T09:10:39.213Z INFO  benchmark_client] Sending sample transaction 269
[2026-05-22T09:10:39.263Z INFO  benchmark_client] Sending sample transaction 270
[2026-05-22T09:10:39.313Z INFO  benchmark_client] Sending sample transaction 271
[2026-05-22T09:10:39.364Z INFO  benchmark_client] Sending sample transaction 272
[2026-05-22T09:10:39.413Z INFO  benchmark_client] Sending sample transaction 273
[2026-05-22T09:10:39.464Z INFO  benchmark_client] Sending sample transaction 274
[2026-05-22T09:10:39.513Z INFO  benchmark_client] Sending sample transaction 275
[2026-05-22T09:10:39.563Z INFO  benchmark_client] Sending sample transaction 276
[2026-05-22T09:10:39.613Z INFO  benchmark_client] Sending sample transaction 277
[2026-05-22T09:10:39.663Z INFO  benchmark_client] Sending sample transaction 278
[2026-05-22T09:10:39.713Z INFO  benchmark_client] Sending sample transaction 279
[2026-05-22T09:10:39.763Z INFO  benchmark_client] Sending sample transaction 280
[2026-05-22T09:10:39.814Z INFO  benchmark_client] Sending sample transaction 281
[2026-05-22T09:10:39.863Z INFO  benchmark_client] Sending sample transaction 282
[2026-05-22T09:10:39.913Z INFO  benchmark_client] Sending sample transaction 283
[2026-05-22T09:10:39.964Z INFO  benchmark_client] Sending sample transaction 284
[2026-05-22T09:10:40.013Z INFO  benchmark_client] Sending sample transaction 285
[2026-05-22T09:10:40.063Z INFO  benchmark_client] Sending sample transaction 286
[2026-05-22T09:10:40.114Z INFO  benchmark_client] Sending sample transaction 287
[2026-05-22T09:10:40.163Z INFO  benchmark_client] Sending sample transaction 288
[2026-05-22T09:10:40.213Z INFO  benchmark_client] Sending sample transaction 289
[2026-05-22T09:10:40.263Z INFO  benchmark_client] Sending sample transaction 290
[2026-05-22T09:10:40.313Z INFO  benchmark_client] Sending sample transaction 291
[2026-05-22T09:10:40.364Z INFO  benchmark_client] Sending sample transaction 292
[2026-05-22T09:10:40.414Z INFO  benchmark_client] Sending sample transaction 293
[2026-05-22T09:10:40.463Z INFO  benchmark_client] Sending sample transaction 294
[2026-05-22T09:10:40.514Z INFO  benchmark_client] Sending sample transaction 295
[2026-05-22T09:10:40.564Z INFO  benchmark_client] Sending sample transaction 296
[2026-05-22T09:10:40.613Z INFO  benchmark_client] Sending sample transaction 297
[2026-05-22T09:10:40.663Z INFO  benchmark_client] Sending sample transaction 298
[2026-05-22T09:10:40.713Z INFO  benchmark_client] Sending sample transaction 299
[2026-05-22T09:10:40.763Z INFO  benchmark_client] Sending sample transaction 300
[2026-05-22T09:10:40.813Z INFO  benchmark_client] Sending sample transaction 301
[2026-05-22T09:10:40.863Z INFO  benchmark_client] Sending sample transaction 302
[2026-05-22T09:10:40.914Z INFO  benchmark_client] Sending sample transaction 303
[2026-05-22T09:10:40.963Z INFO  benchmark_client] Sending sample transaction 304
[2026-05-22T09:10:41.013Z INFO  benchmark_client] Sending sample transaction 305
[2026-05-22T09:10:41.063Z INFO  benchmark_client] Sending sample transaction 306
[2026-05-22T09:10:41.113Z INFO  benchmark_client] Sending sample transaction 307
[2026-05-22T09:10:41.163Z INFO  benchmark_client] Sending sample transaction 308
[2026-05-22T09:10:41.213Z INFO  benchmark_client] Sending sample transaction 309
[2026-05-22T09:10:41.263Z INFO  benchmark_client] Sending sample transaction 310
[2026-05-22T09:10:41.314Z INFO  benchmark_client] Sending sample transaction 311
[2026-05-22T09:10:41.363Z INFO  benchmark_client] Sending sample transaction 312
[2026-05-22T09:10:41.413Z INFO  benchmark_client] Sending sample transaction 313
[2026-05-22T09:10:41.463Z INFO  benchmark_client] Sending sample transaction 314
[2026-05-22T09:10:41.513Z INFO  benchmark_client] Sending sample transaction 315
[2026-05-22T09:10:41.563Z INFO  benchmark_client] Sending sample transaction 316
[2026-05-22T09:10:41.614Z INFO  benchmark_client] Sending sample transaction 317
[2026-05-22T09:10:41.663Z INFO  benchmark_client] Sending sample transaction 318
[2026-05-22T09:10:41.713Z INFO  benchmark_client] Sending sample transaction 319
[2026-05-22T09:10:41.763Z INFO  benchmark_client] Sending sample transaction 320
[2026-05-22T09:10:41.813Z INFO  benchmark_client] Sending sample transaction 321
[2026-05-22T09:10:41.863Z INFO  benchmark_client] Sending sample transaction 322
[2026-05-22T09:10:41.913Z INFO  benchmark_client] Sending sample transaction 323
[2026-05-22T09:10:41.963Z INFO  benchmark_client] Sending sample transaction 324
[2026-05-22T09:10:42.014Z INFO  benchmark_client] Sending sample transaction 325
[2026-05-22T09:10:42.063Z INFO  benchmark_client] Sending sample transaction 326
[2026-05-22T09:10:42.113Z INFO  benchmark_client] Sending sample transaction 327
[2026-05-22T09:10:42.164Z INFO  benchmark_client] Sending sample transaction 328
[2026-05-22T09:10:42.213Z INFO  benchmark_client] Sending sample transaction 329
[2026-05-22T09:10:42.264Z INFO  benchmark_client] Sending sample transaction 330
[2026-05-22T09:10:42.314Z INFO  benchmark_client] Sending sample transaction 331
[2026-05-22T09:10:42.363Z INFO  benchmark_client] Sending sample transaction 332
[2026-05-22T09:10:42.413Z INFO  benchmark_client] Sending sample transaction 333
[2026-05-22T09:10:42.463Z INFO  benchmark_client] Sending sample transaction 334
[2026-05-22T09:10:42.515Z INFO  benchmark_client] Sending sample transaction 335
[2026-05-22T09:10:42.563Z INFO  benchmark_client] Sending sample transaction 336
[2026-05-22T09:10:42.613Z INFO  benchmark_client] Sending sample transaction 337
[2026-05-22T09:10:42.664Z INFO  benchmark_client] Sending sample transaction 338
[2026-05-22T09:10:42.713Z INFO  benchmark_client] Sending sample transaction 339
[2026-05-22T09:10:42.763Z INFO  benchmark_client] Sending sample transaction 340
[2026-05-22T09:10:42.813Z INFO  benchmark_client] Sending sample transaction 341
[2026-05-22T09:10:42.863Z INFO  benchmark_client] Sending sample transaction 342
[2026-05-22T09:10:42.913Z INFO  benchmark_client] Sending sample transaction 343
[2026-05-22T09:10:42.963Z INFO  benchmark_client] Sending sample transaction 344
[2026-05-22T09:10:43.013Z INFO  benchmark_client] Sending sample transaction 345
[2026-05-22T09:10:43.063Z INFO  benchmark_client] Sending sample transaction 346
[2026-05-22T09:10:43.113Z INFO  benchmark_client] Sending sample transaction 347
[2026-05-22T09:10:43.163Z INFO  benchmark_client] Sending sample transaction 348
[2026-05-22T09:10:43.213Z INFO  benchmark_client] Sending sample transaction 349
[2026-05-22T09:10:43.263Z INFO  benchmark_client] Sending sample transaction 350
[2026-05-22T09:10:43.313Z INFO  benchmark_client] Sending sample transaction 351
[2026-05-22T09:10:43.363Z INFO  benchmark_client] Sending sample transaction 352
[2026-05-22T09:10:43.413Z INFO  benchmark_client] Sending sample transaction 353
[2026-05-22T09:10:43.463Z INFO  benchmark_client] Sending sample transaction 354
[2026-05-22T09:10:43.513Z INFO  benchmark_client] Sending sample transaction 355
[2026-05-22T09:10:43.563Z INFO  benchmark_client] Sending sample transaction 356
[2026-05-22T09:10:43.614Z INFO  benchmark_client] Sending sample transaction 357
[2026-05-22T09:10:43.663Z INFO  benchmark_client] Sending sample transaction 358
[2026-05-22T09:10:43.713Z INFO  benchmark_client] Sending sample transaction 359
[2026-05-22T09:10:43.763Z INFO  benchmark_client] Sending sample transaction 360
[2026-05-22T09:10:43.813Z INFO  benchmark_client] Sending sample transaction 361
[2026-05-22T09:10:43.863Z INFO  benchmark_client] Sending sample transaction 362
[2026-05-22T09:10:43.913Z INFO  benchmark_client] Sending sample transaction 363
[2026-05-22T09:10:43.963Z INFO  benchmark_client] Sending sample transaction 364
[2026-05-22T09:10:44.013Z INFO  benchmark_client] Sending sample transaction 365
[2026-05-22T09:10:44.063Z INFO  benchmark_client] Sending sample transaction 366
[2026-05-22T09:10:44.113Z INFO  benchmark_client] Sending sample transaction 367
[2026-05-22T09:10:44.163Z INFO  benchmark_client] Sending sample transaction 368
[2026-05-22T09:10:44.213Z INFO  benchmark_client] Sending sample transaction 369
[2026-05-22T09:10:44.263Z INFO  benchmark_client] Sending sample transaction 370
[2026-05-22T09:10:44.314Z INFO  benchmark_client] Sending sample transaction 371
[2026-05-22T09:10:44.363Z INFO  benchmark_client] Sending sample transaction 372
[2026-05-22T09:10:44.413Z INFO  benchmark_client] Sending sample transaction 373
[2026-05-22T09:10:44.463Z INFO  benchmark_client] Sending sample transaction 374
[2026-05-22T09:10:44.513Z INFO  benchmark_client] Sending sample transaction 375
[2026-05-22T09:10:44.563Z INFO  benchmark_client] Sending sample transaction 376
[2026-05-22T09:10:44.613Z INFO  benchmark_client] Sending sample transaction 377
[2026-05-22T09:10:44.663Z INFO  benchmark_client] Sending sample transaction 378
[2026-05-22T09:10:44.714Z INFO  benchmark_client] Sending sample transaction 379
[2026-05-22T09:10:44.764Z INFO  benchmark_client] Sending sample transaction 380
[2026-05-22T09:10:44.813Z INFO  benchmark_client] Sending sample transaction 381
[2026-05-22T09:10:44.863Z INFO  benchmark_client] Sending sample transaction 382
[2026-05-22T09:10:44.913Z INFO  benchmark_client] Sending sample transaction 383
[2026-05-22T09:10:44.963Z INFO  benchmark_client] Sending sample transaction 384
[2026-05-22T09:10:45.013Z INFO  benchmark_client] Sending sample transaction 385
[2026-05-22T09:10:45.063Z INFO  benchmark_client] Sending sample transaction 386
[2026-05-22T09:10:45.113Z INFO  benchmark_client] Sending sample transaction 387
[2026-05-22T09:10:45.163Z INFO  benchmark_client] Sending sample transaction 388
[2026-05-22T09:10:45.213Z INFO  benchmark_client] Sending sample transaction 389
[2026-05-22T09:10:45.263Z INFO  benchmark_client] Sending sample transaction 390
[2026-05-22T09:10:45.313Z INFO  benchmark_client] Sending sample transaction 391
[2026-05-22T09:10:45.363Z INFO  benchmark_client] Sending sample transaction 392
[2026-05-22T09:10:45.414Z INFO  benchmark_client] Sending sample transaction 393
[2026-05-22T09:10:45.463Z INFO  benchmark_client] Sending sample transaction 394
[2026-05-22T09:10:45.513Z INFO  benchmark_client] Sending sample transaction 395
[2026-05-22T09:10:45.563Z INFO  benchmark_client] Sending sample transaction 396
[2026-05-22T09:10:45.614Z INFO  benchmark_client] Sending sample transaction 397
[2026-05-22T09:10:45.663Z INFO  benchmark_client] Sending sample transaction 398
[2026-05-22T09:10:45.715Z INFO  benchmark_client] Sending sample transaction 399
[2026-05-22T09:10:45.763Z INFO  benchmark_client] Sending sample transaction 400
[2026-05-22T09:10:45.813Z INFO  benchmark_client] Sending sample transaction 401
[2026-05-22T09:10:45.863Z INFO  benchmark_client] Sending sample transaction 402
[2026-05-22T09:10:45.913Z INFO  benchmark_client] Sending sample transaction 403
[2026-05-22T09:10:45.963Z INFO  benchmark_client] Sending sample transaction 404
[2026-05-22T09:10:46.013Z INFO  benchmark_client] Sending sample transaction 405
[2026-05-22T09:10:46.063Z INFO  benchmark_client] Sending sample transaction 406
[2026-05-22T09:10:46.113Z INFO  benchmark_client] Sending sample transaction 407
[2026-05-22T09:10:46.163Z INFO  benchmark_client] Sending sample transaction 408
[2026-05-22T09:10:46.214Z INFO  benchmark_client] Sending sample transaction 409
[2026-05-22T09:10:46.263Z INFO  benchmark_client] Sending sample transaction 410
[2026-05-22T09:10:46.313Z INFO  benchmark_client] Sending sample transaction 411
[2026-05-22T09:10:46.363Z INFO  benchmark_client] Sending sample transaction 412
[2026-05-22T09:10:46.413Z INFO  benchmark_client] Sending sample transaction 413
[2026-05-22T09:10:46.463Z INFO  benchmark_client] Sending sample transaction 414
[2026-05-22T09:10:46.513Z INFO  benchmark_client] Sending sample transaction 415
[2026-05-22T09:10:46.563Z INFO  benchmark_client] Sending sample transaction 416
[2026-05-22T09:10:46.613Z INFO  benchmark_client] Sending sample transaction 417
[2026-05-22T09:10:46.663Z INFO  benchmark_client] Sending sample transaction 418
[2026-05-22T09:10:46.714Z INFO  benchmark_client] Sending sample transaction 419
[2026-05-22T09:10:46.763Z INFO  benchmark_client] Sending sample transaction 420
[2026-05-22T09:10:46.813Z INFO  benchmark_client] Sending sample transaction 421
[2026-05-22T09:10:46.863Z INFO  benchmark_client] Sending sample transaction 422
[2026-05-22T09:10:46.913Z INFO  benchmark_client] Sending sample transaction 423
[2026-05-22T09:10:46.963Z INFO  benchmark_client] Sending sample transaction 424
[2026-05-22T09:10:47.014Z INFO  benchmark_client] Sending sample transaction 425
[2026-05-22T09:10:47.063Z INFO  benchmark_client] Sending sample transaction 426
[2026-05-22T09:10:47.113Z INFO  benchmark_client] Sending sample transaction 427
[2026-05-22T09:10:47.164Z INFO  benchmark_client] Sending sample transaction 428
[2026-05-22T09:10:47.213Z INFO  benchmark_client] Sending sample transaction 429
[2026-05-22T09:10:47.263Z INFO  benchmark_client] Sending sample transaction 430
[2026-05-22T09:10:47.313Z INFO  benchmark_client] Sending sample transaction 431
[2026-05-22T09:10:47.363Z INFO  benchmark_client] Sending sample transaction 432
[2026-05-22T09:10:47.413Z INFO  benchmark_client] Sending sample transaction 433
[2026-05-22T09:10:47.463Z INFO  benchmark_client] Sending sample transaction 434
[2026-05-22T09:10:47.513Z INFO  benchmark_client] Sending sample transaction 435
[2026-05-22T09:10:47.564Z INFO  benchmark_client] Sending sample transaction 436
[2026-05-22T09:10:47.613Z INFO  benchmark_client] Sending sample transaction 437
[2026-05-22T09:10:47.663Z INFO  benchmark_client] Sending sample transaction 438
[2026-05-22T09:10:47.713Z INFO  benchmark_client] Sending sample transaction 439
[2026-05-22T09:10:47.763Z INFO  benchmark_client] Sending sample transaction 440
[2026-05-22T09:10:47.813Z INFO  benchmark_client] Sending sample transaction 441
[2026-05-22T09:10:47.863Z INFO  benchmark_client] Sending sample transaction 442
[2026-05-22T09:10:47.913Z INFO  benchmark_client] Sending sample transaction 443
[2026-05-22T09:10:47.964Z INFO  benchmark_client] Sending sample transaction 444
[2026-05-22T09:10:48.013Z INFO  benchmark_client] Sending sample transaction 445
[2026-05-22T09:10:48.063Z INFO  benchmark_client] Sending sample transaction 446
[2026-05-22T09:10:48.114Z INFO  benchmark_client] Sending sample transaction 447
[2026-05-22T09:10:48.163Z INFO  benchmark_client] Sending sample transaction 448
[2026-05-22T09:10:48.213Z INFO  benchmark_client] Sending sample transaction 449
[2026-05-22T09:10:48.264Z INFO  benchmark_client] Sending sample transaction 450
[2026-05-22T09:10:48.313Z INFO  benchmark_client] Sending sample transaction 451
[2026-05-22T09:10:48.363Z INFO  benchmark_client] Sending sample transaction 452
[2026-05-22T09:10:48.413Z INFO  benchmark_client] Sending sample transaction 453
[2026-05-22T09:10:48.463Z INFO  benchmark_client] Sending sample transaction 454
[2026-05-22T09:10:48.514Z INFO  benchmark_client] Sending sample transaction 455
[2026-05-22T09:10:48.563Z INFO  benchmark_client] Sending sample transaction 456
[2026-05-22T09:10:48.613Z INFO  benchmark_client] Sending sample transaction 457
[2026-05-22T09:10:48.664Z INFO  benchmark_client] Sending sample transaction 458
[2026-05-22T09:10:48.713Z INFO  benchmark_client] Sending sample transaction 459
[2026-05-22T09:10:48.763Z INFO  benchmark_client] Sending sample transaction 460
[2026-05-22T09:10:48.814Z INFO  benchmark_client] Sending sample transaction 461
[2026-05-22T09:10:48.863Z INFO  benchmark_client] Sending sample transaction 462
[2026-05-22T09:10:48.913Z INFO  benchmark_client] Sending sample transaction 463
[2026-05-22T09:10:48.963Z INFO  benchmark_client] Sending sample transaction 464
[2026-05-22T09:10:49.013Z INFO  benchmark_client] Sending sample transaction 465
[2026-05-22T09:10:49.064Z INFO  benchmark_client] Sending sample transaction 466
[2026-05-22T09:10:49.114Z INFO  benchmark_client] Sending sample transaction 467
[2026-05-22T09:10:49.163Z INFO  benchmark_client] Sending sample transaction 468
[2026-05-22T09:10:49.213Z INFO  benchmark_client] Sending sample transaction 469
[2026-05-22T09:10:49.263Z INFO  benchmark_client] Sending sample transaction 470
[2026-05-22T09:10:49.313Z INFO  benchmark_client] Sending sample transaction 471
[2026-05-22T09:10:49.363Z INFO  benchmark_client] Sending sample transaction 472
[2026-05-22T09:10:49.414Z INFO  benchmark_client] Sending sample transaction 473
[2026-05-22T09:10:49.463Z INFO  benchmark_client] Sending sample transaction 474
[2026-05-22T09:10:49.514Z INFO  benchmark_client] Sending sample transaction 475
[2026-05-22T09:10:49.563Z INFO  benchmark_client] Sending sample transaction 476
[2026-05-22T09:10:49.613Z INFO  benchmark_client] Sending sample transaction 477
[2026-05-22T09:10:49.663Z INFO  benchmark_client] Sending sample transaction 478
[2026-05-22T09:10:49.713Z INFO  benchmark_client] Sending sample transaction 479
[2026-05-22T09:10:49.763Z INFO  benchmark_client] Sending sample transaction 480
[2026-05-22T09:10:49.813Z INFO  benchmark_client] Sending sample transaction 481
[2026-05-22T09:10:49.863Z INFO  benchmark_client] Sending sample transaction 482
[2026-05-22T09:10:49.913Z INFO  benchmark_client] Sending sample transaction 483
[2026-05-22T09:10:49.965Z INFO  benchmark_client] Sending sample transaction 484
[2026-05-22T09:10:50.014Z INFO  benchmark_client] Sending sample transaction 485
[2026-05-22T09:10:50.063Z INFO  benchmark_client] Sending sample transaction 486
[2026-05-22T09:10:50.113Z INFO  benchmark_client] Sending sample transaction 487
[2026-05-22T09:10:50.163Z INFO  benchmark_client] Sending sample transaction 488
[2026-05-22T09:10:50.214Z INFO  benchmark_client] Sending sample transaction 489
[2026-05-22T09:10:50.264Z INFO  benchmark_client] Sending sample transaction 490
[2026-05-22T09:10:50.314Z INFO  benchmark_client] Sending sample transaction 491
[2026-05-22T09:10:50.363Z INFO  benchmark_client] Sending sample transaction 492
[2026-05-22T09:10:50.413Z INFO  benchmark_client] Sending sample transaction 493
[2026-05-22T09:10:50.463Z INFO  benchmark_client] Sending sample transaction 494
[2026-05-22T09:10:50.513Z INFO  benchmark_client] Sending sample transaction 495
[2026-05-22T09:10:50.564Z INFO  benchmark_client] Sending sample transaction 496
[2026-05-22T09:10:50.613Z INFO  benchmark_client] Sending sample transaction 497
[2026-05-22T09:10:50.664Z INFO  benchmark_client] Sending sample transaction 498
[2026-05-22T09:10:50.713Z INFO  benchmark_client] Sending sample transaction 499
[2026-05-22T09:10:50.763Z INFO  benchmark_client] Sending sample transaction 500
[2026-05-22T09:10:50.813Z INFO  benchmark_client] Sending sample transaction 501
[2026-05-22T09:10:50.863Z INFO  benchmark_client] Sending sample transaction 502
[2026-05-22T09:10:50.913Z INFO  benchmark_client] Sending sample transaction 503
[2026-05-22T09:10:50.963Z INFO  benchmark_client] Sending sample transaction 504
[2026-05-22T09:10:51.013Z INFO  benchmark_client] Sending sample transaction 505
[2026-05-22T09:10:51.063Z INFO  benchmark_client] Sending sample transaction 506
[2026-05-22T09:10:51.113Z INFO  benchmark_client] Sending sample transaction 507
[2026-05-22T09:10:51.163Z INFO  benchmark_client] Sending sample transaction 508
[2026-05-22T09:10:51.214Z INFO  benchmark_client] Sending sample transaction 509
[2026-05-22T09:10:51.263Z INFO  benchmark_client] Sending sample transaction 510
[2026-05-22T09:10:51.313Z INFO  benchmark_client] Sending sample transaction 511
[2026-05-22T09:10:51.363Z INFO  benchmark_client] Sending sample transaction 512
[2026-05-22T09:10:51.413Z INFO  benchmark_client] Sending sample transaction 513
[2026-05-22T09:10:51.463Z INFO  benchmark_client] Sending sample transaction 514
[2026-05-22T09:10:51.513Z INFO  benchmark_client] Sending sample transaction 515
[2026-05-22T09:10:51.563Z INFO  benchmark_client] Sending sample transaction 516
[2026-05-22T09:10:51.613Z INFO  benchmark_client] Sending sample transaction 517
[2026-05-22T09:10:51.663Z INFO  benchmark_client] Sending sample transaction 518
[2026-05-22T09:10:51.713Z INFO  benchmark_client] Sending sample transaction 519
[2026-05-22T09:10:51.763Z INFO  benchmark_client] Sending sample transaction 520
[2026-05-22T09:10:51.814Z INFO  benchmark_client] Sending sample transaction 521
[2026-05-22T09:10:51.863Z INFO  benchmark_client] Sending sample transaction 522
[2026-05-22T09:10:51.913Z INFO  benchmark_client] Sending sample transaction 523
[2026-05-22T09:10:51.963Z INFO  benchmark_client] Sending sample transaction 524
[2026-05-22T09:10:52.013Z INFO  benchmark_client] Sending sample transaction 525
[2026-05-22T09:10:52.063Z INFO  benchmark_client] Sending sample transaction 526
[2026-05-22T09:10:52.113Z INFO  benchmark_client] Sending sample transaction 527
[2026-05-22T09:10:52.163Z INFO  benchmark_client] Sending sample transaction 528
[2026-05-22T09:10:52.213Z INFO  benchmark_client] Sending sample transaction 529
[2026-05-22T09:10:52.264Z INFO  benchmark_client] Sending sample transaction 530
[2026-05-22T09:10:52.313Z INFO  benchmark_client] Sending sample transaction 531
[2026-05-22T09:10:52.363Z INFO  benchmark_client] Sending sample transaction 532
[2026-05-22T09:10:52.413Z INFO  benchmark_client] Sending sample transaction 533
[2026-05-22T09:10:52.463Z INFO  benchmark_client] Sending sample transaction 534
[2026-05-22T09:10:52.513Z INFO  benchmark_client] Sending sample transaction 535
[2026-05-22T09:10:52.563Z INFO  benchmark_client] Sending sample transaction 536
[2026-05-22T09:10:52.613Z INFO  benchmark_client] Sending sample transaction 537
[2026-05-22T09:10:52.664Z INFO  benchmark_client] Sending sample transaction 538
[2026-05-22T09:10:52.714Z INFO  benchmark_client] Sending sample transaction 539
[2026-05-22T09:10:52.763Z INFO  benchmark_client] Sending sample transaction 540
[2026-05-22T09:10:52.813Z INFO  benchmark_client] Sending sample transaction 541
[2026-05-22T09:10:52.863Z INFO  benchmark_client] Sending sample transaction 542
[2026-05-22T09:10:52.913Z INFO  benchmark_client] Sending sample transaction 543
[2026-05-22T09:10:52.963Z INFO  benchmark_client] Sending sample transaction 544
[2026-05-22T09:10:53.014Z INFO  benchmark_client] Sending sample transaction 545
[2026-05-22T09:10:53.064Z INFO  benchmark_client] Sending sample transaction 546
[2026-05-22T09:10:53.113Z INFO  benchmark_client] Sending sample transaction 547
[2026-05-22T09:10:53.164Z INFO  benchmark_client] Sending sample transaction 548
[2026-05-22T09:10:53.214Z INFO  benchmark_client] Sending sample transaction 549
[2026-05-22T09:10:53.263Z INFO  benchmark_client] Sending sample transaction 550
[2026-05-22T09:10:53.313Z INFO  benchmark_client] Sending sample transaction 551
[2026-05-22T09:10:53.363Z INFO  benchmark_client] Sending sample transaction 552
[2026-05-22T09:10:53.413Z INFO  benchmark_client] Sending sample transaction 553
[2026-05-22T09:10:53.463Z INFO  benchmark_client] Sending sample transaction 554
[2026-05-22T09:10:53.514Z INFO  benchmark_client] Sending sample transaction 555
[2026-05-22T09:10:53.563Z INFO  benchmark_client] Sending sample transaction 556
[2026-05-22T09:10:53.613Z INFO  benchmark_client] Sending sample transaction 557
[2026-05-22T09:10:53.663Z INFO  benchmark_client] Sending sample transaction 558
[2026-05-22T09:10:53.713Z INFO  benchmark_client] Sending sample transaction 559
[2026-05-22T09:10:53.763Z INFO  benchmark_client] Sending sample transaction 560
[2026-05-22T09:10:53.813Z INFO  benchmark_client] Sending sample transaction 561
[2026-05-22T09:10:53.863Z INFO  benchmark_client] Sending sample transaction 562
[2026-05-22T09:10:53.913Z INFO  benchmark_client] Sending sample transaction 563
[2026-05-22T09:10:53.963Z INFO  benchmark_client] Sending sample transaction 564
[2026-05-22T09:10:54.013Z INFO  benchmark_client] Sending sample transaction 565
[2026-05-22T09:10:54.063Z INFO  benchmark_client] Sending sample transaction 566
[2026-05-22T09:10:54.113Z INFO  benchmark_client] Sending sample transaction 567
[2026-05-22T09:10:54.163Z INFO  benchmark_client] Sending sample transaction 568
[2026-05-22T09:10:54.213Z INFO  benchmark_client] Sending sample transaction 569
[2026-05-22T09:10:54.263Z INFO  benchmark_client] Sending sample transaction 570
[2026-05-22T09:10:54.314Z INFO  benchmark_client] Sending sample transaction 571
[2026-05-22T09:10:54.363Z INFO  benchmark_client] Sending sample transaction 572
[2026-05-22T09:10:54.413Z INFO  benchmark_client] Sending sample transaction 573
[2026-05-22T09:10:54.463Z INFO  benchmark_client] Sending sample transaction 574
[2026-05-22T09:10:54.513Z INFO  benchmark_client] Sending sample transaction 575
[2026-05-22T09:10:54.563Z INFO  benchmark_client] Sending sample transaction 576
[2026-05-22T09:10:54.613Z INFO  benchmark_client] Sending sample transaction 577
[2026-05-22T09:10:54.663Z INFO  benchmark_client] Sending sample transaction 578
[2026-05-22T09:10:54.713Z INFO  benchmark_client] Sending sample transaction 579
[2026-05-22T09:10:54.763Z INFO  benchmark_client] Sending sample transaction 580
[2026-05-22T09:10:54.813Z INFO  benchmark_client] Sending sample transaction 581
[2026-05-22T09:10:54.863Z INFO  benchmark_client] Sending sample transaction 582
[2026-05-22T09:10:54.913Z INFO  benchmark_client] Sending sample transaction 583
[2026-05-22T09:10:54.963Z INFO  benchmark_client] Sending sample transaction 584
[2026-05-22T09:10:55.013Z INFO  benchmark_client] Sending sample transaction 585
[2026-05-22T09:10:55.063Z INFO  benchmark_client] Sending sample transaction 586
[2026-05-22T09:10:55.113Z INFO  benchmark_client] Sending sample transaction 587
[2026-05-22T09:10:55.163Z INFO  benchmark_client] Sending sample transaction 588
[2026-05-22T09:10:55.213Z INFO  benchmark_client] Sending sample transaction 589
[2026-05-22T09:10:55.263Z INFO  benchmark_client] Sending sample transaction 590
[2026-05-22T09:10:55.314Z INFO  benchmark_client] Sending sample transaction 591
[2026-05-22T09:10:55.363Z INFO  benchmark_client] Sending sample transaction 592
[2026-05-22T09:10:55.413Z INFO  benchmark_client] Sending sample transaction 593
[2026-05-22T09:10:55.464Z INFO  benchmark_client] Sending sample transaction 594
[2026-05-22T09:10:55.514Z INFO  benchmark_client] Sending sample transaction 595
[2026-05-22T09:10:55.563Z INFO  benchmark_client] Sending sample transaction 596
[2026-05-22T09:10:55.613Z INFO  benchmark_client] Sending sample transaction 597
[2026-05-22T09:10:55.663Z INFO  benchmark_client] Sending sample transaction 598
[2026-05-22T09:10:55.714Z INFO  benchmark_client] Sending sample transaction 599
[2026-05-22T09:10:55.764Z INFO  benchmark_client] Sending sample transaction 600
[2026-05-22T09:10:55.814Z INFO  benchmark_client] Sending sample transaction 601
[2026-05-22T09:10:55.864Z INFO  benchmark_client] Sending sample transaction 602
[2026-05-22T09:10:55.913Z INFO  benchmark_client] Sending sample transaction 603
[2026-05-22T09:10:55.963Z INFO  benchmark_client] Sending sample transaction 604
[2026-05-22T09:10:56.014Z INFO  benchmark_client] Sending sample transaction 605
[2026-05-22T09:10:56.063Z INFO  benchmark_client] Sending sample transaction 606
[2026-05-22T09:10:56.113Z INFO  benchmark_client] Sending sample transaction 607
[2026-05-22T09:10:56.164Z INFO  benchmark_client] Sending sample transaction 608
[2026-05-22T09:10:56.213Z INFO  benchmark_client] Sending sample transaction 609
[2026-05-22T09:10:56.263Z INFO  benchmark_client] Sending sample transaction 610
[2026-05-22T09:10:56.313Z INFO  benchmark_client] Sending sample transaction 611
[2026-05-22T09:10:56.363Z INFO  benchmark_client] Sending sample transaction 612
[2026-05-22T09:10:56.413Z INFO  benchmark_client] Sending sample transaction 613
[2026-05-22T09:10:56.463Z INFO  benchmark_client] Sending sample transaction 614
[2026-05-22T09:10:56.513Z INFO  benchmark_client] Sending sample transaction 615
[2026-05-22T09:10:56.563Z INFO  benchmark_client] Sending sample transaction 616
[2026-05-22T09:10:56.613Z INFO  benchmark_client] Sending sample transaction 617
[2026-05-22T09:10:56.664Z INFO  benchmark_client] Sending sample transaction 618
[2026-05-22T09:10:56.713Z INFO  benchmark_client] Sending sample transaction 619
[2026-05-22T09:10:56.764Z INFO  benchmark_client] Sending sample transaction 620
[2026-05-22T09:10:56.813Z INFO  benchmark_client] Sending sample transaction 621
[2026-05-22T09:10:56.864Z INFO  benchmark_client] Sending sample transaction 622
[2026-05-22T09:10:56.913Z INFO  benchmark_client] Sending sample transaction 623
[2026-05-22T09:10:56.963Z INFO  benchmark_client] Sending sample transaction 624
[2026-05-22T09:10:57.013Z INFO  benchmark_client] Sending sample transaction 625
[2026-05-22T09:10:57.063Z INFO  benchmark_client] Sending sample transaction 626
[2026-05-22T09:10:57.114Z INFO  benchmark_client] Sending sample transaction 627
[2026-05-22T09:10:57.164Z INFO  benchmark_client] Sending sample transaction 628
[2026-05-22T09:10:57.213Z INFO  benchmark_client] Sending sample transaction 629
[2026-05-22T09:10:57.263Z INFO  benchmark_client] Sending sample transaction 630
[2026-05-22T09:10:57.314Z INFO  benchmark_client] Sending sample transaction 631
[2026-05-22T09:10:57.363Z INFO  benchmark_client] Sending sample transaction 632
[2026-05-22T09:10:57.413Z INFO  benchmark_client] Sending sample transaction 633
[2026-05-22T09:10:57.464Z INFO  benchmark_client] Sending sample transaction 634
[2026-05-22T09:10:57.513Z INFO  benchmark_client] Sending sample transaction 635
[2026-05-22T09:10:57.563Z INFO  benchmark_client] Sending sample transaction 636
[2026-05-22T09:10:57.614Z INFO  benchmark_client] Sending sample transaction 637
[2026-05-22T09:10:57.664Z INFO  benchmark_client] Sending sample transaction 638
[2026-05-22T09:10:57.713Z INFO  benchmark_client] Sending sample transaction 639
[2026-05-22T09:10:57.763Z INFO  benchmark_client] Sending sample transaction 640
[2026-05-22T09:10:57.813Z INFO  benchmark_client] Sending sample transaction 641
[2026-05-22T09:10:57.863Z INFO  benchmark_client] Sending sample transaction 642
[2026-05-22T09:10:57.913Z INFO  benchmark_client] Sending sample transaction 643
[2026-05-22T09:10:57.963Z INFO  benchmark_client] Sending sample transaction 644
[2026-05-22T09:10:58.013Z INFO  benchmark_client] Sending sample transaction 645
[2026-05-22T09:10:58.063Z INFO  benchmark_client] Sending sample transaction 646
[2026-05-22T09:10:58.113Z INFO  benchmark_client] Sending sample transaction 647
[2026-05-22T09:10:58.163Z INFO  benchmark_client] Sending sample transaction 648
[2026-05-22T09:10:58.213Z INFO  benchmark_client] Sending sample transaction 649
[2026-05-22T09:10:58.264Z INFO  benchmark_client] Sending sample transaction 650
[2026-05-22T09:10:58.314Z INFO  benchmark_client] Sending sample transaction 651
[2026-05-22T09:10:58.364Z INFO  benchmark_client] Sending sample transaction 652
[2026-05-22T09:10:58.413Z INFO  benchmark_client] Sending sample transaction 653
[2026-05-22T09:10:58.463Z INFO  benchmark_client] Sending sample transaction 654
[2026-05-22T09:10:58.513Z INFO  benchmark_client] Sending sample transaction 655
[2026-05-22T09:10:58.563Z INFO  benchmark_client] Sending sample transaction 656
[2026-05-22T09:10:58.614Z INFO  benchmark_client] Sending sample transaction 657
[2026-05-22T09:10:58.664Z INFO  benchmark_client] Sending sample transaction 658
[2026-05-22T09:10:58.713Z INFO  benchmark_client] Sending sample transaction 659
[2026-05-22T09:10:58.763Z INFO  benchmark_client] Sending sample transaction 660
[2026-05-22T09:10:58.813Z INFO  benchmark_client] Sending sample transaction 661
[2026-05-22T09:10:58.864Z INFO  benchmark_client] Sending sample transaction 662
[2026-05-22T09:10:58.913Z INFO  benchmark_client] Sending sample transaction 663
[2026-05-22T09:10:58.964Z INFO  benchmark_client] Sending sample transaction 664
[2026-05-22T09:10:59.013Z INFO  benchmark_client] Sending sample transaction 665
[2026-05-22T09:10:59.063Z INFO  benchmark_client] Sending sample transaction 666
[2026-05-22T09:10:59.113Z INFO  benchmark_client] Sending sample transaction 667
[2026-05-22T09:10:59.163Z INFO  benchmark_client] Sending sample transaction 668
[2026-05-22T09:10:59.213Z INFO  benchmark_client] Sending sample transaction 669
[2026-05-22T09:10:59.263Z INFO  benchmark_client] Sending sample transaction 670
[2026-05-22T09:10:59.313Z INFO  benchmark_client] Sending sample transaction 671
[2026-05-22T09:10:59.363Z INFO  benchmark_client] Sending sample transaction 672
[2026-05-22T09:10:59.413Z INFO  benchmark_client] Sending sample transaction 673
[2026-05-22T09:10:59.463Z INFO  benchmark_client] Sending sample transaction 674
[2026-05-22T09:10:59.513Z INFO  benchmark_client] Sending sample transaction 675
[2026-05-22T09:10:59.563Z INFO  benchmark_client] Sending sample transaction 676
[2026-05-22T09:10:59.613Z INFO  benchmark_client] Sending sample transaction 677
[2026-05-22T09:10:59.663Z INFO  benchmark_client] Sending sample transaction 678
[2026-05-22T09:10:59.713Z INFO  benchmark_client] Sending sample transaction 679
[2026-05-22T09:10:59.763Z INFO  benchmark_client] Sending sample transaction 680
[2026-05-22T09:10:59.814Z INFO  benchmark_client] Sending sample transaction 681
[2026-05-22T09:10:59.863Z INFO  benchmark_client] Sending sample transaction 682
[2026-05-22T09:10:59.913Z INFO  benchmark_client] Sending sample transaction 683
[2026-05-22T09:10:59.965Z INFO  benchmark_client] Sending sample transaction 684
[2026-05-22T09:11:00.013Z INFO  benchmark_client] Sending sample transaction 685
[2026-05-22T09:11:00.063Z INFO  benchmark_client] Sending sample transaction 686
[2026-05-22T09:11:00.113Z INFO  benchmark_client] Sending sample transaction 687
[2026-05-22T09:11:00.163Z INFO  benchmark_client] Sending sample transaction 688
[2026-05-22T09:11:00.213Z INFO  benchmark_client] Sending sample transaction 689
[2026-05-22T09:11:00.263Z INFO  benchmark_client] Sending sample transaction 690
[2026-05-22T09:11:00.315Z INFO  benchmark_client] Sending sample transaction 691
[2026-05-22T09:11:00.364Z INFO  benchmark_client] Sending sample transaction 692
[2026-05-22T09:11:00.413Z INFO  benchmark_client] Sending sample transaction 693
[2026-05-22T09:11:00.463Z INFO  benchmark_client] Sending sample transaction 694
[2026-05-22T09:11:00.513Z INFO  benchmark_client] Sending sample transaction 695
[2026-05-22T09:11:00.563Z INFO  benchmark_client] Sending sample transaction 696
[2026-05-22T09:11:00.613Z INFO  benchmark_client] Sending sample transaction 697
[2026-05-22T09:11:00.663Z INFO  benchmark_client] Sending sample transaction 698
[2026-05-22T09:11:00.713Z INFO  benchmark_client] Sending sample transaction 699
[2026-05-22T09:11:00.763Z INFO  benchmark_client] Sending sample transaction 700
[2026-05-22T09:11:00.813Z INFO  benchmark_client] Sending sample transaction 701
[2026-05-22T09:11:00.864Z INFO  benchmark_client] Sending sample transaction 702
[2026-05-22T09:11:00.913Z INFO  benchmark_client] Sending sample transaction 703
[2026-05-22T09:11:00.963Z INFO  benchmark_client] Sending sample transaction 704
[2026-05-22T09:11:01.013Z INFO  benchmark_client] Sending sample transaction 705
[2026-05-22T09:11:01.063Z INFO  benchmark_client] Sending sample transaction 706
[2026-05-22T09:11:01.113Z INFO  benchmark_client] Sending sample transaction 707
[2026-05-22T09:11:01.163Z INFO  benchmark_client] Sending sample transaction 708
[2026-05-22T09:11:01.213Z INFO  benchmark_client] Sending sample transaction 709
[2026-05-22T09:11:01.263Z INFO  benchmark_client] Sending sample transaction 710
[2026-05-22T09:11:01.314Z INFO  benchmark_client] Sending sample transaction 711
[2026-05-22T09:11:01.363Z INFO  benchmark_client] Sending sample transaction 712
[2026-05-22T09:11:01.413Z INFO  benchmark_client] Sending sample transaction 713
[2026-05-22T09:11:01.463Z INFO  benchmark_client] Sending sample transaction 714
[2026-05-22T09:11:01.513Z INFO  benchmark_client] Sending sample transaction 715
[2026-05-22T09:11:01.563Z INFO  benchmark_client] Sending sample transaction 716
[2026-05-22T09:11:01.613Z INFO  benchmark_client] Sending sample transaction 717
[2026-05-22T09:11:01.663Z INFO  benchmark_client] Sending sample transaction 718
[2026-05-22T09:11:01.713Z INFO  benchmark_client] Sending sample transaction 719
[2026-05-22T09:11:01.763Z INFO  benchmark_client] Sending sample transaction 720
[2026-05-22T09:11:01.813Z INFO  benchmark_client] Sending sample transaction 721
[2026-05-22T09:11:01.863Z INFO  benchmark_client] Sending sample transaction 722
[2026-05-22T09:11:01.913Z INFO  benchmark_client] Sending sample transaction 723
[2026-05-22T09:11:01.963Z INFO  benchmark_client] Sending sample transaction 724
[2026-05-22T09:11:02.013Z INFO  benchmark_client] Sending sample transaction 725
[2026-05-22T09:11:02.063Z INFO  benchmark_client] Sending sample transaction 726
[2026-05-22T09:11:02.113Z INFO  benchmark_client] Sending sample transaction 727
[2026-05-22T09:11:02.163Z INFO  benchmark_client] Sending sample transaction 728
[2026-05-22T09:11:02.214Z INFO  benchmark_client] Sending sample transaction 729
[2026-05-22T09:11:02.263Z INFO  benchmark_client] Sending sample transaction 730
[2026-05-22T09:11:02.313Z INFO  benchmark_client] Sending sample transaction 731
[2026-05-22T09:11:02.363Z INFO  benchmark_client] Sending sample transaction 732
[2026-05-22T09:11:02.413Z INFO  benchmark_client] Sending sample transaction 733
[2026-05-22T09:11:02.463Z INFO  benchmark_client] Sending sample transaction 734
[2026-05-22T09:11:02.513Z INFO  benchmark_client] Sending sample transaction 735
[2026-05-22T09:11:02.563Z INFO  benchmark_client] Sending sample transaction 736
[2026-05-22T09:11:02.614Z INFO  benchmark_client] Sending sample transaction 737
[2026-05-22T09:11:02.663Z INFO  benchmark_client] Sending sample transaction 738
[2026-05-22T09:11:02.713Z INFO  benchmark_client] Sending sample transaction 739
[2026-05-22T09:11:02.763Z INFO  benchmark_client] Sending sample transaction 740
[2026-05-22T09:11:02.814Z INFO  benchmark_client] Sending sample transaction 741
[2026-05-22T09:11:02.864Z INFO  benchmark_client] Sending sample transaction 742
[2026-05-22T09:11:02.913Z INFO  benchmark_client] Sending sample transaction 743
[2026-05-22T09:11:02.963Z INFO  benchmark_client] Sending sample transaction 744
[2026-05-22T09:11:03.013Z INFO  benchmark_client] Sending sample transaction 745
[2026-05-22T09:11:03.063Z INFO  benchmark_client] Sending sample transaction 746
[2026-05-22T09:11:03.113Z INFO  benchmark_client] Sending sample transaction 747
[2026-05-22T09:11:03.163Z INFO  benchmark_client] Sending sample transaction 748
[2026-05-22T09:11:03.213Z INFO  benchmark_client] Sending sample transaction 749
[2026-05-22T09:11:03.264Z INFO  benchmark_client] Sending sample transaction 750
[2026-05-22T09:11:03.313Z INFO  benchmark_client] Sending sample transaction 751
[2026-05-22T09:11:03.363Z INFO  benchmark_client] Sending sample transaction 752
[2026-05-22T09:11:03.413Z INFO  benchmark_client] Sending sample transaction 753
[2026-05-22T09:11:03.463Z INFO  benchmark_client] Sending sample transaction 754
[2026-05-22T09:11:03.514Z INFO  benchmark_client] Sending sample transaction 755
[2026-05-22T09:11:03.563Z INFO  benchmark_client] Sending sample transaction 756
[2026-05-22T09:11:03.613Z INFO  benchmark_client] Sending sample transaction 757
[2026-05-22T09:11:03.663Z INFO  benchmark_client] Sending sample transaction 758
[2026-05-22T09:11:03.714Z INFO  benchmark_client] Sending sample transaction 759
[2026-05-22T09:11:03.763Z INFO  benchmark_client] Sending sample transaction 760
[2026-05-22T09:11:03.813Z INFO  benchmark_client] Sending sample transaction 761
[2026-05-22T09:11:03.864Z INFO  benchmark_client] Sending sample transaction 762
[2026-05-22T09:11:03.913Z INFO  benchmark_client] Sending sample transaction 763
[2026-05-22T09:11:03.963Z INFO  benchmark_client] Sending sample transaction 764
[2026-05-22T09:11:04.014Z INFO  benchmark_client] Sending sample transaction 765
[2026-05-22T09:11:04.063Z INFO  benchmark_client] Sending sample transaction 766
[2026-05-22T09:11:04.114Z INFO  benchmark_client] Sending sample transaction 767
[2026-05-22T09:11:04.164Z INFO  benchmark_client] Sending sample transaction 768
[2026-05-22T09:11:04.213Z INFO  benchmark_client] Sending sample transaction 769
[2026-05-22T09:11:04.263Z INFO  benchmark_client] Sending sample transaction 770
[2026-05-22T09:11:04.313Z INFO  benchmark_client] Sending sample transaction 771
[2026-05-22T09:11:04.363Z INFO  benchmark_client] Sending sample transaction 772
[2026-05-22T09:11:04.413Z INFO  benchmark_client] Sending sample transaction 773
[2026-05-22T09:11:04.464Z INFO  benchmark_client] Sending sample transaction 774
[2026-05-22T09:11:04.513Z INFO  benchmark_client] Sending sample transaction 775
[2026-05-22T09:11:04.565Z INFO  benchmark_client] Sending sample transaction 776
[2026-05-22T09:11:04.613Z INFO  benchmark_client] Sending sample transaction 777
[2026-05-22T09:11:04.663Z INFO  benchmark_client] Sending sample transaction 778
[2026-05-22T09:11:04.713Z INFO  benchmark_client] Sending sample transaction 779
[2026-05-22T09:11:04.764Z INFO  benchmark_client] Sending sample transaction 780
[2026-05-22T09:11:04.814Z INFO  benchmark_client] Sending sample transaction 781
[2026-05-22T09:11:04.863Z INFO  benchmark_client] Sending sample transaction 782
[2026-05-22T09:11:04.913Z INFO  benchmark_client] Sending sample transaction 783
[2026-05-22T09:11:04.963Z INFO  benchmark_client] Sending sample transaction 784
[2026-05-22T09:11:05.013Z INFO  benchmark_client] Sending sample transaction 785
[2026-05-22T09:11:05.064Z INFO  benchmark_client] Sending sample transaction 786
[2026-05-22T09:11:05.114Z INFO  benchmark_client] Sending sample transaction 787
[2026-05-22T09:11:05.164Z INFO  benchmark_client] Sending sample transaction 788
[2026-05-22T09:11:05.213Z INFO  benchmark_client] Sending sample transaction 789
[2026-05-22T09:11:05.263Z INFO  benchmark_client] Sending sample transaction 790
[2026-05-22T09:11:05.314Z INFO  benchmark_client] Sending sample transaction 791
[2026-05-22T09:11:05.363Z INFO  benchmark_client] Sending sample transaction 792
[2026-05-22T09:11:05.413Z INFO  benchmark_client] Sending sample transaction 793
[2026-05-22T09:11:05.464Z INFO  benchmark_client] Sending sample transaction 794
[2026-05-22T09:11:05.514Z INFO  benchmark_client] Sending sample transaction 795
[2026-05-22T09:11:05.563Z INFO  benchmark_client] Sending sample transaction 796
[2026-05-22T09:11:05.613Z INFO  benchmark_client] Sending sample transaction 797
[2026-05-22T09:11:05.663Z INFO  benchmark_client] Sending sample transaction 798
[2026-05-22T09:11:05.714Z INFO  benchmark_client] Sending sample transaction 799
[2026-05-22T09:11:05.763Z INFO  benchmark_client] Sending sample transaction 800
[2026-05-22T09:11:05.813Z INFO  benchmark_client] Sending sample transaction 801
[2026-05-22T09:11:05.863Z INFO  benchmark_client] Sending sample transaction 802
[2026-05-22T09:11:05.913Z INFO  benchmark_client] Sending sample transaction 803
[2026-05-22T09:11:05.964Z INFO  benchmark_client] Sending sample transaction 804
[2026-05-22T09:11:06.013Z INFO  benchmark_client] Sending sample transaction 805
[2026-05-22T09:11:06.063Z INFO  benchmark_client] Sending sample transaction 806
[2026-05-22T09:11:06.113Z INFO  benchmark_client] Sending sample transaction 807
[2026-05-22T09:11:06.163Z INFO  benchmark_client] Sending sample transaction 808
[2026-05-22T09:11:06.213Z INFO  benchmark_client] Sending sample transaction 809
[2026-05-22T09:11:06.263Z INFO  benchmark_client] Sending sample transaction 810
[2026-05-22T09:11:06.313Z INFO  benchmark_client] Sending sample transaction 811
[2026-05-22T09:11:06.363Z INFO  benchmark_client] Sending sample transaction 812
[2026-05-22T09:11:06.414Z INFO  benchmark_client] Sending sample transaction 813
[2026-05-22T09:11:06.463Z INFO  benchmark_client] Sending sample transaction 814
[2026-05-22T09:11:06.513Z INFO  benchmark_client] Sending sample transaction 815
[2026-05-22T09:11:06.564Z INFO  benchmark_client] Sending sample transaction 816
[2026-05-22T09:11:06.613Z INFO  benchmark_client] Sending sample transaction 817
[2026-05-22T09:11:06.663Z INFO  benchmark_client] Sending sample transaction 818
[2026-05-22T09:11:06.714Z INFO  benchmark_client] Sending sample transaction 819
[2026-05-22T09:11:06.763Z INFO  benchmark_client] Sending sample transaction 820
[2026-05-22T09:11:06.814Z INFO  benchmark_client] Sending sample transaction 821
[2026-05-22T09:11:06.863Z INFO  benchmark_client] Sending sample transaction 822
[2026-05-22T09:11:06.913Z INFO  benchmark_client] Sending sample transaction 823
[2026-05-22T09:11:06.963Z INFO  benchmark_client] Sending sample transaction 824
[2026-05-22T09:11:07.013Z INFO  benchmark_client] Sending sample transaction 825
[2026-05-22T09:11:07.063Z INFO  benchmark_client] Sending sample transaction 826
[2026-05-22T09:11:07.114Z INFO  benchmark_client] Sending sample transaction 827
[2026-05-22T09:11:07.164Z INFO  benchmark_client] Sending sample transaction 828
[2026-05-22T09:11:07.214Z INFO  benchmark_client] Sending sample transaction 829
[2026-05-22T09:11:07.263Z INFO  benchmark_client] Sending sample transaction 830
[2026-05-22T09:11:07.313Z INFO  benchmark_client] Sending sample transaction 831
[2026-05-22T09:11:07.363Z INFO  benchmark_client] Sending sample transaction 832
[2026-05-22T09:11:07.413Z INFO  benchmark_client] Sending sample transaction 833
[2026-05-22T09:11:07.463Z INFO  benchmark_client] Sending sample transaction 834
[2026-05-22T09:11:07.513Z INFO  benchmark_client] Sending sample transaction 835
[2026-05-22T09:11:07.563Z INFO  benchmark_client] Sending sample transaction 836
[2026-05-22T09:11:07.613Z INFO  benchmark_client] Sending sample transaction 837
[2026-05-22T09:11:07.663Z INFO  benchmark_client] Sending sample transaction 838
[2026-05-22T09:11:07.713Z INFO  benchmark_client] Sending sample transaction 839
[2026-05-22T09:11:07.763Z INFO  benchmark_client] Sending sample transaction 840
[2026-05-22T09:11:07.814Z INFO  benchmark_client] Sending sample transaction 841
[2026-05-22T09:11:07.863Z INFO  benchmark_client] Sending sample transaction 842
[2026-05-22T09:11:07.914Z INFO  benchmark_client] Sending sample transaction 843
[2026-05-22T09:11:07.963Z INFO  benchmark_client] Sending sample transaction 844
[2026-05-22T09:11:08.013Z INFO  benchmark_client] Sending sample transaction 845
[2026-05-22T09:11:08.063Z INFO  benchmark_client] Sending sample transaction 846
[2026-05-22T09:11:08.113Z INFO  benchmark_client] Sending sample transaction 847
[2026-05-22T09:11:08.163Z INFO  benchmark_client] Sending sample transaction 848
[2026-05-22T09:11:08.213Z INFO  benchmark_client] Sending sample transaction 849
[2026-05-22T09:11:08.263Z INFO  benchmark_client] Sending sample transaction 850
[2026-05-22T09:11:08.315Z INFO  benchmark_client] Sending sample transaction 851
[2026-05-22T09:11:08.364Z INFO  benchmark_client] Sending sample transaction 852
[2026-05-22T09:11:08.414Z INFO  benchmark_client] Sending sample transaction 853
[2026-05-22T09:11:08.463Z INFO  benchmark_client] Sending sample transaction 854
[2026-05-22T09:11:08.513Z INFO  benchmark_client] Sending sample transaction 855
[2026-05-22T09:11:08.563Z INFO  benchmark_client] Sending sample transaction 856
[2026-05-22T09:11:08.613Z INFO  benchmark_client] Sending sample transaction 857
[2026-05-22T09:11:08.663Z INFO  benchmark_client] Sending sample transaction 858
[2026-05-22T09:11:08.713Z INFO  benchmark_client] Sending sample transaction 859
[2026-05-22T09:11:08.764Z INFO  benchmark_client] Sending sample transaction 860
[2026-05-22T09:11:08.813Z INFO  benchmark_client] Sending sample transaction 861
[2026-05-22T09:11:08.863Z INFO  benchmark_client] Sending sample transaction 862
[2026-05-22T09:11:08.913Z INFO  benchmark_client] Sending sample transaction 863
[2026-05-22T09:11:08.963Z INFO  benchmark_client] Sending sample transaction 864
[2026-05-22T09:11:09.013Z INFO  benchmark_client] Sending sample transaction 865
[2026-05-22T09:11:09.063Z INFO  benchmark_client] Sending sample transaction 866
[2026-05-22T09:11:09.113Z INFO  benchmark_client] Sending sample transaction 867
[2026-05-22T09:11:09.163Z INFO  benchmark_client] Sending sample transaction 868
[2026-05-22T09:11:09.213Z INFO  benchmark_client] Sending sample transaction 869
[2026-05-22T09:11:09.263Z INFO  benchmark_client] Sending sample transaction 870
[2026-05-22T09:11:09.313Z INFO  benchmark_client] Sending sample transaction 871
[2026-05-22T09:11:09.363Z INFO  benchmark_client] Sending sample transaction 872
[2026-05-22T09:11:09.413Z INFO  benchmark_client] Sending sample transaction 873
[2026-05-22T09:11:09.463Z INFO  benchmark_client] Sending sample transaction 874
[2026-05-22T09:11:09.513Z INFO  benchmark_client] Sending sample transaction 875
[2026-05-22T09:11:09.563Z INFO  benchmark_client] Sending sample transaction 876
[2026-05-22T09:11:09.613Z INFO  benchmark_client] Sending sample transaction 877
[2026-05-22T09:11:09.663Z INFO  benchmark_client] Sending sample transaction 878
[2026-05-22T09:11:09.713Z INFO  benchmark_client] Sending sample transaction 879
[2026-05-22T09:11:09.763Z INFO  benchmark_client] Sending sample transaction 880
[2026-05-22T09:11:09.813Z INFO  benchmark_client] Sending sample transaction 881
[2026-05-22T09:11:09.863Z INFO  benchmark_client] Sending sample transaction 882
[2026-05-22T09:11:09.913Z INFO  benchmark_client] Sending sample transaction 883
[2026-05-22T09:11:09.963Z INFO  benchmark_client] Sending sample transaction 884
[2026-05-22T09:11:10.013Z INFO  benchmark_client] Sending sample transaction 885
[2026-05-22T09:11:10.063Z INFO  benchmark_client] Sending sample transaction 886
[2026-05-22T09:11:10.114Z INFO  benchmark_client] Sending sample transaction 887
[2026-05-22T09:11:10.163Z INFO  benchmark_client] Sending sample transaction 888
[2026-05-22T09:11:10.214Z INFO  benchmark_client] Sending sample transaction 889
[2026-05-22T09:11:10.263Z INFO  benchmark_client] Sending sample transaction 890
[2026-05-22T09:11:10.313Z INFO  benchmark_client] Sending sample transaction 891
[2026-05-22T09:11:10.363Z INFO  benchmark_client] Sending sample transaction 892
[2026-05-22T09:11:10.413Z INFO  benchmark_client] Sending sample transaction 893
[2026-05-22T09:11:10.463Z INFO  benchmark_client] Sending sample transaction 894
[2026-05-22T09:11:10.513Z INFO  benchmark_client] Sending sample transaction 895
