[2026-09-09T15:45:46.816Z INFO  benchmark_client] Node address: 8.229.97.100:5008
[2026-09-09T15:45:46.816Z INFO  benchmark_client] Transactions size: 512 B
[2026-09-09T15:45:46.816Z INFO  benchmark_client] Transactions rate: 12000 tx/s
[2026-09-09T15:45:46.816Z INFO  benchmark_client] Waiting for all nodes to be online...
[2026-09-09T15:45:46.977Z INFO  benchmark_client] Start sending transactions
[2026-09-09T15:45:46.978Z INFO  benchmark_client] Sending sample transaction 0
[2026-09-09T15:45:47.028Z INFO  benchmark_client] Sending sample transaction 1
[2026-09-09T15:45:47.078Z INFO  benchmark_client] Sending sample transaction 2
[2026-09-09T15:45:47.128Z INFO  benchmark_client] Sending sample transaction 3
[2026-09-09T15:45:47.178Z INFO  benchmark_client] Sending sample transaction 4
[2026-09-09T15:45:47.229Z INFO  benchmark_client] Sending sample transaction 5
[2026-09-09T15:45:47.278Z INFO  benchmark_client] Sending sample transaction 6
[2026-09-09T15:45:47.329Z INFO  benchmark_client] Sending sample transaction 7
[2026-09-09T15:45:47.378Z INFO  benchmark_client] Sending sample transaction 8
[2026-09-09T15:45:47.428Z INFO  benchmark_client] Sending sample transaction 9
[2026-09-09T15:45:47.479Z INFO  benchmark_client] Sending sample transaction 10
[2026-09-09T15:45:47.528Z INFO  benchmark_client] Sending sample transaction 11
[2026-09-09T15:45:47.578Z INFO  benchmark_client] Sending sample transaction 12
[2026-09-09T15:45:47.628Z INFO  benchmark_client] Sending sample transaction 13
[2026-09-09T15:45:47.678Z INFO  benchmark_client] Sending sample transaction 14
[2026-09-09T15:45:47.728Z INFO  benchmark_client] Sending sample transaction 15
[2026-09-09T15:45:47.779Z INFO  benchmark_client] Sending sample transaction 16
[2026-09-09T15:45:47.828Z INFO  benchmark_client] Sending sample transaction 17
[2026-09-09T15:45:47.878Z INFO  benchmark_client] Sending sample transaction 18
[2026-09-09T15:45:47.929Z INFO  benchmark_client] Sending sample transaction 19
[2026-09-09T15:45:47.978Z INFO  benchmark_client] Sending sample transaction 20
[2026-09-09T15:45:48.028Z INFO  benchmark_client] Sending sample transaction 21
[2026-09-09T15:45:48.078Z INFO  benchmark_client] Sending sample transaction 22
[2026-09-09T15:45:48.128Z INFO  benchmark_client] Sending sample transaction 23
[2026-09-09T15:45:48.180Z INFO  benchmark_client] Sending sample transaction 24
[2026-09-09T15:45:48.228Z INFO  benchmark_client] Sending sample transaction 25
[2026-09-09T15:45:48.282Z INFO  benchmark_client] Sending sample transaction 26
[2026-09-09T15:45:48.328Z INFO  benchmark_client] Sending sample transaction 27
[2026-09-09T15:45:48.379Z INFO  benchmark_client] Sending sample transaction 28
[2026-09-09T15:45:48.429Z INFO  benchmark_client] Sending sample transaction 29
[2026-09-09T15:45:48.479Z INFO  benchmark_client] Sending sample transaction 30
[2026-09-09T15:45:48.529Z INFO  benchmark_client] Sending sample transaction 31
[2026-09-09T15:45:48.578Z INFO  benchmark_client] Sending sample transaction 32
[2026-09-09T15:45:48.630Z INFO  benchmark_client] Sending sample transaction 33
[2026-09-09T15:45:48.678Z INFO  benchmark_client] Sending sample transaction 34
[2026-09-09T15:45:48.728Z INFO  benchmark_client] Sending sample transaction 35
[2026-09-09T15:45:48.778Z INFO  benchmark_client] Sending sample transaction 36
[2026-09-09T15:45:48.829Z INFO  benchmark_client] Sending sample transaction 37
[2026-09-09T15:45:48.879Z INFO  benchmark_client] Sending sample transaction 38
[2026-09-09T15:45:48.932Z INFO  benchmark_client] Sending sample transaction 39
[2026-09-09T15:45:48.978Z INFO  benchmark_client] Sending sample transaction 40
[2026-09-09T15:45:49.028Z INFO  benchmark_client] Sending sample transaction 41
[2026-09-09T15:45:49.080Z INFO  benchmark_client] Sending sample transaction 42
[2026-09-09T15:45:49.128Z INFO  benchmark_client] Sending sample transaction 43
[2026-09-09T15:45:49.178Z INFO  benchmark_client] Sending sample transaction 44
[2026-09-09T15:45:49.229Z INFO  benchmark_client] Sending sample transaction 45
[2026-09-09T15:45:49.278Z INFO  benchmark_client] Sending sample transaction 46
[2026-09-09T15:45:49.328Z INFO  benchmark_client] Sending sample transaction 47
[2026-09-09T15:45:49.378Z INFO  benchmark_client] Sending sample transaction 48
[2026-09-09T15:45:49.430Z INFO  benchmark_client] Sending sample transaction 49
[2026-09-09T15:45:49.478Z INFO  benchmark_client] Sending sample transaction 50
[2026-09-09T15:45:49.529Z INFO  benchmark_client] Sending sample transaction 51
[2026-09-09T15:45:49.578Z INFO  benchmark_client] Sending sample transaction 52
[2026-09-09T15:45:49.628Z INFO  benchmark_client] Sending sample transaction 53
[2026-09-09T15:45:49.678Z INFO  benchmark_client] Sending sample transaction 54
[2026-09-09T15:45:49.732Z INFO  benchmark_client] Sending sample transaction 55
[2026-09-09T15:45:49.781Z INFO  benchmark_client] Sending sample transaction 56
[2026-09-09T15:45:49.831Z INFO  benchmark_client] Sending sample transaction 57
[2026-09-09T15:45:49.878Z INFO  benchmark_client] Sending sample transaction 58
[2026-09-09T15:45:49.930Z INFO  benchmark_client] Sending sample transaction 59
[2026-09-09T15:45:49.978Z INFO  benchmark_client] Sending sample transaction 60
[2026-09-09T15:45:50.030Z INFO  benchmark_client] Sending sample transaction 61
[2026-09-09T15:45:50.078Z INFO  benchmark_client] Sending sample transaction 62
[2026-09-09T15:45:50.130Z INFO  benchmark_client] Sending sample transaction 63
[2026-09-09T15:45:50.178Z INFO  benchmark_client] Sending sample transaction 64
[2026-09-09T15:45:50.228Z INFO  benchmark_client] Sending sample transaction 65
[2026-09-09T15:45:50.278Z INFO  benchmark_client] Sending sample transaction 66
[2026-09-09T15:45:50.329Z INFO  benchmark_client] Sending sample transaction 67
[2026-09-09T15:45:50.378Z INFO  benchmark_client] Sending sample transaction 68
[2026-09-09T15:45:50.428Z INFO  benchmark_client] Sending sample transaction 69
[2026-09-09T15:45:50.479Z INFO  benchmark_client] Sending sample transaction 70
[2026-09-09T15:45:50.528Z INFO  benchmark_client] Sending sample transaction 71
[2026-09-09T15:45:50.579Z INFO  benchmark_client] Sending sample transaction 72
[2026-09-09T15:45:50.628Z INFO  benchmark_client] Sending sample transaction 73
[2026-09-09T15:45:50.678Z INFO  benchmark_client] Sending sample transaction 74
[2026-09-09T15:45:50.729Z INFO  benchmark_client] Sending sample transaction 75
[2026-09-09T15:45:50.779Z INFO  benchmark_client] Sending sample transaction 76
[2026-09-09T15:45:50.833Z INFO  benchmark_client] Sending sample transaction 77
[2026-09-09T15:45:50.878Z INFO  benchmark_client] Sending sample transaction 78
[2026-09-09T15:45:50.928Z INFO  benchmark_client] Sending sample transaction 79
[2026-09-09T15:45:50.979Z INFO  benchmark_client] Sending sample transaction 80
[2026-09-09T15:45:51.029Z INFO  benchmark_client] Sending sample transaction 81
[2026-09-09T15:45:51.078Z INFO  benchmark_client] Sending sample transaction 82
[2026-09-09T15:45:51.130Z INFO  benchmark_client] Sending sample transaction 83
[2026-09-09T15:45:51.179Z INFO  benchmark_client] Sending sample transaction 84
[2026-09-09T15:45:51.228Z INFO  benchmark_client] Sending sample transaction 85
[2026-09-09T15:45:51.278Z INFO  benchmark_client] Sending sample transaction 86
[2026-09-09T15:45:51.328Z INFO  benchmark_client] Sending sample transaction 87
[2026-09-09T15:45:51.378Z INFO  benchmark_client] Sending sample transaction 88
[2026-09-09T15:45:51.428Z INFO  benchmark_client] Sending sample transaction 89
[2026-09-09T15:45:51.478Z INFO  benchmark_client] Sending sample transaction 90
[2026-09-09T15:45:51.529Z INFO  benchmark_client] Sending sample transaction 91
[2026-09-09T15:45:51.578Z INFO  benchmark_client] Sending sample transaction 92
[2026-09-09T15:45:51.628Z INFO  benchmark_client] Sending sample transaction 93
[2026-09-09T15:45:51.678Z INFO  benchmark_client] Sending sample transaction 94
[2026-09-09T15:45:51.729Z INFO  benchmark_client] Sending sample transaction 95
[2026-09-09T15:45:51.778Z INFO  benchmark_client] Sending sample transaction 96
[2026-09-09T15:45:51.828Z INFO  benchmark_client] Sending sample transaction 97
[2026-09-09T15:45:51.881Z INFO  benchmark_client] Sending sample transaction 98
[2026-09-09T15:45:51.928Z INFO  benchmark_client] Sending sample transaction 99
[2026-09-09T15:45:51.982Z INFO  benchmark_client] Sending sample transaction 100
[2026-09-09T15:45:52.029Z INFO  benchmark_client] Sending sample transaction 101
[2026-09-09T15:45:52.079Z INFO  benchmark_client] Sending sample transaction 102
[2026-09-09T15:45:52.128Z INFO  benchmark_client] Sending sample transaction 103
[2026-09-09T15:45:52.178Z INFO  benchmark_client] Sending sample transaction 104
[2026-09-09T15:45:52.229Z INFO  benchmark_client] Sending sample transaction 105
[2026-09-09T15:45:52.279Z INFO  benchmark_client] Sending sample transaction 106
[2026-09-09T15:45:52.328Z INFO  benchmark_client] Sending sample transaction 107
[2026-09-09T15:45:52.378Z INFO  benchmark_client] Sending sample transaction 108
[2026-09-09T15:45:52.429Z INFO  benchmark_client] Sending sample transaction 109
[2026-09-09T15:45:52.479Z INFO  benchmark_client] Sending sample transaction 110
[2026-09-09T15:45:52.528Z INFO  benchmark_client] Sending sample transaction 111
[2026-09-09T15:45:52.579Z INFO  benchmark_client] Sending sample transaction 112
[2026-09-09T15:45:52.628Z INFO  benchmark_client] Sending sample transaction 113
[2026-09-09T15:45:52.679Z INFO  benchmark_client] Sending sample transaction 114
[2026-09-09T15:45:52.729Z INFO  benchmark_client] Sending sample transaction 115
[2026-09-09T15:45:52.779Z INFO  benchmark_client] Sending sample transaction 116
[2026-09-09T15:45:52.828Z INFO  benchmark_client] Sending sample transaction 117
[2026-09-09T15:45:52.879Z INFO  benchmark_client] Sending sample transaction 118
[2026-09-09T15:45:52.932Z INFO  benchmark_client] Sending sample transaction 119
[2026-09-09T15:45:52.978Z INFO  benchmark_client] Sending sample transaction 120
[2026-09-09T15:45:53.029Z INFO  benchmark_client] Sending sample transaction 121
[2026-09-09T15:45:53.078Z INFO  benchmark_client] Sending sample transaction 122
[2026-09-09T15:45:53.129Z INFO  benchmark_client] Sending sample transaction 123
[2026-09-09T15:45:53.179Z INFO  benchmark_client] Sending sample transaction 124
[2026-09-09T15:45:53.229Z INFO  benchmark_client] Sending sample transaction 125
[2026-09-09T15:45:53.278Z INFO  benchmark_client] Sending sample transaction 126
[2026-09-09T15:45:53.328Z INFO  benchmark_client] Sending sample transaction 127
[2026-09-09T15:45:53.379Z INFO  benchmark_client] Sending sample transaction 128
[2026-09-09T15:45:53.428Z INFO  benchmark_client] Sending sample transaction 129
[2026-09-09T15:45:53.479Z INFO  benchmark_client] Sending sample transaction 130
[2026-09-09T15:45:53.529Z INFO  benchmark_client] Sending sample transaction 131
[2026-09-09T15:45:53.579Z INFO  benchmark_client] Sending sample transaction 132
[2026-09-09T15:45:53.628Z INFO  benchmark_client] Sending sample transaction 133
[2026-09-09T15:45:53.679Z INFO  benchmark_client] Sending sample transaction 134
[2026-09-09T15:45:53.728Z INFO  benchmark_client] Sending sample transaction 135
[2026-09-09T15:45:53.779Z INFO  benchmark_client] Sending sample transaction 136
[2026-09-09T15:45:53.829Z INFO  benchmark_client] Sending sample transaction 137
[2026-09-09T15:45:53.878Z INFO  benchmark_client] Sending sample transaction 138
[2026-09-09T15:45:53.929Z INFO  benchmark_client] Sending sample transaction 139
[2026-09-09T15:45:53.978Z INFO  benchmark_client] Sending sample transaction 140
[2026-09-09T15:45:54.028Z INFO  benchmark_client] Sending sample transaction 141
[2026-09-09T15:45:54.082Z INFO  benchmark_client] Sending sample transaction 142
[2026-09-09T15:45:54.128Z INFO  benchmark_client] Sending sample transaction 143
[2026-09-09T15:45:54.178Z INFO  benchmark_client] Sending sample transaction 144
[2026-09-09T15:45:54.229Z INFO  benchmark_client] Sending sample transaction 145
[2026-09-09T15:45:54.279Z INFO  benchmark_client] Sending sample transaction 146
[2026-09-09T15:45:54.329Z INFO  benchmark_client] Sending sample transaction 147
[2026-09-09T15:45:54.378Z INFO  benchmark_client] Sending sample transaction 148
[2026-09-09T15:45:54.429Z INFO  benchmark_client] Sending sample transaction 149
[2026-09-09T15:45:54.479Z INFO  benchmark_client] Sending sample transaction 150
[2026-09-09T15:45:54.528Z INFO  benchmark_client] Sending sample transaction 151
[2026-09-09T15:45:54.578Z INFO  benchmark_client] Sending sample transaction 152
[2026-09-09T15:45:54.629Z INFO  benchmark_client] Sending sample transaction 153
[2026-09-09T15:45:54.678Z INFO  benchmark_client] Sending sample transaction 154
[2026-09-09T15:45:54.728Z INFO  benchmark_client] Sending sample transaction 155
[2026-09-09T15:45:54.779Z INFO  benchmark_client] Sending sample transaction 156
[2026-09-09T15:45:54.829Z INFO  benchmark_client] Sending sample transaction 157
[2026-09-09T15:45:54.879Z INFO  benchmark_client] Sending sample transaction 158
[2026-09-09T15:45:54.928Z INFO  benchmark_client] Sending sample transaction 159
[2026-09-09T15:45:54.979Z INFO  benchmark_client] Sending sample transaction 160
[2026-09-09T15:45:55.029Z INFO  benchmark_client] Sending sample transaction 161
[2026-09-09T15:45:55.078Z INFO  benchmark_client] Sending sample transaction 162
[2026-09-09T15:45:55.132Z INFO  benchmark_client] Sending sample transaction 163
[2026-09-09T15:45:55.179Z INFO  benchmark_client] Sending sample transaction 164
[2026-09-09T15:45:55.228Z INFO  benchmark_client] Sending sample transaction 165
[2026-09-09T15:45:55.278Z INFO  benchmark_client] Sending sample transaction 166
[2026-09-09T15:45:55.329Z INFO  benchmark_client] Sending sample transaction 167
[2026-09-09T15:45:55.379Z INFO  benchmark_client] Sending sample transaction 168
[2026-09-09T15:45:55.429Z INFO  benchmark_client] Sending sample transaction 169
[2026-09-09T15:45:55.478Z INFO  benchmark_client] Sending sample transaction 170
[2026-09-09T15:45:55.528Z INFO  benchmark_client] Sending sample transaction 171
[2026-09-09T15:45:55.579Z INFO  benchmark_client] Sending sample transaction 172
[2026-09-09T15:45:55.629Z INFO  benchmark_client] Sending sample transaction 173
[2026-09-09T15:45:55.678Z INFO  benchmark_client] Sending sample transaction 174
[2026-09-09T15:45:55.729Z INFO  benchmark_client] Sending sample transaction 175
[2026-09-09T15:45:55.778Z INFO  benchmark_client] Sending sample transaction 176
[2026-09-09T15:45:55.829Z INFO  benchmark_client] Sending sample transaction 177
[2026-09-09T15:45:55.878Z INFO  benchmark_client] Sending sample transaction 178
[2026-09-09T15:45:55.929Z INFO  benchmark_client] Sending sample transaction 179
[2026-09-09T15:45:55.978Z INFO  benchmark_client] Sending sample transaction 180
[2026-09-09T15:45:56.029Z INFO  benchmark_client] Sending sample transaction 181
[2026-09-09T15:45:56.078Z INFO  benchmark_client] Sending sample transaction 182
[2026-09-09T15:45:56.129Z INFO  benchmark_client] Sending sample transaction 183
[2026-09-09T15:45:56.178Z INFO  benchmark_client] Sending sample transaction 184
[2026-09-09T15:45:56.231Z INFO  benchmark_client] Sending sample transaction 185
[2026-09-09T15:45:56.280Z INFO  benchmark_client] Sending sample transaction 186
[2026-09-09T15:45:56.330Z INFO  benchmark_client] Sending sample transaction 187
[2026-09-09T15:45:56.378Z INFO  benchmark_client] Sending sample transaction 188
[2026-09-09T15:45:56.428Z INFO  benchmark_client] Sending sample transaction 189
[2026-09-09T15:45:56.480Z INFO  benchmark_client] Sending sample transaction 190
[2026-09-09T15:45:56.529Z INFO  benchmark_client] Sending sample transaction 191
[2026-09-09T15:45:56.578Z INFO  benchmark_client] Sending sample transaction 192
[2026-09-09T15:45:56.628Z INFO  benchmark_client] Sending sample transaction 193
[2026-09-09T15:45:56.678Z INFO  benchmark_client] Sending sample transaction 194
[2026-09-09T15:45:56.729Z INFO  benchmark_client] Sending sample transaction 195
[2026-09-09T15:45:56.782Z INFO  benchmark_client] Sending sample transaction 196
[2026-09-09T15:45:56.828Z INFO  benchmark_client] Sending sample transaction 197
[2026-09-09T15:45:56.881Z INFO  benchmark_client] Sending sample transaction 198
[2026-09-09T15:45:56.928Z INFO  benchmark_client] Sending sample transaction 199
[2026-09-09T15:45:56.979Z INFO  benchmark_client] Sending sample transaction 200
[2026-09-09T15:45:57.029Z INFO  benchmark_client] Sending sample transaction 201
[2026-09-09T15:45:57.078Z INFO  benchmark_client] Sending sample transaction 202
[2026-09-09T15:45:57.129Z INFO  benchmark_client] Sending sample transaction 203
[2026-09-09T15:45:57.179Z INFO  benchmark_client] Sending sample transaction 204
[2026-09-09T15:45:57.229Z INFO  benchmark_client] Sending sample transaction 205
[2026-09-09T15:45:57.280Z INFO  benchmark_client] Sending sample transaction 206
[2026-09-09T15:45:57.328Z INFO  benchmark_client] Sending sample transaction 207
[2026-09-09T15:45:57.379Z INFO  benchmark_client] Sending sample transaction 208
[2026-09-09T15:45:57.428Z INFO  benchmark_client] Sending sample transaction 209
[2026-09-09T15:45:57.478Z INFO  benchmark_client] Sending sample transaction 210
[2026-09-09T15:45:57.529Z INFO  benchmark_client] Sending sample transaction 211
[2026-09-09T15:45:57.578Z INFO  benchmark_client] Sending sample transaction 212
[2026-09-09T15:45:57.629Z INFO  benchmark_client] Sending sample transaction 213
[2026-09-09T15:45:57.680Z INFO  benchmark_client] Sending sample transaction 214
[2026-09-09T15:45:57.728Z INFO  benchmark_client] Sending sample transaction 215
[2026-09-09T15:45:57.779Z INFO  benchmark_client] Sending sample transaction 216
[2026-09-09T15:45:57.830Z INFO  benchmark_client] Sending sample transaction 217
[2026-09-09T15:45:57.878Z INFO  benchmark_client] Sending sample transaction 218
[2026-09-09T15:45:57.929Z INFO  benchmark_client] Sending sample transaction 219
[2026-09-09T15:45:57.979Z INFO  benchmark_client] Sending sample transaction 220
[2026-09-09T15:45:58.029Z INFO  benchmark_client] Sending sample transaction 221
[2026-09-09T15:45:58.078Z INFO  benchmark_client] Sending sample transaction 222
[2026-09-09T15:45:58.129Z INFO  benchmark_client] Sending sample transaction 223
[2026-09-09T15:45:58.179Z INFO  benchmark_client] Sending sample transaction 224
[2026-09-09T15:45:58.230Z INFO  benchmark_client] Sending sample transaction 225
[2026-09-09T15:45:58.279Z INFO  benchmark_client] Sending sample transaction 226
[2026-09-09T15:45:58.329Z INFO  benchmark_client] Sending sample transaction 227
[2026-09-09T15:45:58.379Z INFO  benchmark_client] Sending sample transaction 228
[2026-09-09T15:45:58.428Z INFO  benchmark_client] Sending sample transaction 229
[2026-09-09T15:45:58.478Z INFO  benchmark_client] Sending sample transaction 230
[2026-09-09T15:45:58.528Z INFO  benchmark_client] Sending sample transaction 231
[2026-09-09T15:45:58.578Z INFO  benchmark_client] Sending sample transaction 232
[2026-09-09T15:45:58.628Z INFO  benchmark_client] Sending sample transaction 233
[2026-09-09T15:45:58.679Z INFO  benchmark_client] Sending sample transaction 234
[2026-09-09T15:45:58.730Z INFO  benchmark_client] Sending sample transaction 235
[2026-09-09T15:45:58.778Z INFO  benchmark_client] Sending sample transaction 236
[2026-09-09T15:45:58.829Z INFO  benchmark_client] Sending sample transaction 237
[2026-09-09T15:45:58.878Z INFO  benchmark_client] Sending sample transaction 238
[2026-09-09T15:45:58.929Z INFO  benchmark_client] Sending sample transaction 239
[2026-09-09T15:45:58.979Z INFO  benchmark_client] Sending sample transaction 240
[2026-09-09T15:45:59.030Z INFO  benchmark_client] Sending sample transaction 241
[2026-09-09T15:45:59.079Z INFO  benchmark_client] Sending sample transaction 242
[2026-09-09T15:45:59.129Z INFO  benchmark_client] Sending sample transaction 243
[2026-09-09T15:45:59.179Z INFO  benchmark_client] Sending sample transaction 244
[2026-09-09T15:45:59.229Z INFO  benchmark_client] Sending sample transaction 245
[2026-09-09T15:45:59.280Z INFO  benchmark_client] Sending sample transaction 246
[2026-09-09T15:45:59.329Z INFO  benchmark_client] Sending sample transaction 247
[2026-09-09T15:45:59.379Z INFO  benchmark_client] Sending sample transaction 248
[2026-09-09T15:45:59.429Z INFO  benchmark_client] Sending sample transaction 249
[2026-09-09T15:45:59.479Z INFO  benchmark_client] Sending sample transaction 250
[2026-09-09T15:45:59.530Z INFO  benchmark_client] Sending sample transaction 251
[2026-09-09T15:45:59.578Z INFO  benchmark_client] Sending sample transaction 252
[2026-09-09T15:45:59.628Z INFO  benchmark_client] Sending sample transaction 253
[2026-09-09T15:45:59.679Z INFO  benchmark_client] Sending sample transaction 254
[2026-09-09T15:45:59.729Z INFO  benchmark_client] Sending sample transaction 255
[2026-09-09T15:45:59.781Z INFO  benchmark_client] Sending sample transaction 256
[2026-09-09T15:45:59.829Z INFO  benchmark_client] Sending sample transaction 257
[2026-09-09T15:45:59.879Z INFO  benchmark_client] Sending sample transaction 258
[2026-09-09T15:45:59.928Z INFO  benchmark_client] Sending sample transaction 259
[2026-09-09T15:45:59.978Z INFO  benchmark_client] Sending sample transaction 260
[2026-09-09T15:46:00.029Z INFO  benchmark_client] Sending sample transaction 261
[2026-09-09T15:46:00.078Z INFO  benchmark_client] Sending sample transaction 262
[2026-09-09T15:46:00.129Z INFO  benchmark_client] Sending sample transaction 263
[2026-09-09T15:46:00.179Z INFO  benchmark_client] Sending sample transaction 264
[2026-09-09T15:46:00.229Z INFO  benchmark_client] Sending sample transaction 265
[2026-09-09T15:46:00.279Z INFO  benchmark_client] Sending sample transaction 266
[2026-09-09T15:46:00.329Z INFO  benchmark_client] Sending sample transaction 267
[2026-09-09T15:46:00.379Z INFO  benchmark_client] Sending sample transaction 268
[2026-09-09T15:46:00.429Z INFO  benchmark_client] Sending sample transaction 269
[2026-09-09T15:46:00.480Z INFO  benchmark_client] Sending sample transaction 270
[2026-09-09T15:46:00.531Z INFO  benchmark_client] Sending sample transaction 271
[2026-09-09T15:46:00.578Z INFO  benchmark_client] Sending sample transaction 272
[2026-09-09T15:46:00.629Z INFO  benchmark_client] Sending sample transaction 273
[2026-09-09T15:46:00.680Z INFO  benchmark_client] Sending sample transaction 274
[2026-09-09T15:46:00.729Z INFO  benchmark_client] Sending sample transaction 275
[2026-09-09T15:46:00.779Z INFO  benchmark_client] Sending sample transaction 276
[2026-09-09T15:46:00.829Z INFO  benchmark_client] Sending sample transaction 277
[2026-09-09T15:46:00.879Z INFO  benchmark_client] Sending sample transaction 278
[2026-09-09T15:46:00.929Z INFO  benchmark_client] Sending sample transaction 279
[2026-09-09T15:46:00.980Z INFO  benchmark_client] Sending sample transaction 280
[2026-09-09T15:46:01.029Z INFO  benchmark_client] Sending sample transaction 281
[2026-09-09T15:46:01.078Z INFO  benchmark_client] Sending sample transaction 282
[2026-09-09T15:46:01.128Z INFO  benchmark_client] Sending sample transaction 283
[2026-09-09T15:46:01.182Z INFO  benchmark_client] Sending sample transaction 284
[2026-09-09T15:46:01.229Z INFO  benchmark_client] Sending sample transaction 285
[2026-09-09T15:46:01.278Z INFO  benchmark_client] Sending sample transaction 286
[2026-09-09T15:46:01.330Z INFO  benchmark_client] Sending sample transaction 287
[2026-09-09T15:46:01.378Z INFO  benchmark_client] Sending sample transaction 288
[2026-09-09T15:46:01.429Z INFO  benchmark_client] Sending sample transaction 289
[2026-09-09T15:46:01.481Z INFO  benchmark_client] Sending sample transaction 290
[2026-09-09T15:46:01.528Z INFO  benchmark_client] Sending sample transaction 291
[2026-09-09T15:46:01.585Z INFO  benchmark_client] Sending sample transaction 292
[2026-09-09T15:46:01.631Z INFO  benchmark_client] Sending sample transaction 293
[2026-09-09T15:46:01.678Z INFO  benchmark_client] Sending sample transaction 294
[2026-09-09T15:46:01.734Z INFO  benchmark_client] Sending sample transaction 295
[2026-09-09T15:46:01.779Z INFO  benchmark_client] Sending sample transaction 296
[2026-09-09T15:46:01.832Z INFO  benchmark_client] Sending sample transaction 297
[2026-09-09T15:46:01.880Z INFO  benchmark_client] Sending sample transaction 298
[2026-09-09T15:46:01.929Z INFO  benchmark_client] Sending sample transaction 299
[2026-09-09T15:46:01.979Z INFO  benchmark_client] Sending sample transaction 300
[2026-09-09T15:46:02.029Z INFO  benchmark_client] Sending sample transaction 301
[2026-09-09T15:46:02.078Z INFO  benchmark_client] Sending sample transaction 302
[2026-09-09T15:46:02.130Z INFO  benchmark_client] Sending sample transaction 303
[2026-09-09T15:46:02.179Z INFO  benchmark_client] Sending sample transaction 304
[2026-09-09T15:46:02.229Z INFO  benchmark_client] Sending sample transaction 305
[2026-09-09T15:46:02.279Z INFO  benchmark_client] Sending sample transaction 306
[2026-09-09T15:46:02.328Z INFO  benchmark_client] Sending sample transaction 307
[2026-09-09T15:46:02.379Z INFO  benchmark_client] Sending sample transaction 308
[2026-09-09T15:46:02.429Z INFO  benchmark_client] Sending sample transaction 309
[2026-09-09T15:46:02.478Z INFO  benchmark_client] Sending sample transaction 310
[2026-09-09T15:46:02.529Z INFO  benchmark_client] Sending sample transaction 311
[2026-09-09T15:46:02.579Z INFO  benchmark_client] Sending sample transaction 312
[2026-09-09T15:46:02.632Z INFO  benchmark_client] Sending sample transaction 313
[2026-09-09T15:46:02.679Z INFO  benchmark_client] Sending sample transaction 314
[2026-09-09T15:46:02.729Z INFO  benchmark_client] Sending sample transaction 315
[2026-09-09T15:46:02.779Z INFO  benchmark_client] Sending sample transaction 316
[2026-09-09T15:46:02.829Z INFO  benchmark_client] Sending sample transaction 317
[2026-09-09T15:46:02.879Z INFO  benchmark_client] Sending sample transaction 318
[2026-09-09T15:46:02.930Z INFO  benchmark_client] Sending sample transaction 319
[2026-09-09T15:46:02.979Z INFO  benchmark_client] Sending sample transaction 320
[2026-09-09T15:46:03.029Z INFO  benchmark_client] Sending sample transaction 321
[2026-09-09T15:46:03.079Z INFO  benchmark_client] Sending sample transaction 322
[2026-09-09T15:46:03.129Z INFO  benchmark_client] Sending sample transaction 323
[2026-09-09T15:46:03.179Z INFO  benchmark_client] Sending sample transaction 324
[2026-09-09T15:46:03.230Z INFO  benchmark_client] Sending sample transaction 325
[2026-09-09T15:46:03.280Z INFO  benchmark_client] Sending sample transaction 326
[2026-09-09T15:46:03.329Z INFO  benchmark_client] Sending sample transaction 327
[2026-09-09T15:46:03.379Z INFO  benchmark_client] Sending sample transaction 328
[2026-09-09T15:46:03.429Z INFO  benchmark_client] Sending sample transaction 329
[2026-09-09T15:46:03.480Z INFO  benchmark_client] Sending sample transaction 330
[2026-09-09T15:46:03.529Z INFO  benchmark_client] Sending sample transaction 331
[2026-09-09T15:46:03.579Z INFO  benchmark_client] Sending sample transaction 332
[2026-09-09T15:46:03.629Z INFO  benchmark_client] Sending sample transaction 333
[2026-09-09T15:46:03.680Z INFO  benchmark_client] Sending sample transaction 334
[2026-09-09T15:46:03.730Z INFO  benchmark_client] Sending sample transaction 335
[2026-09-09T15:46:03.780Z INFO  benchmark_client] Sending sample transaction 336
[2026-09-09T15:46:03.829Z INFO  benchmark_client] Sending sample transaction 337
[2026-09-09T15:46:03.880Z INFO  benchmark_client] Sending sample transaction 338
[2026-09-09T15:46:03.929Z INFO  benchmark_client] Sending sample transaction 339
[2026-09-09T15:46:03.979Z INFO  benchmark_client] Sending sample transaction 340
[2026-09-09T15:46:04.029Z INFO  benchmark_client] Sending sample transaction 341
[2026-09-09T15:46:04.080Z INFO  benchmark_client] Sending sample transaction 342
[2026-09-09T15:46:04.129Z INFO  benchmark_client] Sending sample transaction 343
[2026-09-09T15:46:04.179Z INFO  benchmark_client] Sending sample transaction 344
[2026-09-09T15:46:04.229Z INFO  benchmark_client] Sending sample transaction 345
[2026-09-09T15:46:04.281Z INFO  benchmark_client] Sending sample transaction 346
[2026-09-09T15:46:04.331Z INFO  benchmark_client] Sending sample transaction 347
[2026-09-09T15:46:04.379Z INFO  benchmark_client] Sending sample transaction 348
[2026-09-09T15:46:04.429Z INFO  benchmark_client] Sending sample transaction 349
[2026-09-09T15:46:04.479Z INFO  benchmark_client] Sending sample transaction 350
[2026-09-09T15:46:04.529Z INFO  benchmark_client] Sending sample transaction 351
[2026-09-09T15:46:04.578Z INFO  benchmark_client] Sending sample transaction 352
[2026-09-09T15:46:04.629Z INFO  benchmark_client] Sending sample transaction 353
[2026-09-09T15:46:04.679Z INFO  benchmark_client] Sending sample transaction 354
[2026-09-09T15:46:04.729Z INFO  benchmark_client] Sending sample transaction 355
[2026-09-09T15:46:04.779Z INFO  benchmark_client] Sending sample transaction 356
[2026-09-09T15:46:04.829Z INFO  benchmark_client] Sending sample transaction 357
[2026-09-09T15:46:04.879Z INFO  benchmark_client] Sending sample transaction 358
[2026-09-09T15:46:04.931Z INFO  benchmark_client] Sending sample transaction 359
[2026-09-09T15:46:04.979Z INFO  benchmark_client] Sending sample transaction 360
[2026-09-09T15:46:05.029Z INFO  benchmark_client] Sending sample transaction 361
[2026-09-09T15:46:05.079Z INFO  benchmark_client] Sending sample transaction 362
[2026-09-09T15:46:05.129Z INFO  benchmark_client] Sending sample transaction 363
[2026-09-09T15:46:05.182Z INFO  benchmark_client] Sending sample transaction 364
[2026-09-09T15:46:05.229Z INFO  benchmark_client] Sending sample transaction 365
[2026-09-09T15:46:05.280Z INFO  benchmark_client] Sending sample transaction 366
[2026-09-09T15:46:05.330Z INFO  benchmark_client] Sending sample transaction 367
[2026-09-09T15:46:05.382Z INFO  benchmark_client] Sending sample transaction 368
[2026-09-09T15:46:05.429Z INFO  benchmark_client] Sending sample transaction 369
[2026-09-09T15:46:05.481Z INFO  benchmark_client] Sending sample transaction 370
[2026-09-09T15:46:05.531Z INFO  benchmark_client] Sending sample transaction 371
[2026-09-09T15:46:05.580Z INFO  benchmark_client] Sending sample transaction 372
[2026-09-09T15:46:05.632Z INFO  benchmark_client] Sending sample transaction 373
[2026-09-09T15:46:05.683Z INFO  benchmark_client] Sending sample transaction 374
[2026-09-09T15:46:05.729Z INFO  benchmark_client] Sending sample transaction 375
[2026-09-09T15:46:05.782Z INFO  benchmark_client] Sending sample transaction 376
[2026-09-09T15:46:05.830Z INFO  benchmark_client] Sending sample transaction 377
[2026-09-09T15:46:05.883Z INFO  benchmark_client] Sending sample transaction 378
[2026-09-09T15:46:05.929Z INFO  benchmark_client] Sending sample transaction 379
[2026-09-09T15:46:05.980Z INFO  benchmark_client] Sending sample transaction 380
[2026-09-09T15:46:06.029Z INFO  benchmark_client] Sending sample transaction 381
[2026-09-09T15:46:06.079Z INFO  benchmark_client] Sending sample transaction 382
[2026-09-09T15:46:06.128Z INFO  benchmark_client] Sending sample transaction 383
[2026-09-09T15:46:06.179Z INFO  benchmark_client] Sending sample transaction 384
[2026-09-09T15:46:06.229Z INFO  benchmark_client] Sending sample transaction 385
[2026-09-09T15:46:06.281Z INFO  benchmark_client] Sending sample transaction 386
[2026-09-09T15:46:06.329Z INFO  benchmark_client] Sending sample transaction 387
[2026-09-09T15:46:06.379Z INFO  benchmark_client] Sending sample transaction 388
[2026-09-09T15:46:06.429Z INFO  benchmark_client] Sending sample transaction 389
[2026-09-09T15:46:06.479Z INFO  benchmark_client] Sending sample transaction 390
[2026-09-09T15:46:06.529Z INFO  benchmark_client] Sending sample transaction 391
[2026-09-09T15:46:06.579Z INFO  benchmark_client] Sending sample transaction 392
[2026-09-09T15:46:06.629Z INFO  benchmark_client] Sending sample transaction 393
[2026-09-09T15:46:06.680Z INFO  benchmark_client] Sending sample transaction 394
[2026-09-09T15:46:06.729Z INFO  benchmark_client] Sending sample transaction 395
[2026-09-09T15:46:06.779Z INFO  benchmark_client] Sending sample transaction 396
[2026-09-09T15:46:06.829Z INFO  benchmark_client] Sending sample transaction 397
[2026-09-09T15:46:06.879Z INFO  benchmark_client] Sending sample transaction 398
[2026-09-09T15:46:06.929Z INFO  benchmark_client] Sending sample transaction 399
[2026-09-09T15:46:06.981Z INFO  benchmark_client] Sending sample transaction 400
[2026-09-09T15:46:07.029Z INFO  benchmark_client] Sending sample transaction 401
[2026-09-09T15:46:07.080Z INFO  benchmark_client] Sending sample transaction 402
[2026-09-09T15:46:07.130Z INFO  benchmark_client] Sending sample transaction 403
[2026-09-09T15:46:07.179Z INFO  benchmark_client] Sending sample transaction 404
[2026-09-09T15:46:07.228Z INFO  benchmark_client] Sending sample transaction 405
[2026-09-09T15:46:07.279Z INFO  benchmark_client] Sending sample transaction 406
[2026-09-09T15:46:07.329Z INFO  benchmark_client] Sending sample transaction 407
[2026-09-09T15:46:07.379Z INFO  benchmark_client] Sending sample transaction 408
[2026-09-09T15:46:07.429Z INFO  benchmark_client] Sending sample transaction 409
[2026-09-09T15:46:07.479Z INFO  benchmark_client] Sending sample transaction 410
[2026-09-09T15:46:07.529Z INFO  benchmark_client] Sending sample transaction 411
[2026-09-09T15:46:07.579Z INFO  benchmark_client] Sending sample transaction 412
[2026-09-09T15:46:07.629Z INFO  benchmark_client] Sending sample transaction 413
[2026-09-09T15:46:07.679Z INFO  benchmark_client] Sending sample transaction 414
[2026-09-09T15:46:07.730Z INFO  benchmark_client] Sending sample transaction 415
[2026-09-09T15:46:07.781Z INFO  benchmark_client] Sending sample transaction 416
[2026-09-09T15:46:07.830Z INFO  benchmark_client] Sending sample transaction 417
[2026-09-09T15:46:07.879Z INFO  benchmark_client] Sending sample transaction 418
[2026-09-09T15:46:07.929Z INFO  benchmark_client] Sending sample transaction 419
[2026-09-09T15:46:07.979Z INFO  benchmark_client] Sending sample transaction 420
[2026-09-09T15:46:08.033Z INFO  benchmark_client] Sending sample transaction 421
[2026-09-09T15:46:08.079Z INFO  benchmark_client] Sending sample transaction 422
[2026-09-09T15:46:08.129Z INFO  benchmark_client] Sending sample transaction 423
[2026-09-09T15:46:08.182Z INFO  benchmark_client] Sending sample transaction 424
[2026-09-09T15:46:08.229Z INFO  benchmark_client] Sending sample transaction 425
[2026-09-09T15:46:08.279Z INFO  benchmark_client] Sending sample transaction 426
[2026-09-09T15:46:08.329Z INFO  benchmark_client] Sending sample transaction 427
[2026-09-09T15:46:08.380Z INFO  benchmark_client] Sending sample transaction 428
[2026-09-09T15:46:08.429Z INFO  benchmark_client] Sending sample transaction 429
[2026-09-09T15:46:08.479Z INFO  benchmark_client] Sending sample transaction 430
[2026-09-09T15:46:08.529Z INFO  benchmark_client] Sending sample transaction 431
[2026-09-09T15:46:08.580Z INFO  benchmark_client] Sending sample transaction 432
[2026-09-09T15:46:08.629Z INFO  benchmark_client] Sending sample transaction 433
[2026-09-09T15:46:08.680Z INFO  benchmark_client] Sending sample transaction 434
[2026-09-09T15:46:08.729Z INFO  benchmark_client] Sending sample transaction 435
[2026-09-09T15:46:08.779Z INFO  benchmark_client] Sending sample transaction 436
[2026-09-09T15:46:08.829Z INFO  benchmark_client] Sending sample transaction 437
[2026-09-09T15:46:08.879Z INFO  benchmark_client] Sending sample transaction 438
[2026-09-09T15:46:08.930Z INFO  benchmark_client] Sending sample transaction 439
[2026-09-09T15:46:08.979Z INFO  benchmark_client] Sending sample transaction 440
[2026-09-09T15:46:09.030Z INFO  benchmark_client] Sending sample transaction 441
[2026-09-09T15:46:09.080Z INFO  benchmark_client] Sending sample transaction 442
[2026-09-09T15:46:09.129Z INFO  benchmark_client] Sending sample transaction 443
[2026-09-09T15:46:09.179Z INFO  benchmark_client] Sending sample transaction 444
[2026-09-09T15:46:09.231Z INFO  benchmark_client] Sending sample transaction 445
[2026-09-09T15:46:09.280Z INFO  benchmark_client] Sending sample transaction 446
[2026-09-09T15:46:09.330Z INFO  benchmark_client] Sending sample transaction 447
[2026-09-09T15:46:09.380Z INFO  benchmark_client] Sending sample transaction 448
[2026-09-09T15:46:09.429Z INFO  benchmark_client] Sending sample transaction 449
[2026-09-09T15:46:09.483Z INFO  benchmark_client] Sending sample transaction 450
[2026-09-09T15:46:09.532Z INFO  benchmark_client] Sending sample transaction 451
[2026-09-09T15:46:09.582Z INFO  benchmark_client] Sending sample transaction 452
[2026-09-09T15:46:09.629Z INFO  benchmark_client] Sending sample transaction 453
[2026-09-09T15:46:09.679Z INFO  benchmark_client] Sending sample transaction 454
[2026-09-09T15:46:09.729Z INFO  benchmark_client] Sending sample transaction 455
[2026-09-09T15:46:09.779Z INFO  benchmark_client] Sending sample transaction 456
[2026-09-09T15:46:09.831Z INFO  benchmark_client] Sending sample transaction 457
[2026-09-09T15:46:09.880Z INFO  benchmark_client] Sending sample transaction 458
[2026-09-09T15:46:09.930Z INFO  benchmark_client] Sending sample transaction 459
[2026-09-09T15:46:09.979Z INFO  benchmark_client] Sending sample transaction 460
[2026-09-09T15:46:10.031Z INFO  benchmark_client] Sending sample transaction 461
[2026-09-09T15:46:10.079Z INFO  benchmark_client] Sending sample transaction 462
[2026-09-09T15:46:10.131Z INFO  benchmark_client] Sending sample transaction 463
[2026-09-09T15:46:10.181Z INFO  benchmark_client] Sending sample transaction 464
[2026-09-09T15:46:10.229Z INFO  benchmark_client] Sending sample transaction 465
[2026-09-09T15:46:10.279Z INFO  benchmark_client] Sending sample transaction 466
[2026-09-09T15:46:10.330Z INFO  benchmark_client] Sending sample transaction 467
[2026-09-09T15:46:10.379Z INFO  benchmark_client] Sending sample transaction 468
[2026-09-09T15:46:10.430Z INFO  benchmark_client] Sending sample transaction 469
[2026-09-09T15:46:10.481Z INFO  benchmark_client] Sending sample transaction 470
[2026-09-09T15:46:10.529Z INFO  benchmark_client] Sending sample transaction 471
[2026-09-09T15:46:10.579Z INFO  benchmark_client] Sending sample transaction 472
[2026-09-09T15:46:10.631Z INFO  benchmark_client] Sending sample transaction 473
[2026-09-09T15:46:10.683Z INFO  benchmark_client] Sending sample transaction 474
[2026-09-09T15:46:10.731Z INFO  benchmark_client] Sending sample transaction 475
[2026-09-09T15:46:10.780Z INFO  benchmark_client] Sending sample transaction 476
[2026-09-09T15:46:10.829Z INFO  benchmark_client] Sending sample transaction 477
[2026-09-09T15:46:10.879Z INFO  benchmark_client] Sending sample transaction 478
[2026-09-09T15:46:10.930Z INFO  benchmark_client] Sending sample transaction 479
[2026-09-09T15:46:10.980Z INFO  benchmark_client] Sending sample transaction 480
[2026-09-09T15:46:11.030Z INFO  benchmark_client] Sending sample transaction 481
[2026-09-09T15:46:11.079Z INFO  benchmark_client] Sending sample transaction 482
[2026-09-09T15:46:11.129Z INFO  benchmark_client] Sending sample transaction 483
[2026-09-09T15:46:11.179Z INFO  benchmark_client] Sending sample transaction 484
[2026-09-09T15:46:11.230Z INFO  benchmark_client] Sending sample transaction 485
[2026-09-09T15:46:11.280Z INFO  benchmark_client] Sending sample transaction 486
[2026-09-09T15:46:11.329Z INFO  benchmark_client] Sending sample transaction 487
[2026-09-09T15:46:11.379Z INFO  benchmark_client] Sending sample transaction 488
[2026-09-09T15:46:11.429Z INFO  benchmark_client] Sending sample transaction 489
[2026-09-09T15:46:11.479Z INFO  benchmark_client] Sending sample transaction 490
[2026-09-09T15:46:11.529Z INFO  benchmark_client] Sending sample transaction 491
[2026-09-09T15:46:11.579Z INFO  benchmark_client] Sending sample transaction 492
[2026-09-09T15:46:11.629Z INFO  benchmark_client] Sending sample transaction 493
[2026-09-09T15:46:11.679Z INFO  benchmark_client] Sending sample transaction 494
[2026-09-09T15:46:11.731Z INFO  benchmark_client] Sending sample transaction 495
[2026-09-09T15:46:11.779Z INFO  benchmark_client] Sending sample transaction 496
[2026-09-09T15:46:11.829Z INFO  benchmark_client] Sending sample transaction 497
[2026-09-09T15:46:11.879Z INFO  benchmark_client] Sending sample transaction 498
[2026-09-09T15:46:11.930Z INFO  benchmark_client] Sending sample transaction 499
[2026-09-09T15:46:11.979Z INFO  benchmark_client] Sending sample transaction 500
[2026-09-09T15:46:12.029Z INFO  benchmark_client] Sending sample transaction 501
[2026-09-09T15:46:12.079Z INFO  benchmark_client] Sending sample transaction 502
[2026-09-09T15:46:12.129Z INFO  benchmark_client] Sending sample transaction 503
[2026-09-09T15:46:12.180Z INFO  benchmark_client] Sending sample transaction 504
[2026-09-09T15:46:12.229Z INFO  benchmark_client] Sending sample transaction 505
[2026-09-09T15:46:12.279Z INFO  benchmark_client] Sending sample transaction 506
[2026-09-09T15:46:12.330Z INFO  benchmark_client] Sending sample transaction 507
[2026-09-09T15:46:12.379Z INFO  benchmark_client] Sending sample transaction 508
[2026-09-09T15:46:12.431Z INFO  benchmark_client] Sending sample transaction 509
[2026-09-09T15:46:12.479Z INFO  benchmark_client] Sending sample transaction 510
[2026-09-09T15:46:12.529Z INFO  benchmark_client] Sending sample transaction 511
[2026-09-09T15:46:12.581Z INFO  benchmark_client] Sending sample transaction 512
[2026-09-09T15:46:12.629Z INFO  benchmark_client] Sending sample transaction 513
[2026-09-09T15:46:12.679Z INFO  benchmark_client] Sending sample transaction 514
[2026-09-09T15:46:12.729Z INFO  benchmark_client] Sending sample transaction 515
[2026-09-09T15:46:12.779Z INFO  benchmark_client] Sending sample transaction 516
[2026-09-09T15:46:12.830Z INFO  benchmark_client] Sending sample transaction 517
[2026-09-09T15:46:12.879Z INFO  benchmark_client] Sending sample transaction 518
[2026-09-09T15:46:12.930Z INFO  benchmark_client] Sending sample transaction 519
[2026-09-09T15:46:12.980Z INFO  benchmark_client] Sending sample transaction 520
[2026-09-09T15:46:13.029Z INFO  benchmark_client] Sending sample transaction 521
[2026-09-09T15:46:13.082Z INFO  benchmark_client] Sending sample transaction 522
[2026-09-09T15:46:13.130Z INFO  benchmark_client] Sending sample transaction 523
[2026-09-09T15:46:13.179Z INFO  benchmark_client] Sending sample transaction 524
[2026-09-09T15:46:13.230Z INFO  benchmark_client] Sending sample transaction 525
[2026-09-09T15:46:13.279Z INFO  benchmark_client] Sending sample transaction 526
[2026-09-09T15:46:13.330Z INFO  benchmark_client] Sending sample transaction 527
[2026-09-09T15:46:13.379Z INFO  benchmark_client] Sending sample transaction 528
[2026-09-09T15:46:13.430Z INFO  benchmark_client] Sending sample transaction 529
[2026-09-09T15:46:13.480Z INFO  benchmark_client] Sending sample transaction 530
[2026-09-09T15:46:13.532Z INFO  benchmark_client] Sending sample transaction 531
[2026-09-09T15:46:13.580Z INFO  benchmark_client] Sending sample transaction 532
[2026-09-09T15:46:13.631Z INFO  benchmark_client] Sending sample transaction 533
[2026-09-09T15:46:13.681Z INFO  benchmark_client] Sending sample transaction 534
[2026-09-09T15:46:13.730Z INFO  benchmark_client] Sending sample transaction 535
[2026-09-09T15:46:13.779Z INFO  benchmark_client] Sending sample transaction 536
[2026-09-09T15:46:13.830Z INFO  benchmark_client] Sending sample transaction 537
[2026-09-09T15:46:13.880Z INFO  benchmark_client] Sending sample transaction 538
[2026-09-09T15:46:13.932Z INFO  benchmark_client] Sending sample transaction 539
[2026-09-09T15:46:13.981Z INFO  benchmark_client] Sending sample transaction 540
[2026-09-09T15:46:14.029Z INFO  benchmark_client] Sending sample transaction 541
[2026-09-09T15:46:14.080Z INFO  benchmark_client] Sending sample transaction 542
[2026-09-09T15:46:14.130Z INFO  benchmark_client] Sending sample transaction 543
[2026-09-09T15:46:14.181Z INFO  benchmark_client] Sending sample transaction 544
[2026-09-09T15:46:14.230Z INFO  benchmark_client] Sending sample transaction 545
[2026-09-09T15:46:14.282Z INFO  benchmark_client] Sending sample transaction 546
[2026-09-09T15:46:14.329Z INFO  benchmark_client] Sending sample transaction 547
[2026-09-09T15:46:14.379Z INFO  benchmark_client] Sending sample transaction 548
[2026-09-09T15:46:14.429Z INFO  benchmark_client] Sending sample transaction 549
[2026-09-09T15:46:14.481Z INFO  benchmark_client] Sending sample transaction 550
[2026-09-09T15:46:14.530Z INFO  benchmark_client] Sending sample transaction 551
[2026-09-09T15:46:14.583Z INFO  benchmark_client] Sending sample transaction 552
[2026-09-09T15:46:14.631Z INFO  benchmark_client] Sending sample transaction 553
[2026-09-09T15:46:14.682Z INFO  benchmark_client] Sending sample transaction 554
[2026-09-09T15:46:14.729Z INFO  benchmark_client] Sending sample transaction 555
[2026-09-09T15:46:14.785Z INFO  benchmark_client] Sending sample transaction 556
[2026-09-09T15:46:14.829Z INFO  benchmark_client] Sending sample transaction 557
[2026-09-09T15:46:14.881Z INFO  benchmark_client] Sending sample transaction 558
[2026-09-09T15:46:14.929Z INFO  benchmark_client] Sending sample transaction 559
[2026-09-09T15:46:14.979Z INFO  benchmark_client] Sending sample transaction 560
[2026-09-09T15:46:15.029Z INFO  benchmark_client] Sending sample transaction 561
[2026-09-09T15:46:15.079Z INFO  benchmark_client] Sending sample transaction 562
[2026-09-09T15:46:15.129Z INFO  benchmark_client] Sending sample transaction 563
[2026-09-09T15:46:15.179Z INFO  benchmark_client] Sending sample transaction 564
[2026-09-09T15:46:15.230Z INFO  benchmark_client] Sending sample transaction 565
[2026-09-09T15:46:15.279Z INFO  benchmark_client] Sending sample transaction 566
[2026-09-09T15:46:15.329Z INFO  benchmark_client] Sending sample transaction 567
[2026-09-09T15:46:15.379Z INFO  benchmark_client] Sending sample transaction 568
[2026-09-09T15:46:15.430Z INFO  benchmark_client] Sending sample transaction 569
[2026-09-09T15:46:15.480Z INFO  benchmark_client] Sending sample transaction 570
[2026-09-09T15:46:15.529Z INFO  benchmark_client] Sending sample transaction 571
[2026-09-09T15:46:15.579Z INFO  benchmark_client] Sending sample transaction 572
[2026-09-09T15:46:15.631Z INFO  benchmark_client] Sending sample transaction 573
[2026-09-09T15:46:15.680Z INFO  benchmark_client] Sending sample transaction 574
[2026-09-09T15:46:15.729Z INFO  benchmark_client] Sending sample transaction 575
[2026-09-09T15:46:15.780Z INFO  benchmark_client] Sending sample transaction 576
[2026-09-09T15:46:15.830Z INFO  benchmark_client] Sending sample transaction 577
[2026-09-09T15:46:15.879Z INFO  benchmark_client] Sending sample transaction 578
[2026-09-09T15:46:15.929Z INFO  benchmark_client] Sending sample transaction 579
[2026-09-09T15:46:15.979Z INFO  benchmark_client] Sending sample transaction 580
[2026-09-09T15:46:16.029Z INFO  benchmark_client] Sending sample transaction 581
[2026-09-09T15:46:16.080Z INFO  benchmark_client] Sending sample transaction 582
[2026-09-09T15:46:16.130Z INFO  benchmark_client] Sending sample transaction 583
[2026-09-09T15:46:16.181Z INFO  benchmark_client] Sending sample transaction 584
[2026-09-09T15:46:16.231Z INFO  benchmark_client] Sending sample transaction 585
[2026-09-09T15:46:16.280Z INFO  benchmark_client] Sending sample transaction 586
[2026-09-09T15:46:16.329Z INFO  benchmark_client] Sending sample transaction 587
[2026-09-09T15:46:16.380Z INFO  benchmark_client] Sending sample transaction 588
[2026-09-09T15:46:16.429Z INFO  benchmark_client] Sending sample transaction 589
[2026-09-09T15:46:16.481Z INFO  benchmark_client] Sending sample transaction 590
[2026-09-09T15:46:16.529Z INFO  benchmark_client] Sending sample transaction 591
[2026-09-09T15:46:16.580Z INFO  benchmark_client] Sending sample transaction 592
[2026-09-09T15:46:16.629Z INFO  benchmark_client] Sending sample transaction 593
[2026-09-09T15:46:16.679Z INFO  benchmark_client] Sending sample transaction 594
[2026-09-09T15:46:16.730Z INFO  benchmark_client] Sending sample transaction 595
[2026-09-09T15:46:16.780Z INFO  benchmark_client] Sending sample transaction 596
