[2026-09-09T15:45:47.093Z INFO  benchmark_client] Node address: 8.235.3.0:5033
[2026-09-09T15:45:47.093Z INFO  benchmark_client] Transactions size: 512 B
[2026-09-09T15:45:47.093Z INFO  benchmark_client] Transactions rate: 12000 tx/s
[2026-09-09T15:45:47.093Z INFO  benchmark_client] Waiting for all nodes to be online...
[2026-09-09T15:45:47.251Z INFO  benchmark_client] Start sending transactions
[2026-09-09T15:45:47.252Z INFO  benchmark_client] Sending sample transaction 0
[2026-09-09T15:45:47.302Z INFO  benchmark_client] Sending sample transaction 1
[2026-09-09T15:45:47.352Z INFO  benchmark_client] Sending sample transaction 2
[2026-09-09T15:45:47.402Z INFO  benchmark_client] Sending sample transaction 3
[2026-09-09T15:45:47.452Z INFO  benchmark_client] Sending sample transaction 4
[2026-09-09T15:45:47.503Z INFO  benchmark_client] Sending sample transaction 5
[2026-09-09T15:45:47.552Z INFO  benchmark_client] Sending sample transaction 6
[2026-09-09T15:45:47.603Z INFO  benchmark_client] Sending sample transaction 7
[2026-09-09T15:45:47.652Z INFO  benchmark_client] Sending sample transaction 8
[2026-09-09T15:45:47.702Z INFO  benchmark_client] Sending sample transaction 9
[2026-09-09T15:45:47.752Z INFO  benchmark_client] Sending sample transaction 10
[2026-09-09T15:45:47.803Z INFO  benchmark_client] Sending sample transaction 11
[2026-09-09T15:45:47.853Z INFO  benchmark_client] Sending sample transaction 12
[2026-09-09T15:45:47.902Z INFO  benchmark_client] Sending sample transaction 13
[2026-09-09T15:45:47.952Z INFO  benchmark_client] Sending sample transaction 14
[2026-09-09T15:45:48.002Z INFO  benchmark_client] Sending sample transaction 15
[2026-09-09T15:45:48.054Z INFO  benchmark_client] Sending sample transaction 16
[2026-09-09T15:45:48.102Z INFO  benchmark_client] Sending sample transaction 17
[2026-09-09T15:45:48.152Z INFO  benchmark_client] Sending sample transaction 18
[2026-09-09T15:45:48.202Z INFO  benchmark_client] Sending sample transaction 19
[2026-09-09T15:45:48.253Z INFO  benchmark_client] Sending sample transaction 20
[2026-09-09T15:45:48.304Z INFO  benchmark_client] Sending sample transaction 21
[2026-09-09T15:45:48.352Z INFO  benchmark_client] Sending sample transaction 22
[2026-09-09T15:45:48.402Z INFO  benchmark_client] Sending sample transaction 23
[2026-09-09T15:45:48.452Z INFO  benchmark_client] Sending sample transaction 24
[2026-09-09T15:45:48.502Z INFO  benchmark_client] Sending sample transaction 25
[2026-09-09T15:45:48.552Z INFO  benchmark_client] Sending sample transaction 26
[2026-09-09T15:45:48.602Z INFO  benchmark_client] Sending sample transaction 27
[2026-09-09T15:45:48.652Z INFO  benchmark_client] Sending sample transaction 28
[2026-09-09T15:45:48.704Z INFO  benchmark_client] Sending sample transaction 29
[2026-09-09T15:45:48.752Z INFO  benchmark_client] Sending sample transaction 30
[2026-09-09T15:45:48.803Z INFO  benchmark_client] Sending sample transaction 31
[2026-09-09T15:45:48.852Z INFO  benchmark_client] Sending sample transaction 32
[2026-09-09T15:45:48.902Z INFO  benchmark_client] Sending sample transaction 33
[2026-09-09T15:45:48.952Z INFO  benchmark_client] Sending sample transaction 34
[2026-09-09T15:45:49.002Z INFO  benchmark_client] Sending sample transaction 35
[2026-09-09T15:45:49.052Z INFO  benchmark_client] Sending sample transaction 36
[2026-09-09T15:45:49.102Z INFO  benchmark_client] Sending sample transaction 37
[2026-09-09T15:45:49.152Z INFO  benchmark_client] Sending sample transaction 38
[2026-09-09T15:45:49.203Z INFO  benchmark_client] Sending sample transaction 39
[2026-09-09T15:45:49.253Z INFO  benchmark_client] Sending sample transaction 40
[2026-09-09T15:45:49.302Z INFO  benchmark_client] Sending sample transaction 41
[2026-09-09T15:45:49.354Z INFO  benchmark_client] Sending sample transaction 42
[2026-09-09T15:45:49.402Z INFO  benchmark_client] Sending sample transaction 43
[2026-09-09T15:45:49.453Z INFO  benchmark_client] Sending sample transaction 44
[2026-09-09T15:45:49.502Z INFO  benchmark_client] Sending sample transaction 45
[2026-09-09T15:45:49.552Z INFO  benchmark_client] Sending sample transaction 46
[2026-09-09T15:45:49.604Z INFO  benchmark_client] Sending sample transaction 47
[2026-09-09T15:45:49.652Z INFO  benchmark_client] Sending sample transaction 48
[2026-09-09T15:45:49.703Z INFO  benchmark_client] Sending sample transaction 49
[2026-09-09T15:45:49.754Z INFO  benchmark_client] Sending sample transaction 50
[2026-09-09T15:45:49.805Z INFO  benchmark_client] Sending sample transaction 51
[2026-09-09T15:45:49.852Z INFO  benchmark_client] Sending sample transaction 52
[2026-09-09T15:45:49.902Z INFO  benchmark_client] Sending sample transaction 53
[2026-09-09T15:45:49.952Z INFO  benchmark_client] Sending sample transaction 54
[2026-09-09T15:45:50.002Z INFO  benchmark_client] Sending sample transaction 55
[2026-09-09T15:45:50.053Z INFO  benchmark_client] Sending sample transaction 56
[2026-09-09T15:45:50.103Z INFO  benchmark_client] Sending sample transaction 57
[2026-09-09T15:45:50.152Z INFO  benchmark_client] Sending sample transaction 58
[2026-09-09T15:45:50.202Z INFO  benchmark_client] Sending sample transaction 59
[2026-09-09T15:45:50.253Z INFO  benchmark_client] Sending sample transaction 60
[2026-09-09T15:45:50.302Z INFO  benchmark_client] Sending sample transaction 61
[2026-09-09T15:45:50.352Z INFO  benchmark_client] Sending sample transaction 62
[2026-09-09T15:45:50.402Z INFO  benchmark_client] Sending sample transaction 63
[2026-09-09T15:45:50.452Z INFO  benchmark_client] Sending sample transaction 64
[2026-09-09T15:45:50.502Z INFO  benchmark_client] Sending sample transaction 65
[2026-09-09T15:45:50.552Z INFO  benchmark_client] Sending sample transaction 66
[2026-09-09T15:45:50.603Z INFO  benchmark_client] Sending sample transaction 67
[2026-09-09T15:45:50.652Z INFO  benchmark_client] Sending sample transaction 68
[2026-09-09T15:45:50.702Z INFO  benchmark_client] Sending sample transaction 69
[2026-09-09T15:45:50.752Z INFO  benchmark_client] Sending sample transaction 70
[2026-09-09T15:45:50.804Z INFO  benchmark_client] Sending sample transaction 71
[2026-09-09T15:45:50.852Z INFO  benchmark_client] Sending sample transaction 72
[2026-09-09T15:45:50.902Z INFO  benchmark_client] Sending sample transaction 73
[2026-09-09T15:45:50.952Z INFO  benchmark_client] Sending sample transaction 74
[2026-09-09T15:45:51.002Z INFO  benchmark_client] Sending sample transaction 75
[2026-09-09T15:45:51.054Z INFO  benchmark_client] Sending sample transaction 76
[2026-09-09T15:45:51.103Z INFO  benchmark_client] Sending sample transaction 77
[2026-09-09T15:45:51.152Z INFO  benchmark_client] Sending sample transaction 78
[2026-09-09T15:45:51.202Z INFO  benchmark_client] Sending sample transaction 79
[2026-09-09T15:45:51.253Z INFO  benchmark_client] Sending sample transaction 80
[2026-09-09T15:45:51.302Z INFO  benchmark_client] Sending sample transaction 81
[2026-09-09T15:45:51.352Z INFO  benchmark_client] Sending sample transaction 82
[2026-09-09T15:45:51.402Z INFO  benchmark_client] Sending sample transaction 83
[2026-09-09T15:45:51.452Z INFO  benchmark_client] Sending sample transaction 84
[2026-09-09T15:45:51.502Z INFO  benchmark_client] Sending sample transaction 85
[2026-09-09T15:45:51.552Z INFO  benchmark_client] Sending sample transaction 86
[2026-09-09T15:45:51.602Z INFO  benchmark_client] Sending sample transaction 87
[2026-09-09T15:45:51.652Z INFO  benchmark_client] Sending sample transaction 88
[2026-09-09T15:45:51.702Z INFO  benchmark_client] Sending sample transaction 89
[2026-09-09T15:45:51.752Z INFO  benchmark_client] Sending sample transaction 90
[2026-09-09T15:45:51.803Z INFO  benchmark_client] Sending sample transaction 91
[2026-09-09T15:45:51.855Z INFO  benchmark_client] Sending sample transaction 92
[2026-09-09T15:45:51.902Z INFO  benchmark_client] Sending sample transaction 93
[2026-09-09T15:45:51.955Z INFO  benchmark_client] Sending sample transaction 94
[2026-09-09T15:45:52.002Z INFO  benchmark_client] Sending sample transaction 95
[2026-09-09T15:45:52.053Z INFO  benchmark_client] Sending sample transaction 96
[2026-09-09T15:45:52.102Z INFO  benchmark_client] Sending sample transaction 97
[2026-09-09T15:45:52.153Z INFO  benchmark_client] Sending sample transaction 98
[2026-09-09T15:45:52.203Z INFO  benchmark_client] Sending sample transaction 99
[2026-09-09T15:45:52.252Z INFO  benchmark_client] Sending sample transaction 100
[2026-09-09T15:45:52.306Z INFO  benchmark_client] Sending sample transaction 101
[2026-09-09T15:45:52.353Z INFO  benchmark_client] Sending sample transaction 102
[2026-09-09T15:45:52.402Z INFO  benchmark_client] Sending sample transaction 103
[2026-09-09T15:45:52.452Z INFO  benchmark_client] Sending sample transaction 104
[2026-09-09T15:45:52.502Z INFO  benchmark_client] Sending sample transaction 105
[2026-09-09T15:45:52.553Z INFO  benchmark_client] Sending sample transaction 106
[2026-09-09T15:45:52.602Z INFO  benchmark_client] Sending sample transaction 107
[2026-09-09T15:45:52.652Z INFO  benchmark_client] Sending sample transaction 108
[2026-09-09T15:45:52.702Z INFO  benchmark_client] Sending sample transaction 109
[2026-09-09T15:45:52.752Z INFO  benchmark_client] Sending sample transaction 110
[2026-09-09T15:45:52.803Z INFO  benchmark_client] Sending sample transaction 111
[2026-09-09T15:45:52.853Z INFO  benchmark_client] Sending sample transaction 112
[2026-09-09T15:45:52.903Z INFO  benchmark_client] Sending sample transaction 113
[2026-09-09T15:45:52.952Z INFO  benchmark_client] Sending sample transaction 114
[2026-09-09T15:45:53.002Z INFO  benchmark_client] Sending sample transaction 115
[2026-09-09T15:45:53.052Z INFO  benchmark_client] Sending sample transaction 116
[2026-09-09T15:45:53.102Z INFO  benchmark_client] Sending sample transaction 117
[2026-09-09T15:45:53.153Z INFO  benchmark_client] Sending sample transaction 118
[2026-09-09T15:45:53.202Z INFO  benchmark_client] Sending sample transaction 119
[2026-09-09T15:45:53.252Z INFO  benchmark_client] Sending sample transaction 120
[2026-09-09T15:45:53.304Z INFO  benchmark_client] Sending sample transaction 121
[2026-09-09T15:45:53.352Z INFO  benchmark_client] Sending sample transaction 122
[2026-09-09T15:45:53.402Z INFO  benchmark_client] Sending sample transaction 123
[2026-09-09T15:45:53.457Z INFO  benchmark_client] Sending sample transaction 124
[2026-09-09T15:45:53.502Z INFO  benchmark_client] Sending sample transaction 125
[2026-09-09T15:45:53.552Z INFO  benchmark_client] Sending sample transaction 126
[2026-09-09T15:45:53.602Z INFO  benchmark_client] Sending sample transaction 127
[2026-09-09T15:45:53.653Z INFO  benchmark_client] Sending sample transaction 128
[2026-09-09T15:45:53.703Z INFO  benchmark_client] Sending sample transaction 129
[2026-09-09T15:45:53.752Z INFO  benchmark_client] Sending sample transaction 130
[2026-09-09T15:45:53.802Z INFO  benchmark_client] Sending sample transaction 131
[2026-09-09T15:45:53.853Z INFO  benchmark_client] Sending sample transaction 132
[2026-09-09T15:45:53.903Z INFO  benchmark_client] Sending sample transaction 133
[2026-09-09T15:45:53.953Z INFO  benchmark_client] Sending sample transaction 134
[2026-09-09T15:45:54.002Z INFO  benchmark_client] Sending sample transaction 135
[2026-09-09T15:45:54.055Z INFO  benchmark_client] Sending sample transaction 136
[2026-09-09T15:45:54.104Z INFO  benchmark_client] Sending sample transaction 137
[2026-09-09T15:45:54.153Z INFO  benchmark_client] Sending sample transaction 138
[2026-09-09T15:45:54.203Z INFO  benchmark_client] Sending sample transaction 139
[2026-09-09T15:45:54.252Z INFO  benchmark_client] Sending sample transaction 140
[2026-09-09T15:45:54.306Z INFO  benchmark_client] Sending sample transaction 141
[2026-09-09T15:45:54.352Z INFO  benchmark_client] Sending sample transaction 142
[2026-09-09T15:45:54.403Z INFO  benchmark_client] Sending sample transaction 143
[2026-09-09T15:45:54.452Z INFO  benchmark_client] Sending sample transaction 144
[2026-09-09T15:45:54.502Z INFO  benchmark_client] Sending sample transaction 145
[2026-09-09T15:45:54.552Z INFO  benchmark_client] Sending sample transaction 146
[2026-09-09T15:45:54.602Z INFO  benchmark_client] Sending sample transaction 147
[2026-09-09T15:45:54.652Z INFO  benchmark_client] Sending sample transaction 148
[2026-09-09T15:45:54.704Z INFO  benchmark_client] Sending sample transaction 149
[2026-09-09T15:45:54.752Z INFO  benchmark_client] Sending sample transaction 150
[2026-09-09T15:45:54.802Z INFO  benchmark_client] Sending sample transaction 151
[2026-09-09T15:45:54.853Z INFO  benchmark_client] Sending sample transaction 152
[2026-09-09T15:45:54.902Z INFO  benchmark_client] Sending sample transaction 153
[2026-09-09T15:45:54.952Z INFO  benchmark_client] Sending sample transaction 154
[2026-09-09T15:45:55.003Z INFO  benchmark_client] Sending sample transaction 155
[2026-09-09T15:45:55.052Z INFO  benchmark_client] Sending sample transaction 156
[2026-09-09T15:45:55.102Z INFO  benchmark_client] Sending sample transaction 157
[2026-09-09T15:45:55.153Z INFO  benchmark_client] Sending sample transaction 158
[2026-09-09T15:45:55.202Z INFO  benchmark_client] Sending sample transaction 159
[2026-09-09T15:45:55.252Z INFO  benchmark_client] Sending sample transaction 160
[2026-09-09T15:45:55.302Z INFO  benchmark_client] Sending sample transaction 161
[2026-09-09T15:45:55.353Z INFO  benchmark_client] Sending sample transaction 162
[2026-09-09T15:45:55.402Z INFO  benchmark_client] Sending sample transaction 163
[2026-09-09T15:45:55.452Z INFO  benchmark_client] Sending sample transaction 164
[2026-09-09T15:45:55.502Z INFO  benchmark_client] Sending sample transaction 165
[2026-09-09T15:45:55.552Z INFO  benchmark_client] Sending sample transaction 166
[2026-09-09T15:45:55.602Z INFO  benchmark_client] Sending sample transaction 167
[2026-09-09T15:45:55.652Z INFO  benchmark_client] Sending sample transaction 168
[2026-09-09T15:45:55.702Z INFO  benchmark_client] Sending sample transaction 169
[2026-09-09T15:45:55.752Z INFO  benchmark_client] Sending sample transaction 170
[2026-09-09T15:45:55.802Z INFO  benchmark_client] Sending sample transaction 171
[2026-09-09T15:45:55.853Z INFO  benchmark_client] Sending sample transaction 172
[2026-09-09T15:45:55.903Z INFO  benchmark_client] Sending sample transaction 173
[2026-09-09T15:45:55.952Z INFO  benchmark_client] Sending sample transaction 174
[2026-09-09T15:45:56.003Z INFO  benchmark_client] Sending sample transaction 175
[2026-09-09T15:45:56.054Z INFO  benchmark_client] Sending sample transaction 176
[2026-09-09T15:45:56.102Z INFO  benchmark_client] Sending sample transaction 177
[2026-09-09T15:45:56.153Z INFO  benchmark_client] Sending sample transaction 178
[2026-09-09T15:45:56.202Z INFO  benchmark_client] Sending sample transaction 179
[2026-09-09T15:45:56.254Z INFO  benchmark_client] Sending sample transaction 180
[2026-09-09T15:45:56.302Z INFO  benchmark_client] Sending sample transaction 181
[2026-09-09T15:45:56.353Z INFO  benchmark_client] Sending sample transaction 182
[2026-09-09T15:45:56.404Z INFO  benchmark_client] Sending sample transaction 183
[2026-09-09T15:45:56.456Z INFO  benchmark_client] Sending sample transaction 184
[2026-09-09T15:45:56.505Z INFO  benchmark_client] Sending sample transaction 185
[2026-09-09T15:45:56.553Z INFO  benchmark_client] Sending sample transaction 186
[2026-09-09T15:45:56.604Z INFO  benchmark_client] Sending sample transaction 187
[2026-09-09T15:45:56.658Z INFO  benchmark_client] Sending sample transaction 188
[2026-09-09T15:45:56.705Z INFO  benchmark_client] Sending sample transaction 189
[2026-09-09T15:45:56.752Z INFO  benchmark_client] Sending sample transaction 190
[2026-09-09T15:45:56.804Z INFO  benchmark_client] Sending sample transaction 191
[2026-09-09T15:45:56.853Z INFO  benchmark_client] Sending sample transaction 192
[2026-09-09T15:45:56.902Z INFO  benchmark_client] Sending sample transaction 193
[2026-09-09T15:45:56.953Z INFO  benchmark_client] Sending sample transaction 194
[2026-09-09T15:45:57.003Z INFO  benchmark_client] Sending sample transaction 195
[2026-09-09T15:45:57.052Z INFO  benchmark_client] Sending sample transaction 196
[2026-09-09T15:45:57.103Z INFO  benchmark_client] Sending sample transaction 197
[2026-09-09T15:45:57.153Z INFO  benchmark_client] Sending sample transaction 198
[2026-09-09T15:45:57.203Z INFO  benchmark_client] Sending sample transaction 199
[2026-09-09T15:45:57.253Z INFO  benchmark_client] Sending sample transaction 200
[2026-09-09T15:45:57.307Z INFO  benchmark_client] Sending sample transaction 201
[2026-09-09T15:45:57.355Z INFO  benchmark_client] Sending sample transaction 202
[2026-09-09T15:45:57.402Z INFO  benchmark_client] Sending sample transaction 203
[2026-09-09T15:45:57.453Z INFO  benchmark_client] Sending sample transaction 204
[2026-09-09T15:45:57.503Z INFO  benchmark_client] Sending sample transaction 205
[2026-09-09T15:45:57.552Z INFO  benchmark_client] Sending sample transaction 206
[2026-09-09T15:45:57.603Z INFO  benchmark_client] Sending sample transaction 207
[2026-09-09T15:45:57.653Z INFO  benchmark_client] Sending sample transaction 208
[2026-09-09T15:45:57.702Z INFO  benchmark_client] Sending sample transaction 209
[2026-09-09T15:45:57.753Z INFO  benchmark_client] Sending sample transaction 210
[2026-09-09T15:45:57.802Z INFO  benchmark_client] Sending sample transaction 211
[2026-09-09T15:45:57.852Z INFO  benchmark_client] Sending sample transaction 212
[2026-09-09T15:45:57.903Z INFO  benchmark_client] Sending sample transaction 213
[2026-09-09T15:45:57.952Z INFO  benchmark_client] Sending sample transaction 214
[2026-09-09T15:45:58.002Z INFO  benchmark_client] Sending sample transaction 215
[2026-09-09T15:45:58.053Z INFO  benchmark_client] Sending sample transaction 216
[2026-09-09T15:45:58.103Z INFO  benchmark_client] Sending sample transaction 217
[2026-09-09T15:45:58.153Z INFO  benchmark_client] Sending sample transaction 218
[2026-09-09T15:45:58.202Z INFO  benchmark_client] Sending sample transaction 219
[2026-09-09T15:45:58.253Z INFO  benchmark_client] Sending sample transaction 220
[2026-09-09T15:45:58.303Z INFO  benchmark_client] Sending sample transaction 221
[2026-09-09T15:45:58.355Z INFO  benchmark_client] Sending sample transaction 222
[2026-09-09T15:45:58.403Z INFO  benchmark_client] Sending sample transaction 223
[2026-09-09T15:45:58.452Z INFO  benchmark_client] Sending sample transaction 224
[2026-09-09T15:45:58.503Z INFO  benchmark_client] Sending sample transaction 225
[2026-09-09T15:45:58.552Z INFO  benchmark_client] Sending sample transaction 226
[2026-09-09T15:45:58.602Z INFO  benchmark_client] Sending sample transaction 227
[2026-09-09T15:45:58.653Z INFO  benchmark_client] Sending sample transaction 228
[2026-09-09T15:45:58.702Z INFO  benchmark_client] Sending sample transaction 229
[2026-09-09T15:45:58.752Z INFO  benchmark_client] Sending sample transaction 230
[2026-09-09T15:45:58.802Z INFO  benchmark_client] Sending sample transaction 231
[2026-09-09T15:45:58.853Z INFO  benchmark_client] Sending sample transaction 232
[2026-09-09T15:45:58.903Z INFO  benchmark_client] Sending sample transaction 233
[2026-09-09T15:45:58.952Z INFO  benchmark_client] Sending sample transaction 234
[2026-09-09T15:45:59.003Z INFO  benchmark_client] Sending sample transaction 235
[2026-09-09T15:45:59.053Z INFO  benchmark_client] Sending sample transaction 236
[2026-09-09T15:45:59.103Z INFO  benchmark_client] Sending sample transaction 237
[2026-09-09T15:45:59.153Z INFO  benchmark_client] Sending sample transaction 238
[2026-09-09T15:45:59.202Z INFO  benchmark_client] Sending sample transaction 239
[2026-09-09T15:45:59.253Z INFO  benchmark_client] Sending sample transaction 240
[2026-09-09T15:45:59.303Z INFO  benchmark_client] Sending sample transaction 241
[2026-09-09T15:45:59.352Z INFO  benchmark_client] Sending sample transaction 242
[2026-09-09T15:45:59.403Z INFO  benchmark_client] Sending sample transaction 243
[2026-09-09T15:45:59.453Z INFO  benchmark_client] Sending sample transaction 244
[2026-09-09T15:45:59.503Z INFO  benchmark_client] Sending sample transaction 245
[2026-09-09T15:45:59.553Z INFO  benchmark_client] Sending sample transaction 246
[2026-09-09T15:45:59.603Z INFO  benchmark_client] Sending sample transaction 247
[2026-09-09T15:45:59.653Z INFO  benchmark_client] Sending sample transaction 248
[2026-09-09T15:45:59.703Z INFO  benchmark_client] Sending sample transaction 249
[2026-09-09T15:45:59.755Z INFO  benchmark_client] Sending sample transaction 250
[2026-09-09T15:45:59.802Z INFO  benchmark_client] Sending sample transaction 251
[2026-09-09T15:45:59.852Z INFO  benchmark_client] Sending sample transaction 252
[2026-09-09T15:45:59.903Z INFO  benchmark_client] Sending sample transaction 253
[2026-09-09T15:45:59.952Z INFO  benchmark_client] Sending sample transaction 254
[2026-09-09T15:46:00.003Z INFO  benchmark_client] Sending sample transaction 255
[2026-09-09T15:46:00.053Z INFO  benchmark_client] Sending sample transaction 256
[2026-09-09T15:46:00.103Z INFO  benchmark_client] Sending sample transaction 257
[2026-09-09T15:46:00.154Z INFO  benchmark_client] Sending sample transaction 258
[2026-09-09T15:46:00.203Z INFO  benchmark_client] Sending sample transaction 259
[2026-09-09T15:46:00.253Z INFO  benchmark_client] Sending sample transaction 260
[2026-09-09T15:46:00.303Z INFO  benchmark_client] Sending sample transaction 261
[2026-09-09T15:46:00.352Z INFO  benchmark_client] Sending sample transaction 262
[2026-09-09T15:46:00.403Z INFO  benchmark_client] Sending sample transaction 263
[2026-09-09T15:46:00.452Z INFO  benchmark_client] Sending sample transaction 264
[2026-09-09T15:46:00.503Z INFO  benchmark_client] Sending sample transaction 265
[2026-09-09T15:46:00.554Z INFO  benchmark_client] Sending sample transaction 266
[2026-09-09T15:46:00.603Z INFO  benchmark_client] Sending sample transaction 267
[2026-09-09T15:46:00.654Z INFO  benchmark_client] Sending sample transaction 268
[2026-09-09T15:46:00.703Z INFO  benchmark_client] Sending sample transaction 269
[2026-09-09T15:46:00.753Z INFO  benchmark_client] Sending sample transaction 270
[2026-09-09T15:46:00.803Z INFO  benchmark_client] Sending sample transaction 271
[2026-09-09T15:46:00.853Z INFO  benchmark_client] Sending sample transaction 272
[2026-09-09T15:46:00.903Z INFO  benchmark_client] Sending sample transaction 273
[2026-09-09T15:46:00.955Z INFO  benchmark_client] Sending sample transaction 274
[2026-09-09T15:46:01.003Z INFO  benchmark_client] Sending sample transaction 275
[2026-09-09T15:46:01.055Z INFO  benchmark_client] Sending sample transaction 276
[2026-09-09T15:46:01.103Z INFO  benchmark_client] Sending sample transaction 277
[2026-09-09T15:46:01.153Z INFO  benchmark_client] Sending sample transaction 278
[2026-09-09T15:46:01.203Z INFO  benchmark_client] Sending sample transaction 279
[2026-09-09T15:46:01.253Z INFO  benchmark_client] Sending sample transaction 280
[2026-09-09T15:46:01.304Z INFO  benchmark_client] Sending sample transaction 281
[2026-09-09T15:46:01.353Z INFO  benchmark_client] Sending sample transaction 282
[2026-09-09T15:46:01.404Z INFO  benchmark_client] Sending sample transaction 283
[2026-09-09T15:46:01.453Z INFO  benchmark_client] Sending sample transaction 284
[2026-09-09T15:46:01.503Z INFO  benchmark_client] Sending sample transaction 285
[2026-09-09T15:46:01.555Z INFO  benchmark_client] Sending sample transaction 286
[2026-09-09T15:46:01.603Z INFO  benchmark_client] Sending sample transaction 287
[2026-09-09T15:46:01.653Z INFO  benchmark_client] Sending sample transaction 288
[2026-09-09T15:46:01.707Z INFO  benchmark_client] Sending sample transaction 289
[2026-09-09T15:46:01.754Z INFO  benchmark_client] Sending sample transaction 290
[2026-09-09T15:46:01.803Z INFO  benchmark_client] Sending sample transaction 291
[2026-09-09T15:46:01.853Z INFO  benchmark_client] Sending sample transaction 292
[2026-09-09T15:46:01.903Z INFO  benchmark_client] Sending sample transaction 293
[2026-09-09T15:46:01.953Z INFO  benchmark_client] Sending sample transaction 294
[2026-09-09T15:46:02.002Z INFO  benchmark_client] Sending sample transaction 295
[2026-09-09T15:46:02.053Z INFO  benchmark_client] Sending sample transaction 296
[2026-09-09T15:46:02.103Z INFO  benchmark_client] Sending sample transaction 297
[2026-09-09T15:46:02.153Z INFO  benchmark_client] Sending sample transaction 298
[2026-09-09T15:46:02.203Z INFO  benchmark_client] Sending sample transaction 299
[2026-09-09T15:46:02.253Z INFO  benchmark_client] Sending sample transaction 300
[2026-09-09T15:46:02.302Z INFO  benchmark_client] Sending sample transaction 301
[2026-09-09T15:46:02.353Z INFO  benchmark_client] Sending sample transaction 302
[2026-09-09T15:46:02.403Z INFO  benchmark_client] Sending sample transaction 303
[2026-09-09T15:46:02.453Z INFO  benchmark_client] Sending sample transaction 304
[2026-09-09T15:46:02.503Z INFO  benchmark_client] Sending sample transaction 305
[2026-09-09T15:46:02.553Z INFO  benchmark_client] Sending sample transaction 306
[2026-09-09T15:46:02.604Z INFO  benchmark_client] Sending sample transaction 307
[2026-09-09T15:46:02.653Z INFO  benchmark_client] Sending sample transaction 308
[2026-09-09T15:46:02.704Z INFO  benchmark_client] Sending sample transaction 309
[2026-09-09T15:46:02.753Z INFO  benchmark_client] Sending sample transaction 310
[2026-09-09T15:46:02.803Z INFO  benchmark_client] Sending sample transaction 311
[2026-09-09T15:46:02.853Z INFO  benchmark_client] Sending sample transaction 312
[2026-09-09T15:46:02.903Z INFO  benchmark_client] Sending sample transaction 313
[2026-09-09T15:46:02.953Z INFO  benchmark_client] Sending sample transaction 314
[2026-09-09T15:46:03.003Z INFO  benchmark_client] Sending sample transaction 315
[2026-09-09T15:46:03.053Z INFO  benchmark_client] Sending sample transaction 316
[2026-09-09T15:46:03.103Z INFO  benchmark_client] Sending sample transaction 317
[2026-09-09T15:46:03.153Z INFO  benchmark_client] Sending sample transaction 318
[2026-09-09T15:46:03.208Z INFO  benchmark_client] Sending sample transaction 319
[2026-09-09T15:46:03.253Z INFO  benchmark_client] Sending sample transaction 320
[2026-09-09T15:46:03.303Z INFO  benchmark_client] Sending sample transaction 321
[2026-09-09T15:46:03.353Z INFO  benchmark_client] Sending sample transaction 322
[2026-09-09T15:46:03.403Z INFO  benchmark_client] Sending sample transaction 323
[2026-09-09T15:46:03.453Z INFO  benchmark_client] Sending sample transaction 324
[2026-09-09T15:46:03.503Z INFO  benchmark_client] Sending sample transaction 325
[2026-09-09T15:46:03.553Z INFO  benchmark_client] Sending sample transaction 326
[2026-09-09T15:46:03.603Z INFO  benchmark_client] Sending sample transaction 327
[2026-09-09T15:46:03.653Z INFO  benchmark_client] Sending sample transaction 328
[2026-09-09T15:46:03.705Z INFO  benchmark_client] Sending sample transaction 329
[2026-09-09T15:46:03.753Z INFO  benchmark_client] Sending sample transaction 330
[2026-09-09T15:46:03.803Z INFO  benchmark_client] Sending sample transaction 331
[2026-09-09T15:46:03.853Z INFO  benchmark_client] Sending sample transaction 332
[2026-09-09T15:46:03.903Z INFO  benchmark_client] Sending sample transaction 333
[2026-09-09T15:46:03.953Z INFO  benchmark_client] Sending sample transaction 334
[2026-09-09T15:46:04.003Z INFO  benchmark_client] Sending sample transaction 335
[2026-09-09T15:46:04.053Z INFO  benchmark_client] Sending sample transaction 336
[2026-09-09T15:46:04.102Z INFO  benchmark_client] Sending sample transaction 337
[2026-09-09T15:46:04.153Z INFO  benchmark_client] Sending sample transaction 338
[2026-09-09T15:46:04.203Z INFO  benchmark_client] Sending sample transaction 339
[2026-09-09T15:46:04.253Z INFO  benchmark_client] Sending sample transaction 340
[2026-09-09T15:46:04.305Z INFO  benchmark_client] Sending sample transaction 341
[2026-09-09T15:46:04.353Z INFO  benchmark_client] Sending sample transaction 342
[2026-09-09T15:46:04.403Z INFO  benchmark_client] Sending sample transaction 343
[2026-09-09T15:46:04.452Z INFO  benchmark_client] Sending sample transaction 344
[2026-09-09T15:46:04.503Z INFO  benchmark_client] Sending sample transaction 345
[2026-09-09T15:46:04.553Z INFO  benchmark_client] Sending sample transaction 346
[2026-09-09T15:46:04.602Z INFO  benchmark_client] Sending sample transaction 347
[2026-09-09T15:46:04.653Z INFO  benchmark_client] Sending sample transaction 348
[2026-09-09T15:46:04.703Z INFO  benchmark_client] Sending sample transaction 349
[2026-09-09T15:46:04.753Z INFO  benchmark_client] Sending sample transaction 350
[2026-09-09T15:46:04.802Z INFO  benchmark_client] Sending sample transaction 351
[2026-09-09T15:46:04.855Z INFO  benchmark_client] Sending sample transaction 352
[2026-09-09T15:46:04.903Z INFO  benchmark_client] Sending sample transaction 353
[2026-09-09T15:46:04.954Z INFO  benchmark_client] Sending sample transaction 354
[2026-09-09T15:46:05.003Z INFO  benchmark_client] Sending sample transaction 355
[2026-09-09T15:46:05.053Z INFO  benchmark_client] Sending sample transaction 356
[2026-09-09T15:46:05.103Z INFO  benchmark_client] Sending sample transaction 357
[2026-09-09T15:46:05.153Z INFO  benchmark_client] Sending sample transaction 358
[2026-09-09T15:46:05.205Z INFO  benchmark_client] Sending sample transaction 359
[2026-09-09T15:46:05.253Z INFO  benchmark_client] Sending sample transaction 360
[2026-09-09T15:46:05.304Z INFO  benchmark_client] Sending sample transaction 361
[2026-09-09T15:46:05.353Z INFO  benchmark_client] Sending sample transaction 362
[2026-09-09T15:46:05.405Z INFO  benchmark_client] Sending sample transaction 363
[2026-09-09T15:46:05.453Z INFO  benchmark_client] Sending sample transaction 364
[2026-09-09T15:46:05.503Z INFO  benchmark_client] Sending sample transaction 365
[2026-09-09T15:46:05.553Z INFO  benchmark_client] Sending sample transaction 366
[2026-09-09T15:46:05.603Z INFO  benchmark_client] Sending sample transaction 367
[2026-09-09T15:46:05.653Z INFO  benchmark_client] Sending sample transaction 368
[2026-09-09T15:46:05.703Z INFO  benchmark_client] Sending sample transaction 369
[2026-09-09T15:46:05.753Z INFO  benchmark_client] Sending sample transaction 370
[2026-09-09T15:46:05.803Z INFO  benchmark_client] Sending sample transaction 371
[2026-09-09T15:46:05.853Z INFO  benchmark_client] Sending sample transaction 372
[2026-09-09T15:46:05.904Z INFO  benchmark_client] Sending sample transaction 373
[2026-09-09T15:46:05.953Z INFO  benchmark_client] Sending sample transaction 374
[2026-09-09T15:46:06.003Z INFO  benchmark_client] Sending sample transaction 375
[2026-09-09T15:46:06.054Z INFO  benchmark_client] Sending sample transaction 376
[2026-09-09T15:46:06.104Z INFO  benchmark_client] Sending sample transaction 377
[2026-09-09T15:46:06.158Z INFO  benchmark_client] Sending sample transaction 378
[2026-09-09T15:46:06.203Z INFO  benchmark_client] Sending sample transaction 379
[2026-09-09T15:46:06.257Z INFO  benchmark_client] Sending sample transaction 380
[2026-09-09T15:46:06.303Z INFO  benchmark_client] Sending sample transaction 381
[2026-09-09T15:46:06.353Z INFO  benchmark_client] Sending sample transaction 382
[2026-09-09T15:46:06.406Z INFO  benchmark_client] Sending sample transaction 383
[2026-09-09T15:46:06.454Z INFO  benchmark_client] Sending sample transaction 384
[2026-09-09T15:46:06.504Z INFO  benchmark_client] Sending sample transaction 385
[2026-09-09T15:46:06.553Z INFO  benchmark_client] Sending sample transaction 386
[2026-09-09T15:46:06.603Z INFO  benchmark_client] Sending sample transaction 387
[2026-09-09T15:46:06.653Z INFO  benchmark_client] Sending sample transaction 388
[2026-09-09T15:46:06.703Z INFO  benchmark_client] Sending sample transaction 389
[2026-09-09T15:46:06.756Z INFO  benchmark_client] Sending sample transaction 390
[2026-09-09T15:46:06.803Z INFO  benchmark_client] Sending sample transaction 391
[2026-09-09T15:46:06.853Z INFO  benchmark_client] Sending sample transaction 392
[2026-09-09T15:46:06.904Z INFO  benchmark_client] Sending sample transaction 393
[2026-09-09T15:46:06.954Z INFO  benchmark_client] Sending sample transaction 394
[2026-09-09T15:46:07.003Z INFO  benchmark_client] Sending sample transaction 395
[2026-09-09T15:46:07.053Z INFO  benchmark_client] Sending sample transaction 396
[2026-09-09T15:46:07.103Z INFO  benchmark_client] Sending sample transaction 397
[2026-09-09T15:46:07.154Z INFO  benchmark_client] Sending sample transaction 398
[2026-09-09T15:46:07.203Z INFO  benchmark_client] Sending sample transaction 399
[2026-09-09T15:46:07.253Z INFO  benchmark_client] Sending sample transaction 400
[2026-09-09T15:46:07.303Z INFO  benchmark_client] Sending sample transaction 401
[2026-09-09T15:46:07.353Z INFO  benchmark_client] Sending sample transaction 402
[2026-09-09T15:46:07.404Z INFO  benchmark_client] Sending sample transaction 403
[2026-09-09T15:46:07.453Z INFO  benchmark_client] Sending sample transaction 404
[2026-09-09T15:46:07.503Z INFO  benchmark_client] Sending sample transaction 405
[2026-09-09T15:46:07.553Z INFO  benchmark_client] Sending sample transaction 406
[2026-09-09T15:46:07.603Z INFO  benchmark_client] Sending sample transaction 407
[2026-09-09T15:46:07.653Z INFO  benchmark_client] Sending sample transaction 408
[2026-09-09T15:46:07.703Z INFO  benchmark_client] Sending sample transaction 409
[2026-09-09T15:46:07.753Z INFO  benchmark_client] Sending sample transaction 410
[2026-09-09T15:46:07.803Z INFO  benchmark_client] Sending sample transaction 411
[2026-09-09T15:46:07.853Z INFO  benchmark_client] Sending sample transaction 412
[2026-09-09T15:46:07.904Z INFO  benchmark_client] Sending sample transaction 413
[2026-09-09T15:46:07.953Z INFO  benchmark_client] Sending sample transaction 414
[2026-09-09T15:46:08.008Z INFO  benchmark_client] Sending sample transaction 415
[2026-09-09T15:46:08.054Z INFO  benchmark_client] Sending sample transaction 416
[2026-09-09T15:46:08.103Z INFO  benchmark_client] Sending sample transaction 417
[2026-09-09T15:46:08.153Z INFO  benchmark_client] Sending sample transaction 418
[2026-09-09T15:46:08.203Z INFO  benchmark_client] Sending sample transaction 419
[2026-09-09T15:46:08.253Z INFO  benchmark_client] Sending sample transaction 420
[2026-09-09T15:46:08.303Z INFO  benchmark_client] Sending sample transaction 421
[2026-09-09T15:46:08.353Z INFO  benchmark_client] Sending sample transaction 422
[2026-09-09T15:46:08.403Z INFO  benchmark_client] Sending sample transaction 423
[2026-09-09T15:46:08.453Z INFO  benchmark_client] Sending sample transaction 424
[2026-09-09T15:46:08.503Z INFO  benchmark_client] Sending sample transaction 425
[2026-09-09T15:46:08.554Z INFO  benchmark_client] Sending sample transaction 426
[2026-09-09T15:46:08.603Z INFO  benchmark_client] Sending sample transaction 427
[2026-09-09T15:46:08.653Z INFO  benchmark_client] Sending sample transaction 428
[2026-09-09T15:46:08.703Z INFO  benchmark_client] Sending sample transaction 429
[2026-09-09T15:46:08.755Z INFO  benchmark_client] Sending sample transaction 430
[2026-09-09T15:46:08.803Z INFO  benchmark_client] Sending sample transaction 431
[2026-09-09T15:46:08.853Z INFO  benchmark_client] Sending sample transaction 432
[2026-09-09T15:46:08.903Z INFO  benchmark_client] Sending sample transaction 433
[2026-09-09T15:46:08.954Z INFO  benchmark_client] Sending sample transaction 434
[2026-09-09T15:46:09.003Z INFO  benchmark_client] Sending sample transaction 435
[2026-09-09T15:46:09.053Z INFO  benchmark_client] Sending sample transaction 436
[2026-09-09T15:46:09.104Z INFO  benchmark_client] Sending sample transaction 437
[2026-09-09T15:46:09.153Z INFO  benchmark_client] Sending sample transaction 438
[2026-09-09T15:46:09.204Z INFO  benchmark_client] Sending sample transaction 439
[2026-09-09T15:46:09.256Z INFO  benchmark_client] Sending sample transaction 440
[2026-09-09T15:46:09.303Z INFO  benchmark_client] Sending sample transaction 441
[2026-09-09T15:46:09.353Z INFO  benchmark_client] Sending sample transaction 442
[2026-09-09T15:46:09.403Z INFO  benchmark_client] Sending sample transaction 443
[2026-09-09T15:46:09.455Z INFO  benchmark_client] Sending sample transaction 444
[2026-09-09T15:46:09.503Z INFO  benchmark_client] Sending sample transaction 445
[2026-09-09T15:46:09.553Z INFO  benchmark_client] Sending sample transaction 446
[2026-09-09T15:46:09.603Z INFO  benchmark_client] Sending sample transaction 447
[2026-09-09T15:46:09.653Z INFO  benchmark_client] Sending sample transaction 448
[2026-09-09T15:46:09.703Z INFO  benchmark_client] Sending sample transaction 449
[2026-09-09T15:46:09.752Z INFO  benchmark_client] Sending sample transaction 450
[2026-09-09T15:46:09.803Z INFO  benchmark_client] Sending sample transaction 451
[2026-09-09T15:46:09.855Z INFO  benchmark_client] Sending sample transaction 452
[2026-09-09T15:46:09.904Z INFO  benchmark_client] Sending sample transaction 453
[2026-09-09T15:46:09.953Z INFO  benchmark_client] Sending sample transaction 454
[2026-09-09T15:46:10.004Z INFO  benchmark_client] Sending sample transaction 455
[2026-09-09T15:46:10.053Z INFO  benchmark_client] Sending sample transaction 456
[2026-09-09T15:46:10.103Z INFO  benchmark_client] Sending sample transaction 457
[2026-09-09T15:46:10.157Z INFO  benchmark_client] Sending sample transaction 458
[2026-09-09T15:46:10.203Z INFO  benchmark_client] Sending sample transaction 459
[2026-09-09T15:46:10.259Z INFO  benchmark_client] Sending sample transaction 460
[2026-09-09T15:46:10.303Z INFO  benchmark_client] Sending sample transaction 461
[2026-09-09T15:46:10.353Z INFO  benchmark_client] Sending sample transaction 462
[2026-09-09T15:46:10.403Z INFO  benchmark_client] Sending sample transaction 463
[2026-09-09T15:46:10.453Z INFO  benchmark_client] Sending sample transaction 464
[2026-09-09T15:46:10.505Z INFO  benchmark_client] Sending sample transaction 465
[2026-09-09T15:46:10.555Z INFO  benchmark_client] Sending sample transaction 466
[2026-09-09T15:46:10.604Z INFO  benchmark_client] Sending sample transaction 467
[2026-09-09T15:46:10.657Z INFO  benchmark_client] Sending sample transaction 468
[2026-09-09T15:46:10.704Z INFO  benchmark_client] Sending sample transaction 469
[2026-09-09T15:46:10.755Z INFO  benchmark_client] Sending sample transaction 470
[2026-09-09T15:46:10.804Z INFO  benchmark_client] Sending sample transaction 471
[2026-09-09T15:46:10.854Z INFO  benchmark_client] Sending sample transaction 472
[2026-09-09T15:46:10.903Z INFO  benchmark_client] Sending sample transaction 473
[2026-09-09T15:46:10.953Z INFO  benchmark_client] Sending sample transaction 474
[2026-09-09T15:46:11.003Z INFO  benchmark_client] Sending sample transaction 475
[2026-09-09T15:46:11.053Z INFO  benchmark_client] Sending sample transaction 476
[2026-09-09T15:46:11.106Z INFO  benchmark_client] Sending sample transaction 477
[2026-09-09T15:46:11.153Z INFO  benchmark_client] Sending sample transaction 478
[2026-09-09T15:46:11.204Z INFO  benchmark_client] Sending sample transaction 479
[2026-09-09T15:46:11.256Z INFO  benchmark_client] Sending sample transaction 480
[2026-09-09T15:46:11.304Z INFO  benchmark_client] Sending sample transaction 481
[2026-09-09T15:46:11.353Z INFO  benchmark_client] Sending sample transaction 482
[2026-09-09T15:46:11.403Z INFO  benchmark_client] Sending sample transaction 483
[2026-09-09T15:46:11.455Z INFO  benchmark_client] Sending sample transaction 484
[2026-09-09T15:46:11.505Z INFO  benchmark_client] Sending sample transaction 485
[2026-09-09T15:46:11.553Z INFO  benchmark_client] Sending sample transaction 486
[2026-09-09T15:46:11.603Z INFO  benchmark_client] Sending sample transaction 487
[2026-09-09T15:46:11.653Z INFO  benchmark_client] Sending sample transaction 488
[2026-09-09T15:46:11.703Z INFO  benchmark_client] Sending sample transaction 489
[2026-09-09T15:46:11.753Z INFO  benchmark_client] Sending sample transaction 490
[2026-09-09T15:46:11.803Z INFO  benchmark_client] Sending sample transaction 491
[2026-09-09T15:46:11.854Z INFO  benchmark_client] Sending sample transaction 492
[2026-09-09T15:46:11.903Z INFO  benchmark_client] Sending sample transaction 493
[2026-09-09T15:46:11.953Z INFO  benchmark_client] Sending sample transaction 494
[2026-09-09T15:46:12.003Z INFO  benchmark_client] Sending sample transaction 495
[2026-09-09T15:46:12.054Z INFO  benchmark_client] Sending sample transaction 496
[2026-09-09T15:46:12.103Z INFO  benchmark_client] Sending sample transaction 497
[2026-09-09T15:46:12.153Z INFO  benchmark_client] Sending sample transaction 498
[2026-09-09T15:46:12.204Z INFO  benchmark_client] Sending sample transaction 499
[2026-09-09T15:46:12.254Z INFO  benchmark_client] Sending sample transaction 500
[2026-09-09T15:46:12.308Z INFO  benchmark_client] Sending sample transaction 501
[2026-09-09T15:46:12.353Z INFO  benchmark_client] Sending sample transaction 502
[2026-09-09T15:46:12.403Z INFO  benchmark_client] Sending sample transaction 503
[2026-09-09T15:46:12.453Z INFO  benchmark_client] Sending sample transaction 504
[2026-09-09T15:46:12.503Z INFO  benchmark_client] Sending sample transaction 505
[2026-09-09T15:46:12.553Z INFO  benchmark_client] Sending sample transaction 506
[2026-09-09T15:46:12.603Z INFO  benchmark_client] Sending sample transaction 507
[2026-09-09T15:46:12.653Z INFO  benchmark_client] Sending sample transaction 508
[2026-09-09T15:46:12.703Z INFO  benchmark_client] Sending sample transaction 509
[2026-09-09T15:46:12.755Z INFO  benchmark_client] Sending sample transaction 510
[2026-09-09T15:46:12.804Z INFO  benchmark_client] Sending sample transaction 511
[2026-09-09T15:46:12.855Z INFO  benchmark_client] Sending sample transaction 512
[2026-09-09T15:46:12.903Z INFO  benchmark_client] Sending sample transaction 513
[2026-09-09T15:46:12.953Z INFO  benchmark_client] Sending sample transaction 514
[2026-09-09T15:46:13.003Z INFO  benchmark_client] Sending sample transaction 515
[2026-09-09T15:46:13.054Z INFO  benchmark_client] Sending sample transaction 516
[2026-09-09T15:46:13.104Z INFO  benchmark_client] Sending sample transaction 517
[2026-09-09T15:46:13.154Z INFO  benchmark_client] Sending sample transaction 518
[2026-09-09T15:46:13.204Z INFO  benchmark_client] Sending sample transaction 519
[2026-09-09T15:46:13.253Z INFO  benchmark_client] Sending sample transaction 520
[2026-09-09T15:46:13.303Z INFO  benchmark_client] Sending sample transaction 521
[2026-09-09T15:46:13.354Z INFO  benchmark_client] Sending sample transaction 522
[2026-09-09T15:46:13.404Z INFO  benchmark_client] Sending sample transaction 523
[2026-09-09T15:46:13.454Z INFO  benchmark_client] Sending sample transaction 524
[2026-09-09T15:46:13.503Z INFO  benchmark_client] Sending sample transaction 525
[2026-09-09T15:46:13.554Z INFO  benchmark_client] Sending sample transaction 526
[2026-09-09T15:46:13.604Z INFO  benchmark_client] Sending sample transaction 527
[2026-09-09T15:46:13.654Z INFO  benchmark_client] Sending sample transaction 528
[2026-09-09T15:46:13.705Z INFO  benchmark_client] Sending sample transaction 529
[2026-09-09T15:46:13.754Z INFO  benchmark_client] Sending sample transaction 530
[2026-09-09T15:46:13.804Z INFO  benchmark_client] Sending sample transaction 531
[2026-09-09T15:46:13.853Z INFO  benchmark_client] Sending sample transaction 532
[2026-09-09T15:46:13.905Z INFO  benchmark_client] Sending sample transaction 533
[2026-09-09T15:46:13.955Z INFO  benchmark_client] Sending sample transaction 534
[2026-09-09T15:46:14.003Z INFO  benchmark_client] Sending sample transaction 535
[2026-09-09T15:46:14.053Z INFO  benchmark_client] Sending sample transaction 536
[2026-09-09T15:46:14.103Z INFO  benchmark_client] Sending sample transaction 537
[2026-09-09T15:46:14.155Z INFO  benchmark_client] Sending sample transaction 538
[2026-09-09T15:46:14.205Z INFO  benchmark_client] Sending sample transaction 539
[2026-09-09T15:46:14.253Z INFO  benchmark_client] Sending sample transaction 540
[2026-09-09T15:46:14.303Z INFO  benchmark_client] Sending sample transaction 541
[2026-09-09T15:46:14.355Z INFO  benchmark_client] Sending sample transaction 542
[2026-09-09T15:46:14.405Z INFO  benchmark_client] Sending sample transaction 543
[2026-09-09T15:46:14.454Z INFO  benchmark_client] Sending sample transaction 544
[2026-09-09T15:46:14.505Z INFO  benchmark_client] Sending sample transaction 545
[2026-09-09T15:46:14.555Z INFO  benchmark_client] Sending sample transaction 546
[2026-09-09T15:46:14.605Z INFO  benchmark_client] Sending sample transaction 547
[2026-09-09T15:46:14.655Z INFO  benchmark_client] Sending sample transaction 548
[2026-09-09T15:46:14.705Z INFO  benchmark_client] Sending sample transaction 549
[2026-09-09T15:46:14.755Z INFO  benchmark_client] Sending sample transaction 550
[2026-09-09T15:46:14.803Z INFO  benchmark_client] Sending sample transaction 551
[2026-09-09T15:46:14.858Z INFO  benchmark_client] Sending sample transaction 552
[2026-09-09T15:46:14.906Z INFO  benchmark_client] Sending sample transaction 553
[2026-09-09T15:46:14.954Z INFO  benchmark_client] Sending sample transaction 554
[2026-09-09T15:46:15.003Z INFO  benchmark_client] Sending sample transaction 555
[2026-09-09T15:46:15.054Z INFO  benchmark_client] Sending sample transaction 556
[2026-09-09T15:46:15.103Z INFO  benchmark_client] Sending sample transaction 557
[2026-09-09T15:46:15.155Z INFO  benchmark_client] Sending sample transaction 558
[2026-09-09T15:46:15.204Z INFO  benchmark_client] Sending sample transaction 559
[2026-09-09T15:46:15.253Z INFO  benchmark_client] Sending sample transaction 560
[2026-09-09T15:46:15.304Z INFO  benchmark_client] Sending sample transaction 561
[2026-09-09T15:46:15.353Z INFO  benchmark_client] Sending sample transaction 562
[2026-09-09T15:46:15.406Z INFO  benchmark_client] Sending sample transaction 563
[2026-09-09T15:46:15.454Z INFO  benchmark_client] Sending sample transaction 564
[2026-09-09T15:46:15.504Z INFO  benchmark_client] Sending sample transaction 565
[2026-09-09T15:46:15.553Z INFO  benchmark_client] Sending sample transaction 566
[2026-09-09T15:46:15.603Z INFO  benchmark_client] Sending sample transaction 567
[2026-09-09T15:46:15.653Z INFO  benchmark_client] Sending sample transaction 568
[2026-09-09T15:46:15.703Z INFO  benchmark_client] Sending sample transaction 569
[2026-09-09T15:46:15.753Z INFO  benchmark_client] Sending sample transaction 570
[2026-09-09T15:46:15.804Z INFO  benchmark_client] Sending sample transaction 571
[2026-09-09T15:46:15.854Z INFO  benchmark_client] Sending sample transaction 572
[2026-09-09T15:46:15.904Z INFO  benchmark_client] Sending sample transaction 573
[2026-09-09T15:46:15.955Z INFO  benchmark_client] Sending sample transaction 574
[2026-09-09T15:46:16.004Z INFO  benchmark_client] Sending sample transaction 575
[2026-09-09T15:46:16.054Z INFO  benchmark_client] Sending sample transaction 576
[2026-09-09T15:46:16.103Z INFO  benchmark_client] Sending sample transaction 577
[2026-09-09T15:46:16.154Z INFO  benchmark_client] Sending sample transaction 578
[2026-09-09T15:46:16.205Z INFO  benchmark_client] Sending sample transaction 579
[2026-09-09T15:46:16.255Z INFO  benchmark_client] Sending sample transaction 580
[2026-09-09T15:46:16.303Z INFO  benchmark_client] Sending sample transaction 581
[2026-09-09T15:46:16.353Z INFO  benchmark_client] Sending sample transaction 582
[2026-09-09T15:46:16.404Z INFO  benchmark_client] Sending sample transaction 583
[2026-09-09T15:46:16.454Z INFO  benchmark_client] Sending sample transaction 584
[2026-09-09T15:46:16.504Z INFO  benchmark_client] Sending sample transaction 585
[2026-09-09T15:46:16.553Z INFO  benchmark_client] Sending sample transaction 586
[2026-09-09T15:46:16.604Z INFO  benchmark_client] Sending sample transaction 587
[2026-09-09T15:46:16.654Z INFO  benchmark_client] Sending sample transaction 588
[2026-09-09T15:46:16.704Z INFO  benchmark_client] Sending sample transaction 589
[2026-09-09T15:46:16.753Z INFO  benchmark_client] Sending sample transaction 590
[2026-09-09T15:46:16.803Z INFO  benchmark_client] Sending sample transaction 591
[2026-09-09T15:46:16.854Z INFO  benchmark_client] Sending sample transaction 592
[2026-09-09T15:46:16.904Z INFO  benchmark_client] Sending sample transaction 593
[2026-09-09T15:46:16.954Z INFO  benchmark_client] Sending sample transaction 594
[2026-09-09T15:46:17.004Z INFO  benchmark_client] Sending sample transaction 595
[2026-09-09T15:46:17.053Z INFO  benchmark_client] Sending sample transaction 596
