[2026-09-09T15:45:46.995Z INFO  benchmark_client] Node address: 34.143.255.236:5048
[2026-09-09T15:45:46.995Z INFO  benchmark_client] Transactions size: 512 B
[2026-09-09T15:45:46.995Z INFO  benchmark_client] Transactions rate: 12000 tx/s
[2026-09-09T15:45:46.995Z INFO  benchmark_client] Waiting for all nodes to be online...
[2026-09-09T15:45:47.305Z INFO  benchmark_client] Start sending transactions
[2026-09-09T15:45:47.307Z INFO  benchmark_client] Sending sample transaction 0
[2026-09-09T15:45:47.357Z INFO  benchmark_client] Sending sample transaction 1
[2026-09-09T15:45:47.406Z INFO  benchmark_client] Sending sample transaction 2
[2026-09-09T15:45:47.456Z INFO  benchmark_client] Sending sample transaction 3
[2026-09-09T15:45:47.507Z INFO  benchmark_client] Sending sample transaction 4
[2026-09-09T15:45:47.558Z INFO  benchmark_client] Sending sample transaction 5
[2026-09-09T15:45:47.606Z INFO  benchmark_client] Sending sample transaction 6
[2026-09-09T15:45:47.657Z INFO  benchmark_client] Sending sample transaction 7
[2026-09-09T15:45:47.707Z INFO  benchmark_client] Sending sample transaction 8
[2026-09-09T15:45:47.756Z INFO  benchmark_client] Sending sample transaction 9
[2026-09-09T15:45:47.806Z INFO  benchmark_client] Sending sample transaction 10
[2026-09-09T15:45:47.857Z INFO  benchmark_client] Sending sample transaction 11
[2026-09-09T15:45:47.906Z INFO  benchmark_client] Sending sample transaction 12
[2026-09-09T15:45:47.956Z INFO  benchmark_client] Sending sample transaction 13
[2026-09-09T15:45:48.007Z INFO  benchmark_client] Sending sample transaction 14
[2026-09-09T15:45:48.057Z INFO  benchmark_client] Sending sample transaction 15
[2026-09-09T15:45:48.107Z INFO  benchmark_client] Sending sample transaction 16
[2026-09-09T15:45:48.157Z INFO  benchmark_client] Sending sample transaction 17
[2026-09-09T15:45:48.206Z INFO  benchmark_client] Sending sample transaction 18
[2026-09-09T15:45:48.257Z INFO  benchmark_client] Sending sample transaction 19
[2026-09-09T15:45:48.307Z INFO  benchmark_client] Sending sample transaction 20
[2026-09-09T15:45:48.356Z INFO  benchmark_client] Sending sample transaction 21
[2026-09-09T15:45:48.407Z INFO  benchmark_client] Sending sample transaction 22
[2026-09-09T15:45:48.457Z INFO  benchmark_client] Sending sample transaction 23
[2026-09-09T15:45:48.506Z INFO  benchmark_client] Sending sample transaction 24
[2026-09-09T15:45:48.557Z INFO  benchmark_client] Sending sample transaction 25
[2026-09-09T15:45:48.607Z INFO  benchmark_client] Sending sample transaction 26
[2026-09-09T15:45:48.657Z INFO  benchmark_client] Sending sample transaction 27
[2026-09-09T15:45:48.706Z INFO  benchmark_client] Sending sample transaction 28
[2026-09-09T15:45:48.756Z INFO  benchmark_client] Sending sample transaction 29
[2026-09-09T15:45:48.807Z INFO  benchmark_client] Sending sample transaction 30
[2026-09-09T15:45:48.858Z INFO  benchmark_client] Sending sample transaction 31
[2026-09-09T15:45:48.907Z INFO  benchmark_client] Sending sample transaction 32
[2026-09-09T15:45:48.957Z INFO  benchmark_client] Sending sample transaction 33
[2026-09-09T15:45:49.007Z INFO  benchmark_client] Sending sample transaction 34
[2026-09-09T15:45:49.056Z INFO  benchmark_client] Sending sample transaction 35
[2026-09-09T15:45:49.107Z INFO  benchmark_client] Sending sample transaction 36
[2026-09-09T15:45:49.156Z INFO  benchmark_client] Sending sample transaction 37
[2026-09-09T15:45:49.207Z INFO  benchmark_client] Sending sample transaction 38
[2026-09-09T15:45:49.257Z INFO  benchmark_client] Sending sample transaction 39
[2026-09-09T15:45:49.306Z INFO  benchmark_client] Sending sample transaction 40
[2026-09-09T15:45:49.357Z INFO  benchmark_client] Sending sample transaction 41
[2026-09-09T15:45:49.407Z INFO  benchmark_client] Sending sample transaction 42
[2026-09-09T15:45:49.457Z INFO  benchmark_client] Sending sample transaction 43
[2026-09-09T15:45:49.507Z INFO  benchmark_client] Sending sample transaction 44
[2026-09-09T15:45:49.558Z INFO  benchmark_client] Sending sample transaction 45
[2026-09-09T15:45:49.607Z INFO  benchmark_client] Sending sample transaction 46
[2026-09-09T15:45:49.657Z INFO  benchmark_client] Sending sample transaction 47
[2026-09-09T15:45:49.707Z INFO  benchmark_client] Sending sample transaction 48
[2026-09-09T15:45:49.756Z INFO  benchmark_client] Sending sample transaction 49
[2026-09-09T15:45:49.806Z INFO  benchmark_client] Sending sample transaction 50
[2026-09-09T15:45:49.857Z INFO  benchmark_client] Sending sample transaction 51
[2026-09-09T15:45:49.907Z INFO  benchmark_client] Sending sample transaction 52
[2026-09-09T15:45:49.956Z INFO  benchmark_client] Sending sample transaction 53
[2026-09-09T15:45:50.008Z INFO  benchmark_client] Sending sample transaction 54
[2026-09-09T15:45:50.056Z INFO  benchmark_client] Sending sample transaction 55
[2026-09-09T15:45:50.107Z INFO  benchmark_client] Sending sample transaction 56
[2026-09-09T15:45:50.157Z INFO  benchmark_client] Sending sample transaction 57
[2026-09-09T15:45:50.206Z INFO  benchmark_client] Sending sample transaction 58
[2026-09-09T15:45:50.258Z INFO  benchmark_client] Sending sample transaction 59
[2026-09-09T15:45:50.306Z INFO  benchmark_client] Sending sample transaction 60
[2026-09-09T15:45:50.357Z INFO  benchmark_client] Sending sample transaction 61
[2026-09-09T15:45:50.407Z INFO  benchmark_client] Sending sample transaction 62
[2026-09-09T15:45:50.457Z INFO  benchmark_client] Sending sample transaction 63
[2026-09-09T15:45:50.507Z INFO  benchmark_client] Sending sample transaction 64
[2026-09-09T15:45:50.558Z INFO  benchmark_client] Sending sample transaction 65
[2026-09-09T15:45:50.607Z INFO  benchmark_client] Sending sample transaction 66
[2026-09-09T15:45:50.657Z INFO  benchmark_client] Sending sample transaction 67
[2026-09-09T15:45:50.706Z INFO  benchmark_client] Sending sample transaction 68
[2026-09-09T15:45:50.757Z INFO  benchmark_client] Sending sample transaction 69
[2026-09-09T15:45:50.806Z INFO  benchmark_client] Sending sample transaction 70
[2026-09-09T15:45:50.859Z INFO  benchmark_client] Sending sample transaction 71
[2026-09-09T15:45:50.906Z INFO  benchmark_client] Sending sample transaction 72
[2026-09-09T15:45:50.956Z INFO  benchmark_client] Sending sample transaction 73
[2026-09-09T15:45:51.007Z INFO  benchmark_client] Sending sample transaction 74
[2026-09-09T15:45:51.057Z INFO  benchmark_client] Sending sample transaction 75
[2026-09-09T15:45:51.107Z INFO  benchmark_client] Sending sample transaction 76
[2026-09-09T15:45:51.157Z INFO  benchmark_client] Sending sample transaction 77
[2026-09-09T15:45:51.206Z INFO  benchmark_client] Sending sample transaction 78
[2026-09-09T15:45:51.257Z INFO  benchmark_client] Sending sample transaction 79
[2026-09-09T15:45:51.307Z INFO  benchmark_client] Sending sample transaction 80
[2026-09-09T15:45:51.356Z INFO  benchmark_client] Sending sample transaction 81
[2026-09-09T15:45:51.407Z INFO  benchmark_client] Sending sample transaction 82
[2026-09-09T15:45:51.456Z INFO  benchmark_client] Sending sample transaction 83
[2026-09-09T15:45:51.508Z INFO  benchmark_client] Sending sample transaction 84
[2026-09-09T15:45:51.556Z INFO  benchmark_client] Sending sample transaction 85
[2026-09-09T15:45:51.606Z INFO  benchmark_client] Sending sample transaction 86
[2026-09-09T15:45:51.657Z INFO  benchmark_client] Sending sample transaction 87
[2026-09-09T15:45:51.707Z INFO  benchmark_client] Sending sample transaction 88
[2026-09-09T15:45:51.757Z INFO  benchmark_client] Sending sample transaction 89
[2026-09-09T15:45:51.806Z INFO  benchmark_client] Sending sample transaction 90
[2026-09-09T15:45:51.856Z INFO  benchmark_client] Sending sample transaction 91
[2026-09-09T15:45:51.906Z INFO  benchmark_client] Sending sample transaction 92
[2026-09-09T15:45:51.956Z INFO  benchmark_client] Sending sample transaction 93
[2026-09-09T15:45:52.008Z INFO  benchmark_client] Sending sample transaction 94
[2026-09-09T15:45:52.056Z INFO  benchmark_client] Sending sample transaction 95
[2026-09-09T15:45:52.106Z INFO  benchmark_client] Sending sample transaction 96
[2026-09-09T15:45:52.158Z INFO  benchmark_client] Sending sample transaction 97
[2026-09-09T15:45:52.207Z INFO  benchmark_client] Sending sample transaction 98
[2026-09-09T15:45:52.259Z INFO  benchmark_client] Sending sample transaction 99
[2026-09-09T15:45:52.307Z INFO  benchmark_client] Sending sample transaction 100
[2026-09-09T15:45:52.357Z INFO  benchmark_client] Sending sample transaction 101
[2026-09-09T15:45:52.407Z INFO  benchmark_client] Sending sample transaction 102
[2026-09-09T15:45:52.456Z INFO  benchmark_client] Sending sample transaction 103
[2026-09-09T15:45:52.508Z INFO  benchmark_client] Sending sample transaction 104
[2026-09-09T15:45:52.556Z INFO  benchmark_client] Sending sample transaction 105
[2026-09-09T15:45:52.606Z INFO  benchmark_client] Sending sample transaction 106
[2026-09-09T15:45:52.659Z INFO  benchmark_client] Sending sample transaction 107
[2026-09-09T15:45:52.707Z INFO  benchmark_client] Sending sample transaction 108
[2026-09-09T15:45:52.757Z INFO  benchmark_client] Sending sample transaction 109
[2026-09-09T15:45:52.807Z INFO  benchmark_client] Sending sample transaction 110
[2026-09-09T15:45:52.856Z INFO  benchmark_client] Sending sample transaction 111
[2026-09-09T15:45:52.908Z INFO  benchmark_client] Sending sample transaction 112
[2026-09-09T15:45:52.960Z INFO  benchmark_client] Sending sample transaction 113
[2026-09-09T15:45:53.006Z INFO  benchmark_client] Sending sample transaction 114
[2026-09-09T15:45:53.057Z INFO  benchmark_client] Sending sample transaction 115
[2026-09-09T15:45:53.107Z INFO  benchmark_client] Sending sample transaction 116
[2026-09-09T15:45:53.157Z INFO  benchmark_client] Sending sample transaction 117
[2026-09-09T15:45:53.207Z INFO  benchmark_client] Sending sample transaction 118
[2026-09-09T15:45:53.257Z INFO  benchmark_client] Sending sample transaction 119
[2026-09-09T15:45:53.306Z INFO  benchmark_client] Sending sample transaction 120
[2026-09-09T15:45:53.357Z INFO  benchmark_client] Sending sample transaction 121
[2026-09-09T15:45:53.408Z INFO  benchmark_client] Sending sample transaction 122
[2026-09-09T15:45:53.456Z INFO  benchmark_client] Sending sample transaction 123
[2026-09-09T15:45:53.507Z INFO  benchmark_client] Sending sample transaction 124
[2026-09-09T15:45:53.557Z INFO  benchmark_client] Sending sample transaction 125
[2026-09-09T15:45:53.606Z INFO  benchmark_client] Sending sample transaction 126
[2026-09-09T15:45:53.657Z INFO  benchmark_client] Sending sample transaction 127
[2026-09-09T15:45:53.707Z INFO  benchmark_client] Sending sample transaction 128
[2026-09-09T15:45:53.758Z INFO  benchmark_client] Sending sample transaction 129
[2026-09-09T15:45:53.809Z INFO  benchmark_client] Sending sample transaction 130
[2026-09-09T15:45:53.857Z INFO  benchmark_client] Sending sample transaction 131
[2026-09-09T15:45:53.907Z INFO  benchmark_client] Sending sample transaction 132
[2026-09-09T15:45:53.957Z INFO  benchmark_client] Sending sample transaction 133
[2026-09-09T15:45:54.008Z INFO  benchmark_client] Sending sample transaction 134
[2026-09-09T15:45:54.058Z INFO  benchmark_client] Sending sample transaction 135
[2026-09-09T15:45:54.109Z INFO  benchmark_client] Sending sample transaction 136
[2026-09-09T15:45:54.158Z INFO  benchmark_client] Sending sample transaction 137
[2026-09-09T15:45:54.207Z INFO  benchmark_client] Sending sample transaction 138
[2026-09-09T15:45:54.257Z INFO  benchmark_client] Sending sample transaction 139
[2026-09-09T15:45:54.308Z INFO  benchmark_client] Sending sample transaction 140
[2026-09-09T15:45:54.357Z INFO  benchmark_client] Sending sample transaction 141
[2026-09-09T15:45:54.407Z INFO  benchmark_client] Sending sample transaction 142
[2026-09-09T15:45:54.457Z INFO  benchmark_client] Sending sample transaction 143
[2026-09-09T15:45:54.507Z INFO  benchmark_client] Sending sample transaction 144
[2026-09-09T15:45:54.557Z INFO  benchmark_client] Sending sample transaction 145
[2026-09-09T15:45:54.608Z INFO  benchmark_client] Sending sample transaction 146
[2026-09-09T15:45:54.657Z INFO  benchmark_client] Sending sample transaction 147
[2026-09-09T15:45:54.707Z INFO  benchmark_client] Sending sample transaction 148
[2026-09-09T15:45:54.759Z INFO  benchmark_client] Sending sample transaction 149
[2026-09-09T15:45:54.807Z INFO  benchmark_client] Sending sample transaction 150
[2026-09-09T15:45:54.856Z INFO  benchmark_client] Sending sample transaction 151
[2026-09-09T15:45:54.908Z INFO  benchmark_client] Sending sample transaction 152
[2026-09-09T15:45:54.957Z INFO  benchmark_client] Sending sample transaction 153
[2026-09-09T15:45:55.008Z INFO  benchmark_client] Sending sample transaction 154
[2026-09-09T15:45:55.057Z INFO  benchmark_client] Sending sample transaction 155
[2026-09-09T15:45:55.107Z INFO  benchmark_client] Sending sample transaction 156
[2026-09-09T15:45:55.157Z INFO  benchmark_client] Sending sample transaction 157
[2026-09-09T15:45:55.208Z INFO  benchmark_client] Sending sample transaction 158
[2026-09-09T15:45:55.257Z INFO  benchmark_client] Sending sample transaction 159
[2026-09-09T15:45:55.307Z INFO  benchmark_client] Sending sample transaction 160
[2026-09-09T15:45:55.357Z INFO  benchmark_client] Sending sample transaction 161
[2026-09-09T15:45:55.407Z INFO  benchmark_client] Sending sample transaction 162
[2026-09-09T15:45:55.457Z INFO  benchmark_client] Sending sample transaction 163
[2026-09-09T15:45:55.510Z INFO  benchmark_client] Sending sample transaction 164
[2026-09-09T15:45:55.559Z INFO  benchmark_client] Sending sample transaction 165
[2026-09-09T15:45:55.608Z INFO  benchmark_client] Sending sample transaction 166
[2026-09-09T15:45:55.657Z INFO  benchmark_client] Sending sample transaction 167
[2026-09-09T15:45:55.708Z INFO  benchmark_client] Sending sample transaction 168
[2026-09-09T15:45:55.758Z INFO  benchmark_client] Sending sample transaction 169
[2026-09-09T15:45:55.806Z INFO  benchmark_client] Sending sample transaction 170
[2026-09-09T15:45:55.857Z INFO  benchmark_client] Sending sample transaction 171
[2026-09-09T15:45:55.906Z INFO  benchmark_client] Sending sample transaction 172
[2026-09-09T15:45:55.960Z INFO  benchmark_client] Sending sample transaction 173
[2026-09-09T15:45:56.008Z INFO  benchmark_client] Sending sample transaction 174
[2026-09-09T15:45:56.057Z INFO  benchmark_client] Sending sample transaction 175
[2026-09-09T15:45:56.107Z INFO  benchmark_client] Sending sample transaction 176
[2026-09-09T15:45:56.157Z INFO  benchmark_client] Sending sample transaction 177
[2026-09-09T15:45:56.210Z INFO  benchmark_client] Sending sample transaction 178
[2026-09-09T15:45:56.258Z INFO  benchmark_client] Sending sample transaction 179
[2026-09-09T15:45:56.307Z INFO  benchmark_client] Sending sample transaction 180
[2026-09-09T15:45:56.357Z INFO  benchmark_client] Sending sample transaction 181
[2026-09-09T15:45:56.406Z INFO  benchmark_client] Sending sample transaction 182
[2026-09-09T15:45:56.458Z INFO  benchmark_client] Sending sample transaction 183
[2026-09-09T15:45:56.507Z INFO  benchmark_client] Sending sample transaction 184
[2026-09-09T15:45:56.557Z INFO  benchmark_client] Sending sample transaction 185
[2026-09-09T15:45:56.609Z INFO  benchmark_client] Sending sample transaction 186
[2026-09-09T15:45:56.656Z INFO  benchmark_client] Sending sample transaction 187
[2026-09-09T15:45:56.708Z INFO  benchmark_client] Sending sample transaction 188
[2026-09-09T15:45:56.757Z INFO  benchmark_client] Sending sample transaction 189
[2026-09-09T15:45:56.807Z INFO  benchmark_client] Sending sample transaction 190
[2026-09-09T15:45:56.858Z INFO  benchmark_client] Sending sample transaction 191
[2026-09-09T15:45:56.907Z INFO  benchmark_client] Sending sample transaction 192
[2026-09-09T15:45:56.957Z INFO  benchmark_client] Sending sample transaction 193
[2026-09-09T15:45:57.007Z INFO  benchmark_client] Sending sample transaction 194
[2026-09-09T15:45:57.059Z INFO  benchmark_client] Sending sample transaction 195
[2026-09-09T15:45:57.110Z INFO  benchmark_client] Sending sample transaction 196
[2026-09-09T15:45:57.157Z INFO  benchmark_client] Sending sample transaction 197
[2026-09-09T15:45:57.209Z INFO  benchmark_client] Sending sample transaction 198
[2026-09-09T15:45:57.257Z INFO  benchmark_client] Sending sample transaction 199
[2026-09-09T15:45:57.310Z INFO  benchmark_client] Sending sample transaction 200
[2026-09-09T15:45:57.359Z INFO  benchmark_client] Sending sample transaction 201
[2026-09-09T15:45:57.407Z INFO  benchmark_client] Sending sample transaction 202
[2026-09-09T15:45:57.457Z INFO  benchmark_client] Sending sample transaction 203
[2026-09-09T15:45:57.507Z INFO  benchmark_client] Sending sample transaction 204
[2026-09-09T15:45:57.561Z INFO  benchmark_client] Sending sample transaction 205
[2026-09-09T15:45:57.607Z INFO  benchmark_client] Sending sample transaction 206
[2026-09-09T15:45:57.657Z INFO  benchmark_client] Sending sample transaction 207
[2026-09-09T15:45:57.707Z INFO  benchmark_client] Sending sample transaction 208
[2026-09-09T15:45:57.758Z INFO  benchmark_client] Sending sample transaction 209
[2026-09-09T15:45:57.807Z INFO  benchmark_client] Sending sample transaction 210
[2026-09-09T15:45:57.857Z INFO  benchmark_client] Sending sample transaction 211
[2026-09-09T15:45:57.908Z INFO  benchmark_client] Sending sample transaction 212
[2026-09-09T15:45:57.957Z INFO  benchmark_client] Sending sample transaction 213
[2026-09-09T15:45:58.007Z INFO  benchmark_client] Sending sample transaction 214
[2026-09-09T15:45:58.057Z INFO  benchmark_client] Sending sample transaction 215
[2026-09-09T15:45:58.108Z INFO  benchmark_client] Sending sample transaction 216
[2026-09-09T15:45:58.158Z INFO  benchmark_client] Sending sample transaction 217
[2026-09-09T15:45:58.207Z INFO  benchmark_client] Sending sample transaction 218
[2026-09-09T15:45:58.257Z INFO  benchmark_client] Sending sample transaction 219
[2026-09-09T15:45:58.307Z INFO  benchmark_client] Sending sample transaction 220
[2026-09-09T15:45:58.357Z INFO  benchmark_client] Sending sample transaction 221
[2026-09-09T15:45:58.407Z INFO  benchmark_client] Sending sample transaction 222
[2026-09-09T15:45:58.458Z INFO  benchmark_client] Sending sample transaction 223
[2026-09-09T15:45:58.507Z INFO  benchmark_client] Sending sample transaction 224
[2026-09-09T15:45:58.557Z INFO  benchmark_client] Sending sample transaction 225
[2026-09-09T15:45:58.609Z INFO  benchmark_client] Sending sample transaction 226
[2026-09-09T15:45:58.657Z INFO  benchmark_client] Sending sample transaction 227
[2026-09-09T15:45:58.707Z INFO  benchmark_client] Sending sample transaction 228
[2026-09-09T15:45:58.757Z INFO  benchmark_client] Sending sample transaction 229
[2026-09-09T15:45:58.807Z INFO  benchmark_client] Sending sample transaction 230
[2026-09-09T15:45:58.858Z INFO  benchmark_client] Sending sample transaction 231
[2026-09-09T15:45:58.907Z INFO  benchmark_client] Sending sample transaction 232
[2026-09-09T15:45:58.959Z INFO  benchmark_client] Sending sample transaction 233
[2026-09-09T15:45:59.007Z INFO  benchmark_client] Sending sample transaction 234
[2026-09-09T15:45:59.057Z INFO  benchmark_client] Sending sample transaction 235
[2026-09-09T15:45:59.107Z INFO  benchmark_client] Sending sample transaction 236
[2026-09-09T15:45:59.157Z INFO  benchmark_client] Sending sample transaction 237
[2026-09-09T15:45:59.209Z INFO  benchmark_client] Sending sample transaction 238
[2026-09-09T15:45:59.257Z INFO  benchmark_client] Sending sample transaction 239
[2026-09-09T15:45:59.307Z INFO  benchmark_client] Sending sample transaction 240
[2026-09-09T15:45:59.357Z INFO  benchmark_client] Sending sample transaction 241
[2026-09-09T15:45:59.408Z INFO  benchmark_client] Sending sample transaction 242
[2026-09-09T15:45:59.458Z INFO  benchmark_client] Sending sample transaction 243
[2026-09-09T15:45:59.508Z INFO  benchmark_client] Sending sample transaction 244
[2026-09-09T15:45:59.557Z INFO  benchmark_client] Sending sample transaction 245
[2026-09-09T15:45:59.610Z INFO  benchmark_client] Sending sample transaction 246
[2026-09-09T15:45:59.658Z INFO  benchmark_client] Sending sample transaction 247
[2026-09-09T15:45:59.707Z INFO  benchmark_client] Sending sample transaction 248
[2026-09-09T15:45:59.757Z INFO  benchmark_client] Sending sample transaction 249
[2026-09-09T15:45:59.808Z INFO  benchmark_client] Sending sample transaction 250
[2026-09-09T15:45:59.857Z INFO  benchmark_client] Sending sample transaction 251
[2026-09-09T15:45:59.906Z INFO  benchmark_client] Sending sample transaction 252
[2026-09-09T15:45:59.958Z INFO  benchmark_client] Sending sample transaction 253
[2026-09-09T15:46:00.008Z INFO  benchmark_client] Sending sample transaction 254
[2026-09-09T15:46:00.058Z INFO  benchmark_client] Sending sample transaction 255
[2026-09-09T15:46:00.108Z INFO  benchmark_client] Sending sample transaction 256
[2026-09-09T15:46:00.157Z INFO  benchmark_client] Sending sample transaction 257
[2026-09-09T15:46:00.207Z INFO  benchmark_client] Sending sample transaction 258
[2026-09-09T15:46:00.257Z INFO  benchmark_client] Sending sample transaction 259
[2026-09-09T15:46:00.307Z INFO  benchmark_client] Sending sample transaction 260
[2026-09-09T15:46:00.357Z INFO  benchmark_client] Sending sample transaction 261
[2026-09-09T15:46:00.407Z INFO  benchmark_client] Sending sample transaction 262
[2026-09-09T15:46:00.457Z INFO  benchmark_client] Sending sample transaction 263
[2026-09-09T15:46:00.507Z INFO  benchmark_client] Sending sample transaction 264
[2026-09-09T15:46:00.557Z INFO  benchmark_client] Sending sample transaction 265
[2026-09-09T15:46:00.607Z INFO  benchmark_client] Sending sample transaction 266
[2026-09-09T15:46:00.657Z INFO  benchmark_client] Sending sample transaction 267
[2026-09-09T15:46:00.709Z INFO  benchmark_client] Sending sample transaction 268
[2026-09-09T15:46:00.759Z INFO  benchmark_client] Sending sample transaction 269
[2026-09-09T15:46:00.807Z INFO  benchmark_client] Sending sample transaction 270
[2026-09-09T15:46:00.858Z INFO  benchmark_client] Sending sample transaction 271
[2026-09-09T15:46:00.907Z INFO  benchmark_client] Sending sample transaction 272
[2026-09-09T15:46:00.957Z INFO  benchmark_client] Sending sample transaction 273
[2026-09-09T15:46:01.008Z INFO  benchmark_client] Sending sample transaction 274
[2026-09-09T15:46:01.062Z INFO  benchmark_client] Sending sample transaction 275
[2026-09-09T15:46:01.109Z INFO  benchmark_client] Sending sample transaction 276
[2026-09-09T15:46:01.157Z INFO  benchmark_client] Sending sample transaction 277
[2026-09-09T15:46:01.207Z INFO  benchmark_client] Sending sample transaction 278
[2026-09-09T15:46:01.258Z INFO  benchmark_client] Sending sample transaction 279
[2026-09-09T15:46:01.308Z INFO  benchmark_client] Sending sample transaction 280
[2026-09-09T15:46:01.358Z INFO  benchmark_client] Sending sample transaction 281
[2026-09-09T15:46:01.410Z INFO  benchmark_client] Sending sample transaction 282
[2026-09-09T15:46:01.457Z INFO  benchmark_client] Sending sample transaction 283
[2026-09-09T15:46:01.507Z INFO  benchmark_client] Sending sample transaction 284
[2026-09-09T15:46:01.557Z INFO  benchmark_client] Sending sample transaction 285
[2026-09-09T15:46:01.607Z INFO  benchmark_client] Sending sample transaction 286
[2026-09-09T15:46:01.658Z INFO  benchmark_client] Sending sample transaction 287
[2026-09-09T15:46:01.709Z INFO  benchmark_client] Sending sample transaction 288
[2026-09-09T15:46:01.757Z INFO  benchmark_client] Sending sample transaction 289
[2026-09-09T15:46:01.807Z INFO  benchmark_client] Sending sample transaction 290
[2026-09-09T15:46:01.857Z INFO  benchmark_client] Sending sample transaction 291
[2026-09-09T15:46:01.909Z INFO  benchmark_client] Sending sample transaction 292
[2026-09-09T15:46:01.957Z INFO  benchmark_client] Sending sample transaction 293
[2026-09-09T15:46:02.007Z INFO  benchmark_client] Sending sample transaction 294
[2026-09-09T15:46:02.057Z INFO  benchmark_client] Sending sample transaction 295
[2026-09-09T15:46:02.107Z INFO  benchmark_client] Sending sample transaction 296
[2026-09-09T15:46:02.157Z INFO  benchmark_client] Sending sample transaction 297
[2026-09-09T15:46:02.209Z INFO  benchmark_client] Sending sample transaction 298
[2026-09-09T15:46:02.257Z INFO  benchmark_client] Sending sample transaction 299
[2026-09-09T15:46:02.310Z INFO  benchmark_client] Sending sample transaction 300
[2026-09-09T15:46:02.357Z INFO  benchmark_client] Sending sample transaction 301
[2026-09-09T15:46:02.407Z INFO  benchmark_client] Sending sample transaction 302
[2026-09-09T15:46:02.457Z INFO  benchmark_client] Sending sample transaction 303
[2026-09-09T15:46:02.508Z INFO  benchmark_client] Sending sample transaction 304
[2026-09-09T15:46:02.557Z INFO  benchmark_client] Sending sample transaction 305
[2026-09-09T15:46:02.607Z INFO  benchmark_client] Sending sample transaction 306
[2026-09-09T15:46:02.657Z INFO  benchmark_client] Sending sample transaction 307
[2026-09-09T15:46:02.707Z INFO  benchmark_client] Sending sample transaction 308
[2026-09-09T15:46:02.757Z INFO  benchmark_client] Sending sample transaction 309
[2026-09-09T15:46:02.808Z INFO  benchmark_client] Sending sample transaction 310
[2026-09-09T15:46:02.857Z INFO  benchmark_client] Sending sample transaction 311
[2026-09-09T15:46:02.909Z INFO  benchmark_client] Sending sample transaction 312
[2026-09-09T15:46:02.958Z INFO  benchmark_client] Sending sample transaction 313
[2026-09-09T15:46:03.009Z INFO  benchmark_client] Sending sample transaction 314
[2026-09-09T15:46:03.057Z INFO  benchmark_client] Sending sample transaction 315
[2026-09-09T15:46:03.107Z INFO  benchmark_client] Sending sample transaction 316
[2026-09-09T15:46:03.157Z INFO  benchmark_client] Sending sample transaction 317
[2026-09-09T15:46:03.207Z INFO  benchmark_client] Sending sample transaction 318
[2026-09-09T15:46:03.257Z INFO  benchmark_client] Sending sample transaction 319
[2026-09-09T15:46:03.308Z INFO  benchmark_client] Sending sample transaction 320
[2026-09-09T15:46:03.357Z INFO  benchmark_client] Sending sample transaction 321
[2026-09-09T15:46:03.407Z INFO  benchmark_client] Sending sample transaction 322
[2026-09-09T15:46:03.457Z INFO  benchmark_client] Sending sample transaction 323
[2026-09-09T15:46:03.508Z INFO  benchmark_client] Sending sample transaction 324
[2026-09-09T15:46:03.557Z INFO  benchmark_client] Sending sample transaction 325
[2026-09-09T15:46:03.607Z INFO  benchmark_client] Sending sample transaction 326
[2026-09-09T15:46:03.658Z INFO  benchmark_client] Sending sample transaction 327
[2026-09-09T15:46:03.707Z INFO  benchmark_client] Sending sample transaction 328
[2026-09-09T15:46:03.758Z INFO  benchmark_client] Sending sample transaction 329
[2026-09-09T15:46:03.808Z INFO  benchmark_client] Sending sample transaction 330
[2026-09-09T15:46:03.857Z INFO  benchmark_client] Sending sample transaction 331
[2026-09-09T15:46:03.907Z INFO  benchmark_client] Sending sample transaction 332
[2026-09-09T15:46:03.958Z INFO  benchmark_client] Sending sample transaction 333
[2026-09-09T15:46:04.008Z INFO  benchmark_client] Sending sample transaction 334
[2026-09-09T15:46:04.057Z INFO  benchmark_client] Sending sample transaction 335
[2026-09-09T15:46:04.108Z INFO  benchmark_client] Sending sample transaction 336
[2026-09-09T15:46:04.157Z INFO  benchmark_client] Sending sample transaction 337
[2026-09-09T15:46:04.208Z INFO  benchmark_client] Sending sample transaction 338
[2026-09-09T15:46:04.259Z INFO  benchmark_client] Sending sample transaction 339
[2026-09-09T15:46:04.308Z INFO  benchmark_client] Sending sample transaction 340
[2026-09-09T15:46:04.358Z INFO  benchmark_client] Sending sample transaction 341
[2026-09-09T15:46:04.407Z INFO  benchmark_client] Sending sample transaction 342
[2026-09-09T15:46:04.457Z INFO  benchmark_client] Sending sample transaction 343
[2026-09-09T15:46:04.507Z INFO  benchmark_client] Sending sample transaction 344
[2026-09-09T15:46:04.557Z INFO  benchmark_client] Sending sample transaction 345
[2026-09-09T15:46:04.607Z INFO  benchmark_client] Sending sample transaction 346
[2026-09-09T15:46:04.657Z INFO  benchmark_client] Sending sample transaction 347
[2026-09-09T15:46:04.707Z INFO  benchmark_client] Sending sample transaction 348
[2026-09-09T15:46:04.757Z INFO  benchmark_client] Sending sample transaction 349
[2026-09-09T15:46:04.808Z INFO  benchmark_client] Sending sample transaction 350
[2026-09-09T15:46:04.857Z INFO  benchmark_client] Sending sample transaction 351
[2026-09-09T15:46:04.908Z INFO  benchmark_client] Sending sample transaction 352
[2026-09-09T15:46:04.958Z INFO  benchmark_client] Sending sample transaction 353
[2026-09-09T15:46:05.007Z INFO  benchmark_client] Sending sample transaction 354
[2026-09-09T15:46:05.059Z INFO  benchmark_client] Sending sample transaction 355
[2026-09-09T15:46:05.107Z INFO  benchmark_client] Sending sample transaction 356
[2026-09-09T15:46:05.159Z INFO  benchmark_client] Sending sample transaction 357
[2026-09-09T15:46:05.210Z INFO  benchmark_client] Sending sample transaction 358
[2026-09-09T15:46:05.258Z INFO  benchmark_client] Sending sample transaction 359
[2026-09-09T15:46:05.309Z INFO  benchmark_client] Sending sample transaction 360
[2026-09-09T15:46:05.358Z INFO  benchmark_client] Sending sample transaction 361
[2026-09-09T15:46:05.409Z INFO  benchmark_client] Sending sample transaction 362
[2026-09-09T15:46:05.457Z INFO  benchmark_client] Sending sample transaction 363
[2026-09-09T15:46:05.508Z INFO  benchmark_client] Sending sample transaction 364
[2026-09-09T15:46:05.559Z INFO  benchmark_client] Sending sample transaction 365
[2026-09-09T15:46:05.609Z INFO  benchmark_client] Sending sample transaction 366
[2026-09-09T15:46:05.657Z INFO  benchmark_client] Sending sample transaction 367
[2026-09-09T15:46:05.708Z INFO  benchmark_client] Sending sample transaction 368
[2026-09-09T15:46:05.760Z INFO  benchmark_client] Sending sample transaction 369
[2026-09-09T15:46:05.809Z INFO  benchmark_client] Sending sample transaction 370
[2026-09-09T15:46:05.857Z INFO  benchmark_client] Sending sample transaction 371
[2026-09-09T15:46:05.907Z INFO  benchmark_client] Sending sample transaction 372
[2026-09-09T15:46:05.957Z INFO  benchmark_client] Sending sample transaction 373
[2026-09-09T15:46:06.008Z INFO  benchmark_client] Sending sample transaction 374
[2026-09-09T15:46:06.060Z INFO  benchmark_client] Sending sample transaction 375
[2026-09-09T15:46:06.107Z INFO  benchmark_client] Sending sample transaction 376
[2026-09-09T15:46:06.159Z INFO  benchmark_client] Sending sample transaction 377
[2026-09-09T15:46:06.207Z INFO  benchmark_client] Sending sample transaction 378
[2026-09-09T15:46:06.258Z INFO  benchmark_client] Sending sample transaction 379
[2026-09-09T15:46:06.308Z INFO  benchmark_client] Sending sample transaction 380
[2026-09-09T15:46:06.357Z INFO  benchmark_client] Sending sample transaction 381
[2026-09-09T15:46:06.408Z INFO  benchmark_client] Sending sample transaction 382
[2026-09-09T15:46:06.458Z INFO  benchmark_client] Sending sample transaction 383
[2026-09-09T15:46:06.509Z INFO  benchmark_client] Sending sample transaction 384
[2026-09-09T15:46:06.557Z INFO  benchmark_client] Sending sample transaction 385
[2026-09-09T15:46:06.607Z INFO  benchmark_client] Sending sample transaction 386
[2026-09-09T15:46:06.659Z INFO  benchmark_client] Sending sample transaction 387
[2026-09-09T15:46:06.708Z INFO  benchmark_client] Sending sample transaction 388
[2026-09-09T15:46:06.757Z INFO  benchmark_client] Sending sample transaction 389
[2026-09-09T15:46:06.810Z INFO  benchmark_client] Sending sample transaction 390
[2026-09-09T15:46:06.859Z INFO  benchmark_client] Sending sample transaction 391
[2026-09-09T15:46:06.909Z INFO  benchmark_client] Sending sample transaction 392
[2026-09-09T15:46:06.959Z INFO  benchmark_client] Sending sample transaction 393
[2026-09-09T15:46:07.007Z INFO  benchmark_client] Sending sample transaction 394
[2026-09-09T15:46:07.058Z INFO  benchmark_client] Sending sample transaction 395
[2026-09-09T15:46:07.107Z INFO  benchmark_client] Sending sample transaction 396
[2026-09-09T15:46:07.159Z INFO  benchmark_client] Sending sample transaction 397
[2026-09-09T15:46:07.210Z INFO  benchmark_client] Sending sample transaction 398
[2026-09-09T15:46:07.258Z INFO  benchmark_client] Sending sample transaction 399
[2026-09-09T15:46:07.307Z INFO  benchmark_client] Sending sample transaction 400
[2026-09-09T15:46:07.357Z INFO  benchmark_client] Sending sample transaction 401
[2026-09-09T15:46:07.409Z INFO  benchmark_client] Sending sample transaction 402
[2026-09-09T15:46:07.458Z INFO  benchmark_client] Sending sample transaction 403
[2026-09-09T15:46:07.507Z INFO  benchmark_client] Sending sample transaction 404
[2026-09-09T15:46:07.558Z INFO  benchmark_client] Sending sample transaction 405
[2026-09-09T15:46:07.607Z INFO  benchmark_client] Sending sample transaction 406
[2026-09-09T15:46:07.657Z INFO  benchmark_client] Sending sample transaction 407
[2026-09-09T15:46:07.709Z INFO  benchmark_client] Sending sample transaction 408
[2026-09-09T15:46:07.757Z INFO  benchmark_client] Sending sample transaction 409
[2026-09-09T15:46:07.808Z INFO  benchmark_client] Sending sample transaction 410
[2026-09-09T15:46:07.857Z INFO  benchmark_client] Sending sample transaction 411
[2026-09-09T15:46:07.908Z INFO  benchmark_client] Sending sample transaction 412
[2026-09-09T15:46:07.958Z INFO  benchmark_client] Sending sample transaction 413
[2026-09-09T15:46:08.007Z INFO  benchmark_client] Sending sample transaction 414
[2026-09-09T15:46:08.059Z INFO  benchmark_client] Sending sample transaction 415
[2026-09-09T15:46:08.109Z INFO  benchmark_client] Sending sample transaction 416
[2026-09-09T15:46:08.157Z INFO  benchmark_client] Sending sample transaction 417
[2026-09-09T15:46:08.208Z INFO  benchmark_client] Sending sample transaction 418
[2026-09-09T15:46:08.259Z INFO  benchmark_client] Sending sample transaction 419
[2026-09-09T15:46:08.308Z INFO  benchmark_client] Sending sample transaction 420
[2026-09-09T15:46:08.357Z INFO  benchmark_client] Sending sample transaction 421
[2026-09-09T15:46:08.407Z INFO  benchmark_client] Sending sample transaction 422
[2026-09-09T15:46:08.457Z INFO  benchmark_client] Sending sample transaction 423
[2026-09-09T15:46:08.508Z INFO  benchmark_client] Sending sample transaction 424
[2026-09-09T15:46:08.557Z INFO  benchmark_client] Sending sample transaction 425
[2026-09-09T15:46:08.607Z INFO  benchmark_client] Sending sample transaction 426
[2026-09-09T15:46:08.657Z INFO  benchmark_client] Sending sample transaction 427
[2026-09-09T15:46:08.707Z INFO  benchmark_client] Sending sample transaction 428
[2026-09-09T15:46:08.757Z INFO  benchmark_client] Sending sample transaction 429
[2026-09-09T15:46:08.807Z INFO  benchmark_client] Sending sample transaction 430
[2026-09-09T15:46:08.858Z INFO  benchmark_client] Sending sample transaction 431
[2026-09-09T15:46:08.907Z INFO  benchmark_client] Sending sample transaction 432
[2026-09-09T15:46:08.958Z INFO  benchmark_client] Sending sample transaction 433
[2026-09-09T15:46:09.007Z INFO  benchmark_client] Sending sample transaction 434
[2026-09-09T15:46:09.057Z INFO  benchmark_client] Sending sample transaction 435
[2026-09-09T15:46:09.108Z INFO  benchmark_client] Sending sample transaction 436
[2026-09-09T15:46:09.158Z INFO  benchmark_client] Sending sample transaction 437
[2026-09-09T15:46:09.207Z INFO  benchmark_client] Sending sample transaction 438
[2026-09-09T15:46:09.257Z INFO  benchmark_client] Sending sample transaction 439
[2026-09-09T15:46:09.307Z INFO  benchmark_client] Sending sample transaction 440
[2026-09-09T15:46:09.357Z INFO  benchmark_client] Sending sample transaction 441
[2026-09-09T15:46:09.407Z INFO  benchmark_client] Sending sample transaction 442
[2026-09-09T15:46:09.459Z INFO  benchmark_client] Sending sample transaction 443
[2026-09-09T15:46:09.510Z INFO  benchmark_client] Sending sample transaction 444
[2026-09-09T15:46:09.557Z INFO  benchmark_client] Sending sample transaction 445
[2026-09-09T15:46:09.608Z INFO  benchmark_client] Sending sample transaction 446
[2026-09-09T15:46:09.660Z INFO  benchmark_client] Sending sample transaction 447
[2026-09-09T15:46:09.708Z INFO  benchmark_client] Sending sample transaction 448
[2026-09-09T15:46:09.757Z INFO  benchmark_client] Sending sample transaction 449
[2026-09-09T15:46:09.810Z INFO  benchmark_client] Sending sample transaction 450
[2026-09-09T15:46:09.858Z INFO  benchmark_client] Sending sample transaction 451
[2026-09-09T15:46:09.908Z INFO  benchmark_client] Sending sample transaction 452
[2026-09-09T15:46:09.957Z INFO  benchmark_client] Sending sample transaction 453
[2026-09-09T15:46:10.007Z INFO  benchmark_client] Sending sample transaction 454
[2026-09-09T15:46:10.057Z INFO  benchmark_client] Sending sample transaction 455
[2026-09-09T15:46:10.107Z INFO  benchmark_client] Sending sample transaction 456
[2026-09-09T15:46:10.157Z INFO  benchmark_client] Sending sample transaction 457
[2026-09-09T15:46:10.210Z INFO  benchmark_client] Sending sample transaction 458
[2026-09-09T15:46:10.257Z INFO  benchmark_client] Sending sample transaction 459
[2026-09-09T15:46:10.309Z INFO  benchmark_client] Sending sample transaction 460
[2026-09-09T15:46:10.358Z INFO  benchmark_client] Sending sample transaction 461
[2026-09-09T15:46:10.407Z INFO  benchmark_client] Sending sample transaction 462
[2026-09-09T15:46:10.458Z INFO  benchmark_client] Sending sample transaction 463
[2026-09-09T15:46:10.507Z INFO  benchmark_client] Sending sample transaction 464
[2026-09-09T15:46:10.557Z INFO  benchmark_client] Sending sample transaction 465
[2026-09-09T15:46:10.608Z INFO  benchmark_client] Sending sample transaction 466
[2026-09-09T15:46:10.657Z INFO  benchmark_client] Sending sample transaction 467
[2026-09-09T15:46:10.707Z INFO  benchmark_client] Sending sample transaction 468
[2026-09-09T15:46:10.761Z INFO  benchmark_client] Sending sample transaction 469
[2026-09-09T15:46:10.808Z INFO  benchmark_client] Sending sample transaction 470
[2026-09-09T15:46:10.857Z INFO  benchmark_client] Sending sample transaction 471
[2026-09-09T15:46:10.908Z INFO  benchmark_client] Sending sample transaction 472
[2026-09-09T15:46:10.957Z INFO  benchmark_client] Sending sample transaction 473
[2026-09-09T15:46:11.008Z INFO  benchmark_client] Sending sample transaction 474
[2026-09-09T15:46:11.058Z INFO  benchmark_client] Sending sample transaction 475
[2026-09-09T15:46:11.110Z INFO  benchmark_client] Sending sample transaction 476
[2026-09-09T15:46:11.159Z INFO  benchmark_client] Sending sample transaction 477
[2026-09-09T15:46:11.208Z INFO  benchmark_client] Sending sample transaction 478
[2026-09-09T15:46:11.257Z INFO  benchmark_client] Sending sample transaction 479
[2026-09-09T15:46:11.308Z INFO  benchmark_client] Sending sample transaction 480
[2026-09-09T15:46:11.357Z INFO  benchmark_client] Sending sample transaction 481
[2026-09-09T15:46:11.407Z INFO  benchmark_client] Sending sample transaction 482
[2026-09-09T15:46:11.459Z INFO  benchmark_client] Sending sample transaction 483
[2026-09-09T15:46:11.509Z INFO  benchmark_client] Sending sample transaction 484
[2026-09-09T15:46:11.558Z INFO  benchmark_client] Sending sample transaction 485
[2026-09-09T15:46:11.609Z INFO  benchmark_client] Sending sample transaction 486
[2026-09-09T15:46:11.657Z INFO  benchmark_client] Sending sample transaction 487
[2026-09-09T15:46:11.709Z INFO  benchmark_client] Sending sample transaction 488
[2026-09-09T15:46:11.757Z INFO  benchmark_client] Sending sample transaction 489
[2026-09-09T15:46:11.810Z INFO  benchmark_client] Sending sample transaction 490
[2026-09-09T15:46:11.857Z INFO  benchmark_client] Sending sample transaction 491
[2026-09-09T15:46:11.908Z INFO  benchmark_client] Sending sample transaction 492
[2026-09-09T15:46:11.958Z INFO  benchmark_client] Sending sample transaction 493
[2026-09-09T15:46:12.007Z INFO  benchmark_client] Sending sample transaction 494
[2026-09-09T15:46:12.057Z INFO  benchmark_client] Sending sample transaction 495
[2026-09-09T15:46:12.107Z INFO  benchmark_client] Sending sample transaction 496
[2026-09-09T15:46:12.159Z INFO  benchmark_client] Sending sample transaction 497
[2026-09-09T15:46:12.207Z INFO  benchmark_client] Sending sample transaction 498
[2026-09-09T15:46:12.259Z INFO  benchmark_client] Sending sample transaction 499
[2026-09-09T15:46:12.308Z INFO  benchmark_client] Sending sample transaction 500
[2026-09-09T15:46:12.357Z INFO  benchmark_client] Sending sample transaction 501
[2026-09-09T15:46:12.408Z INFO  benchmark_client] Sending sample transaction 502
[2026-09-09T15:46:12.459Z INFO  benchmark_client] Sending sample transaction 503
[2026-09-09T15:46:12.508Z INFO  benchmark_client] Sending sample transaction 504
[2026-09-09T15:46:12.558Z INFO  benchmark_client] Sending sample transaction 505
[2026-09-09T15:46:12.610Z INFO  benchmark_client] Sending sample transaction 506
[2026-09-09T15:46:12.658Z INFO  benchmark_client] Sending sample transaction 507
[2026-09-09T15:46:12.708Z INFO  benchmark_client] Sending sample transaction 508
[2026-09-09T15:46:12.757Z INFO  benchmark_client] Sending sample transaction 509
[2026-09-09T15:46:12.808Z INFO  benchmark_client] Sending sample transaction 510
[2026-09-09T15:46:12.858Z INFO  benchmark_client] Sending sample transaction 511
[2026-09-09T15:46:12.909Z INFO  benchmark_client] Sending sample transaction 512
[2026-09-09T15:46:12.959Z INFO  benchmark_client] Sending sample transaction 513
[2026-09-09T15:46:13.009Z INFO  benchmark_client] Sending sample transaction 514
[2026-09-09T15:46:13.058Z INFO  benchmark_client] Sending sample transaction 515
[2026-09-09T15:46:13.107Z INFO  benchmark_client] Sending sample transaction 516
[2026-09-09T15:46:13.158Z INFO  benchmark_client] Sending sample transaction 517
[2026-09-09T15:46:13.207Z INFO  benchmark_client] Sending sample transaction 518
[2026-09-09T15:46:13.258Z INFO  benchmark_client] Sending sample transaction 519
[2026-09-09T15:46:13.307Z INFO  benchmark_client] Sending sample transaction 520
[2026-09-09T15:46:13.358Z INFO  benchmark_client] Sending sample transaction 521
[2026-09-09T15:46:13.407Z INFO  benchmark_client] Sending sample transaction 522
[2026-09-09T15:46:13.457Z INFO  benchmark_client] Sending sample transaction 523
[2026-09-09T15:46:13.508Z INFO  benchmark_client] Sending sample transaction 524
[2026-09-09T15:46:13.558Z INFO  benchmark_client] Sending sample transaction 525
[2026-09-09T15:46:13.609Z INFO  benchmark_client] Sending sample transaction 526
[2026-09-09T15:46:13.658Z INFO  benchmark_client] Sending sample transaction 527
[2026-09-09T15:46:13.710Z INFO  benchmark_client] Sending sample transaction 528
[2026-09-09T15:46:13.757Z INFO  benchmark_client] Sending sample transaction 529
[2026-09-09T15:46:13.811Z INFO  benchmark_client] Sending sample transaction 530
[2026-09-09T15:46:13.857Z INFO  benchmark_client] Sending sample transaction 531
[2026-09-09T15:46:13.908Z INFO  benchmark_client] Sending sample transaction 532
[2026-09-09T15:46:13.957Z INFO  benchmark_client] Sending sample transaction 533
[2026-09-09T15:46:14.010Z INFO  benchmark_client] Sending sample transaction 534
[2026-09-09T15:46:14.058Z INFO  benchmark_client] Sending sample transaction 535
[2026-09-09T15:46:14.109Z INFO  benchmark_client] Sending sample transaction 536
[2026-09-09T15:46:14.159Z INFO  benchmark_client] Sending sample transaction 537
[2026-09-09T15:46:14.209Z INFO  benchmark_client] Sending sample transaction 538
[2026-09-09T15:46:14.257Z INFO  benchmark_client] Sending sample transaction 539
[2026-09-09T15:46:14.307Z INFO  benchmark_client] Sending sample transaction 540
[2026-09-09T15:46:14.358Z INFO  benchmark_client] Sending sample transaction 541
[2026-09-09T15:46:14.407Z INFO  benchmark_client] Sending sample transaction 542
[2026-09-09T15:46:14.458Z INFO  benchmark_client] Sending sample transaction 543
[2026-09-09T15:46:14.508Z INFO  benchmark_client] Sending sample transaction 544
[2026-09-09T15:46:14.561Z INFO  benchmark_client] Sending sample transaction 545
[2026-09-09T15:46:14.610Z INFO  benchmark_client] Sending sample transaction 546
[2026-09-09T15:46:14.657Z INFO  benchmark_client] Sending sample transaction 547
[2026-09-09T15:46:14.707Z INFO  benchmark_client] Sending sample transaction 548
[2026-09-09T15:46:14.758Z INFO  benchmark_client] Sending sample transaction 549
[2026-09-09T15:46:14.810Z INFO  benchmark_client] Sending sample transaction 550
[2026-09-09T15:46:14.857Z INFO  benchmark_client] Sending sample transaction 551
[2026-09-09T15:46:14.907Z INFO  benchmark_client] Sending sample transaction 552
[2026-09-09T15:46:14.957Z INFO  benchmark_client] Sending sample transaction 553
[2026-09-09T15:46:15.011Z INFO  benchmark_client] Sending sample transaction 554
[2026-09-09T15:46:15.058Z INFO  benchmark_client] Sending sample transaction 555
[2026-09-09T15:46:15.108Z INFO  benchmark_client] Sending sample transaction 556
[2026-09-09T15:46:15.158Z INFO  benchmark_client] Sending sample transaction 557
[2026-09-09T15:46:15.207Z INFO  benchmark_client] Sending sample transaction 558
[2026-09-09T15:46:15.259Z INFO  benchmark_client] Sending sample transaction 559
[2026-09-09T15:46:15.313Z INFO  benchmark_client] Sending sample transaction 560
[2026-09-09T15:46:15.357Z INFO  benchmark_client] Sending sample transaction 561
[2026-09-09T15:46:15.409Z INFO  benchmark_client] Sending sample transaction 562
[2026-09-09T15:46:15.459Z INFO  benchmark_client] Sending sample transaction 563
[2026-09-09T15:46:15.507Z INFO  benchmark_client] Sending sample transaction 564
[2026-09-09T15:46:15.558Z INFO  benchmark_client] Sending sample transaction 565
[2026-09-09T15:46:15.613Z INFO  benchmark_client] Sending sample transaction 566
[2026-09-09T15:46:15.657Z INFO  benchmark_client] Sending sample transaction 567
[2026-09-09T15:46:15.707Z INFO  benchmark_client] Sending sample transaction 568
[2026-09-09T15:46:15.759Z INFO  benchmark_client] Sending sample transaction 569
[2026-09-09T15:46:15.808Z INFO  benchmark_client] Sending sample transaction 570
[2026-09-09T15:46:15.859Z INFO  benchmark_client] Sending sample transaction 571
[2026-09-09T15:46:15.908Z INFO  benchmark_client] Sending sample transaction 572
[2026-09-09T15:46:15.960Z INFO  benchmark_client] Sending sample transaction 573
[2026-09-09T15:46:16.009Z INFO  benchmark_client] Sending sample transaction 574
[2026-09-09T15:46:16.060Z INFO  benchmark_client] Sending sample transaction 575
[2026-09-09T15:46:16.111Z INFO  benchmark_client] Sending sample transaction 576
[2026-09-09T15:46:16.159Z INFO  benchmark_client] Sending sample transaction 577
[2026-09-09T15:46:16.208Z INFO  benchmark_client] Sending sample transaction 578
[2026-09-09T15:46:16.259Z INFO  benchmark_client] Sending sample transaction 579
[2026-09-09T15:46:16.311Z INFO  benchmark_client] Sending sample transaction 580
[2026-09-09T15:46:16.358Z INFO  benchmark_client] Sending sample transaction 581
[2026-09-09T15:46:16.409Z INFO  benchmark_client] Sending sample transaction 582
[2026-09-09T15:46:16.458Z INFO  benchmark_client] Sending sample transaction 583
[2026-09-09T15:46:16.511Z INFO  benchmark_client] Sending sample transaction 584
[2026-09-09T15:46:16.558Z INFO  benchmark_client] Sending sample transaction 585
[2026-09-09T15:46:16.609Z INFO  benchmark_client] Sending sample transaction 586
[2026-09-09T15:46:16.661Z INFO  benchmark_client] Sending sample transaction 587
[2026-09-09T15:46:16.708Z INFO  benchmark_client] Sending sample transaction 588
[2026-09-09T15:46:16.760Z INFO  benchmark_client] Sending sample transaction 589
[2026-09-09T15:46:16.808Z INFO  benchmark_client] Sending sample transaction 590
[2026-09-09T15:46:16.858Z INFO  benchmark_client] Sending sample transaction 591
[2026-09-09T15:46:16.911Z INFO  benchmark_client] Sending sample transaction 592
[2026-09-09T15:46:16.958Z INFO  benchmark_client] Sending sample transaction 593
