[2026-09-09T15:45:46.689Z INFO  benchmark_client] Node address: 34.80.105.161:5038
[2026-09-09T15:45:46.689Z INFO  benchmark_client] Transactions size: 512 B
[2026-09-09T15:45:46.689Z INFO  benchmark_client] Transactions rate: 12000 tx/s
[2026-09-09T15:45:46.689Z INFO  benchmark_client] Waiting for all nodes to be online...
[2026-09-09T15:45:46.957Z INFO  benchmark_client] Start sending transactions
[2026-09-09T15:45:46.959Z INFO  benchmark_client] Sending sample transaction 0
[2026-09-09T15:45:47.009Z INFO  benchmark_client] Sending sample transaction 1
[2026-09-09T15:45:47.059Z INFO  benchmark_client] Sending sample transaction 2
[2026-09-09T15:45:47.109Z INFO  benchmark_client] Sending sample transaction 3
[2026-09-09T15:45:47.159Z INFO  benchmark_client] Sending sample transaction 4
[2026-09-09T15:45:47.209Z INFO  benchmark_client] Sending sample transaction 5
[2026-09-09T15:45:47.259Z INFO  benchmark_client] Sending sample transaction 6
[2026-09-09T15:45:47.309Z INFO  benchmark_client] Sending sample transaction 7
[2026-09-09T15:45:47.359Z INFO  benchmark_client] Sending sample transaction 8
[2026-09-09T15:45:47.408Z INFO  benchmark_client] Sending sample transaction 9
[2026-09-09T15:45:47.459Z INFO  benchmark_client] Sending sample transaction 10
[2026-09-09T15:45:47.509Z INFO  benchmark_client] Sending sample transaction 11
[2026-09-09T15:45:47.559Z INFO  benchmark_client] Sending sample transaction 12
[2026-09-09T15:45:47.609Z INFO  benchmark_client] Sending sample transaction 13
[2026-09-09T15:45:47.659Z INFO  benchmark_client] Sending sample transaction 14
[2026-09-09T15:45:47.710Z INFO  benchmark_client] Sending sample transaction 15
[2026-09-09T15:45:47.759Z INFO  benchmark_client] Sending sample transaction 16
[2026-09-09T15:45:47.810Z INFO  benchmark_client] Sending sample transaction 17
[2026-09-09T15:45:47.859Z INFO  benchmark_client] Sending sample transaction 18
[2026-09-09T15:45:47.909Z INFO  benchmark_client] Sending sample transaction 19
[2026-09-09T15:45:47.960Z INFO  benchmark_client] Sending sample transaction 20
[2026-09-09T15:45:48.009Z INFO  benchmark_client] Sending sample transaction 21
[2026-09-09T15:45:48.059Z INFO  benchmark_client] Sending sample transaction 22
[2026-09-09T15:45:48.109Z INFO  benchmark_client] Sending sample transaction 23
[2026-09-09T15:45:48.159Z INFO  benchmark_client] Sending sample transaction 24
[2026-09-09T15:45:48.209Z INFO  benchmark_client] Sending sample transaction 25
[2026-09-09T15:45:48.259Z INFO  benchmark_client] Sending sample transaction 26
[2026-09-09T15:45:48.309Z INFO  benchmark_client] Sending sample transaction 27
[2026-09-09T15:45:48.359Z INFO  benchmark_client] Sending sample transaction 28
[2026-09-09T15:45:48.409Z INFO  benchmark_client] Sending sample transaction 29
[2026-09-09T15:45:48.459Z INFO  benchmark_client] Sending sample transaction 30
[2026-09-09T15:45:48.509Z INFO  benchmark_client] Sending sample transaction 31
[2026-09-09T15:45:48.561Z INFO  benchmark_client] Sending sample transaction 32
[2026-09-09T15:45:48.609Z INFO  benchmark_client] Sending sample transaction 33
[2026-09-09T15:45:48.659Z INFO  benchmark_client] Sending sample transaction 34
[2026-09-09T15:45:48.709Z INFO  benchmark_client] Sending sample transaction 35
[2026-09-09T15:45:48.760Z INFO  benchmark_client] Sending sample transaction 36
[2026-09-09T15:45:48.809Z INFO  benchmark_client] Sending sample transaction 37
[2026-09-09T15:45:48.859Z INFO  benchmark_client] Sending sample transaction 38
[2026-09-09T15:45:48.910Z INFO  benchmark_client] Sending sample transaction 39
[2026-09-09T15:45:48.959Z INFO  benchmark_client] Sending sample transaction 40
[2026-09-09T15:45:49.011Z INFO  benchmark_client] Sending sample transaction 41
[2026-09-09T15:45:49.059Z INFO  benchmark_client] Sending sample transaction 42
[2026-09-09T15:45:49.109Z INFO  benchmark_client] Sending sample transaction 43
[2026-09-09T15:45:49.159Z INFO  benchmark_client] Sending sample transaction 44
[2026-09-09T15:45:49.209Z INFO  benchmark_client] Sending sample transaction 45
[2026-09-09T15:45:49.263Z INFO  benchmark_client] Sending sample transaction 46
[2026-09-09T15:45:49.309Z INFO  benchmark_client] Sending sample transaction 47
[2026-09-09T15:45:49.359Z INFO  benchmark_client] Sending sample transaction 48
[2026-09-09T15:45:49.411Z INFO  benchmark_client] Sending sample transaction 49
[2026-09-09T15:45:49.459Z INFO  benchmark_client] Sending sample transaction 50
[2026-09-09T15:45:49.509Z INFO  benchmark_client] Sending sample transaction 51
[2026-09-09T15:45:49.559Z INFO  benchmark_client] Sending sample transaction 52
[2026-09-09T15:45:49.611Z INFO  benchmark_client] Sending sample transaction 53
[2026-09-09T15:45:49.660Z INFO  benchmark_client] Sending sample transaction 54
[2026-09-09T15:45:49.709Z INFO  benchmark_client] Sending sample transaction 55
[2026-09-09T15:45:49.761Z INFO  benchmark_client] Sending sample transaction 56
[2026-09-09T15:45:49.809Z INFO  benchmark_client] Sending sample transaction 57
[2026-09-09T15:45:49.859Z INFO  benchmark_client] Sending sample transaction 58
[2026-09-09T15:45:49.909Z INFO  benchmark_client] Sending sample transaction 59
[2026-09-09T15:45:49.959Z INFO  benchmark_client] Sending sample transaction 60
[2026-09-09T15:45:50.009Z INFO  benchmark_client] Sending sample transaction 61
[2026-09-09T15:45:50.060Z INFO  benchmark_client] Sending sample transaction 62
[2026-09-09T15:45:50.111Z INFO  benchmark_client] Sending sample transaction 63
[2026-09-09T15:45:50.159Z INFO  benchmark_client] Sending sample transaction 64
[2026-09-09T15:45:50.209Z INFO  benchmark_client] Sending sample transaction 65
[2026-09-09T15:45:50.260Z INFO  benchmark_client] Sending sample transaction 66
[2026-09-09T15:45:50.309Z INFO  benchmark_client] Sending sample transaction 67
[2026-09-09T15:45:50.359Z INFO  benchmark_client] Sending sample transaction 68
[2026-09-09T15:45:50.409Z INFO  benchmark_client] Sending sample transaction 69
[2026-09-09T15:45:50.459Z INFO  benchmark_client] Sending sample transaction 70
[2026-09-09T15:45:50.509Z INFO  benchmark_client] Sending sample transaction 71
[2026-09-09T15:45:50.559Z INFO  benchmark_client] Sending sample transaction 72
[2026-09-09T15:45:50.609Z INFO  benchmark_client] Sending sample transaction 73
[2026-09-09T15:45:50.659Z INFO  benchmark_client] Sending sample transaction 74
[2026-09-09T15:45:50.710Z INFO  benchmark_client] Sending sample transaction 75
[2026-09-09T15:45:50.760Z INFO  benchmark_client] Sending sample transaction 76
[2026-09-09T15:45:50.811Z INFO  benchmark_client] Sending sample transaction 77
[2026-09-09T15:45:50.859Z INFO  benchmark_client] Sending sample transaction 78
[2026-09-09T15:45:50.909Z INFO  benchmark_client] Sending sample transaction 79
[2026-09-09T15:45:50.959Z INFO  benchmark_client] Sending sample transaction 80
[2026-09-09T15:45:51.009Z INFO  benchmark_client] Sending sample transaction 81
[2026-09-09T15:45:51.061Z INFO  benchmark_client] Sending sample transaction 82
[2026-09-09T15:45:51.111Z INFO  benchmark_client] Sending sample transaction 83
[2026-09-09T15:45:51.159Z INFO  benchmark_client] Sending sample transaction 84
[2026-09-09T15:45:51.209Z INFO  benchmark_client] Sending sample transaction 85
[2026-09-09T15:45:51.259Z INFO  benchmark_client] Sending sample transaction 86
[2026-09-09T15:45:51.309Z INFO  benchmark_client] Sending sample transaction 87
[2026-09-09T15:45:51.359Z INFO  benchmark_client] Sending sample transaction 88
[2026-09-09T15:45:51.409Z INFO  benchmark_client] Sending sample transaction 89
[2026-09-09T15:45:51.460Z INFO  benchmark_client] Sending sample transaction 90
[2026-09-09T15:45:51.509Z INFO  benchmark_client] Sending sample transaction 91
[2026-09-09T15:45:51.559Z INFO  benchmark_client] Sending sample transaction 92
[2026-09-09T15:45:51.609Z INFO  benchmark_client] Sending sample transaction 93
[2026-09-09T15:45:51.659Z INFO  benchmark_client] Sending sample transaction 94
[2026-09-09T15:45:51.709Z INFO  benchmark_client] Sending sample transaction 95
[2026-09-09T15:45:51.759Z INFO  benchmark_client] Sending sample transaction 96
[2026-09-09T15:45:51.809Z INFO  benchmark_client] Sending sample transaction 97
[2026-09-09T15:45:51.859Z INFO  benchmark_client] Sending sample transaction 98
[2026-09-09T15:45:51.909Z INFO  benchmark_client] Sending sample transaction 99
[2026-09-09T15:45:51.962Z INFO  benchmark_client] Sending sample transaction 100
[2026-09-09T15:45:52.011Z INFO  benchmark_client] Sending sample transaction 101
[2026-09-09T15:45:52.062Z INFO  benchmark_client] Sending sample transaction 102
[2026-09-09T15:45:52.110Z INFO  benchmark_client] Sending sample transaction 103
[2026-09-09T15:45:52.161Z INFO  benchmark_client] Sending sample transaction 104
[2026-09-09T15:45:52.211Z INFO  benchmark_client] Sending sample transaction 105
[2026-09-09T15:45:52.259Z INFO  benchmark_client] Sending sample transaction 106
[2026-09-09T15:45:52.310Z INFO  benchmark_client] Sending sample transaction 107
[2026-09-09T15:45:52.360Z INFO  benchmark_client] Sending sample transaction 108
[2026-09-09T15:45:52.411Z INFO  benchmark_client] Sending sample transaction 109
[2026-09-09T15:45:52.459Z INFO  benchmark_client] Sending sample transaction 110
[2026-09-09T15:45:52.509Z INFO  benchmark_client] Sending sample transaction 111
[2026-09-09T15:45:52.559Z INFO  benchmark_client] Sending sample transaction 112
[2026-09-09T15:45:52.610Z INFO  benchmark_client] Sending sample transaction 113
[2026-09-09T15:45:52.659Z INFO  benchmark_client] Sending sample transaction 114
[2026-09-09T15:45:52.710Z INFO  benchmark_client] Sending sample transaction 115
[2026-09-09T15:45:52.759Z INFO  benchmark_client] Sending sample transaction 116
[2026-09-09T15:45:52.809Z INFO  benchmark_client] Sending sample transaction 117
[2026-09-09T15:45:52.859Z INFO  benchmark_client] Sending sample transaction 118
[2026-09-09T15:45:52.909Z INFO  benchmark_client] Sending sample transaction 119
[2026-09-09T15:45:52.959Z INFO  benchmark_client] Sending sample transaction 120
[2026-09-09T15:45:53.009Z INFO  benchmark_client] Sending sample transaction 121
[2026-09-09T15:45:53.059Z INFO  benchmark_client] Sending sample transaction 122
[2026-09-09T15:45:53.109Z INFO  benchmark_client] Sending sample transaction 123
[2026-09-09T15:45:53.159Z INFO  benchmark_client] Sending sample transaction 124
[2026-09-09T15:45:53.209Z INFO  benchmark_client] Sending sample transaction 125
[2026-09-09T15:45:53.263Z INFO  benchmark_client] Sending sample transaction 126
[2026-09-09T15:45:53.309Z INFO  benchmark_client] Sending sample transaction 127
[2026-09-09T15:45:53.359Z INFO  benchmark_client] Sending sample transaction 128
[2026-09-09T15:45:53.409Z INFO  benchmark_client] Sending sample transaction 129
[2026-09-09T15:45:53.459Z INFO  benchmark_client] Sending sample transaction 130
[2026-09-09T15:45:53.509Z INFO  benchmark_client] Sending sample transaction 131
[2026-09-09T15:45:53.559Z INFO  benchmark_client] Sending sample transaction 132
[2026-09-09T15:45:53.609Z INFO  benchmark_client] Sending sample transaction 133
[2026-09-09T15:45:53.660Z INFO  benchmark_client] Sending sample transaction 134
[2026-09-09T15:45:53.710Z INFO  benchmark_client] Sending sample transaction 135
[2026-09-09T15:45:53.759Z INFO  benchmark_client] Sending sample transaction 136
[2026-09-09T15:45:53.809Z INFO  benchmark_client] Sending sample transaction 137
[2026-09-09T15:45:53.860Z INFO  benchmark_client] Sending sample transaction 138
[2026-09-09T15:45:53.910Z INFO  benchmark_client] Sending sample transaction 139
[2026-09-09T15:45:53.959Z INFO  benchmark_client] Sending sample transaction 140
[2026-09-09T15:45:54.012Z INFO  benchmark_client] Sending sample transaction 141
[2026-09-09T15:45:54.059Z INFO  benchmark_client] Sending sample transaction 142
[2026-09-09T15:45:54.109Z INFO  benchmark_client] Sending sample transaction 143
[2026-09-09T15:45:54.159Z INFO  benchmark_client] Sending sample transaction 144
[2026-09-09T15:45:54.209Z INFO  benchmark_client] Sending sample transaction 145
[2026-09-09T15:45:54.259Z INFO  benchmark_client] Sending sample transaction 146
[2026-09-09T15:45:54.309Z INFO  benchmark_client] Sending sample transaction 147
[2026-09-09T15:45:54.359Z INFO  benchmark_client] Sending sample transaction 148
[2026-09-09T15:45:54.411Z INFO  benchmark_client] Sending sample transaction 149
[2026-09-09T15:45:54.459Z INFO  benchmark_client] Sending sample transaction 150
[2026-09-09T15:45:54.510Z INFO  benchmark_client] Sending sample transaction 151
[2026-09-09T15:45:54.559Z INFO  benchmark_client] Sending sample transaction 152
[2026-09-09T15:45:54.610Z INFO  benchmark_client] Sending sample transaction 153
[2026-09-09T15:45:54.659Z INFO  benchmark_client] Sending sample transaction 154
[2026-09-09T15:45:54.709Z INFO  benchmark_client] Sending sample transaction 155
[2026-09-09T15:45:54.760Z INFO  benchmark_client] Sending sample transaction 156
[2026-09-09T15:45:54.811Z INFO  benchmark_client] Sending sample transaction 157
[2026-09-09T15:45:54.859Z INFO  benchmark_client] Sending sample transaction 158
[2026-09-09T15:45:54.909Z INFO  benchmark_client] Sending sample transaction 159
[2026-09-09T15:45:54.960Z INFO  benchmark_client] Sending sample transaction 160
[2026-09-09T15:45:55.010Z INFO  benchmark_client] Sending sample transaction 161
[2026-09-09T15:45:55.060Z INFO  benchmark_client] Sending sample transaction 162
[2026-09-09T15:45:55.110Z INFO  benchmark_client] Sending sample transaction 163
[2026-09-09T15:45:55.162Z INFO  benchmark_client] Sending sample transaction 164
[2026-09-09T15:45:55.210Z INFO  benchmark_client] Sending sample transaction 165
[2026-09-09T15:45:55.259Z INFO  benchmark_client] Sending sample transaction 166
[2026-09-09T15:45:55.310Z INFO  benchmark_client] Sending sample transaction 167
[2026-09-09T15:45:55.360Z INFO  benchmark_client] Sending sample transaction 168
[2026-09-09T15:45:55.410Z INFO  benchmark_client] Sending sample transaction 169
[2026-09-09T15:45:55.460Z INFO  benchmark_client] Sending sample transaction 170
[2026-09-09T15:45:55.509Z INFO  benchmark_client] Sending sample transaction 171
[2026-09-09T15:45:55.559Z INFO  benchmark_client] Sending sample transaction 172
[2026-09-09T15:45:55.610Z INFO  benchmark_client] Sending sample transaction 173
[2026-09-09T15:45:55.660Z INFO  benchmark_client] Sending sample transaction 174
[2026-09-09T15:45:55.709Z INFO  benchmark_client] Sending sample transaction 175
[2026-09-09T15:45:55.759Z INFO  benchmark_client] Sending sample transaction 176
[2026-09-09T15:45:55.809Z INFO  benchmark_client] Sending sample transaction 177
[2026-09-09T15:45:55.859Z INFO  benchmark_client] Sending sample transaction 178
[2026-09-09T15:45:55.909Z INFO  benchmark_client] Sending sample transaction 179
[2026-09-09T15:45:55.959Z INFO  benchmark_client] Sending sample transaction 180
[2026-09-09T15:45:56.009Z INFO  benchmark_client] Sending sample transaction 181
[2026-09-09T15:45:56.059Z INFO  benchmark_client] Sending sample transaction 182
[2026-09-09T15:45:56.110Z INFO  benchmark_client] Sending sample transaction 183
[2026-09-09T15:45:56.159Z INFO  benchmark_client] Sending sample transaction 184
[2026-09-09T15:45:56.210Z INFO  benchmark_client] Sending sample transaction 185
[2026-09-09T15:45:56.259Z INFO  benchmark_client] Sending sample transaction 186
[2026-09-09T15:45:56.311Z INFO  benchmark_client] Sending sample transaction 187
[2026-09-09T15:45:56.360Z INFO  benchmark_client] Sending sample transaction 188
[2026-09-09T15:45:56.409Z INFO  benchmark_client] Sending sample transaction 189
[2026-09-09T15:45:56.460Z INFO  benchmark_client] Sending sample transaction 190
[2026-09-09T15:45:56.509Z INFO  benchmark_client] Sending sample transaction 191
[2026-09-09T15:45:56.560Z INFO  benchmark_client] Sending sample transaction 192
[2026-09-09T15:45:56.609Z INFO  benchmark_client] Sending sample transaction 193
[2026-09-09T15:45:56.662Z INFO  benchmark_client] Sending sample transaction 194
[2026-09-09T15:45:56.710Z INFO  benchmark_client] Sending sample transaction 195
[2026-09-09T15:45:56.759Z INFO  benchmark_client] Sending sample transaction 196
[2026-09-09T15:45:56.812Z INFO  benchmark_client] Sending sample transaction 197
[2026-09-09T15:45:56.859Z INFO  benchmark_client] Sending sample transaction 198
[2026-09-09T15:45:56.909Z INFO  benchmark_client] Sending sample transaction 199
[2026-09-09T15:45:56.961Z INFO  benchmark_client] Sending sample transaction 200
[2026-09-09T15:45:57.009Z INFO  benchmark_client] Sending sample transaction 201
[2026-09-09T15:45:57.059Z INFO  benchmark_client] Sending sample transaction 202
[2026-09-09T15:45:57.109Z INFO  benchmark_client] Sending sample transaction 203
[2026-09-09T15:45:57.160Z INFO  benchmark_client] Sending sample transaction 204
[2026-09-09T15:45:57.209Z INFO  benchmark_client] Sending sample transaction 205
[2026-09-09T15:45:57.259Z INFO  benchmark_client] Sending sample transaction 206
[2026-09-09T15:45:57.309Z INFO  benchmark_client] Sending sample transaction 207
[2026-09-09T15:45:57.360Z INFO  benchmark_client] Sending sample transaction 208
[2026-09-09T15:45:57.409Z INFO  benchmark_client] Sending sample transaction 209
[2026-09-09T15:45:57.460Z INFO  benchmark_client] Sending sample transaction 210
[2026-09-09T15:45:57.509Z INFO  benchmark_client] Sending sample transaction 211
[2026-09-09T15:45:57.560Z INFO  benchmark_client] Sending sample transaction 212
[2026-09-09T15:45:57.609Z INFO  benchmark_client] Sending sample transaction 213
[2026-09-09T15:45:57.659Z INFO  benchmark_client] Sending sample transaction 214
[2026-09-09T15:45:57.709Z INFO  benchmark_client] Sending sample transaction 215
[2026-09-09T15:45:57.759Z INFO  benchmark_client] Sending sample transaction 216
[2026-09-09T15:45:57.809Z INFO  benchmark_client] Sending sample transaction 217
[2026-09-09T15:45:57.860Z INFO  benchmark_client] Sending sample transaction 218
[2026-09-09T15:45:57.909Z INFO  benchmark_client] Sending sample transaction 219
[2026-09-09T15:45:57.959Z INFO  benchmark_client] Sending sample transaction 220
[2026-09-09T15:45:58.010Z INFO  benchmark_client] Sending sample transaction 221
[2026-09-09T15:45:58.059Z INFO  benchmark_client] Sending sample transaction 222
[2026-09-09T15:45:58.111Z INFO  benchmark_client] Sending sample transaction 223
[2026-09-09T15:45:58.160Z INFO  benchmark_client] Sending sample transaction 224
[2026-09-09T15:45:58.210Z INFO  benchmark_client] Sending sample transaction 225
[2026-09-09T15:45:58.260Z INFO  benchmark_client] Sending sample transaction 226
[2026-09-09T15:45:58.309Z INFO  benchmark_client] Sending sample transaction 227
[2026-09-09T15:45:58.361Z INFO  benchmark_client] Sending sample transaction 228
[2026-09-09T15:45:58.409Z INFO  benchmark_client] Sending sample transaction 229
[2026-09-09T15:45:58.459Z INFO  benchmark_client] Sending sample transaction 230
[2026-09-09T15:45:58.509Z INFO  benchmark_client] Sending sample transaction 231
[2026-09-09T15:45:58.560Z INFO  benchmark_client] Sending sample transaction 232
[2026-09-09T15:45:58.609Z INFO  benchmark_client] Sending sample transaction 233
[2026-09-09T15:45:58.659Z INFO  benchmark_client] Sending sample transaction 234
[2026-09-09T15:45:58.711Z INFO  benchmark_client] Sending sample transaction 235
[2026-09-09T15:45:58.759Z INFO  benchmark_client] Sending sample transaction 236
[2026-09-09T15:45:58.809Z INFO  benchmark_client] Sending sample transaction 237
[2026-09-09T15:45:58.859Z INFO  benchmark_client] Sending sample transaction 238
[2026-09-09T15:45:58.909Z INFO  benchmark_client] Sending sample transaction 239
[2026-09-09T15:45:58.959Z INFO  benchmark_client] Sending sample transaction 240
[2026-09-09T15:45:59.009Z INFO  benchmark_client] Sending sample transaction 241
[2026-09-09T15:45:59.060Z INFO  benchmark_client] Sending sample transaction 242
[2026-09-09T15:45:59.109Z INFO  benchmark_client] Sending sample transaction 243
[2026-09-09T15:45:59.160Z INFO  benchmark_client] Sending sample transaction 244
[2026-09-09T15:45:59.210Z INFO  benchmark_client] Sending sample transaction 245
[2026-09-09T15:45:59.260Z INFO  benchmark_client] Sending sample transaction 246
[2026-09-09T15:45:59.310Z INFO  benchmark_client] Sending sample transaction 247
[2026-09-09T15:45:59.359Z INFO  benchmark_client] Sending sample transaction 248
[2026-09-09T15:45:59.413Z INFO  benchmark_client] Sending sample transaction 249
[2026-09-09T15:45:59.460Z INFO  benchmark_client] Sending sample transaction 250
[2026-09-09T15:45:59.510Z INFO  benchmark_client] Sending sample transaction 251
[2026-09-09T15:45:59.560Z INFO  benchmark_client] Sending sample transaction 252
[2026-09-09T15:45:59.610Z INFO  benchmark_client] Sending sample transaction 253
[2026-09-09T15:45:59.659Z INFO  benchmark_client] Sending sample transaction 254
[2026-09-09T15:45:59.710Z INFO  benchmark_client] Sending sample transaction 255
[2026-09-09T15:45:59.760Z INFO  benchmark_client] Sending sample transaction 256
[2026-09-09T15:45:59.809Z INFO  benchmark_client] Sending sample transaction 257
[2026-09-09T15:45:59.859Z INFO  benchmark_client] Sending sample transaction 258
[2026-09-09T15:45:59.911Z INFO  benchmark_client] Sending sample transaction 259
[2026-09-09T15:45:59.961Z INFO  benchmark_client] Sending sample transaction 260
[2026-09-09T15:46:00.009Z INFO  benchmark_client] Sending sample transaction 261
[2026-09-09T15:46:00.060Z INFO  benchmark_client] Sending sample transaction 262
[2026-09-09T15:46:00.110Z INFO  benchmark_client] Sending sample transaction 263
[2026-09-09T15:46:00.159Z INFO  benchmark_client] Sending sample transaction 264
[2026-09-09T15:46:00.211Z INFO  benchmark_client] Sending sample transaction 265
[2026-09-09T15:46:00.261Z INFO  benchmark_client] Sending sample transaction 266
[2026-09-09T15:46:00.309Z INFO  benchmark_client] Sending sample transaction 267
[2026-09-09T15:46:00.360Z INFO  benchmark_client] Sending sample transaction 268
[2026-09-09T15:46:00.409Z INFO  benchmark_client] Sending sample transaction 269
[2026-09-09T15:46:00.460Z INFO  benchmark_client] Sending sample transaction 270
[2026-09-09T15:46:00.509Z INFO  benchmark_client] Sending sample transaction 271
[2026-09-09T15:46:00.559Z INFO  benchmark_client] Sending sample transaction 272
[2026-09-09T15:46:00.611Z INFO  benchmark_client] Sending sample transaction 273
[2026-09-09T15:46:00.660Z INFO  benchmark_client] Sending sample transaction 274
[2026-09-09T15:46:00.710Z INFO  benchmark_client] Sending sample transaction 275
[2026-09-09T15:46:00.759Z INFO  benchmark_client] Sending sample transaction 276
[2026-09-09T15:46:00.809Z INFO  benchmark_client] Sending sample transaction 277
[2026-09-09T15:46:00.859Z INFO  benchmark_client] Sending sample transaction 278
[2026-09-09T15:46:00.910Z INFO  benchmark_client] Sending sample transaction 279
[2026-09-09T15:46:00.960Z INFO  benchmark_client] Sending sample transaction 280
[2026-09-09T15:46:01.012Z INFO  benchmark_client] Sending sample transaction 281
[2026-09-09T15:46:01.060Z INFO  benchmark_client] Sending sample transaction 282
[2026-09-09T15:46:01.111Z INFO  benchmark_client] Sending sample transaction 283
[2026-09-09T15:46:01.160Z INFO  benchmark_client] Sending sample transaction 284
[2026-09-09T15:46:01.210Z INFO  benchmark_client] Sending sample transaction 285
[2026-09-09T15:46:01.261Z INFO  benchmark_client] Sending sample transaction 286
[2026-09-09T15:46:01.309Z INFO  benchmark_client] Sending sample transaction 287
[2026-09-09T15:46:01.360Z INFO  benchmark_client] Sending sample transaction 288
[2026-09-09T15:46:01.411Z INFO  benchmark_client] Sending sample transaction 289
[2026-09-09T15:46:01.460Z INFO  benchmark_client] Sending sample transaction 290
[2026-09-09T15:46:01.511Z INFO  benchmark_client] Sending sample transaction 291
[2026-09-09T15:46:01.559Z INFO  benchmark_client] Sending sample transaction 292
[2026-09-09T15:46:01.610Z INFO  benchmark_client] Sending sample transaction 293
[2026-09-09T15:46:01.660Z INFO  benchmark_client] Sending sample transaction 294
[2026-09-09T15:46:01.709Z INFO  benchmark_client] Sending sample transaction 295
[2026-09-09T15:46:01.759Z INFO  benchmark_client] Sending sample transaction 296
[2026-09-09T15:46:01.810Z INFO  benchmark_client] Sending sample transaction 297
[2026-09-09T15:46:01.860Z INFO  benchmark_client] Sending sample transaction 298
[2026-09-09T15:46:01.909Z INFO  benchmark_client] Sending sample transaction 299
[2026-09-09T15:46:01.960Z INFO  benchmark_client] Sending sample transaction 300
[2026-09-09T15:46:02.010Z INFO  benchmark_client] Sending sample transaction 301
[2026-09-09T15:46:02.059Z INFO  benchmark_client] Sending sample transaction 302
[2026-09-09T15:46:02.109Z INFO  benchmark_client] Sending sample transaction 303
[2026-09-09T15:46:02.159Z INFO  benchmark_client] Sending sample transaction 304
[2026-09-09T15:46:02.210Z INFO  benchmark_client] Sending sample transaction 305
[2026-09-09T15:46:02.259Z INFO  benchmark_client] Sending sample transaction 306
[2026-09-09T15:46:02.310Z INFO  benchmark_client] Sending sample transaction 307
[2026-09-09T15:46:02.359Z INFO  benchmark_client] Sending sample transaction 308
[2026-09-09T15:46:02.410Z INFO  benchmark_client] Sending sample transaction 309
[2026-09-09T15:46:02.459Z INFO  benchmark_client] Sending sample transaction 310
[2026-09-09T15:46:02.510Z INFO  benchmark_client] Sending sample transaction 311
[2026-09-09T15:46:02.560Z INFO  benchmark_client] Sending sample transaction 312
[2026-09-09T15:46:02.610Z INFO  benchmark_client] Sending sample transaction 313
[2026-09-09T15:46:02.662Z INFO  benchmark_client] Sending sample transaction 314
[2026-09-09T15:46:02.709Z INFO  benchmark_client] Sending sample transaction 315
[2026-09-09T15:46:02.760Z INFO  benchmark_client] Sending sample transaction 316
[2026-09-09T15:46:02.810Z INFO  benchmark_client] Sending sample transaction 317
[2026-09-09T15:46:02.859Z INFO  benchmark_client] Sending sample transaction 318
[2026-09-09T15:46:02.913Z INFO  benchmark_client] Sending sample transaction 319
[2026-09-09T15:46:02.960Z INFO  benchmark_client] Sending sample transaction 320
[2026-09-09T15:46:03.009Z INFO  benchmark_client] Sending sample transaction 321
[2026-09-09T15:46:03.060Z INFO  benchmark_client] Sending sample transaction 322
[2026-09-09T15:46:03.109Z INFO  benchmark_client] Sending sample transaction 323
[2026-09-09T15:46:03.159Z INFO  benchmark_client] Sending sample transaction 324
[2026-09-09T15:46:03.210Z INFO  benchmark_client] Sending sample transaction 325
[2026-09-09T15:46:03.260Z INFO  benchmark_client] Sending sample transaction 326
[2026-09-09T15:46:03.310Z INFO  benchmark_client] Sending sample transaction 327
[2026-09-09T15:46:03.361Z INFO  benchmark_client] Sending sample transaction 328
[2026-09-09T15:46:03.409Z INFO  benchmark_client] Sending sample transaction 329
[2026-09-09T15:46:03.459Z INFO  benchmark_client] Sending sample transaction 330
[2026-09-09T15:46:03.510Z INFO  benchmark_client] Sending sample transaction 331
[2026-09-09T15:46:03.559Z INFO  benchmark_client] Sending sample transaction 332
[2026-09-09T15:46:03.610Z INFO  benchmark_client] Sending sample transaction 333
[2026-09-09T15:46:03.660Z INFO  benchmark_client] Sending sample transaction 334
[2026-09-09T15:46:03.709Z INFO  benchmark_client] Sending sample transaction 335
[2026-09-09T15:46:03.759Z INFO  benchmark_client] Sending sample transaction 336
[2026-09-09T15:46:03.809Z INFO  benchmark_client] Sending sample transaction 337
[2026-09-09T15:46:03.860Z INFO  benchmark_client] Sending sample transaction 338
[2026-09-09T15:46:03.910Z INFO  benchmark_client] Sending sample transaction 339
[2026-09-09T15:46:03.959Z INFO  benchmark_client] Sending sample transaction 340
[2026-09-09T15:46:04.010Z INFO  benchmark_client] Sending sample transaction 341
[2026-09-09T15:46:04.060Z INFO  benchmark_client] Sending sample transaction 342
[2026-09-09T15:46:04.109Z INFO  benchmark_client] Sending sample transaction 343
[2026-09-09T15:46:04.160Z INFO  benchmark_client] Sending sample transaction 344
[2026-09-09T15:46:04.210Z INFO  benchmark_client] Sending sample transaction 345
[2026-09-09T15:46:04.259Z INFO  benchmark_client] Sending sample transaction 346
[2026-09-09T15:46:04.310Z INFO  benchmark_client] Sending sample transaction 347
[2026-09-09T15:46:04.360Z INFO  benchmark_client] Sending sample transaction 348
[2026-09-09T15:46:04.409Z INFO  benchmark_client] Sending sample transaction 349
[2026-09-09T15:46:04.460Z INFO  benchmark_client] Sending sample transaction 350
[2026-09-09T15:46:04.509Z INFO  benchmark_client] Sending sample transaction 351
[2026-09-09T15:46:04.560Z INFO  benchmark_client] Sending sample transaction 352
[2026-09-09T15:46:04.609Z INFO  benchmark_client] Sending sample transaction 353
[2026-09-09T15:46:04.660Z INFO  benchmark_client] Sending sample transaction 354
[2026-09-09T15:46:04.710Z INFO  benchmark_client] Sending sample transaction 355
[2026-09-09T15:46:04.760Z INFO  benchmark_client] Sending sample transaction 356
[2026-09-09T15:46:04.810Z INFO  benchmark_client] Sending sample transaction 357
[2026-09-09T15:46:04.860Z INFO  benchmark_client] Sending sample transaction 358
[2026-09-09T15:46:04.909Z INFO  benchmark_client] Sending sample transaction 359
[2026-09-09T15:46:04.960Z INFO  benchmark_client] Sending sample transaction 360
[2026-09-09T15:46:05.010Z INFO  benchmark_client] Sending sample transaction 361
[2026-09-09T15:46:05.060Z INFO  benchmark_client] Sending sample transaction 362
[2026-09-09T15:46:05.111Z INFO  benchmark_client] Sending sample transaction 363
[2026-09-09T15:46:05.163Z INFO  benchmark_client] Sending sample transaction 364
[2026-09-09T15:46:05.209Z INFO  benchmark_client] Sending sample transaction 365
[2026-09-09T15:46:05.260Z INFO  benchmark_client] Sending sample transaction 366
[2026-09-09T15:46:05.311Z INFO  benchmark_client] Sending sample transaction 367
[2026-09-09T15:46:05.359Z INFO  benchmark_client] Sending sample transaction 368
[2026-09-09T15:46:05.414Z INFO  benchmark_client] Sending sample transaction 369
[2026-09-09T15:46:05.460Z INFO  benchmark_client] Sending sample transaction 370
[2026-09-09T15:46:05.510Z INFO  benchmark_client] Sending sample transaction 371
[2026-09-09T15:46:05.560Z INFO  benchmark_client] Sending sample transaction 372
[2026-09-09T15:46:05.610Z INFO  benchmark_client] Sending sample transaction 373
[2026-09-09T15:46:05.659Z INFO  benchmark_client] Sending sample transaction 374
[2026-09-09T15:46:05.710Z INFO  benchmark_client] Sending sample transaction 375
[2026-09-09T15:46:05.760Z INFO  benchmark_client] Sending sample transaction 376
[2026-09-09T15:46:05.810Z INFO  benchmark_client] Sending sample transaction 377
[2026-09-09T15:46:05.860Z INFO  benchmark_client] Sending sample transaction 378
[2026-09-09T15:46:05.910Z INFO  benchmark_client] Sending sample transaction 379
[2026-09-09T15:46:05.962Z INFO  benchmark_client] Sending sample transaction 380
[2026-09-09T15:46:06.010Z INFO  benchmark_client] Sending sample transaction 381
[2026-09-09T15:46:06.060Z INFO  benchmark_client] Sending sample transaction 382
[2026-09-09T15:46:06.110Z INFO  benchmark_client] Sending sample transaction 383
[2026-09-09T15:46:06.159Z INFO  benchmark_client] Sending sample transaction 384
[2026-09-09T15:46:06.211Z INFO  benchmark_client] Sending sample transaction 385
[2026-09-09T15:46:06.262Z INFO  benchmark_client] Sending sample transaction 386
[2026-09-09T15:46:06.310Z INFO  benchmark_client] Sending sample transaction 387
[2026-09-09T15:46:06.360Z INFO  benchmark_client] Sending sample transaction 388
[2026-09-09T15:46:06.410Z INFO  benchmark_client] Sending sample transaction 389
[2026-09-09T15:46:06.460Z INFO  benchmark_client] Sending sample transaction 390
[2026-09-09T15:46:06.510Z INFO  benchmark_client] Sending sample transaction 391
[2026-09-09T15:46:06.560Z INFO  benchmark_client] Sending sample transaction 392
[2026-09-09T15:46:06.610Z INFO  benchmark_client] Sending sample transaction 393
[2026-09-09T15:46:06.659Z INFO  benchmark_client] Sending sample transaction 394
[2026-09-09T15:46:06.710Z INFO  benchmark_client] Sending sample transaction 395
[2026-09-09T15:46:06.760Z INFO  benchmark_client] Sending sample transaction 396
[2026-09-09T15:46:06.810Z INFO  benchmark_client] Sending sample transaction 397
[2026-09-09T15:46:06.860Z INFO  benchmark_client] Sending sample transaction 398
[2026-09-09T15:46:06.910Z INFO  benchmark_client] Sending sample transaction 399
[2026-09-09T15:46:06.960Z INFO  benchmark_client] Sending sample transaction 400
[2026-09-09T15:46:07.012Z INFO  benchmark_client] Sending sample transaction 401
[2026-09-09T15:46:07.060Z INFO  benchmark_client] Sending sample transaction 402
[2026-09-09T15:46:07.110Z INFO  benchmark_client] Sending sample transaction 403
[2026-09-09T15:46:07.160Z INFO  benchmark_client] Sending sample transaction 404
[2026-09-09T15:46:07.210Z INFO  benchmark_client] Sending sample transaction 405
[2026-09-09T15:46:07.260Z INFO  benchmark_client] Sending sample transaction 406
[2026-09-09T15:46:07.310Z INFO  benchmark_client] Sending sample transaction 407
[2026-09-09T15:46:07.361Z INFO  benchmark_client] Sending sample transaction 408
[2026-09-09T15:46:07.410Z INFO  benchmark_client] Sending sample transaction 409
[2026-09-09T15:46:07.459Z INFO  benchmark_client] Sending sample transaction 410
[2026-09-09T15:46:07.511Z INFO  benchmark_client] Sending sample transaction 411
[2026-09-09T15:46:07.560Z INFO  benchmark_client] Sending sample transaction 412
[2026-09-09T15:46:07.610Z INFO  benchmark_client] Sending sample transaction 413
[2026-09-09T15:46:07.659Z INFO  benchmark_client] Sending sample transaction 414
[2026-09-09T15:46:07.710Z INFO  benchmark_client] Sending sample transaction 415
[2026-09-09T15:46:07.759Z INFO  benchmark_client] Sending sample transaction 416
[2026-09-09T15:46:07.810Z INFO  benchmark_client] Sending sample transaction 417
[2026-09-09T15:46:07.860Z INFO  benchmark_client] Sending sample transaction 418
[2026-09-09T15:46:07.910Z INFO  benchmark_client] Sending sample transaction 419
[2026-09-09T15:46:07.959Z INFO  benchmark_client] Sending sample transaction 420
[2026-09-09T15:46:08.010Z INFO  benchmark_client] Sending sample transaction 421
[2026-09-09T15:46:08.060Z INFO  benchmark_client] Sending sample transaction 422
[2026-09-09T15:46:08.110Z INFO  benchmark_client] Sending sample transaction 423
[2026-09-09T15:46:08.159Z INFO  benchmark_client] Sending sample transaction 424
[2026-09-09T15:46:08.210Z INFO  benchmark_client] Sending sample transaction 425
[2026-09-09T15:46:08.260Z INFO  benchmark_client] Sending sample transaction 426
[2026-09-09T15:46:08.309Z INFO  benchmark_client] Sending sample transaction 427
[2026-09-09T15:46:08.360Z INFO  benchmark_client] Sending sample transaction 428
[2026-09-09T15:46:08.409Z INFO  benchmark_client] Sending sample transaction 429
[2026-09-09T15:46:08.460Z INFO  benchmark_client] Sending sample transaction 430
[2026-09-09T15:46:08.510Z INFO  benchmark_client] Sending sample transaction 431
[2026-09-09T15:46:08.560Z INFO  benchmark_client] Sending sample transaction 432
[2026-09-09T15:46:08.610Z INFO  benchmark_client] Sending sample transaction 433
[2026-09-09T15:46:08.659Z INFO  benchmark_client] Sending sample transaction 434
[2026-09-09T15:46:08.710Z INFO  benchmark_client] Sending sample transaction 435
[2026-09-09T15:46:08.760Z INFO  benchmark_client] Sending sample transaction 436
[2026-09-09T15:46:08.810Z INFO  benchmark_client] Sending sample transaction 437
[2026-09-09T15:46:08.859Z INFO  benchmark_client] Sending sample transaction 438
[2026-09-09T15:46:08.910Z INFO  benchmark_client] Sending sample transaction 439
[2026-09-09T15:46:08.960Z INFO  benchmark_client] Sending sample transaction 440
[2026-09-09T15:46:09.009Z INFO  benchmark_client] Sending sample transaction 441
[2026-09-09T15:46:09.060Z INFO  benchmark_client] Sending sample transaction 442
[2026-09-09T15:46:09.110Z INFO  benchmark_client] Sending sample transaction 443
[2026-09-09T15:46:09.159Z INFO  benchmark_client] Sending sample transaction 444
[2026-09-09T15:46:09.210Z INFO  benchmark_client] Sending sample transaction 445
[2026-09-09T15:46:09.260Z INFO  benchmark_client] Sending sample transaction 446
[2026-09-09T15:46:09.310Z INFO  benchmark_client] Sending sample transaction 447
[2026-09-09T15:46:09.360Z INFO  benchmark_client] Sending sample transaction 448
[2026-09-09T15:46:09.412Z INFO  benchmark_client] Sending sample transaction 449
[2026-09-09T15:46:09.460Z INFO  benchmark_client] Sending sample transaction 450
[2026-09-09T15:46:09.511Z INFO  benchmark_client] Sending sample transaction 451
[2026-09-09T15:46:09.561Z INFO  benchmark_client] Sending sample transaction 452
[2026-09-09T15:46:09.610Z INFO  benchmark_client] Sending sample transaction 453
[2026-09-09T15:46:09.661Z INFO  benchmark_client] Sending sample transaction 454
[2026-09-09T15:46:09.710Z INFO  benchmark_client] Sending sample transaction 455
[2026-09-09T15:46:09.760Z INFO  benchmark_client] Sending sample transaction 456
[2026-09-09T15:46:09.810Z INFO  benchmark_client] Sending sample transaction 457
[2026-09-09T15:46:09.860Z INFO  benchmark_client] Sending sample transaction 458
[2026-09-09T15:46:09.910Z INFO  benchmark_client] Sending sample transaction 459
[2026-09-09T15:46:09.960Z INFO  benchmark_client] Sending sample transaction 460
[2026-09-09T15:46:10.012Z INFO  benchmark_client] Sending sample transaction 461
[2026-09-09T15:46:10.063Z INFO  benchmark_client] Sending sample transaction 462
[2026-09-09T15:46:10.110Z INFO  benchmark_client] Sending sample transaction 463
[2026-09-09T15:46:10.163Z INFO  benchmark_client] Sending sample transaction 464
[2026-09-09T15:46:10.214Z INFO  benchmark_client] Sending sample transaction 465
[2026-09-09T15:46:10.260Z INFO  benchmark_client] Sending sample transaction 466
[2026-09-09T15:46:10.310Z INFO  benchmark_client] Sending sample transaction 467
[2026-09-09T15:46:10.362Z INFO  benchmark_client] Sending sample transaction 468
[2026-09-09T15:46:10.412Z INFO  benchmark_client] Sending sample transaction 469
[2026-09-09T15:46:10.465Z INFO  benchmark_client] Sending sample transaction 470
[2026-09-09T15:46:10.511Z INFO  benchmark_client] Sending sample transaction 471
[2026-09-09T15:46:10.560Z INFO  benchmark_client] Sending sample transaction 472
[2026-09-09T15:46:10.610Z INFO  benchmark_client] Sending sample transaction 473
[2026-09-09T15:46:10.660Z INFO  benchmark_client] Sending sample transaction 474
[2026-09-09T15:46:10.710Z INFO  benchmark_client] Sending sample transaction 475
[2026-09-09T15:46:10.760Z INFO  benchmark_client] Sending sample transaction 476
[2026-09-09T15:46:10.809Z INFO  benchmark_client] Sending sample transaction 477
[2026-09-09T15:46:10.860Z INFO  benchmark_client] Sending sample transaction 478
[2026-09-09T15:46:10.910Z INFO  benchmark_client] Sending sample transaction 479
[2026-09-09T15:46:10.960Z INFO  benchmark_client] Sending sample transaction 480
[2026-09-09T15:46:11.009Z INFO  benchmark_client] Sending sample transaction 481
[2026-09-09T15:46:11.061Z INFO  benchmark_client] Sending sample transaction 482
[2026-09-09T15:46:11.110Z INFO  benchmark_client] Sending sample transaction 483
[2026-09-09T15:46:11.160Z INFO  benchmark_client] Sending sample transaction 484
[2026-09-09T15:46:11.211Z INFO  benchmark_client] Sending sample transaction 485
[2026-09-09T15:46:11.260Z INFO  benchmark_client] Sending sample transaction 486
[2026-09-09T15:46:11.310Z INFO  benchmark_client] Sending sample transaction 487
[2026-09-09T15:46:11.360Z INFO  benchmark_client] Sending sample transaction 488
[2026-09-09T15:46:11.410Z INFO  benchmark_client] Sending sample transaction 489
[2026-09-09T15:46:11.462Z INFO  benchmark_client] Sending sample transaction 490
[2026-09-09T15:46:11.510Z INFO  benchmark_client] Sending sample transaction 491
[2026-09-09T15:46:11.560Z INFO  benchmark_client] Sending sample transaction 492
[2026-09-09T15:46:11.609Z INFO  benchmark_client] Sending sample transaction 493
[2026-09-09T15:46:11.660Z INFO  benchmark_client] Sending sample transaction 494
[2026-09-09T15:46:11.710Z INFO  benchmark_client] Sending sample transaction 495
[2026-09-09T15:46:11.759Z INFO  benchmark_client] Sending sample transaction 496
[2026-09-09T15:46:11.810Z INFO  benchmark_client] Sending sample transaction 497
[2026-09-09T15:46:11.860Z INFO  benchmark_client] Sending sample transaction 498
[2026-09-09T15:46:11.910Z INFO  benchmark_client] Sending sample transaction 499
[2026-09-09T15:46:11.959Z INFO  benchmark_client] Sending sample transaction 500
[2026-09-09T15:46:12.011Z INFO  benchmark_client] Sending sample transaction 501
[2026-09-09T15:46:12.060Z INFO  benchmark_client] Sending sample transaction 502
[2026-09-09T15:46:12.111Z INFO  benchmark_client] Sending sample transaction 503
[2026-09-09T15:46:12.160Z INFO  benchmark_client] Sending sample transaction 504
[2026-09-09T15:46:12.211Z INFO  benchmark_client] Sending sample transaction 505
[2026-09-09T15:46:12.260Z INFO  benchmark_client] Sending sample transaction 506
[2026-09-09T15:46:12.310Z INFO  benchmark_client] Sending sample transaction 507
[2026-09-09T15:46:12.360Z INFO  benchmark_client] Sending sample transaction 508
[2026-09-09T15:46:12.410Z INFO  benchmark_client] Sending sample transaction 509
[2026-09-09T15:46:12.460Z INFO  benchmark_client] Sending sample transaction 510
[2026-09-09T15:46:12.510Z INFO  benchmark_client] Sending sample transaction 511
[2026-09-09T15:46:12.560Z INFO  benchmark_client] Sending sample transaction 512
[2026-09-09T15:46:12.610Z INFO  benchmark_client] Sending sample transaction 513
[2026-09-09T15:46:12.660Z INFO  benchmark_client] Sending sample transaction 514
[2026-09-09T15:46:12.710Z INFO  benchmark_client] Sending sample transaction 515
[2026-09-09T15:46:12.760Z INFO  benchmark_client] Sending sample transaction 516
[2026-09-09T15:46:12.810Z INFO  benchmark_client] Sending sample transaction 517
[2026-09-09T15:46:12.860Z INFO  benchmark_client] Sending sample transaction 518
[2026-09-09T15:46:12.912Z INFO  benchmark_client] Sending sample transaction 519
[2026-09-09T15:46:12.959Z INFO  benchmark_client] Sending sample transaction 520
[2026-09-09T15:46:13.010Z INFO  benchmark_client] Sending sample transaction 521
[2026-09-09T15:46:13.060Z INFO  benchmark_client] Sending sample transaction 522
[2026-09-09T15:46:13.110Z INFO  benchmark_client] Sending sample transaction 523
[2026-09-09T15:46:13.160Z INFO  benchmark_client] Sending sample transaction 524
[2026-09-09T15:46:13.210Z INFO  benchmark_client] Sending sample transaction 525
[2026-09-09T15:46:13.260Z INFO  benchmark_client] Sending sample transaction 526
[2026-09-09T15:46:13.311Z INFO  benchmark_client] Sending sample transaction 527
[2026-09-09T15:46:13.360Z INFO  benchmark_client] Sending sample transaction 528
[2026-09-09T15:46:13.411Z INFO  benchmark_client] Sending sample transaction 529
[2026-09-09T15:46:13.463Z INFO  benchmark_client] Sending sample transaction 530
[2026-09-09T15:46:13.513Z INFO  benchmark_client] Sending sample transaction 531
[2026-09-09T15:46:13.560Z INFO  benchmark_client] Sending sample transaction 532
[2026-09-09T15:46:13.610Z INFO  benchmark_client] Sending sample transaction 533
[2026-09-09T15:46:13.662Z INFO  benchmark_client] Sending sample transaction 534
[2026-09-09T15:46:13.711Z INFO  benchmark_client] Sending sample transaction 535
[2026-09-09T15:46:13.763Z INFO  benchmark_client] Sending sample transaction 536
[2026-09-09T15:46:13.810Z INFO  benchmark_client] Sending sample transaction 537
[2026-09-09T15:46:13.860Z INFO  benchmark_client] Sending sample transaction 538
[2026-09-09T15:46:13.910Z INFO  benchmark_client] Sending sample transaction 539
[2026-09-09T15:46:13.960Z INFO  benchmark_client] Sending sample transaction 540
[2026-09-09T15:46:14.010Z INFO  benchmark_client] Sending sample transaction 541
[2026-09-09T15:46:14.060Z INFO  benchmark_client] Sending sample transaction 542
[2026-09-09T15:46:14.110Z INFO  benchmark_client] Sending sample transaction 543
[2026-09-09T15:46:14.161Z INFO  benchmark_client] Sending sample transaction 544
[2026-09-09T15:46:14.210Z INFO  benchmark_client] Sending sample transaction 545
[2026-09-09T15:46:14.264Z INFO  benchmark_client] Sending sample transaction 546
[2026-09-09T15:46:14.311Z INFO  benchmark_client] Sending sample transaction 547
[2026-09-09T15:46:14.361Z INFO  benchmark_client] Sending sample transaction 548
[2026-09-09T15:46:14.410Z INFO  benchmark_client] Sending sample transaction 549
[2026-09-09T15:46:14.461Z INFO  benchmark_client] Sending sample transaction 550
[2026-09-09T15:46:14.514Z INFO  benchmark_client] Sending sample transaction 551
[2026-09-09T15:46:14.561Z INFO  benchmark_client] Sending sample transaction 552
[2026-09-09T15:46:14.613Z INFO  benchmark_client] Sending sample transaction 553
[2026-09-09T15:46:14.660Z INFO  benchmark_client] Sending sample transaction 554
[2026-09-09T15:46:14.710Z INFO  benchmark_client] Sending sample transaction 555
[2026-09-09T15:46:14.762Z INFO  benchmark_client] Sending sample transaction 556
[2026-09-09T15:46:14.810Z INFO  benchmark_client] Sending sample transaction 557
[2026-09-09T15:46:14.860Z INFO  benchmark_client] Sending sample transaction 558
[2026-09-09T15:46:14.912Z INFO  benchmark_client] Sending sample transaction 559
[2026-09-09T15:46:14.960Z INFO  benchmark_client] Sending sample transaction 560
[2026-09-09T15:46:15.011Z INFO  benchmark_client] Sending sample transaction 561
[2026-09-09T15:46:15.060Z INFO  benchmark_client] Sending sample transaction 562
[2026-09-09T15:46:15.110Z INFO  benchmark_client] Sending sample transaction 563
[2026-09-09T15:46:15.160Z INFO  benchmark_client] Sending sample transaction 564
[2026-09-09T15:46:15.210Z INFO  benchmark_client] Sending sample transaction 565
[2026-09-09T15:46:15.260Z INFO  benchmark_client] Sending sample transaction 566
[2026-09-09T15:46:15.310Z INFO  benchmark_client] Sending sample transaction 567
[2026-09-09T15:46:15.360Z INFO  benchmark_client] Sending sample transaction 568
[2026-09-09T15:46:15.410Z INFO  benchmark_client] Sending sample transaction 569
[2026-09-09T15:46:15.460Z INFO  benchmark_client] Sending sample transaction 570
[2026-09-09T15:46:15.510Z INFO  benchmark_client] Sending sample transaction 571
[2026-09-09T15:46:15.560Z INFO  benchmark_client] Sending sample transaction 572
[2026-09-09T15:46:15.611Z INFO  benchmark_client] Sending sample transaction 573
[2026-09-09T15:46:15.660Z INFO  benchmark_client] Sending sample transaction 574
[2026-09-09T15:46:15.712Z INFO  benchmark_client] Sending sample transaction 575
[2026-09-09T15:46:15.760Z INFO  benchmark_client] Sending sample transaction 576
[2026-09-09T15:46:15.810Z INFO  benchmark_client] Sending sample transaction 577
[2026-09-09T15:46:15.862Z INFO  benchmark_client] Sending sample transaction 578
[2026-09-09T15:46:15.912Z INFO  benchmark_client] Sending sample transaction 579
[2026-09-09T15:46:15.960Z INFO  benchmark_client] Sending sample transaction 580
[2026-09-09T15:46:16.010Z INFO  benchmark_client] Sending sample transaction 581
[2026-09-09T15:46:16.061Z INFO  benchmark_client] Sending sample transaction 582
[2026-09-09T15:46:16.109Z INFO  benchmark_client] Sending sample transaction 583
[2026-09-09T15:46:16.160Z INFO  benchmark_client] Sending sample transaction 584
[2026-09-09T15:46:16.210Z INFO  benchmark_client] Sending sample transaction 585
[2026-09-09T15:46:16.260Z INFO  benchmark_client] Sending sample transaction 586
[2026-09-09T15:46:16.311Z INFO  benchmark_client] Sending sample transaction 587
[2026-09-09T15:46:16.360Z INFO  benchmark_client] Sending sample transaction 588
[2026-09-09T15:46:16.410Z INFO  benchmark_client] Sending sample transaction 589
[2026-09-09T15:46:16.461Z INFO  benchmark_client] Sending sample transaction 590
[2026-09-09T15:46:16.510Z INFO  benchmark_client] Sending sample transaction 591
[2026-09-09T15:46:16.560Z INFO  benchmark_client] Sending sample transaction 592
[2026-09-09T15:46:16.610Z INFO  benchmark_client] Sending sample transaction 593
[2026-09-09T15:46:16.662Z INFO  benchmark_client] Sending sample transaction 594
