[2026-05-22T09:20:24.813Z INFO  benchmark_client] Node address: 35.243.133.228:5018
[2026-05-22T09:20:24.813Z INFO  benchmark_client] Transactions size: 512 B
[2026-05-22T09:20:24.813Z INFO  benchmark_client] Transactions rate: 26667 tx/s
[2026-05-22T09:20:24.813Z INFO  benchmark_client] Waiting for all nodes to be online...
[2026-05-22T09:20:25.032Z INFO  benchmark_client] Start sending transactions
[2026-05-22T09:20:25.033Z INFO  benchmark_client] Sending sample transaction 0
[2026-05-22T09:20:25.083Z INFO  benchmark_client] Sending sample transaction 1
[2026-05-22T09:20:25.134Z INFO  benchmark_client] Sending sample transaction 2
[2026-05-22T09:20:25.183Z INFO  benchmark_client] Sending sample transaction 3
[2026-05-22T09:20:25.233Z INFO  benchmark_client] Sending sample transaction 4
[2026-05-22T09:20:25.283Z INFO  benchmark_client] Sending sample transaction 5
[2026-05-22T09:20:25.333Z INFO  benchmark_client] Sending sample transaction 6
[2026-05-22T09:20:25.383Z INFO  benchmark_client] Sending sample transaction 7
[2026-05-22T09:20:25.435Z INFO  benchmark_client] Sending sample transaction 8
[2026-05-22T09:20:25.483Z INFO  benchmark_client] Sending sample transaction 9
[2026-05-22T09:20:25.533Z INFO  benchmark_client] Sending sample transaction 10
[2026-05-22T09:20:25.583Z INFO  benchmark_client] Sending sample transaction 11
[2026-05-22T09:20:25.633Z INFO  benchmark_client] Sending sample transaction 12
[2026-05-22T09:20:25.684Z INFO  benchmark_client] Sending sample transaction 13
[2026-05-22T09:20:25.733Z INFO  benchmark_client] Sending sample transaction 14
[2026-05-22T09:20:25.783Z INFO  benchmark_client] Sending sample transaction 15
[2026-05-22T09:20:25.833Z INFO  benchmark_client] Sending sample transaction 16
[2026-05-22T09:20:25.886Z INFO  benchmark_client] Sending sample transaction 17
[2026-05-22T09:20:25.933Z INFO  benchmark_client] Sending sample transaction 18
[2026-05-22T09:20:25.984Z INFO  benchmark_client] Sending sample transaction 19
[2026-05-22T09:20:26.033Z INFO  benchmark_client] Sending sample transaction 20
[2026-05-22T09:20:26.083Z INFO  benchmark_client] Sending sample transaction 21
[2026-05-22T09:20:26.135Z INFO  benchmark_client] Sending sample transaction 22
[2026-05-22T09:20:26.185Z INFO  benchmark_client] Sending sample transaction 23
[2026-05-22T09:20:26.233Z INFO  benchmark_client] Sending sample transaction 24
[2026-05-22T09:20:26.284Z INFO  benchmark_client] Sending sample transaction 25
[2026-05-22T09:20:26.334Z INFO  benchmark_client] Sending sample transaction 26
[2026-05-22T09:20:26.383Z INFO  benchmark_client] Sending sample transaction 27
[2026-05-22T09:20:26.433Z INFO  benchmark_client] Sending sample transaction 28
[2026-05-22T09:20:26.485Z INFO  benchmark_client] Sending sample transaction 29
[2026-05-22T09:20:26.534Z INFO  benchmark_client] Sending sample transaction 30
[2026-05-22T09:20:26.583Z INFO  benchmark_client] Sending sample transaction 31
[2026-05-22T09:20:26.634Z INFO  benchmark_client] Sending sample transaction 32
[2026-05-22T09:20:26.683Z INFO  benchmark_client] Sending sample transaction 33
[2026-05-22T09:20:26.733Z INFO  benchmark_client] Sending sample transaction 34
[2026-05-22T09:20:26.784Z INFO  benchmark_client] Sending sample transaction 35
[2026-05-22T09:20:26.835Z INFO  benchmark_client] Sending sample transaction 36
[2026-05-22T09:20:26.883Z INFO  benchmark_client] Sending sample transaction 37
[2026-05-22T09:20:26.934Z INFO  benchmark_client] Sending sample transaction 38
[2026-05-22T09:20:26.983Z INFO  benchmark_client] Sending sample transaction 39
[2026-05-22T09:20:27.033Z INFO  benchmark_client] Sending sample transaction 40
[2026-05-22T09:20:27.083Z INFO  benchmark_client] Sending sample transaction 41
[2026-05-22T09:20:27.133Z INFO  benchmark_client] Sending sample transaction 42
[2026-05-22T09:20:27.183Z INFO  benchmark_client] Sending sample transaction 43
[2026-05-22T09:20:27.236Z INFO  benchmark_client] Sending sample transaction 44
[2026-05-22T09:20:27.283Z INFO  benchmark_client] Sending sample transaction 45
[2026-05-22T09:20:27.333Z INFO  benchmark_client] Sending sample transaction 46
[2026-05-22T09:20:27.384Z INFO  benchmark_client] Sending sample transaction 47
[2026-05-22T09:20:27.433Z INFO  benchmark_client] Sending sample transaction 48
[2026-05-22T09:20:27.485Z INFO  benchmark_client] Sending sample transaction 49
[2026-05-22T09:20:27.533Z INFO  benchmark_client] Sending sample transaction 50
[2026-05-22T09:20:27.584Z INFO  benchmark_client] Sending sample transaction 51
[2026-05-22T09:20:27.635Z INFO  benchmark_client] Sending sample transaction 52
[2026-05-22T09:20:27.686Z INFO  benchmark_client] Sending sample transaction 53
[2026-05-22T09:20:27.733Z INFO  benchmark_client] Sending sample transaction 54
[2026-05-22T09:20:27.786Z INFO  benchmark_client] Sending sample transaction 55
[2026-05-22T09:20:27.833Z INFO  benchmark_client] Sending sample transaction 56
[2026-05-22T09:20:27.885Z INFO  benchmark_client] Sending sample transaction 57
[2026-05-22T09:20:27.933Z INFO  benchmark_client] Sending sample transaction 58
[2026-05-22T09:20:27.986Z WARN  benchmark_client] Transaction rate too high for this client
[2026-05-22T09:20:27.986Z INFO  benchmark_client] Sending sample transaction 59
[2026-05-22T09:20:28.033Z INFO  benchmark_client] Sending sample transaction 60
[2026-05-22T09:20:28.083Z INFO  benchmark_client] Sending sample transaction 61
[2026-05-22T09:20:28.135Z INFO  benchmark_client] Sending sample transaction 62
[2026-05-22T09:20:28.184Z INFO  benchmark_client] Sending sample transaction 63
[2026-05-22T09:20:28.235Z INFO  benchmark_client] Sending sample transaction 64
[2026-05-22T09:20:28.284Z INFO  benchmark_client] Sending sample transaction 65
[2026-05-22T09:20:28.333Z INFO  benchmark_client] Sending sample transaction 66
[2026-05-22T09:20:28.383Z INFO  benchmark_client] Sending sample transaction 67
[2026-05-22T09:20:28.433Z INFO  benchmark_client] Sending sample transaction 68
[2026-05-22T09:20:28.483Z INFO  benchmark_client] Sending sample transaction 69
[2026-05-22T09:20:28.533Z INFO  benchmark_client] Sending sample transaction 70
[2026-05-22T09:20:28.585Z INFO  benchmark_client] Sending sample transaction 71
[2026-05-22T09:20:28.633Z INFO  benchmark_client] Sending sample transaction 72
[2026-05-22T09:20:28.683Z INFO  benchmark_client] Sending sample transaction 73
[2026-05-22T09:20:28.733Z INFO  benchmark_client] Sending sample transaction 74
[2026-05-22T09:20:28.783Z INFO  benchmark_client] Sending sample transaction 75
[2026-05-22T09:20:28.834Z INFO  benchmark_client] Sending sample transaction 76
[2026-05-22T09:20:28.883Z INFO  benchmark_client] Sending sample transaction 77
[2026-05-22T09:20:28.935Z INFO  benchmark_client] Sending sample transaction 78
[2026-05-22T09:20:28.983Z INFO  benchmark_client] Sending sample transaction 79
[2026-05-22T09:20:29.035Z INFO  benchmark_client] Sending sample transaction 80
[2026-05-22T09:20:29.083Z INFO  benchmark_client] Sending sample transaction 81
[2026-05-22T09:20:29.133Z INFO  benchmark_client] Sending sample transaction 82
[2026-05-22T09:20:29.184Z INFO  benchmark_client] Sending sample transaction 83
[2026-05-22T09:20:29.234Z INFO  benchmark_client] Sending sample transaction 84
[2026-05-22T09:20:29.284Z INFO  benchmark_client] Sending sample transaction 85
[2026-05-22T09:20:29.335Z INFO  benchmark_client] Sending sample transaction 86
[2026-05-22T09:20:29.383Z INFO  benchmark_client] Sending sample transaction 87
[2026-05-22T09:20:29.433Z INFO  benchmark_client] Sending sample transaction 88
[2026-05-22T09:20:29.483Z INFO  benchmark_client] Sending sample transaction 89
[2026-05-22T09:20:29.535Z INFO  benchmark_client] Sending sample transaction 90
[2026-05-22T09:20:29.585Z INFO  benchmark_client] Sending sample transaction 91
[2026-05-22T09:20:29.633Z INFO  benchmark_client] Sending sample transaction 92
[2026-05-22T09:20:29.683Z INFO  benchmark_client] Sending sample transaction 93
[2026-05-22T09:20:29.735Z INFO  benchmark_client] Sending sample transaction 94
[2026-05-22T09:20:29.785Z INFO  benchmark_client] Sending sample transaction 95
[2026-05-22T09:20:29.833Z INFO  benchmark_client] Sending sample transaction 96
[2026-05-22T09:20:29.883Z INFO  benchmark_client] Sending sample transaction 97
[2026-05-22T09:20:29.934Z INFO  benchmark_client] Sending sample transaction 98
[2026-05-22T09:20:29.983Z INFO  benchmark_client] Sending sample transaction 99
[2026-05-22T09:20:30.033Z INFO  benchmark_client] Sending sample transaction 100
[2026-05-22T09:20:30.086Z INFO  benchmark_client] Sending sample transaction 101
[2026-05-22T09:20:30.133Z INFO  benchmark_client] Sending sample transaction 102
[2026-05-22T09:20:30.183Z INFO  benchmark_client] Sending sample transaction 103
[2026-05-22T09:20:30.233Z INFO  benchmark_client] Sending sample transaction 104
[2026-05-22T09:20:30.283Z INFO  benchmark_client] Sending sample transaction 105
[2026-05-22T09:20:30.335Z INFO  benchmark_client] Sending sample transaction 106
[2026-05-22T09:20:30.383Z INFO  benchmark_client] Sending sample transaction 107
[2026-05-22T09:20:30.435Z INFO  benchmark_client] Sending sample transaction 108
[2026-05-22T09:20:30.483Z INFO  benchmark_client] Sending sample transaction 109
[2026-05-22T09:20:30.534Z INFO  benchmark_client] Sending sample transaction 110
[2026-05-22T09:20:30.583Z INFO  benchmark_client] Sending sample transaction 111
[2026-05-22T09:20:30.633Z INFO  benchmark_client] Sending sample transaction 112
[2026-05-22T09:20:30.683Z INFO  benchmark_client] Sending sample transaction 113
[2026-05-22T09:20:30.733Z INFO  benchmark_client] Sending sample transaction 114
[2026-05-22T09:20:30.783Z INFO  benchmark_client] Sending sample transaction 115
[2026-05-22T09:20:30.833Z INFO  benchmark_client] Sending sample transaction 116
[2026-05-22T09:20:30.883Z INFO  benchmark_client] Sending sample transaction 117
[2026-05-22T09:20:30.933Z INFO  benchmark_client] Sending sample transaction 118
[2026-05-22T09:20:30.985Z INFO  benchmark_client] Sending sample transaction 119
[2026-05-22T09:20:31.034Z INFO  benchmark_client] Sending sample transaction 120
[2026-05-22T09:20:31.083Z INFO  benchmark_client] Sending sample transaction 121
[2026-05-22T09:20:31.133Z INFO  benchmark_client] Sending sample transaction 122
[2026-05-22T09:20:31.183Z INFO  benchmark_client] Sending sample transaction 123
[2026-05-22T09:20:31.234Z INFO  benchmark_client] Sending sample transaction 124
[2026-05-22T09:20:31.284Z INFO  benchmark_client] Sending sample transaction 125
[2026-05-22T09:20:31.333Z INFO  benchmark_client] Sending sample transaction 126
[2026-05-22T09:20:31.384Z INFO  benchmark_client] Sending sample transaction 127
[2026-05-22T09:20:31.433Z INFO  benchmark_client] Sending sample transaction 128
[2026-05-22T09:20:31.484Z INFO  benchmark_client] Sending sample transaction 129
[2026-05-22T09:20:31.533Z INFO  benchmark_client] Sending sample transaction 130
[2026-05-22T09:20:31.585Z INFO  benchmark_client] Sending sample transaction 131
[2026-05-22T09:20:31.634Z INFO  benchmark_client] Sending sample transaction 132
[2026-05-22T09:20:31.684Z INFO  benchmark_client] Sending sample transaction 133
[2026-05-22T09:20:31.733Z INFO  benchmark_client] Sending sample transaction 134
[2026-05-22T09:20:31.783Z INFO  benchmark_client] Sending sample transaction 135
[2026-05-22T09:20:31.835Z INFO  benchmark_client] Sending sample transaction 136
[2026-05-22T09:20:31.883Z INFO  benchmark_client] Sending sample transaction 137
[2026-05-22T09:20:31.933Z INFO  benchmark_client] Sending sample transaction 138
[2026-05-22T09:20:31.983Z INFO  benchmark_client] Sending sample transaction 139
[2026-05-22T09:20:32.033Z INFO  benchmark_client] Sending sample transaction 140
[2026-05-22T09:20:32.083Z INFO  benchmark_client] Sending sample transaction 141
[2026-05-22T09:20:32.133Z INFO  benchmark_client] Sending sample transaction 142
[2026-05-22T09:20:32.185Z INFO  benchmark_client] Sending sample transaction 143
[2026-05-22T09:20:32.233Z INFO  benchmark_client] Sending sample transaction 144
[2026-05-22T09:20:32.284Z INFO  benchmark_client] Sending sample transaction 145
[2026-05-22T09:20:32.334Z INFO  benchmark_client] Sending sample transaction 146
[2026-05-22T09:20:32.383Z INFO  benchmark_client] Sending sample transaction 147
[2026-05-22T09:20:32.539Z WARN  benchmark_client] Transaction rate too high for this client
[2026-05-22T09:20:32.539Z INFO  benchmark_client] Sending sample transaction 148
[2026-05-22T09:20:32.543Z INFO  benchmark_client] Sending sample transaction 149
[2026-05-22T09:20:33.079Z WARN  benchmark_client] Transaction rate too high for this client
[2026-05-22T09:20:33.079Z INFO  benchmark_client] Sending sample transaction 150
[2026-05-22T09:20:33.085Z INFO  benchmark_client] Sending sample transaction 151
[2026-05-22T09:20:33.091Z INFO  benchmark_client] Sending sample transaction 152
[2026-05-22T09:20:33.146Z WARN  benchmark_client] Transaction rate too high for this client
[2026-05-22T09:20:33.147Z INFO  benchmark_client] Sending sample transaction 153
[2026-05-22T09:20:33.149Z INFO  benchmark_client] Sending sample transaction 154
[2026-05-22T09:20:33.183Z INFO  benchmark_client] Sending sample transaction 155
[2026-05-22T09:20:33.186Z INFO  benchmark_client] Sending sample transaction 156
[2026-05-22T09:20:33.189Z INFO  benchmark_client] Sending sample transaction 157
[2026-05-22T09:20:33.191Z INFO  benchmark_client] Sending sample transaction 158
[2026-05-22T09:20:33.228Z INFO  benchmark_client] Sending sample transaction 159
[2026-05-22T09:20:33.232Z INFO  benchmark_client] Sending sample transaction 160
[2026-05-22T09:20:33.299Z WARN  benchmark_client] Transaction rate too high for this client
[2026-05-22T09:20:33.301Z INFO  benchmark_client] Sending sample transaction 161
[2026-05-22T09:20:33.303Z INFO  benchmark_client] Sending sample transaction 162
[2026-05-22T09:20:33.311Z INFO  benchmark_client] Sending sample transaction 163
[2026-05-22T09:20:33.410Z WARN  benchmark_client] Transaction rate too high for this client
[2026-05-22T09:20:33.410Z INFO  benchmark_client] Sending sample transaction 164
[2026-05-22T09:20:33.412Z INFO  benchmark_client] Sending sample transaction 165
[2026-05-22T09:20:33.461Z INFO  benchmark_client] Sending sample transaction 166
[2026-05-22T09:20:33.469Z INFO  benchmark_client] Sending sample transaction 167
[2026-05-22T09:20:33.475Z INFO  benchmark_client] Sending sample transaction 168
[2026-05-22T09:20:33.540Z WARN  benchmark_client] Transaction rate too high for this client
[2026-05-22T09:20:33.541Z INFO  benchmark_client] Sending sample transaction 169
[2026-05-22T09:20:33.547Z INFO  benchmark_client] Sending sample transaction 170
[2026-05-22T09:20:33.583Z INFO  benchmark_client] Sending sample transaction 171
[2026-05-22T09:20:33.633Z INFO  benchmark_client] Sending sample transaction 172
[2026-05-22T09:20:33.683Z INFO  benchmark_client] Sending sample transaction 173
[2026-05-22T09:20:33.735Z INFO  benchmark_client] Sending sample transaction 174
[2026-05-22T09:20:33.783Z INFO  benchmark_client] Sending sample transaction 175
[2026-05-22T09:20:33.833Z INFO  benchmark_client] Sending sample transaction 176
[2026-05-22T09:20:33.884Z INFO  benchmark_client] Sending sample transaction 177
[2026-05-22T09:20:33.933Z INFO  benchmark_client] Sending sample transaction 178
[2026-05-22T09:20:33.983Z INFO  benchmark_client] Sending sample transaction 179
[2026-05-22T09:20:34.033Z INFO  benchmark_client] Sending sample transaction 180
[2026-05-22T09:20:34.083Z INFO  benchmark_client] Sending sample transaction 181
[2026-05-22T09:20:34.134Z INFO  benchmark_client] Sending sample transaction 182
[2026-05-22T09:20:34.184Z INFO  benchmark_client] Sending sample transaction 183
[2026-05-22T09:20:34.233Z INFO  benchmark_client] Sending sample transaction 184
[2026-05-22T09:20:34.283Z INFO  benchmark_client] Sending sample transaction 185
[2026-05-22T09:20:34.333Z INFO  benchmark_client] Sending sample transaction 186
[2026-05-22T09:20:34.384Z INFO  benchmark_client] Sending sample transaction 187
[2026-05-22T09:20:34.433Z INFO  benchmark_client] Sending sample transaction 188
[2026-05-22T09:20:34.485Z INFO  benchmark_client] Sending sample transaction 189
[2026-05-22T09:20:34.535Z INFO  benchmark_client] Sending sample transaction 190
[2026-05-22T09:20:34.583Z INFO  benchmark_client] Sending sample transaction 191
[2026-05-22T09:20:34.633Z INFO  benchmark_client] Sending sample transaction 192
[2026-05-22T09:20:34.685Z INFO  benchmark_client] Sending sample transaction 193
[2026-05-22T09:20:34.734Z INFO  benchmark_client] Sending sample transaction 194
[2026-05-22T09:20:34.783Z INFO  benchmark_client] Sending sample transaction 195
[2026-05-22T09:20:34.835Z INFO  benchmark_client] Sending sample transaction 196
[2026-05-22T09:20:34.883Z INFO  benchmark_client] Sending sample transaction 197
[2026-05-22T09:20:34.933Z INFO  benchmark_client] Sending sample transaction 198
[2026-05-22T09:20:34.983Z INFO  benchmark_client] Sending sample transaction 199
[2026-05-22T09:20:35.395Z WARN  benchmark_client] Transaction rate too high for this client
[2026-05-22T09:20:35.395Z INFO  benchmark_client] Sending sample transaction 200
[2026-05-22T09:20:35.399Z INFO  benchmark_client] Sending sample transaction 201
[2026-05-22T09:20:35.585Z WARN  benchmark_client] Transaction rate too high for this client
[2026-05-22T09:20:35.585Z INFO  benchmark_client] Sending sample transaction 202
[2026-05-22T09:20:35.592Z INFO  benchmark_client] Sending sample transaction 203
[2026-05-22T09:20:35.819Z WARN  benchmark_client] Transaction rate too high for this client
[2026-05-22T09:20:35.820Z INFO  benchmark_client] Sending sample transaction 204
[2026-05-22T09:20:35.823Z INFO  benchmark_client] Sending sample transaction 205
[2026-05-22T09:20:35.969Z WARN  benchmark_client] Transaction rate too high for this client
[2026-05-22T09:20:35.969Z INFO  benchmark_client] Sending sample transaction 206
[2026-05-22T09:20:35.972Z INFO  benchmark_client] Sending sample transaction 207
[2026-05-22T09:20:35.974Z INFO  benchmark_client] Sending sample transaction 208
[2026-05-22T09:20:36.013Z INFO  benchmark_client] Sending sample transaction 209
[2026-05-22T09:20:36.016Z INFO  benchmark_client] Sending sample transaction 210
[2026-05-22T09:20:36.019Z INFO  benchmark_client] Sending sample transaction 211
[2026-05-22T09:20:36.050Z INFO  benchmark_client] Sending sample transaction 212
[2026-05-22T09:20:36.052Z INFO  benchmark_client] Sending sample transaction 213
[2026-05-22T09:20:36.094Z INFO  benchmark_client] Sending sample transaction 214
[2026-05-22T09:20:36.100Z INFO  benchmark_client] Sending sample transaction 215
[2026-05-22T09:20:36.126Z INFO  benchmark_client] Sending sample transaction 216
[2026-05-22T09:20:36.130Z INFO  benchmark_client] Sending sample transaction 217
[2026-05-22T09:20:36.138Z INFO  benchmark_client] Sending sample transaction 218
[2026-05-22T09:20:36.181Z INFO  benchmark_client] Sending sample transaction 219
[2026-05-22T09:20:36.186Z INFO  benchmark_client] Sending sample transaction 220
[2026-05-22T09:20:36.196Z INFO  benchmark_client] Sending sample transaction 221
[2026-05-22T09:20:36.595Z WARN  benchmark_client] Transaction rate too high for this client
[2026-05-22T09:20:36.595Z INFO  benchmark_client] Sending sample transaction 222
[2026-05-22T09:20:36.601Z INFO  benchmark_client] Sending sample transaction 223
[2026-05-22T09:20:36.733Z WARN  benchmark_client] Transaction rate too high for this client
[2026-05-22T09:20:36.733Z INFO  benchmark_client] Sending sample transaction 224
[2026-05-22T09:20:36.744Z INFO  benchmark_client] Sending sample transaction 225
[2026-05-22T09:20:36.798Z WARN  benchmark_client] Transaction rate too high for this client
[2026-05-22T09:20:36.798Z INFO  benchmark_client] Sending sample transaction 226
[2026-05-22T09:20:36.806Z INFO  benchmark_client] Sending sample transaction 227
[2026-05-22T09:20:36.815Z INFO  benchmark_client] Sending sample transaction 228
[2026-05-22T09:20:36.940Z WARN  benchmark_client] Transaction rate too high for this client
[2026-05-22T09:20:36.942Z INFO  benchmark_client] Sending sample transaction 229
[2026-05-22T09:20:36.946Z INFO  benchmark_client] Sending sample transaction 230
[2026-05-22T09:20:37.035Z WARN  benchmark_client] Transaction rate too high for this client
[2026-05-22T09:20:37.035Z INFO  benchmark_client] Sending sample transaction 231
[2026-05-22T09:20:37.043Z INFO  benchmark_client] Sending sample transaction 232
[2026-05-22T09:20:37.193Z INFO  benchmark_client] Sending sample transaction 233
[2026-05-22T09:20:37.201Z WARN  benchmark_client] Transaction rate too high for this client
[2026-05-22T09:20:37.204Z INFO  benchmark_client] Sending sample transaction 234
[2026-05-22T09:20:37.210Z INFO  benchmark_client] Sending sample transaction 235
[2026-05-22T09:20:37.823Z WARN  benchmark_client] Transaction rate too high for this client
[2026-05-22T09:20:37.825Z INFO  benchmark_client] Sending sample transaction 236
[2026-05-22T09:20:37.830Z INFO  benchmark_client] Sending sample transaction 237
[2026-05-22T09:20:38.165Z INFO  benchmark_client] Sending sample transaction 238
[2026-05-22T09:20:38.171Z WARN  benchmark_client] Transaction rate too high for this client
[2026-05-22T09:20:38.173Z INFO  benchmark_client] Sending sample transaction 239
[2026-05-22T09:20:38.180Z INFO  benchmark_client] Sending sample transaction 240
[2026-05-22T09:20:38.314Z WARN  benchmark_client] Transaction rate too high for this client
[2026-05-22T09:20:38.314Z INFO  benchmark_client] Sending sample transaction 241
[2026-05-22T09:20:38.320Z INFO  benchmark_client] Sending sample transaction 242
[2026-05-22T09:20:38.370Z INFO  benchmark_client] Sending sample transaction 243
[2026-05-22T09:20:38.373Z INFO  benchmark_client] Sending sample transaction 244
[2026-05-22T09:20:38.375Z INFO  benchmark_client] Sending sample transaction 245
[2026-05-22T09:20:38.401Z INFO  benchmark_client] Sending sample transaction 246
[2026-05-22T09:20:38.404Z INFO  benchmark_client] Sending sample transaction 247
[2026-05-22T09:20:38.407Z INFO  benchmark_client] Sending sample transaction 248
[2026-05-22T09:20:38.428Z INFO  benchmark_client] Sending sample transaction 249
[2026-05-22T09:20:38.430Z INFO  benchmark_client] Sending sample transaction 250
[2026-05-22T09:20:38.498Z WARN  benchmark_client] Transaction rate too high for this client
[2026-05-22T09:20:38.498Z INFO  benchmark_client] Sending sample transaction 251
[2026-05-22T09:20:38.504Z INFO  benchmark_client] Sending sample transaction 252
[2026-05-22T09:20:38.904Z INFO  benchmark_client] Sending sample transaction 253
[2026-05-22T09:20:38.909Z WARN  benchmark_client] Transaction rate too high for this client
[2026-05-22T09:20:38.910Z INFO  benchmark_client] Sending sample transaction 254
[2026-05-22T09:20:38.916Z INFO  benchmark_client] Sending sample transaction 255
[2026-05-22T09:20:38.927Z INFO  benchmark_client] Sending sample transaction 256
[2026-05-22T09:20:38.940Z INFO  benchmark_client] Sending sample transaction 257
[2026-05-22T09:20:38.993Z WARN  benchmark_client] Transaction rate too high for this client
[2026-05-22T09:20:38.996Z INFO  benchmark_client] Sending sample transaction 258
[2026-05-22T09:20:39.000Z INFO  benchmark_client] Sending sample transaction 259
[2026-05-22T09:20:39.005Z INFO  benchmark_client] Sending sample transaction 260
[2026-05-22T09:20:39.133Z WARN  benchmark_client] Transaction rate too high for this client
[2026-05-22T09:20:39.133Z INFO  benchmark_client] Sending sample transaction 261
[2026-05-22T09:20:39.138Z INFO  benchmark_client] Sending sample transaction 262
[2026-05-22T09:20:39.209Z WARN  benchmark_client] Transaction rate too high for this client
[2026-05-22T09:20:39.211Z INFO  benchmark_client] Sending sample transaction 263
[2026-05-22T09:20:39.219Z INFO  benchmark_client] Sending sample transaction 264
[2026-05-22T09:20:39.226Z INFO  benchmark_client] Sending sample transaction 265
[2026-05-22T09:20:39.260Z INFO  benchmark_client] Sending sample transaction 266
[2026-05-22T09:20:39.265Z INFO  benchmark_client] Sending sample transaction 267
[2026-05-22T09:20:39.330Z WARN  benchmark_client] Transaction rate too high for this client
[2026-05-22T09:20:39.330Z INFO  benchmark_client] Sending sample transaction 268
[2026-05-22T09:20:39.335Z INFO  benchmark_client] Sending sample transaction 269
[2026-05-22T09:20:39.341Z INFO  benchmark_client] Sending sample transaction 270
[2026-05-22T09:20:39.383Z INFO  benchmark_client] Sending sample transaction 271
[2026-05-22T09:20:39.394Z INFO  benchmark_client] Sending sample transaction 272
[2026-05-22T09:20:39.679Z WARN  benchmark_client] Transaction rate too high for this client
[2026-05-22T09:20:39.680Z INFO  benchmark_client] Sending sample transaction 273
[2026-05-22T09:20:39.682Z INFO  benchmark_client] Sending sample transaction 274
[2026-05-22T09:20:39.860Z WARN  benchmark_client] Transaction rate too high for this client
[2026-05-22T09:20:39.860Z INFO  benchmark_client] Sending sample transaction 275
[2026-05-22T09:20:39.869Z INFO  benchmark_client] Sending sample transaction 276
[2026-05-22T09:20:40.207Z INFO  benchmark_client] Sending sample transaction 277
[2026-05-22T09:20:40.212Z WARN  benchmark_client] Transaction rate too high for this client
[2026-05-22T09:20:40.212Z INFO  benchmark_client] Sending sample transaction 278
[2026-05-22T09:20:40.215Z INFO  benchmark_client] Sending sample transaction 279
[2026-05-22T09:20:40.296Z WARN  benchmark_client] Transaction rate too high for this client
[2026-05-22T09:20:40.296Z INFO  benchmark_client] Sending sample transaction 280
[2026-05-22T09:20:40.301Z INFO  benchmark_client] Sending sample transaction 281
[2026-05-22T09:20:40.459Z WARN  benchmark_client] Transaction rate too high for this client
[2026-05-22T09:20:40.460Z INFO  benchmark_client] Sending sample transaction 282
[2026-05-22T09:20:40.464Z INFO  benchmark_client] Sending sample transaction 283
[2026-05-22T09:20:40.469Z INFO  benchmark_client] Sending sample transaction 284
[2026-05-22T09:20:40.669Z WARN  benchmark_client] Transaction rate too high for this client
[2026-05-22T09:20:40.669Z INFO  benchmark_client] Sending sample transaction 285
[2026-05-22T09:20:40.675Z INFO  benchmark_client] Sending sample transaction 286
[2026-05-22T09:20:40.720Z INFO  benchmark_client] Sending sample transaction 287
[2026-05-22T09:20:40.724Z INFO  benchmark_client] Sending sample transaction 288
[2026-05-22T09:20:40.789Z WARN  benchmark_client] Transaction rate too high for this client
[2026-05-22T09:20:40.790Z INFO  benchmark_client] Sending sample transaction 289
[2026-05-22T09:20:40.792Z INFO  benchmark_client] Sending sample transaction 290
[2026-05-22T09:20:40.799Z INFO  benchmark_client] Sending sample transaction 291
[2026-05-22T09:20:40.853Z WARN  benchmark_client] Transaction rate too high for this client
[2026-05-22T09:20:40.856Z INFO  benchmark_client] Sending sample transaction 292
[2026-05-22T09:20:40.864Z INFO  benchmark_client] Sending sample transaction 293
[2026-05-22T09:20:40.873Z INFO  benchmark_client] Sending sample transaction 294
[2026-05-22T09:20:40.880Z INFO  benchmark_client] Sending sample transaction 295
[2026-05-22T09:20:40.937Z WARN  benchmark_client] Transaction rate too high for this client
[2026-05-22T09:20:40.937Z INFO  benchmark_client] Sending sample transaction 296
[2026-05-22T09:20:40.942Z INFO  benchmark_client] Sending sample transaction 297
[2026-05-22T09:20:40.968Z INFO  benchmark_client] Sending sample transaction 298
[2026-05-22T09:20:40.970Z INFO  benchmark_client] Sending sample transaction 299
[2026-05-22T09:20:40.997Z INFO  benchmark_client] Sending sample transaction 300
[2026-05-22T09:20:41.002Z INFO  benchmark_client] Sending sample transaction 301
[2026-05-22T09:20:41.009Z INFO  benchmark_client] Sending sample transaction 302
[2026-05-22T09:20:41.028Z INFO  benchmark_client] Sending sample transaction 303
[2026-05-22T09:20:41.032Z INFO  benchmark_client] Sending sample transaction 304
[2026-05-22T09:20:41.160Z WARN  benchmark_client] Transaction rate too high for this client
[2026-05-22T09:20:41.160Z INFO  benchmark_client] Sending sample transaction 305
[2026-05-22T09:20:41.168Z INFO  benchmark_client] Sending sample transaction 306
[2026-05-22T09:20:41.175Z INFO  benchmark_client] Sending sample transaction 307
[2026-05-22T09:20:41.258Z WARN  benchmark_client] Transaction rate too high for this client
[2026-05-22T09:20:41.261Z INFO  benchmark_client] Sending sample transaction 308
[2026-05-22T09:20:41.266Z INFO  benchmark_client] Sending sample transaction 309
[2026-05-22T09:20:41.274Z INFO  benchmark_client] Sending sample transaction 310
[2026-05-22T09:20:41.375Z WARN  benchmark_client] Transaction rate too high for this client
[2026-05-22T09:20:41.376Z INFO  benchmark_client] Sending sample transaction 311
[2026-05-22T09:20:41.379Z INFO  benchmark_client] Sending sample transaction 312
[2026-05-22T09:20:41.381Z INFO  benchmark_client] Sending sample transaction 313
[2026-05-22T09:20:41.407Z INFO  benchmark_client] Sending sample transaction 314
[2026-05-22T09:20:41.409Z INFO  benchmark_client] Sending sample transaction 315
[2026-05-22T09:20:41.479Z WARN  benchmark_client] Transaction rate too high for this client
[2026-05-22T09:20:41.480Z INFO  benchmark_client] Sending sample transaction 316
[2026-05-22T09:20:41.487Z INFO  benchmark_client] Sending sample transaction 317
[2026-05-22T09:20:41.492Z INFO  benchmark_client] Sending sample transaction 318
[2026-05-22T09:20:41.499Z INFO  benchmark_client] Sending sample transaction 319
[2026-05-22T09:20:41.604Z WARN  benchmark_client] Transaction rate too high for this client
[2026-05-22T09:20:41.604Z INFO  benchmark_client] Sending sample transaction 320
[2026-05-22T09:20:41.609Z INFO  benchmark_client] Sending sample transaction 321
[2026-05-22T09:20:41.616Z INFO  benchmark_client] Sending sample transaction 322
[2026-05-22T09:20:41.785Z WARN  benchmark_client] Transaction rate too high for this client
[2026-05-22T09:20:41.787Z INFO  benchmark_client] Sending sample transaction 323
[2026-05-22T09:20:41.793Z INFO  benchmark_client] Sending sample transaction 324
[2026-05-22T09:20:41.915Z WARN  benchmark_client] Transaction rate too high for this client
[2026-05-22T09:20:41.918Z INFO  benchmark_client] Sending sample transaction 325
[2026-05-22T09:20:41.926Z INFO  benchmark_client] Sending sample transaction 326
[2026-05-22T09:20:41.932Z INFO  benchmark_client] Sending sample transaction 327
[2026-05-22T09:20:42.071Z WARN  benchmark_client] Transaction rate too high for this client
[2026-05-22T09:20:42.072Z INFO  benchmark_client] Sending sample transaction 328
[2026-05-22T09:20:42.078Z INFO  benchmark_client] Sending sample transaction 329
[2026-05-22T09:20:42.088Z INFO  benchmark_client] Sending sample transaction 330
[2026-05-22T09:20:42.128Z INFO  benchmark_client] Sending sample transaction 331
[2026-05-22T09:20:42.132Z INFO  benchmark_client] Sending sample transaction 332
[2026-05-22T09:20:42.136Z INFO  benchmark_client] Sending sample transaction 333
[2026-05-22T09:20:42.239Z WARN  benchmark_client] Transaction rate too high for this client
[2026-05-22T09:20:42.240Z INFO  benchmark_client] Sending sample transaction 334
[2026-05-22T09:20:42.243Z INFO  benchmark_client] Sending sample transaction 335
[2026-05-22T09:20:42.290Z INFO  benchmark_client] Sending sample transaction 336
[2026-05-22T09:20:42.294Z INFO  benchmark_client] Sending sample transaction 337
[2026-05-22T09:20:42.298Z INFO  benchmark_client] Sending sample transaction 338
[2026-05-22T09:20:42.362Z WARN  benchmark_client] Transaction rate too high for this client
[2026-05-22T09:20:42.362Z INFO  benchmark_client] Sending sample transaction 339
[2026-05-22T09:20:42.374Z INFO  benchmark_client] Sending sample transaction 340
[2026-05-22T09:20:42.499Z INFO  benchmark_client] Sending sample transaction 341
[2026-05-22T09:20:42.501Z WARN  benchmark_client] Transaction rate too high for this client
[2026-05-22T09:20:42.504Z INFO  benchmark_client] Sending sample transaction 342
[2026-05-22T09:20:42.513Z INFO  benchmark_client] Sending sample transaction 343
[2026-05-22T09:20:42.562Z WARN  benchmark_client] Transaction rate too high for this client
[2026-05-22T09:20:42.563Z INFO  benchmark_client] Sending sample transaction 344
[2026-05-22T09:20:42.571Z INFO  benchmark_client] Sending sample transaction 345
[2026-05-22T09:20:42.754Z INFO  benchmark_client] Sending sample transaction 346
[2026-05-22T09:20:42.759Z WARN  benchmark_client] Transaction rate too high for this client
[2026-05-22T09:20:42.759Z INFO  benchmark_client] Sending sample transaction 347
[2026-05-22T09:20:42.768Z INFO  benchmark_client] Sending sample transaction 348
[2026-05-22T09:20:42.816Z INFO  benchmark_client] Sending sample transaction 349
[2026-05-22T09:20:42.820Z INFO  benchmark_client] Sending sample transaction 350
[2026-05-22T09:20:42.823Z INFO  benchmark_client] Sending sample transaction 351
[2026-05-22T09:20:42.985Z WARN  benchmark_client] Transaction rate too high for this client
[2026-05-22T09:20:42.985Z INFO  benchmark_client] Sending sample transaction 352
[2026-05-22T09:20:42.989Z INFO  benchmark_client] Sending sample transaction 353
[2026-05-22T09:20:43.041Z WARN  benchmark_client] Transaction rate too high for this client
[2026-05-22T09:20:43.042Z INFO  benchmark_client] Sending sample transaction 354
[2026-05-22T09:20:43.048Z INFO  benchmark_client] Sending sample transaction 355
[2026-05-22T09:20:43.186Z WARN  benchmark_client] Transaction rate too high for this client
[2026-05-22T09:20:43.186Z INFO  benchmark_client] Sending sample transaction 356
[2026-05-22T09:20:43.193Z INFO  benchmark_client] Sending sample transaction 357
[2026-05-22T09:20:43.342Z WARN  benchmark_client] Transaction rate too high for this client
[2026-05-22T09:20:43.344Z INFO  benchmark_client] Sending sample transaction 358
[2026-05-22T09:20:43.350Z INFO  benchmark_client] Sending sample transaction 359
[2026-05-22T09:20:43.355Z INFO  benchmark_client] Sending sample transaction 360
[2026-05-22T09:20:43.410Z WARN  benchmark_client] Transaction rate too high for this client
[2026-05-22T09:20:43.411Z INFO  benchmark_client] Sending sample transaction 361
[2026-05-22T09:20:43.415Z INFO  benchmark_client] Sending sample transaction 362
[2026-05-22T09:20:43.686Z WARN  benchmark_client] Transaction rate too high for this client
[2026-05-22T09:20:43.688Z INFO  benchmark_client] Sending sample transaction 363
[2026-05-22T09:20:43.699Z INFO  benchmark_client] Sending sample transaction 364
[2026-05-22T09:20:43.916Z WARN  benchmark_client] Transaction rate too high for this client
[2026-05-22T09:20:43.918Z INFO  benchmark_client] Sending sample transaction 365
[2026-05-22T09:20:43.925Z INFO  benchmark_client] Sending sample transaction 366
[2026-05-22T09:20:44.017Z INFO  benchmark_client] Sending sample transaction 367
[2026-05-22T09:20:44.020Z WARN  benchmark_client] Transaction rate too high for this client
[2026-05-22T09:20:44.022Z INFO  benchmark_client] Sending sample transaction 368
[2026-05-22T09:20:44.027Z INFO  benchmark_client] Sending sample transaction 369
[2026-05-22T09:20:44.070Z INFO  benchmark_client] Sending sample transaction 370
[2026-05-22T09:20:44.075Z INFO  benchmark_client] Sending sample transaction 371
[2026-05-22T09:20:44.162Z WARN  benchmark_client] Transaction rate too high for this client
[2026-05-22T09:20:44.164Z INFO  benchmark_client] Sending sample transaction 372
[2026-05-22T09:20:44.172Z INFO  benchmark_client] Sending sample transaction 373
[2026-05-22T09:20:44.178Z INFO  benchmark_client] Sending sample transaction 374
[2026-05-22T09:20:44.304Z WARN  benchmark_client] Transaction rate too high for this client
[2026-05-22T09:20:44.304Z INFO  benchmark_client] Sending sample transaction 375
[2026-05-22T09:20:44.313Z INFO  benchmark_client] Sending sample transaction 376
[2026-05-22T09:20:44.475Z WARN  benchmark_client] Transaction rate too high for this client
[2026-05-22T09:20:44.476Z INFO  benchmark_client] Sending sample transaction 377
[2026-05-22T09:20:44.484Z INFO  benchmark_client] Sending sample transaction 378
[2026-05-22T09:20:44.635Z WARN  benchmark_client] Transaction rate too high for this client
[2026-05-22T09:20:44.636Z INFO  benchmark_client] Sending sample transaction 379
[2026-05-22T09:20:44.638Z INFO  benchmark_client] Sending sample transaction 380
[2026-05-22T09:20:44.828Z INFO  benchmark_client] Sending sample transaction 381
[2026-05-22T09:20:44.830Z WARN  benchmark_client] Transaction rate too high for this client
[2026-05-22T09:20:44.831Z INFO  benchmark_client] Sending sample transaction 382
[2026-05-22T09:20:44.861Z INFO  benchmark_client] Sending sample transaction 383
[2026-05-22T09:20:44.864Z INFO  benchmark_client] Sending sample transaction 384
[2026-05-22T09:20:44.867Z INFO  benchmark_client] Sending sample transaction 385
[2026-05-22T09:20:44.886Z INFO  benchmark_client] Sending sample transaction 386
[2026-05-22T09:20:44.889Z INFO  benchmark_client] Sending sample transaction 387
[2026-05-22T09:20:44.892Z INFO  benchmark_client] Sending sample transaction 388
[2026-05-22T09:20:44.933Z INFO  benchmark_client] Sending sample transaction 389
[2026-05-22T09:20:44.938Z INFO  benchmark_client] Sending sample transaction 390
[2026-05-22T09:20:44.943Z INFO  benchmark_client] Sending sample transaction 391
[2026-05-22T09:20:44.998Z INFO  benchmark_client] Sending sample transaction 392
[2026-05-22T09:20:45.005Z INFO  benchmark_client] Sending sample transaction 393
[2026-05-22T09:20:45.013Z INFO  benchmark_client] Sending sample transaction 394
[2026-05-22T09:20:45.127Z WARN  benchmark_client] Transaction rate too high for this client
[2026-05-22T09:20:45.128Z INFO  benchmark_client] Sending sample transaction 395
[2026-05-22T09:20:45.134Z INFO  benchmark_client] Sending sample transaction 396
[2026-05-22T09:20:45.141Z INFO  benchmark_client] Sending sample transaction 397
[2026-05-22T09:20:45.196Z WARN  benchmark_client] Transaction rate too high for this client
[2026-05-22T09:20:45.199Z INFO  benchmark_client] Sending sample transaction 398
[2026-05-22T09:20:45.205Z INFO  benchmark_client] Sending sample transaction 399
[2026-05-22T09:20:45.253Z INFO  benchmark_client] Sending sample transaction 400
[2026-05-22T09:20:45.260Z INFO  benchmark_client] Sending sample transaction 401
[2026-05-22T09:20:45.343Z INFO  benchmark_client] Sending sample transaction 402
[2026-05-22T09:20:45.344Z WARN  benchmark_client] Transaction rate too high for this client
[2026-05-22T09:20:45.347Z INFO  benchmark_client] Sending sample transaction 403
[2026-05-22T09:20:45.352Z INFO  benchmark_client] Sending sample transaction 404
[2026-05-22T09:20:45.543Z WARN  benchmark_client] Transaction rate too high for this client
[2026-05-22T09:20:45.546Z INFO  benchmark_client] Sending sample transaction 405
[2026-05-22T09:20:45.552Z INFO  benchmark_client] Sending sample transaction 406
[2026-05-22T09:20:45.561Z INFO  benchmark_client] Sending sample transaction 407
[2026-05-22T09:20:45.589Z INFO  benchmark_client] Sending sample transaction 408
[2026-05-22T09:20:45.598Z INFO  benchmark_client] Sending sample transaction 409
[2026-05-22T09:20:45.684Z INFO  benchmark_client] Sending sample transaction 410
[2026-05-22T09:20:45.688Z WARN  benchmark_client] Transaction rate too high for this client
[2026-05-22T09:20:45.688Z INFO  benchmark_client] Sending sample transaction 411
[2026-05-22T09:20:45.763Z INFO  benchmark_client] Sending sample transaction 412
[2026-05-22T09:20:45.764Z WARN  benchmark_client] Transaction rate too high for this client
[2026-05-22T09:20:45.770Z INFO  benchmark_client] Sending sample transaction 413
[2026-05-22T09:20:45.776Z INFO  benchmark_client] Sending sample transaction 414
[2026-05-22T09:20:45.996Z WARN  benchmark_client] Transaction rate too high for this client
[2026-05-22T09:20:45.997Z INFO  benchmark_client] Sending sample transaction 415
[2026-05-22T09:20:45.999Z INFO  benchmark_client] Sending sample transaction 416
[2026-05-22T09:20:46.378Z INFO  benchmark_client] Sending sample transaction 417
[2026-05-22T09:20:46.382Z WARN  benchmark_client] Transaction rate too high for this client
[2026-05-22T09:20:46.384Z INFO  benchmark_client] Sending sample transaction 418
[2026-05-22T09:20:46.483Z INFO  benchmark_client] Sending sample transaction 419
[2026-05-22T09:20:46.487Z WARN  benchmark_client] Transaction rate too high for this client
[2026-05-22T09:20:46.488Z INFO  benchmark_client] Sending sample transaction 420
[2026-05-22T09:20:46.492Z INFO  benchmark_client] Sending sample transaction 421
[2026-05-22T09:20:46.612Z WARN  benchmark_client] Transaction rate too high for this client
[2026-05-22T09:20:46.614Z INFO  benchmark_client] Sending sample transaction 422
[2026-05-22T09:20:46.618Z INFO  benchmark_client] Sending sample transaction 423
[2026-05-22T09:20:46.660Z INFO  benchmark_client] Sending sample transaction 424
[2026-05-22T09:20:46.664Z INFO  benchmark_client] Sending sample transaction 425
[2026-05-22T09:20:46.719Z WARN  benchmark_client] Transaction rate too high for this client
[2026-05-22T09:20:46.720Z INFO  benchmark_client] Sending sample transaction 426
[2026-05-22T09:20:46.727Z INFO  benchmark_client] Sending sample transaction 427
[2026-05-22T09:20:46.797Z INFO  benchmark_client] Sending sample transaction 428
[2026-05-22T09:20:46.799Z WARN  benchmark_client] Transaction rate too high for this client
[2026-05-22T09:20:46.800Z INFO  benchmark_client] Sending sample transaction 429
[2026-05-22T09:20:46.804Z INFO  benchmark_client] Sending sample transaction 430
[2026-05-22T09:20:46.879Z WARN  benchmark_client] Transaction rate too high for this client
[2026-05-22T09:20:46.880Z INFO  benchmark_client] Sending sample transaction 431
[2026-05-22T09:20:46.884Z INFO  benchmark_client] Sending sample transaction 432
[2026-05-22T09:20:46.891Z INFO  benchmark_client] Sending sample transaction 433
[2026-05-22T09:20:46.947Z WARN  benchmark_client] Transaction rate too high for this client
[2026-05-22T09:20:46.948Z INFO  benchmark_client] Sending sample transaction 434
[2026-05-22T09:20:46.954Z INFO  benchmark_client] Sending sample transaction 435
[2026-05-22T09:20:46.959Z INFO  benchmark_client] Sending sample transaction 436
[2026-05-22T09:20:47.344Z WARN  benchmark_client] Transaction rate too high for this client
[2026-05-22T09:20:47.347Z INFO  benchmark_client] Sending sample transaction 437
[2026-05-22T09:20:47.351Z INFO  benchmark_client] Sending sample transaction 438
[2026-05-22T09:20:47.356Z INFO  benchmark_client] Sending sample transaction 439
[2026-05-22T09:20:47.578Z WARN  benchmark_client] Transaction rate too high for this client
[2026-05-22T09:20:47.581Z INFO  benchmark_client] Sending sample transaction 440
[2026-05-22T09:20:47.589Z INFO  benchmark_client] Sending sample transaction 441
[2026-05-22T09:20:47.716Z INFO  benchmark_client] Sending sample transaction 442
[2026-05-22T09:20:47.718Z WARN  benchmark_client] Transaction rate too high for this client
[2026-05-22T09:20:47.718Z INFO  benchmark_client] Sending sample transaction 443
[2026-05-22T09:20:47.723Z INFO  benchmark_client] Sending sample transaction 444
[2026-05-22T09:20:47.911Z WARN  benchmark_client] Transaction rate too high for this client
[2026-05-22T09:20:47.912Z INFO  benchmark_client] Sending sample transaction 445
[2026-05-22T09:20:47.917Z INFO  benchmark_client] Sending sample transaction 446
[2026-05-22T09:20:48.005Z WARN  benchmark_client] Transaction rate too high for this client
[2026-05-22T09:20:48.007Z INFO  benchmark_client] Sending sample transaction 447
[2026-05-22T09:20:48.012Z INFO  benchmark_client] Sending sample transaction 448
[2026-05-22T09:20:48.069Z WARN  benchmark_client] Transaction rate too high for this client
[2026-05-22T09:20:48.069Z INFO  benchmark_client] Sending sample transaction 449
[2026-05-22T09:20:48.076Z INFO  benchmark_client] Sending sample transaction 450
[2026-05-22T09:20:48.239Z WARN  benchmark_client] Transaction rate too high for this client
[2026-05-22T09:20:48.240Z INFO  benchmark_client] Sending sample transaction 451
[2026-05-22T09:20:48.246Z INFO  benchmark_client] Sending sample transaction 452
[2026-05-22T09:20:48.334Z INFO  benchmark_client] Sending sample transaction 453
[2026-05-22T09:20:48.340Z WARN  benchmark_client] Transaction rate too high for this client
[2026-05-22T09:20:48.345Z INFO  benchmark_client] Sending sample transaction 454
[2026-05-22T09:20:48.351Z INFO  benchmark_client] Sending sample transaction 455
[2026-05-22T09:20:48.433Z WARN  benchmark_client] Transaction rate too high for this client
[2026-05-22T09:20:48.434Z INFO  benchmark_client] Sending sample transaction 456
[2026-05-22T09:20:48.439Z INFO  benchmark_client] Sending sample transaction 457
[2026-05-22T09:20:48.504Z WARN  benchmark_client] Transaction rate too high for this client
[2026-05-22T09:20:48.505Z INFO  benchmark_client] Sending sample transaction 458
[2026-05-22T09:20:48.511Z INFO  benchmark_client] Sending sample transaction 459
[2026-05-22T09:20:48.597Z WARN  benchmark_client] Transaction rate too high for this client
[2026-05-22T09:20:48.599Z INFO  benchmark_client] Sending sample transaction 460
[2026-05-22T09:20:48.608Z INFO  benchmark_client] Sending sample transaction 461
[2026-05-22T09:20:48.877Z WARN  benchmark_client] Transaction rate too high for this client
[2026-05-22T09:20:48.878Z INFO  benchmark_client] Sending sample transaction 462
[2026-05-22T09:20:48.887Z INFO  benchmark_client] Sending sample transaction 463
[2026-05-22T09:20:48.894Z INFO  benchmark_client] Sending sample transaction 464
[2026-05-22T09:20:49.017Z WARN  benchmark_client] Transaction rate too high for this client
[2026-05-22T09:20:49.017Z INFO  benchmark_client] Sending sample transaction 465
[2026-05-22T09:20:49.023Z INFO  benchmark_client] Sending sample transaction 466
[2026-05-22T09:20:49.089Z WARN  benchmark_client] Transaction rate too high for this client
[2026-05-22T09:20:49.090Z INFO  benchmark_client] Sending sample transaction 467
[2026-05-22T09:20:49.095Z INFO  benchmark_client] Sending sample transaction 468
[2026-05-22T09:20:49.245Z INFO  benchmark_client] Sending sample transaction 469
[2026-05-22T09:20:49.249Z WARN  benchmark_client] Transaction rate too high for this client
[2026-05-22T09:20:49.253Z INFO  benchmark_client] Sending sample transaction 470
[2026-05-22T09:20:49.260Z INFO  benchmark_client] Sending sample transaction 471
[2026-05-22T09:20:49.264Z INFO  benchmark_client] Sending sample transaction 472
[2026-05-22T09:20:49.295Z INFO  benchmark_client] Sending sample transaction 473
[2026-05-22T09:20:49.298Z INFO  benchmark_client] Sending sample transaction 474
[2026-05-22T09:20:49.301Z INFO  benchmark_client] Sending sample transaction 475
[2026-05-22T09:20:49.303Z INFO  benchmark_client] Sending sample transaction 476
[2026-05-22T09:20:49.305Z INFO  benchmark_client] Sending sample transaction 477
[2026-05-22T09:20:49.352Z INFO  benchmark_client] Sending sample transaction 478
[2026-05-22T09:20:49.356Z INFO  benchmark_client] Sending sample transaction 479
[2026-05-22T09:20:49.434Z WARN  benchmark_client] Transaction rate too high for this client
[2026-05-22T09:20:49.435Z INFO  benchmark_client] Sending sample transaction 480
[2026-05-22T09:20:49.444Z INFO  benchmark_client] Sending sample transaction 481
[2026-05-22T09:20:49.550Z INFO  benchmark_client] Sending sample transaction 482
[2026-05-22T09:20:49.552Z WARN  benchmark_client] Transaction rate too high for this client
[2026-05-22T09:20:49.554Z INFO  benchmark_client] Sending sample transaction 483
[2026-05-22T09:20:49.894Z INFO  benchmark_client] Sending sample transaction 484
[2026-05-22T09:20:49.895Z WARN  benchmark_client] Transaction rate too high for this client
[2026-05-22T09:20:49.898Z INFO  benchmark_client] Sending sample transaction 485
[2026-05-22T09:20:49.903Z INFO  benchmark_client] Sending sample transaction 486
[2026-05-22T09:20:49.969Z WARN  benchmark_client] Transaction rate too high for this client
[2026-05-22T09:20:49.971Z INFO  benchmark_client] Sending sample transaction 487
[2026-05-22T09:20:49.976Z INFO  benchmark_client] Sending sample transaction 488
[2026-05-22T09:20:50.266Z WARN  benchmark_client] Transaction rate too high for this client
[2026-05-22T09:20:50.268Z INFO  benchmark_client] Sending sample transaction 489
[2026-05-22T09:20:50.277Z INFO  benchmark_client] Sending sample transaction 490
[2026-05-22T09:20:50.285Z INFO  benchmark_client] Sending sample transaction 491
[2026-05-22T09:20:50.448Z WARN  benchmark_client] Transaction rate too high for this client
[2026-05-22T09:20:50.451Z INFO  benchmark_client] Sending sample transaction 492
[2026-05-22T09:20:50.454Z INFO  benchmark_client] Sending sample transaction 493
[2026-05-22T09:20:50.567Z WARN  benchmark_client] Transaction rate too high for this client
[2026-05-22T09:20:50.569Z INFO  benchmark_client] Sending sample transaction 494
[2026-05-22T09:20:50.574Z INFO  benchmark_client] Sending sample transaction 495
[2026-05-22T09:20:50.580Z INFO  benchmark_client] Sending sample transaction 496
[2026-05-22T09:20:50.735Z WARN  benchmark_client] Transaction rate too high for this client
[2026-05-22T09:20:50.737Z INFO  benchmark_client] Sending sample transaction 497
[2026-05-22T09:20:50.747Z INFO  benchmark_client] Sending sample transaction 498
[2026-05-22T09:20:50.754Z INFO  benchmark_client] Sending sample transaction 499
[2026-05-22T09:20:50.886Z WARN  benchmark_client] Transaction rate too high for this client
[2026-05-22T09:20:50.888Z INFO  benchmark_client] Sending sample transaction 500
[2026-05-22T09:20:50.895Z INFO  benchmark_client] Sending sample transaction 501
[2026-05-22T09:20:51.036Z INFO  benchmark_client] Sending sample transaction 502
[2026-05-22T09:20:51.042Z WARN  benchmark_client] Transaction rate too high for this client
[2026-05-22T09:20:51.047Z INFO  benchmark_client] Sending sample transaction 503
[2026-05-22T09:20:51.053Z INFO  benchmark_client] Sending sample transaction 504
[2026-05-22T09:20:51.061Z INFO  benchmark_client] Sending sample transaction 505
[2026-05-22T09:20:51.147Z INFO  benchmark_client] Sending sample transaction 506
[2026-05-22T09:20:51.149Z WARN  benchmark_client] Transaction rate too high for this client
[2026-05-22T09:20:51.152Z INFO  benchmark_client] Sending sample transaction 507
[2026-05-22T09:20:51.157Z INFO  benchmark_client] Sending sample transaction 508
[2026-05-22T09:20:51.216Z WARN  benchmark_client] Transaction rate too high for this client
[2026-05-22T09:20:51.218Z INFO  benchmark_client] Sending sample transaction 509
[2026-05-22T09:20:51.222Z INFO  benchmark_client] Sending sample transaction 510
[2026-05-22T09:20:51.258Z INFO  benchmark_client] Sending sample transaction 511
[2026-05-22T09:20:51.262Z INFO  benchmark_client] Sending sample transaction 512
[2026-05-22T09:20:51.422Z WARN  benchmark_client] Transaction rate too high for this client
[2026-05-22T09:20:51.423Z INFO  benchmark_client] Sending sample transaction 513
[2026-05-22T09:20:51.429Z INFO  benchmark_client] Sending sample transaction 514
[2026-05-22T09:20:51.435Z INFO  benchmark_client] Sending sample transaction 515
[2026-05-22T09:20:51.710Z WARN  benchmark_client] Transaction rate too high for this client
[2026-05-22T09:20:51.711Z INFO  benchmark_client] Sending sample transaction 516
[2026-05-22T09:20:51.718Z INFO  benchmark_client] Sending sample transaction 517
[2026-05-22T09:20:51.748Z INFO  benchmark_client] Sending sample transaction 518
[2026-05-22T09:20:51.752Z INFO  benchmark_client] Sending sample transaction 519
[2026-05-22T09:20:51.793Z INFO  benchmark_client] Sending sample transaction 520
[2026-05-22T09:20:51.799Z INFO  benchmark_client] Sending sample transaction 521
[2026-05-22T09:20:51.801Z INFO  benchmark_client] Sending sample transaction 522
[2026-05-22T09:20:51.817Z INFO  benchmark_client] Sending sample transaction 523
[2026-05-22T09:20:51.822Z INFO  benchmark_client] Sending sample transaction 524
[2026-05-22T09:20:51.828Z INFO  benchmark_client] Sending sample transaction 525
[2026-05-22T09:20:51.851Z INFO  benchmark_client] Sending sample transaction 526
[2026-05-22T09:20:51.853Z INFO  benchmark_client] Sending sample transaction 527
[2026-05-22T09:20:51.860Z INFO  benchmark_client] Sending sample transaction 528
[2026-05-22T09:20:52.054Z INFO  benchmark_client] Sending sample transaction 529
[2026-05-22T09:20:52.055Z WARN  benchmark_client] Transaction rate too high for this client
[2026-05-22T09:20:52.062Z INFO  benchmark_client] Sending sample transaction 530
[2026-05-22T09:20:52.066Z INFO  benchmark_client] Sending sample transaction 531
[2026-05-22T09:20:52.227Z WARN  benchmark_client] Transaction rate too high for this client
[2026-05-22T09:20:52.228Z INFO  benchmark_client] Sending sample transaction 532
[2026-05-22T09:20:52.233Z INFO  benchmark_client] Sending sample transaction 533
[2026-05-22T09:20:52.508Z WARN  benchmark_client] Transaction rate too high for this client
[2026-05-22T09:20:52.510Z INFO  benchmark_client] Sending sample transaction 534
[2026-05-22T09:20:52.521Z INFO  benchmark_client] Sending sample transaction 535
[2026-05-22T09:20:52.697Z WARN  benchmark_client] Transaction rate too high for this client
[2026-05-22T09:20:52.698Z INFO  benchmark_client] Sending sample transaction 536
[2026-05-22T09:20:52.709Z INFO  benchmark_client] Sending sample transaction 537
[2026-05-22T09:20:52.825Z WARN  benchmark_client] Transaction rate too high for this client
[2026-05-22T09:20:52.826Z INFO  benchmark_client] Sending sample transaction 538
[2026-05-22T09:20:52.830Z INFO  benchmark_client] Sending sample transaction 539
[2026-05-22T09:20:53.032Z INFO  benchmark_client] Sending sample transaction 540
[2026-05-22T09:20:53.035Z WARN  benchmark_client] Transaction rate too high for this client
[2026-05-22T09:20:53.041Z INFO  benchmark_client] Sending sample transaction 541
[2026-05-22T09:20:53.086Z INFO  benchmark_client] Sending sample transaction 542
[2026-05-22T09:20:53.092Z INFO  benchmark_client] Sending sample transaction 543
[2026-05-22T09:20:53.095Z INFO  benchmark_client] Sending sample transaction 544
[2026-05-22T09:20:53.141Z INFO  benchmark_client] Sending sample transaction 545
[2026-05-22T09:20:53.147Z INFO  benchmark_client] Sending sample transaction 546
[2026-05-22T09:20:53.259Z INFO  benchmark_client] Sending sample transaction 547
[2026-05-22T09:20:53.260Z WARN  benchmark_client] Transaction rate too high for this client
[2026-05-22T09:20:53.266Z INFO  benchmark_client] Sending sample transaction 548
[2026-05-22T09:20:53.274Z INFO  benchmark_client] Sending sample transaction 549
[2026-05-22T09:20:53.554Z WARN  benchmark_client] Transaction rate too high for this client
[2026-05-22T09:20:53.555Z INFO  benchmark_client] Sending sample transaction 550
[2026-05-22T09:20:53.562Z INFO  benchmark_client] Sending sample transaction 551
[2026-05-22T09:20:53.649Z INFO  benchmark_client] Sending sample transaction 552
[2026-05-22T09:20:53.652Z WARN  benchmark_client] Transaction rate too high for this client
[2026-05-22T09:20:53.654Z INFO  benchmark_client] Sending sample transaction 553
[2026-05-22T09:20:53.661Z INFO  benchmark_client] Sending sample transaction 554
[2026-05-22T09:20:53.781Z WARN  benchmark_client] Transaction rate too high for this client
[2026-05-22T09:20:53.782Z INFO  benchmark_client] Sending sample transaction 555
[2026-05-22T09:20:53.786Z INFO  benchmark_client] Sending sample transaction 556
[2026-05-22T09:20:53.941Z INFO  benchmark_client] Sending sample transaction 557
[2026-05-22T09:20:53.945Z WARN  benchmark_client] Transaction rate too high for this client
[2026-05-22T09:20:53.946Z INFO  benchmark_client] Sending sample transaction 558
[2026-05-22T09:20:53.950Z INFO  benchmark_client] Sending sample transaction 559
[2026-05-22T09:20:53.991Z INFO  benchmark_client] Sending sample transaction 560
[2026-05-22T09:20:53.999Z INFO  benchmark_client] Sending sample transaction 561
[2026-05-22T09:20:54.003Z INFO  benchmark_client] Sending sample transaction 562
[2026-05-22T09:20:54.023Z INFO  benchmark_client] Sending sample transaction 563
[2026-05-22T09:20:54.030Z INFO  benchmark_client] Sending sample transaction 564
[2026-05-22T09:20:54.095Z WARN  benchmark_client] Transaction rate too high for this client
[2026-05-22T09:20:54.096Z INFO  benchmark_client] Sending sample transaction 565
[2026-05-22T09:20:54.107Z INFO  benchmark_client] Sending sample transaction 566
[2026-05-22T09:20:54.194Z INFO  benchmark_client] Sending sample transaction 567
[2026-05-22T09:20:54.197Z WARN  benchmark_client] Transaction rate too high for this client
[2026-05-22T09:20:54.198Z INFO  benchmark_client] Sending sample transaction 568
[2026-05-22T09:20:54.204Z INFO  benchmark_client] Sending sample transaction 569
[2026-05-22T09:20:54.242Z INFO  benchmark_client] Sending sample transaction 570
[2026-05-22T09:20:54.246Z INFO  benchmark_client] Sending sample transaction 571
[2026-05-22T09:20:54.322Z WARN  benchmark_client] Transaction rate too high for this client
[2026-05-22T09:20:54.325Z INFO  benchmark_client] Sending sample transaction 572
[2026-05-22T09:20:54.331Z INFO  benchmark_client] Sending sample transaction 573
[2026-05-22T09:20:54.630Z INFO  benchmark_client] Sending sample transaction 574
[2026-05-22T09:20:54.634Z WARN  benchmark_client] Transaction rate too high for this client
[2026-05-22T09:20:54.635Z INFO  benchmark_client] Sending sample transaction 575
[2026-05-22T09:20:54.638Z INFO  benchmark_client] Sending sample transaction 576
[2026-05-22T09:20:54.667Z INFO  benchmark_client] Sending sample transaction 577
[2026-05-22T09:20:54.672Z INFO  benchmark_client] Sending sample transaction 578
[2026-05-22T09:20:54.677Z INFO  benchmark_client] Sending sample transaction 579
[2026-05-22T09:20:54.696Z INFO  benchmark_client] Sending sample transaction 580
[2026-05-22T09:20:54.704Z INFO  benchmark_client] Sending sample transaction 581
[2026-05-22T09:20:54.711Z INFO  benchmark_client] Sending sample transaction 582
[2026-05-22T09:20:54.764Z INFO  benchmark_client] Sending sample transaction 583
[2026-05-22T09:20:54.770Z WARN  benchmark_client] Transaction rate too high for this client
[2026-05-22T09:20:54.771Z INFO  benchmark_client] Sending sample transaction 584
[2026-05-22T09:20:54.775Z INFO  benchmark_client] Sending sample transaction 585
[2026-05-22T09:20:54.991Z WARN  benchmark_client] Transaction rate too high for this client
[2026-05-22T09:20:54.994Z INFO  benchmark_client] Sending sample transaction 586
[2026-05-22T09:20:54.998Z INFO  benchmark_client] Sending sample transaction 587
[2026-05-22T09:20:55.547Z WARN  benchmark_client] Transaction rate too high for this client
[2026-05-22T09:20:55.548Z INFO  benchmark_client] Sending sample transaction 588
[2026-05-22T09:20:55.553Z INFO  benchmark_client] Sending sample transaction 589
[2026-05-22T09:20:55.792Z WARN  benchmark_client] Transaction rate too high for this client
[2026-05-22T09:20:55.793Z INFO  benchmark_client] Sending sample transaction 590
[2026-05-22T09:20:55.800Z INFO  benchmark_client] Sending sample transaction 591
[2026-05-22T09:20:55.917Z INFO  benchmark_client] Sending sample transaction 592
[2026-05-22T09:20:55.921Z WARN  benchmark_client] Transaction rate too high for this client
[2026-05-22T09:20:55.922Z INFO  benchmark_client] Sending sample transaction 593
[2026-05-22T09:20:55.974Z INFO  benchmark_client] Sending sample transaction 594
[2026-05-22T09:20:55.979Z WARN  benchmark_client] Transaction rate too high for this client
[2026-05-22T09:20:55.980Z INFO  benchmark_client] Sending sample transaction 595
[2026-05-22T09:20:56.272Z INFO  benchmark_client] Sending sample transaction 596
[2026-05-22T09:20:56.273Z WARN  benchmark_client] Transaction rate too high for this client
[2026-05-22T09:20:56.280Z INFO  benchmark_client] Sending sample transaction 597
[2026-05-22T09:20:56.285Z INFO  benchmark_client] Sending sample transaction 598
[2026-05-22T09:20:56.501Z WARN  benchmark_client] Transaction rate too high for this client
[2026-05-22T09:20:56.505Z INFO  benchmark_client] Sending sample transaction 599
[2026-05-22T09:20:56.512Z INFO  benchmark_client] Sending sample transaction 600
[2026-05-22T09:20:56.647Z WARN  benchmark_client] Transaction rate too high for this client
[2026-05-22T09:20:56.648Z INFO  benchmark_client] Sending sample transaction 601
[2026-05-22T09:20:56.656Z INFO  benchmark_client] Sending sample transaction 602
[2026-05-22T09:20:56.661Z INFO  benchmark_client] Sending sample transaction 603
[2026-05-22T09:20:56.765Z WARN  benchmark_client] Transaction rate too high for this client
[2026-05-22T09:20:56.767Z INFO  benchmark_client] Sending sample transaction 604
[2026-05-22T09:20:56.770Z INFO  benchmark_client] Sending sample transaction 605
[2026-05-22T09:20:56.775Z INFO  benchmark_client] Sending sample transaction 606
[2026-05-22T09:20:56.797Z INFO  benchmark_client] Sending sample transaction 607
[2026-05-22T09:20:56.799Z INFO  benchmark_client] Sending sample transaction 608
[2026-05-22T09:20:56.802Z INFO  benchmark_client] Sending sample transaction 609
[2026-05-22T09:20:56.853Z INFO  benchmark_client] Sending sample transaction 610
[2026-05-22T09:20:56.858Z WARN  benchmark_client] Transaction rate too high for this client
[2026-05-22T09:20:56.862Z INFO  benchmark_client] Sending sample transaction 611
[2026-05-22T09:20:56.865Z INFO  benchmark_client] Sending sample transaction 612
[2026-05-22T09:20:56.870Z INFO  benchmark_client] Sending sample transaction 613
[2026-05-22T09:20:56.903Z INFO  benchmark_client] Sending sample transaction 614
[2026-05-22T09:20:56.908Z INFO  benchmark_client] Sending sample transaction 615
[2026-05-22T09:20:56.946Z INFO  benchmark_client] Sending sample transaction 616
[2026-05-22T09:20:56.956Z INFO  benchmark_client] Sending sample transaction 617
[2026-05-22T09:20:56.963Z INFO  benchmark_client] Sending sample transaction 618
[2026-05-22T09:20:57.010Z WARN  benchmark_client] Transaction rate too high for this client
[2026-05-22T09:20:57.011Z INFO  benchmark_client] Sending sample transaction 619
[2026-05-22T09:20:57.020Z INFO  benchmark_client] Sending sample transaction 620
[2026-05-22T09:20:57.888Z INFO  benchmark_client] Sending sample transaction 621
[2026-05-22T09:20:57.890Z WARN  benchmark_client] Transaction rate too high for this client
[2026-05-22T09:20:57.891Z INFO  benchmark_client] Sending sample transaction 622
[2026-05-22T09:20:57.904Z INFO  benchmark_client] Sending sample transaction 623
[2026-05-22T09:20:58.295Z WARN  benchmark_client] Transaction rate too high for this client
[2026-05-22T09:20:58.297Z INFO  benchmark_client] Sending sample transaction 624
[2026-05-22T09:20:58.303Z INFO  benchmark_client] Sending sample transaction 625
[2026-05-22T09:20:58.389Z INFO  benchmark_client] Sending sample transaction 626
[2026-05-22T09:20:58.391Z WARN  benchmark_client] Transaction rate too high for this client
[2026-05-22T09:20:58.394Z INFO  benchmark_client] Sending sample transaction 627
[2026-05-22T09:20:58.398Z INFO  benchmark_client] Sending sample transaction 628
[2026-05-22T09:20:58.434Z INFO  benchmark_client] Sending sample transaction 629
[2026-05-22T09:20:58.436Z INFO  benchmark_client] Sending sample transaction 630
[2026-05-22T09:20:58.475Z INFO  benchmark_client] Sending sample transaction 631
[2026-05-22T09:20:58.479Z INFO  benchmark_client] Sending sample transaction 632
[2026-05-22T09:20:58.486Z INFO  benchmark_client] Sending sample transaction 633
[2026-05-22T09:20:58.629Z INFO  benchmark_client] Sending sample transaction 634
[2026-05-22T09:20:58.634Z WARN  benchmark_client] Transaction rate too high for this client
[2026-05-22T09:20:58.639Z INFO  benchmark_client] Sending sample transaction 635
[2026-05-22T09:20:58.643Z INFO  benchmark_client] Sending sample transaction 636
[2026-05-22T09:20:58.707Z WARN  benchmark_client] Transaction rate too high for this client
[2026-05-22T09:20:58.714Z INFO  benchmark_client] Sending sample transaction 637
[2026-05-22T09:20:58.720Z INFO  benchmark_client] Sending sample transaction 638
[2026-05-22T09:20:58.972Z INFO  benchmark_client] Sending sample transaction 639
[2026-05-22T09:20:58.974Z WARN  benchmark_client] Transaction rate too high for this client
[2026-05-22T09:20:58.978Z INFO  benchmark_client] Sending sample transaction 640
[2026-05-22T09:20:59.256Z INFO  benchmark_client] Sending sample transaction 641
[2026-05-22T09:20:59.257Z WARN  benchmark_client] Transaction rate too high for this client
[2026-05-22T09:20:59.261Z INFO  benchmark_client] Sending sample transaction 642
[2026-05-22T09:20:59.520Z INFO  benchmark_client] Sending sample transaction 643
[2026-05-22T09:20:59.521Z WARN  benchmark_client] Transaction rate too high for this client
[2026-05-22T09:20:59.523Z INFO  benchmark_client] Sending sample transaction 644
[2026-05-22T09:20:59.530Z INFO  benchmark_client] Sending sample transaction 645
[2026-05-22T09:20:59.649Z WARN  benchmark_client] Transaction rate too high for this client
[2026-05-22T09:20:59.650Z INFO  benchmark_client] Sending sample transaction 646
[2026-05-22T09:20:59.664Z INFO  benchmark_client] Sending sample transaction 647
[2026-05-22T09:20:59.754Z WARN  benchmark_client] Transaction rate too high for this client
[2026-05-22T09:20:59.755Z INFO  benchmark_client] Sending sample transaction 648
[2026-05-22T09:20:59.762Z INFO  benchmark_client] Sending sample transaction 649
[2026-05-22T09:20:59.963Z INFO  benchmark_client] Sending sample transaction 650
[2026-05-22T09:20:59.966Z WARN  benchmark_client] Transaction rate too high for this client
[2026-05-22T09:20:59.967Z INFO  benchmark_client] Sending sample transaction 651
[2026-05-22T09:21:00.073Z INFO  benchmark_client] Sending sample transaction 652
[2026-05-22T09:21:00.074Z WARN  benchmark_client] Transaction rate too high for this client
[2026-05-22T09:21:00.081Z INFO  benchmark_client] Sending sample transaction 653
[2026-05-22T09:21:00.088Z INFO  benchmark_client] Sending sample transaction 654
[2026-05-22T09:21:00.250Z WARN  benchmark_client] Transaction rate too high for this client
[2026-05-22T09:21:00.252Z INFO  benchmark_client] Sending sample transaction 655
[2026-05-22T09:21:00.258Z INFO  benchmark_client] Sending sample transaction 656
[2026-05-22T09:21:00.561Z INFO  benchmark_client] Sending sample transaction 657
[2026-05-22T09:21:00.564Z WARN  benchmark_client] Transaction rate too high for this client
[2026-05-22T09:21:00.565Z INFO  benchmark_client] Sending sample transaction 658
[2026-05-22T09:21:00.567Z INFO  benchmark_client] Sending sample transaction 659
[2026-05-22T09:21:00.618Z INFO  benchmark_client] Sending sample transaction 660
[2026-05-22T09:21:00.621Z WARN  benchmark_client] Transaction rate too high for this client
[2026-05-22T09:21:00.624Z INFO  benchmark_client] Sending sample transaction 661
[2026-05-22T09:21:00.630Z INFO  benchmark_client] Sending sample transaction 662
[2026-05-22T09:21:00.677Z INFO  benchmark_client] Sending sample transaction 663
[2026-05-22T09:21:00.681Z INFO  benchmark_client] Sending sample transaction 664
[2026-05-22T09:21:00.685Z INFO  benchmark_client] Sending sample transaction 665
[2026-05-22T09:21:00.823Z INFO  benchmark_client] Sending sample transaction 666
[2026-05-22T09:21:00.825Z WARN  benchmark_client] Transaction rate too high for this client
[2026-05-22T09:21:00.831Z INFO  benchmark_client] Sending sample transaction 667
[2026-05-22T09:21:00.837Z INFO  benchmark_client] Sending sample transaction 668
[2026-05-22T09:21:01.028Z INFO  benchmark_client] Sending sample transaction 669
[2026-05-22T09:21:01.030Z WARN  benchmark_client] Transaction rate too high for this client
[2026-05-22T09:21:01.034Z INFO  benchmark_client] Sending sample transaction 670
[2026-05-22T09:21:01.039Z INFO  benchmark_client] Sending sample transaction 671
[2026-05-22T09:21:01.187Z WARN  benchmark_client] Transaction rate too high for this client
[2026-05-22T09:21:01.188Z INFO  benchmark_client] Sending sample transaction 672
[2026-05-22T09:21:01.192Z INFO  benchmark_client] Sending sample transaction 673
[2026-05-22T09:21:01.277Z INFO  benchmark_client] Sending sample transaction 674
[2026-05-22T09:21:01.282Z WARN  benchmark_client] Transaction rate too high for this client
[2026-05-22T09:21:01.283Z INFO  benchmark_client] Sending sample transaction 675
[2026-05-22T09:21:01.853Z INFO  benchmark_client] Sending sample transaction 676
[2026-05-22T09:21:01.856Z WARN  benchmark_client] Transaction rate too high for this client
[2026-05-22T09:21:01.862Z INFO  benchmark_client] Sending sample transaction 677
[2026-05-22T09:21:02.078Z INFO  benchmark_client] Sending sample transaction 678
[2026-05-22T09:21:02.083Z WARN  benchmark_client] Transaction rate too high for this client
[2026-05-22T09:21:02.087Z INFO  benchmark_client] Sending sample transaction 679
[2026-05-22T09:21:02.093Z INFO  benchmark_client] Sending sample transaction 680
[2026-05-22T09:21:02.102Z INFO  benchmark_client] Sending sample transaction 681
[2026-05-22T09:21:02.107Z INFO  benchmark_client] Sending sample transaction 682
[2026-05-22T09:21:02.366Z WARN  benchmark_client] Transaction rate too high for this client
[2026-05-22T09:21:02.370Z INFO  benchmark_client] Sending sample transaction 683
[2026-05-22T09:21:02.377Z INFO  benchmark_client] Sending sample transaction 684
[2026-05-22T09:21:02.471Z WARN  benchmark_client] Transaction rate too high for this client
[2026-05-22T09:21:02.474Z INFO  benchmark_client] Sending sample transaction 685
[2026-05-22T09:21:02.484Z INFO  benchmark_client] Sending sample transaction 686
[2026-05-22T09:21:02.750Z INFO  benchmark_client] Sending sample transaction 687
[2026-05-22T09:21:02.753Z WARN  benchmark_client] Transaction rate too high for this client
[2026-05-22T09:21:02.754Z INFO  benchmark_client] Sending sample transaction 688
[2026-05-22T09:21:02.761Z INFO  benchmark_client] Sending sample transaction 689
[2026-05-22T09:21:02.812Z WARN  benchmark_client] Transaction rate too high for this client
[2026-05-22T09:21:02.813Z INFO  benchmark_client] Sending sample transaction 690
[2026-05-22T09:21:02.819Z INFO  benchmark_client] Sending sample transaction 691
[2026-05-22T09:21:02.823Z INFO  benchmark_client] Sending sample transaction 692
[2026-05-22T09:21:02.846Z INFO  benchmark_client] Sending sample transaction 693
[2026-05-22T09:21:02.850Z INFO  benchmark_client] Sending sample transaction 694
[2026-05-22T09:21:02.888Z INFO  benchmark_client] Sending sample transaction 695
[2026-05-22T09:21:02.893Z INFO  benchmark_client] Sending sample transaction 696
[2026-05-22T09:21:02.933Z INFO  benchmark_client] Sending sample transaction 697
[2026-05-22T09:21:02.937Z INFO  benchmark_client] Sending sample transaction 698
[2026-05-22T09:21:03.015Z INFO  benchmark_client] Sending sample transaction 699
[2026-05-22T09:21:03.019Z WARN  benchmark_client] Transaction rate too high for this client
[2026-05-22T09:21:03.020Z INFO  benchmark_client] Sending sample transaction 700
[2026-05-22T09:21:03.027Z INFO  benchmark_client] Sending sample transaction 701
[2026-05-22T09:21:03.653Z WARN  benchmark_client] Transaction rate too high for this client
[2026-05-22T09:21:03.657Z INFO  benchmark_client] Sending sample transaction 702
[2026-05-22T09:21:03.661Z INFO  benchmark_client] Sending sample transaction 703
[2026-05-22T09:21:03.666Z INFO  benchmark_client] Sending sample transaction 704
[2026-05-22T09:21:04.221Z WARN  benchmark_client] Transaction rate too high for this client
[2026-05-22T09:21:04.222Z INFO  benchmark_client] Sending sample transaction 705
[2026-05-22T09:21:04.230Z INFO  benchmark_client] Sending sample transaction 706
[2026-05-22T09:21:04.354Z INFO  benchmark_client] Sending sample transaction 707
[2026-05-22T09:21:04.355Z WARN  benchmark_client] Transaction rate too high for this client
[2026-05-22T09:21:04.358Z INFO  benchmark_client] Sending sample transaction 708
[2026-05-22T09:21:04.367Z INFO  benchmark_client] Sending sample transaction 709
[2026-05-22T09:21:04.605Z WARN  benchmark_client] Transaction rate too high for this client
[2026-05-22T09:21:04.608Z INFO  benchmark_client] Sending sample transaction 710
[2026-05-22T09:21:04.613Z INFO  benchmark_client] Sending sample transaction 711
[2026-05-22T09:21:04.893Z WARN  benchmark_client] Transaction rate too high for this client
[2026-05-22T09:21:04.894Z INFO  benchmark_client] Sending sample transaction 712
[2026-05-22T09:21:04.898Z INFO  benchmark_client] Sending sample transaction 713
[2026-05-22T09:21:04.927Z INFO  benchmark_client] Sending sample transaction 714
[2026-05-22T09:21:04.930Z INFO  benchmark_client] Sending sample transaction 715
[2026-05-22T09:21:04.933Z INFO  benchmark_client] Sending sample transaction 716
[2026-05-22T09:21:04.952Z INFO  benchmark_client] Sending sample transaction 717
[2026-05-22T09:21:04.954Z INFO  benchmark_client] Sending sample transaction 718
[2026-05-22T09:21:04.957Z INFO  benchmark_client] Sending sample transaction 719
[2026-05-22T09:21:04.983Z INFO  benchmark_client] Sending sample transaction 720
[2026-05-22T09:21:04.986Z INFO  benchmark_client] Sending sample transaction 721
[2026-05-22T09:21:04.988Z INFO  benchmark_client] Sending sample transaction 722
[2026-05-22T09:21:05.015Z INFO  benchmark_client] Sending sample transaction 723
[2026-05-22T09:21:05.021Z INFO  benchmark_client] Sending sample transaction 724
[2026-05-22T09:21:05.026Z INFO  benchmark_client] Sending sample transaction 725
[2026-05-22T09:21:05.031Z INFO  benchmark_client] Sending sample transaction 726
[2026-05-22T09:21:05.066Z INFO  benchmark_client] Sending sample transaction 727
[2026-05-22T09:21:05.072Z INFO  benchmark_client] Sending sample transaction 728
[2026-05-22T09:21:05.077Z INFO  benchmark_client] Sending sample transaction 729
[2026-05-22T09:21:05.139Z INFO  benchmark_client] Sending sample transaction 730
[2026-05-22T09:21:05.143Z WARN  benchmark_client] Transaction rate too high for this client
[2026-05-22T09:21:05.145Z INFO  benchmark_client] Sending sample transaction 731
[2026-05-22T09:21:05.172Z INFO  benchmark_client] Sending sample transaction 732
[2026-05-22T09:21:05.178Z INFO  benchmark_client] Sending sample transaction 733
[2026-05-22T09:21:05.183Z INFO  benchmark_client] Sending sample transaction 734
[2026-05-22T09:21:05.217Z INFO  benchmark_client] Sending sample transaction 735
[2026-05-22T09:21:05.222Z INFO  benchmark_client] Sending sample transaction 736
[2026-05-22T09:21:05.259Z INFO  benchmark_client] Sending sample transaction 737
[2026-05-22T09:21:05.264Z INFO  benchmark_client] Sending sample transaction 738
[2026-05-22T09:21:05.269Z INFO  benchmark_client] Sending sample transaction 739
[2026-05-22T09:21:05.274Z INFO  benchmark_client] Sending sample transaction 740
[2026-05-22T09:21:05.350Z INFO  benchmark_client] Sending sample transaction 741
[2026-05-22T09:21:05.354Z WARN  benchmark_client] Transaction rate too high for this client
[2026-05-22T09:21:05.355Z INFO  benchmark_client] Sending sample transaction 742
[2026-05-22T09:21:05.402Z INFO  benchmark_client] Sending sample transaction 743
[2026-05-22T09:21:05.409Z INFO  benchmark_client] Sending sample transaction 744
[2026-05-22T09:21:05.447Z INFO  benchmark_client] Sending sample transaction 745
[2026-05-22T09:21:05.452Z INFO  benchmark_client] Sending sample transaction 746
[2026-05-22T09:21:05.457Z INFO  benchmark_client] Sending sample transaction 747
[2026-05-22T09:21:05.488Z INFO  benchmark_client] Sending sample transaction 748
[2026-05-22T09:21:05.492Z INFO  benchmark_client] Sending sample transaction 749
[2026-05-22T09:21:05.567Z INFO  benchmark_client] Sending sample transaction 750
[2026-05-22T09:21:05.570Z WARN  benchmark_client] Transaction rate too high for this client
[2026-05-22T09:21:05.572Z INFO  benchmark_client] Sending sample transaction 751
[2026-05-22T09:21:05.577Z INFO  benchmark_client] Sending sample transaction 752
[2026-05-22T09:21:05.616Z INFO  benchmark_client] Sending sample transaction 753
[2026-05-22T09:21:05.620Z INFO  benchmark_client] Sending sample transaction 754
[2026-05-22T09:21:05.644Z INFO  benchmark_client] Sending sample transaction 755
[2026-05-22T09:21:05.647Z INFO  benchmark_client] Sending sample transaction 756
[2026-05-22T09:21:05.653Z INFO  benchmark_client] Sending sample transaction 757
[2026-05-22T09:21:05.698Z INFO  benchmark_client] Sending sample transaction 758
[2026-05-22T09:21:05.704Z INFO  benchmark_client] Sending sample transaction 759
[2026-05-22T09:21:06.745Z INFO  benchmark_client] Sending sample transaction 760
[2026-05-22T09:21:06.746Z WARN  benchmark_client] Transaction rate too high for this client
[2026-05-22T09:21:06.750Z INFO  benchmark_client] Sending sample transaction 761
[2026-05-22T09:21:06.956Z INFO  benchmark_client] Sending sample transaction 762
[2026-05-22T09:21:06.958Z WARN  benchmark_client] Transaction rate too high for this client
[2026-05-22T09:21:06.962Z INFO  benchmark_client] Sending sample transaction 763
[2026-05-22T09:21:06.965Z INFO  benchmark_client] Sending sample transaction 764
[2026-05-22T09:21:07.005Z INFO  benchmark_client] Sending sample transaction 765
[2026-05-22T09:21:07.009Z INFO  benchmark_client] Sending sample transaction 766
[2026-05-22T09:21:07.053Z INFO  benchmark_client] Sending sample transaction 767
[2026-05-22T09:21:07.059Z INFO  benchmark_client] Sending sample transaction 768
[2026-05-22T09:21:07.127Z INFO  benchmark_client] Sending sample transaction 769
[2026-05-22T09:21:07.128Z WARN  benchmark_client] Transaction rate too high for this client
[2026-05-22T09:21:07.133Z INFO  benchmark_client] Sending sample transaction 770
[2026-05-22T09:21:07.300Z INFO  benchmark_client] Sending sample transaction 771
[2026-05-22T09:21:07.301Z WARN  benchmark_client] Transaction rate too high for this client
[2026-05-22T09:21:07.304Z INFO  benchmark_client] Sending sample transaction 772
[2026-05-22T09:21:07.309Z INFO  benchmark_client] Sending sample transaction 773
[2026-05-22T09:21:07.952Z WARN  benchmark_client] Transaction rate too high for this client
[2026-05-22T09:21:07.955Z INFO  benchmark_client] Sending sample transaction 774
[2026-05-22T09:21:07.960Z INFO  benchmark_client] Sending sample transaction 775
[2026-05-22T09:21:08.111Z INFO  benchmark_client] Sending sample transaction 776
[2026-05-22T09:21:08.115Z WARN  benchmark_client] Transaction rate too high for this client
[2026-05-22T09:21:08.117Z INFO  benchmark_client] Sending sample transaction 777
[2026-05-22T09:21:08.120Z INFO  benchmark_client] Sending sample transaction 778
[2026-05-22T09:21:08.122Z INFO  benchmark_client] Sending sample transaction 779
[2026-05-22T09:21:08.144Z INFO  benchmark_client] Sending sample transaction 780
[2026-05-22T09:21:08.147Z INFO  benchmark_client] Sending sample transaction 781
[2026-05-22T09:21:08.150Z INFO  benchmark_client] Sending sample transaction 782
[2026-05-22T09:21:08.194Z INFO  benchmark_client] Sending sample transaction 783
[2026-05-22T09:21:08.198Z INFO  benchmark_client] Sending sample transaction 784
[2026-05-22T09:21:08.203Z INFO  benchmark_client] Sending sample transaction 785
[2026-05-22T09:21:08.250Z INFO  benchmark_client] Sending sample transaction 786
[2026-05-22T09:21:08.253Z INFO  benchmark_client] Sending sample transaction 787
[2026-05-22T09:21:08.258Z INFO  benchmark_client] Sending sample transaction 788
[2026-05-22T09:21:08.428Z INFO  benchmark_client] Sending sample transaction 789
[2026-05-22T09:21:08.429Z WARN  benchmark_client] Transaction rate too high for this client
[2026-05-22T09:21:08.433Z INFO  benchmark_client] Sending sample transaction 790
[2026-05-22T09:21:08.437Z INFO  benchmark_client] Sending sample transaction 791
[2026-05-22T09:21:08.473Z INFO  benchmark_client] Sending sample transaction 792
[2026-05-22T09:21:08.478Z INFO  benchmark_client] Sending sample transaction 793
[2026-05-22T09:21:08.647Z INFO  benchmark_client] Sending sample transaction 794
[2026-05-22T09:21:08.648Z WARN  benchmark_client] Transaction rate too high for this client
[2026-05-22T09:21:08.652Z INFO  benchmark_client] Sending sample transaction 795
[2026-05-22T09:21:08.661Z INFO  benchmark_client] Sending sample transaction 796
[2026-05-22T09:21:08.668Z INFO  benchmark_client] Sending sample transaction 797
[2026-05-22T09:21:08.803Z WARN  benchmark_client] Transaction rate too high for this client
[2026-05-22T09:21:08.805Z INFO  benchmark_client] Sending sample transaction 798
[2026-05-22T09:21:08.809Z INFO  benchmark_client] Sending sample transaction 799
[2026-05-22T09:21:08.857Z INFO  benchmark_client] Sending sample transaction 800
[2026-05-22T09:21:08.863Z INFO  benchmark_client] Sending sample transaction 801
[2026-05-22T09:21:09.073Z INFO  benchmark_client] Sending sample transaction 802
[2026-05-22T09:21:09.074Z WARN  benchmark_client] Transaction rate too high for this client
[2026-05-22T09:21:09.078Z INFO  benchmark_client] Sending sample transaction 803
[2026-05-22T09:21:09.083Z INFO  benchmark_client] Sending sample transaction 804
[2026-05-22T09:21:09.109Z INFO  benchmark_client] Sending sample transaction 805
[2026-05-22T09:21:09.116Z INFO  benchmark_client] Sending sample transaction 806
[2026-05-22T09:21:09.154Z INFO  benchmark_client] Sending sample transaction 807
[2026-05-22T09:21:09.160Z INFO  benchmark_client] Sending sample transaction 808
[2026-05-22T09:21:09.183Z INFO  benchmark_client] Sending sample transaction 809
[2026-05-22T09:21:09.190Z INFO  benchmark_client] Sending sample transaction 810
[2026-05-22T09:21:09.216Z INFO  benchmark_client] Sending sample transaction 811
[2026-05-22T09:21:09.219Z INFO  benchmark_client] Sending sample transaction 812
[2026-05-22T09:21:09.331Z INFO  benchmark_client] Sending sample transaction 813
[2026-05-22T09:21:09.333Z WARN  benchmark_client] Transaction rate too high for this client
[2026-05-22T09:21:09.338Z INFO  benchmark_client] Sending sample transaction 814
[2026-05-22T09:21:09.343Z INFO  benchmark_client] Sending sample transaction 815
[2026-05-22T09:21:09.351Z INFO  benchmark_client] Sending sample transaction 816
[2026-05-22T09:21:09.381Z INFO  benchmark_client] Sending sample transaction 817
[2026-05-22T09:21:09.391Z INFO  benchmark_client] Sending sample transaction 818
[2026-05-22T09:21:09.423Z INFO  benchmark_client] Sending sample transaction 819
[2026-05-22T09:21:09.428Z INFO  benchmark_client] Sending sample transaction 820
[2026-05-22T09:21:09.434Z INFO  benchmark_client] Sending sample transaction 821
[2026-05-22T09:21:09.518Z INFO  benchmark_client] Sending sample transaction 822
[2026-05-22T09:21:09.523Z WARN  benchmark_client] Transaction rate too high for this client
[2026-05-22T09:21:09.528Z INFO  benchmark_client] Sending sample transaction 823
[2026-05-22T09:21:09.533Z INFO  benchmark_client] Sending sample transaction 824
[2026-05-22T09:21:09.603Z WARN  benchmark_client] Transaction rate too high for this client
[2026-05-22T09:21:09.608Z INFO  benchmark_client] Sending sample transaction 825
[2026-05-22T09:21:09.614Z INFO  benchmark_client] Sending sample transaction 826
[2026-05-22T09:21:09.661Z INFO  benchmark_client] Sending sample transaction 827
[2026-05-22T09:21:09.670Z INFO  benchmark_client] Sending sample transaction 828
[2026-05-22T09:21:09.745Z INFO  benchmark_client] Sending sample transaction 829
[2026-05-22T09:21:09.749Z WARN  benchmark_client] Transaction rate too high for this client
[2026-05-22T09:21:09.755Z INFO  benchmark_client] Sending sample transaction 830
[2026-05-22T09:21:09.763Z INFO  benchmark_client] Sending sample transaction 831
[2026-05-22T09:21:09.768Z INFO  benchmark_client] Sending sample transaction 832
[2026-05-22T09:21:09.794Z INFO  benchmark_client] Sending sample transaction 833
[2026-05-22T09:21:09.802Z INFO  benchmark_client] Sending sample transaction 834
[2026-05-22T09:21:09.808Z INFO  benchmark_client] Sending sample transaction 835
[2026-05-22T09:21:09.814Z INFO  benchmark_client] Sending sample transaction 836
