[2026-05-22T09:20:24.714Z INFO  benchmark_client] Node address: 34.79.153.233:5028
[2026-05-22T09:20:24.714Z INFO  benchmark_client] Transactions size: 512 B
[2026-05-22T09:20:24.714Z INFO  benchmark_client] Transactions rate: 26667 tx/s
[2026-05-22T09:20:24.714Z INFO  benchmark_client] Waiting for all nodes to be online...
[2026-05-22T09:20:25.019Z INFO  benchmark_client] Start sending transactions
[2026-05-22T09:20:25.020Z INFO  benchmark_client] Sending sample transaction 0
[2026-05-22T09:20:25.071Z INFO  benchmark_client] Sending sample transaction 1
[2026-05-22T09:20:25.121Z INFO  benchmark_client] Sending sample transaction 2
[2026-05-22T09:20:25.171Z INFO  benchmark_client] Sending sample transaction 3
[2026-05-22T09:20:25.221Z INFO  benchmark_client] Sending sample transaction 4
[2026-05-22T09:20:25.271Z INFO  benchmark_client] Sending sample transaction 5
[2026-05-22T09:20:25.321Z INFO  benchmark_client] Sending sample transaction 6
[2026-05-22T09:20:25.371Z INFO  benchmark_client] Sending sample transaction 7
[2026-05-22T09:20:25.421Z INFO  benchmark_client] Sending sample transaction 8
[2026-05-22T09:20:25.471Z INFO  benchmark_client] Sending sample transaction 9
[2026-05-22T09:20:25.520Z INFO  benchmark_client] Sending sample transaction 10
[2026-05-22T09:20:25.570Z INFO  benchmark_client] Sending sample transaction 11
[2026-05-22T09:20:25.621Z INFO  benchmark_client] Sending sample transaction 12
[2026-05-22T09:20:25.671Z INFO  benchmark_client] Sending sample transaction 13
[2026-05-22T09:20:25.720Z INFO  benchmark_client] Sending sample transaction 14
[2026-05-22T09:20:25.770Z INFO  benchmark_client] Sending sample transaction 15
[2026-05-22T09:20:25.820Z INFO  benchmark_client] Sending sample transaction 16
[2026-05-22T09:20:25.870Z INFO  benchmark_client] Sending sample transaction 17
[2026-05-22T09:20:25.921Z INFO  benchmark_client] Sending sample transaction 18
[2026-05-22T09:20:25.970Z INFO  benchmark_client] Sending sample transaction 19
[2026-05-22T09:20:26.020Z INFO  benchmark_client] Sending sample transaction 20
[2026-05-22T09:20:26.071Z INFO  benchmark_client] Sending sample transaction 21
[2026-05-22T09:20:26.122Z INFO  benchmark_client] Sending sample transaction 22
[2026-05-22T09:20:26.171Z INFO  benchmark_client] Sending sample transaction 23
[2026-05-22T09:20:26.223Z INFO  benchmark_client] Sending sample transaction 24
[2026-05-22T09:20:26.272Z INFO  benchmark_client] Sending sample transaction 25
[2026-05-22T09:20:26.321Z INFO  benchmark_client] Sending sample transaction 26
[2026-05-22T09:20:26.371Z INFO  benchmark_client] Sending sample transaction 27
[2026-05-22T09:20:26.421Z INFO  benchmark_client] Sending sample transaction 28
[2026-05-22T09:20:26.471Z INFO  benchmark_client] Sending sample transaction 29
[2026-05-22T09:20:26.521Z INFO  benchmark_client] Sending sample transaction 30
[2026-05-22T09:20:26.572Z INFO  benchmark_client] Sending sample transaction 31
[2026-05-22T09:20:26.621Z INFO  benchmark_client] Sending sample transaction 32
[2026-05-22T09:20:26.670Z INFO  benchmark_client] Sending sample transaction 33
[2026-05-22T09:20:26.720Z INFO  benchmark_client] Sending sample transaction 34
[2026-05-22T09:20:26.770Z INFO  benchmark_client] Sending sample transaction 35
[2026-05-22T09:20:26.821Z INFO  benchmark_client] Sending sample transaction 36
[2026-05-22T09:20:26.872Z INFO  benchmark_client] Sending sample transaction 37
[2026-05-22T09:20:26.922Z INFO  benchmark_client] Sending sample transaction 38
[2026-05-22T09:20:26.970Z INFO  benchmark_client] Sending sample transaction 39
[2026-05-22T09:20:27.021Z INFO  benchmark_client] Sending sample transaction 40
[2026-05-22T09:20:27.070Z INFO  benchmark_client] Sending sample transaction 41
[2026-05-22T09:20:27.121Z INFO  benchmark_client] Sending sample transaction 42
[2026-05-22T09:20:27.172Z INFO  benchmark_client] Sending sample transaction 43
[2026-05-22T09:20:27.221Z INFO  benchmark_client] Sending sample transaction 44
[2026-05-22T09:20:27.270Z INFO  benchmark_client] Sending sample transaction 45
[2026-05-22T09:20:27.321Z INFO  benchmark_client] Sending sample transaction 46
[2026-05-22T09:20:27.370Z INFO  benchmark_client] Sending sample transaction 47
[2026-05-22T09:20:27.421Z INFO  benchmark_client] Sending sample transaction 48
[2026-05-22T09:20:27.471Z INFO  benchmark_client] Sending sample transaction 49
[2026-05-22T09:20:27.520Z INFO  benchmark_client] Sending sample transaction 50
[2026-05-22T09:20:27.570Z INFO  benchmark_client] Sending sample transaction 51
[2026-05-22T09:20:27.621Z INFO  benchmark_client] Sending sample transaction 52
[2026-05-22T09:20:27.671Z INFO  benchmark_client] Sending sample transaction 53
[2026-05-22T09:20:27.721Z INFO  benchmark_client] Sending sample transaction 54
[2026-05-22T09:20:27.771Z INFO  benchmark_client] Sending sample transaction 55
[2026-05-22T09:20:27.821Z INFO  benchmark_client] Sending sample transaction 56
[2026-05-22T09:20:27.871Z INFO  benchmark_client] Sending sample transaction 57
[2026-05-22T09:20:27.921Z INFO  benchmark_client] Sending sample transaction 58
[2026-05-22T09:20:27.970Z INFO  benchmark_client] Sending sample transaction 59
[2026-05-22T09:20:28.020Z INFO  benchmark_client] Sending sample transaction 60
[2026-05-22T09:20:28.073Z INFO  benchmark_client] Sending sample transaction 61
[2026-05-22T09:20:28.122Z INFO  benchmark_client] Sending sample transaction 62
[2026-05-22T09:20:28.171Z INFO  benchmark_client] Sending sample transaction 63
[2026-05-22T09:20:28.223Z INFO  benchmark_client] Sending sample transaction 64
[2026-05-22T09:20:28.271Z INFO  benchmark_client] Sending sample transaction 65
[2026-05-22T09:20:28.322Z INFO  benchmark_client] Sending sample transaction 66
[2026-05-22T09:20:28.447Z WARN  benchmark_client] Transaction rate too high for this client
[2026-05-22T09:20:28.447Z INFO  benchmark_client] Sending sample transaction 67
[2026-05-22T09:20:28.804Z WARN  benchmark_client] Transaction rate too high for this client
[2026-05-22T09:20:28.804Z INFO  benchmark_client] Sending sample transaction 68
[2026-05-22T09:20:28.808Z INFO  benchmark_client] Sending sample transaction 69
[2026-05-22T09:20:28.851Z INFO  benchmark_client] Sending sample transaction 70
[2026-05-22T09:20:28.885Z INFO  benchmark_client] Sending sample transaction 71
[2026-05-22T09:20:28.890Z INFO  benchmark_client] Sending sample transaction 72
[2026-05-22T09:20:28.907Z INFO  benchmark_client] Sending sample transaction 73
[2026-05-22T09:20:28.979Z WARN  benchmark_client] Transaction rate too high for this client
[2026-05-22T09:20:28.980Z INFO  benchmark_client] Sending sample transaction 74
[2026-05-22T09:20:28.984Z INFO  benchmark_client] Sending sample transaction 75
[2026-05-22T09:20:29.033Z INFO  benchmark_client] Sending sample transaction 76
[2026-05-22T09:20:29.037Z INFO  benchmark_client] Sending sample transaction 77
[2026-05-22T09:20:29.065Z INFO  benchmark_client] Sending sample transaction 78
[2026-05-22T09:20:29.108Z INFO  benchmark_client] Sending sample transaction 79
[2026-05-22T09:20:29.149Z INFO  benchmark_client] Sending sample transaction 80
[2026-05-22T09:20:29.151Z INFO  benchmark_client] Sending sample transaction 81
[2026-05-22T09:20:29.173Z INFO  benchmark_client] Sending sample transaction 82
[2026-05-22T09:20:29.177Z INFO  benchmark_client] Sending sample transaction 83
[2026-05-22T09:20:29.221Z INFO  benchmark_client] Sending sample transaction 84
[2026-05-22T09:20:29.271Z INFO  benchmark_client] Sending sample transaction 85
[2026-05-22T09:20:29.321Z INFO  benchmark_client] Sending sample transaction 86
[2026-05-22T09:20:29.372Z INFO  benchmark_client] Sending sample transaction 87
[2026-05-22T09:20:29.420Z INFO  benchmark_client] Sending sample transaction 88
[2026-05-22T09:20:29.470Z INFO  benchmark_client] Sending sample transaction 89
[2026-05-22T09:20:29.520Z INFO  benchmark_client] Sending sample transaction 90
[2026-05-22T09:20:29.572Z INFO  benchmark_client] Sending sample transaction 91
[2026-05-22T09:20:29.621Z INFO  benchmark_client] Sending sample transaction 92
[2026-05-22T09:20:29.671Z INFO  benchmark_client] Sending sample transaction 93
[2026-05-22T09:20:29.721Z INFO  benchmark_client] Sending sample transaction 94
[2026-05-22T09:20:29.772Z INFO  benchmark_client] Sending sample transaction 95
[2026-05-22T09:20:29.821Z INFO  benchmark_client] Sending sample transaction 96
[2026-05-22T09:20:29.871Z INFO  benchmark_client] Sending sample transaction 97
[2026-05-22T09:20:29.920Z INFO  benchmark_client] Sending sample transaction 98
[2026-05-22T09:20:29.971Z INFO  benchmark_client] Sending sample transaction 99
[2026-05-22T09:20:30.020Z INFO  benchmark_client] Sending sample transaction 100
[2026-05-22T09:20:30.071Z INFO  benchmark_client] Sending sample transaction 101
[2026-05-22T09:20:30.121Z INFO  benchmark_client] Sending sample transaction 102
[2026-05-22T09:20:30.171Z INFO  benchmark_client] Sending sample transaction 103
[2026-05-22T09:20:30.221Z INFO  benchmark_client] Sending sample transaction 104
[2026-05-22T09:20:30.270Z INFO  benchmark_client] Sending sample transaction 105
[2026-05-22T09:20:30.321Z INFO  benchmark_client] Sending sample transaction 106
[2026-05-22T09:20:30.370Z INFO  benchmark_client] Sending sample transaction 107
[2026-05-22T09:20:30.421Z INFO  benchmark_client] Sending sample transaction 108
[2026-05-22T09:20:30.472Z INFO  benchmark_client] Sending sample transaction 109
[2026-05-22T09:20:30.521Z INFO  benchmark_client] Sending sample transaction 110
[2026-05-22T09:20:30.570Z INFO  benchmark_client] Sending sample transaction 111
[2026-05-22T09:20:30.620Z INFO  benchmark_client] Sending sample transaction 112
[2026-05-22T09:20:30.671Z INFO  benchmark_client] Sending sample transaction 113
[2026-05-22T09:20:30.721Z INFO  benchmark_client] Sending sample transaction 114
[2026-05-22T09:20:30.771Z INFO  benchmark_client] Sending sample transaction 115
[2026-05-22T09:20:30.821Z INFO  benchmark_client] Sending sample transaction 116
[2026-05-22T09:20:30.870Z INFO  benchmark_client] Sending sample transaction 117
[2026-05-22T09:20:30.921Z INFO  benchmark_client] Sending sample transaction 118
[2026-05-22T09:20:30.972Z INFO  benchmark_client] Sending sample transaction 119
[2026-05-22T09:20:31.023Z INFO  benchmark_client] Sending sample transaction 120
[2026-05-22T09:20:31.073Z INFO  benchmark_client] Sending sample transaction 121
[2026-05-22T09:20:31.121Z INFO  benchmark_client] Sending sample transaction 122
[2026-05-22T09:20:31.170Z INFO  benchmark_client] Sending sample transaction 123
[2026-05-22T09:20:31.221Z INFO  benchmark_client] Sending sample transaction 124
[2026-05-22T09:20:31.356Z WARN  benchmark_client] Transaction rate too high for this client
[2026-05-22T09:20:31.356Z INFO  benchmark_client] Sending sample transaction 125
[2026-05-22T09:20:31.361Z INFO  benchmark_client] Sending sample transaction 126
[2026-05-22T09:20:31.465Z WARN  benchmark_client] Transaction rate too high for this client
[2026-05-22T09:20:31.466Z INFO  benchmark_client] Sending sample transaction 127
[2026-05-22T09:20:31.832Z WARN  benchmark_client] Transaction rate too high for this client
[2026-05-22T09:20:31.833Z INFO  benchmark_client] Sending sample transaction 128
[2026-05-22T09:20:31.835Z INFO  benchmark_client] Sending sample transaction 129
[2026-05-22T09:20:31.859Z INFO  benchmark_client] Sending sample transaction 130
[2026-05-22T09:20:31.863Z INFO  benchmark_client] Sending sample transaction 131
[2026-05-22T09:20:31.958Z WARN  benchmark_client] Transaction rate too high for this client
[2026-05-22T09:20:31.958Z INFO  benchmark_client] Sending sample transaction 132
[2026-05-22T09:20:31.961Z INFO  benchmark_client] Sending sample transaction 133
[2026-05-22T09:20:31.984Z INFO  benchmark_client] Sending sample transaction 134
[2026-05-22T09:20:32.037Z WARN  benchmark_client] Transaction rate too high for this client
[2026-05-22T09:20:32.039Z INFO  benchmark_client] Sending sample transaction 135
[2026-05-22T09:20:32.044Z INFO  benchmark_client] Sending sample transaction 136
[2026-05-22T09:20:32.064Z INFO  benchmark_client] Sending sample transaction 137
[2026-05-22T09:20:32.069Z INFO  benchmark_client] Sending sample transaction 138
[2026-05-22T09:20:32.096Z INFO  benchmark_client] Sending sample transaction 139
[2026-05-22T09:20:32.124Z INFO  benchmark_client] Sending sample transaction 140
[2026-05-22T09:20:32.129Z INFO  benchmark_client] Sending sample transaction 141
[2026-05-22T09:20:32.146Z INFO  benchmark_client] Sending sample transaction 142
[2026-05-22T09:20:32.171Z INFO  benchmark_client] Sending sample transaction 143
[2026-05-22T09:20:32.221Z INFO  benchmark_client] Sending sample transaction 144
[2026-05-22T09:20:32.270Z INFO  benchmark_client] Sending sample transaction 145
[2026-05-22T09:20:32.320Z INFO  benchmark_client] Sending sample transaction 146
[2026-05-22T09:20:32.371Z INFO  benchmark_client] Sending sample transaction 147
[2026-05-22T09:20:32.421Z INFO  benchmark_client] Sending sample transaction 148
[2026-05-22T09:20:32.470Z INFO  benchmark_client] Sending sample transaction 149
[2026-05-22T09:20:32.521Z INFO  benchmark_client] Sending sample transaction 150
[2026-05-22T09:20:32.571Z INFO  benchmark_client] Sending sample transaction 151
[2026-05-22T09:20:32.621Z INFO  benchmark_client] Sending sample transaction 152
[2026-05-22T09:20:32.671Z INFO  benchmark_client] Sending sample transaction 153
[2026-05-22T09:20:32.720Z INFO  benchmark_client] Sending sample transaction 154
[2026-05-22T09:20:32.772Z INFO  benchmark_client] Sending sample transaction 155
[2026-05-22T09:20:32.820Z INFO  benchmark_client] Sending sample transaction 156
[2026-05-22T09:20:32.870Z INFO  benchmark_client] Sending sample transaction 157
[2026-05-22T09:20:32.921Z INFO  benchmark_client] Sending sample transaction 158
[2026-05-22T09:20:32.971Z INFO  benchmark_client] Sending sample transaction 159
[2026-05-22T09:20:33.020Z INFO  benchmark_client] Sending sample transaction 160
[2026-05-22T09:20:33.070Z INFO  benchmark_client] Sending sample transaction 161
[2026-05-22T09:20:33.120Z INFO  benchmark_client] Sending sample transaction 162
[2026-05-22T09:20:33.172Z INFO  benchmark_client] Sending sample transaction 163
[2026-05-22T09:20:33.223Z INFO  benchmark_client] Sending sample transaction 164
[2026-05-22T09:20:33.772Z WARN  benchmark_client] Transaction rate too high for this client
[2026-05-22T09:20:33.772Z INFO  benchmark_client] Sending sample transaction 165
[2026-05-22T09:20:33.777Z INFO  benchmark_client] Sending sample transaction 166
[2026-05-22T09:20:33.800Z INFO  benchmark_client] Sending sample transaction 167
[2026-05-22T09:20:33.839Z INFO  benchmark_client] Sending sample transaction 168
[2026-05-22T09:20:34.396Z WARN  benchmark_client] Transaction rate too high for this client
[2026-05-22T09:20:34.396Z INFO  benchmark_client] Sending sample transaction 169
[2026-05-22T09:20:34.401Z INFO  benchmark_client] Sending sample transaction 170
[2026-05-22T09:20:34.404Z INFO  benchmark_client] Sending sample transaction 171
[2026-05-22T09:20:34.449Z INFO  benchmark_client] Sending sample transaction 172
[2026-05-22T09:20:34.471Z INFO  benchmark_client] Sending sample transaction 173
[2026-05-22T09:20:34.474Z INFO  benchmark_client] Sending sample transaction 174
[2026-05-22T09:20:34.480Z INFO  benchmark_client] Sending sample transaction 175
[2026-05-22T09:20:34.539Z WARN  benchmark_client] Transaction rate too high for this client
[2026-05-22T09:20:34.541Z INFO  benchmark_client] Sending sample transaction 176
[2026-05-22T09:20:34.553Z INFO  benchmark_client] Sending sample transaction 177
[2026-05-22T09:20:34.617Z WARN  benchmark_client] Transaction rate too high for this client
[2026-05-22T09:20:34.617Z INFO  benchmark_client] Sending sample transaction 178
[2026-05-22T09:20:34.623Z INFO  benchmark_client] Sending sample transaction 179
[2026-05-22T09:20:34.655Z INFO  benchmark_client] Sending sample transaction 180
[2026-05-22T09:20:34.659Z INFO  benchmark_client] Sending sample transaction 181
[2026-05-22T09:20:34.688Z INFO  benchmark_client] Sending sample transaction 182
[2026-05-22T09:20:34.700Z INFO  benchmark_client] Sending sample transaction 183
[2026-05-22T09:20:34.708Z INFO  benchmark_client] Sending sample transaction 184
[2026-05-22T09:20:34.711Z INFO  benchmark_client] Sending sample transaction 185
[2026-05-22T09:20:34.731Z INFO  benchmark_client] Sending sample transaction 186
[2026-05-22T09:20:34.754Z INFO  benchmark_client] Sending sample transaction 187
[2026-05-22T09:20:34.756Z INFO  benchmark_client] Sending sample transaction 188
[2026-05-22T09:20:34.772Z INFO  benchmark_client] Sending sample transaction 189
[2026-05-22T09:20:34.799Z INFO  benchmark_client] Sending sample transaction 190
[2026-05-22T09:20:34.805Z INFO  benchmark_client] Sending sample transaction 191
[2026-05-22T09:20:34.833Z INFO  benchmark_client] Sending sample transaction 192
[2026-05-22T09:20:34.900Z WARN  benchmark_client] Transaction rate too high for this client
[2026-05-22T09:20:34.900Z INFO  benchmark_client] Sending sample transaction 193
[2026-05-22T09:20:34.935Z INFO  benchmark_client] Sending sample transaction 194
[2026-05-22T09:20:34.937Z INFO  benchmark_client] Sending sample transaction 195
[2026-05-22T09:20:34.949Z INFO  benchmark_client] Sending sample transaction 196
[2026-05-22T09:20:34.960Z INFO  benchmark_client] Sending sample transaction 197
[2026-05-22T09:20:34.965Z INFO  benchmark_client] Sending sample transaction 198
[2026-05-22T09:20:34.970Z INFO  benchmark_client] Sending sample transaction 199
[2026-05-22T09:20:35.021Z INFO  benchmark_client] Sending sample transaction 200
[2026-05-22T09:20:35.072Z INFO  benchmark_client] Sending sample transaction 201
[2026-05-22T09:20:35.123Z INFO  benchmark_client] Sending sample transaction 202
[2026-05-22T09:20:35.170Z INFO  benchmark_client] Sending sample transaction 203
[2026-05-22T09:20:35.220Z INFO  benchmark_client] Sending sample transaction 204
[2026-05-22T09:20:35.272Z INFO  benchmark_client] Sending sample transaction 205
[2026-05-22T09:20:35.321Z INFO  benchmark_client] Sending sample transaction 206
[2026-05-22T09:20:35.371Z INFO  benchmark_client] Sending sample transaction 207
[2026-05-22T09:20:35.421Z INFO  benchmark_client] Sending sample transaction 208
[2026-05-22T09:20:35.470Z INFO  benchmark_client] Sending sample transaction 209
[2026-05-22T09:20:35.521Z INFO  benchmark_client] Sending sample transaction 210
[2026-05-22T09:20:35.571Z INFO  benchmark_client] Sending sample transaction 211
[2026-05-22T09:20:35.624Z INFO  benchmark_client] Sending sample transaction 212
[2026-05-22T09:20:35.671Z INFO  benchmark_client] Sending sample transaction 213
[2026-05-22T09:20:35.725Z INFO  benchmark_client] Sending sample transaction 214
[2026-05-22T09:20:35.771Z INFO  benchmark_client] Sending sample transaction 215
[2026-05-22T09:20:35.820Z INFO  benchmark_client] Sending sample transaction 216
[2026-05-22T09:20:35.871Z INFO  benchmark_client] Sending sample transaction 217
[2026-05-22T09:20:35.921Z INFO  benchmark_client] Sending sample transaction 218
[2026-05-22T09:20:35.971Z INFO  benchmark_client] Sending sample transaction 219
[2026-05-22T09:20:36.021Z INFO  benchmark_client] Sending sample transaction 220
[2026-05-22T09:20:36.074Z INFO  benchmark_client] Sending sample transaction 221
[2026-05-22T09:20:36.120Z INFO  benchmark_client] Sending sample transaction 222
[2026-05-22T09:20:36.171Z INFO  benchmark_client] Sending sample transaction 223
[2026-05-22T09:20:36.221Z INFO  benchmark_client] Sending sample transaction 224
[2026-05-22T09:20:36.270Z INFO  benchmark_client] Sending sample transaction 225
[2026-05-22T09:20:36.330Z WARN  benchmark_client] Transaction rate too high for this client
[2026-05-22T09:20:36.331Z INFO  benchmark_client] Sending sample transaction 226
[2026-05-22T09:20:36.390Z WARN  benchmark_client] Transaction rate too high for this client
[2026-05-22T09:20:36.390Z INFO  benchmark_client] Sending sample transaction 227
[2026-05-22T09:20:36.423Z INFO  benchmark_client] Sending sample transaction 228
[2026-05-22T09:20:36.486Z WARN  benchmark_client] Transaction rate too high for this client
[2026-05-22T09:20:36.488Z INFO  benchmark_client] Sending sample transaction 229
[2026-05-22T09:20:36.521Z INFO  benchmark_client] Sending sample transaction 230
[2026-05-22T09:20:36.571Z INFO  benchmark_client] Sending sample transaction 231
[2026-05-22T09:20:36.620Z INFO  benchmark_client] Sending sample transaction 232
[2026-05-22T09:20:36.674Z INFO  benchmark_client] Sending sample transaction 233
[2026-05-22T09:20:36.724Z INFO  benchmark_client] Sending sample transaction 234
[2026-05-22T09:20:36.771Z INFO  benchmark_client] Sending sample transaction 235
[2026-05-22T09:20:36.865Z INFO  benchmark_client] Sending sample transaction 236
[2026-05-22T09:20:36.871Z INFO  benchmark_client] Sending sample transaction 237
[2026-05-22T09:20:36.921Z INFO  benchmark_client] Sending sample transaction 238
[2026-05-22T09:20:36.973Z INFO  benchmark_client] Sending sample transaction 239
[2026-05-22T09:20:37.021Z INFO  benchmark_client] Sending sample transaction 240
[2026-05-22T09:20:37.071Z INFO  benchmark_client] Sending sample transaction 241
[2026-05-22T09:20:37.122Z INFO  benchmark_client] Sending sample transaction 242
[2026-05-22T09:20:37.171Z INFO  benchmark_client] Sending sample transaction 243
[2026-05-22T09:20:37.221Z INFO  benchmark_client] Sending sample transaction 244
[2026-05-22T09:20:37.270Z INFO  benchmark_client] Sending sample transaction 245
[2026-05-22T09:20:37.323Z INFO  benchmark_client] Sending sample transaction 246
[2026-05-22T09:20:37.372Z INFO  benchmark_client] Sending sample transaction 247
[2026-05-22T09:20:37.424Z INFO  benchmark_client] Sending sample transaction 248
[2026-05-22T09:20:37.470Z INFO  benchmark_client] Sending sample transaction 249
[2026-05-22T09:20:37.623Z WARN  benchmark_client] Transaction rate too high for this client
[2026-05-22T09:20:37.624Z INFO  benchmark_client] Sending sample transaction 250
[2026-05-22T09:20:37.627Z INFO  benchmark_client] Sending sample transaction 251
[2026-05-22T09:20:37.652Z INFO  benchmark_client] Sending sample transaction 252
[2026-05-22T09:20:37.673Z INFO  benchmark_client] Sending sample transaction 253
[2026-05-22T09:20:37.723Z INFO  benchmark_client] Sending sample transaction 254
[2026-05-22T09:20:37.771Z INFO  benchmark_client] Sending sample transaction 255
[2026-05-22T09:20:37.821Z INFO  benchmark_client] Sending sample transaction 256
[2026-05-22T09:20:37.872Z INFO  benchmark_client] Sending sample transaction 257
[2026-05-22T09:20:37.921Z INFO  benchmark_client] Sending sample transaction 258
[2026-05-22T09:20:37.972Z INFO  benchmark_client] Sending sample transaction 259
[2026-05-22T09:20:38.021Z INFO  benchmark_client] Sending sample transaction 260
[2026-05-22T09:20:38.071Z INFO  benchmark_client] Sending sample transaction 261
[2026-05-22T09:20:38.121Z INFO  benchmark_client] Sending sample transaction 262
[2026-05-22T09:20:38.172Z INFO  benchmark_client] Sending sample transaction 263
[2026-05-22T09:20:38.220Z INFO  benchmark_client] Sending sample transaction 264
[2026-05-22T09:20:38.271Z INFO  benchmark_client] Sending sample transaction 265
[2026-05-22T09:20:38.321Z INFO  benchmark_client] Sending sample transaction 266
[2026-05-22T09:20:38.370Z INFO  benchmark_client] Sending sample transaction 267
[2026-05-22T09:20:38.422Z INFO  benchmark_client] Sending sample transaction 268
[2026-05-22T09:20:38.471Z INFO  benchmark_client] Sending sample transaction 269
[2026-05-22T09:20:38.521Z INFO  benchmark_client] Sending sample transaction 270
[2026-05-22T09:20:38.570Z INFO  benchmark_client] Sending sample transaction 271
[2026-05-22T09:20:38.621Z INFO  benchmark_client] Sending sample transaction 272
[2026-05-22T09:20:38.807Z WARN  benchmark_client] Transaction rate too high for this client
[2026-05-22T09:20:38.808Z INFO  benchmark_client] Sending sample transaction 273
[2026-05-22T09:20:38.943Z WARN  benchmark_client] Transaction rate too high for this client
[2026-05-22T09:20:38.944Z INFO  benchmark_client] Sending sample transaction 274
[2026-05-22T09:20:38.949Z INFO  benchmark_client] Sending sample transaction 275
[2026-05-22T09:20:38.982Z INFO  benchmark_client] Sending sample transaction 276
[2026-05-22T09:20:39.017Z INFO  benchmark_client] Sending sample transaction 277
[2026-05-22T09:20:39.059Z INFO  benchmark_client] Sending sample transaction 278
[2026-05-22T09:20:39.079Z INFO  benchmark_client] Sending sample transaction 279
[2026-05-22T09:20:39.085Z INFO  benchmark_client] Sending sample transaction 280
[2026-05-22T09:20:39.109Z INFO  benchmark_client] Sending sample transaction 281
[2026-05-22T09:20:39.164Z WARN  benchmark_client] Transaction rate too high for this client
[2026-05-22T09:20:39.167Z INFO  benchmark_client] Sending sample transaction 282
[2026-05-22T09:20:39.265Z INFO  benchmark_client] Sending sample transaction 283
[2026-05-22T09:20:39.271Z WARN  benchmark_client] Transaction rate too high for this client
[2026-05-22T09:20:39.272Z INFO  benchmark_client] Sending sample transaction 284
[2026-05-22T09:20:39.364Z WARN  benchmark_client] Transaction rate too high for this client
[2026-05-22T09:20:39.367Z INFO  benchmark_client] Sending sample transaction 285
[2026-05-22T09:20:39.430Z INFO  benchmark_client] Sending sample transaction 286
[2026-05-22T09:20:39.435Z WARN  benchmark_client] Transaction rate too high for this client
[2026-05-22T09:20:39.436Z INFO  benchmark_client] Sending sample transaction 287
[2026-05-22T09:20:39.487Z WARN  benchmark_client] Transaction rate too high for this client
[2026-05-22T09:20:39.487Z INFO  benchmark_client] Sending sample transaction 288
[2026-05-22T09:20:39.593Z INFO  benchmark_client] Sending sample transaction 289
[2026-05-22T09:20:39.599Z WARN  benchmark_client] Transaction rate too high for this client
[2026-05-22T09:20:39.600Z INFO  benchmark_client] Sending sample transaction 290
[2026-05-22T09:20:39.620Z INFO  benchmark_client] Sending sample transaction 291
[2026-05-22T09:20:39.693Z WARN  benchmark_client] Transaction rate too high for this client
[2026-05-22T09:20:39.694Z INFO  benchmark_client] Sending sample transaction 292
[2026-05-22T09:20:39.712Z INFO  benchmark_client] Sending sample transaction 293
[2026-05-22T09:20:39.721Z INFO  benchmark_client] Sending sample transaction 294
[2026-05-22T09:20:39.773Z INFO  benchmark_client] Sending sample transaction 295
[2026-05-22T09:20:39.820Z INFO  benchmark_client] Sending sample transaction 296
[2026-05-22T09:20:39.875Z INFO  benchmark_client] Sending sample transaction 297
[2026-05-22T09:20:39.921Z INFO  benchmark_client] Sending sample transaction 298
[2026-05-22T09:20:39.971Z INFO  benchmark_client] Sending sample transaction 299
[2026-05-22T09:20:40.021Z INFO  benchmark_client] Sending sample transaction 300
[2026-05-22T09:20:40.072Z INFO  benchmark_client] Sending sample transaction 301
[2026-05-22T09:20:40.121Z INFO  benchmark_client] Sending sample transaction 302
[2026-05-22T09:20:40.171Z INFO  benchmark_client] Sending sample transaction 303
[2026-05-22T09:20:40.221Z INFO  benchmark_client] Sending sample transaction 304
[2026-05-22T09:20:40.450Z WARN  benchmark_client] Transaction rate too high for this client
[2026-05-22T09:20:40.452Z INFO  benchmark_client] Sending sample transaction 305
[2026-05-22T09:20:40.457Z INFO  benchmark_client] Sending sample transaction 306
[2026-05-22T09:20:40.489Z INFO  benchmark_client] Sending sample transaction 307
[2026-05-22T09:20:40.509Z INFO  benchmark_client] Sending sample transaction 308
[2026-05-22T09:20:40.512Z INFO  benchmark_client] Sending sample transaction 309
[2026-05-22T09:20:40.526Z INFO  benchmark_client] Sending sample transaction 310
[2026-05-22T09:20:40.574Z INFO  benchmark_client] Sending sample transaction 311
[2026-05-22T09:20:40.621Z INFO  benchmark_client] Sending sample transaction 312
[2026-05-22T09:20:40.673Z INFO  benchmark_client] Sending sample transaction 313
[2026-05-22T09:20:40.720Z INFO  benchmark_client] Sending sample transaction 314
[2026-05-22T09:20:41.047Z WARN  benchmark_client] Transaction rate too high for this client
[2026-05-22T09:20:41.047Z INFO  benchmark_client] Sending sample transaction 315
[2026-05-22T09:20:41.053Z INFO  benchmark_client] Sending sample transaction 316
[2026-05-22T09:20:41.102Z INFO  benchmark_client] Sending sample transaction 317
[2026-05-22T09:20:41.108Z INFO  benchmark_client] Sending sample transaction 318
[2026-05-22T09:20:41.166Z WARN  benchmark_client] Transaction rate too high for this client
[2026-05-22T09:20:41.167Z INFO  benchmark_client] Sending sample transaction 319
[2026-05-22T09:20:41.194Z INFO  benchmark_client] Sending sample transaction 320
[2026-05-22T09:20:41.222Z INFO  benchmark_client] Sending sample transaction 321
[2026-05-22T09:20:41.229Z INFO  benchmark_client] Sending sample transaction 322
[2026-05-22T09:20:41.272Z INFO  benchmark_client] Sending sample transaction 323
[2026-05-22T09:20:41.277Z INFO  benchmark_client] Sending sample transaction 324
[2026-05-22T09:20:41.325Z INFO  benchmark_client] Sending sample transaction 325
[2026-05-22T09:20:41.363Z INFO  benchmark_client] Sending sample transaction 326
[2026-05-22T09:20:41.480Z INFO  benchmark_client] Sending sample transaction 327
[2026-05-22T09:20:41.489Z WARN  benchmark_client] Transaction rate too high for this client
[2026-05-22T09:20:41.490Z INFO  benchmark_client] Sending sample transaction 328
[2026-05-22T09:20:41.634Z INFO  benchmark_client] Sending sample transaction 329
[2026-05-22T09:20:41.640Z WARN  benchmark_client] Transaction rate too high for this client
[2026-05-22T09:20:41.641Z INFO  benchmark_client] Sending sample transaction 330
[2026-05-22T09:20:41.668Z INFO  benchmark_client] Sending sample transaction 331
[2026-05-22T09:20:41.673Z INFO  benchmark_client] Sending sample transaction 332
[2026-05-22T09:20:41.709Z INFO  benchmark_client] Sending sample transaction 333
[2026-05-22T09:20:41.721Z INFO  benchmark_client] Sending sample transaction 334
[2026-05-22T09:20:41.773Z INFO  benchmark_client] Sending sample transaction 335
[2026-05-22T09:20:41.822Z INFO  benchmark_client] Sending sample transaction 336
[2026-05-22T09:20:41.882Z WARN  benchmark_client] Transaction rate too high for this client
[2026-05-22T09:20:41.885Z INFO  benchmark_client] Sending sample transaction 337
[2026-05-22T09:20:41.929Z INFO  benchmark_client] Sending sample transaction 338
[2026-05-22T09:20:41.971Z INFO  benchmark_client] Sending sample transaction 339
[2026-05-22T09:20:42.021Z INFO  benchmark_client] Sending sample transaction 340
[2026-05-22T09:20:42.071Z INFO  benchmark_client] Sending sample transaction 341
[2026-05-22T09:20:42.122Z INFO  benchmark_client] Sending sample transaction 342
[2026-05-22T09:20:42.173Z INFO  benchmark_client] Sending sample transaction 343
[2026-05-22T09:20:42.221Z INFO  benchmark_client] Sending sample transaction 344
[2026-05-22T09:20:42.272Z INFO  benchmark_client] Sending sample transaction 345
[2026-05-22T09:20:42.321Z INFO  benchmark_client] Sending sample transaction 346
[2026-05-22T09:20:42.563Z WARN  benchmark_client] Transaction rate too high for this client
[2026-05-22T09:20:42.564Z INFO  benchmark_client] Sending sample transaction 347
[2026-05-22T09:20:42.954Z INFO  benchmark_client] Sending sample transaction 348
[2026-05-22T09:20:42.958Z WARN  benchmark_client] Transaction rate too high for this client
[2026-05-22T09:20:42.960Z INFO  benchmark_client] Sending sample transaction 349
[2026-05-22T09:20:43.014Z WARN  benchmark_client] Transaction rate too high for this client
[2026-05-22T09:20:43.016Z INFO  benchmark_client] Sending sample transaction 350
[2026-05-22T09:20:43.140Z WARN  benchmark_client] Transaction rate too high for this client
[2026-05-22T09:20:43.142Z INFO  benchmark_client] Sending sample transaction 351
[2026-05-22T09:20:43.271Z INFO  benchmark_client] Sending sample transaction 352
[2026-05-22T09:20:43.273Z WARN  benchmark_client] Transaction rate too high for this client
[2026-05-22T09:20:43.276Z INFO  benchmark_client] Sending sample transaction 353
[2026-05-22T09:20:43.357Z INFO  benchmark_client] Sending sample transaction 354
[2026-05-22T09:20:43.361Z WARN  benchmark_client] Transaction rate too high for this client
[2026-05-22T09:20:43.362Z INFO  benchmark_client] Sending sample transaction 355
[2026-05-22T09:20:43.390Z INFO  benchmark_client] Sending sample transaction 356
[2026-05-22T09:20:43.393Z INFO  benchmark_client] Sending sample transaction 357
[2026-05-22T09:20:43.425Z INFO  benchmark_client] Sending sample transaction 358
[2026-05-22T09:20:43.490Z WARN  benchmark_client] Transaction rate too high for this client
[2026-05-22T09:20:43.492Z INFO  benchmark_client] Sending sample transaction 359
[2026-05-22T09:20:43.520Z INFO  benchmark_client] Sending sample transaction 360
[2026-05-22T09:20:43.522Z INFO  benchmark_client] Sending sample transaction 361
[2026-05-22T09:20:43.564Z INFO  benchmark_client] Sending sample transaction 362
[2026-05-22T09:20:43.577Z INFO  benchmark_client] Sending sample transaction 363
[2026-05-22T09:20:43.582Z INFO  benchmark_client] Sending sample transaction 364
[2026-05-22T09:20:43.623Z INFO  benchmark_client] Sending sample transaction 365
[2026-05-22T09:20:43.628Z INFO  benchmark_client] Sending sample transaction 366
[2026-05-22T09:20:43.724Z WARN  benchmark_client] Transaction rate too high for this client
[2026-05-22T09:20:43.725Z INFO  benchmark_client] Sending sample transaction 367
[2026-05-22T09:20:43.915Z WARN  benchmark_client] Transaction rate too high for this client
[2026-05-22T09:20:43.916Z INFO  benchmark_client] Sending sample transaction 368
[2026-05-22T09:20:43.978Z INFO  benchmark_client] Sending sample transaction 369
[2026-05-22T09:20:43.984Z WARN  benchmark_client] Transaction rate too high for this client
[2026-05-22T09:20:43.990Z INFO  benchmark_client] Sending sample transaction 370
[2026-05-22T09:20:43.997Z INFO  benchmark_client] Sending sample transaction 371
[2026-05-22T09:20:44.031Z INFO  benchmark_client] Sending sample transaction 372
[2026-05-22T09:20:44.038Z INFO  benchmark_client] Sending sample transaction 373
[2026-05-22T09:20:44.042Z INFO  benchmark_client] Sending sample transaction 374
[2026-05-22T09:20:44.096Z WARN  benchmark_client] Transaction rate too high for this client
[2026-05-22T09:20:44.098Z INFO  benchmark_client] Sending sample transaction 375
[2026-05-22T09:20:44.104Z INFO  benchmark_client] Sending sample transaction 376
[2026-05-22T09:20:44.452Z WARN  benchmark_client] Transaction rate too high for this client
[2026-05-22T09:20:44.454Z INFO  benchmark_client] Sending sample transaction 377
[2026-05-22T09:20:44.482Z INFO  benchmark_client] Sending sample transaction 378
[2026-05-22T09:20:44.485Z INFO  benchmark_client] Sending sample transaction 379
[2026-05-22T09:20:44.527Z INFO  benchmark_client] Sending sample transaction 380
[2026-05-22T09:20:44.565Z INFO  benchmark_client] Sending sample transaction 381
[2026-05-22T09:20:44.633Z WARN  benchmark_client] Transaction rate too high for this client
[2026-05-22T09:20:44.636Z INFO  benchmark_client] Sending sample transaction 382
[2026-05-22T09:20:44.734Z INFO  benchmark_client] Sending sample transaction 383
[2026-05-22T09:20:44.736Z WARN  benchmark_client] Transaction rate too high for this client
[2026-05-22T09:20:44.738Z INFO  benchmark_client] Sending sample transaction 384
[2026-05-22T09:20:45.147Z WARN  benchmark_client] Transaction rate too high for this client
[2026-05-22T09:20:45.148Z INFO  benchmark_client] Sending sample transaction 385
[2026-05-22T09:20:45.316Z WARN  benchmark_client] Transaction rate too high for this client
[2026-05-22T09:20:45.317Z INFO  benchmark_client] Sending sample transaction 386
[2026-05-22T09:20:45.321Z INFO  benchmark_client] Sending sample transaction 387
[2026-05-22T09:20:45.359Z INFO  benchmark_client] Sending sample transaction 388
[2026-05-22T09:20:45.387Z INFO  benchmark_client] Sending sample transaction 389
[2026-05-22T09:20:45.392Z INFO  benchmark_client] Sending sample transaction 390
[2026-05-22T09:20:45.420Z INFO  benchmark_client] Sending sample transaction 391
[2026-05-22T09:20:45.432Z INFO  benchmark_client] Sending sample transaction 392
[2026-05-22T09:20:45.744Z WARN  benchmark_client] Transaction rate too high for this client
[2026-05-22T09:20:45.744Z INFO  benchmark_client] Sending sample transaction 393
[2026-05-22T09:20:45.751Z INFO  benchmark_client] Sending sample transaction 394
[2026-05-22T09:20:45.783Z INFO  benchmark_client] Sending sample transaction 395
[2026-05-22T09:20:45.812Z INFO  benchmark_client] Sending sample transaction 396
[2026-05-22T09:20:45.837Z INFO  benchmark_client] Sending sample transaction 397
[2026-05-22T09:20:45.842Z INFO  benchmark_client] Sending sample transaction 398
[2026-05-22T09:20:45.963Z WARN  benchmark_client] Transaction rate too high for this client
[2026-05-22T09:20:45.966Z INFO  benchmark_client] Sending sample transaction 399
[2026-05-22T09:20:45.972Z INFO  benchmark_client] Sending sample transaction 400
[2026-05-22T09:20:46.022Z INFO  benchmark_client] Sending sample transaction 401
[2026-05-22T09:20:46.079Z INFO  benchmark_client] Sending sample transaction 402
[2026-05-22T09:20:46.087Z WARN  benchmark_client] Transaction rate too high for this client
[2026-05-22T09:20:46.088Z INFO  benchmark_client] Sending sample transaction 403
[2026-05-22T09:20:46.375Z INFO  benchmark_client] Sending sample transaction 404
[2026-05-22T09:20:46.379Z WARN  benchmark_client] Transaction rate too high for this client
[2026-05-22T09:20:46.383Z INFO  benchmark_client] Sending sample transaction 405
[2026-05-22T09:20:46.494Z WARN  benchmark_client] Transaction rate too high for this client
[2026-05-22T09:20:46.495Z INFO  benchmark_client] Sending sample transaction 406
[2026-05-22T09:20:46.504Z INFO  benchmark_client] Sending sample transaction 407
[2026-05-22T09:20:46.511Z INFO  benchmark_client] Sending sample transaction 408
[2026-05-22T09:20:46.549Z INFO  benchmark_client] Sending sample transaction 409
[2026-05-22T09:20:46.565Z INFO  benchmark_client] Sending sample transaction 410
[2026-05-22T09:20:46.603Z INFO  benchmark_client] Sending sample transaction 411
[2026-05-22T09:20:46.610Z INFO  benchmark_client] Sending sample transaction 412
[2026-05-22T09:20:46.620Z INFO  benchmark_client] Sending sample transaction 413
[2026-05-22T09:20:46.663Z INFO  benchmark_client] Sending sample transaction 414
[2026-05-22T09:20:46.679Z INFO  benchmark_client] Sending sample transaction 415
[2026-05-22T09:20:46.686Z INFO  benchmark_client] Sending sample transaction 416
[2026-05-22T09:20:46.963Z WARN  benchmark_client] Transaction rate too high for this client
[2026-05-22T09:20:46.964Z INFO  benchmark_client] Sending sample transaction 417
[2026-05-22T09:20:46.999Z INFO  benchmark_client] Sending sample transaction 418
[2026-05-22T09:20:47.008Z INFO  benchmark_client] Sending sample transaction 419
[2026-05-22T09:20:47.060Z INFO  benchmark_client] Sending sample transaction 420
[2026-05-22T09:20:47.062Z WARN  benchmark_client] Transaction rate too high for this client
[2026-05-22T09:20:47.063Z INFO  benchmark_client] Sending sample transaction 421
[2026-05-22T09:20:47.072Z INFO  benchmark_client] Sending sample transaction 422
[2026-05-22T09:20:47.082Z INFO  benchmark_client] Sending sample transaction 423
[2026-05-22T09:20:47.088Z INFO  benchmark_client] Sending sample transaction 424
[2026-05-22T09:20:47.102Z INFO  benchmark_client] Sending sample transaction 425
[2026-05-22T09:20:47.107Z INFO  benchmark_client] Sending sample transaction 426
[2026-05-22T09:20:47.113Z INFO  benchmark_client] Sending sample transaction 427
[2026-05-22T09:20:47.158Z INFO  benchmark_client] Sending sample transaction 428
[2026-05-22T09:20:47.165Z INFO  benchmark_client] Sending sample transaction 429
[2026-05-22T09:20:47.172Z INFO  benchmark_client] Sending sample transaction 430
[2026-05-22T09:20:47.210Z INFO  benchmark_client] Sending sample transaction 431
[2026-05-22T09:20:47.217Z INFO  benchmark_client] Sending sample transaction 432
[2026-05-22T09:20:47.658Z WARN  benchmark_client] Transaction rate too high for this client
[2026-05-22T09:20:47.659Z INFO  benchmark_client] Sending sample transaction 433
[2026-05-22T09:20:47.665Z INFO  benchmark_client] Sending sample transaction 434
[2026-05-22T09:20:47.700Z INFO  benchmark_client] Sending sample transaction 435
[2026-05-22T09:20:47.721Z INFO  benchmark_client] Sending sample transaction 436
[2026-05-22T09:20:47.725Z INFO  benchmark_client] Sending sample transaction 437
[2026-05-22T09:20:47.762Z INFO  benchmark_client] Sending sample transaction 438
[2026-05-22T09:20:47.875Z INFO  benchmark_client] Sending sample transaction 439
[2026-05-22T09:20:47.880Z WARN  benchmark_client] Transaction rate too high for this client
[2026-05-22T09:20:47.964Z INFO  benchmark_client] Sending sample transaction 440
[2026-05-22T09:20:47.965Z WARN  benchmark_client] Transaction rate too high for this client
[2026-05-22T09:20:47.968Z INFO  benchmark_client] Sending sample transaction 441
[2026-05-22T09:20:48.334Z INFO  benchmark_client] Sending sample transaction 442
[2026-05-22T09:20:48.340Z WARN  benchmark_client] Transaction rate too high for this client
[2026-05-22T09:20:48.345Z INFO  benchmark_client] Sending sample transaction 443
[2026-05-22T09:20:48.456Z WARN  benchmark_client] Transaction rate too high for this client
[2026-05-22T09:20:48.457Z INFO  benchmark_client] Sending sample transaction 444
[2026-05-22T09:20:48.463Z INFO  benchmark_client] Sending sample transaction 445
[2026-05-22T09:20:48.600Z WARN  benchmark_client] Transaction rate too high for this client
[2026-05-22T09:20:48.601Z INFO  benchmark_client] Sending sample transaction 446
[2026-05-22T09:20:48.644Z INFO  benchmark_client] Sending sample transaction 447
[2026-05-22T09:20:48.649Z INFO  benchmark_client] Sending sample transaction 448
[2026-05-22T09:20:48.871Z WARN  benchmark_client] Transaction rate too high for this client
[2026-05-22T09:20:48.874Z INFO  benchmark_client] Sending sample transaction 449
[2026-05-22T09:20:48.881Z INFO  benchmark_client] Sending sample transaction 450
[2026-05-22T09:20:48.925Z INFO  benchmark_client] Sending sample transaction 451
[2026-05-22T09:20:48.950Z INFO  benchmark_client] Sending sample transaction 452
[2026-05-22T09:20:48.953Z INFO  benchmark_client] Sending sample transaction 453
[2026-05-22T09:20:48.974Z INFO  benchmark_client] Sending sample transaction 454
[2026-05-22T09:20:48.980Z INFO  benchmark_client] Sending sample transaction 455
[2026-05-22T09:20:49.007Z INFO  benchmark_client] Sending sample transaction 456
[2026-05-22T09:20:49.013Z INFO  benchmark_client] Sending sample transaction 457
[2026-05-22T09:20:49.036Z INFO  benchmark_client] Sending sample transaction 458
[2026-05-22T09:20:49.042Z INFO  benchmark_client] Sending sample transaction 459
[2026-05-22T09:20:49.140Z WARN  benchmark_client] Transaction rate too high for this client
[2026-05-22T09:20:49.141Z INFO  benchmark_client] Sending sample transaction 460
[2026-05-22T09:20:49.179Z INFO  benchmark_client] Sending sample transaction 461
[2026-05-22T09:20:49.182Z INFO  benchmark_client] Sending sample transaction 462
[2026-05-22T09:20:49.378Z WARN  benchmark_client] Transaction rate too high for this client
[2026-05-22T09:20:49.381Z INFO  benchmark_client] Sending sample transaction 463
[2026-05-22T09:20:49.644Z WARN  benchmark_client] Transaction rate too high for this client
[2026-05-22T09:20:49.645Z INFO  benchmark_client] Sending sample transaction 464
[2026-05-22T09:20:49.664Z INFO  benchmark_client] Sending sample transaction 465
[2026-05-22T09:20:49.669Z INFO  benchmark_client] Sending sample transaction 466
[2026-05-22T09:20:49.826Z WARN  benchmark_client] Transaction rate too high for this client
[2026-05-22T09:20:49.827Z INFO  benchmark_client] Sending sample transaction 467
[2026-05-22T09:20:49.831Z INFO  benchmark_client] Sending sample transaction 468
[2026-05-22T09:20:49.866Z INFO  benchmark_client] Sending sample transaction 469
[2026-05-22T09:20:50.082Z WARN  benchmark_client] Transaction rate too high for this client
[2026-05-22T09:20:50.083Z INFO  benchmark_client] Sending sample transaction 470
[2026-05-22T09:20:50.103Z INFO  benchmark_client] Sending sample transaction 471
[2026-05-22T09:20:50.127Z INFO  benchmark_client] Sending sample transaction 472
[2026-05-22T09:20:50.131Z INFO  benchmark_client] Sending sample transaction 473
[2026-05-22T09:20:50.174Z INFO  benchmark_client] Sending sample transaction 474
[2026-05-22T09:20:50.292Z INFO  benchmark_client] Sending sample transaction 475
[2026-05-22T09:20:50.295Z WARN  benchmark_client] Transaction rate too high for this client
[2026-05-22T09:20:50.299Z INFO  benchmark_client] Sending sample transaction 476
[2026-05-22T09:20:50.355Z WARN  benchmark_client] Transaction rate too high for this client
[2026-05-22T09:20:50.359Z INFO  benchmark_client] Sending sample transaction 477
[2026-05-22T09:20:50.413Z WARN  benchmark_client] Transaction rate too high for this client
[2026-05-22T09:20:50.414Z INFO  benchmark_client] Sending sample transaction 478
[2026-05-22T09:20:50.443Z INFO  benchmark_client] Sending sample transaction 479
[2026-05-22T09:20:50.448Z INFO  benchmark_client] Sending sample transaction 480
[2026-05-22T09:20:50.512Z WARN  benchmark_client] Transaction rate too high for this client
[2026-05-22T09:20:50.513Z INFO  benchmark_client] Sending sample transaction 481
[2026-05-22T09:20:50.551Z INFO  benchmark_client] Sending sample transaction 482
[2026-05-22T09:20:50.559Z INFO  benchmark_client] Sending sample transaction 483
[2026-05-22T09:20:50.605Z INFO  benchmark_client] Sending sample transaction 484
[2026-05-22T09:20:50.615Z INFO  benchmark_client] Sending sample transaction 485
[2026-05-22T09:20:50.753Z WARN  benchmark_client] Transaction rate too high for this client
[2026-05-22T09:20:50.756Z INFO  benchmark_client] Sending sample transaction 486
[2026-05-22T09:20:50.786Z INFO  benchmark_client] Sending sample transaction 487
[2026-05-22T09:20:50.791Z INFO  benchmark_client] Sending sample transaction 488
[2026-05-22T09:20:50.828Z INFO  benchmark_client] Sending sample transaction 489
[2026-05-22T09:20:50.915Z WARN  benchmark_client] Transaction rate too high for this client
[2026-05-22T09:20:50.916Z INFO  benchmark_client] Sending sample transaction 490
[2026-05-22T09:20:51.157Z INFO  benchmark_client] Sending sample transaction 491
[2026-05-22T09:20:51.159Z WARN  benchmark_client] Transaction rate too high for this client
[2026-05-22T09:20:51.160Z INFO  benchmark_client] Sending sample transaction 492
[2026-05-22T09:20:51.200Z INFO  benchmark_client] Sending sample transaction 493
[2026-05-22T09:20:51.431Z INFO  benchmark_client] Sending sample transaction 494
[2026-05-22T09:20:51.432Z WARN  benchmark_client] Transaction rate too high for this client
[2026-05-22T09:20:51.433Z INFO  benchmark_client] Sending sample transaction 495
[2026-05-22T09:20:51.442Z INFO  benchmark_client] Sending sample transaction 496
[2026-05-22T09:20:51.448Z INFO  benchmark_client] Sending sample transaction 497
[2026-05-22T09:20:51.467Z INFO  benchmark_client] Sending sample transaction 498
[2026-05-22T09:20:51.470Z INFO  benchmark_client] Sending sample transaction 499
[2026-05-22T09:20:51.487Z INFO  benchmark_client] Sending sample transaction 500
[2026-05-22T09:20:51.546Z WARN  benchmark_client] Transaction rate too high for this client
[2026-05-22T09:20:51.547Z INFO  benchmark_client] Sending sample transaction 501
[2026-05-22T09:20:51.549Z INFO  benchmark_client] Sending sample transaction 502
[2026-05-22T09:20:51.610Z INFO  benchmark_client] Sending sample transaction 503
[2026-05-22T09:20:51.612Z WARN  benchmark_client] Transaction rate too high for this client
[2026-05-22T09:20:51.612Z INFO  benchmark_client] Sending sample transaction 504
[2026-05-22T09:20:51.737Z WARN  benchmark_client] Transaction rate too high for this client
[2026-05-22T09:20:51.740Z INFO  benchmark_client] Sending sample transaction 505
[2026-05-22T09:20:51.783Z INFO  benchmark_client] Sending sample transaction 506
[2026-05-22T09:20:51.789Z INFO  benchmark_client] Sending sample transaction 507
[2026-05-22T09:20:51.837Z INFO  benchmark_client] Sending sample transaction 508
[2026-05-22T09:20:51.880Z INFO  benchmark_client] Sending sample transaction 509
[2026-05-22T09:20:51.916Z INFO  benchmark_client] Sending sample transaction 510
[2026-05-22T09:20:51.920Z INFO  benchmark_client] Sending sample transaction 511
[2026-05-22T09:20:52.232Z WARN  benchmark_client] Transaction rate too high for this client
[2026-05-22T09:20:52.238Z INFO  benchmark_client] Sending sample transaction 512
[2026-05-22T09:20:52.245Z INFO  benchmark_client] Sending sample transaction 513
[2026-05-22T09:20:52.442Z WARN  benchmark_client] Transaction rate too high for this client
[2026-05-22T09:20:52.443Z INFO  benchmark_client] Sending sample transaction 514
[2026-05-22T09:20:52.447Z INFO  benchmark_client] Sending sample transaction 515
[2026-05-22T09:20:52.477Z INFO  benchmark_client] Sending sample transaction 516
[2026-05-22T09:20:52.559Z INFO  benchmark_client] Sending sample transaction 517
[2026-05-22T09:20:52.561Z WARN  benchmark_client] Transaction rate too high for this client
[2026-05-22T09:20:52.566Z INFO  benchmark_client] Sending sample transaction 518
[2026-05-22T09:20:52.783Z INFO  benchmark_client] Sending sample transaction 519
[2026-05-22T09:20:52.785Z WARN  benchmark_client] Transaction rate too high for this client
[2026-05-22T09:20:52.788Z INFO  benchmark_client] Sending sample transaction 520
[2026-05-22T09:20:52.934Z INFO  benchmark_client] Sending sample transaction 521
[2026-05-22T09:20:52.938Z WARN  benchmark_client] Transaction rate too high for this client
[2026-05-22T09:20:52.941Z INFO  benchmark_client] Sending sample transaction 522
[2026-05-22T09:20:52.991Z WARN  benchmark_client] Transaction rate too high for this client
[2026-05-22T09:20:52.992Z INFO  benchmark_client] Sending sample transaction 523
[2026-05-22T09:20:53.000Z INFO  benchmark_client] Sending sample transaction 524
[2026-05-22T09:20:53.154Z WARN  benchmark_client] Transaction rate too high for this client
[2026-05-22T09:20:53.155Z INFO  benchmark_client] Sending sample transaction 525
[2026-05-22T09:20:53.188Z INFO  benchmark_client] Sending sample transaction 526
[2026-05-22T09:20:53.265Z INFO  benchmark_client] Sending sample transaction 527
[2026-05-22T09:20:53.267Z WARN  benchmark_client] Transaction rate too high for this client
[2026-05-22T09:20:53.272Z INFO  benchmark_client] Sending sample transaction 528
[2026-05-22T09:20:53.408Z WARN  benchmark_client] Transaction rate too high for this client
[2026-05-22T09:20:53.409Z INFO  benchmark_client] Sending sample transaction 529
[2026-05-22T09:20:53.470Z INFO  benchmark_client] Sending sample transaction 530
[2026-05-22T09:20:53.473Z WARN  benchmark_client] Transaction rate too high for this client
[2026-05-22T09:20:53.476Z INFO  benchmark_client] Sending sample transaction 531
[2026-05-22T09:20:53.511Z INFO  benchmark_client] Sending sample transaction 532
[2026-05-22T09:20:53.520Z INFO  benchmark_client] Sending sample transaction 533
[2026-05-22T09:20:53.564Z INFO  benchmark_client] Sending sample transaction 534
[2026-05-22T09:20:53.769Z INFO  benchmark_client] Sending sample transaction 535
[2026-05-22T09:20:53.775Z WARN  benchmark_client] Transaction rate too high for this client
[2026-05-22T09:20:53.776Z INFO  benchmark_client] Sending sample transaction 536
[2026-05-22T09:20:53.863Z WARN  benchmark_client] Transaction rate too high for this client
[2026-05-22T09:20:53.864Z INFO  benchmark_client] Sending sample transaction 537
[2026-05-22T09:20:53.959Z INFO  benchmark_client] Sending sample transaction 538
[2026-05-22T09:20:53.962Z WARN  benchmark_client] Transaction rate too high for this client
[2026-05-22T09:20:53.963Z INFO  benchmark_client] Sending sample transaction 539
[2026-05-22T09:20:54.004Z INFO  benchmark_client] Sending sample transaction 540
[2026-05-22T09:20:54.039Z INFO  benchmark_client] Sending sample transaction 541
[2026-05-22T09:20:54.069Z INFO  benchmark_client] Sending sample transaction 542
[2026-05-22T09:20:54.071Z INFO  benchmark_client] Sending sample transaction 543
[2026-05-22T09:20:54.082Z INFO  benchmark_client] Sending sample transaction 544
[2026-05-22T09:20:54.096Z INFO  benchmark_client] Sending sample transaction 545
[2026-05-22T09:20:54.103Z INFO  benchmark_client] Sending sample transaction 546
[2026-05-22T09:20:54.123Z INFO  benchmark_client] Sending sample transaction 547
[2026-05-22T09:20:54.127Z INFO  benchmark_client] Sending sample transaction 548
[2026-05-22T09:20:54.140Z INFO  benchmark_client] Sending sample transaction 549
[2026-05-22T09:20:54.206Z INFO  benchmark_client] Sending sample transaction 550
[2026-05-22T09:20:54.210Z WARN  benchmark_client] Transaction rate too high for this client
[2026-05-22T09:20:54.211Z INFO  benchmark_client] Sending sample transaction 551
[2026-05-22T09:20:54.417Z WARN  benchmark_client] Transaction rate too high for this client
[2026-05-22T09:20:54.420Z INFO  benchmark_client] Sending sample transaction 552
[2026-05-22T09:20:54.424Z INFO  benchmark_client] Sending sample transaction 553
[2026-05-22T09:20:54.471Z INFO  benchmark_client] Sending sample transaction 554
[2026-05-22T09:20:54.691Z WARN  benchmark_client] Transaction rate too high for this client
[2026-05-22T09:20:54.692Z INFO  benchmark_client] Sending sample transaction 555
[2026-05-22T09:20:54.720Z INFO  benchmark_client] Sending sample transaction 556
[2026-05-22T09:20:54.726Z INFO  benchmark_client] Sending sample transaction 557
[2026-05-22T09:20:54.767Z INFO  benchmark_client] Sending sample transaction 558
[2026-05-22T09:20:54.792Z INFO  benchmark_client] Sending sample transaction 559
[2026-05-22T09:20:54.860Z INFO  benchmark_client] Sending sample transaction 560
[2026-05-22T09:20:54.861Z WARN  benchmark_client] Transaction rate too high for this client
[2026-05-22T09:20:54.912Z INFO  benchmark_client] Sending sample transaction 561
[2026-05-22T09:20:54.913Z WARN  benchmark_client] Transaction rate too high for this client
[2026-05-22T09:20:54.918Z INFO  benchmark_client] Sending sample transaction 562
[2026-05-22T09:20:55.023Z WARN  benchmark_client] Transaction rate too high for this client
[2026-05-22T09:20:55.024Z INFO  benchmark_client] Sending sample transaction 563
[2026-05-22T09:20:55.134Z INFO  benchmark_client] Sending sample transaction 564
[2026-05-22T09:20:55.142Z WARN  benchmark_client] Transaction rate too high for this client
[2026-05-22T09:20:55.143Z INFO  benchmark_client] Sending sample transaction 565
[2026-05-22T09:20:55.253Z WARN  benchmark_client] Transaction rate too high for this client
[2026-05-22T09:20:55.258Z INFO  benchmark_client] Sending sample transaction 566
[2026-05-22T09:20:55.331Z INFO  benchmark_client] Sending sample transaction 567
[2026-05-22T09:20:55.332Z WARN  benchmark_client] Transaction rate too high for this client
[2026-05-22T09:20:55.454Z INFO  benchmark_client] Sending sample transaction 568
[2026-05-22T09:20:55.456Z WARN  benchmark_client] Transaction rate too high for this client
[2026-05-22T09:20:55.492Z INFO  benchmark_client] Sending sample transaction 569
[2026-05-22T09:20:55.495Z INFO  benchmark_client] Sending sample transaction 570
[2026-05-22T09:20:55.695Z INFO  benchmark_client] Sending sample transaction 571
[2026-05-22T09:20:55.700Z WARN  benchmark_client] Transaction rate too high for this client
[2026-05-22T09:20:55.701Z INFO  benchmark_client] Sending sample transaction 572
[2026-05-22T09:20:55.767Z WARN  benchmark_client] Transaction rate too high for this client
[2026-05-22T09:20:55.770Z INFO  benchmark_client] Sending sample transaction 573
[2026-05-22T09:20:55.799Z INFO  benchmark_client] Sending sample transaction 574
[2026-05-22T09:20:55.806Z INFO  benchmark_client] Sending sample transaction 575
[2026-05-22T09:20:55.830Z INFO  benchmark_client] Sending sample transaction 576
[2026-05-22T09:20:56.044Z WARN  benchmark_client] Transaction rate too high for this client
[2026-05-22T09:20:56.045Z INFO  benchmark_client] Sending sample transaction 577
[2026-05-22T09:20:56.063Z INFO  benchmark_client] Sending sample transaction 578
[2026-05-22T09:20:56.109Z INFO  benchmark_client] Sending sample transaction 579
[2026-05-22T09:20:56.111Z INFO  benchmark_client] Sending sample transaction 580
[2026-05-22T09:20:56.132Z INFO  benchmark_client] Sending sample transaction 581
[2026-05-22T09:20:56.212Z INFO  benchmark_client] Sending sample transaction 582
[2026-05-22T09:20:56.213Z WARN  benchmark_client] Transaction rate too high for this client
[2026-05-22T09:20:56.216Z INFO  benchmark_client] Sending sample transaction 583
[2026-05-22T09:20:56.235Z INFO  benchmark_client] Sending sample transaction 584
[2026-05-22T09:20:56.337Z INFO  benchmark_client] Sending sample transaction 585
[2026-05-22T09:20:56.339Z WARN  benchmark_client] Transaction rate too high for this client
[2026-05-22T09:20:56.408Z INFO  benchmark_client] Sending sample transaction 586
[2026-05-22T09:20:56.411Z WARN  benchmark_client] Transaction rate too high for this client
[2026-05-22T09:20:56.413Z INFO  benchmark_client] Sending sample transaction 587
[2026-05-22T09:20:56.448Z INFO  benchmark_client] Sending sample transaction 588
[2026-05-22T09:20:56.454Z INFO  benchmark_client] Sending sample transaction 589
[2026-05-22T09:20:56.520Z WARN  benchmark_client] Transaction rate too high for this client
[2026-05-22T09:20:56.523Z INFO  benchmark_client] Sending sample transaction 590
[2026-05-22T09:20:56.801Z WARN  benchmark_client] Transaction rate too high for this client
[2026-05-22T09:20:56.802Z INFO  benchmark_client] Sending sample transaction 591
[2026-05-22T09:20:56.839Z INFO  benchmark_client] Sending sample transaction 592
[2026-05-22T09:20:56.841Z INFO  benchmark_client] Sending sample transaction 593
[2026-05-22T09:20:56.846Z INFO  benchmark_client] Sending sample transaction 594
[2026-05-22T09:20:56.873Z INFO  benchmark_client] Sending sample transaction 595
[2026-05-22T09:20:56.891Z INFO  benchmark_client] Sending sample transaction 596
[2026-05-22T09:20:56.905Z INFO  benchmark_client] Sending sample transaction 597
[2026-05-22T09:20:56.907Z INFO  benchmark_client] Sending sample transaction 598
[2026-05-22T09:20:56.926Z INFO  benchmark_client] Sending sample transaction 599
[2026-05-22T09:20:56.973Z INFO  benchmark_client] Sending sample transaction 600
[2026-05-22T09:20:57.003Z INFO  benchmark_client] Sending sample transaction 601
[2026-05-22T09:20:57.008Z INFO  benchmark_client] Sending sample transaction 602
[2026-05-22T09:20:57.034Z INFO  benchmark_client] Sending sample transaction 603
[2026-05-22T09:20:57.039Z INFO  benchmark_client] Sending sample transaction 604
[2026-05-22T09:20:57.070Z INFO  benchmark_client] Sending sample transaction 605
[2026-05-22T09:20:57.108Z INFO  benchmark_client] Sending sample transaction 606
[2026-05-22T09:20:57.115Z INFO  benchmark_client] Sending sample transaction 607
[2026-05-22T09:20:57.131Z INFO  benchmark_client] Sending sample transaction 608
[2026-05-22T09:20:57.203Z INFO  benchmark_client] Sending sample transaction 609
[2026-05-22T09:20:57.204Z WARN  benchmark_client] Transaction rate too high for this client
[2026-05-22T09:20:57.206Z INFO  benchmark_client] Sending sample transaction 610
[2026-05-22T09:20:57.236Z INFO  benchmark_client] Sending sample transaction 611
[2026-05-22T09:20:57.522Z INFO  benchmark_client] Sending sample transaction 612
[2026-05-22T09:20:57.523Z WARN  benchmark_client] Transaction rate too high for this client
[2026-05-22T09:20:57.525Z INFO  benchmark_client] Sending sample transaction 613
[2026-05-22T09:20:57.532Z INFO  benchmark_client] Sending sample transaction 614
[2026-05-22T09:20:57.575Z INFO  benchmark_client] Sending sample transaction 615
[2026-05-22T09:20:57.614Z INFO  benchmark_client] Sending sample transaction 616
[2026-05-22T09:20:57.652Z INFO  benchmark_client] Sending sample transaction 617
[2026-05-22T09:20:57.659Z INFO  benchmark_client] Sending sample transaction 618
[2026-05-22T09:20:57.665Z INFO  benchmark_client] Sending sample transaction 619
[2026-05-22T09:20:57.714Z INFO  benchmark_client] Sending sample transaction 620
[2026-05-22T09:20:57.722Z INFO  benchmark_client] Sending sample transaction 621
[2026-05-22T09:20:57.769Z INFO  benchmark_client] Sending sample transaction 622
[2026-05-22T09:20:57.778Z INFO  benchmark_client] Sending sample transaction 623
[2026-05-22T09:20:57.802Z INFO  benchmark_client] Sending sample transaction 624
[2026-05-22T09:20:57.814Z INFO  benchmark_client] Sending sample transaction 625
[2026-05-22T09:20:57.883Z WARN  benchmark_client] Transaction rate too high for this client
[2026-05-22T09:20:57.884Z INFO  benchmark_client] Sending sample transaction 626
[2026-05-22T09:20:58.074Z WARN  benchmark_client] Transaction rate too high for this client
[2026-05-22T09:20:58.075Z INFO  benchmark_client] Sending sample transaction 627
[2026-05-22T09:20:58.405Z INFO  benchmark_client] Sending sample transaction 628
[2026-05-22T09:20:58.411Z WARN  benchmark_client] Transaction rate too high for this client
[2026-05-22T09:20:58.415Z INFO  benchmark_client] Sending sample transaction 629
[2026-05-22T09:20:58.487Z WARN  benchmark_client] Transaction rate too high for this client
[2026-05-22T09:20:58.488Z INFO  benchmark_client] Sending sample transaction 630
[2026-05-22T09:20:58.912Z INFO  benchmark_client] Sending sample transaction 631
[2026-05-22T09:20:58.916Z WARN  benchmark_client] Transaction rate too high for this client
[2026-05-22T09:20:59.005Z INFO  benchmark_client] Sending sample transaction 632
[2026-05-22T09:20:59.006Z WARN  benchmark_client] Transaction rate too high for this client
[2026-05-22T09:20:59.010Z INFO  benchmark_client] Sending sample transaction 633
[2026-05-22T09:20:59.017Z INFO  benchmark_client] Sending sample transaction 634
[2026-05-22T09:20:59.043Z INFO  benchmark_client] Sending sample transaction 635
[2026-05-22T09:20:59.075Z INFO  benchmark_client] Sending sample transaction 636
[2026-05-22T09:20:59.083Z INFO  benchmark_client] Sending sample transaction 637
[2026-05-22T09:20:59.088Z INFO  benchmark_client] Sending sample transaction 638
[2026-05-22T09:20:59.112Z INFO  benchmark_client] Sending sample transaction 639
[2026-05-22T09:20:59.187Z WARN  benchmark_client] Transaction rate too high for this client
[2026-05-22T09:20:59.189Z INFO  benchmark_client] Sending sample transaction 640
[2026-05-22T09:20:59.281Z INFO  benchmark_client] Sending sample transaction 641
[2026-05-22T09:20:59.283Z WARN  benchmark_client] Transaction rate too high for this client
[2026-05-22T09:20:59.340Z INFO  benchmark_client] Sending sample transaction 642
[2026-05-22T09:20:59.341Z WARN  benchmark_client] Transaction rate too high for this client
[2026-05-22T09:20:59.343Z INFO  benchmark_client] Sending sample transaction 643
[2026-05-22T09:20:59.360Z INFO  benchmark_client] Sending sample transaction 644
[2026-05-22T09:20:59.365Z INFO  benchmark_client] Sending sample transaction 645
[2026-05-22T09:20:59.369Z INFO  benchmark_client] Sending sample transaction 646
[2026-05-22T09:20:59.387Z INFO  benchmark_client] Sending sample transaction 647
[2026-05-22T09:20:59.390Z INFO  benchmark_client] Sending sample transaction 648
[2026-05-22T09:20:59.405Z INFO  benchmark_client] Sending sample transaction 649
[2026-05-22T09:20:59.557Z INFO  benchmark_client] Sending sample transaction 650
[2026-05-22T09:20:59.560Z WARN  benchmark_client] Transaction rate too high for this client
[2026-05-22T09:20:59.561Z INFO  benchmark_client] Sending sample transaction 651
[2026-05-22T09:20:59.612Z INFO  benchmark_client] Sending sample transaction 652
[2026-05-22T09:20:59.678Z INFO  benchmark_client] Sending sample transaction 653
[2026-05-22T09:20:59.682Z WARN  benchmark_client] Transaction rate too high for this client
[2026-05-22T09:20:59.683Z INFO  benchmark_client] Sending sample transaction 654
[2026-05-22T09:20:59.702Z INFO  benchmark_client] Sending sample transaction 655
[2026-05-22T09:20:59.712Z INFO  benchmark_client] Sending sample transaction 656
[2026-05-22T09:20:59.718Z INFO  benchmark_client] Sending sample transaction 657
[2026-05-22T09:20:59.756Z INFO  benchmark_client] Sending sample transaction 658
[2026-05-22T09:20:59.879Z INFO  benchmark_client] Sending sample transaction 659
[2026-05-22T09:20:59.885Z WARN  benchmark_client] Transaction rate too high for this client
[2026-05-22T09:20:59.886Z INFO  benchmark_client] Sending sample transaction 660
[2026-05-22T09:20:59.913Z INFO  benchmark_client] Sending sample transaction 661
[2026-05-22T09:20:59.945Z INFO  benchmark_client] Sending sample transaction 662
[2026-05-22T09:20:59.968Z INFO  benchmark_client] Sending sample transaction 663
[2026-05-22T09:21:00.041Z INFO  benchmark_client] Sending sample transaction 664
[2026-05-22T09:21:00.045Z WARN  benchmark_client] Transaction rate too high for this client
[2026-05-22T09:21:00.047Z INFO  benchmark_client] Sending sample transaction 665
[2026-05-22T09:21:00.124Z WARN  benchmark_client] Transaction rate too high for this client
[2026-05-22T09:21:00.127Z INFO  benchmark_client] Sending sample transaction 666
[2026-05-22T09:21:00.221Z WARN  benchmark_client] Transaction rate too high for this client
[2026-05-22T09:21:00.222Z INFO  benchmark_client] Sending sample transaction 667
[2026-05-22T09:21:00.375Z INFO  benchmark_client] Sending sample transaction 668
[2026-05-22T09:21:00.378Z WARN  benchmark_client] Transaction rate too high for this client
[2026-05-22T09:21:00.381Z INFO  benchmark_client] Sending sample transaction 669
[2026-05-22T09:21:00.522Z WARN  benchmark_client] Transaction rate too high for this client
[2026-05-22T09:21:00.524Z INFO  benchmark_client] Sending sample transaction 670
[2026-05-22T09:21:00.570Z INFO  benchmark_client] Sending sample transaction 671
[2026-05-22T09:21:00.601Z INFO  benchmark_client] Sending sample transaction 672
[2026-05-22T09:21:00.607Z INFO  benchmark_client] Sending sample transaction 673
[2026-05-22T09:21:00.815Z WARN  benchmark_client] Transaction rate too high for this client
[2026-05-22T09:21:00.819Z INFO  benchmark_client] Sending sample transaction 674
[2026-05-22T09:21:00.866Z INFO  benchmark_client] Sending sample transaction 675
[2026-05-22T09:21:00.870Z INFO  benchmark_client] Sending sample transaction 676
[2026-05-22T09:21:00.908Z INFO  benchmark_client] Sending sample transaction 677
[2026-05-22T09:21:00.947Z INFO  benchmark_client] Sending sample transaction 678
[2026-05-22T09:21:00.951Z INFO  benchmark_client] Sending sample transaction 679
[2026-05-22T09:21:00.967Z INFO  benchmark_client] Sending sample transaction 680
[2026-05-22T09:21:00.969Z INFO  benchmark_client] Sending sample transaction 681
[2026-05-22T09:21:00.993Z INFO  benchmark_client] Sending sample transaction 682
[2026-05-22T09:21:01.016Z INFO  benchmark_client] Sending sample transaction 683
[2026-05-22T09:21:01.020Z INFO  benchmark_client] Sending sample transaction 684
[2026-05-22T09:21:01.053Z INFO  benchmark_client] Sending sample transaction 685
[2026-05-22T09:21:01.217Z INFO  benchmark_client] Sending sample transaction 686
[2026-05-22T09:21:01.220Z WARN  benchmark_client] Transaction rate too high for this client
[2026-05-22T09:21:01.327Z INFO  benchmark_client] Sending sample transaction 687
[2026-05-22T09:21:01.328Z WARN  benchmark_client] Transaction rate too high for this client
[2026-05-22T09:21:01.331Z INFO  benchmark_client] Sending sample transaction 688
[2026-05-22T09:21:01.568Z WARN  benchmark_client] Transaction rate too high for this client
[2026-05-22T09:21:01.571Z INFO  benchmark_client] Sending sample transaction 689
[2026-05-22T09:21:01.606Z INFO  benchmark_client] Sending sample transaction 690
[2026-05-22T09:21:01.611Z INFO  benchmark_client] Sending sample transaction 691
[2026-05-22T09:21:01.658Z INFO  benchmark_client] Sending sample transaction 692
[2026-05-22T09:21:01.776Z WARN  benchmark_client] Transaction rate too high for this client
[2026-05-22T09:21:01.777Z INFO  benchmark_client] Sending sample transaction 693
[2026-05-22T09:21:01.781Z INFO  benchmark_client] Sending sample transaction 694
[2026-05-22T09:21:02.106Z WARN  benchmark_client] Transaction rate too high for this client
[2026-05-22T09:21:02.109Z INFO  benchmark_client] Sending sample transaction 695
[2026-05-22T09:21:02.136Z INFO  benchmark_client] Sending sample transaction 696
[2026-05-22T09:21:02.173Z INFO  benchmark_client] Sending sample transaction 697
[2026-05-22T09:21:02.177Z INFO  benchmark_client] Sending sample transaction 698
[2026-05-22T09:21:02.211Z INFO  benchmark_client] Sending sample transaction 699
[2026-05-22T09:21:02.272Z INFO  benchmark_client] Sending sample transaction 700
[2026-05-22T09:21:02.273Z WARN  benchmark_client] Transaction rate too high for this client
[2026-05-22T09:21:02.276Z INFO  benchmark_client] Sending sample transaction 701
[2026-05-22T09:21:02.406Z WARN  benchmark_client] Transaction rate too high for this client
[2026-05-22T09:21:02.411Z INFO  benchmark_client] Sending sample transaction 702
[2026-05-22T09:21:02.481Z INFO  benchmark_client] Sending sample transaction 703
[2026-05-22T09:21:02.483Z WARN  benchmark_client] Transaction rate too high for this client
[2026-05-22T09:21:02.487Z INFO  benchmark_client] Sending sample transaction 704
[2026-05-22T09:21:02.519Z INFO  benchmark_client] Sending sample transaction 705
[2026-05-22T09:21:02.593Z WARN  benchmark_client] Transaction rate too high for this client
[2026-05-22T09:21:02.597Z INFO  benchmark_client] Sending sample transaction 706
[2026-05-22T09:21:02.602Z INFO  benchmark_client] Sending sample transaction 707
[2026-05-22T09:21:02.638Z INFO  benchmark_client] Sending sample transaction 708
[2026-05-22T09:21:02.778Z WARN  benchmark_client] Transaction rate too high for this client
[2026-05-22T09:21:02.780Z INFO  benchmark_client] Sending sample transaction 709
[2026-05-22T09:21:02.807Z INFO  benchmark_client] Sending sample transaction 710
[2026-05-22T09:21:02.813Z INFO  benchmark_client] Sending sample transaction 711
[2026-05-22T09:21:02.858Z INFO  benchmark_client] Sending sample transaction 712
[2026-05-22T09:21:02.896Z INFO  benchmark_client] Sending sample transaction 713
[2026-05-22T09:21:02.901Z INFO  benchmark_client] Sending sample transaction 714
[2026-05-22T09:21:03.017Z WARN  benchmark_client] Transaction rate too high for this client
[2026-05-22T09:21:03.018Z INFO  benchmark_client] Sending sample transaction 715
[2026-05-22T09:21:03.081Z INFO  benchmark_client] Sending sample transaction 716
[2026-05-22T09:21:03.088Z WARN  benchmark_client] Transaction rate too high for this client
[2026-05-22T09:21:03.093Z INFO  benchmark_client] Sending sample transaction 717
[2026-05-22T09:21:03.142Z INFO  benchmark_client] Sending sample transaction 718
[2026-05-22T09:21:03.147Z INFO  benchmark_client] Sending sample transaction 719
[2026-05-22T09:21:03.310Z WARN  benchmark_client] Transaction rate too high for this client
[2026-05-22T09:21:03.314Z INFO  benchmark_client] Sending sample transaction 720
[2026-05-22T09:21:03.427Z WARN  benchmark_client] Transaction rate too high for this client
[2026-05-22T09:21:03.431Z INFO  benchmark_client] Sending sample transaction 721
[2026-05-22T09:21:03.449Z INFO  benchmark_client] Sending sample transaction 722
[2026-05-22T09:21:03.452Z INFO  benchmark_client] Sending sample transaction 723
[2026-05-22T09:21:03.579Z WARN  benchmark_client] Transaction rate too high for this client
[2026-05-22T09:21:03.584Z INFO  benchmark_client] Sending sample transaction 724
[2026-05-22T09:21:03.633Z WARN  benchmark_client] Transaction rate too high for this client
[2026-05-22T09:21:03.637Z INFO  benchmark_client] Sending sample transaction 725
[2026-05-22T09:21:03.655Z INFO  benchmark_client] Sending sample transaction 726
[2026-05-22T09:21:03.668Z INFO  benchmark_client] Sending sample transaction 727
[2026-05-22T09:21:03.674Z INFO  benchmark_client] Sending sample transaction 728
[2026-05-22T09:21:03.689Z INFO  benchmark_client] Sending sample transaction 729
[2026-05-22T09:21:03.695Z INFO  benchmark_client] Sending sample transaction 730
[2026-05-22T09:21:03.708Z INFO  benchmark_client] Sending sample transaction 731
[2026-05-22T09:21:03.719Z INFO  benchmark_client] Sending sample transaction 732
[2026-05-22T09:21:03.725Z INFO  benchmark_client] Sending sample transaction 733
[2026-05-22T09:21:03.730Z INFO  benchmark_client] Sending sample transaction 734
[2026-05-22T09:21:03.750Z INFO  benchmark_client] Sending sample transaction 735
[2026-05-22T09:21:03.754Z INFO  benchmark_client] Sending sample transaction 736
[2026-05-22T09:21:03.764Z INFO  benchmark_client] Sending sample transaction 737
[2026-05-22T09:21:03.778Z INFO  benchmark_client] Sending sample transaction 738
[2026-05-22T09:21:03.784Z INFO  benchmark_client] Sending sample transaction 739
[2026-05-22T09:21:03.796Z INFO  benchmark_client] Sending sample transaction 740
[2026-05-22T09:21:03.871Z INFO  benchmark_client] Sending sample transaction 741
[2026-05-22T09:21:03.876Z WARN  benchmark_client] Transaction rate too high for this client
[2026-05-22T09:21:03.878Z INFO  benchmark_client] Sending sample transaction 742
[2026-05-22T09:21:03.993Z WARN  benchmark_client] Transaction rate too high for this client
[2026-05-22T09:21:03.994Z INFO  benchmark_client] Sending sample transaction 743
[2026-05-22T09:21:04.020Z INFO  benchmark_client] Sending sample transaction 744
[2026-05-22T09:21:04.024Z INFO  benchmark_client] Sending sample transaction 745
[2026-05-22T09:21:04.065Z INFO  benchmark_client] Sending sample transaction 746
[2026-05-22T09:21:04.366Z INFO  benchmark_client] Sending sample transaction 747
[2026-05-22T09:21:04.368Z WARN  benchmark_client] Transaction rate too high for this client
[2026-05-22T09:21:04.371Z INFO  benchmark_client] Sending sample transaction 748
[2026-05-22T09:21:04.382Z INFO  benchmark_client] Sending sample transaction 749
[2026-05-22T09:21:04.452Z WARN  benchmark_client] Transaction rate too high for this client
[2026-05-22T09:21:04.457Z INFO  benchmark_client] Sending sample transaction 750
[2026-05-22T09:21:04.464Z INFO  benchmark_client] Sending sample transaction 751
[2026-05-22T09:21:04.491Z INFO  benchmark_client] Sending sample transaction 752
[2026-05-22T09:21:04.654Z INFO  benchmark_client] Sending sample transaction 753
[2026-05-22T09:21:04.655Z WARN  benchmark_client] Transaction rate too high for this client
[2026-05-22T09:21:04.661Z INFO  benchmark_client] Sending sample transaction 754
[2026-05-22T09:21:04.737Z INFO  benchmark_client] Sending sample transaction 755
[2026-05-22T09:21:04.741Z WARN  benchmark_client] Transaction rate too high for this client
[2026-05-22T09:21:04.744Z INFO  benchmark_client] Sending sample transaction 756
[2026-05-22T09:21:05.217Z WARN  benchmark_client] Transaction rate too high for this client
[2026-05-22T09:21:05.218Z INFO  benchmark_client] Sending sample transaction 757
[2026-05-22T09:21:05.255Z INFO  benchmark_client] Sending sample transaction 758
[2026-05-22T09:21:05.631Z INFO  benchmark_client] Sending sample transaction 759
[2026-05-22T09:21:05.635Z WARN  benchmark_client] Transaction rate too high for this client
[2026-05-22T09:21:05.637Z INFO  benchmark_client] Sending sample transaction 760
[2026-05-22T09:21:05.674Z INFO  benchmark_client] Sending sample transaction 761
[2026-05-22T09:21:05.691Z INFO  benchmark_client] Sending sample transaction 762
[2026-05-22T09:21:05.695Z INFO  benchmark_client] Sending sample transaction 763
[2026-05-22T09:21:05.718Z INFO  benchmark_client] Sending sample transaction 764
[2026-05-22T09:21:05.722Z INFO  benchmark_client] Sending sample transaction 765
[2026-05-22T09:21:06.190Z WARN  benchmark_client] Transaction rate too high for this client
[2026-05-22T09:21:06.193Z INFO  benchmark_client] Sending sample transaction 766
[2026-05-22T09:21:06.222Z INFO  benchmark_client] Sending sample transaction 767
[2026-05-22T09:21:06.226Z INFO  benchmark_client] Sending sample transaction 768
[2026-05-22T09:21:06.255Z INFO  benchmark_client] Sending sample transaction 769
[2026-05-22T09:21:06.275Z INFO  benchmark_client] Sending sample transaction 770
[2026-05-22T09:21:06.278Z INFO  benchmark_client] Sending sample transaction 771
[2026-05-22T09:21:06.288Z INFO  benchmark_client] Sending sample transaction 772
[2026-05-22T09:21:06.301Z INFO  benchmark_client] Sending sample transaction 773
[2026-05-22T09:21:06.305Z INFO  benchmark_client] Sending sample transaction 774
[2026-05-22T09:21:06.331Z INFO  benchmark_client] Sending sample transaction 775
[2026-05-22T09:21:06.387Z INFO  benchmark_client] Sending sample transaction 776
[2026-05-22T09:21:06.392Z WARN  benchmark_client] Transaction rate too high for this client
[2026-05-22T09:21:06.679Z INFO  benchmark_client] Sending sample transaction 777
[2026-05-22T09:21:06.685Z WARN  benchmark_client] Transaction rate too high for this client
[2026-05-22T09:21:06.866Z INFO  benchmark_client] Sending sample transaction 778
[2026-05-22T09:21:06.867Z WARN  benchmark_client] Transaction rate too high for this client
[2026-05-22T09:21:06.871Z INFO  benchmark_client] Sending sample transaction 779
[2026-05-22T09:21:06.900Z INFO  benchmark_client] Sending sample transaction 780
[2026-05-22T09:21:06.910Z INFO  benchmark_client] Sending sample transaction 781
[2026-05-22T09:21:06.977Z INFO  benchmark_client] Sending sample transaction 782
[2026-05-22T09:21:06.979Z WARN  benchmark_client] Transaction rate too high for this client
[2026-05-22T09:21:07.134Z INFO  benchmark_client] Sending sample transaction 783
[2026-05-22T09:21:07.135Z WARN  benchmark_client] Transaction rate too high for this client
[2026-05-22T09:21:07.140Z INFO  benchmark_client] Sending sample transaction 784
[2026-05-22T09:21:07.432Z WARN  benchmark_client] Transaction rate too high for this client
[2026-05-22T09:21:07.434Z INFO  benchmark_client] Sending sample transaction 785
[2026-05-22T09:21:07.534Z INFO  benchmark_client] Sending sample transaction 786
[2026-05-22T09:21:07.535Z WARN  benchmark_client] Transaction rate too high for this client
[2026-05-22T09:21:07.539Z INFO  benchmark_client] Sending sample transaction 787
[2026-05-22T09:21:07.627Z WARN  benchmark_client] Transaction rate too high for this client
[2026-05-22T09:21:07.631Z INFO  benchmark_client] Sending sample transaction 788
[2026-05-22T09:21:07.660Z INFO  benchmark_client] Sending sample transaction 789
[2026-05-22T09:21:07.682Z INFO  benchmark_client] Sending sample transaction 790
[2026-05-22T09:21:07.685Z INFO  benchmark_client] Sending sample transaction 791
[2026-05-22T09:21:07.724Z INFO  benchmark_client] Sending sample transaction 792
[2026-05-22T09:21:07.730Z INFO  benchmark_client] Sending sample transaction 793
[2026-05-22T09:21:07.777Z INFO  benchmark_client] Sending sample transaction 794
[2026-05-22T09:21:07.838Z INFO  benchmark_client] Sending sample transaction 795
[2026-05-22T09:21:07.840Z WARN  benchmark_client] Transaction rate too high for this client
[2026-05-22T09:21:07.843Z INFO  benchmark_client] Sending sample transaction 796
[2026-05-22T09:21:07.936Z WARN  benchmark_client] Transaction rate too high for this client
[2026-05-22T09:21:07.939Z INFO  benchmark_client] Sending sample transaction 797
[2026-05-22T09:21:07.966Z INFO  benchmark_client] Sending sample transaction 798
[2026-05-22T09:21:07.970Z INFO  benchmark_client] Sending sample transaction 799
[2026-05-22T09:21:07.990Z INFO  benchmark_client] Sending sample transaction 800
[2026-05-22T09:21:08.092Z INFO  benchmark_client] Sending sample transaction 801
[2026-05-22T09:21:08.093Z WARN  benchmark_client] Transaction rate too high for this client
[2026-05-22T09:21:08.097Z INFO  benchmark_client] Sending sample transaction 802
[2026-05-22T09:21:08.126Z INFO  benchmark_client] Sending sample transaction 803
[2026-05-22T09:21:08.165Z INFO  benchmark_client] Sending sample transaction 804
[2026-05-22T09:21:08.170Z INFO  benchmark_client] Sending sample transaction 805
[2026-05-22T09:21:08.201Z INFO  benchmark_client] Sending sample transaction 806
[2026-05-22T09:21:08.243Z INFO  benchmark_client] Sending sample transaction 807
[2026-05-22T09:21:08.276Z INFO  benchmark_client] Sending sample transaction 808
[2026-05-22T09:21:08.280Z INFO  benchmark_client] Sending sample transaction 809
[2026-05-22T09:21:08.308Z INFO  benchmark_client] Sending sample transaction 810
[2026-05-22T09:21:08.311Z INFO  benchmark_client] Sending sample transaction 811
[2026-05-22T09:21:08.327Z INFO  benchmark_client] Sending sample transaction 812
[2026-05-22T09:21:08.335Z INFO  benchmark_client] Sending sample transaction 813
[2026-05-22T09:21:08.350Z INFO  benchmark_client] Sending sample transaction 814
[2026-05-22T09:21:08.354Z INFO  benchmark_client] Sending sample transaction 815
[2026-05-22T09:21:08.390Z INFO  benchmark_client] Sending sample transaction 816
[2026-05-22T09:21:08.424Z INFO  benchmark_client] Sending sample transaction 817
[2026-05-22T09:21:08.428Z INFO  benchmark_client] Sending sample transaction 818
[2026-05-22T09:21:08.455Z INFO  benchmark_client] Sending sample transaction 819
[2026-05-22T09:21:08.458Z INFO  benchmark_client] Sending sample transaction 820
[2026-05-22T09:21:08.474Z INFO  benchmark_client] Sending sample transaction 821
[2026-05-22T09:21:08.480Z INFO  benchmark_client] Sending sample transaction 822
[2026-05-22T09:21:08.485Z INFO  benchmark_client] Sending sample transaction 823
[2026-05-22T09:21:08.510Z INFO  benchmark_client] Sending sample transaction 824
[2026-05-22T09:21:08.535Z INFO  benchmark_client] Sending sample transaction 825
[2026-05-22T09:21:08.542Z INFO  benchmark_client] Sending sample transaction 826
[2026-05-22T09:21:08.562Z INFO  benchmark_client] Sending sample transaction 827
[2026-05-22T09:21:08.569Z INFO  benchmark_client] Sending sample transaction 828
[2026-05-22T09:21:08.590Z INFO  benchmark_client] Sending sample transaction 829
[2026-05-22T09:21:08.596Z INFO  benchmark_client] Sending sample transaction 830
[2026-05-22T09:21:08.621Z INFO  benchmark_client] Sending sample transaction 831
[2026-05-22T09:21:08.625Z INFO  benchmark_client] Sending sample transaction 832
[2026-05-22T09:21:08.642Z INFO  benchmark_client] Sending sample transaction 833
[2026-05-22T09:21:08.675Z INFO  benchmark_client] Sending sample transaction 834
[2026-05-22T09:21:08.680Z INFO  benchmark_client] Sending sample transaction 835
[2026-05-22T09:21:08.697Z INFO  benchmark_client] Sending sample transaction 836
[2026-05-22T09:21:08.727Z INFO  benchmark_client] Sending sample transaction 837
[2026-05-22T09:21:08.732Z INFO  benchmark_client] Sending sample transaction 838
[2026-05-22T09:21:08.751Z INFO  benchmark_client] Sending sample transaction 839
[2026-05-22T09:21:08.781Z INFO  benchmark_client] Sending sample transaction 840
[2026-05-22T09:21:08.784Z INFO  benchmark_client] Sending sample transaction 841
[2026-05-22T09:21:08.795Z INFO  benchmark_client] Sending sample transaction 842
[2026-05-22T09:21:08.828Z INFO  benchmark_client] Sending sample transaction 843
[2026-05-22T09:21:08.834Z INFO  benchmark_client] Sending sample transaction 844
[2026-05-22T09:21:08.858Z INFO  benchmark_client] Sending sample transaction 845
[2026-05-22T09:21:08.884Z INFO  benchmark_client] Sending sample transaction 846
[2026-05-22T09:21:08.891Z INFO  benchmark_client] Sending sample transaction 847
[2026-05-22T09:21:08.917Z INFO  benchmark_client] Sending sample transaction 848
[2026-05-22T09:21:08.952Z INFO  benchmark_client] Sending sample transaction 849
[2026-05-22T09:21:08.956Z INFO  benchmark_client] Sending sample transaction 850
[2026-05-22T09:21:08.983Z INFO  benchmark_client] Sending sample transaction 851
[2026-05-22T09:21:09.001Z INFO  benchmark_client] Sending sample transaction 852
[2026-05-22T09:21:09.104Z INFO  benchmark_client] Sending sample transaction 853
[2026-05-22T09:21:09.105Z WARN  benchmark_client] Transaction rate too high for this client
[2026-05-22T09:21:09.113Z INFO  benchmark_client] Sending sample transaction 854
