[2026-05-22T09:20:24.518Z INFO  benchmark_client] Node address: 136.118.77.161:5033
[2026-05-22T09:20:24.518Z INFO  benchmark_client] Transactions size: 512 B
[2026-05-22T09:20:24.518Z INFO  benchmark_client] Transactions rate: 26667 tx/s
[2026-05-22T09:20:24.518Z INFO  benchmark_client] Waiting for all nodes to be online...
[2026-05-22T09:20:24.677Z INFO  benchmark_client] Start sending transactions
[2026-05-22T09:20:24.678Z INFO  benchmark_client] Sending sample transaction 0
[2026-05-22T09:20:24.729Z INFO  benchmark_client] Sending sample transaction 1
[2026-05-22T09:20:24.779Z INFO  benchmark_client] Sending sample transaction 2
[2026-05-22T09:20:24.828Z INFO  benchmark_client] Sending sample transaction 3
[2026-05-22T09:20:24.880Z INFO  benchmark_client] Sending sample transaction 4
[2026-05-22T09:20:24.928Z INFO  benchmark_client] Sending sample transaction 5
[2026-05-22T09:20:24.978Z INFO  benchmark_client] Sending sample transaction 6
[2026-05-22T09:20:25.029Z INFO  benchmark_client] Sending sample transaction 7
[2026-05-22T09:20:25.078Z INFO  benchmark_client] Sending sample transaction 8
[2026-05-22T09:20:25.128Z INFO  benchmark_client] Sending sample transaction 9
[2026-05-22T09:20:25.179Z INFO  benchmark_client] Sending sample transaction 10
[2026-05-22T09:20:25.229Z INFO  benchmark_client] Sending sample transaction 11
[2026-05-22T09:20:25.279Z INFO  benchmark_client] Sending sample transaction 12
[2026-05-22T09:20:25.329Z INFO  benchmark_client] Sending sample transaction 13
[2026-05-22T09:20:25.379Z INFO  benchmark_client] Sending sample transaction 14
[2026-05-22T09:20:25.429Z INFO  benchmark_client] Sending sample transaction 15
[2026-05-22T09:20:25.479Z INFO  benchmark_client] Sending sample transaction 16
[2026-05-22T09:20:25.529Z INFO  benchmark_client] Sending sample transaction 17
[2026-05-22T09:20:25.579Z INFO  benchmark_client] Sending sample transaction 18
[2026-05-22T09:20:25.628Z INFO  benchmark_client] Sending sample transaction 19
[2026-05-22T09:20:25.679Z INFO  benchmark_client] Sending sample transaction 20
[2026-05-22T09:20:25.728Z INFO  benchmark_client] Sending sample transaction 21
[2026-05-22T09:20:25.779Z INFO  benchmark_client] Sending sample transaction 22
[2026-05-22T09:20:25.829Z INFO  benchmark_client] Sending sample transaction 23
[2026-05-22T09:20:25.878Z INFO  benchmark_client] Sending sample transaction 24
[2026-05-22T09:20:25.929Z INFO  benchmark_client] Sending sample transaction 25
[2026-05-22T09:20:25.979Z INFO  benchmark_client] Sending sample transaction 26
[2026-05-22T09:20:26.029Z INFO  benchmark_client] Sending sample transaction 27
[2026-05-22T09:20:26.080Z INFO  benchmark_client] Sending sample transaction 28
[2026-05-22T09:20:26.128Z INFO  benchmark_client] Sending sample transaction 29
[2026-05-22T09:20:26.179Z INFO  benchmark_client] Sending sample transaction 30
[2026-05-22T09:20:26.230Z INFO  benchmark_client] Sending sample transaction 31
[2026-05-22T09:20:26.278Z INFO  benchmark_client] Sending sample transaction 32
[2026-05-22T09:20:26.332Z INFO  benchmark_client] Sending sample transaction 33
[2026-05-22T09:20:26.379Z INFO  benchmark_client] Sending sample transaction 34
[2026-05-22T09:20:26.428Z INFO  benchmark_client] Sending sample transaction 35
[2026-05-22T09:20:26.481Z INFO  benchmark_client] Sending sample transaction 36
[2026-05-22T09:20:26.529Z INFO  benchmark_client] Sending sample transaction 37
[2026-05-22T09:20:26.579Z INFO  benchmark_client] Sending sample transaction 38
[2026-05-22T09:20:26.629Z INFO  benchmark_client] Sending sample transaction 39
[2026-05-22T09:20:26.679Z INFO  benchmark_client] Sending sample transaction 40
[2026-05-22T09:20:26.729Z INFO  benchmark_client] Sending sample transaction 41
[2026-05-22T09:20:26.779Z INFO  benchmark_client] Sending sample transaction 42
[2026-05-22T09:20:26.828Z INFO  benchmark_client] Sending sample transaction 43
[2026-05-22T09:20:26.880Z INFO  benchmark_client] Sending sample transaction 44
[2026-05-22T09:20:26.929Z INFO  benchmark_client] Sending sample transaction 45
[2026-05-22T09:20:26.979Z INFO  benchmark_client] Sending sample transaction 46
[2026-05-22T09:20:27.028Z INFO  benchmark_client] Sending sample transaction 47
[2026-05-22T09:20:27.081Z INFO  benchmark_client] Sending sample transaction 48
[2026-05-22T09:20:27.128Z INFO  benchmark_client] Sending sample transaction 49
[2026-05-22T09:20:27.179Z INFO  benchmark_client] Sending sample transaction 50
[2026-05-22T09:20:27.228Z INFO  benchmark_client] Sending sample transaction 51
[2026-05-22T09:20:27.280Z INFO  benchmark_client] Sending sample transaction 52
[2026-05-22T09:20:27.328Z INFO  benchmark_client] Sending sample transaction 53
[2026-05-22T09:20:27.380Z INFO  benchmark_client] Sending sample transaction 54
[2026-05-22T09:20:27.572Z WARN  benchmark_client] Transaction rate too high for this client
[2026-05-22T09:20:27.574Z INFO  benchmark_client] Sending sample transaction 55
[2026-05-22T09:20:27.580Z INFO  benchmark_client] Sending sample transaction 56
[2026-05-22T09:20:27.586Z INFO  benchmark_client] Sending sample transaction 57
[2026-05-22T09:20:27.664Z WARN  benchmark_client] Transaction rate too high for this client
[2026-05-22T09:20:27.665Z INFO  benchmark_client] Sending sample transaction 58
[2026-05-22T09:20:27.669Z INFO  benchmark_client] Sending sample transaction 59
[2026-05-22T09:20:27.725Z WARN  benchmark_client] Transaction rate too high for this client
[2026-05-22T09:20:27.725Z INFO  benchmark_client] Sending sample transaction 60
[2026-05-22T09:20:27.732Z INFO  benchmark_client] Sending sample transaction 61
[2026-05-22T09:20:27.780Z INFO  benchmark_client] Sending sample transaction 62
[2026-05-22T09:20:27.829Z INFO  benchmark_client] Sending sample transaction 63
[2026-05-22T09:20:27.879Z INFO  benchmark_client] Sending sample transaction 64
[2026-05-22T09:20:27.931Z INFO  benchmark_client] Sending sample transaction 65
[2026-05-22T09:20:27.981Z INFO  benchmark_client] Sending sample transaction 66
[2026-05-22T09:20:28.031Z INFO  benchmark_client] Sending sample transaction 67
[2026-05-22T09:20:28.079Z INFO  benchmark_client] Sending sample transaction 68
[2026-05-22T09:20:28.133Z INFO  benchmark_client] Sending sample transaction 69
[2026-05-22T09:20:28.179Z INFO  benchmark_client] Sending sample transaction 70
[2026-05-22T09:20:28.229Z INFO  benchmark_client] Sending sample transaction 71
[2026-05-22T09:20:28.281Z INFO  benchmark_client] Sending sample transaction 72
[2026-05-22T09:20:28.330Z INFO  benchmark_client] Sending sample transaction 73
[2026-05-22T09:20:28.379Z INFO  benchmark_client] Sending sample transaction 74
[2026-05-22T09:20:28.429Z INFO  benchmark_client] Sending sample transaction 75
[2026-05-22T09:20:28.479Z INFO  benchmark_client] Sending sample transaction 76
[2026-05-22T09:20:28.529Z INFO  benchmark_client] Sending sample transaction 77
[2026-05-22T09:20:28.580Z INFO  benchmark_client] Sending sample transaction 78
[2026-05-22T09:20:28.629Z INFO  benchmark_client] Sending sample transaction 79
[2026-05-22T09:20:28.678Z INFO  benchmark_client] Sending sample transaction 80
[2026-05-22T09:20:28.729Z INFO  benchmark_client] Sending sample transaction 81
[2026-05-22T09:20:28.779Z INFO  benchmark_client] Sending sample transaction 82
[2026-05-22T09:20:28.829Z INFO  benchmark_client] Sending sample transaction 83
[2026-05-22T09:20:28.879Z INFO  benchmark_client] Sending sample transaction 84
[2026-05-22T09:20:28.929Z INFO  benchmark_client] Sending sample transaction 85
[2026-05-22T09:20:28.979Z INFO  benchmark_client] Sending sample transaction 86
[2026-05-22T09:20:29.029Z INFO  benchmark_client] Sending sample transaction 87
[2026-05-22T09:20:29.078Z INFO  benchmark_client] Sending sample transaction 88
[2026-05-22T09:20:29.130Z INFO  benchmark_client] Sending sample transaction 89
[2026-05-22T09:20:29.178Z INFO  benchmark_client] Sending sample transaction 90
[2026-05-22T09:20:29.229Z INFO  benchmark_client] Sending sample transaction 91
[2026-05-22T09:20:29.278Z INFO  benchmark_client] Sending sample transaction 92
[2026-05-22T09:20:29.329Z INFO  benchmark_client] Sending sample transaction 93
[2026-05-22T09:20:29.379Z INFO  benchmark_client] Sending sample transaction 94
[2026-05-22T09:20:29.429Z INFO  benchmark_client] Sending sample transaction 95
[2026-05-22T09:20:29.481Z INFO  benchmark_client] Sending sample transaction 96
[2026-05-22T09:20:29.529Z INFO  benchmark_client] Sending sample transaction 97
[2026-05-22T09:20:29.578Z INFO  benchmark_client] Sending sample transaction 98
[2026-05-22T09:20:29.629Z INFO  benchmark_client] Sending sample transaction 99
[2026-05-22T09:20:29.681Z INFO  benchmark_client] Sending sample transaction 100
[2026-05-22T09:20:29.729Z INFO  benchmark_client] Sending sample transaction 101
[2026-05-22T09:20:29.779Z INFO  benchmark_client] Sending sample transaction 102
[2026-05-22T09:20:29.830Z INFO  benchmark_client] Sending sample transaction 103
[2026-05-22T09:20:29.879Z INFO  benchmark_client] Sending sample transaction 104
[2026-05-22T09:20:29.928Z INFO  benchmark_client] Sending sample transaction 105
[2026-05-22T09:20:29.978Z INFO  benchmark_client] Sending sample transaction 106
[2026-05-22T09:20:30.030Z INFO  benchmark_client] Sending sample transaction 107
[2026-05-22T09:20:30.080Z INFO  benchmark_client] Sending sample transaction 108
[2026-05-22T09:20:30.130Z INFO  benchmark_client] Sending sample transaction 109
[2026-05-22T09:20:30.179Z INFO  benchmark_client] Sending sample transaction 110
[2026-05-22T09:20:30.231Z INFO  benchmark_client] Sending sample transaction 111
[2026-05-22T09:20:30.278Z INFO  benchmark_client] Sending sample transaction 112
[2026-05-22T09:20:30.329Z INFO  benchmark_client] Sending sample transaction 113
[2026-05-22T09:20:30.378Z INFO  benchmark_client] Sending sample transaction 114
[2026-05-22T09:20:30.438Z WARN  benchmark_client] Transaction rate too high for this client
[2026-05-22T09:20:30.441Z INFO  benchmark_client] Sending sample transaction 115
[2026-05-22T09:20:30.479Z INFO  benchmark_client] Sending sample transaction 116
[2026-05-22T09:20:30.529Z INFO  benchmark_client] Sending sample transaction 117
[2026-05-22T09:20:30.579Z INFO  benchmark_client] Sending sample transaction 118
[2026-05-22T09:20:30.629Z INFO  benchmark_client] Sending sample transaction 119
[2026-05-22T09:20:30.679Z INFO  benchmark_client] Sending sample transaction 120
[2026-05-22T09:20:30.730Z INFO  benchmark_client] Sending sample transaction 121
[2026-05-22T09:20:30.780Z INFO  benchmark_client] Sending sample transaction 122
[2026-05-22T09:20:30.830Z INFO  benchmark_client] Sending sample transaction 123
[2026-05-22T09:20:30.879Z INFO  benchmark_client] Sending sample transaction 124
[2026-05-22T09:20:30.928Z INFO  benchmark_client] Sending sample transaction 125
[2026-05-22T09:20:30.980Z INFO  benchmark_client] Sending sample transaction 126
[2026-05-22T09:20:31.029Z INFO  benchmark_client] Sending sample transaction 127
[2026-05-22T09:20:31.079Z INFO  benchmark_client] Sending sample transaction 128
[2026-05-22T09:20:31.129Z INFO  benchmark_client] Sending sample transaction 129
[2026-05-22T09:20:31.179Z INFO  benchmark_client] Sending sample transaction 130
[2026-05-22T09:20:31.229Z INFO  benchmark_client] Sending sample transaction 131
[2026-05-22T09:20:31.279Z INFO  benchmark_client] Sending sample transaction 132
[2026-05-22T09:20:31.328Z INFO  benchmark_client] Sending sample transaction 133
[2026-05-22T09:20:31.380Z INFO  benchmark_client] Sending sample transaction 134
[2026-05-22T09:20:31.429Z INFO  benchmark_client] Sending sample transaction 135
[2026-05-22T09:20:31.479Z INFO  benchmark_client] Sending sample transaction 136
[2026-05-22T09:20:31.532Z INFO  benchmark_client] Sending sample transaction 137
[2026-05-22T09:20:31.578Z INFO  benchmark_client] Sending sample transaction 138
[2026-05-22T09:20:31.628Z INFO  benchmark_client] Sending sample transaction 139
[2026-05-22T09:20:31.679Z INFO  benchmark_client] Sending sample transaction 140
[2026-05-22T09:20:31.730Z INFO  benchmark_client] Sending sample transaction 141
[2026-05-22T09:20:31.781Z INFO  benchmark_client] Sending sample transaction 142
[2026-05-22T09:20:31.829Z INFO  benchmark_client] Sending sample transaction 143
[2026-05-22T09:20:31.884Z INFO  benchmark_client] Sending sample transaction 144
[2026-05-22T09:20:31.929Z INFO  benchmark_client] Sending sample transaction 145
[2026-05-22T09:20:31.980Z INFO  benchmark_client] Sending sample transaction 146
[2026-05-22T09:20:32.029Z INFO  benchmark_client] Sending sample transaction 147
[2026-05-22T09:20:32.079Z INFO  benchmark_client] Sending sample transaction 148
[2026-05-22T09:20:32.128Z INFO  benchmark_client] Sending sample transaction 149
[2026-05-22T09:20:32.179Z INFO  benchmark_client] Sending sample transaction 150
[2026-05-22T09:20:32.628Z INFO  benchmark_client] Sending sample transaction 151
[2026-05-22T09:20:32.631Z WARN  benchmark_client] Transaction rate too high for this client
[2026-05-22T09:20:32.634Z INFO  benchmark_client] Sending sample transaction 152
[2026-05-22T09:20:32.644Z INFO  benchmark_client] Sending sample transaction 153
[2026-05-22T09:20:32.920Z WARN  benchmark_client] Transaction rate too high for this client
[2026-05-22T09:20:32.921Z INFO  benchmark_client] Sending sample transaction 154
[2026-05-22T09:20:32.925Z INFO  benchmark_client] Sending sample transaction 155
[2026-05-22T09:20:32.994Z WARN  benchmark_client] Transaction rate too high for this client
[2026-05-22T09:20:32.995Z INFO  benchmark_client] Sending sample transaction 156
[2026-05-22T09:20:32.997Z INFO  benchmark_client] Sending sample transaction 157
[2026-05-22T09:20:33.001Z INFO  benchmark_client] Sending sample transaction 158
[2026-05-22T09:20:33.109Z WARN  benchmark_client] Transaction rate too high for this client
[2026-05-22T09:20:33.110Z INFO  benchmark_client] Sending sample transaction 159
[2026-05-22T09:20:33.115Z INFO  benchmark_client] Sending sample transaction 160
[2026-05-22T09:20:33.183Z WARN  benchmark_client] Transaction rate too high for this client
[2026-05-22T09:20:33.184Z INFO  benchmark_client] Sending sample transaction 161
[2026-05-22T09:20:33.186Z INFO  benchmark_client] Sending sample transaction 162
[2026-05-22T09:20:33.194Z INFO  benchmark_client] Sending sample transaction 163
[2026-05-22T09:20:33.199Z INFO  benchmark_client] Sending sample transaction 164
[2026-05-22T09:20:33.251Z WARN  benchmark_client] Transaction rate too high for this client
[2026-05-22T09:20:33.252Z INFO  benchmark_client] Sending sample transaction 165
[2026-05-22T09:20:33.256Z INFO  benchmark_client] Sending sample transaction 166
[2026-05-22T09:20:33.301Z INFO  benchmark_client] Sending sample transaction 167
[2026-05-22T09:20:33.307Z INFO  benchmark_client] Sending sample transaction 168
[2026-05-22T09:20:33.311Z INFO  benchmark_client] Sending sample transaction 169
[2026-05-22T09:20:33.329Z INFO  benchmark_client] Sending sample transaction 170
[2026-05-22T09:20:33.335Z INFO  benchmark_client] Sending sample transaction 171
[2026-05-22T09:20:33.342Z INFO  benchmark_client] Sending sample transaction 172
[2026-05-22T09:20:33.349Z INFO  benchmark_client] Sending sample transaction 173
[2026-05-22T09:20:33.382Z INFO  benchmark_client] Sending sample transaction 174
[2026-05-22T09:20:33.428Z INFO  benchmark_client] Sending sample transaction 175
[2026-05-22T09:20:33.479Z INFO  benchmark_client] Sending sample transaction 176
[2026-05-22T09:20:33.528Z INFO  benchmark_client] Sending sample transaction 177
[2026-05-22T09:20:33.579Z INFO  benchmark_client] Sending sample transaction 178
[2026-05-22T09:20:33.629Z INFO  benchmark_client] Sending sample transaction 179
[2026-05-22T09:20:33.679Z INFO  benchmark_client] Sending sample transaction 180
[2026-05-22T09:20:33.730Z INFO  benchmark_client] Sending sample transaction 181
[2026-05-22T09:20:33.779Z INFO  benchmark_client] Sending sample transaction 182
[2026-05-22T09:20:33.829Z INFO  benchmark_client] Sending sample transaction 183
[2026-05-22T09:20:33.879Z INFO  benchmark_client] Sending sample transaction 184
[2026-05-22T09:20:33.929Z INFO  benchmark_client] Sending sample transaction 185
[2026-05-22T09:20:33.978Z INFO  benchmark_client] Sending sample transaction 186
[2026-05-22T09:20:34.029Z INFO  benchmark_client] Sending sample transaction 187
[2026-05-22T09:20:34.078Z INFO  benchmark_client] Sending sample transaction 188
[2026-05-22T09:20:34.129Z INFO  benchmark_client] Sending sample transaction 189
[2026-05-22T09:20:34.179Z INFO  benchmark_client] Sending sample transaction 190
[2026-05-22T09:20:34.228Z INFO  benchmark_client] Sending sample transaction 191
[2026-05-22T09:20:34.279Z INFO  benchmark_client] Sending sample transaction 192
[2026-05-22T09:20:34.329Z INFO  benchmark_client] Sending sample transaction 193
[2026-05-22T09:20:34.379Z INFO  benchmark_client] Sending sample transaction 194
[2026-05-22T09:20:34.429Z INFO  benchmark_client] Sending sample transaction 195
[2026-05-22T09:20:34.479Z INFO  benchmark_client] Sending sample transaction 196
[2026-05-22T09:20:34.529Z INFO  benchmark_client] Sending sample transaction 197
[2026-05-22T09:20:34.578Z INFO  benchmark_client] Sending sample transaction 198
[2026-05-22T09:20:34.629Z INFO  benchmark_client] Sending sample transaction 199
[2026-05-22T09:20:34.680Z INFO  benchmark_client] Sending sample transaction 200
[2026-05-22T09:20:34.729Z INFO  benchmark_client] Sending sample transaction 201
[2026-05-22T09:20:35.120Z WARN  benchmark_client] Transaction rate too high for this client
[2026-05-22T09:20:35.121Z INFO  benchmark_client] Sending sample transaction 202
[2026-05-22T09:20:35.128Z INFO  benchmark_client] Sending sample transaction 203
[2026-05-22T09:20:35.346Z INFO  benchmark_client] Sending sample transaction 204
[2026-05-22T09:20:35.353Z WARN  benchmark_client] Transaction rate too high for this client
[2026-05-22T09:20:35.354Z INFO  benchmark_client] Sending sample transaction 205
[2026-05-22T09:20:35.361Z INFO  benchmark_client] Sending sample transaction 206
[2026-05-22T09:20:35.624Z WARN  benchmark_client] Transaction rate too high for this client
[2026-05-22T09:20:35.625Z INFO  benchmark_client] Sending sample transaction 207
[2026-05-22T09:20:35.629Z INFO  benchmark_client] Sending sample transaction 208
[2026-05-22T09:20:35.636Z INFO  benchmark_client] Sending sample transaction 209
[2026-05-22T09:20:35.708Z WARN  benchmark_client] Transaction rate too high for this client
[2026-05-22T09:20:35.709Z INFO  benchmark_client] Sending sample transaction 210
[2026-05-22T09:20:35.716Z INFO  benchmark_client] Sending sample transaction 211
[2026-05-22T09:20:36.102Z WARN  benchmark_client] Transaction rate too high for this client
[2026-05-22T09:20:36.102Z INFO  benchmark_client] Sending sample transaction 212
[2026-05-22T09:20:36.106Z INFO  benchmark_client] Sending sample transaction 213
[2026-05-22T09:20:36.180Z WARN  benchmark_client] Transaction rate too high for this client
[2026-05-22T09:20:36.180Z INFO  benchmark_client] Sending sample transaction 214
[2026-05-22T09:20:36.187Z INFO  benchmark_client] Sending sample transaction 215
[2026-05-22T09:20:36.194Z INFO  benchmark_client] Sending sample transaction 216
[2026-05-22T09:20:36.202Z INFO  benchmark_client] Sending sample transaction 217
[2026-05-22T09:20:36.333Z WARN  benchmark_client] Transaction rate too high for this client
[2026-05-22T09:20:36.335Z INFO  benchmark_client] Sending sample transaction 218
[2026-05-22T09:20:36.340Z INFO  benchmark_client] Sending sample transaction 219
[2026-05-22T09:20:36.343Z INFO  benchmark_client] Sending sample transaction 220
[2026-05-22T09:20:36.423Z WARN  benchmark_client] Transaction rate too high for this client
[2026-05-22T09:20:36.427Z INFO  benchmark_client] Sending sample transaction 221
[2026-05-22T09:20:36.434Z INFO  benchmark_client] Sending sample transaction 222
[2026-05-22T09:20:36.534Z WARN  benchmark_client] Transaction rate too high for this client
[2026-05-22T09:20:36.536Z INFO  benchmark_client] Sending sample transaction 223
[2026-05-22T09:20:36.541Z INFO  benchmark_client] Sending sample transaction 224
[2026-05-22T09:20:36.636Z WARN  benchmark_client] Transaction rate too high for this client
[2026-05-22T09:20:36.637Z INFO  benchmark_client] Sending sample transaction 225
[2026-05-22T09:20:36.642Z INFO  benchmark_client] Sending sample transaction 226
[2026-05-22T09:20:36.647Z INFO  benchmark_client] Sending sample transaction 227
[2026-05-22T09:20:36.800Z WARN  benchmark_client] Transaction rate too high for this client
[2026-05-22T09:20:36.802Z INFO  benchmark_client] Sending sample transaction 228
[2026-05-22T09:20:36.806Z INFO  benchmark_client] Sending sample transaction 229
[2026-05-22T09:20:36.961Z WARN  benchmark_client] Transaction rate too high for this client
[2026-05-22T09:20:36.961Z INFO  benchmark_client] Sending sample transaction 230
[2026-05-22T09:20:36.970Z INFO  benchmark_client] Sending sample transaction 231
[2026-05-22T09:20:37.240Z WARN  benchmark_client] Transaction rate too high for this client
[2026-05-22T09:20:37.241Z INFO  benchmark_client] Sending sample transaction 232
[2026-05-22T09:20:37.245Z INFO  benchmark_client] Sending sample transaction 233
[2026-05-22T09:20:37.570Z INFO  benchmark_client] Sending sample transaction 234
[2026-05-22T09:20:37.576Z WARN  benchmark_client] Transaction rate too high for this client
[2026-05-22T09:20:37.577Z INFO  benchmark_client] Sending sample transaction 235
[2026-05-22T09:20:37.588Z INFO  benchmark_client] Sending sample transaction 236
[2026-05-22T09:20:37.597Z INFO  benchmark_client] Sending sample transaction 237
[2026-05-22T09:20:37.639Z INFO  benchmark_client] Sending sample transaction 238
[2026-05-22T09:20:37.647Z INFO  benchmark_client] Sending sample transaction 239
[2026-05-22T09:20:37.653Z INFO  benchmark_client] Sending sample transaction 240
[2026-05-22T09:20:37.658Z INFO  benchmark_client] Sending sample transaction 241
[2026-05-22T09:20:37.724Z WARN  benchmark_client] Transaction rate too high for this client
[2026-05-22T09:20:37.726Z INFO  benchmark_client] Sending sample transaction 242
[2026-05-22T09:20:37.732Z INFO  benchmark_client] Sending sample transaction 243
[2026-05-22T09:20:37.737Z INFO  benchmark_client] Sending sample transaction 244
[2026-05-22T09:20:37.854Z WARN  benchmark_client] Transaction rate too high for this client
[2026-05-22T09:20:37.854Z INFO  benchmark_client] Sending sample transaction 245
[2026-05-22T09:20:37.858Z INFO  benchmark_client] Sending sample transaction 246
[2026-05-22T09:20:38.344Z WARN  benchmark_client] Transaction rate too high for this client
[2026-05-22T09:20:38.344Z INFO  benchmark_client] Sending sample transaction 247
[2026-05-22T09:20:38.348Z INFO  benchmark_client] Sending sample transaction 248
[2026-05-22T09:20:38.399Z WARN  benchmark_client] Transaction rate too high for this client
[2026-05-22T09:20:38.399Z INFO  benchmark_client] Sending sample transaction 249
[2026-05-22T09:20:38.404Z INFO  benchmark_client] Sending sample transaction 250
[2026-05-22T09:20:38.408Z INFO  benchmark_client] Sending sample transaction 251
[2026-05-22T09:20:38.476Z WARN  benchmark_client] Transaction rate too high for this client
[2026-05-22T09:20:38.479Z INFO  benchmark_client] Sending sample transaction 252
[2026-05-22T09:20:38.482Z INFO  benchmark_client] Sending sample transaction 253
[2026-05-22T09:20:38.624Z WARN  benchmark_client] Transaction rate too high for this client
[2026-05-22T09:20:38.628Z INFO  benchmark_client] Sending sample transaction 254
[2026-05-22T09:20:38.630Z INFO  benchmark_client] Sending sample transaction 255
[2026-05-22T09:20:38.776Z WARN  benchmark_client] Transaction rate too high for this client
[2026-05-22T09:20:38.776Z INFO  benchmark_client] Sending sample transaction 256
[2026-05-22T09:20:38.783Z INFO  benchmark_client] Sending sample transaction 257
[2026-05-22T09:20:38.787Z INFO  benchmark_client] Sending sample transaction 258
[2026-05-22T09:20:38.816Z INFO  benchmark_client] Sending sample transaction 259
[2026-05-22T09:20:38.818Z INFO  benchmark_client] Sending sample transaction 260
[2026-05-22T09:20:38.850Z INFO  benchmark_client] Sending sample transaction 261
[2026-05-22T09:20:38.854Z INFO  benchmark_client] Sending sample transaction 262
[2026-05-22T09:20:38.856Z INFO  benchmark_client] Sending sample transaction 263
[2026-05-22T09:20:38.862Z INFO  benchmark_client] Sending sample transaction 264
[2026-05-22T09:20:38.866Z INFO  benchmark_client] Sending sample transaction 265
[2026-05-22T09:20:38.910Z INFO  benchmark_client] Sending sample transaction 266
[2026-05-22T09:20:38.918Z INFO  benchmark_client] Sending sample transaction 267
[2026-05-22T09:20:38.986Z WARN  benchmark_client] Transaction rate too high for this client
[2026-05-22T09:20:38.989Z INFO  benchmark_client] Sending sample transaction 268
[2026-05-22T09:20:38.992Z INFO  benchmark_client] Sending sample transaction 269
[2026-05-22T09:20:38.999Z INFO  benchmark_client] Sending sample transaction 270
[2026-05-22T09:20:39.378Z WARN  benchmark_client] Transaction rate too high for this client
[2026-05-22T09:20:39.379Z INFO  benchmark_client] Sending sample transaction 271
[2026-05-22T09:20:39.383Z INFO  benchmark_client] Sending sample transaction 272
[2026-05-22T09:20:39.472Z INFO  benchmark_client] Sending sample transaction 273
[2026-05-22T09:20:39.476Z WARN  benchmark_client] Transaction rate too high for this client
[2026-05-22T09:20:39.477Z INFO  benchmark_client] Sending sample transaction 274
[2026-05-22T09:20:39.590Z INFO  benchmark_client] Sending sample transaction 275
[2026-05-22T09:20:39.592Z WARN  benchmark_client] Transaction rate too high for this client
[2026-05-22T09:20:39.595Z INFO  benchmark_client] Sending sample transaction 276
[2026-05-22T09:20:39.598Z INFO  benchmark_client] Sending sample transaction 277
[2026-05-22T09:20:39.649Z WARN  benchmark_client] Transaction rate too high for this client
[2026-05-22T09:20:39.654Z INFO  benchmark_client] Sending sample transaction 278
[2026-05-22T09:20:39.661Z INFO  benchmark_client] Sending sample transaction 279
[2026-05-22T09:20:40.165Z WARN  benchmark_client] Transaction rate too high for this client
[2026-05-22T09:20:40.166Z INFO  benchmark_client] Sending sample transaction 280
[2026-05-22T09:20:40.170Z INFO  benchmark_client] Sending sample transaction 281
[2026-05-22T09:20:40.176Z INFO  benchmark_client] Sending sample transaction 282
[2026-05-22T09:20:40.226Z INFO  benchmark_client] Sending sample transaction 283
[2026-05-22T09:20:40.232Z INFO  benchmark_client] Sending sample transaction 284
[2026-05-22T09:20:40.386Z INFO  benchmark_client] Sending sample transaction 285
[2026-05-22T09:20:40.390Z WARN  benchmark_client] Transaction rate too high for this client
[2026-05-22T09:20:40.393Z INFO  benchmark_client] Sending sample transaction 286
[2026-05-22T09:20:40.402Z INFO  benchmark_client] Sending sample transaction 287
[2026-05-22T09:20:40.688Z WARN  benchmark_client] Transaction rate too high for this client
[2026-05-22T09:20:40.689Z INFO  benchmark_client] Sending sample transaction 288
[2026-05-22T09:20:40.693Z INFO  benchmark_client] Sending sample transaction 289
[2026-05-22T09:20:40.992Z WARN  benchmark_client] Transaction rate too high for this client
[2026-05-22T09:20:40.993Z INFO  benchmark_client] Sending sample transaction 290
[2026-05-22T09:20:41.005Z INFO  benchmark_client] Sending sample transaction 291
[2026-05-22T09:20:41.012Z INFO  benchmark_client] Sending sample transaction 292
[2026-05-22T09:20:41.019Z INFO  benchmark_client] Sending sample transaction 293
[2026-05-22T09:20:41.106Z WARN  benchmark_client] Transaction rate too high for this client
[2026-05-22T09:20:41.106Z INFO  benchmark_client] Sending sample transaction 294
[2026-05-22T09:20:41.112Z INFO  benchmark_client] Sending sample transaction 295
[2026-05-22T09:20:41.244Z INFO  benchmark_client] Sending sample transaction 296
[2026-05-22T09:20:41.248Z WARN  benchmark_client] Transaction rate too high for this client
[2026-05-22T09:20:41.249Z INFO  benchmark_client] Sending sample transaction 297
[2026-05-22T09:20:41.354Z INFO  benchmark_client] Sending sample transaction 298
[2026-05-22T09:20:41.360Z WARN  benchmark_client] Transaction rate too high for this client
[2026-05-22T09:20:41.360Z INFO  benchmark_client] Sending sample transaction 299
[2026-05-22T09:20:41.367Z INFO  benchmark_client] Sending sample transaction 300
[2026-05-22T09:20:41.708Z WARN  benchmark_client] Transaction rate too high for this client
[2026-05-22T09:20:41.708Z INFO  benchmark_client] Sending sample transaction 301
[2026-05-22T09:20:41.714Z INFO  benchmark_client] Sending sample transaction 302
[2026-05-22T09:20:41.717Z INFO  benchmark_client] Sending sample transaction 303
[2026-05-22T09:20:41.775Z WARN  benchmark_client] Transaction rate too high for this client
[2026-05-22T09:20:41.778Z INFO  benchmark_client] Sending sample transaction 304
[2026-05-22T09:20:41.781Z INFO  benchmark_client] Sending sample transaction 305
[2026-05-22T09:20:41.789Z INFO  benchmark_client] Sending sample transaction 306
[2026-05-22T09:20:41.870Z WARN  benchmark_client] Transaction rate too high for this client
[2026-05-22T09:20:41.871Z INFO  benchmark_client] Sending sample transaction 307
[2026-05-22T09:20:41.885Z INFO  benchmark_client] Sending sample transaction 308
[2026-05-22T09:20:41.893Z INFO  benchmark_client] Sending sample transaction 309
[2026-05-22T09:20:42.003Z WARN  benchmark_client] Transaction rate too high for this client
[2026-05-22T09:20:42.006Z INFO  benchmark_client] Sending sample transaction 310
[2026-05-22T09:20:42.013Z INFO  benchmark_client] Sending sample transaction 311
[2026-05-22T09:20:42.215Z WARN  benchmark_client] Transaction rate too high for this client
[2026-05-22T09:20:42.217Z INFO  benchmark_client] Sending sample transaction 312
[2026-05-22T09:20:42.226Z INFO  benchmark_client] Sending sample transaction 313
[2026-05-22T09:20:42.628Z WARN  benchmark_client] Transaction rate too high for this client
[2026-05-22T09:20:42.629Z INFO  benchmark_client] Sending sample transaction 314
[2026-05-22T09:20:42.633Z INFO  benchmark_client] Sending sample transaction 315
[2026-05-22T09:20:42.639Z INFO  benchmark_client] Sending sample transaction 316
[2026-05-22T09:20:42.712Z WARN  benchmark_client] Transaction rate too high for this client
[2026-05-22T09:20:42.714Z INFO  benchmark_client] Sending sample transaction 317
[2026-05-22T09:20:42.719Z INFO  benchmark_client] Sending sample transaction 318
[2026-05-22T09:20:42.806Z WARN  benchmark_client] Transaction rate too high for this client
[2026-05-22T09:20:42.807Z INFO  benchmark_client] Sending sample transaction 319
[2026-05-22T09:20:42.813Z INFO  benchmark_client] Sending sample transaction 320
[2026-05-22T09:20:42.870Z INFO  benchmark_client] Sending sample transaction 321
[2026-05-22T09:20:42.872Z WARN  benchmark_client] Transaction rate too high for this client
[2026-05-22T09:20:42.873Z INFO  benchmark_client] Sending sample transaction 322
[2026-05-22T09:20:43.321Z INFO  benchmark_client] Sending sample transaction 323
[2026-05-22T09:20:43.325Z WARN  benchmark_client] Transaction rate too high for this client
[2026-05-22T09:20:43.326Z INFO  benchmark_client] Sending sample transaction 324
[2026-05-22T09:20:43.331Z INFO  benchmark_client] Sending sample transaction 325
[2026-05-22T09:20:43.483Z WARN  benchmark_client] Transaction rate too high for this client
[2026-05-22T09:20:43.484Z INFO  benchmark_client] Sending sample transaction 326
[2026-05-22T09:20:43.490Z INFO  benchmark_client] Sending sample transaction 327
[2026-05-22T09:20:43.497Z INFO  benchmark_client] Sending sample transaction 328
[2026-05-22T09:20:43.556Z WARN  benchmark_client] Transaction rate too high for this client
[2026-05-22T09:20:43.557Z INFO  benchmark_client] Sending sample transaction 329
[2026-05-22T09:20:43.562Z INFO  benchmark_client] Sending sample transaction 330
[2026-05-22T09:20:43.568Z INFO  benchmark_client] Sending sample transaction 331
[2026-05-22T09:20:43.815Z WARN  benchmark_client] Transaction rate too high for this client
[2026-05-22T09:20:43.818Z INFO  benchmark_client] Sending sample transaction 332
[2026-05-22T09:20:43.822Z INFO  benchmark_client] Sending sample transaction 333
[2026-05-22T09:20:43.827Z INFO  benchmark_client] Sending sample transaction 334
[2026-05-22T09:20:44.117Z WARN  benchmark_client] Transaction rate too high for this client
[2026-05-22T09:20:44.120Z INFO  benchmark_client] Sending sample transaction 335
[2026-05-22T09:20:44.125Z INFO  benchmark_client] Sending sample transaction 336
[2026-05-22T09:20:44.130Z INFO  benchmark_client] Sending sample transaction 337
[2026-05-22T09:20:44.284Z WARN  benchmark_client] Transaction rate too high for this client
[2026-05-22T09:20:44.284Z INFO  benchmark_client] Sending sample transaction 338
[2026-05-22T09:20:44.289Z INFO  benchmark_client] Sending sample transaction 339
[2026-05-22T09:20:44.842Z WARN  benchmark_client] Transaction rate too high for this client
[2026-05-22T09:20:44.843Z INFO  benchmark_client] Sending sample transaction 340
[2026-05-22T09:20:44.848Z INFO  benchmark_client] Sending sample transaction 341
[2026-05-22T09:20:45.000Z WARN  benchmark_client] Transaction rate too high for this client
[2026-05-22T09:20:45.004Z INFO  benchmark_client] Sending sample transaction 342
[2026-05-22T09:20:45.010Z INFO  benchmark_client] Sending sample transaction 343
[2026-05-22T09:20:45.091Z INFO  benchmark_client] Sending sample transaction 344
[2026-05-22T09:20:45.098Z WARN  benchmark_client] Transaction rate too high for this client
[2026-05-22T09:20:45.101Z INFO  benchmark_client] Sending sample transaction 345
[2026-05-22T09:20:45.106Z INFO  benchmark_client] Sending sample transaction 346
[2026-05-22T09:20:45.168Z WARN  benchmark_client] Transaction rate too high for this client
[2026-05-22T09:20:45.168Z INFO  benchmark_client] Sending sample transaction 347
[2026-05-22T09:20:45.177Z INFO  benchmark_client] Sending sample transaction 348
[2026-05-22T09:20:45.183Z INFO  benchmark_client] Sending sample transaction 349
[2026-05-22T09:20:45.235Z WARN  benchmark_client] Transaction rate too high for this client
[2026-05-22T09:20:45.235Z INFO  benchmark_client] Sending sample transaction 350
[2026-05-22T09:20:45.241Z INFO  benchmark_client] Sending sample transaction 351
[2026-05-22T09:20:45.245Z INFO  benchmark_client] Sending sample transaction 352
[2026-05-22T09:20:45.414Z WARN  benchmark_client] Transaction rate too high for this client
[2026-05-22T09:20:45.416Z INFO  benchmark_client] Sending sample transaction 353
[2026-05-22T09:20:45.421Z INFO  benchmark_client] Sending sample transaction 354
[2026-05-22T09:20:45.587Z WARN  benchmark_client] Transaction rate too high for this client
[2026-05-22T09:20:45.594Z INFO  benchmark_client] Sending sample transaction 355
[2026-05-22T09:20:45.603Z INFO  benchmark_client] Sending sample transaction 356
[2026-05-22T09:20:45.609Z INFO  benchmark_client] Sending sample transaction 357
[2026-05-22T09:20:45.620Z INFO  benchmark_client] Sending sample transaction 358
[2026-05-22T09:20:45.870Z WARN  benchmark_client] Transaction rate too high for this client
[2026-05-22T09:20:45.871Z INFO  benchmark_client] Sending sample transaction 359
[2026-05-22T09:20:45.881Z INFO  benchmark_client] Sending sample transaction 360
[2026-05-22T09:20:45.888Z INFO  benchmark_client] Sending sample transaction 361
[2026-05-22T09:20:45.942Z INFO  benchmark_client] Sending sample transaction 362
[2026-05-22T09:20:45.948Z WARN  benchmark_client] Transaction rate too high for this client
[2026-05-22T09:20:45.949Z INFO  benchmark_client] Sending sample transaction 363
[2026-05-22T09:20:45.954Z INFO  benchmark_client] Sending sample transaction 364
[2026-05-22T09:20:46.005Z INFO  benchmark_client] Sending sample transaction 365
[2026-05-22T09:20:46.010Z INFO  benchmark_client] Sending sample transaction 366
[2026-05-22T09:20:46.133Z WARN  benchmark_client] Transaction rate too high for this client
[2026-05-22T09:20:46.134Z INFO  benchmark_client] Sending sample transaction 367
[2026-05-22T09:20:46.140Z INFO  benchmark_client] Sending sample transaction 368
[2026-05-22T09:20:46.232Z WARN  benchmark_client] Transaction rate too high for this client
[2026-05-22T09:20:46.232Z INFO  benchmark_client] Sending sample transaction 369
[2026-05-22T09:20:46.242Z INFO  benchmark_client] Sending sample transaction 370
[2026-05-22T09:20:46.253Z INFO  benchmark_client] Sending sample transaction 371
[2026-05-22T09:20:46.467Z WARN  benchmark_client] Transaction rate too high for this client
[2026-05-22T09:20:46.467Z INFO  benchmark_client] Sending sample transaction 372
[2026-05-22T09:20:46.473Z INFO  benchmark_client] Sending sample transaction 373
[2026-05-22T09:20:47.052Z WARN  benchmark_client] Transaction rate too high for this client
[2026-05-22T09:20:47.053Z INFO  benchmark_client] Sending sample transaction 374
[2026-05-22T09:20:47.055Z INFO  benchmark_client] Sending sample transaction 375
[2026-05-22T09:20:47.058Z INFO  benchmark_client] Sending sample transaction 376
[2026-05-22T09:20:47.153Z WARN  benchmark_client] Transaction rate too high for this client
[2026-05-22T09:20:47.153Z INFO  benchmark_client] Sending sample transaction 377
[2026-05-22T09:20:47.160Z INFO  benchmark_client] Sending sample transaction 378
[2026-05-22T09:20:47.198Z INFO  benchmark_client] Sending sample transaction 379
[2026-05-22T09:20:47.201Z INFO  benchmark_client] Sending sample transaction 380
[2026-05-22T09:20:47.210Z INFO  benchmark_client] Sending sample transaction 381
[2026-05-22T09:20:47.486Z INFO  benchmark_client] Sending sample transaction 382
[2026-05-22T09:20:47.492Z WARN  benchmark_client] Transaction rate too high for this client
[2026-05-22T09:20:47.492Z INFO  benchmark_client] Sending sample transaction 383
[2026-05-22T09:20:47.499Z INFO  benchmark_client] Sending sample transaction 384
[2026-05-22T09:20:47.719Z WARN  benchmark_client] Transaction rate too high for this client
[2026-05-22T09:20:47.722Z INFO  benchmark_client] Sending sample transaction 385
[2026-05-22T09:20:47.731Z INFO  benchmark_client] Sending sample transaction 386
[2026-05-22T09:20:47.739Z INFO  benchmark_client] Sending sample transaction 387
[2026-05-22T09:20:47.878Z INFO  benchmark_client] Sending sample transaction 388
[2026-05-22T09:20:47.880Z WARN  benchmark_client] Transaction rate too high for this client
[2026-05-22T09:20:47.881Z INFO  benchmark_client] Sending sample transaction 389
[2026-05-22T09:20:47.886Z INFO  benchmark_client] Sending sample transaction 390
[2026-05-22T09:20:47.982Z WARN  benchmark_client] Transaction rate too high for this client
[2026-05-22T09:20:47.983Z INFO  benchmark_client] Sending sample transaction 391
[2026-05-22T09:20:47.992Z INFO  benchmark_client] Sending sample transaction 392
[2026-05-22T09:20:48.157Z INFO  benchmark_client] Sending sample transaction 393
[2026-05-22T09:20:48.158Z WARN  benchmark_client] Transaction rate too high for this client
[2026-05-22T09:20:48.161Z INFO  benchmark_client] Sending sample transaction 394
[2026-05-22T09:20:48.469Z INFO  benchmark_client] Sending sample transaction 395
[2026-05-22T09:20:48.471Z WARN  benchmark_client] Transaction rate too high for this client
[2026-05-22T09:20:48.472Z INFO  benchmark_client] Sending sample transaction 396
[2026-05-22T09:20:48.477Z INFO  benchmark_client] Sending sample transaction 397
[2026-05-22T09:20:48.570Z WARN  benchmark_client] Transaction rate too high for this client
[2026-05-22T09:20:48.570Z INFO  benchmark_client] Sending sample transaction 398
[2026-05-22T09:20:48.576Z INFO  benchmark_client] Sending sample transaction 399
[2026-05-22T09:20:48.616Z INFO  benchmark_client] Sending sample transaction 400
[2026-05-22T09:20:48.620Z INFO  benchmark_client] Sending sample transaction 401
[2026-05-22T09:20:48.624Z INFO  benchmark_client] Sending sample transaction 402
[2026-05-22T09:20:48.803Z WARN  benchmark_client] Transaction rate too high for this client
[2026-05-22T09:20:48.804Z INFO  benchmark_client] Sending sample transaction 403
[2026-05-22T09:20:48.810Z INFO  benchmark_client] Sending sample transaction 404
[2026-05-22T09:20:49.516Z WARN  benchmark_client] Transaction rate too high for this client
[2026-05-22T09:20:49.517Z INFO  benchmark_client] Sending sample transaction 405
[2026-05-22T09:20:49.519Z INFO  benchmark_client] Sending sample transaction 406
[2026-05-22T09:20:49.597Z INFO  benchmark_client] Sending sample transaction 407
[2026-05-22T09:20:49.599Z WARN  benchmark_client] Transaction rate too high for this client
[2026-05-22T09:20:49.600Z INFO  benchmark_client] Sending sample transaction 408
[2026-05-22T09:20:49.628Z INFO  benchmark_client] Sending sample transaction 409
[2026-05-22T09:20:49.636Z INFO  benchmark_client] Sending sample transaction 410
[2026-05-22T09:20:49.644Z INFO  benchmark_client] Sending sample transaction 411
[2026-05-22T09:20:49.653Z INFO  benchmark_client] Sending sample transaction 412
[2026-05-22T09:20:49.662Z INFO  benchmark_client] Sending sample transaction 413
[2026-05-22T09:20:49.936Z INFO  benchmark_client] Sending sample transaction 414
[2026-05-22T09:20:49.938Z WARN  benchmark_client] Transaction rate too high for this client
[2026-05-22T09:20:49.940Z INFO  benchmark_client] Sending sample transaction 415
[2026-05-22T09:20:49.947Z INFO  benchmark_client] Sending sample transaction 416
[2026-05-22T09:20:50.139Z WARN  benchmark_client] Transaction rate too high for this client
[2026-05-22T09:20:50.141Z INFO  benchmark_client] Sending sample transaction 417
[2026-05-22T09:20:50.145Z INFO  benchmark_client] Sending sample transaction 418
[2026-05-22T09:20:50.207Z WARN  benchmark_client] Transaction rate too high for this client
[2026-05-22T09:20:50.209Z INFO  benchmark_client] Sending sample transaction 419
[2026-05-22T09:20:50.212Z INFO  benchmark_client] Sending sample transaction 420
[2026-05-22T09:20:50.219Z INFO  benchmark_client] Sending sample transaction 421
[2026-05-22T09:20:50.316Z WARN  benchmark_client] Transaction rate too high for this client
[2026-05-22T09:20:50.317Z INFO  benchmark_client] Sending sample transaction 422
[2026-05-22T09:20:50.319Z INFO  benchmark_client] Sending sample transaction 423
[2026-05-22T09:20:50.569Z INFO  benchmark_client] Sending sample transaction 424
[2026-05-22T09:20:50.572Z WARN  benchmark_client] Transaction rate too high for this client
[2026-05-22T09:20:50.576Z INFO  benchmark_client] Sending sample transaction 425
[2026-05-22T09:20:50.579Z INFO  benchmark_client] Sending sample transaction 426
[2026-05-22T09:20:50.784Z WARN  benchmark_client] Transaction rate too high for this client
[2026-05-22T09:20:50.784Z INFO  benchmark_client] Sending sample transaction 427
[2026-05-22T09:20:50.790Z INFO  benchmark_client] Sending sample transaction 428
[2026-05-22T09:20:50.796Z INFO  benchmark_client] Sending sample transaction 429
[2026-05-22T09:20:50.972Z WARN  benchmark_client] Transaction rate too high for this client
[2026-05-22T09:20:50.973Z INFO  benchmark_client] Sending sample transaction 430
[2026-05-22T09:20:50.984Z INFO  benchmark_client] Sending sample transaction 431
[2026-05-22T09:20:51.454Z WARN  benchmark_client] Transaction rate too high for this client
[2026-05-22T09:20:51.455Z INFO  benchmark_client] Sending sample transaction 432
[2026-05-22T09:20:51.462Z INFO  benchmark_client] Sending sample transaction 433
[2026-05-22T09:20:51.472Z INFO  benchmark_client] Sending sample transaction 434
[2026-05-22T09:20:51.480Z INFO  benchmark_client] Sending sample transaction 435
[2026-05-22T09:20:51.541Z WARN  benchmark_client] Transaction rate too high for this client
[2026-05-22T09:20:51.544Z INFO  benchmark_client] Sending sample transaction 436
[2026-05-22T09:20:51.549Z INFO  benchmark_client] Sending sample transaction 437
[2026-05-22T09:20:51.595Z INFO  benchmark_client] Sending sample transaction 438
[2026-05-22T09:20:51.599Z INFO  benchmark_client] Sending sample transaction 439
[2026-05-22T09:20:52.080Z INFO  benchmark_client] Sending sample transaction 440
[2026-05-22T09:20:52.082Z WARN  benchmark_client] Transaction rate too high for this client
[2026-05-22T09:20:52.082Z INFO  benchmark_client] Sending sample transaction 441
[2026-05-22T09:20:52.085Z INFO  benchmark_client] Sending sample transaction 442
[2026-05-22T09:20:52.156Z WARN  benchmark_client] Transaction rate too high for this client
[2026-05-22T09:20:52.156Z INFO  benchmark_client] Sending sample transaction 443
[2026-05-22T09:20:52.162Z INFO  benchmark_client] Sending sample transaction 444
[2026-05-22T09:20:52.282Z WARN  benchmark_client] Transaction rate too high for this client
[2026-05-22T09:20:52.283Z INFO  benchmark_client] Sending sample transaction 445
[2026-05-22T09:20:52.287Z INFO  benchmark_client] Sending sample transaction 446
[2026-05-22T09:20:52.293Z INFO  benchmark_client] Sending sample transaction 447
[2026-05-22T09:20:52.638Z WARN  benchmark_client] Transaction rate too high for this client
[2026-05-22T09:20:52.639Z INFO  benchmark_client] Sending sample transaction 448
[2026-05-22T09:20:52.641Z INFO  benchmark_client] Sending sample transaction 449
[2026-05-22T09:20:52.644Z INFO  benchmark_client] Sending sample transaction 450
[2026-05-22T09:20:52.793Z WARN  benchmark_client] Transaction rate too high for this client
[2026-05-22T09:20:52.798Z INFO  benchmark_client] Sending sample transaction 451
[2026-05-22T09:20:52.804Z INFO  benchmark_client] Sending sample transaction 452
[2026-05-22T09:20:52.815Z INFO  benchmark_client] Sending sample transaction 453
[2026-05-22T09:20:52.825Z INFO  benchmark_client] Sending sample transaction 454
[2026-05-22T09:20:53.027Z WARN  benchmark_client] Transaction rate too high for this client
[2026-05-22T09:20:53.032Z INFO  benchmark_client] Sending sample transaction 455
[2026-05-22T09:20:53.036Z INFO  benchmark_client] Sending sample transaction 456
[2026-05-22T09:20:53.040Z INFO  benchmark_client] Sending sample transaction 457
[2026-05-22T09:20:53.292Z WARN  benchmark_client] Transaction rate too high for this client
[2026-05-22T09:20:53.293Z INFO  benchmark_client] Sending sample transaction 458
[2026-05-22T09:20:53.300Z INFO  benchmark_client] Sending sample transaction 459
[2026-05-22T09:20:53.455Z WARN  benchmark_client] Transaction rate too high for this client
[2026-05-22T09:20:53.456Z INFO  benchmark_client] Sending sample transaction 460
[2026-05-22T09:20:53.460Z INFO  benchmark_client] Sending sample transaction 461
[2026-05-22T09:20:53.812Z INFO  benchmark_client] Sending sample transaction 462
[2026-05-22T09:20:53.817Z WARN  benchmark_client] Transaction rate too high for this client
[2026-05-22T09:20:53.819Z INFO  benchmark_client] Sending sample transaction 463
[2026-05-22T09:20:54.358Z INFO  benchmark_client] Sending sample transaction 464
[2026-05-22T09:20:54.360Z WARN  benchmark_client] Transaction rate too high for this client
[2026-05-22T09:20:54.365Z INFO  benchmark_client] Sending sample transaction 465
[2026-05-22T09:20:54.374Z INFO  benchmark_client] Sending sample transaction 466
[2026-05-22T09:20:54.564Z WARN  benchmark_client] Transaction rate too high for this client
[2026-05-22T09:20:54.569Z INFO  benchmark_client] Sending sample transaction 467
[2026-05-22T09:20:54.573Z INFO  benchmark_client] Sending sample transaction 468
[2026-05-22T09:20:54.643Z WARN  benchmark_client] Transaction rate too high for this client
[2026-05-22T09:20:54.646Z INFO  benchmark_client] Sending sample transaction 469
[2026-05-22T09:20:54.650Z INFO  benchmark_client] Sending sample transaction 470
[2026-05-22T09:20:54.883Z WARN  benchmark_client] Transaction rate too high for this client
[2026-05-22T09:20:54.884Z INFO  benchmark_client] Sending sample transaction 471
[2026-05-22T09:20:54.887Z INFO  benchmark_client] Sending sample transaction 472
[2026-05-22T09:20:54.889Z INFO  benchmark_client] Sending sample transaction 473
[2026-05-22T09:20:54.943Z WARN  benchmark_client] Transaction rate too high for this client
[2026-05-22T09:20:54.946Z INFO  benchmark_client] Sending sample transaction 474
[2026-05-22T09:20:54.951Z INFO  benchmark_client] Sending sample transaction 475
[2026-05-22T09:20:55.060Z WARN  benchmark_client] Transaction rate too high for this client
[2026-05-22T09:20:55.061Z INFO  benchmark_client] Sending sample transaction 476
[2026-05-22T09:20:55.071Z INFO  benchmark_client] Sending sample transaction 477
[2026-05-22T09:20:55.075Z INFO  benchmark_client] Sending sample transaction 478
[2026-05-22T09:20:55.252Z WARN  benchmark_client] Transaction rate too high for this client
[2026-05-22T09:20:55.253Z INFO  benchmark_client] Sending sample transaction 479
[2026-05-22T09:20:55.259Z INFO  benchmark_client] Sending sample transaction 480
[2026-05-22T09:20:55.365Z INFO  benchmark_client] Sending sample transaction 481
[2026-05-22T09:20:55.368Z WARN  benchmark_client] Transaction rate too high for this client
[2026-05-22T09:20:55.369Z INFO  benchmark_client] Sending sample transaction 482
[2026-05-22T09:20:55.375Z INFO  benchmark_client] Sending sample transaction 483
[2026-05-22T09:20:55.436Z INFO  benchmark_client] Sending sample transaction 484
[2026-05-22T09:20:55.440Z WARN  benchmark_client] Transaction rate too high for this client
[2026-05-22T09:20:55.441Z INFO  benchmark_client] Sending sample transaction 485
[2026-05-22T09:20:55.447Z INFO  benchmark_client] Sending sample transaction 486
[2026-05-22T09:20:55.512Z WARN  benchmark_client] Transaction rate too high for this client
[2026-05-22T09:20:55.512Z INFO  benchmark_client] Sending sample transaction 487
[2026-05-22T09:20:55.521Z INFO  benchmark_client] Sending sample transaction 488
[2026-05-22T09:20:55.579Z INFO  benchmark_client] Sending sample transaction 489
[2026-05-22T09:20:55.584Z WARN  benchmark_client] Transaction rate too high for this client
[2026-05-22T09:20:55.585Z INFO  benchmark_client] Sending sample transaction 490
[2026-05-22T09:20:55.862Z INFO  benchmark_client] Sending sample transaction 491
[2026-05-22T09:20:55.864Z WARN  benchmark_client] Transaction rate too high for this client
[2026-05-22T09:20:55.867Z INFO  benchmark_client] Sending sample transaction 492
[2026-05-22T09:20:56.011Z INFO  benchmark_client] Sending sample transaction 493
[2026-05-22T09:20:56.015Z WARN  benchmark_client] Transaction rate too high for this client
[2026-05-22T09:20:56.018Z INFO  benchmark_client] Sending sample transaction 494
[2026-05-22T09:20:56.026Z INFO  benchmark_client] Sending sample transaction 495
[2026-05-22T09:20:56.089Z WARN  benchmark_client] Transaction rate too high for this client
[2026-05-22T09:20:56.092Z INFO  benchmark_client] Sending sample transaction 496
[2026-05-22T09:20:56.105Z INFO  benchmark_client] Sending sample transaction 497
[2026-05-22T09:20:56.110Z INFO  benchmark_client] Sending sample transaction 498
[2026-05-22T09:20:56.233Z WARN  benchmark_client] Transaction rate too high for this client
[2026-05-22T09:20:56.234Z INFO  benchmark_client] Sending sample transaction 499
[2026-05-22T09:20:56.241Z INFO  benchmark_client] Sending sample transaction 500
[2026-05-22T09:20:56.248Z INFO  benchmark_client] Sending sample transaction 501
[2026-05-22T09:20:56.471Z WARN  benchmark_client] Transaction rate too high for this client
[2026-05-22T09:20:56.475Z INFO  benchmark_client] Sending sample transaction 502
[2026-05-22T09:20:56.479Z INFO  benchmark_client] Sending sample transaction 503
[2026-05-22T09:20:56.542Z WARN  benchmark_client] Transaction rate too high for this client
[2026-05-22T09:20:56.547Z INFO  benchmark_client] Sending sample transaction 504
[2026-05-22T09:20:56.551Z INFO  benchmark_client] Sending sample transaction 505
[2026-05-22T09:20:56.668Z WARN  benchmark_client] Transaction rate too high for this client
[2026-05-22T09:20:56.669Z INFO  benchmark_client] Sending sample transaction 506
[2026-05-22T09:20:56.679Z INFO  benchmark_client] Sending sample transaction 507
[2026-05-22T09:20:57.203Z INFO  benchmark_client] Sending sample transaction 508
[2026-05-22T09:20:57.207Z WARN  benchmark_client] Transaction rate too high for this client
[2026-05-22T09:20:57.208Z INFO  benchmark_client] Sending sample transaction 509
[2026-05-22T09:20:57.392Z INFO  benchmark_client] Sending sample transaction 510
[2026-05-22T09:20:57.394Z WARN  benchmark_client] Transaction rate too high for this client
[2026-05-22T09:20:57.395Z INFO  benchmark_client] Sending sample transaction 511
[2026-05-22T09:20:57.399Z INFO  benchmark_client] Sending sample transaction 512
[2026-05-22T09:20:57.497Z WARN  benchmark_client] Transaction rate too high for this client
[2026-05-22T09:20:57.499Z INFO  benchmark_client] Sending sample transaction 513
[2026-05-22T09:20:57.504Z INFO  benchmark_client] Sending sample transaction 514
[2026-05-22T09:20:57.607Z WARN  benchmark_client] Transaction rate too high for this client
[2026-05-22T09:20:57.608Z INFO  benchmark_client] Sending sample transaction 515
[2026-05-22T09:20:57.617Z INFO  benchmark_client] Sending sample transaction 516
[2026-05-22T09:20:57.631Z INFO  benchmark_client] Sending sample transaction 517
[2026-05-22T09:20:57.697Z WARN  benchmark_client] Transaction rate too high for this client
[2026-05-22T09:20:57.698Z INFO  benchmark_client] Sending sample transaction 518
[2026-05-22T09:20:57.707Z INFO  benchmark_client] Sending sample transaction 519
[2026-05-22T09:20:57.994Z WARN  benchmark_client] Transaction rate too high for this client
[2026-05-22T09:20:57.995Z INFO  benchmark_client] Sending sample transaction 520
[2026-05-22T09:20:58.000Z INFO  benchmark_client] Sending sample transaction 521
[2026-05-22T09:20:58.060Z INFO  benchmark_client] Sending sample transaction 522
[2026-05-22T09:20:58.061Z WARN  benchmark_client] Transaction rate too high for this client
[2026-05-22T09:20:58.062Z INFO  benchmark_client] Sending sample transaction 523
[2026-05-22T09:20:58.128Z INFO  benchmark_client] Sending sample transaction 524
[2026-05-22T09:20:58.130Z WARN  benchmark_client] Transaction rate too high for this client
[2026-05-22T09:20:58.136Z INFO  benchmark_client] Sending sample transaction 525
[2026-05-22T09:20:58.142Z INFO  benchmark_client] Sending sample transaction 526
[2026-05-22T09:20:58.302Z INFO  benchmark_client] Sending sample transaction 527
[2026-05-22T09:20:58.303Z WARN  benchmark_client] Transaction rate too high for this client
[2026-05-22T09:20:58.307Z INFO  benchmark_client] Sending sample transaction 528
[2026-05-22T09:20:58.309Z INFO  benchmark_client] Sending sample transaction 529
[2026-05-22T09:20:58.430Z WARN  benchmark_client] Transaction rate too high for this client
[2026-05-22T09:20:58.436Z INFO  benchmark_client] Sending sample transaction 530
[2026-05-22T09:20:58.440Z INFO  benchmark_client] Sending sample transaction 531
[2026-05-22T09:20:58.447Z INFO  benchmark_client] Sending sample transaction 532
[2026-05-22T09:20:58.506Z INFO  benchmark_client] Sending sample transaction 533
[2026-05-22T09:20:58.510Z WARN  benchmark_client] Transaction rate too high for this client
[2026-05-22T09:20:58.515Z INFO  benchmark_client] Sending sample transaction 534
[2026-05-22T09:20:58.708Z INFO  benchmark_client] Sending sample transaction 535
[2026-05-22T09:20:58.712Z WARN  benchmark_client] Transaction rate too high for this client
[2026-05-22T09:20:58.713Z INFO  benchmark_client] Sending sample transaction 536
[2026-05-22T09:20:58.717Z INFO  benchmark_client] Sending sample transaction 537
[2026-05-22T09:20:58.838Z WARN  benchmark_client] Transaction rate too high for this client
[2026-05-22T09:20:58.845Z INFO  benchmark_client] Sending sample transaction 538
[2026-05-22T09:20:58.851Z INFO  benchmark_client] Sending sample transaction 539
[2026-05-22T09:20:58.858Z INFO  benchmark_client] Sending sample transaction 540
[2026-05-22T09:20:58.892Z INFO  benchmark_client] Sending sample transaction 541
[2026-05-22T09:20:58.899Z INFO  benchmark_client] Sending sample transaction 542
[2026-05-22T09:20:59.132Z INFO  benchmark_client] Sending sample transaction 543
[2026-05-22T09:20:59.138Z WARN  benchmark_client] Transaction rate too high for this client
[2026-05-22T09:20:59.139Z INFO  benchmark_client] Sending sample transaction 544
[2026-05-22T09:20:59.259Z INFO  benchmark_client] Sending sample transaction 545
[2026-05-22T09:20:59.264Z WARN  benchmark_client] Transaction rate too high for this client
[2026-05-22T09:20:59.265Z INFO  benchmark_client] Sending sample transaction 546
[2026-05-22T09:20:59.275Z INFO  benchmark_client] Sending sample transaction 547
[2026-05-22T09:20:59.380Z INFO  benchmark_client] Sending sample transaction 548
[2026-05-22T09:20:59.381Z WARN  benchmark_client] Transaction rate too high for this client
[2026-05-22T09:20:59.385Z INFO  benchmark_client] Sending sample transaction 549
[2026-05-22T09:20:59.390Z INFO  benchmark_client] Sending sample transaction 550
[2026-05-22T09:20:59.570Z INFO  benchmark_client] Sending sample transaction 551
[2026-05-22T09:20:59.575Z WARN  benchmark_client] Transaction rate too high for this client
[2026-05-22T09:20:59.576Z INFO  benchmark_client] Sending sample transaction 552
[2026-05-22T09:20:59.581Z INFO  benchmark_client] Sending sample transaction 553
[2026-05-22T09:20:59.647Z WARN  benchmark_client] Transaction rate too high for this client
[2026-05-22T09:20:59.651Z INFO  benchmark_client] Sending sample transaction 554
[2026-05-22T09:20:59.659Z INFO  benchmark_client] Sending sample transaction 555
[2026-05-22T09:20:59.717Z WARN  benchmark_client] Transaction rate too high for this client
[2026-05-22T09:20:59.719Z INFO  benchmark_client] Sending sample transaction 556
[2026-05-22T09:20:59.723Z INFO  benchmark_client] Sending sample transaction 557
[2026-05-22T09:20:59.762Z INFO  benchmark_client] Sending sample transaction 558
[2026-05-22T09:20:59.766Z INFO  benchmark_client] Sending sample transaction 559
[2026-05-22T09:20:59.770Z INFO  benchmark_client] Sending sample transaction 560
[2026-05-22T09:20:59.829Z WARN  benchmark_client] Transaction rate too high for this client
[2026-05-22T09:20:59.832Z INFO  benchmark_client] Sending sample transaction 561
[2026-05-22T09:20:59.837Z INFO  benchmark_client] Sending sample transaction 562
[2026-05-22T09:20:59.986Z INFO  benchmark_client] Sending sample transaction 563
[2026-05-22T09:20:59.989Z WARN  benchmark_client] Transaction rate too high for this client
[2026-05-22T09:20:59.990Z INFO  benchmark_client] Sending sample transaction 564
[2026-05-22T09:21:00.039Z INFO  benchmark_client] Sending sample transaction 565
[2026-05-22T09:21:00.045Z INFO  benchmark_client] Sending sample transaction 566
[2026-05-22T09:21:00.052Z INFO  benchmark_client] Sending sample transaction 567
[2026-05-22T09:21:00.377Z WARN  benchmark_client] Transaction rate too high for this client
[2026-05-22T09:21:00.380Z INFO  benchmark_client] Sending sample transaction 568
[2026-05-22T09:21:00.384Z INFO  benchmark_client] Sending sample transaction 569
[2026-05-22T09:21:00.388Z INFO  benchmark_client] Sending sample transaction 570
[2026-05-22T09:21:00.519Z WARN  benchmark_client] Transaction rate too high for this client
[2026-05-22T09:21:00.522Z INFO  benchmark_client] Sending sample transaction 571
[2026-05-22T09:21:00.527Z INFO  benchmark_client] Sending sample transaction 572
[2026-05-22T09:21:00.891Z WARN  benchmark_client] Transaction rate too high for this client
[2026-05-22T09:21:00.895Z INFO  benchmark_client] Sending sample transaction 573
[2026-05-22T09:21:00.898Z INFO  benchmark_client] Sending sample transaction 574
[2026-05-22T09:21:00.953Z WARN  benchmark_client] Transaction rate too high for this client
[2026-05-22T09:21:00.954Z INFO  benchmark_client] Sending sample transaction 575
[2026-05-22T09:21:00.958Z INFO  benchmark_client] Sending sample transaction 576
[2026-05-22T09:21:01.045Z INFO  benchmark_client] Sending sample transaction 577
[2026-05-22T09:21:01.051Z WARN  benchmark_client] Transaction rate too high for this client
[2026-05-22T09:21:01.052Z INFO  benchmark_client] Sending sample transaction 578
[2026-05-22T09:21:01.063Z INFO  benchmark_client] Sending sample transaction 579
[2026-05-22T09:21:01.144Z WARN  benchmark_client] Transaction rate too high for this client
[2026-05-22T09:21:01.145Z INFO  benchmark_client] Sending sample transaction 580
[2026-05-22T09:21:01.152Z INFO  benchmark_client] Sending sample transaction 581
[2026-05-22T09:21:01.236Z INFO  benchmark_client] Sending sample transaction 582
[2026-05-22T09:21:01.239Z WARN  benchmark_client] Transaction rate too high for this client
[2026-05-22T09:21:01.240Z INFO  benchmark_client] Sending sample transaction 583
[2026-05-22T09:21:01.558Z INFO  benchmark_client] Sending sample transaction 584
[2026-05-22T09:21:01.561Z WARN  benchmark_client] Transaction rate too high for this client
[2026-05-22T09:21:01.563Z INFO  benchmark_client] Sending sample transaction 585
[2026-05-22T09:21:01.767Z INFO  benchmark_client] Sending sample transaction 586
[2026-05-22T09:21:01.769Z WARN  benchmark_client] Transaction rate too high for this client
[2026-05-22T09:21:01.774Z INFO  benchmark_client] Sending sample transaction 587
[2026-05-22T09:21:01.778Z INFO  benchmark_client] Sending sample transaction 588
[2026-05-22T09:21:02.199Z WARN  benchmark_client] Transaction rate too high for this client
[2026-05-22T09:21:02.200Z INFO  benchmark_client] Sending sample transaction 589
[2026-05-22T09:21:02.203Z INFO  benchmark_client] Sending sample transaction 590
[2026-05-22T09:21:02.275Z WARN  benchmark_client] Transaction rate too high for this client
[2026-05-22T09:21:02.276Z INFO  benchmark_client] Sending sample transaction 591
[2026-05-22T09:21:02.286Z INFO  benchmark_client] Sending sample transaction 592
[2026-05-22T09:21:02.336Z INFO  benchmark_client] Sending sample transaction 593
[2026-05-22T09:21:02.339Z INFO  benchmark_client] Sending sample transaction 594
[2026-05-22T09:21:02.344Z INFO  benchmark_client] Sending sample transaction 595
[2026-05-22T09:21:02.373Z INFO  benchmark_client] Sending sample transaction 596
[2026-05-22T09:21:02.377Z INFO  benchmark_client] Sending sample transaction 597
[2026-05-22T09:21:02.381Z INFO  benchmark_client] Sending sample transaction 598
[2026-05-22T09:21:02.400Z INFO  benchmark_client] Sending sample transaction 599
[2026-05-22T09:21:02.404Z INFO  benchmark_client] Sending sample transaction 600
[2026-05-22T09:21:02.453Z INFO  benchmark_client] Sending sample transaction 601
[2026-05-22T09:21:02.456Z INFO  benchmark_client] Sending sample transaction 602
[2026-05-22T09:21:02.478Z INFO  benchmark_client] Sending sample transaction 603
[2026-05-22T09:21:02.481Z INFO  benchmark_client] Sending sample transaction 604
[2026-05-22T09:21:02.483Z INFO  benchmark_client] Sending sample transaction 605
[2026-05-22T09:21:02.990Z WARN  benchmark_client] Transaction rate too high for this client
[2026-05-22T09:21:02.992Z INFO  benchmark_client] Sending sample transaction 606
[2026-05-22T09:21:02.996Z INFO  benchmark_client] Sending sample transaction 607
[2026-05-22T09:21:03.378Z WARN  benchmark_client] Transaction rate too high for this client
[2026-05-22T09:21:03.383Z INFO  benchmark_client] Sending sample transaction 608
[2026-05-22T09:21:03.387Z INFO  benchmark_client] Sending sample transaction 609
[2026-05-22T09:21:03.390Z INFO  benchmark_client] Sending sample transaction 610
[2026-05-22T09:21:03.780Z WARN  benchmark_client] Transaction rate too high for this client
[2026-05-22T09:21:03.781Z INFO  benchmark_client] Sending sample transaction 611
[2026-05-22T09:21:03.784Z INFO  benchmark_client] Sending sample transaction 612
[2026-05-22T09:21:04.084Z WARN  benchmark_client] Transaction rate too high for this client
[2026-05-22T09:21:04.086Z INFO  benchmark_client] Sending sample transaction 613
[2026-05-22T09:21:04.095Z INFO  benchmark_client] Sending sample transaction 614
[2026-05-22T09:21:04.102Z INFO  benchmark_client] Sending sample transaction 615
[2026-05-22T09:21:04.205Z WARN  benchmark_client] Transaction rate too high for this client
[2026-05-22T09:21:04.208Z INFO  benchmark_client] Sending sample transaction 616
[2026-05-22T09:21:04.212Z INFO  benchmark_client] Sending sample transaction 617
[2026-05-22T09:21:04.685Z WARN  benchmark_client] Transaction rate too high for this client
[2026-05-22T09:21:04.686Z INFO  benchmark_client] Sending sample transaction 618
[2026-05-22T09:21:04.692Z INFO  benchmark_client] Sending sample transaction 619
[2026-05-22T09:21:04.769Z INFO  benchmark_client] Sending sample transaction 620
[2026-05-22T09:21:04.770Z WARN  benchmark_client] Transaction rate too high for this client
[2026-05-22T09:21:04.771Z INFO  benchmark_client] Sending sample transaction 621
[2026-05-22T09:21:04.799Z INFO  benchmark_client] Sending sample transaction 622
[2026-05-22T09:21:04.803Z INFO  benchmark_client] Sending sample transaction 623
[2026-05-22T09:21:04.829Z INFO  benchmark_client] Sending sample transaction 624
[2026-05-22T09:21:04.833Z INFO  benchmark_client] Sending sample transaction 625
[2026-05-22T09:21:04.861Z INFO  benchmark_client] Sending sample transaction 626
[2026-05-22T09:21:04.866Z INFO  benchmark_client] Sending sample transaction 627
[2026-05-22T09:21:04.870Z INFO  benchmark_client] Sending sample transaction 628
[2026-05-22T09:21:07.364Z WARN  benchmark_client] Transaction rate too high for this client
[2026-05-22T09:21:07.365Z INFO  benchmark_client] Sending sample transaction 629
[2026-05-22T09:21:07.370Z INFO  benchmark_client] Sending sample transaction 630
[2026-05-22T09:21:07.419Z INFO  benchmark_client] Sending sample transaction 631
[2026-05-22T09:21:07.422Z INFO  benchmark_client] Sending sample transaction 632
[2026-05-22T09:21:07.511Z INFO  benchmark_client] Sending sample transaction 633
[2026-05-22T09:21:07.514Z WARN  benchmark_client] Transaction rate too high for this client
[2026-05-22T09:21:07.517Z INFO  benchmark_client] Sending sample transaction 634
[2026-05-22T09:21:07.522Z INFO  benchmark_client] Sending sample transaction 635
[2026-05-22T09:21:07.557Z INFO  benchmark_client] Sending sample transaction 636
[2026-05-22T09:21:07.562Z INFO  benchmark_client] Sending sample transaction 637
[2026-05-22T09:21:07.593Z INFO  benchmark_client] Sending sample transaction 638
[2026-05-22T09:21:07.597Z INFO  benchmark_client] Sending sample transaction 639
[2026-05-22T09:21:07.602Z INFO  benchmark_client] Sending sample transaction 640
[2026-05-22T09:21:07.669Z WARN  benchmark_client] Transaction rate too high for this client
[2026-05-22T09:21:07.671Z INFO  benchmark_client] Sending sample transaction 641
[2026-05-22T09:21:07.675Z INFO  benchmark_client] Sending sample transaction 642
[2026-05-22T09:21:07.949Z INFO  benchmark_client] Sending sample transaction 643
[2026-05-22T09:21:07.952Z WARN  benchmark_client] Transaction rate too high for this client
[2026-05-22T09:21:07.954Z INFO  benchmark_client] Sending sample transaction 644
[2026-05-22T09:21:08.527Z INFO  benchmark_client] Sending sample transaction 645
[2026-05-22T09:21:08.528Z WARN  benchmark_client] Transaction rate too high for this client
[2026-05-22T09:21:08.534Z INFO  benchmark_client] Sending sample transaction 646
[2026-05-22T09:21:08.714Z INFO  benchmark_client] Sending sample transaction 647
[2026-05-22T09:21:08.717Z WARN  benchmark_client] Transaction rate too high for this client
[2026-05-22T09:21:08.720Z INFO  benchmark_client] Sending sample transaction 648
[2026-05-22T09:21:08.725Z INFO  benchmark_client] Sending sample transaction 649
[2026-05-22T09:21:08.785Z WARN  benchmark_client] Transaction rate too high for this client
[2026-05-22T09:21:08.788Z INFO  benchmark_client] Sending sample transaction 650
[2026-05-22T09:21:08.793Z INFO  benchmark_client] Sending sample transaction 651
[2026-05-22T09:21:08.846Z INFO  benchmark_client] Sending sample transaction 652
[2026-05-22T09:21:08.849Z WARN  benchmark_client] Transaction rate too high for this client
[2026-05-22T09:21:08.853Z INFO  benchmark_client] Sending sample transaction 653
[2026-05-22T09:21:08.858Z INFO  benchmark_client] Sending sample transaction 654
[2026-05-22T09:21:08.915Z WARN  benchmark_client] Transaction rate too high for this client
[2026-05-22T09:21:08.918Z INFO  benchmark_client] Sending sample transaction 655
[2026-05-22T09:21:08.924Z INFO  benchmark_client] Sending sample transaction 656
[2026-05-22T09:21:08.989Z INFO  benchmark_client] Sending sample transaction 657
[2026-05-22T09:21:08.992Z WARN  benchmark_client] Transaction rate too high for this client
[2026-05-22T09:21:08.996Z INFO  benchmark_client] Sending sample transaction 658
[2026-05-22T09:21:09.351Z INFO  benchmark_client] Sending sample transaction 659
[2026-05-22T09:21:09.352Z WARN  benchmark_client] Transaction rate too high for this client
[2026-05-22T09:21:09.355Z INFO  benchmark_client] Sending sample transaction 660
[2026-05-22T09:21:09.359Z INFO  benchmark_client] Sending sample transaction 661
