[2026-05-22T09:20:24.886Z INFO  benchmark_client] Node address: 35.227.54.147:5043
[2026-05-22T09:20:24.886Z INFO  benchmark_client] Transactions size: 512 B
[2026-05-22T09:20:24.886Z INFO  benchmark_client] Transactions rate: 26667 tx/s
[2026-05-22T09:20:24.886Z INFO  benchmark_client] Waiting for all nodes to be online...
[2026-05-22T09:20:25.111Z INFO  benchmark_client] Start sending transactions
[2026-05-22T09:20:25.113Z INFO  benchmark_client] Sending sample transaction 0
[2026-05-22T09:20:25.163Z INFO  benchmark_client] Sending sample transaction 1
[2026-05-22T09:20:25.213Z INFO  benchmark_client] Sending sample transaction 2
[2026-05-22T09:20:25.263Z INFO  benchmark_client] Sending sample transaction 3
[2026-05-22T09:20:25.314Z INFO  benchmark_client] Sending sample transaction 4
[2026-05-22T09:20:25.365Z INFO  benchmark_client] Sending sample transaction 5
[2026-05-22T09:20:25.413Z INFO  benchmark_client] Sending sample transaction 6
[2026-05-22T09:20:25.463Z INFO  benchmark_client] Sending sample transaction 7
[2026-05-22T09:20:25.514Z INFO  benchmark_client] Sending sample transaction 8
[2026-05-22T09:20:25.563Z INFO  benchmark_client] Sending sample transaction 9
[2026-05-22T09:20:25.613Z INFO  benchmark_client] Sending sample transaction 10
[2026-05-22T09:20:25.663Z INFO  benchmark_client] Sending sample transaction 11
[2026-05-22T09:20:25.714Z INFO  benchmark_client] Sending sample transaction 12
[2026-05-22T09:20:25.763Z INFO  benchmark_client] Sending sample transaction 13
[2026-05-22T09:20:25.813Z INFO  benchmark_client] Sending sample transaction 14
[2026-05-22T09:20:25.863Z INFO  benchmark_client] Sending sample transaction 15
[2026-05-22T09:20:25.913Z INFO  benchmark_client] Sending sample transaction 16
[2026-05-22T09:20:25.963Z INFO  benchmark_client] Sending sample transaction 17
[2026-05-22T09:20:26.012Z INFO  benchmark_client] Sending sample transaction 18
[2026-05-22T09:20:26.063Z INFO  benchmark_client] Sending sample transaction 19
[2026-05-22T09:20:26.113Z INFO  benchmark_client] Sending sample transaction 20
[2026-05-22T09:20:26.163Z INFO  benchmark_client] Sending sample transaction 21
[2026-05-22T09:20:26.215Z INFO  benchmark_client] Sending sample transaction 22
[2026-05-22T09:20:26.263Z INFO  benchmark_client] Sending sample transaction 23
[2026-05-22T09:20:26.313Z INFO  benchmark_client] Sending sample transaction 24
[2026-05-22T09:20:26.365Z INFO  benchmark_client] Sending sample transaction 25
[2026-05-22T09:20:26.413Z INFO  benchmark_client] Sending sample transaction 26
[2026-05-22T09:20:26.463Z INFO  benchmark_client] Sending sample transaction 27
[2026-05-22T09:20:26.513Z INFO  benchmark_client] Sending sample transaction 28
[2026-05-22T09:20:26.562Z INFO  benchmark_client] Sending sample transaction 29
[2026-05-22T09:20:26.614Z INFO  benchmark_client] Sending sample transaction 30
[2026-05-22T09:20:26.664Z INFO  benchmark_client] Sending sample transaction 31
[2026-05-22T09:20:26.713Z INFO  benchmark_client] Sending sample transaction 32
[2026-05-22T09:20:26.762Z INFO  benchmark_client] Sending sample transaction 33
[2026-05-22T09:20:26.813Z INFO  benchmark_client] Sending sample transaction 34
[2026-05-22T09:20:26.864Z INFO  benchmark_client] Sending sample transaction 35
[2026-05-22T09:20:26.913Z INFO  benchmark_client] Sending sample transaction 36
[2026-05-22T09:20:26.963Z INFO  benchmark_client] Sending sample transaction 37
[2026-05-22T09:20:27.013Z INFO  benchmark_client] Sending sample transaction 38
[2026-05-22T09:20:27.063Z INFO  benchmark_client] Sending sample transaction 39
[2026-05-22T09:20:27.113Z INFO  benchmark_client] Sending sample transaction 40
[2026-05-22T09:20:27.163Z INFO  benchmark_client] Sending sample transaction 41
[2026-05-22T09:20:27.213Z INFO  benchmark_client] Sending sample transaction 42
[2026-05-22T09:20:27.263Z INFO  benchmark_client] Sending sample transaction 43
[2026-05-22T09:20:27.313Z INFO  benchmark_client] Sending sample transaction 44
[2026-05-22T09:20:27.363Z INFO  benchmark_client] Sending sample transaction 45
[2026-05-22T09:20:27.413Z INFO  benchmark_client] Sending sample transaction 46
[2026-05-22T09:20:27.463Z INFO  benchmark_client] Sending sample transaction 47
[2026-05-22T09:20:27.514Z INFO  benchmark_client] Sending sample transaction 48
[2026-05-22T09:20:27.563Z INFO  benchmark_client] Sending sample transaction 49
[2026-05-22T09:20:27.613Z INFO  benchmark_client] Sending sample transaction 50
[2026-05-22T09:20:27.663Z INFO  benchmark_client] Sending sample transaction 51
[2026-05-22T09:20:27.713Z INFO  benchmark_client] Sending sample transaction 52
[2026-05-22T09:20:27.763Z INFO  benchmark_client] Sending sample transaction 53
[2026-05-22T09:20:27.813Z INFO  benchmark_client] Sending sample transaction 54
[2026-05-22T09:20:27.866Z INFO  benchmark_client] Sending sample transaction 55
[2026-05-22T09:20:28.120Z WARN  benchmark_client] Transaction rate too high for this client
[2026-05-22T09:20:28.123Z INFO  benchmark_client] Sending sample transaction 56
[2026-05-22T09:20:28.127Z INFO  benchmark_client] Sending sample transaction 57
[2026-05-22T09:20:28.196Z WARN  benchmark_client] Transaction rate too high for this client
[2026-05-22T09:20:28.196Z INFO  benchmark_client] Sending sample transaction 58
[2026-05-22T09:20:28.201Z INFO  benchmark_client] Sending sample transaction 59
[2026-05-22T09:20:28.254Z WARN  benchmark_client] Transaction rate too high for this client
[2026-05-22T09:20:28.256Z INFO  benchmark_client] Sending sample transaction 60
[2026-05-22T09:20:28.258Z INFO  benchmark_client] Sending sample transaction 61
[2026-05-22T09:20:28.265Z INFO  benchmark_client] Sending sample transaction 62
[2026-05-22T09:20:28.402Z WARN  benchmark_client] Transaction rate too high for this client
[2026-05-22T09:20:28.402Z INFO  benchmark_client] Sending sample transaction 63
[2026-05-22T09:20:28.409Z INFO  benchmark_client] Sending sample transaction 64
[2026-05-22T09:20:28.450Z INFO  benchmark_client] Sending sample transaction 65
[2026-05-22T09:20:28.457Z INFO  benchmark_client] Sending sample transaction 66
[2026-05-22T09:20:28.466Z INFO  benchmark_client] Sending sample transaction 67
[2026-05-22T09:20:28.520Z WARN  benchmark_client] Transaction rate too high for this client
[2026-05-22T09:20:28.522Z INFO  benchmark_client] Sending sample transaction 68
[2026-05-22T09:20:28.564Z INFO  benchmark_client] Sending sample transaction 69
[2026-05-22T09:20:28.613Z INFO  benchmark_client] Sending sample transaction 70
[2026-05-22T09:20:28.664Z INFO  benchmark_client] Sending sample transaction 71
[2026-05-22T09:20:28.713Z INFO  benchmark_client] Sending sample transaction 72
[2026-05-22T09:20:28.763Z INFO  benchmark_client] Sending sample transaction 73
[2026-05-22T09:20:28.813Z INFO  benchmark_client] Sending sample transaction 74
[2026-05-22T09:20:28.864Z INFO  benchmark_client] Sending sample transaction 75
[2026-05-22T09:20:28.913Z INFO  benchmark_client] Sending sample transaction 76
[2026-05-22T09:20:28.964Z INFO  benchmark_client] Sending sample transaction 77
[2026-05-22T09:20:29.013Z INFO  benchmark_client] Sending sample transaction 78
[2026-05-22T09:20:29.063Z INFO  benchmark_client] Sending sample transaction 79
[2026-05-22T09:20:29.115Z INFO  benchmark_client] Sending sample transaction 80
[2026-05-22T09:20:29.163Z INFO  benchmark_client] Sending sample transaction 81
[2026-05-22T09:20:29.213Z INFO  benchmark_client] Sending sample transaction 82
[2026-05-22T09:20:29.264Z INFO  benchmark_client] Sending sample transaction 83
[2026-05-22T09:20:29.315Z INFO  benchmark_client] Sending sample transaction 84
[2026-05-22T09:20:29.363Z INFO  benchmark_client] Sending sample transaction 85
[2026-05-22T09:20:29.413Z INFO  benchmark_client] Sending sample transaction 86
[2026-05-22T09:20:29.463Z INFO  benchmark_client] Sending sample transaction 87
[2026-05-22T09:20:29.513Z INFO  benchmark_client] Sending sample transaction 88
[2026-05-22T09:20:29.563Z INFO  benchmark_client] Sending sample transaction 89
[2026-05-22T09:20:29.613Z INFO  benchmark_client] Sending sample transaction 90
[2026-05-22T09:20:29.663Z INFO  benchmark_client] Sending sample transaction 91
[2026-05-22T09:20:29.713Z INFO  benchmark_client] Sending sample transaction 92
[2026-05-22T09:20:29.763Z INFO  benchmark_client] Sending sample transaction 93
[2026-05-22T09:20:29.813Z INFO  benchmark_client] Sending sample transaction 94
[2026-05-22T09:20:29.863Z INFO  benchmark_client] Sending sample transaction 95
[2026-05-22T09:20:29.916Z INFO  benchmark_client] Sending sample transaction 96
[2026-05-22T09:20:30.233Z WARN  benchmark_client] Transaction rate too high for this client
[2026-05-22T09:20:30.233Z INFO  benchmark_client] Sending sample transaction 97
[2026-05-22T09:20:30.240Z INFO  benchmark_client] Sending sample transaction 98
[2026-05-22T09:20:30.274Z INFO  benchmark_client] Sending sample transaction 99
[2026-05-22T09:20:30.280Z INFO  benchmark_client] Sending sample transaction 100
[2026-05-22T09:20:30.375Z WARN  benchmark_client] Transaction rate too high for this client
[2026-05-22T09:20:30.375Z INFO  benchmark_client] Sending sample transaction 101
[2026-05-22T09:20:30.381Z INFO  benchmark_client] Sending sample transaction 102
[2026-05-22T09:20:30.782Z WARN  benchmark_client] Transaction rate too high for this client
[2026-05-22T09:20:30.782Z INFO  benchmark_client] Sending sample transaction 103
[2026-05-22T09:20:30.788Z INFO  benchmark_client] Sending sample transaction 104
[2026-05-22T09:20:30.839Z INFO  benchmark_client] Sending sample transaction 105
[2026-05-22T09:20:30.846Z INFO  benchmark_client] Sending sample transaction 106
[2026-05-22T09:20:30.849Z INFO  benchmark_client] Sending sample transaction 107
[2026-05-22T09:20:30.939Z WARN  benchmark_client] Transaction rate too high for this client
[2026-05-22T09:20:30.940Z INFO  benchmark_client] Sending sample transaction 108
[2026-05-22T09:20:30.946Z INFO  benchmark_client] Sending sample transaction 109
[2026-05-22T09:20:31.022Z WARN  benchmark_client] Transaction rate too high for this client
[2026-05-22T09:20:31.024Z INFO  benchmark_client] Sending sample transaction 110
[2026-05-22T09:20:31.031Z INFO  benchmark_client] Sending sample transaction 111
[2026-05-22T09:20:31.035Z INFO  benchmark_client] Sending sample transaction 112
[2026-05-22T09:20:31.068Z INFO  benchmark_client] Sending sample transaction 113
[2026-05-22T09:20:31.074Z INFO  benchmark_client] Sending sample transaction 114
[2026-05-22T09:20:31.106Z INFO  benchmark_client] Sending sample transaction 115
[2026-05-22T09:20:31.113Z INFO  benchmark_client] Sending sample transaction 116
[2026-05-22T09:20:31.118Z INFO  benchmark_client] Sending sample transaction 117
[2026-05-22T09:20:31.161Z INFO  benchmark_client] Sending sample transaction 118
[2026-05-22T09:20:31.164Z INFO  benchmark_client] Sending sample transaction 119
[2026-05-22T09:20:31.190Z INFO  benchmark_client] Sending sample transaction 120
[2026-05-22T09:20:31.199Z INFO  benchmark_client] Sending sample transaction 121
[2026-05-22T09:20:31.213Z INFO  benchmark_client] Sending sample transaction 122
[2026-05-22T09:20:31.263Z INFO  benchmark_client] Sending sample transaction 123
[2026-05-22T09:20:31.313Z INFO  benchmark_client] Sending sample transaction 124
[2026-05-22T09:20:31.363Z INFO  benchmark_client] Sending sample transaction 125
[2026-05-22T09:20:31.414Z INFO  benchmark_client] Sending sample transaction 126
[2026-05-22T09:20:31.463Z INFO  benchmark_client] Sending sample transaction 127
[2026-05-22T09:20:31.514Z INFO  benchmark_client] Sending sample transaction 128
[2026-05-22T09:20:31.563Z INFO  benchmark_client] Sending sample transaction 129
[2026-05-22T09:20:31.614Z INFO  benchmark_client] Sending sample transaction 130
[2026-05-22T09:20:31.663Z INFO  benchmark_client] Sending sample transaction 131
[2026-05-22T09:20:31.715Z INFO  benchmark_client] Sending sample transaction 132
[2026-05-22T09:20:31.763Z INFO  benchmark_client] Sending sample transaction 133
[2026-05-22T09:20:31.813Z INFO  benchmark_client] Sending sample transaction 134
[2026-05-22T09:20:31.863Z INFO  benchmark_client] Sending sample transaction 135
[2026-05-22T09:20:31.913Z INFO  benchmark_client] Sending sample transaction 136
[2026-05-22T09:20:31.963Z INFO  benchmark_client] Sending sample transaction 137
[2026-05-22T09:20:32.013Z INFO  benchmark_client] Sending sample transaction 138
[2026-05-22T09:20:32.065Z INFO  benchmark_client] Sending sample transaction 139
[2026-05-22T09:20:32.113Z INFO  benchmark_client] Sending sample transaction 140
[2026-05-22T09:20:32.165Z INFO  benchmark_client] Sending sample transaction 141
[2026-05-22T09:20:32.213Z INFO  benchmark_client] Sending sample transaction 142
[2026-05-22T09:20:32.265Z INFO  benchmark_client] Sending sample transaction 143
[2026-05-22T09:20:32.552Z WARN  benchmark_client] Transaction rate too high for this client
[2026-05-22T09:20:32.553Z INFO  benchmark_client] Sending sample transaction 144
[2026-05-22T09:20:32.557Z INFO  benchmark_client] Sending sample transaction 145
[2026-05-22T09:20:32.586Z INFO  benchmark_client] Sending sample transaction 146
[2026-05-22T09:20:32.596Z INFO  benchmark_client] Sending sample transaction 147
[2026-05-22T09:20:32.602Z INFO  benchmark_client] Sending sample transaction 148
[2026-05-22T09:20:32.664Z WARN  benchmark_client] Transaction rate too high for this client
[2026-05-22T09:20:32.664Z INFO  benchmark_client] Sending sample transaction 149
[2026-05-22T09:20:32.669Z INFO  benchmark_client] Sending sample transaction 150
[2026-05-22T09:20:32.709Z INFO  benchmark_client] Sending sample transaction 151
[2026-05-22T09:20:32.716Z INFO  benchmark_client] Sending sample transaction 152
[2026-05-22T09:20:32.763Z INFO  benchmark_client] Sending sample transaction 153
[2026-05-22T09:20:32.813Z INFO  benchmark_client] Sending sample transaction 154
[2026-05-22T09:20:32.864Z INFO  benchmark_client] Sending sample transaction 155
[2026-05-22T09:20:32.937Z WARN  benchmark_client] Transaction rate too high for this client
[2026-05-22T09:20:32.938Z INFO  benchmark_client] Sending sample transaction 156
[2026-05-22T09:20:32.963Z INFO  benchmark_client] Sending sample transaction 157
[2026-05-22T09:20:33.013Z INFO  benchmark_client] Sending sample transaction 158
[2026-05-22T09:20:33.063Z INFO  benchmark_client] Sending sample transaction 159
[2026-05-22T09:20:33.113Z INFO  benchmark_client] Sending sample transaction 160
[2026-05-22T09:20:33.165Z INFO  benchmark_client] Sending sample transaction 161
[2026-05-22T09:20:33.213Z INFO  benchmark_client] Sending sample transaction 162
[2026-05-22T09:20:33.498Z WARN  benchmark_client] Transaction rate too high for this client
[2026-05-22T09:20:33.498Z INFO  benchmark_client] Sending sample transaction 163
[2026-05-22T09:20:33.500Z INFO  benchmark_client] Sending sample transaction 164
[2026-05-22T09:20:33.562Z WARN  benchmark_client] Transaction rate too high for this client
[2026-05-22T09:20:33.563Z INFO  benchmark_client] Sending sample transaction 165
[2026-05-22T09:20:33.567Z INFO  benchmark_client] Sending sample transaction 166
[2026-05-22T09:20:33.848Z WARN  benchmark_client] Transaction rate too high for this client
[2026-05-22T09:20:33.848Z INFO  benchmark_client] Sending sample transaction 167
[2026-05-22T09:20:33.851Z INFO  benchmark_client] Sending sample transaction 168
[2026-05-22T09:20:34.087Z WARN  benchmark_client] Transaction rate too high for this client
[2026-05-22T09:20:34.087Z INFO  benchmark_client] Sending sample transaction 169
[2026-05-22T09:20:34.090Z INFO  benchmark_client] Sending sample transaction 170
[2026-05-22T09:20:34.094Z INFO  benchmark_client] Sending sample transaction 171
[2026-05-22T09:20:34.135Z INFO  benchmark_client] Sending sample transaction 172
[2026-05-22T09:20:34.139Z INFO  benchmark_client] Sending sample transaction 173
[2026-05-22T09:20:34.184Z INFO  benchmark_client] Sending sample transaction 174
[2026-05-22T09:20:34.189Z INFO  benchmark_client] Sending sample transaction 175
[2026-05-22T09:20:34.241Z WARN  benchmark_client] Transaction rate too high for this client
[2026-05-22T09:20:34.241Z INFO  benchmark_client] Sending sample transaction 176
[2026-05-22T09:20:34.246Z INFO  benchmark_client] Sending sample transaction 177
[2026-05-22T09:20:34.254Z INFO  benchmark_client] Sending sample transaction 178
[2026-05-22T09:20:34.286Z INFO  benchmark_client] Sending sample transaction 179
[2026-05-22T09:20:34.293Z INFO  benchmark_client] Sending sample transaction 180
[2026-05-22T09:20:34.393Z INFO  benchmark_client] Sending sample transaction 181
[2026-05-22T09:20:34.399Z WARN  benchmark_client] Transaction rate too high for this client
[2026-05-22T09:20:34.399Z INFO  benchmark_client] Sending sample transaction 182
[2026-05-22T09:20:34.403Z INFO  benchmark_client] Sending sample transaction 183
[2026-05-22T09:20:34.646Z WARN  benchmark_client] Transaction rate too high for this client
[2026-05-22T09:20:34.646Z INFO  benchmark_client] Sending sample transaction 184
[2026-05-22T09:20:35.312Z INFO  benchmark_client] Sending sample transaction 185
[2026-05-22T09:20:35.316Z WARN  benchmark_client] Transaction rate too high for this client
[2026-05-22T09:20:35.317Z INFO  benchmark_client] Sending sample transaction 186
[2026-05-22T09:20:35.321Z INFO  benchmark_client] Sending sample transaction 187
[2026-05-22T09:20:35.624Z WARN  benchmark_client] Transaction rate too high for this client
[2026-05-22T09:20:35.625Z INFO  benchmark_client] Sending sample transaction 188
[2026-05-22T09:20:35.631Z INFO  benchmark_client] Sending sample transaction 189
[2026-05-22T09:20:35.762Z WARN  benchmark_client] Transaction rate too high for this client
[2026-05-22T09:20:35.762Z INFO  benchmark_client] Sending sample transaction 190
[2026-05-22T09:20:35.768Z INFO  benchmark_client] Sending sample transaction 191
[2026-05-22T09:20:35.817Z WARN  benchmark_client] Transaction rate too high for this client
[2026-05-22T09:20:35.817Z INFO  benchmark_client] Sending sample transaction 192
[2026-05-22T09:20:35.822Z INFO  benchmark_client] Sending sample transaction 193
[2026-05-22T09:20:35.952Z WARN  benchmark_client] Transaction rate too high for this client
[2026-05-22T09:20:35.952Z INFO  benchmark_client] Sending sample transaction 194
[2026-05-22T09:20:35.956Z INFO  benchmark_client] Sending sample transaction 195
[2026-05-22T09:20:36.165Z WARN  benchmark_client] Transaction rate too high for this client
[2026-05-22T09:20:36.166Z INFO  benchmark_client] Sending sample transaction 196
[2026-05-22T09:20:36.171Z INFO  benchmark_client] Sending sample transaction 197
[2026-05-22T09:20:36.176Z INFO  benchmark_client] Sending sample transaction 198
[2026-05-22T09:20:36.234Z WARN  benchmark_client] Transaction rate too high for this client
[2026-05-22T09:20:36.234Z INFO  benchmark_client] Sending sample transaction 199
[2026-05-22T09:20:36.243Z INFO  benchmark_client] Sending sample transaction 200
[2026-05-22T09:20:36.347Z WARN  benchmark_client] Transaction rate too high for this client
[2026-05-22T09:20:36.350Z INFO  benchmark_client] Sending sample transaction 201
[2026-05-22T09:20:36.359Z INFO  benchmark_client] Sending sample transaction 202
[2026-05-22T09:20:36.366Z INFO  benchmark_client] Sending sample transaction 203
[2026-05-22T09:20:36.405Z INFO  benchmark_client] Sending sample transaction 204
[2026-05-22T09:20:36.410Z INFO  benchmark_client] Sending sample transaction 205
[2026-05-22T09:20:36.414Z INFO  benchmark_client] Sending sample transaction 206
[2026-05-22T09:20:36.460Z INFO  benchmark_client] Sending sample transaction 207
[2026-05-22T09:20:36.464Z INFO  benchmark_client] Sending sample transaction 208
[2026-05-22T09:20:36.507Z INFO  benchmark_client] Sending sample transaction 209
[2026-05-22T09:20:36.512Z INFO  benchmark_client] Sending sample transaction 210
[2026-05-22T09:20:36.582Z WARN  benchmark_client] Transaction rate too high for this client
[2026-05-22T09:20:36.582Z INFO  benchmark_client] Sending sample transaction 211
[2026-05-22T09:20:36.588Z INFO  benchmark_client] Sending sample transaction 212
[2026-05-22T09:20:36.591Z INFO  benchmark_client] Sending sample transaction 213
[2026-05-22T09:20:36.656Z WARN  benchmark_client] Transaction rate too high for this client
[2026-05-22T09:20:36.658Z INFO  benchmark_client] Sending sample transaction 214
[2026-05-22T09:20:36.662Z INFO  benchmark_client] Sending sample transaction 215
[2026-05-22T09:20:36.737Z WARN  benchmark_client] Transaction rate too high for this client
[2026-05-22T09:20:36.739Z INFO  benchmark_client] Sending sample transaction 216
[2026-05-22T09:20:36.747Z INFO  benchmark_client] Sending sample transaction 217
[2026-05-22T09:20:36.829Z WARN  benchmark_client] Transaction rate too high for this client
[2026-05-22T09:20:36.832Z INFO  benchmark_client] Sending sample transaction 218
[2026-05-22T09:20:36.838Z INFO  benchmark_client] Sending sample transaction 219
[2026-05-22T09:20:36.847Z INFO  benchmark_client] Sending sample transaction 220
[2026-05-22T09:20:37.234Z INFO  benchmark_client] Sending sample transaction 221
[2026-05-22T09:20:37.239Z WARN  benchmark_client] Transaction rate too high for this client
[2026-05-22T09:20:37.239Z INFO  benchmark_client] Sending sample transaction 222
[2026-05-22T09:20:37.246Z INFO  benchmark_client] Sending sample transaction 223
[2026-05-22T09:20:37.384Z WARN  benchmark_client] Transaction rate too high for this client
[2026-05-22T09:20:37.387Z INFO  benchmark_client] Sending sample transaction 224
[2026-05-22T09:20:37.396Z INFO  benchmark_client] Sending sample transaction 225
[2026-05-22T09:20:37.402Z INFO  benchmark_client] Sending sample transaction 226
[2026-05-22T09:20:38.291Z WARN  benchmark_client] Transaction rate too high for this client
[2026-05-22T09:20:38.292Z INFO  benchmark_client] Sending sample transaction 227
[2026-05-22T09:20:38.300Z INFO  benchmark_client] Sending sample transaction 228
[2026-05-22T09:20:38.308Z INFO  benchmark_client] Sending sample transaction 229
[2026-05-22T09:20:38.347Z INFO  benchmark_client] Sending sample transaction 230
[2026-05-22T09:20:38.354Z INFO  benchmark_client] Sending sample transaction 231
[2026-05-22T09:20:38.567Z WARN  benchmark_client] Transaction rate too high for this client
[2026-05-22T09:20:38.568Z INFO  benchmark_client] Sending sample transaction 232
[2026-05-22T09:20:38.570Z INFO  benchmark_client] Sending sample transaction 233
[2026-05-22T09:20:38.597Z INFO  benchmark_client] Sending sample transaction 234
[2026-05-22T09:20:38.601Z INFO  benchmark_client] Sending sample transaction 235
[2026-05-22T09:20:38.604Z INFO  benchmark_client] Sending sample transaction 236
[2026-05-22T09:20:38.607Z INFO  benchmark_client] Sending sample transaction 237
[2026-05-22T09:20:38.625Z INFO  benchmark_client] Sending sample transaction 238
[2026-05-22T09:20:38.635Z INFO  benchmark_client] Sending sample transaction 239
[2026-05-22T09:20:38.645Z INFO  benchmark_client] Sending sample transaction 240
[2026-05-22T09:20:38.692Z INFO  benchmark_client] Sending sample transaction 241
[2026-05-22T09:20:38.706Z INFO  benchmark_client] Sending sample transaction 242
[2026-05-22T09:20:38.711Z INFO  benchmark_client] Sending sample transaction 243
[2026-05-22T09:20:38.835Z WARN  benchmark_client] Transaction rate too high for this client
[2026-05-22T09:20:38.835Z INFO  benchmark_client] Sending sample transaction 244
[2026-05-22T09:20:38.842Z INFO  benchmark_client] Sending sample transaction 245
[2026-05-22T09:20:38.852Z INFO  benchmark_client] Sending sample transaction 246
[2026-05-22T09:20:39.199Z WARN  benchmark_client] Transaction rate too high for this client
[2026-05-22T09:20:39.202Z INFO  benchmark_client] Sending sample transaction 247
[2026-05-22T09:20:39.208Z INFO  benchmark_client] Sending sample transaction 248
[2026-05-22T09:20:39.422Z WARN  benchmark_client] Transaction rate too high for this client
[2026-05-22T09:20:39.424Z INFO  benchmark_client] Sending sample transaction 249
[2026-05-22T09:20:39.428Z INFO  benchmark_client] Sending sample transaction 250
[2026-05-22T09:20:39.436Z INFO  benchmark_client] Sending sample transaction 251
[2026-05-22T09:20:39.669Z WARN  benchmark_client] Transaction rate too high for this client
[2026-05-22T09:20:39.670Z INFO  benchmark_client] Sending sample transaction 252
[2026-05-22T09:20:39.676Z INFO  benchmark_client] Sending sample transaction 253
[2026-05-22T09:20:39.718Z INFO  benchmark_client] Sending sample transaction 254
[2026-05-22T09:20:39.723Z INFO  benchmark_client] Sending sample transaction 255
[2026-05-22T09:20:39.727Z INFO  benchmark_client] Sending sample transaction 256
[2026-05-22T09:20:39.841Z WARN  benchmark_client] Transaction rate too high for this client
[2026-05-22T09:20:39.843Z INFO  benchmark_client] Sending sample transaction 257
[2026-05-22T09:20:39.847Z INFO  benchmark_client] Sending sample transaction 258
[2026-05-22T09:20:39.887Z INFO  benchmark_client] Sending sample transaction 259
[2026-05-22T09:20:39.891Z INFO  benchmark_client] Sending sample transaction 260
[2026-05-22T09:20:39.893Z INFO  benchmark_client] Sending sample transaction 261
[2026-05-22T09:20:39.947Z INFO  benchmark_client] Sending sample transaction 262
[2026-05-22T09:20:39.953Z INFO  benchmark_client] Sending sample transaction 263
[2026-05-22T09:20:40.421Z WARN  benchmark_client] Transaction rate too high for this client
[2026-05-22T09:20:40.422Z INFO  benchmark_client] Sending sample transaction 264
[2026-05-22T09:20:40.432Z INFO  benchmark_client] Sending sample transaction 265
[2026-05-22T09:20:40.439Z INFO  benchmark_client] Sending sample transaction 266
[2026-05-22T09:20:40.472Z INFO  benchmark_client] Sending sample transaction 267
[2026-05-22T09:20:40.474Z INFO  benchmark_client] Sending sample transaction 268
[2026-05-22T09:20:40.502Z INFO  benchmark_client] Sending sample transaction 269
[2026-05-22T09:20:40.506Z INFO  benchmark_client] Sending sample transaction 270
[2026-05-22T09:20:40.540Z INFO  benchmark_client] Sending sample transaction 271
[2026-05-22T09:20:40.550Z INFO  benchmark_client] Sending sample transaction 272
[2026-05-22T09:20:40.625Z WARN  benchmark_client] Transaction rate too high for this client
[2026-05-22T09:20:40.625Z INFO  benchmark_client] Sending sample transaction 273
[2026-05-22T09:20:40.632Z INFO  benchmark_client] Sending sample transaction 274
[2026-05-22T09:20:40.742Z WARN  benchmark_client] Transaction rate too high for this client
[2026-05-22T09:20:40.743Z INFO  benchmark_client] Sending sample transaction 275
[2026-05-22T09:20:40.747Z INFO  benchmark_client] Sending sample transaction 276
[2026-05-22T09:20:40.828Z WARN  benchmark_client] Transaction rate too high for this client
[2026-05-22T09:20:40.828Z INFO  benchmark_client] Sending sample transaction 277
[2026-05-22T09:20:40.837Z INFO  benchmark_client] Sending sample transaction 278
[2026-05-22T09:20:41.140Z WARN  benchmark_client] Transaction rate too high for this client
[2026-05-22T09:20:41.141Z INFO  benchmark_client] Sending sample transaction 279
[2026-05-22T09:20:41.146Z INFO  benchmark_client] Sending sample transaction 280
[2026-05-22T09:20:41.334Z WARN  benchmark_client] Transaction rate too high for this client
[2026-05-22T09:20:41.336Z INFO  benchmark_client] Sending sample transaction 281
[2026-05-22T09:20:41.341Z INFO  benchmark_client] Sending sample transaction 282
[2026-05-22T09:20:41.523Z WARN  benchmark_client] Transaction rate too high for this client
[2026-05-22T09:20:41.524Z INFO  benchmark_client] Sending sample transaction 283
[2026-05-22T09:20:41.526Z INFO  benchmark_client] Sending sample transaction 284
[2026-05-22T09:20:41.562Z INFO  benchmark_client] Sending sample transaction 285
[2026-05-22T09:20:41.564Z INFO  benchmark_client] Sending sample transaction 286
[2026-05-22T09:20:41.571Z INFO  benchmark_client] Sending sample transaction 287
[2026-05-22T09:20:41.597Z INFO  benchmark_client] Sending sample transaction 288
[2026-05-22T09:20:41.601Z INFO  benchmark_client] Sending sample transaction 289
[2026-05-22T09:20:41.619Z INFO  benchmark_client] Sending sample transaction 290
[2026-05-22T09:20:41.629Z INFO  benchmark_client] Sending sample transaction 291
[2026-05-22T09:20:41.634Z INFO  benchmark_client] Sending sample transaction 292
[2026-05-22T09:20:41.640Z INFO  benchmark_client] Sending sample transaction 293
[2026-05-22T09:20:41.645Z INFO  benchmark_client] Sending sample transaction 294
[2026-05-22T09:20:41.753Z WARN  benchmark_client] Transaction rate too high for this client
[2026-05-22T09:20:41.753Z INFO  benchmark_client] Sending sample transaction 295
[2026-05-22T09:20:41.760Z INFO  benchmark_client] Sending sample transaction 296
[2026-05-22T09:20:41.828Z WARN  benchmark_client] Transaction rate too high for this client
[2026-05-22T09:20:41.828Z INFO  benchmark_client] Sending sample transaction 297
[2026-05-22T09:20:41.833Z INFO  benchmark_client] Sending sample transaction 298
[2026-05-22T09:20:42.000Z WARN  benchmark_client] Transaction rate too high for this client
[2026-05-22T09:20:42.001Z INFO  benchmark_client] Sending sample transaction 299
[2026-05-22T09:20:42.007Z INFO  benchmark_client] Sending sample transaction 300
[2026-05-22T09:20:42.013Z INFO  benchmark_client] Sending sample transaction 301
[2026-05-22T09:20:42.185Z WARN  benchmark_client] Transaction rate too high for this client
[2026-05-22T09:20:42.185Z INFO  benchmark_client] Sending sample transaction 302
[2026-05-22T09:20:42.196Z INFO  benchmark_client] Sending sample transaction 303
[2026-05-22T09:20:42.299Z WARN  benchmark_client] Transaction rate too high for this client
[2026-05-22T09:20:42.299Z INFO  benchmark_client] Sending sample transaction 304
[2026-05-22T09:20:42.305Z INFO  benchmark_client] Sending sample transaction 305
[2026-05-22T09:20:42.354Z INFO  benchmark_client] Sending sample transaction 306
[2026-05-22T09:20:42.360Z INFO  benchmark_client] Sending sample transaction 307
[2026-05-22T09:20:42.433Z WARN  benchmark_client] Transaction rate too high for this client
[2026-05-22T09:20:42.434Z INFO  benchmark_client] Sending sample transaction 308
[2026-05-22T09:20:42.437Z INFO  benchmark_client] Sending sample transaction 309
[2026-05-22T09:20:42.690Z WARN  benchmark_client] Transaction rate too high for this client
[2026-05-22T09:20:42.690Z INFO  benchmark_client] Sending sample transaction 310
[2026-05-22T09:20:42.697Z INFO  benchmark_client] Sending sample transaction 311
[2026-05-22T09:20:42.778Z INFO  benchmark_client] Sending sample transaction 312
[2026-05-22T09:20:42.783Z WARN  benchmark_client] Transaction rate too high for this client
[2026-05-22T09:20:42.783Z INFO  benchmark_client] Sending sample transaction 313
[2026-05-22T09:20:43.107Z INFO  benchmark_client] Sending sample transaction 314
[2026-05-22T09:20:43.114Z WARN  benchmark_client] Transaction rate too high for this client
[2026-05-22T09:20:43.115Z INFO  benchmark_client] Sending sample transaction 315
[2026-05-22T09:20:43.123Z INFO  benchmark_client] Sending sample transaction 316
[2026-05-22T09:20:43.329Z WARN  benchmark_client] Transaction rate too high for this client
[2026-05-22T09:20:43.330Z INFO  benchmark_client] Sending sample transaction 317
[2026-05-22T09:20:43.336Z INFO  benchmark_client] Sending sample transaction 318
[2026-05-22T09:20:43.520Z WARN  benchmark_client] Transaction rate too high for this client
[2026-05-22T09:20:43.522Z INFO  benchmark_client] Sending sample transaction 319
[2026-05-22T09:20:43.529Z INFO  benchmark_client] Sending sample transaction 320
[2026-05-22T09:20:43.613Z WARN  benchmark_client] Transaction rate too high for this client
[2026-05-22T09:20:43.615Z INFO  benchmark_client] Sending sample transaction 321
[2026-05-22T09:20:43.620Z INFO  benchmark_client] Sending sample transaction 322
[2026-05-22T09:20:43.674Z WARN  benchmark_client] Transaction rate too high for this client
[2026-05-22T09:20:43.675Z INFO  benchmark_client] Sending sample transaction 323
[2026-05-22T09:20:43.679Z INFO  benchmark_client] Sending sample transaction 324
[2026-05-22T09:20:43.742Z WARN  benchmark_client] Transaction rate too high for this client
[2026-05-22T09:20:43.743Z INFO  benchmark_client] Sending sample transaction 325
[2026-05-22T09:20:43.748Z INFO  benchmark_client] Sending sample transaction 326
[2026-05-22T09:20:43.799Z WARN  benchmark_client] Transaction rate too high for this client
[2026-05-22T09:20:43.799Z INFO  benchmark_client] Sending sample transaction 327
[2026-05-22T09:20:43.810Z INFO  benchmark_client] Sending sample transaction 328
[2026-05-22T09:20:44.164Z WARN  benchmark_client] Transaction rate too high for this client
[2026-05-22T09:20:44.164Z INFO  benchmark_client] Sending sample transaction 329
[2026-05-22T09:20:44.169Z INFO  benchmark_client] Sending sample transaction 330
[2026-05-22T09:20:44.181Z INFO  benchmark_client] Sending sample transaction 331
[2026-05-22T09:20:44.441Z INFO  benchmark_client] Sending sample transaction 332
[2026-05-22T09:20:44.447Z WARN  benchmark_client] Transaction rate too high for this client
[2026-05-22T09:20:44.449Z INFO  benchmark_client] Sending sample transaction 333
[2026-05-22T09:20:44.455Z INFO  benchmark_client] Sending sample transaction 334
[2026-05-22T09:20:44.764Z WARN  benchmark_client] Transaction rate too high for this client
[2026-05-22T09:20:44.764Z INFO  benchmark_client] Sending sample transaction 335
[2026-05-22T09:20:44.770Z INFO  benchmark_client] Sending sample transaction 336
[2026-05-22T09:20:44.902Z WARN  benchmark_client] Transaction rate too high for this client
[2026-05-22T09:20:44.903Z INFO  benchmark_client] Sending sample transaction 337
[2026-05-22T09:20:44.908Z INFO  benchmark_client] Sending sample transaction 338
[2026-05-22T09:20:44.910Z INFO  benchmark_client] Sending sample transaction 339
[2026-05-22T09:20:44.937Z INFO  benchmark_client] Sending sample transaction 340
[2026-05-22T09:20:44.940Z INFO  benchmark_client] Sending sample transaction 341
[2026-05-22T09:20:44.972Z INFO  benchmark_client] Sending sample transaction 342
[2026-05-22T09:20:44.976Z INFO  benchmark_client] Sending sample transaction 343
[2026-05-22T09:20:44.982Z INFO  benchmark_client] Sending sample transaction 344
[2026-05-22T09:20:45.040Z WARN  benchmark_client] Transaction rate too high for this client
[2026-05-22T09:20:45.041Z INFO  benchmark_client] Sending sample transaction 345
[2026-05-22T09:20:45.052Z INFO  benchmark_client] Sending sample transaction 346
[2026-05-22T09:20:45.148Z WARN  benchmark_client] Transaction rate too high for this client
[2026-05-22T09:20:45.148Z INFO  benchmark_client] Sending sample transaction 347
[2026-05-22T09:20:45.155Z INFO  benchmark_client] Sending sample transaction 348
[2026-05-22T09:20:45.164Z INFO  benchmark_client] Sending sample transaction 349
[2026-05-22T09:20:45.220Z WARN  benchmark_client] Transaction rate too high for this client
[2026-05-22T09:20:45.220Z INFO  benchmark_client] Sending sample transaction 350
[2026-05-22T09:20:45.226Z INFO  benchmark_client] Sending sample transaction 351
[2026-05-22T09:20:45.465Z INFO  benchmark_client] Sending sample transaction 352
[2026-05-22T09:20:45.470Z WARN  benchmark_client] Transaction rate too high for this client
[2026-05-22T09:20:45.470Z INFO  benchmark_client] Sending sample transaction 353
[2026-05-22T09:20:45.476Z INFO  benchmark_client] Sending sample transaction 354
[2026-05-22T09:20:45.588Z INFO  benchmark_client] Sending sample transaction 355
[2026-05-22T09:20:45.593Z WARN  benchmark_client] Transaction rate too high for this client
[2026-05-22T09:20:45.594Z INFO  benchmark_client] Sending sample transaction 356
[2026-05-22T09:20:45.630Z INFO  benchmark_client] Sending sample transaction 357
[2026-05-22T09:20:45.634Z INFO  benchmark_client] Sending sample transaction 358
[2026-05-22T09:20:45.639Z INFO  benchmark_client] Sending sample transaction 359
[2026-05-22T09:20:45.877Z WARN  benchmark_client] Transaction rate too high for this client
[2026-05-22T09:20:45.877Z INFO  benchmark_client] Sending sample transaction 360
[2026-05-22T09:20:45.881Z INFO  benchmark_client] Sending sample transaction 361
[2026-05-22T09:20:46.120Z WARN  benchmark_client] Transaction rate too high for this client
[2026-05-22T09:20:46.125Z INFO  benchmark_client] Sending sample transaction 362
[2026-05-22T09:20:46.133Z INFO  benchmark_client] Sending sample transaction 363
[2026-05-22T09:20:46.169Z INFO  benchmark_client] Sending sample transaction 364
[2026-05-22T09:20:46.176Z INFO  benchmark_client] Sending sample transaction 365
[2026-05-22T09:20:46.182Z INFO  benchmark_client] Sending sample transaction 366
[2026-05-22T09:20:46.235Z WARN  benchmark_client] Transaction rate too high for this client
[2026-05-22T09:20:46.235Z INFO  benchmark_client] Sending sample transaction 367
[2026-05-22T09:20:46.241Z INFO  benchmark_client] Sending sample transaction 368
[2026-05-22T09:20:46.570Z INFO  benchmark_client] Sending sample transaction 369
[2026-05-22T09:20:46.574Z WARN  benchmark_client] Transaction rate too high for this client
[2026-05-22T09:20:46.576Z INFO  benchmark_client] Sending sample transaction 370
[2026-05-22T09:20:46.777Z INFO  benchmark_client] Sending sample transaction 371
[2026-05-22T09:20:46.780Z WARN  benchmark_client] Transaction rate too high for this client
[2026-05-22T09:20:46.783Z INFO  benchmark_client] Sending sample transaction 372
[2026-05-22T09:20:46.786Z INFO  benchmark_client] Sending sample transaction 373
[2026-05-22T09:20:46.862Z INFO  benchmark_client] Sending sample transaction 374
[2026-05-22T09:20:46.864Z WARN  benchmark_client] Transaction rate too high for this client
[2026-05-22T09:20:46.867Z INFO  benchmark_client] Sending sample transaction 375
[2026-05-22T09:20:46.917Z INFO  benchmark_client] Sending sample transaction 376
[2026-05-22T09:20:46.920Z WARN  benchmark_client] Transaction rate too high for this client
[2026-05-22T09:20:46.921Z INFO  benchmark_client] Sending sample transaction 377
[2026-05-22T09:20:46.975Z WARN  benchmark_client] Transaction rate too high for this client
[2026-05-22T09:20:46.976Z INFO  benchmark_client] Sending sample transaction 378
[2026-05-22T09:20:46.981Z INFO  benchmark_client] Sending sample transaction 379
[2026-05-22T09:20:47.212Z WARN  benchmark_client] Transaction rate too high for this client
[2026-05-22T09:20:47.213Z INFO  benchmark_client] Sending sample transaction 380
[2026-05-22T09:20:47.218Z INFO  benchmark_client] Sending sample transaction 381
[2026-05-22T09:20:47.267Z INFO  benchmark_client] Sending sample transaction 382
[2026-05-22T09:20:47.273Z INFO  benchmark_client] Sending sample transaction 383
[2026-05-22T09:20:47.275Z INFO  benchmark_client] Sending sample transaction 384
[2026-05-22T09:20:47.641Z WARN  benchmark_client] Transaction rate too high for this client
[2026-05-22T09:20:47.648Z INFO  benchmark_client] Sending sample transaction 385
[2026-05-22T09:20:47.654Z INFO  benchmark_client] Sending sample transaction 386
[2026-05-22T09:20:47.716Z INFO  benchmark_client] Sending sample transaction 387
[2026-05-22T09:20:47.718Z WARN  benchmark_client] Transaction rate too high for this client
[2026-05-22T09:20:47.720Z INFO  benchmark_client] Sending sample transaction 388
[2026-05-22T09:20:47.726Z INFO  benchmark_client] Sending sample transaction 389
[2026-05-22T09:20:47.730Z INFO  benchmark_client] Sending sample transaction 390
[2026-05-22T09:20:47.881Z WARN  benchmark_client] Transaction rate too high for this client
[2026-05-22T09:20:47.883Z INFO  benchmark_client] Sending sample transaction 391
[2026-05-22T09:20:47.891Z INFO  benchmark_client] Sending sample transaction 392
[2026-05-22T09:20:48.004Z WARN  benchmark_client] Transaction rate too high for this client
[2026-05-22T09:20:48.005Z INFO  benchmark_client] Sending sample transaction 393
[2026-05-22T09:20:48.008Z INFO  benchmark_client] Sending sample transaction 394
[2026-05-22T09:20:48.138Z WARN  benchmark_client] Transaction rate too high for this client
[2026-05-22T09:20:48.139Z INFO  benchmark_client] Sending sample transaction 395
[2026-05-22T09:20:48.143Z INFO  benchmark_client] Sending sample transaction 396
[2026-05-22T09:20:48.150Z INFO  benchmark_client] Sending sample transaction 397
[2026-05-22T09:20:48.173Z INFO  benchmark_client] Sending sample transaction 398
[2026-05-22T09:20:48.178Z INFO  benchmark_client] Sending sample transaction 399
[2026-05-22T09:20:48.353Z WARN  benchmark_client] Transaction rate too high for this client
[2026-05-22T09:20:48.353Z INFO  benchmark_client] Sending sample transaction 400
[2026-05-22T09:20:48.358Z INFO  benchmark_client] Sending sample transaction 401
[2026-05-22T09:20:48.441Z WARN  benchmark_client] Transaction rate too high for this client
[2026-05-22T09:20:48.442Z INFO  benchmark_client] Sending sample transaction 402
[2026-05-22T09:20:48.447Z INFO  benchmark_client] Sending sample transaction 403
[2026-05-22T09:20:48.638Z WARN  benchmark_client] Transaction rate too high for this client
[2026-05-22T09:20:48.639Z INFO  benchmark_client] Sending sample transaction 404
[2026-05-22T09:20:48.644Z INFO  benchmark_client] Sending sample transaction 405
[2026-05-22T09:20:48.650Z INFO  benchmark_client] Sending sample transaction 406
[2026-05-22T09:20:48.821Z WARN  benchmark_client] Transaction rate too high for this client
[2026-05-22T09:20:48.823Z INFO  benchmark_client] Sending sample transaction 407
[2026-05-22T09:20:48.834Z INFO  benchmark_client] Sending sample transaction 408
[2026-05-22T09:20:48.997Z WARN  benchmark_client] Transaction rate too high for this client
[2026-05-22T09:20:48.998Z INFO  benchmark_client] Sending sample transaction 409
[2026-05-22T09:20:49.000Z INFO  benchmark_client] Sending sample transaction 410
[2026-05-22T09:20:49.045Z INFO  benchmark_client] Sending sample transaction 411
[2026-05-22T09:20:49.049Z INFO  benchmark_client] Sending sample transaction 412
[2026-05-22T09:20:49.354Z WARN  benchmark_client] Transaction rate too high for this client
[2026-05-22T09:20:49.355Z INFO  benchmark_client] Sending sample transaction 413
[2026-05-22T09:20:49.365Z INFO  benchmark_client] Sending sample transaction 414
[2026-05-22T09:20:49.403Z INFO  benchmark_client] Sending sample transaction 415
[2026-05-22T09:20:49.407Z INFO  benchmark_client] Sending sample transaction 416
[2026-05-22T09:20:49.441Z INFO  benchmark_client] Sending sample transaction 417
[2026-05-22T09:20:49.447Z INFO  benchmark_client] Sending sample transaction 418
[2026-05-22T09:20:49.487Z INFO  benchmark_client] Sending sample transaction 419
[2026-05-22T09:20:49.494Z INFO  benchmark_client] Sending sample transaction 420
[2026-05-22T09:20:49.501Z INFO  benchmark_client] Sending sample transaction 421
[2026-05-22T09:20:49.540Z INFO  benchmark_client] Sending sample transaction 422
[2026-05-22T09:20:49.648Z INFO  benchmark_client] Sending sample transaction 423
[2026-05-22T09:20:49.651Z WARN  benchmark_client] Transaction rate too high for this client
[2026-05-22T09:20:49.652Z INFO  benchmark_client] Sending sample transaction 424
[2026-05-22T09:20:49.691Z INFO  benchmark_client] Sending sample transaction 425
[2026-05-22T09:20:49.695Z INFO  benchmark_client] Sending sample transaction 426
[2026-05-22T09:20:49.732Z INFO  benchmark_client] Sending sample transaction 427
[2026-05-22T09:20:49.734Z INFO  benchmark_client] Sending sample transaction 428
[2026-05-22T09:20:49.771Z INFO  benchmark_client] Sending sample transaction 429
[2026-05-22T09:20:49.774Z INFO  benchmark_client] Sending sample transaction 430
[2026-05-22T09:20:49.924Z WARN  benchmark_client] Transaction rate too high for this client
[2026-05-22T09:20:49.924Z INFO  benchmark_client] Sending sample transaction 431
[2026-05-22T09:20:49.929Z INFO  benchmark_client] Sending sample transaction 432
[2026-05-22T09:20:50.058Z INFO  benchmark_client] Sending sample transaction 433
[2026-05-22T09:20:50.063Z WARN  benchmark_client] Transaction rate too high for this client
[2026-05-22T09:20:50.064Z INFO  benchmark_client] Sending sample transaction 434
[2026-05-22T09:20:50.565Z INFO  benchmark_client] Sending sample transaction 435
[2026-05-22T09:20:50.566Z WARN  benchmark_client] Transaction rate too high for this client
[2026-05-22T09:20:50.571Z INFO  benchmark_client] Sending sample transaction 436
[2026-05-22T09:20:50.578Z INFO  benchmark_client] Sending sample transaction 437
[2026-05-22T09:20:50.716Z WARN  benchmark_client] Transaction rate too high for this client
[2026-05-22T09:20:50.721Z INFO  benchmark_client] Sending sample transaction 438
[2026-05-22T09:20:50.728Z INFO  benchmark_client] Sending sample transaction 439
[2026-05-22T09:20:50.924Z WARN  benchmark_client] Transaction rate too high for this client
[2026-05-22T09:20:50.925Z INFO  benchmark_client] Sending sample transaction 440
[2026-05-22T09:20:50.933Z INFO  benchmark_client] Sending sample transaction 441
[2026-05-22T09:20:50.939Z INFO  benchmark_client] Sending sample transaction 442
[2026-05-22T09:20:51.407Z WARN  benchmark_client] Transaction rate too high for this client
[2026-05-22T09:20:51.410Z INFO  benchmark_client] Sending sample transaction 443
[2026-05-22T09:20:51.415Z INFO  benchmark_client] Sending sample transaction 444
[2026-05-22T09:20:51.543Z WARN  benchmark_client] Transaction rate too high for this client
[2026-05-22T09:20:51.545Z INFO  benchmark_client] Sending sample transaction 445
[2026-05-22T09:20:51.550Z INFO  benchmark_client] Sending sample transaction 446
[2026-05-22T09:20:51.598Z INFO  benchmark_client] Sending sample transaction 447
[2026-05-22T09:20:51.605Z INFO  benchmark_client] Sending sample transaction 448
[2026-05-22T09:20:51.667Z WARN  benchmark_client] Transaction rate too high for this client
[2026-05-22T09:20:51.668Z INFO  benchmark_client] Sending sample transaction 449
[2026-05-22T09:20:51.674Z INFO  benchmark_client] Sending sample transaction 450
[2026-05-22T09:20:51.746Z INFO  benchmark_client] Sending sample transaction 451
[2026-05-22T09:20:51.750Z WARN  benchmark_client] Transaction rate too high for this client
[2026-05-22T09:20:51.751Z INFO  benchmark_client] Sending sample transaction 452
[2026-05-22T09:20:51.753Z INFO  benchmark_client] Sending sample transaction 453
[2026-05-22T09:20:51.781Z INFO  benchmark_client] Sending sample transaction 454
[2026-05-22T09:20:51.786Z INFO  benchmark_client] Sending sample transaction 455
[2026-05-22T09:20:51.827Z INFO  benchmark_client] Sending sample transaction 456
[2026-05-22T09:20:51.831Z INFO  benchmark_client] Sending sample transaction 457
[2026-05-22T09:20:52.048Z WARN  benchmark_client] Transaction rate too high for this client
[2026-05-22T09:20:52.050Z INFO  benchmark_client] Sending sample transaction 458
[2026-05-22T09:20:52.056Z INFO  benchmark_client] Sending sample transaction 459
[2026-05-22T09:20:52.285Z WARN  benchmark_client] Transaction rate too high for this client
[2026-05-22T09:20:52.286Z INFO  benchmark_client] Sending sample transaction 460
[2026-05-22T09:20:52.293Z INFO  benchmark_client] Sending sample transaction 461
[2026-05-22T09:20:52.477Z INFO  benchmark_client] Sending sample transaction 462
[2026-05-22T09:20:52.479Z WARN  benchmark_client] Transaction rate too high for this client
[2026-05-22T09:20:52.486Z INFO  benchmark_client] Sending sample transaction 463
[2026-05-22T09:20:52.491Z INFO  benchmark_client] Sending sample transaction 464
[2026-05-22T09:20:52.618Z WARN  benchmark_client] Transaction rate too high for this client
[2026-05-22T09:20:52.622Z INFO  benchmark_client] Sending sample transaction 465
[2026-05-22T09:20:52.624Z INFO  benchmark_client] Sending sample transaction 466
[2026-05-22T09:20:52.759Z WARN  benchmark_client] Transaction rate too high for this client
[2026-05-22T09:20:52.760Z INFO  benchmark_client] Sending sample transaction 467
[2026-05-22T09:20:52.762Z INFO  benchmark_client] Sending sample transaction 468
[2026-05-22T09:20:52.770Z INFO  benchmark_client] Sending sample transaction 469
[2026-05-22T09:20:52.804Z INFO  benchmark_client] Sending sample transaction 470
[2026-05-22T09:20:52.809Z INFO  benchmark_client] Sending sample transaction 471
[2026-05-22T09:20:52.934Z WARN  benchmark_client] Transaction rate too high for this client
[2026-05-22T09:20:52.935Z INFO  benchmark_client] Sending sample transaction 472
[2026-05-22T09:20:52.940Z INFO  benchmark_client] Sending sample transaction 473
[2026-05-22T09:20:52.984Z INFO  benchmark_client] Sending sample transaction 474
[2026-05-22T09:20:52.989Z INFO  benchmark_client] Sending sample transaction 475
[2026-05-22T09:20:53.063Z WARN  benchmark_client] Transaction rate too high for this client
[2026-05-22T09:20:53.064Z INFO  benchmark_client] Sending sample transaction 476
[2026-05-22T09:20:53.074Z INFO  benchmark_client] Sending sample transaction 477
[2026-05-22T09:20:53.303Z WARN  benchmark_client] Transaction rate too high for this client
[2026-05-22T09:20:53.304Z INFO  benchmark_client] Sending sample transaction 478
[2026-05-22T09:20:53.316Z INFO  benchmark_client] Sending sample transaction 479
[2026-05-22T09:20:53.322Z INFO  benchmark_client] Sending sample transaction 480
[2026-05-22T09:20:53.355Z INFO  benchmark_client] Sending sample transaction 481
[2026-05-22T09:20:53.364Z INFO  benchmark_client] Sending sample transaction 482
[2026-05-22T09:20:53.427Z WARN  benchmark_client] Transaction rate too high for this client
[2026-05-22T09:20:53.428Z INFO  benchmark_client] Sending sample transaction 483
[2026-05-22T09:20:53.433Z INFO  benchmark_client] Sending sample transaction 484
[2026-05-22T09:20:53.445Z INFO  benchmark_client] Sending sample transaction 485
[2026-05-22T09:20:53.451Z INFO  benchmark_client] Sending sample transaction 486
[2026-05-22T09:20:53.460Z INFO  benchmark_client] Sending sample transaction 487
[2026-05-22T09:20:53.490Z INFO  benchmark_client] Sending sample transaction 488
[2026-05-22T09:20:53.495Z INFO  benchmark_client] Sending sample transaction 489
[2026-05-22T09:20:53.536Z INFO  benchmark_client] Sending sample transaction 490
[2026-05-22T09:20:53.543Z INFO  benchmark_client] Sending sample transaction 491
[2026-05-22T09:20:53.590Z INFO  benchmark_client] Sending sample transaction 492
[2026-05-22T09:20:53.596Z INFO  benchmark_client] Sending sample transaction 493
[2026-05-22T09:20:53.665Z INFO  benchmark_client] Sending sample transaction 494
[2026-05-22T09:20:53.669Z WARN  benchmark_client] Transaction rate too high for this client
[2026-05-22T09:20:53.670Z INFO  benchmark_client] Sending sample transaction 495
[2026-05-22T09:20:53.676Z INFO  benchmark_client] Sending sample transaction 496
[2026-05-22T09:20:53.796Z WARN  benchmark_client] Transaction rate too high for this client
[2026-05-22T09:20:53.797Z INFO  benchmark_client] Sending sample transaction 497
[2026-05-22T09:20:53.805Z INFO  benchmark_client] Sending sample transaction 498
[2026-05-22T09:20:54.059Z WARN  benchmark_client] Transaction rate too high for this client
[2026-05-22T09:20:54.060Z INFO  benchmark_client] Sending sample transaction 499
[2026-05-22T09:20:54.065Z INFO  benchmark_client] Sending sample transaction 500
[2026-05-22T09:20:54.535Z INFO  benchmark_client] Sending sample transaction 501
[2026-05-22T09:20:54.540Z WARN  benchmark_client] Transaction rate too high for this client
[2026-05-22T09:20:54.541Z INFO  benchmark_client] Sending sample transaction 502
[2026-05-22T09:20:54.600Z INFO  benchmark_client] Sending sample transaction 503
[2026-05-22T09:20:54.604Z WARN  benchmark_client] Transaction rate too high for this client
[2026-05-22T09:20:54.606Z INFO  benchmark_client] Sending sample transaction 504
[2026-05-22T09:20:54.612Z INFO  benchmark_client] Sending sample transaction 505
[2026-05-22T09:20:54.657Z INFO  benchmark_client] Sending sample transaction 506
[2026-05-22T09:20:54.664Z INFO  benchmark_client] Sending sample transaction 507
[2026-05-22T09:20:54.668Z INFO  benchmark_client] Sending sample transaction 508
[2026-05-22T09:20:54.878Z WARN  benchmark_client] Transaction rate too high for this client
[2026-05-22T09:20:54.879Z INFO  benchmark_client] Sending sample transaction 509
[2026-05-22T09:20:54.881Z INFO  benchmark_client] Sending sample transaction 510
[2026-05-22T09:20:54.886Z INFO  benchmark_client] Sending sample transaction 511
[2026-05-22T09:20:54.922Z INFO  benchmark_client] Sending sample transaction 512
[2026-05-22T09:20:54.927Z INFO  benchmark_client] Sending sample transaction 513
[2026-05-22T09:20:54.980Z WARN  benchmark_client] Transaction rate too high for this client
[2026-05-22T09:20:54.981Z INFO  benchmark_client] Sending sample transaction 514
[2026-05-22T09:20:54.987Z INFO  benchmark_client] Sending sample transaction 515
[2026-05-22T09:20:54.990Z INFO  benchmark_client] Sending sample transaction 516
[2026-05-22T09:20:55.088Z WARN  benchmark_client] Transaction rate too high for this client
[2026-05-22T09:20:55.092Z INFO  benchmark_client] Sending sample transaction 517
[2026-05-22T09:20:55.099Z INFO  benchmark_client] Sending sample transaction 518
[2026-05-22T09:20:55.111Z INFO  benchmark_client] Sending sample transaction 519
[2026-05-22T09:20:55.193Z INFO  benchmark_client] Sending sample transaction 520
[2026-05-22T09:20:55.194Z WARN  benchmark_client] Transaction rate too high for this client
[2026-05-22T09:20:55.196Z INFO  benchmark_client] Sending sample transaction 521
[2026-05-22T09:20:55.243Z INFO  benchmark_client] Sending sample transaction 522
[2026-05-22T09:20:55.250Z INFO  benchmark_client] Sending sample transaction 523
[2026-05-22T09:20:55.257Z INFO  benchmark_client] Sending sample transaction 524
[2026-05-22T09:20:55.414Z WARN  benchmark_client] Transaction rate too high for this client
[2026-05-22T09:20:55.417Z INFO  benchmark_client] Sending sample transaction 525
[2026-05-22T09:20:55.423Z INFO  benchmark_client] Sending sample transaction 526
[2026-05-22T09:20:55.471Z WARN  benchmark_client] Transaction rate too high for this client
[2026-05-22T09:20:55.472Z INFO  benchmark_client] Sending sample transaction 527
[2026-05-22T09:20:55.478Z INFO  benchmark_client] Sending sample transaction 528
[2026-05-22T09:20:55.571Z INFO  benchmark_client] Sending sample transaction 529
[2026-05-22T09:20:55.573Z WARN  benchmark_client] Transaction rate too high for this client
[2026-05-22T09:20:55.575Z INFO  benchmark_client] Sending sample transaction 530
[2026-05-22T09:20:55.642Z WARN  benchmark_client] Transaction rate too high for this client
[2026-05-22T09:20:55.643Z INFO  benchmark_client] Sending sample transaction 531
[2026-05-22T09:20:55.651Z INFO  benchmark_client] Sending sample transaction 532
[2026-05-22T09:20:55.756Z INFO  benchmark_client] Sending sample transaction 533
[2026-05-22T09:20:55.757Z WARN  benchmark_client] Transaction rate too high for this client
[2026-05-22T09:20:55.762Z INFO  benchmark_client] Sending sample transaction 534
[2026-05-22T09:20:56.075Z INFO  benchmark_client] Sending sample transaction 535
[2026-05-22T09:20:56.077Z WARN  benchmark_client] Transaction rate too high for this client
[2026-05-22T09:20:56.078Z INFO  benchmark_client] Sending sample transaction 536
[2026-05-22T09:20:56.222Z INFO  benchmark_client] Sending sample transaction 537
[2026-05-22T09:20:56.227Z WARN  benchmark_client] Transaction rate too high for this client
[2026-05-22T09:20:56.228Z INFO  benchmark_client] Sending sample transaction 538
[2026-05-22T09:20:56.520Z INFO  benchmark_client] Sending sample transaction 539
[2026-05-22T09:20:56.521Z WARN  benchmark_client] Transaction rate too high for this client
[2026-05-22T09:20:56.526Z INFO  benchmark_client] Sending sample transaction 540
[2026-05-22T09:20:56.533Z INFO  benchmark_client] Sending sample transaction 541
[2026-05-22T09:20:57.184Z WARN  benchmark_client] Transaction rate too high for this client
[2026-05-22T09:20:57.185Z INFO  benchmark_client] Sending sample transaction 542
[2026-05-22T09:20:57.196Z INFO  benchmark_client] Sending sample transaction 543
[2026-05-22T09:20:57.274Z INFO  benchmark_client] Sending sample transaction 544
[2026-05-22T09:20:57.275Z WARN  benchmark_client] Transaction rate too high for this client
[2026-05-22T09:20:57.277Z INFO  benchmark_client] Sending sample transaction 545
[2026-05-22T09:20:57.281Z INFO  benchmark_client] Sending sample transaction 546
[2026-05-22T09:20:57.335Z WARN  benchmark_client] Transaction rate too high for this client
[2026-05-22T09:20:57.336Z INFO  benchmark_client] Sending sample transaction 547
[2026-05-22T09:20:57.340Z INFO  benchmark_client] Sending sample transaction 548
[2026-05-22T09:20:57.367Z INFO  benchmark_client] Sending sample transaction 549
[2026-05-22T09:20:57.372Z INFO  benchmark_client] Sending sample transaction 550
[2026-05-22T09:20:57.388Z INFO  benchmark_client] Sending sample transaction 551
[2026-05-22T09:20:57.390Z INFO  benchmark_client] Sending sample transaction 552
[2026-05-22T09:20:57.471Z INFO  benchmark_client] Sending sample transaction 553
[2026-05-22T09:20:57.473Z WARN  benchmark_client] Transaction rate too high for this client
[2026-05-22T09:20:57.474Z INFO  benchmark_client] Sending sample transaction 554
[2026-05-22T09:20:57.507Z INFO  benchmark_client] Sending sample transaction 555
[2026-05-22T09:20:57.514Z INFO  benchmark_client] Sending sample transaction 556
[2026-05-22T09:20:57.522Z INFO  benchmark_client] Sending sample transaction 557
[2026-05-22T09:20:57.847Z WARN  benchmark_client] Transaction rate too high for this client
[2026-05-22T09:20:57.848Z INFO  benchmark_client] Sending sample transaction 558
[2026-05-22T09:20:57.855Z INFO  benchmark_client] Sending sample transaction 559
[2026-05-22T09:20:58.047Z INFO  benchmark_client] Sending sample transaction 560
[2026-05-22T09:20:58.049Z WARN  benchmark_client] Transaction rate too high for this client
[2026-05-22T09:20:58.050Z INFO  benchmark_client] Sending sample transaction 561
[2026-05-22T09:20:58.154Z INFO  benchmark_client] Sending sample transaction 562
[2026-05-22T09:20:58.156Z WARN  benchmark_client] Transaction rate too high for this client
[2026-05-22T09:20:58.157Z INFO  benchmark_client] Sending sample transaction 563
[2026-05-22T09:20:58.163Z INFO  benchmark_client] Sending sample transaction 564
[2026-05-22T09:20:58.509Z WARN  benchmark_client] Transaction rate too high for this client
[2026-05-22T09:20:58.510Z INFO  benchmark_client] Sending sample transaction 565
[2026-05-22T09:20:58.655Z INFO  benchmark_client] Sending sample transaction 566
[2026-05-22T09:20:58.656Z WARN  benchmark_client] Transaction rate too high for this client
[2026-05-22T09:20:58.657Z INFO  benchmark_client] Sending sample transaction 567
[2026-05-22T09:20:58.662Z INFO  benchmark_client] Sending sample transaction 568
[2026-05-22T09:20:58.721Z WARN  benchmark_client] Transaction rate too high for this client
[2026-05-22T09:20:58.722Z INFO  benchmark_client] Sending sample transaction 569
[2026-05-22T09:20:58.732Z INFO  benchmark_client] Sending sample transaction 570
[2026-05-22T09:20:59.004Z WARN  benchmark_client] Transaction rate too high for this client
[2026-05-22T09:20:59.005Z INFO  benchmark_client] Sending sample transaction 571
[2026-05-22T09:20:59.009Z INFO  benchmark_client] Sending sample transaction 572
[2026-05-22T09:20:59.038Z INFO  benchmark_client] Sending sample transaction 573
[2026-05-22T09:20:59.041Z INFO  benchmark_client] Sending sample transaction 574
[2026-05-22T09:20:59.071Z INFO  benchmark_client] Sending sample transaction 575
[2026-05-22T09:20:59.073Z INFO  benchmark_client] Sending sample transaction 576
[2026-05-22T09:20:59.144Z WARN  benchmark_client] Transaction rate too high for this client
[2026-05-22T09:20:59.148Z INFO  benchmark_client] Sending sample transaction 577
[2026-05-22T09:20:59.155Z INFO  benchmark_client] Sending sample transaction 578
[2026-05-22T09:20:59.190Z INFO  benchmark_client] Sending sample transaction 579
[2026-05-22T09:20:59.196Z INFO  benchmark_client] Sending sample transaction 580
[2026-05-22T09:20:59.239Z INFO  benchmark_client] Sending sample transaction 581
[2026-05-22T09:20:59.248Z INFO  benchmark_client] Sending sample transaction 582
[2026-05-22T09:20:59.358Z WARN  benchmark_client] Transaction rate too high for this client
[2026-05-22T09:20:59.359Z INFO  benchmark_client] Sending sample transaction 583
[2026-05-22T09:20:59.368Z INFO  benchmark_client] Sending sample transaction 584
[2026-05-22T09:20:59.374Z INFO  benchmark_client] Sending sample transaction 585
[2026-05-22T09:20:59.418Z INFO  benchmark_client] Sending sample transaction 586
[2026-05-22T09:20:59.423Z INFO  benchmark_client] Sending sample transaction 587
[2026-05-22T09:20:59.511Z INFO  benchmark_client] Sending sample transaction 588
[2026-05-22T09:20:59.512Z WARN  benchmark_client] Transaction rate too high for this client
[2026-05-22T09:20:59.518Z INFO  benchmark_client] Sending sample transaction 589
[2026-05-22T09:20:59.524Z INFO  benchmark_client] Sending sample transaction 590
[2026-05-22T09:20:59.807Z INFO  benchmark_client] Sending sample transaction 591
[2026-05-22T09:20:59.811Z WARN  benchmark_client] Transaction rate too high for this client
[2026-05-22T09:20:59.812Z INFO  benchmark_client] Sending sample transaction 592
[2026-05-22T09:20:59.873Z INFO  benchmark_client] Sending sample transaction 593
[2026-05-22T09:20:59.877Z WARN  benchmark_client] Transaction rate too high for this client
[2026-05-22T09:20:59.879Z INFO  benchmark_client] Sending sample transaction 594
[2026-05-22T09:20:59.886Z INFO  benchmark_client] Sending sample transaction 595
[2026-05-22T09:20:59.940Z INFO  benchmark_client] Sending sample transaction 596
[2026-05-22T09:20:59.943Z WARN  benchmark_client] Transaction rate too high for this client
[2026-05-22T09:20:59.944Z INFO  benchmark_client] Sending sample transaction 597
[2026-05-22T09:21:00.077Z INFO  benchmark_client] Sending sample transaction 598
[2026-05-22T09:21:00.078Z WARN  benchmark_client] Transaction rate too high for this client
[2026-05-22T09:21:00.084Z INFO  benchmark_client] Sending sample transaction 599
[2026-05-22T09:21:00.247Z INFO  benchmark_client] Sending sample transaction 600
[2026-05-22T09:21:00.248Z WARN  benchmark_client] Transaction rate too high for this client
[2026-05-22T09:21:00.251Z INFO  benchmark_client] Sending sample transaction 601
[2026-05-22T09:21:00.345Z INFO  benchmark_client] Sending sample transaction 602
[2026-05-22T09:21:00.346Z WARN  benchmark_client] Transaction rate too high for this client
[2026-05-22T09:21:00.349Z INFO  benchmark_client] Sending sample transaction 603
[2026-05-22T09:21:00.453Z INFO  benchmark_client] Sending sample transaction 604
[2026-05-22T09:21:00.454Z WARN  benchmark_client] Transaction rate too high for this client
[2026-05-22T09:21:00.459Z INFO  benchmark_client] Sending sample transaction 605
[2026-05-22T09:21:00.610Z INFO  benchmark_client] Sending sample transaction 606
[2026-05-22T09:21:00.613Z WARN  benchmark_client] Transaction rate too high for this client
[2026-05-22T09:21:00.614Z INFO  benchmark_client] Sending sample transaction 607
[2026-05-22T09:21:00.833Z INFO  benchmark_client] Sending sample transaction 608
[2026-05-22T09:21:00.834Z WARN  benchmark_client] Transaction rate too high for this client
[2026-05-22T09:21:00.838Z INFO  benchmark_client] Sending sample transaction 609
[2026-05-22T09:21:01.074Z INFO  benchmark_client] Sending sample transaction 610
[2026-05-22T09:21:01.075Z WARN  benchmark_client] Transaction rate too high for this client
[2026-05-22T09:21:01.079Z INFO  benchmark_client] Sending sample transaction 611
[2026-05-22T09:21:01.364Z INFO  benchmark_client] Sending sample transaction 612
[2026-05-22T09:21:01.365Z WARN  benchmark_client] Transaction rate too high for this client
[2026-05-22T09:21:01.369Z INFO  benchmark_client] Sending sample transaction 613
[2026-05-22T09:21:01.376Z INFO  benchmark_client] Sending sample transaction 614
[2026-05-22T09:21:01.450Z WARN  benchmark_client] Transaction rate too high for this client
[2026-05-22T09:21:01.453Z INFO  benchmark_client] Sending sample transaction 615
[2026-05-22T09:21:01.457Z INFO  benchmark_client] Sending sample transaction 616
[2026-05-22T09:21:01.498Z INFO  benchmark_client] Sending sample transaction 617
[2026-05-22T09:21:01.504Z INFO  benchmark_client] Sending sample transaction 618
[2026-05-22T09:21:01.627Z INFO  benchmark_client] Sending sample transaction 619
[2026-05-22T09:21:01.628Z WARN  benchmark_client] Transaction rate too high for this client
[2026-05-22T09:21:01.629Z INFO  benchmark_client] Sending sample transaction 620
[2026-05-22T09:21:01.681Z INFO  benchmark_client] Sending sample transaction 621
[2026-05-22T09:21:01.686Z WARN  benchmark_client] Transaction rate too high for this client
[2026-05-22T09:21:01.689Z INFO  benchmark_client] Sending sample transaction 622
[2026-05-22T09:21:01.693Z INFO  benchmark_client] Sending sample transaction 623
[2026-05-22T09:21:01.700Z INFO  benchmark_client] Sending sample transaction 624
[2026-05-22T09:21:01.705Z INFO  benchmark_client] Sending sample transaction 625
[2026-05-22T09:21:01.756Z WARN  benchmark_client] Transaction rate too high for this client
[2026-05-22T09:21:01.766Z INFO  benchmark_client] Sending sample transaction 626
[2026-05-22T09:21:01.772Z INFO  benchmark_client] Sending sample transaction 627
[2026-05-22T09:21:01.776Z INFO  benchmark_client] Sending sample transaction 628
[2026-05-22T09:21:01.848Z WARN  benchmark_client] Transaction rate too high for this client
[2026-05-22T09:21:01.850Z INFO  benchmark_client] Sending sample transaction 629
[2026-05-22T09:21:01.856Z INFO  benchmark_client] Sending sample transaction 630
[2026-05-22T09:21:01.902Z INFO  benchmark_client] Sending sample transaction 631
[2026-05-22T09:21:01.906Z INFO  benchmark_client] Sending sample transaction 632
[2026-05-22T09:21:01.935Z INFO  benchmark_client] Sending sample transaction 633
[2026-05-22T09:21:01.942Z INFO  benchmark_client] Sending sample transaction 634
[2026-05-22T09:21:02.250Z INFO  benchmark_client] Sending sample transaction 635
[2026-05-22T09:21:02.253Z WARN  benchmark_client] Transaction rate too high for this client
[2026-05-22T09:21:02.254Z INFO  benchmark_client] Sending sample transaction 636
[2026-05-22T09:21:02.530Z INFO  benchmark_client] Sending sample transaction 637
[2026-05-22T09:21:02.531Z WARN  benchmark_client] Transaction rate too high for this client
[2026-05-22T09:21:02.536Z INFO  benchmark_client] Sending sample transaction 638
[2026-05-22T09:21:02.543Z INFO  benchmark_client] Sending sample transaction 639
[2026-05-22T09:21:02.667Z WARN  benchmark_client] Transaction rate too high for this client
[2026-05-22T09:21:02.668Z INFO  benchmark_client] Sending sample transaction 640
[2026-05-22T09:21:02.674Z INFO  benchmark_client] Sending sample transaction 641
[2026-05-22T09:21:02.830Z WARN  benchmark_client] Transaction rate too high for this client
[2026-05-22T09:21:02.831Z INFO  benchmark_client] Sending sample transaction 642
[2026-05-22T09:21:02.837Z INFO  benchmark_client] Sending sample transaction 643
[2026-05-22T09:21:02.907Z WARN  benchmark_client] Transaction rate too high for this client
[2026-05-22T09:21:02.912Z INFO  benchmark_client] Sending sample transaction 644
[2026-05-22T09:21:02.918Z INFO  benchmark_client] Sending sample transaction 645
[2026-05-22T09:21:03.079Z WARN  benchmark_client] Transaction rate too high for this client
[2026-05-22T09:21:03.080Z INFO  benchmark_client] Sending sample transaction 646
[2026-05-22T09:21:03.085Z INFO  benchmark_client] Sending sample transaction 647
[2026-05-22T09:21:03.377Z INFO  benchmark_client] Sending sample transaction 648
[2026-05-22T09:21:03.379Z WARN  benchmark_client] Transaction rate too high for this client
[2026-05-22T09:21:03.380Z INFO  benchmark_client] Sending sample transaction 649
[2026-05-22T09:21:03.387Z INFO  benchmark_client] Sending sample transaction 650
[2026-05-22T09:21:03.498Z WARN  benchmark_client] Transaction rate too high for this client
[2026-05-22T09:21:03.503Z INFO  benchmark_client] Sending sample transaction 651
[2026-05-22T09:21:03.507Z INFO  benchmark_client] Sending sample transaction 652
[2026-05-22T09:21:03.628Z WARN  benchmark_client] Transaction rate too high for this client
[2026-05-22T09:21:03.629Z INFO  benchmark_client] Sending sample transaction 653
[2026-05-22T09:21:03.632Z INFO  benchmark_client] Sending sample transaction 654
[2026-05-22T09:21:03.641Z INFO  benchmark_client] Sending sample transaction 655
[2026-05-22T09:21:03.780Z WARN  benchmark_client] Transaction rate too high for this client
[2026-05-22T09:21:03.784Z INFO  benchmark_client] Sending sample transaction 656
[2026-05-22T09:21:03.787Z INFO  benchmark_client] Sending sample transaction 657
[2026-05-22T09:21:03.833Z INFO  benchmark_client] Sending sample transaction 658
[2026-05-22T09:21:03.844Z INFO  benchmark_client] Sending sample transaction 659
[2026-05-22T09:21:04.159Z WARN  benchmark_client] Transaction rate too high for this client
[2026-05-22T09:21:04.160Z INFO  benchmark_client] Sending sample transaction 660
[2026-05-22T09:21:04.165Z INFO  benchmark_client] Sending sample transaction 661
[2026-05-22T09:21:04.266Z WARN  benchmark_client] Transaction rate too high for this client
[2026-05-22T09:21:04.269Z INFO  benchmark_client] Sending sample transaction 662
[2026-05-22T09:21:04.272Z INFO  benchmark_client] Sending sample transaction 663
[2026-05-22T09:21:04.299Z INFO  benchmark_client] Sending sample transaction 664
[2026-05-22T09:21:04.304Z INFO  benchmark_client] Sending sample transaction 665
[2026-05-22T09:21:04.306Z INFO  benchmark_client] Sending sample transaction 666
[2026-05-22T09:21:04.396Z INFO  benchmark_client] Sending sample transaction 667
[2026-05-22T09:21:04.399Z WARN  benchmark_client] Transaction rate too high for this client
[2026-05-22T09:21:04.402Z INFO  benchmark_client] Sending sample transaction 668
[2026-05-22T09:21:04.404Z INFO  benchmark_client] Sending sample transaction 669
[2026-05-22T09:21:04.463Z WARN  benchmark_client] Transaction rate too high for this client
[2026-05-22T09:21:04.468Z INFO  benchmark_client] Sending sample transaction 670
[2026-05-22T09:21:04.475Z INFO  benchmark_client] Sending sample transaction 671
[2026-05-22T09:21:04.662Z WARN  benchmark_client] Transaction rate too high for this client
[2026-05-22T09:21:04.663Z INFO  benchmark_client] Sending sample transaction 672
[2026-05-22T09:21:04.669Z INFO  benchmark_client] Sending sample transaction 673
[2026-05-22T09:21:04.972Z INFO  benchmark_client] Sending sample transaction 674
[2026-05-22T09:21:04.975Z WARN  benchmark_client] Transaction rate too high for this client
[2026-05-22T09:21:04.977Z INFO  benchmark_client] Sending sample transaction 675
[2026-05-22T09:21:05.047Z INFO  benchmark_client] Sending sample transaction 676
[2026-05-22T09:21:05.048Z WARN  benchmark_client] Transaction rate too high for this client
[2026-05-22T09:21:05.051Z INFO  benchmark_client] Sending sample transaction 677
[2026-05-22T09:21:05.116Z INFO  benchmark_client] Sending sample transaction 678
[2026-05-22T09:21:05.118Z WARN  benchmark_client] Transaction rate too high for this client
[2026-05-22T09:21:05.121Z INFO  benchmark_client] Sending sample transaction 679
[2026-05-22T09:21:05.166Z INFO  benchmark_client] Sending sample transaction 680
[2026-05-22T09:21:05.169Z INFO  benchmark_client] Sending sample transaction 681
[2026-05-22T09:21:05.225Z INFO  benchmark_client] Sending sample transaction 682
[2026-05-22T09:21:05.226Z WARN  benchmark_client] Transaction rate too high for this client
[2026-05-22T09:21:05.229Z INFO  benchmark_client] Sending sample transaction 683
[2026-05-22T09:21:05.234Z INFO  benchmark_client] Sending sample transaction 684
[2026-05-22T09:21:05.301Z WARN  benchmark_client] Transaction rate too high for this client
[2026-05-22T09:21:05.305Z INFO  benchmark_client] Sending sample transaction 685
[2026-05-22T09:21:05.309Z INFO  benchmark_client] Sending sample transaction 686
[2026-05-22T09:21:05.354Z INFO  benchmark_client] Sending sample transaction 687
[2026-05-22T09:21:05.362Z INFO  benchmark_client] Sending sample transaction 688
[2026-05-22T09:21:05.366Z INFO  benchmark_client] Sending sample transaction 689
[2026-05-22T09:21:05.414Z INFO  benchmark_client] Sending sample transaction 690
[2026-05-22T09:21:05.455Z INFO  benchmark_client] Sending sample transaction 691
[2026-05-22T09:21:05.460Z INFO  benchmark_client] Sending sample transaction 692
[2026-05-22T09:21:05.465Z INFO  benchmark_client] Sending sample transaction 693
[2026-05-22T09:21:05.520Z WARN  benchmark_client] Transaction rate too high for this client
[2026-05-22T09:21:05.521Z INFO  benchmark_client] Sending sample transaction 694
[2026-05-22T09:21:05.528Z INFO  benchmark_client] Sending sample transaction 695
[2026-05-22T09:21:05.579Z INFO  benchmark_client] Sending sample transaction 696
[2026-05-22T09:21:05.583Z INFO  benchmark_client] Sending sample transaction 697
[2026-05-22T09:21:05.588Z INFO  benchmark_client] Sending sample transaction 698
[2026-05-22T09:21:05.650Z WARN  benchmark_client] Transaction rate too high for this client
[2026-05-22T09:21:05.652Z INFO  benchmark_client] Sending sample transaction 699
[2026-05-22T09:21:05.657Z INFO  benchmark_client] Sending sample transaction 700
[2026-05-22T09:21:05.744Z WARN  benchmark_client] Transaction rate too high for this client
[2026-05-22T09:21:05.745Z INFO  benchmark_client] Sending sample transaction 701
[2026-05-22T09:21:05.756Z INFO  benchmark_client] Sending sample transaction 702
[2026-05-22T09:21:05.992Z INFO  benchmark_client] Sending sample transaction 703
[2026-05-22T09:21:05.993Z WARN  benchmark_client] Transaction rate too high for this client
[2026-05-22T09:21:05.997Z INFO  benchmark_client] Sending sample transaction 704
[2026-05-22T09:21:06.001Z INFO  benchmark_client] Sending sample transaction 705
[2026-05-22T09:21:06.047Z INFO  benchmark_client] Sending sample transaction 706
[2026-05-22T09:21:06.052Z INFO  benchmark_client] Sending sample transaction 707
[2026-05-22T09:21:06.109Z WARN  benchmark_client] Transaction rate too high for this client
[2026-05-22T09:21:06.113Z INFO  benchmark_client] Sending sample transaction 708
[2026-05-22T09:21:06.120Z INFO  benchmark_client] Sending sample transaction 709
[2026-05-22T09:21:06.153Z INFO  benchmark_client] Sending sample transaction 710
[2026-05-22T09:21:06.157Z INFO  benchmark_client] Sending sample transaction 711
[2026-05-22T09:21:06.243Z INFO  benchmark_client] Sending sample transaction 712
[2026-05-22T09:21:06.246Z WARN  benchmark_client] Transaction rate too high for this client
[2026-05-22T09:21:06.247Z INFO  benchmark_client] Sending sample transaction 713
[2026-05-22T09:21:06.255Z INFO  benchmark_client] Sending sample transaction 714
[2026-05-22T09:21:06.330Z WARN  benchmark_client] Transaction rate too high for this client
[2026-05-22T09:21:06.333Z INFO  benchmark_client] Sending sample transaction 715
[2026-05-22T09:21:06.339Z INFO  benchmark_client] Sending sample transaction 716
[2026-05-22T09:21:06.378Z INFO  benchmark_client] Sending sample transaction 717
[2026-05-22T09:21:06.383Z INFO  benchmark_client] Sending sample transaction 718
[2026-05-22T09:21:06.421Z INFO  benchmark_client] Sending sample transaction 719
[2026-05-22T09:21:06.425Z INFO  benchmark_client] Sending sample transaction 720
[2026-05-22T09:21:06.430Z INFO  benchmark_client] Sending sample transaction 721
[2026-05-22T09:21:06.482Z INFO  benchmark_client] Sending sample transaction 722
[2026-05-22T09:21:06.483Z WARN  benchmark_client] Transaction rate too high for this client
[2026-05-22T09:21:06.484Z INFO  benchmark_client] Sending sample transaction 723
[2026-05-22T09:21:06.507Z INFO  benchmark_client] Sending sample transaction 724
[2026-05-22T09:21:06.510Z INFO  benchmark_client] Sending sample transaction 725
[2026-05-22T09:21:06.512Z INFO  benchmark_client] Sending sample transaction 726
[2026-05-22T09:21:06.533Z INFO  benchmark_client] Sending sample transaction 727
[2026-05-22T09:21:06.535Z INFO  benchmark_client] Sending sample transaction 728
[2026-05-22T09:21:06.541Z INFO  benchmark_client] Sending sample transaction 729
[2026-05-22T09:21:06.568Z INFO  benchmark_client] Sending sample transaction 730
[2026-05-22T09:21:06.570Z INFO  benchmark_client] Sending sample transaction 731
[2026-05-22T09:21:06.600Z INFO  benchmark_client] Sending sample transaction 732
[2026-05-22T09:21:06.607Z INFO  benchmark_client] Sending sample transaction 733
[2026-05-22T09:21:06.612Z INFO  benchmark_client] Sending sample transaction 734
[2026-05-22T09:21:06.643Z INFO  benchmark_client] Sending sample transaction 735
[2026-05-22T09:21:06.650Z INFO  benchmark_client] Sending sample transaction 736
[2026-05-22T09:21:06.654Z INFO  benchmark_client] Sending sample transaction 737
[2026-05-22T09:21:06.680Z INFO  benchmark_client] Sending sample transaction 738
[2026-05-22T09:21:06.689Z INFO  benchmark_client] Sending sample transaction 739
[2026-05-22T09:21:06.715Z INFO  benchmark_client] Sending sample transaction 740
[2026-05-22T09:21:06.721Z INFO  benchmark_client] Sending sample transaction 741
[2026-05-22T09:21:06.726Z INFO  benchmark_client] Sending sample transaction 742
[2026-05-22T09:21:06.756Z INFO  benchmark_client] Sending sample transaction 743
[2026-05-22T09:21:06.763Z INFO  benchmark_client] Sending sample transaction 744
[2026-05-22T09:21:06.802Z INFO  benchmark_client] Sending sample transaction 745
[2026-05-22T09:21:06.806Z INFO  benchmark_client] Sending sample transaction 746
[2026-05-22T09:21:06.848Z INFO  benchmark_client] Sending sample transaction 747
[2026-05-22T09:21:06.853Z INFO  benchmark_client] Sending sample transaction 748
[2026-05-22T09:21:06.884Z INFO  benchmark_client] Sending sample transaction 749
[2026-05-22T09:21:06.892Z INFO  benchmark_client] Sending sample transaction 750
[2026-05-22T09:21:06.896Z INFO  benchmark_client] Sending sample transaction 751
[2026-05-22T09:21:06.922Z INFO  benchmark_client] Sending sample transaction 752
[2026-05-22T09:21:06.928Z INFO  benchmark_client] Sending sample transaction 753
[2026-05-22T09:21:06.965Z INFO  benchmark_client] Sending sample transaction 754
[2026-05-22T09:21:06.970Z INFO  benchmark_client] Sending sample transaction 755
[2026-05-22T09:21:07.072Z INFO  benchmark_client] Sending sample transaction 756
[2026-05-22T09:21:07.074Z WARN  benchmark_client] Transaction rate too high for this client
[2026-05-22T09:21:07.077Z INFO  benchmark_client] Sending sample transaction 757
[2026-05-22T09:21:07.138Z INFO  benchmark_client] Sending sample transaction 758
[2026-05-22T09:21:07.141Z WARN  benchmark_client] Transaction rate too high for this client
[2026-05-22T09:21:07.142Z INFO  benchmark_client] Sending sample transaction 759
[2026-05-22T09:21:07.239Z INFO  benchmark_client] Sending sample transaction 760
[2026-05-22T09:21:07.242Z WARN  benchmark_client] Transaction rate too high for this client
[2026-05-22T09:21:07.244Z INFO  benchmark_client] Sending sample transaction 761
[2026-05-22T09:21:07.314Z INFO  benchmark_client] Sending sample transaction 762
[2026-05-22T09:21:07.315Z WARN  benchmark_client] Transaction rate too high for this client
[2026-05-22T09:21:07.318Z INFO  benchmark_client] Sending sample transaction 763
[2026-05-22T09:21:07.324Z INFO  benchmark_client] Sending sample transaction 764
[2026-05-22T09:21:07.361Z INFO  benchmark_client] Sending sample transaction 765
[2026-05-22T09:21:07.404Z INFO  benchmark_client] Sending sample transaction 766
[2026-05-22T09:21:07.407Z INFO  benchmark_client] Sending sample transaction 767
[2026-05-22T09:21:07.436Z INFO  benchmark_client] Sending sample transaction 768
[2026-05-22T09:21:07.441Z INFO  benchmark_client] Sending sample transaction 769
[2026-05-22T09:21:07.444Z INFO  benchmark_client] Sending sample transaction 770
[2026-05-22T09:21:07.515Z WARN  benchmark_client] Transaction rate too high for this client
[2026-05-22T09:21:07.522Z INFO  benchmark_client] Sending sample transaction 771
[2026-05-22T09:21:07.532Z INFO  benchmark_client] Sending sample transaction 772
[2026-05-22T09:21:09.289Z WARN  benchmark_client] Transaction rate too high for this client
[2026-05-22T09:21:09.290Z INFO  benchmark_client] Sending sample transaction 773
[2026-05-22T09:21:09.294Z INFO  benchmark_client] Sending sample transaction 774
[2026-05-22T09:21:09.675Z WARN  benchmark_client] Transaction rate too high for this client
[2026-05-22T09:21:09.676Z INFO  benchmark_client] Sending sample transaction 775
[2026-05-22T09:21:09.687Z INFO  benchmark_client] Sending sample transaction 776
