[2026-05-22T09:16:31.225Z INFO  benchmark_client] Node address: 34.79.153.233:5028
[2026-05-22T09:16:31.225Z INFO  benchmark_client] Transactions size: 512 B
[2026-05-22T09:16:31.225Z INFO  benchmark_client] Transactions rate: 16667 tx/s
[2026-05-22T09:16:31.225Z INFO  benchmark_client] Waiting for all nodes to be online...
[2026-05-22T09:16:31.532Z INFO  benchmark_client] Start sending transactions
[2026-05-22T09:16:31.533Z INFO  benchmark_client] Sending sample transaction 0
[2026-05-22T09:16:31.583Z INFO  benchmark_client] Sending sample transaction 1
[2026-05-22T09:16:31.633Z INFO  benchmark_client] Sending sample transaction 2
[2026-05-22T09:16:31.683Z INFO  benchmark_client] Sending sample transaction 3
[2026-05-22T09:16:31.733Z INFO  benchmark_client] Sending sample transaction 4
[2026-05-22T09:16:31.784Z INFO  benchmark_client] Sending sample transaction 5
[2026-05-22T09:16:31.833Z INFO  benchmark_client] Sending sample transaction 6
[2026-05-22T09:16:31.884Z INFO  benchmark_client] Sending sample transaction 7
[2026-05-22T09:16:31.933Z INFO  benchmark_client] Sending sample transaction 8
[2026-05-22T09:16:31.983Z INFO  benchmark_client] Sending sample transaction 9
[2026-05-22T09:16:32.034Z INFO  benchmark_client] Sending sample transaction 10
[2026-05-22T09:16:32.083Z INFO  benchmark_client] Sending sample transaction 11
[2026-05-22T09:16:32.133Z INFO  benchmark_client] Sending sample transaction 12
[2026-05-22T09:16:32.183Z INFO  benchmark_client] Sending sample transaction 13
[2026-05-22T09:16:32.233Z INFO  benchmark_client] Sending sample transaction 14
[2026-05-22T09:16:32.283Z INFO  benchmark_client] Sending sample transaction 15
[2026-05-22T09:16:32.333Z INFO  benchmark_client] Sending sample transaction 16
[2026-05-22T09:16:32.384Z INFO  benchmark_client] Sending sample transaction 17
[2026-05-22T09:16:32.434Z INFO  benchmark_client] Sending sample transaction 18
[2026-05-22T09:16:32.486Z INFO  benchmark_client] Sending sample transaction 19
[2026-05-22T09:16:32.533Z INFO  benchmark_client] Sending sample transaction 20
[2026-05-22T09:16:32.585Z INFO  benchmark_client] Sending sample transaction 21
[2026-05-22T09:16:32.633Z INFO  benchmark_client] Sending sample transaction 22
[2026-05-22T09:16:32.683Z INFO  benchmark_client] Sending sample transaction 23
[2026-05-22T09:16:32.733Z INFO  benchmark_client] Sending sample transaction 24
[2026-05-22T09:16:32.783Z INFO  benchmark_client] Sending sample transaction 25
[2026-05-22T09:16:32.835Z INFO  benchmark_client] Sending sample transaction 26
[2026-05-22T09:16:32.883Z INFO  benchmark_client] Sending sample transaction 27
[2026-05-22T09:16:32.933Z INFO  benchmark_client] Sending sample transaction 28
[2026-05-22T09:16:32.983Z INFO  benchmark_client] Sending sample transaction 29
[2026-05-22T09:16:33.033Z INFO  benchmark_client] Sending sample transaction 30
[2026-05-22T09:16:33.083Z INFO  benchmark_client] Sending sample transaction 31
[2026-05-22T09:16:33.133Z INFO  benchmark_client] Sending sample transaction 32
[2026-05-22T09:16:33.183Z INFO  benchmark_client] Sending sample transaction 33
[2026-05-22T09:16:33.233Z INFO  benchmark_client] Sending sample transaction 34
[2026-05-22T09:16:33.283Z INFO  benchmark_client] Sending sample transaction 35
[2026-05-22T09:16:33.333Z INFO  benchmark_client] Sending sample transaction 36
[2026-05-22T09:16:33.383Z INFO  benchmark_client] Sending sample transaction 37
[2026-05-22T09:16:33.433Z INFO  benchmark_client] Sending sample transaction 38
[2026-05-22T09:16:33.483Z INFO  benchmark_client] Sending sample transaction 39
[2026-05-22T09:16:33.533Z INFO  benchmark_client] Sending sample transaction 40
[2026-05-22T09:16:33.583Z INFO  benchmark_client] Sending sample transaction 41
[2026-05-22T09:16:33.635Z INFO  benchmark_client] Sending sample transaction 42
[2026-05-22T09:16:33.683Z INFO  benchmark_client] Sending sample transaction 43
[2026-05-22T09:16:33.734Z INFO  benchmark_client] Sending sample transaction 44
[2026-05-22T09:16:33.784Z INFO  benchmark_client] Sending sample transaction 45
[2026-05-22T09:16:33.834Z INFO  benchmark_client] Sending sample transaction 46
[2026-05-22T09:16:33.883Z INFO  benchmark_client] Sending sample transaction 47
[2026-05-22T09:16:33.935Z INFO  benchmark_client] Sending sample transaction 48
[2026-05-22T09:16:33.983Z INFO  benchmark_client] Sending sample transaction 49
[2026-05-22T09:16:34.033Z INFO  benchmark_client] Sending sample transaction 50
[2026-05-22T09:16:34.083Z INFO  benchmark_client] Sending sample transaction 51
[2026-05-22T09:16:34.134Z INFO  benchmark_client] Sending sample transaction 52
[2026-05-22T09:16:34.183Z INFO  benchmark_client] Sending sample transaction 53
[2026-05-22T09:16:34.234Z INFO  benchmark_client] Sending sample transaction 54
[2026-05-22T09:16:34.286Z INFO  benchmark_client] Sending sample transaction 55
[2026-05-22T09:16:34.333Z INFO  benchmark_client] Sending sample transaction 56
[2026-05-22T09:16:34.384Z INFO  benchmark_client] Sending sample transaction 57
[2026-05-22T09:16:34.433Z INFO  benchmark_client] Sending sample transaction 58
[2026-05-22T09:16:34.484Z INFO  benchmark_client] Sending sample transaction 59
[2026-05-22T09:16:34.533Z INFO  benchmark_client] Sending sample transaction 60
[2026-05-22T09:16:34.583Z INFO  benchmark_client] Sending sample transaction 61
[2026-05-22T09:16:34.633Z INFO  benchmark_client] Sending sample transaction 62
[2026-05-22T09:16:34.683Z INFO  benchmark_client] Sending sample transaction 63
[2026-05-22T09:16:34.733Z INFO  benchmark_client] Sending sample transaction 64
[2026-05-22T09:16:34.783Z INFO  benchmark_client] Sending sample transaction 65
[2026-05-22T09:16:34.835Z INFO  benchmark_client] Sending sample transaction 66
[2026-05-22T09:16:34.883Z INFO  benchmark_client] Sending sample transaction 67
[2026-05-22T09:16:34.933Z INFO  benchmark_client] Sending sample transaction 68
[2026-05-22T09:16:34.983Z INFO  benchmark_client] Sending sample transaction 69
[2026-05-22T09:16:35.033Z INFO  benchmark_client] Sending sample transaction 70
[2026-05-22T09:16:35.087Z INFO  benchmark_client] Sending sample transaction 71
[2026-05-22T09:16:35.134Z INFO  benchmark_client] Sending sample transaction 72
[2026-05-22T09:16:35.184Z INFO  benchmark_client] Sending sample transaction 73
[2026-05-22T09:16:35.233Z INFO  benchmark_client] Sending sample transaction 74
[2026-05-22T09:16:35.286Z INFO  benchmark_client] Sending sample transaction 75
[2026-05-22T09:16:35.334Z INFO  benchmark_client] Sending sample transaction 76
[2026-05-22T09:16:35.386Z INFO  benchmark_client] Sending sample transaction 77
[2026-05-22T09:16:35.433Z INFO  benchmark_client] Sending sample transaction 78
[2026-05-22T09:16:35.485Z INFO  benchmark_client] Sending sample transaction 79
[2026-05-22T09:16:35.533Z INFO  benchmark_client] Sending sample transaction 80
[2026-05-22T09:16:35.583Z INFO  benchmark_client] Sending sample transaction 81
[2026-05-22T09:16:35.633Z INFO  benchmark_client] Sending sample transaction 82
[2026-05-22T09:16:35.683Z INFO  benchmark_client] Sending sample transaction 83
[2026-05-22T09:16:35.734Z INFO  benchmark_client] Sending sample transaction 84
[2026-05-22T09:16:35.783Z INFO  benchmark_client] Sending sample transaction 85
[2026-05-22T09:16:35.835Z INFO  benchmark_client] Sending sample transaction 86
[2026-05-22T09:16:35.884Z INFO  benchmark_client] Sending sample transaction 87
[2026-05-22T09:16:35.933Z INFO  benchmark_client] Sending sample transaction 88
[2026-05-22T09:16:35.983Z INFO  benchmark_client] Sending sample transaction 89
[2026-05-22T09:16:36.033Z INFO  benchmark_client] Sending sample transaction 90
[2026-05-22T09:16:36.083Z INFO  benchmark_client] Sending sample transaction 91
[2026-05-22T09:16:36.133Z INFO  benchmark_client] Sending sample transaction 92
[2026-05-22T09:16:36.183Z INFO  benchmark_client] Sending sample transaction 93
[2026-05-22T09:16:36.234Z INFO  benchmark_client] Sending sample transaction 94
[2026-05-22T09:16:36.284Z INFO  benchmark_client] Sending sample transaction 95
[2026-05-22T09:16:36.334Z INFO  benchmark_client] Sending sample transaction 96
[2026-05-22T09:16:36.384Z INFO  benchmark_client] Sending sample transaction 97
[2026-05-22T09:16:36.434Z INFO  benchmark_client] Sending sample transaction 98
[2026-05-22T09:16:36.484Z INFO  benchmark_client] Sending sample transaction 99
[2026-05-22T09:16:36.536Z INFO  benchmark_client] Sending sample transaction 100
[2026-05-22T09:16:36.583Z INFO  benchmark_client] Sending sample transaction 101
[2026-05-22T09:16:36.634Z INFO  benchmark_client] Sending sample transaction 102
[2026-05-22T09:16:36.685Z INFO  benchmark_client] Sending sample transaction 103
[2026-05-22T09:16:36.734Z INFO  benchmark_client] Sending sample transaction 104
[2026-05-22T09:16:36.783Z INFO  benchmark_client] Sending sample transaction 105
[2026-05-22T09:16:36.833Z INFO  benchmark_client] Sending sample transaction 106
[2026-05-22T09:16:36.883Z INFO  benchmark_client] Sending sample transaction 107
[2026-05-22T09:16:36.935Z INFO  benchmark_client] Sending sample transaction 108
[2026-05-22T09:16:36.984Z INFO  benchmark_client] Sending sample transaction 109
[2026-05-22T09:16:37.033Z INFO  benchmark_client] Sending sample transaction 110
[2026-05-22T09:16:37.083Z INFO  benchmark_client] Sending sample transaction 111
[2026-05-22T09:16:37.133Z INFO  benchmark_client] Sending sample transaction 112
[2026-05-22T09:16:37.183Z INFO  benchmark_client] Sending sample transaction 113
[2026-05-22T09:16:37.233Z INFO  benchmark_client] Sending sample transaction 114
[2026-05-22T09:16:37.283Z INFO  benchmark_client] Sending sample transaction 115
[2026-05-22T09:16:37.334Z INFO  benchmark_client] Sending sample transaction 116
[2026-05-22T09:16:37.383Z INFO  benchmark_client] Sending sample transaction 117
[2026-05-22T09:16:37.433Z INFO  benchmark_client] Sending sample transaction 118
[2026-05-22T09:16:37.484Z INFO  benchmark_client] Sending sample transaction 119
[2026-05-22T09:16:37.536Z INFO  benchmark_client] Sending sample transaction 120
[2026-05-22T09:16:37.587Z INFO  benchmark_client] Sending sample transaction 121
[2026-05-22T09:16:37.633Z INFO  benchmark_client] Sending sample transaction 122
[2026-05-22T09:16:37.683Z INFO  benchmark_client] Sending sample transaction 123
[2026-05-22T09:16:37.734Z INFO  benchmark_client] Sending sample transaction 124
[2026-05-22T09:16:37.784Z INFO  benchmark_client] Sending sample transaction 125
[2026-05-22T09:16:37.834Z INFO  benchmark_client] Sending sample transaction 126
[2026-05-22T09:16:37.883Z INFO  benchmark_client] Sending sample transaction 127
[2026-05-22T09:16:37.933Z INFO  benchmark_client] Sending sample transaction 128
[2026-05-22T09:16:37.983Z INFO  benchmark_client] Sending sample transaction 129
[2026-05-22T09:16:38.036Z INFO  benchmark_client] Sending sample transaction 130
[2026-05-22T09:16:38.083Z INFO  benchmark_client] Sending sample transaction 131
[2026-05-22T09:16:38.134Z INFO  benchmark_client] Sending sample transaction 132
[2026-05-22T09:16:38.183Z INFO  benchmark_client] Sending sample transaction 133
[2026-05-22T09:16:38.234Z INFO  benchmark_client] Sending sample transaction 134
[2026-05-22T09:16:38.284Z INFO  benchmark_client] Sending sample transaction 135
[2026-05-22T09:16:38.333Z INFO  benchmark_client] Sending sample transaction 136
[2026-05-22T09:16:38.383Z INFO  benchmark_client] Sending sample transaction 137
[2026-05-22T09:16:38.437Z INFO  benchmark_client] Sending sample transaction 138
[2026-05-22T09:16:38.483Z INFO  benchmark_client] Sending sample transaction 139
[2026-05-22T09:16:38.534Z INFO  benchmark_client] Sending sample transaction 140
[2026-05-22T09:16:38.583Z INFO  benchmark_client] Sending sample transaction 141
[2026-05-22T09:16:38.634Z INFO  benchmark_client] Sending sample transaction 142
[2026-05-22T09:16:38.684Z INFO  benchmark_client] Sending sample transaction 143
[2026-05-22T09:16:38.733Z INFO  benchmark_client] Sending sample transaction 144
[2026-05-22T09:16:38.783Z INFO  benchmark_client] Sending sample transaction 145
[2026-05-22T09:16:38.835Z INFO  benchmark_client] Sending sample transaction 146
[2026-05-22T09:16:38.886Z INFO  benchmark_client] Sending sample transaction 147
[2026-05-22T09:16:38.933Z INFO  benchmark_client] Sending sample transaction 148
[2026-05-22T09:16:38.985Z INFO  benchmark_client] Sending sample transaction 149
[2026-05-22T09:16:39.033Z INFO  benchmark_client] Sending sample transaction 150
[2026-05-22T09:16:39.087Z INFO  benchmark_client] Sending sample transaction 151
[2026-05-22T09:16:39.136Z INFO  benchmark_client] Sending sample transaction 152
[2026-05-22T09:16:39.185Z INFO  benchmark_client] Sending sample transaction 153
[2026-05-22T09:16:39.234Z INFO  benchmark_client] Sending sample transaction 154
[2026-05-22T09:16:39.287Z INFO  benchmark_client] Sending sample transaction 155
[2026-05-22T09:16:39.333Z INFO  benchmark_client] Sending sample transaction 156
[2026-05-22T09:16:39.383Z INFO  benchmark_client] Sending sample transaction 157
[2026-05-22T09:16:39.433Z INFO  benchmark_client] Sending sample transaction 158
[2026-05-22T09:16:39.484Z INFO  benchmark_client] Sending sample transaction 159
[2026-05-22T09:16:39.533Z INFO  benchmark_client] Sending sample transaction 160
[2026-05-22T09:16:39.583Z INFO  benchmark_client] Sending sample transaction 161
[2026-05-22T09:16:39.633Z INFO  benchmark_client] Sending sample transaction 162
[2026-05-22T09:16:39.683Z INFO  benchmark_client] Sending sample transaction 163
[2026-05-22T09:16:39.733Z INFO  benchmark_client] Sending sample transaction 164
[2026-05-22T09:16:39.784Z INFO  benchmark_client] Sending sample transaction 165
[2026-05-22T09:16:39.834Z INFO  benchmark_client] Sending sample transaction 166
[2026-05-22T09:16:39.883Z INFO  benchmark_client] Sending sample transaction 167
[2026-05-22T09:16:39.933Z INFO  benchmark_client] Sending sample transaction 168
[2026-05-22T09:16:39.983Z INFO  benchmark_client] Sending sample transaction 169
[2026-05-22T09:16:40.035Z INFO  benchmark_client] Sending sample transaction 170
[2026-05-22T09:16:40.085Z INFO  benchmark_client] Sending sample transaction 171
[2026-05-22T09:16:40.133Z INFO  benchmark_client] Sending sample transaction 172
[2026-05-22T09:16:40.183Z INFO  benchmark_client] Sending sample transaction 173
[2026-05-22T09:16:40.235Z INFO  benchmark_client] Sending sample transaction 174
[2026-05-22T09:16:40.284Z INFO  benchmark_client] Sending sample transaction 175
[2026-05-22T09:16:40.334Z INFO  benchmark_client] Sending sample transaction 176
[2026-05-22T09:16:40.384Z INFO  benchmark_client] Sending sample transaction 177
[2026-05-22T09:16:40.433Z INFO  benchmark_client] Sending sample transaction 178
[2026-05-22T09:16:40.483Z INFO  benchmark_client] Sending sample transaction 179
[2026-05-22T09:16:40.534Z INFO  benchmark_client] Sending sample transaction 180
[2026-05-22T09:16:40.584Z INFO  benchmark_client] Sending sample transaction 181
[2026-05-22T09:16:40.633Z INFO  benchmark_client] Sending sample transaction 182
[2026-05-22T09:16:40.683Z INFO  benchmark_client] Sending sample transaction 183
[2026-05-22T09:16:40.734Z INFO  benchmark_client] Sending sample transaction 184
[2026-05-22T09:16:40.783Z INFO  benchmark_client] Sending sample transaction 185
[2026-05-22T09:16:40.833Z INFO  benchmark_client] Sending sample transaction 186
[2026-05-22T09:16:40.884Z INFO  benchmark_client] Sending sample transaction 187
[2026-05-22T09:16:40.937Z INFO  benchmark_client] Sending sample transaction 188
[2026-05-22T09:16:40.983Z INFO  benchmark_client] Sending sample transaction 189
[2026-05-22T09:16:41.034Z INFO  benchmark_client] Sending sample transaction 190
[2026-05-22T09:16:41.083Z INFO  benchmark_client] Sending sample transaction 191
[2026-05-22T09:16:41.133Z INFO  benchmark_client] Sending sample transaction 192
[2026-05-22T09:16:41.184Z INFO  benchmark_client] Sending sample transaction 193
[2026-05-22T09:16:41.234Z INFO  benchmark_client] Sending sample transaction 194
[2026-05-22T09:16:41.283Z INFO  benchmark_client] Sending sample transaction 195
[2026-05-22T09:16:41.333Z INFO  benchmark_client] Sending sample transaction 196
[2026-05-22T09:16:41.384Z INFO  benchmark_client] Sending sample transaction 197
[2026-05-22T09:16:41.436Z INFO  benchmark_client] Sending sample transaction 198
[2026-05-22T09:16:41.483Z INFO  benchmark_client] Sending sample transaction 199
[2026-05-22T09:16:41.533Z INFO  benchmark_client] Sending sample transaction 200
[2026-05-22T09:16:41.583Z INFO  benchmark_client] Sending sample transaction 201
[2026-05-22T09:16:41.634Z INFO  benchmark_client] Sending sample transaction 202
[2026-05-22T09:16:41.684Z INFO  benchmark_client] Sending sample transaction 203
[2026-05-22T09:16:41.734Z INFO  benchmark_client] Sending sample transaction 204
[2026-05-22T09:16:41.785Z INFO  benchmark_client] Sending sample transaction 205
[2026-05-22T09:16:41.835Z INFO  benchmark_client] Sending sample transaction 206
[2026-05-22T09:16:41.883Z INFO  benchmark_client] Sending sample transaction 207
[2026-05-22T09:16:41.933Z INFO  benchmark_client] Sending sample transaction 208
[2026-05-22T09:16:41.984Z INFO  benchmark_client] Sending sample transaction 209
[2026-05-22T09:16:42.034Z INFO  benchmark_client] Sending sample transaction 210
[2026-05-22T09:16:42.083Z INFO  benchmark_client] Sending sample transaction 211
[2026-05-22T09:16:42.133Z INFO  benchmark_client] Sending sample transaction 212
[2026-05-22T09:16:42.183Z INFO  benchmark_client] Sending sample transaction 213
[2026-05-22T09:16:42.235Z INFO  benchmark_client] Sending sample transaction 214
[2026-05-22T09:16:42.283Z INFO  benchmark_client] Sending sample transaction 215
[2026-05-22T09:16:42.340Z INFO  benchmark_client] Sending sample transaction 216
[2026-05-22T09:16:42.384Z INFO  benchmark_client] Sending sample transaction 217
[2026-05-22T09:16:42.437Z INFO  benchmark_client] Sending sample transaction 218
[2026-05-22T09:16:42.484Z INFO  benchmark_client] Sending sample transaction 219
[2026-05-22T09:16:42.535Z INFO  benchmark_client] Sending sample transaction 220
[2026-05-22T09:16:42.587Z INFO  benchmark_client] Sending sample transaction 221
[2026-05-22T09:16:42.637Z INFO  benchmark_client] Sending sample transaction 222
[2026-05-22T09:16:42.687Z INFO  benchmark_client] Sending sample transaction 223
[2026-05-22T09:16:42.738Z INFO  benchmark_client] Sending sample transaction 224
[2026-05-22T09:16:42.784Z INFO  benchmark_client] Sending sample transaction 225
[2026-05-22T09:16:42.836Z INFO  benchmark_client] Sending sample transaction 226
[2026-05-22T09:16:42.886Z INFO  benchmark_client] Sending sample transaction 227
[2026-05-22T09:16:42.937Z INFO  benchmark_client] Sending sample transaction 228
[2026-05-22T09:16:42.985Z INFO  benchmark_client] Sending sample transaction 229
[2026-05-22T09:16:43.034Z INFO  benchmark_client] Sending sample transaction 230
[2026-05-22T09:16:43.083Z INFO  benchmark_client] Sending sample transaction 231
[2026-05-22T09:16:43.134Z INFO  benchmark_client] Sending sample transaction 232
[2026-05-22T09:16:43.183Z INFO  benchmark_client] Sending sample transaction 233
[2026-05-22T09:16:43.233Z INFO  benchmark_client] Sending sample transaction 234
[2026-05-22T09:16:43.285Z INFO  benchmark_client] Sending sample transaction 235
[2026-05-22T09:16:43.333Z INFO  benchmark_client] Sending sample transaction 236
[2026-05-22T09:16:43.383Z INFO  benchmark_client] Sending sample transaction 237
[2026-05-22T09:16:43.433Z INFO  benchmark_client] Sending sample transaction 238
[2026-05-22T09:16:43.486Z INFO  benchmark_client] Sending sample transaction 239
[2026-05-22T09:16:43.534Z INFO  benchmark_client] Sending sample transaction 240
[2026-05-22T09:16:43.584Z INFO  benchmark_client] Sending sample transaction 241
[2026-05-22T09:16:43.634Z INFO  benchmark_client] Sending sample transaction 242
[2026-05-22T09:16:43.684Z INFO  benchmark_client] Sending sample transaction 243
[2026-05-22T09:16:43.733Z INFO  benchmark_client] Sending sample transaction 244
[2026-05-22T09:16:43.784Z INFO  benchmark_client] Sending sample transaction 245
[2026-05-22T09:16:43.833Z INFO  benchmark_client] Sending sample transaction 246
[2026-05-22T09:16:43.883Z INFO  benchmark_client] Sending sample transaction 247
[2026-05-22T09:16:43.934Z INFO  benchmark_client] Sending sample transaction 248
[2026-05-22T09:16:43.984Z INFO  benchmark_client] Sending sample transaction 249
[2026-05-22T09:16:44.034Z INFO  benchmark_client] Sending sample transaction 250
[2026-05-22T09:16:44.084Z INFO  benchmark_client] Sending sample transaction 251
[2026-05-22T09:16:44.135Z INFO  benchmark_client] Sending sample transaction 252
[2026-05-22T09:16:44.184Z INFO  benchmark_client] Sending sample transaction 253
[2026-05-22T09:16:44.234Z INFO  benchmark_client] Sending sample transaction 254
[2026-05-22T09:16:44.283Z INFO  benchmark_client] Sending sample transaction 255
[2026-05-22T09:16:44.335Z INFO  benchmark_client] Sending sample transaction 256
[2026-05-22T09:16:44.383Z INFO  benchmark_client] Sending sample transaction 257
[2026-05-22T09:16:44.433Z INFO  benchmark_client] Sending sample transaction 258
[2026-05-22T09:16:44.485Z INFO  benchmark_client] Sending sample transaction 259
[2026-05-22T09:16:44.534Z INFO  benchmark_client] Sending sample transaction 260
[2026-05-22T09:16:44.584Z INFO  benchmark_client] Sending sample transaction 261
[2026-05-22T09:16:44.634Z INFO  benchmark_client] Sending sample transaction 262
[2026-05-22T09:16:44.683Z INFO  benchmark_client] Sending sample transaction 263
[2026-05-22T09:16:44.733Z INFO  benchmark_client] Sending sample transaction 264
[2026-05-22T09:16:44.784Z INFO  benchmark_client] Sending sample transaction 265
[2026-05-22T09:16:44.835Z INFO  benchmark_client] Sending sample transaction 266
[2026-05-22T09:16:44.884Z INFO  benchmark_client] Sending sample transaction 267
[2026-05-22T09:16:44.933Z INFO  benchmark_client] Sending sample transaction 268
[2026-05-22T09:16:44.985Z INFO  benchmark_client] Sending sample transaction 269
[2026-05-22T09:16:45.034Z INFO  benchmark_client] Sending sample transaction 270
[2026-05-22T09:16:45.083Z INFO  benchmark_client] Sending sample transaction 271
[2026-05-22T09:16:45.134Z INFO  benchmark_client] Sending sample transaction 272
[2026-05-22T09:16:45.185Z INFO  benchmark_client] Sending sample transaction 273
[2026-05-22T09:16:45.233Z INFO  benchmark_client] Sending sample transaction 274
[2026-05-22T09:16:45.284Z INFO  benchmark_client] Sending sample transaction 275
[2026-05-22T09:16:45.334Z INFO  benchmark_client] Sending sample transaction 276
[2026-05-22T09:16:45.384Z INFO  benchmark_client] Sending sample transaction 277
[2026-05-22T09:16:45.435Z INFO  benchmark_client] Sending sample transaction 278
[2026-05-22T09:16:45.483Z INFO  benchmark_client] Sending sample transaction 279
[2026-05-22T09:16:45.536Z INFO  benchmark_client] Sending sample transaction 280
[2026-05-22T09:16:45.583Z INFO  benchmark_client] Sending sample transaction 281
[2026-05-22T09:16:45.633Z INFO  benchmark_client] Sending sample transaction 282
[2026-05-22T09:16:45.685Z INFO  benchmark_client] Sending sample transaction 283
[2026-05-22T09:16:45.733Z INFO  benchmark_client] Sending sample transaction 284
[2026-05-22T09:16:45.785Z INFO  benchmark_client] Sending sample transaction 285
[2026-05-22T09:16:45.833Z INFO  benchmark_client] Sending sample transaction 286
[2026-05-22T09:16:45.884Z INFO  benchmark_client] Sending sample transaction 287
[2026-05-22T09:16:45.935Z INFO  benchmark_client] Sending sample transaction 288
[2026-05-22T09:16:45.983Z INFO  benchmark_client] Sending sample transaction 289
[2026-05-22T09:16:46.033Z INFO  benchmark_client] Sending sample transaction 290
[2026-05-22T09:16:46.083Z INFO  benchmark_client] Sending sample transaction 291
[2026-05-22T09:16:46.133Z INFO  benchmark_client] Sending sample transaction 292
[2026-05-22T09:16:46.184Z INFO  benchmark_client] Sending sample transaction 293
[2026-05-22T09:16:46.233Z INFO  benchmark_client] Sending sample transaction 294
[2026-05-22T09:16:46.283Z INFO  benchmark_client] Sending sample transaction 295
[2026-05-22T09:16:46.333Z INFO  benchmark_client] Sending sample transaction 296
[2026-05-22T09:16:46.384Z INFO  benchmark_client] Sending sample transaction 297
[2026-05-22T09:16:46.434Z INFO  benchmark_client] Sending sample transaction 298
[2026-05-22T09:16:46.483Z INFO  benchmark_client] Sending sample transaction 299
[2026-05-22T09:16:46.536Z INFO  benchmark_client] Sending sample transaction 300
[2026-05-22T09:16:46.583Z INFO  benchmark_client] Sending sample transaction 301
[2026-05-22T09:16:46.634Z INFO  benchmark_client] Sending sample transaction 302
[2026-05-22T09:16:46.684Z INFO  benchmark_client] Sending sample transaction 303
[2026-05-22T09:16:46.733Z INFO  benchmark_client] Sending sample transaction 304
[2026-05-22T09:16:46.783Z INFO  benchmark_client] Sending sample transaction 305
[2026-05-22T09:16:46.834Z INFO  benchmark_client] Sending sample transaction 306
[2026-05-22T09:16:46.883Z INFO  benchmark_client] Sending sample transaction 307
[2026-05-22T09:16:46.936Z INFO  benchmark_client] Sending sample transaction 308
[2026-05-22T09:16:46.983Z INFO  benchmark_client] Sending sample transaction 309
[2026-05-22T09:16:47.034Z INFO  benchmark_client] Sending sample transaction 310
[2026-05-22T09:16:47.084Z INFO  benchmark_client] Sending sample transaction 311
[2026-05-22T09:16:47.134Z INFO  benchmark_client] Sending sample transaction 312
[2026-05-22T09:16:47.184Z INFO  benchmark_client] Sending sample transaction 313
[2026-05-22T09:16:47.234Z INFO  benchmark_client] Sending sample transaction 314
[2026-05-22T09:16:47.283Z INFO  benchmark_client] Sending sample transaction 315
[2026-05-22T09:16:47.333Z INFO  benchmark_client] Sending sample transaction 316
[2026-05-22T09:16:47.384Z INFO  benchmark_client] Sending sample transaction 317
[2026-05-22T09:16:47.433Z INFO  benchmark_client] Sending sample transaction 318
[2026-05-22T09:16:47.484Z INFO  benchmark_client] Sending sample transaction 319
[2026-05-22T09:16:47.533Z INFO  benchmark_client] Sending sample transaction 320
[2026-05-22T09:16:47.584Z INFO  benchmark_client] Sending sample transaction 321
[2026-05-22T09:16:47.634Z INFO  benchmark_client] Sending sample transaction 322
[2026-05-22T09:16:47.684Z INFO  benchmark_client] Sending sample transaction 323
[2026-05-22T09:16:47.734Z INFO  benchmark_client] Sending sample transaction 324
[2026-05-22T09:16:47.784Z INFO  benchmark_client] Sending sample transaction 325
[2026-05-22T09:16:47.833Z INFO  benchmark_client] Sending sample transaction 326
[2026-05-22T09:16:47.885Z INFO  benchmark_client] Sending sample transaction 327
[2026-05-22T09:16:47.934Z INFO  benchmark_client] Sending sample transaction 328
[2026-05-22T09:16:47.984Z INFO  benchmark_client] Sending sample transaction 329
[2026-05-22T09:16:48.035Z INFO  benchmark_client] Sending sample transaction 330
[2026-05-22T09:16:48.084Z INFO  benchmark_client] Sending sample transaction 331
[2026-05-22T09:16:48.135Z INFO  benchmark_client] Sending sample transaction 332
[2026-05-22T09:16:48.183Z INFO  benchmark_client] Sending sample transaction 333
[2026-05-22T09:16:48.233Z INFO  benchmark_client] Sending sample transaction 334
[2026-05-22T09:16:48.283Z INFO  benchmark_client] Sending sample transaction 335
[2026-05-22T09:16:48.334Z INFO  benchmark_client] Sending sample transaction 336
[2026-05-22T09:16:48.384Z INFO  benchmark_client] Sending sample transaction 337
[2026-05-22T09:16:48.434Z INFO  benchmark_client] Sending sample transaction 338
[2026-05-22T09:16:48.484Z INFO  benchmark_client] Sending sample transaction 339
[2026-05-22T09:16:48.533Z INFO  benchmark_client] Sending sample transaction 340
[2026-05-22T09:16:48.584Z INFO  benchmark_client] Sending sample transaction 341
[2026-05-22T09:16:48.634Z INFO  benchmark_client] Sending sample transaction 342
[2026-05-22T09:16:48.684Z INFO  benchmark_client] Sending sample transaction 343
[2026-05-22T09:16:48.733Z INFO  benchmark_client] Sending sample transaction 344
[2026-05-22T09:16:48.784Z INFO  benchmark_client] Sending sample transaction 345
[2026-05-22T09:16:48.834Z INFO  benchmark_client] Sending sample transaction 346
[2026-05-22T09:16:48.883Z INFO  benchmark_client] Sending sample transaction 347
[2026-05-22T09:16:48.934Z INFO  benchmark_client] Sending sample transaction 348
[2026-05-22T09:16:48.984Z INFO  benchmark_client] Sending sample transaction 349
[2026-05-22T09:16:49.034Z INFO  benchmark_client] Sending sample transaction 350
[2026-05-22T09:16:49.083Z INFO  benchmark_client] Sending sample transaction 351
[2026-05-22T09:16:49.134Z INFO  benchmark_client] Sending sample transaction 352
[2026-05-22T09:16:49.183Z INFO  benchmark_client] Sending sample transaction 353
[2026-05-22T09:16:49.234Z INFO  benchmark_client] Sending sample transaction 354
[2026-05-22T09:16:49.284Z INFO  benchmark_client] Sending sample transaction 355
[2026-05-22T09:16:49.334Z INFO  benchmark_client] Sending sample transaction 356
[2026-05-22T09:16:49.383Z INFO  benchmark_client] Sending sample transaction 357
[2026-05-22T09:16:49.433Z INFO  benchmark_client] Sending sample transaction 358
[2026-05-22T09:16:49.483Z INFO  benchmark_client] Sending sample transaction 359
[2026-05-22T09:16:49.536Z INFO  benchmark_client] Sending sample transaction 360
[2026-05-22T09:16:49.583Z INFO  benchmark_client] Sending sample transaction 361
[2026-05-22T09:16:49.634Z INFO  benchmark_client] Sending sample transaction 362
[2026-05-22T09:16:49.684Z INFO  benchmark_client] Sending sample transaction 363
[2026-05-22T09:16:49.736Z INFO  benchmark_client] Sending sample transaction 364
[2026-05-22T09:16:49.786Z INFO  benchmark_client] Sending sample transaction 365
[2026-05-22T09:16:49.834Z INFO  benchmark_client] Sending sample transaction 366
[2026-05-22T09:16:49.884Z INFO  benchmark_client] Sending sample transaction 367
[2026-05-22T09:16:49.936Z INFO  benchmark_client] Sending sample transaction 368
[2026-05-22T09:16:49.984Z INFO  benchmark_client] Sending sample transaction 369
[2026-05-22T09:16:50.034Z INFO  benchmark_client] Sending sample transaction 370
[2026-05-22T09:16:50.084Z INFO  benchmark_client] Sending sample transaction 371
[2026-05-22T09:16:50.135Z INFO  benchmark_client] Sending sample transaction 372
[2026-05-22T09:16:50.184Z INFO  benchmark_client] Sending sample transaction 373
[2026-05-22T09:16:50.234Z INFO  benchmark_client] Sending sample transaction 374
[2026-05-22T09:16:50.283Z INFO  benchmark_client] Sending sample transaction 375
[2026-05-22T09:16:50.335Z INFO  benchmark_client] Sending sample transaction 376
[2026-05-22T09:16:50.385Z INFO  benchmark_client] Sending sample transaction 377
[2026-05-22T09:16:50.434Z INFO  benchmark_client] Sending sample transaction 378
[2026-05-22T09:16:50.484Z INFO  benchmark_client] Sending sample transaction 379
[2026-05-22T09:16:50.534Z INFO  benchmark_client] Sending sample transaction 380
[2026-05-22T09:16:50.584Z INFO  benchmark_client] Sending sample transaction 381
[2026-05-22T09:16:50.634Z INFO  benchmark_client] Sending sample transaction 382
[2026-05-22T09:16:50.684Z INFO  benchmark_client] Sending sample transaction 383
[2026-05-22T09:16:50.735Z INFO  benchmark_client] Sending sample transaction 384
[2026-05-22T09:16:50.784Z INFO  benchmark_client] Sending sample transaction 385
[2026-05-22T09:16:50.835Z INFO  benchmark_client] Sending sample transaction 386
[2026-05-22T09:16:50.884Z INFO  benchmark_client] Sending sample transaction 387
[2026-05-22T09:16:50.934Z INFO  benchmark_client] Sending sample transaction 388
[2026-05-22T09:16:50.984Z INFO  benchmark_client] Sending sample transaction 389
[2026-05-22T09:16:51.034Z INFO  benchmark_client] Sending sample transaction 390
[2026-05-22T09:16:51.084Z INFO  benchmark_client] Sending sample transaction 391
[2026-05-22T09:16:51.134Z INFO  benchmark_client] Sending sample transaction 392
[2026-05-22T09:16:51.187Z INFO  benchmark_client] Sending sample transaction 393
[2026-05-22T09:16:51.234Z INFO  benchmark_client] Sending sample transaction 394
[2026-05-22T09:16:51.284Z INFO  benchmark_client] Sending sample transaction 395
[2026-05-22T09:16:51.334Z INFO  benchmark_client] Sending sample transaction 396
[2026-05-22T09:16:51.384Z INFO  benchmark_client] Sending sample transaction 397
[2026-05-22T09:16:51.434Z INFO  benchmark_client] Sending sample transaction 398
[2026-05-22T09:16:51.484Z INFO  benchmark_client] Sending sample transaction 399
[2026-05-22T09:16:51.534Z INFO  benchmark_client] Sending sample transaction 400
[2026-05-22T09:16:51.584Z INFO  benchmark_client] Sending sample transaction 401
[2026-05-22T09:16:51.635Z INFO  benchmark_client] Sending sample transaction 402
[2026-05-22T09:16:51.684Z INFO  benchmark_client] Sending sample transaction 403
[2026-05-22T09:16:51.733Z INFO  benchmark_client] Sending sample transaction 404
[2026-05-22T09:16:51.784Z INFO  benchmark_client] Sending sample transaction 405
[2026-05-22T09:16:51.834Z INFO  benchmark_client] Sending sample transaction 406
[2026-05-22T09:16:51.885Z INFO  benchmark_client] Sending sample transaction 407
[2026-05-22T09:16:51.934Z INFO  benchmark_client] Sending sample transaction 408
[2026-05-22T09:16:51.984Z INFO  benchmark_client] Sending sample transaction 409
[2026-05-22T09:16:52.034Z INFO  benchmark_client] Sending sample transaction 410
[2026-05-22T09:16:52.085Z INFO  benchmark_client] Sending sample transaction 411
[2026-05-22T09:16:52.136Z INFO  benchmark_client] Sending sample transaction 412
[2026-05-22T09:16:52.184Z INFO  benchmark_client] Sending sample transaction 413
[2026-05-22T09:16:52.237Z INFO  benchmark_client] Sending sample transaction 414
[2026-05-22T09:16:52.286Z INFO  benchmark_client] Sending sample transaction 415
[2026-05-22T09:16:52.334Z INFO  benchmark_client] Sending sample transaction 416
[2026-05-22T09:16:52.384Z INFO  benchmark_client] Sending sample transaction 417
[2026-05-22T09:16:52.434Z INFO  benchmark_client] Sending sample transaction 418
[2026-05-22T09:16:52.484Z INFO  benchmark_client] Sending sample transaction 419
[2026-05-22T09:16:52.534Z INFO  benchmark_client] Sending sample transaction 420
[2026-05-22T09:16:52.584Z INFO  benchmark_client] Sending sample transaction 421
[2026-05-22T09:16:52.634Z INFO  benchmark_client] Sending sample transaction 422
[2026-05-22T09:16:52.684Z INFO  benchmark_client] Sending sample transaction 423
[2026-05-22T09:16:52.734Z INFO  benchmark_client] Sending sample transaction 424
[2026-05-22T09:16:52.784Z INFO  benchmark_client] Sending sample transaction 425
[2026-05-22T09:16:52.834Z INFO  benchmark_client] Sending sample transaction 426
[2026-05-22T09:16:52.884Z INFO  benchmark_client] Sending sample transaction 427
[2026-05-22T09:16:52.934Z INFO  benchmark_client] Sending sample transaction 428
[2026-05-22T09:16:52.984Z INFO  benchmark_client] Sending sample transaction 429
[2026-05-22T09:16:53.034Z INFO  benchmark_client] Sending sample transaction 430
[2026-05-22T09:16:53.084Z INFO  benchmark_client] Sending sample transaction 431
[2026-05-22T09:16:53.134Z INFO  benchmark_client] Sending sample transaction 432
[2026-05-22T09:16:53.186Z INFO  benchmark_client] Sending sample transaction 433
[2026-05-22T09:16:53.234Z INFO  benchmark_client] Sending sample transaction 434
[2026-05-22T09:16:53.284Z INFO  benchmark_client] Sending sample transaction 435
[2026-05-22T09:16:53.334Z INFO  benchmark_client] Sending sample transaction 436
[2026-05-22T09:16:53.384Z INFO  benchmark_client] Sending sample transaction 437
[2026-05-22T09:16:53.434Z INFO  benchmark_client] Sending sample transaction 438
[2026-05-22T09:16:53.484Z INFO  benchmark_client] Sending sample transaction 439
[2026-05-22T09:16:53.534Z INFO  benchmark_client] Sending sample transaction 440
[2026-05-22T09:16:53.584Z INFO  benchmark_client] Sending sample transaction 441
[2026-05-22T09:16:53.635Z INFO  benchmark_client] Sending sample transaction 442
[2026-05-22T09:16:53.684Z INFO  benchmark_client] Sending sample transaction 443
[2026-05-22T09:16:53.735Z INFO  benchmark_client] Sending sample transaction 444
[2026-05-22T09:16:53.785Z INFO  benchmark_client] Sending sample transaction 445
[2026-05-22T09:16:53.834Z INFO  benchmark_client] Sending sample transaction 446
[2026-05-22T09:16:53.884Z INFO  benchmark_client] Sending sample transaction 447
[2026-05-22T09:16:53.936Z INFO  benchmark_client] Sending sample transaction 448
[2026-05-22T09:16:53.984Z INFO  benchmark_client] Sending sample transaction 449
[2026-05-22T09:16:54.034Z INFO  benchmark_client] Sending sample transaction 450
[2026-05-22T09:16:54.084Z INFO  benchmark_client] Sending sample transaction 451
[2026-05-22T09:16:54.134Z INFO  benchmark_client] Sending sample transaction 452
[2026-05-22T09:16:54.184Z INFO  benchmark_client] Sending sample transaction 453
[2026-05-22T09:16:54.234Z INFO  benchmark_client] Sending sample transaction 454
[2026-05-22T09:16:54.284Z INFO  benchmark_client] Sending sample transaction 455
[2026-05-22T09:16:54.334Z INFO  benchmark_client] Sending sample transaction 456
[2026-05-22T09:16:54.384Z INFO  benchmark_client] Sending sample transaction 457
[2026-05-22T09:16:54.434Z INFO  benchmark_client] Sending sample transaction 458
[2026-05-22T09:16:54.485Z INFO  benchmark_client] Sending sample transaction 459
[2026-05-22T09:16:54.534Z INFO  benchmark_client] Sending sample transaction 460
[2026-05-22T09:16:54.584Z INFO  benchmark_client] Sending sample transaction 461
[2026-05-22T09:16:54.634Z INFO  benchmark_client] Sending sample transaction 462
[2026-05-22T09:16:54.684Z INFO  benchmark_client] Sending sample transaction 463
[2026-05-22T09:16:54.734Z INFO  benchmark_client] Sending sample transaction 464
[2026-05-22T09:16:54.785Z INFO  benchmark_client] Sending sample transaction 465
[2026-05-22T09:16:54.834Z INFO  benchmark_client] Sending sample transaction 466
[2026-05-22T09:16:54.884Z INFO  benchmark_client] Sending sample transaction 467
[2026-05-22T09:16:54.934Z INFO  benchmark_client] Sending sample transaction 468
[2026-05-22T09:16:54.984Z INFO  benchmark_client] Sending sample transaction 469
[2026-05-22T09:16:55.034Z INFO  benchmark_client] Sending sample transaction 470
[2026-05-22T09:16:55.084Z INFO  benchmark_client] Sending sample transaction 471
[2026-05-22T09:16:55.134Z INFO  benchmark_client] Sending sample transaction 472
[2026-05-22T09:16:55.185Z INFO  benchmark_client] Sending sample transaction 473
[2026-05-22T09:16:55.234Z INFO  benchmark_client] Sending sample transaction 474
[2026-05-22T09:16:55.284Z INFO  benchmark_client] Sending sample transaction 475
[2026-05-22T09:16:55.334Z INFO  benchmark_client] Sending sample transaction 476
[2026-05-22T09:16:55.385Z INFO  benchmark_client] Sending sample transaction 477
[2026-05-22T09:16:55.434Z INFO  benchmark_client] Sending sample transaction 478
[2026-05-22T09:16:55.485Z INFO  benchmark_client] Sending sample transaction 479
[2026-05-22T09:16:55.534Z INFO  benchmark_client] Sending sample transaction 480
[2026-05-22T09:16:55.587Z INFO  benchmark_client] Sending sample transaction 481
[2026-05-22T09:16:55.634Z INFO  benchmark_client] Sending sample transaction 482
[2026-05-22T09:16:55.686Z INFO  benchmark_client] Sending sample transaction 483
[2026-05-22T09:16:55.734Z INFO  benchmark_client] Sending sample transaction 484
[2026-05-22T09:16:55.784Z INFO  benchmark_client] Sending sample transaction 485
[2026-05-22T09:16:55.834Z INFO  benchmark_client] Sending sample transaction 486
[2026-05-22T09:16:55.884Z INFO  benchmark_client] Sending sample transaction 487
[2026-05-22T09:16:55.934Z INFO  benchmark_client] Sending sample transaction 488
[2026-05-22T09:16:55.988Z INFO  benchmark_client] Sending sample transaction 489
[2026-05-22T09:16:56.035Z INFO  benchmark_client] Sending sample transaction 490
[2026-05-22T09:16:56.084Z INFO  benchmark_client] Sending sample transaction 491
[2026-05-22T09:16:56.137Z INFO  benchmark_client] Sending sample transaction 492
[2026-05-22T09:16:56.184Z INFO  benchmark_client] Sending sample transaction 493
[2026-05-22T09:16:56.237Z INFO  benchmark_client] Sending sample transaction 494
[2026-05-22T09:16:56.284Z INFO  benchmark_client] Sending sample transaction 495
[2026-05-22T09:16:56.336Z INFO  benchmark_client] Sending sample transaction 496
[2026-05-22T09:16:56.388Z INFO  benchmark_client] Sending sample transaction 497
[2026-05-22T09:16:56.434Z INFO  benchmark_client] Sending sample transaction 498
[2026-05-22T09:16:56.487Z INFO  benchmark_client] Sending sample transaction 499
[2026-05-22T09:16:56.534Z INFO  benchmark_client] Sending sample transaction 500
[2026-05-22T09:16:56.587Z INFO  benchmark_client] Sending sample transaction 501
[2026-05-22T09:16:56.634Z INFO  benchmark_client] Sending sample transaction 502
[2026-05-22T09:16:56.684Z INFO  benchmark_client] Sending sample transaction 503
[2026-05-22T09:16:56.734Z INFO  benchmark_client] Sending sample transaction 504
[2026-05-22T09:16:56.784Z INFO  benchmark_client] Sending sample transaction 505
[2026-05-22T09:16:56.834Z INFO  benchmark_client] Sending sample transaction 506
[2026-05-22T09:16:56.884Z INFO  benchmark_client] Sending sample transaction 507
[2026-05-22T09:16:56.936Z INFO  benchmark_client] Sending sample transaction 508
[2026-05-22T09:16:56.984Z INFO  benchmark_client] Sending sample transaction 509
[2026-05-22T09:16:57.035Z INFO  benchmark_client] Sending sample transaction 510
[2026-05-22T09:16:57.084Z INFO  benchmark_client] Sending sample transaction 511
[2026-05-22T09:16:57.134Z INFO  benchmark_client] Sending sample transaction 512
[2026-05-22T09:16:57.184Z INFO  benchmark_client] Sending sample transaction 513
[2026-05-22T09:16:57.238Z INFO  benchmark_client] Sending sample transaction 514
[2026-05-22T09:16:57.285Z INFO  benchmark_client] Sending sample transaction 515
[2026-05-22T09:16:57.337Z INFO  benchmark_client] Sending sample transaction 516
[2026-05-22T09:16:57.390Z INFO  benchmark_client] Sending sample transaction 517
[2026-05-22T09:16:57.434Z INFO  benchmark_client] Sending sample transaction 518
[2026-05-22T09:16:57.484Z INFO  benchmark_client] Sending sample transaction 519
[2026-05-22T09:16:57.534Z INFO  benchmark_client] Sending sample transaction 520
[2026-05-22T09:16:57.586Z INFO  benchmark_client] Sending sample transaction 521
[2026-05-22T09:16:57.634Z INFO  benchmark_client] Sending sample transaction 522
[2026-05-22T09:16:57.687Z INFO  benchmark_client] Sending sample transaction 523
[2026-05-22T09:16:57.737Z INFO  benchmark_client] Sending sample transaction 524
[2026-05-22T09:16:57.784Z INFO  benchmark_client] Sending sample transaction 525
[2026-05-22T09:16:57.834Z INFO  benchmark_client] Sending sample transaction 526
[2026-05-22T09:16:57.886Z INFO  benchmark_client] Sending sample transaction 527
[2026-05-22T09:16:57.934Z INFO  benchmark_client] Sending sample transaction 528
[2026-05-22T09:16:57.986Z INFO  benchmark_client] Sending sample transaction 529
[2026-05-22T09:16:58.034Z INFO  benchmark_client] Sending sample transaction 530
[2026-05-22T09:16:58.087Z INFO  benchmark_client] Sending sample transaction 531
[2026-05-22T09:16:58.135Z INFO  benchmark_client] Sending sample transaction 532
[2026-05-22T09:16:58.184Z INFO  benchmark_client] Sending sample transaction 533
[2026-05-22T09:16:58.235Z INFO  benchmark_client] Sending sample transaction 534
[2026-05-22T09:16:58.289Z INFO  benchmark_client] Sending sample transaction 535
[2026-05-22T09:16:58.335Z INFO  benchmark_client] Sending sample transaction 536
[2026-05-22T09:16:58.386Z INFO  benchmark_client] Sending sample transaction 537
[2026-05-22T09:16:58.436Z INFO  benchmark_client] Sending sample transaction 538
[2026-05-22T09:16:58.485Z INFO  benchmark_client] Sending sample transaction 539
[2026-05-22T09:16:58.535Z INFO  benchmark_client] Sending sample transaction 540
[2026-05-22T09:16:58.584Z INFO  benchmark_client] Sending sample transaction 541
[2026-05-22T09:16:58.635Z INFO  benchmark_client] Sending sample transaction 542
[2026-05-22T09:16:58.684Z INFO  benchmark_client] Sending sample transaction 543
[2026-05-22T09:16:58.734Z INFO  benchmark_client] Sending sample transaction 544
[2026-05-22T09:16:58.784Z INFO  benchmark_client] Sending sample transaction 545
[2026-05-22T09:16:58.834Z INFO  benchmark_client] Sending sample transaction 546
[2026-05-22T09:16:58.886Z INFO  benchmark_client] Sending sample transaction 547
[2026-05-22T09:16:58.936Z INFO  benchmark_client] Sending sample transaction 548
[2026-05-22T09:16:58.985Z INFO  benchmark_client] Sending sample transaction 549
[2026-05-22T09:16:59.037Z INFO  benchmark_client] Sending sample transaction 550
[2026-05-22T09:16:59.087Z INFO  benchmark_client] Sending sample transaction 551
[2026-05-22T09:16:59.134Z INFO  benchmark_client] Sending sample transaction 552
[2026-05-22T09:16:59.185Z INFO  benchmark_client] Sending sample transaction 553
[2026-05-22T09:16:59.234Z INFO  benchmark_client] Sending sample transaction 554
[2026-05-22T09:16:59.285Z INFO  benchmark_client] Sending sample transaction 555
[2026-05-22T09:16:59.335Z INFO  benchmark_client] Sending sample transaction 556
[2026-05-22T09:16:59.384Z INFO  benchmark_client] Sending sample transaction 557
[2026-05-22T09:16:59.434Z INFO  benchmark_client] Sending sample transaction 558
[2026-05-22T09:16:59.485Z INFO  benchmark_client] Sending sample transaction 559
[2026-05-22T09:16:59.534Z INFO  benchmark_client] Sending sample transaction 560
[2026-05-22T09:16:59.584Z INFO  benchmark_client] Sending sample transaction 561
[2026-05-22T09:16:59.636Z INFO  benchmark_client] Sending sample transaction 562
[2026-05-22T09:16:59.687Z INFO  benchmark_client] Sending sample transaction 563
[2026-05-22T09:16:59.734Z INFO  benchmark_client] Sending sample transaction 564
[2026-05-22T09:16:59.784Z INFO  benchmark_client] Sending sample transaction 565
[2026-05-22T09:16:59.834Z INFO  benchmark_client] Sending sample transaction 566
[2026-05-22T09:16:59.887Z INFO  benchmark_client] Sending sample transaction 567
[2026-05-22T09:16:59.936Z INFO  benchmark_client] Sending sample transaction 568
[2026-05-22T09:16:59.984Z INFO  benchmark_client] Sending sample transaction 569
[2026-05-22T09:17:00.034Z INFO  benchmark_client] Sending sample transaction 570
[2026-05-22T09:17:00.084Z INFO  benchmark_client] Sending sample transaction 571
[2026-05-22T09:17:00.134Z INFO  benchmark_client] Sending sample transaction 572
[2026-05-22T09:17:00.184Z INFO  benchmark_client] Sending sample transaction 573
[2026-05-22T09:17:00.234Z INFO  benchmark_client] Sending sample transaction 574
[2026-05-22T09:17:00.286Z INFO  benchmark_client] Sending sample transaction 575
[2026-05-22T09:17:00.334Z INFO  benchmark_client] Sending sample transaction 576
[2026-05-22T09:17:00.384Z INFO  benchmark_client] Sending sample transaction 577
[2026-05-22T09:17:00.434Z INFO  benchmark_client] Sending sample transaction 578
[2026-05-22T09:17:00.485Z INFO  benchmark_client] Sending sample transaction 579
[2026-05-22T09:17:00.534Z INFO  benchmark_client] Sending sample transaction 580
[2026-05-22T09:17:00.586Z INFO  benchmark_client] Sending sample transaction 581
[2026-05-22T09:17:00.635Z INFO  benchmark_client] Sending sample transaction 582
[2026-05-22T09:17:00.688Z INFO  benchmark_client] Sending sample transaction 583
[2026-05-22T09:17:00.734Z INFO  benchmark_client] Sending sample transaction 584
[2026-05-22T09:17:00.784Z INFO  benchmark_client] Sending sample transaction 585
[2026-05-22T09:17:00.835Z INFO  benchmark_client] Sending sample transaction 586
[2026-05-22T09:17:00.884Z INFO  benchmark_client] Sending sample transaction 587
[2026-05-22T09:17:00.936Z INFO  benchmark_client] Sending sample transaction 588
[2026-05-22T09:17:00.984Z INFO  benchmark_client] Sending sample transaction 589
[2026-05-22T09:17:01.034Z INFO  benchmark_client] Sending sample transaction 590
[2026-05-22T09:17:01.088Z INFO  benchmark_client] Sending sample transaction 591
[2026-05-22T09:17:01.135Z INFO  benchmark_client] Sending sample transaction 592
[2026-05-22T09:17:01.184Z INFO  benchmark_client] Sending sample transaction 593
[2026-05-22T09:17:01.235Z INFO  benchmark_client] Sending sample transaction 594
[2026-05-22T09:17:01.284Z INFO  benchmark_client] Sending sample transaction 595
[2026-05-22T09:17:01.334Z INFO  benchmark_client] Sending sample transaction 596
[2026-05-22T09:17:01.386Z INFO  benchmark_client] Sending sample transaction 597
[2026-05-22T09:17:01.434Z INFO  benchmark_client] Sending sample transaction 598
[2026-05-22T09:17:01.487Z INFO  benchmark_client] Sending sample transaction 599
[2026-05-22T09:17:01.534Z INFO  benchmark_client] Sending sample transaction 600
[2026-05-22T09:17:01.586Z INFO  benchmark_client] Sending sample transaction 601
[2026-05-22T09:17:01.634Z INFO  benchmark_client] Sending sample transaction 602
[2026-05-22T09:17:01.684Z INFO  benchmark_client] Sending sample transaction 603
[2026-05-22T09:17:01.734Z INFO  benchmark_client] Sending sample transaction 604
[2026-05-22T09:17:01.784Z INFO  benchmark_client] Sending sample transaction 605
[2026-05-22T09:17:01.834Z INFO  benchmark_client] Sending sample transaction 606
[2026-05-22T09:17:01.884Z INFO  benchmark_client] Sending sample transaction 607
[2026-05-22T09:17:01.934Z INFO  benchmark_client] Sending sample transaction 608
[2026-05-22T09:17:01.984Z INFO  benchmark_client] Sending sample transaction 609
[2026-05-22T09:17:02.035Z INFO  benchmark_client] Sending sample transaction 610
[2026-05-22T09:17:02.084Z INFO  benchmark_client] Sending sample transaction 611
[2026-05-22T09:17:02.134Z INFO  benchmark_client] Sending sample transaction 612
[2026-05-22T09:17:02.184Z INFO  benchmark_client] Sending sample transaction 613
[2026-05-22T09:17:02.234Z INFO  benchmark_client] Sending sample transaction 614
[2026-05-22T09:17:02.286Z INFO  benchmark_client] Sending sample transaction 615
[2026-05-22T09:17:02.334Z INFO  benchmark_client] Sending sample transaction 616
[2026-05-22T09:17:02.385Z INFO  benchmark_client] Sending sample transaction 617
[2026-05-22T09:17:02.435Z INFO  benchmark_client] Sending sample transaction 618
[2026-05-22T09:17:02.486Z INFO  benchmark_client] Sending sample transaction 619
[2026-05-22T09:17:02.535Z INFO  benchmark_client] Sending sample transaction 620
[2026-05-22T09:17:02.585Z INFO  benchmark_client] Sending sample transaction 621
[2026-05-22T09:17:02.635Z INFO  benchmark_client] Sending sample transaction 622
[2026-05-22T09:17:02.684Z INFO  benchmark_client] Sending sample transaction 623
[2026-05-22T09:17:02.734Z INFO  benchmark_client] Sending sample transaction 624
[2026-05-22T09:17:02.784Z INFO  benchmark_client] Sending sample transaction 625
[2026-05-22T09:17:02.836Z INFO  benchmark_client] Sending sample transaction 626
[2026-05-22T09:17:02.886Z INFO  benchmark_client] Sending sample transaction 627
[2026-05-22T09:17:02.936Z INFO  benchmark_client] Sending sample transaction 628
[2026-05-22T09:17:02.986Z INFO  benchmark_client] Sending sample transaction 629
[2026-05-22T09:17:03.036Z INFO  benchmark_client] Sending sample transaction 630
[2026-05-22T09:17:03.087Z INFO  benchmark_client] Sending sample transaction 631
[2026-05-22T09:17:03.136Z INFO  benchmark_client] Sending sample transaction 632
[2026-05-22T09:17:03.185Z INFO  benchmark_client] Sending sample transaction 633
[2026-05-22T09:17:03.237Z INFO  benchmark_client] Sending sample transaction 634
[2026-05-22T09:17:03.288Z INFO  benchmark_client] Sending sample transaction 635
[2026-05-22T09:17:03.336Z INFO  benchmark_client] Sending sample transaction 636
[2026-05-22T09:17:03.388Z INFO  benchmark_client] Sending sample transaction 637
[2026-05-22T09:17:03.437Z INFO  benchmark_client] Sending sample transaction 638
[2026-05-22T09:17:03.484Z INFO  benchmark_client] Sending sample transaction 639
[2026-05-22T09:17:03.537Z INFO  benchmark_client] Sending sample transaction 640
[2026-05-22T09:17:03.584Z INFO  benchmark_client] Sending sample transaction 641
[2026-05-22T09:17:03.634Z INFO  benchmark_client] Sending sample transaction 642
[2026-05-22T09:17:03.685Z INFO  benchmark_client] Sending sample transaction 643
[2026-05-22T09:17:03.734Z INFO  benchmark_client] Sending sample transaction 644
[2026-05-22T09:17:03.784Z INFO  benchmark_client] Sending sample transaction 645
[2026-05-22T09:17:03.834Z INFO  benchmark_client] Sending sample transaction 646
[2026-05-22T09:17:03.884Z INFO  benchmark_client] Sending sample transaction 647
[2026-05-22T09:17:03.934Z INFO  benchmark_client] Sending sample transaction 648
[2026-05-22T09:17:03.984Z INFO  benchmark_client] Sending sample transaction 649
[2026-05-22T09:17:04.034Z INFO  benchmark_client] Sending sample transaction 650
[2026-05-22T09:17:04.084Z INFO  benchmark_client] Sending sample transaction 651
[2026-05-22T09:17:04.134Z INFO  benchmark_client] Sending sample transaction 652
[2026-05-22T09:17:04.184Z INFO  benchmark_client] Sending sample transaction 653
[2026-05-22T09:17:04.234Z INFO  benchmark_client] Sending sample transaction 654
[2026-05-22T09:17:04.284Z INFO  benchmark_client] Sending sample transaction 655
[2026-05-22T09:17:04.338Z INFO  benchmark_client] Sending sample transaction 656
[2026-05-22T09:17:04.385Z INFO  benchmark_client] Sending sample transaction 657
[2026-05-22T09:17:04.436Z INFO  benchmark_client] Sending sample transaction 658
[2026-05-22T09:17:04.484Z INFO  benchmark_client] Sending sample transaction 659
[2026-05-22T09:17:04.535Z INFO  benchmark_client] Sending sample transaction 660
[2026-05-22T09:17:04.585Z INFO  benchmark_client] Sending sample transaction 661
[2026-05-22T09:17:04.635Z INFO  benchmark_client] Sending sample transaction 662
[2026-05-22T09:17:04.684Z INFO  benchmark_client] Sending sample transaction 663
[2026-05-22T09:17:04.734Z INFO  benchmark_client] Sending sample transaction 664
[2026-05-22T09:17:04.784Z INFO  benchmark_client] Sending sample transaction 665
[2026-05-22T09:17:04.834Z INFO  benchmark_client] Sending sample transaction 666
[2026-05-22T09:17:04.884Z INFO  benchmark_client] Sending sample transaction 667
[2026-05-22T09:17:04.934Z INFO  benchmark_client] Sending sample transaction 668
[2026-05-22T09:17:04.992Z INFO  benchmark_client] Sending sample transaction 669
[2026-05-22T09:17:05.034Z INFO  benchmark_client] Sending sample transaction 670
[2026-05-22T09:17:05.088Z INFO  benchmark_client] Sending sample transaction 671
[2026-05-22T09:17:05.134Z INFO  benchmark_client] Sending sample transaction 672
[2026-05-22T09:17:05.185Z INFO  benchmark_client] Sending sample transaction 673
[2026-05-22T09:17:05.234Z INFO  benchmark_client] Sending sample transaction 674
[2026-05-22T09:17:05.284Z INFO  benchmark_client] Sending sample transaction 675
[2026-05-22T09:17:05.334Z INFO  benchmark_client] Sending sample transaction 676
[2026-05-22T09:17:05.386Z INFO  benchmark_client] Sending sample transaction 677
[2026-05-22T09:17:05.434Z INFO  benchmark_client] Sending sample transaction 678
[2026-05-22T09:17:05.488Z INFO  benchmark_client] Sending sample transaction 679
[2026-05-22T09:17:05.534Z INFO  benchmark_client] Sending sample transaction 680
[2026-05-22T09:17:05.584Z INFO  benchmark_client] Sending sample transaction 681
[2026-05-22T09:17:05.634Z INFO  benchmark_client] Sending sample transaction 682
[2026-05-22T09:17:05.686Z INFO  benchmark_client] Sending sample transaction 683
[2026-05-22T09:17:05.739Z INFO  benchmark_client] Sending sample transaction 684
[2026-05-22T09:17:05.785Z INFO  benchmark_client] Sending sample transaction 685
[2026-05-22T09:17:05.836Z INFO  benchmark_client] Sending sample transaction 686
[2026-05-22T09:17:05.887Z INFO  benchmark_client] Sending sample transaction 687
[2026-05-22T09:17:05.936Z INFO  benchmark_client] Sending sample transaction 688
[2026-05-22T09:17:05.989Z INFO  benchmark_client] Sending sample transaction 689
[2026-05-22T09:17:06.034Z INFO  benchmark_client] Sending sample transaction 690
[2026-05-22T09:17:06.088Z INFO  benchmark_client] Sending sample transaction 691
[2026-05-22T09:17:06.135Z INFO  benchmark_client] Sending sample transaction 692
[2026-05-22T09:17:06.185Z INFO  benchmark_client] Sending sample transaction 693
[2026-05-22T09:17:06.235Z INFO  benchmark_client] Sending sample transaction 694
[2026-05-22T09:17:06.284Z INFO  benchmark_client] Sending sample transaction 695
[2026-05-22T09:17:06.334Z INFO  benchmark_client] Sending sample transaction 696
[2026-05-22T09:17:06.384Z INFO  benchmark_client] Sending sample transaction 697
[2026-05-22T09:17:06.434Z INFO  benchmark_client] Sending sample transaction 698
[2026-05-22T09:17:06.486Z INFO  benchmark_client] Sending sample transaction 699
[2026-05-22T09:17:06.534Z INFO  benchmark_client] Sending sample transaction 700
[2026-05-22T09:17:06.585Z INFO  benchmark_client] Sending sample transaction 701
[2026-05-22T09:17:06.635Z INFO  benchmark_client] Sending sample transaction 702
[2026-05-22T09:17:06.687Z INFO  benchmark_client] Sending sample transaction 703
[2026-05-22T09:17:06.734Z INFO  benchmark_client] Sending sample transaction 704
[2026-05-22T09:17:06.784Z INFO  benchmark_client] Sending sample transaction 705
[2026-05-22T09:17:06.834Z INFO  benchmark_client] Sending sample transaction 706
[2026-05-22T09:17:06.884Z INFO  benchmark_client] Sending sample transaction 707
[2026-05-22T09:17:06.934Z INFO  benchmark_client] Sending sample transaction 708
[2026-05-22T09:17:06.984Z INFO  benchmark_client] Sending sample transaction 709
[2026-05-22T09:17:07.034Z INFO  benchmark_client] Sending sample transaction 710
[2026-05-22T09:17:07.084Z INFO  benchmark_client] Sending sample transaction 711
[2026-05-22T09:17:07.134Z INFO  benchmark_client] Sending sample transaction 712
[2026-05-22T09:17:07.184Z INFO  benchmark_client] Sending sample transaction 713
[2026-05-22T09:17:07.235Z INFO  benchmark_client] Sending sample transaction 714
[2026-05-22T09:17:07.284Z INFO  benchmark_client] Sending sample transaction 715
[2026-05-22T09:17:07.334Z INFO  benchmark_client] Sending sample transaction 716
[2026-05-22T09:17:07.384Z INFO  benchmark_client] Sending sample transaction 717
[2026-05-22T09:17:07.434Z INFO  benchmark_client] Sending sample transaction 718
[2026-05-22T09:17:07.484Z INFO  benchmark_client] Sending sample transaction 719
[2026-05-22T09:17:07.534Z INFO  benchmark_client] Sending sample transaction 720
[2026-05-22T09:17:07.584Z INFO  benchmark_client] Sending sample transaction 721
[2026-05-22T09:17:07.634Z INFO  benchmark_client] Sending sample transaction 722
[2026-05-22T09:17:07.684Z INFO  benchmark_client] Sending sample transaction 723
[2026-05-22T09:17:07.735Z INFO  benchmark_client] Sending sample transaction 724
[2026-05-22T09:17:07.785Z INFO  benchmark_client] Sending sample transaction 725
[2026-05-22T09:17:07.834Z INFO  benchmark_client] Sending sample transaction 726
[2026-05-22T09:17:07.884Z INFO  benchmark_client] Sending sample transaction 727
[2026-05-22T09:17:07.934Z INFO  benchmark_client] Sending sample transaction 728
[2026-05-22T09:17:07.984Z INFO  benchmark_client] Sending sample transaction 729
[2026-05-22T09:17:08.034Z INFO  benchmark_client] Sending sample transaction 730
[2026-05-22T09:17:08.084Z INFO  benchmark_client] Sending sample transaction 731
[2026-05-22T09:17:08.135Z INFO  benchmark_client] Sending sample transaction 732
[2026-05-22T09:17:08.184Z INFO  benchmark_client] Sending sample transaction 733
[2026-05-22T09:17:08.234Z INFO  benchmark_client] Sending sample transaction 734
[2026-05-22T09:17:08.285Z INFO  benchmark_client] Sending sample transaction 735
[2026-05-22T09:17:08.334Z INFO  benchmark_client] Sending sample transaction 736
[2026-05-22T09:17:08.384Z INFO  benchmark_client] Sending sample transaction 737
[2026-05-22T09:17:08.434Z INFO  benchmark_client] Sending sample transaction 738
[2026-05-22T09:17:08.485Z INFO  benchmark_client] Sending sample transaction 739
[2026-05-22T09:17:08.534Z INFO  benchmark_client] Sending sample transaction 740
[2026-05-22T09:17:08.585Z INFO  benchmark_client] Sending sample transaction 741
[2026-05-22T09:17:08.634Z INFO  benchmark_client] Sending sample transaction 742
[2026-05-22T09:17:08.685Z INFO  benchmark_client] Sending sample transaction 743
[2026-05-22T09:17:08.734Z INFO  benchmark_client] Sending sample transaction 744
[2026-05-22T09:17:08.784Z INFO  benchmark_client] Sending sample transaction 745
[2026-05-22T09:17:08.835Z INFO  benchmark_client] Sending sample transaction 746
[2026-05-22T09:17:08.884Z INFO  benchmark_client] Sending sample transaction 747
[2026-05-22T09:17:08.934Z INFO  benchmark_client] Sending sample transaction 748
[2026-05-22T09:17:08.985Z INFO  benchmark_client] Sending sample transaction 749
[2026-05-22T09:17:09.034Z INFO  benchmark_client] Sending sample transaction 750
[2026-05-22T09:17:09.085Z INFO  benchmark_client] Sending sample transaction 751
[2026-05-22T09:17:09.134Z INFO  benchmark_client] Sending sample transaction 752
[2026-05-22T09:17:09.188Z INFO  benchmark_client] Sending sample transaction 753
[2026-05-22T09:17:09.235Z INFO  benchmark_client] Sending sample transaction 754
[2026-05-22T09:17:09.290Z INFO  benchmark_client] Sending sample transaction 755
[2026-05-22T09:17:09.336Z INFO  benchmark_client] Sending sample transaction 756
[2026-05-22T09:17:09.386Z INFO  benchmark_client] Sending sample transaction 757
[2026-05-22T09:17:09.437Z INFO  benchmark_client] Sending sample transaction 758
[2026-05-22T09:17:09.485Z INFO  benchmark_client] Sending sample transaction 759
[2026-05-22T09:17:09.536Z INFO  benchmark_client] Sending sample transaction 760
[2026-05-22T09:17:09.584Z INFO  benchmark_client] Sending sample transaction 761
[2026-05-22T09:17:09.634Z INFO  benchmark_client] Sending sample transaction 762
[2026-05-22T09:17:09.685Z INFO  benchmark_client] Sending sample transaction 763
[2026-05-22T09:17:09.734Z INFO  benchmark_client] Sending sample transaction 764
[2026-05-22T09:17:09.784Z INFO  benchmark_client] Sending sample transaction 765
[2026-05-22T09:17:09.835Z INFO  benchmark_client] Sending sample transaction 766
[2026-05-22T09:17:09.891Z INFO  benchmark_client] Sending sample transaction 767
[2026-05-22T09:17:09.937Z INFO  benchmark_client] Sending sample transaction 768
[2026-05-22T09:17:09.984Z INFO  benchmark_client] Sending sample transaction 769
[2026-05-22T09:17:10.036Z INFO  benchmark_client] Sending sample transaction 770
[2026-05-22T09:17:10.085Z INFO  benchmark_client] Sending sample transaction 771
[2026-05-22T09:17:10.139Z INFO  benchmark_client] Sending sample transaction 772
[2026-05-22T09:17:10.186Z INFO  benchmark_client] Sending sample transaction 773
[2026-05-22T09:17:10.235Z INFO  benchmark_client] Sending sample transaction 774
[2026-05-22T09:17:10.288Z INFO  benchmark_client] Sending sample transaction 775
[2026-05-22T09:17:10.334Z INFO  benchmark_client] Sending sample transaction 776
[2026-05-22T09:17:10.386Z INFO  benchmark_client] Sending sample transaction 777
[2026-05-22T09:17:10.434Z INFO  benchmark_client] Sending sample transaction 778
[2026-05-22T09:17:10.484Z INFO  benchmark_client] Sending sample transaction 779
[2026-05-22T09:17:10.534Z INFO  benchmark_client] Sending sample transaction 780
[2026-05-22T09:17:10.584Z INFO  benchmark_client] Sending sample transaction 781
[2026-05-22T09:17:10.635Z INFO  benchmark_client] Sending sample transaction 782
[2026-05-22T09:17:10.684Z INFO  benchmark_client] Sending sample transaction 783
[2026-05-22T09:17:10.734Z INFO  benchmark_client] Sending sample transaction 784
[2026-05-22T09:17:10.784Z INFO  benchmark_client] Sending sample transaction 785
[2026-05-22T09:17:10.836Z INFO  benchmark_client] Sending sample transaction 786
[2026-05-22T09:17:10.885Z INFO  benchmark_client] Sending sample transaction 787
[2026-05-22T09:17:10.936Z INFO  benchmark_client] Sending sample transaction 788
[2026-05-22T09:17:10.989Z INFO  benchmark_client] Sending sample transaction 789
[2026-05-22T09:17:11.035Z INFO  benchmark_client] Sending sample transaction 790
[2026-05-22T09:17:11.085Z INFO  benchmark_client] Sending sample transaction 791
[2026-05-22T09:17:11.134Z INFO  benchmark_client] Sending sample transaction 792
[2026-05-22T09:17:11.184Z INFO  benchmark_client] Sending sample transaction 793
[2026-05-22T09:17:11.237Z INFO  benchmark_client] Sending sample transaction 794
[2026-05-22T09:17:11.285Z INFO  benchmark_client] Sending sample transaction 795
[2026-05-22T09:17:11.339Z INFO  benchmark_client] Sending sample transaction 796
[2026-05-22T09:17:11.387Z INFO  benchmark_client] Sending sample transaction 797
[2026-05-22T09:17:11.436Z INFO  benchmark_client] Sending sample transaction 798
[2026-05-22T09:17:11.485Z INFO  benchmark_client] Sending sample transaction 799
[2026-05-22T09:17:11.535Z INFO  benchmark_client] Sending sample transaction 800
[2026-05-22T09:17:11.585Z INFO  benchmark_client] Sending sample transaction 801
[2026-05-22T09:17:11.640Z INFO  benchmark_client] Sending sample transaction 802
[2026-05-22T09:17:11.686Z INFO  benchmark_client] Sending sample transaction 803
[2026-05-22T09:17:11.734Z INFO  benchmark_client] Sending sample transaction 804
[2026-05-22T09:17:11.784Z INFO  benchmark_client] Sending sample transaction 805
[2026-05-22T09:17:11.834Z INFO  benchmark_client] Sending sample transaction 806
[2026-05-22T09:17:11.886Z INFO  benchmark_client] Sending sample transaction 807
[2026-05-22T09:17:11.939Z INFO  benchmark_client] Sending sample transaction 808
[2026-05-22T09:17:11.986Z INFO  benchmark_client] Sending sample transaction 809
[2026-05-22T09:17:12.037Z INFO  benchmark_client] Sending sample transaction 810
[2026-05-22T09:17:12.084Z INFO  benchmark_client] Sending sample transaction 811
[2026-05-22T09:17:12.135Z INFO  benchmark_client] Sending sample transaction 812
[2026-05-22T09:17:12.187Z INFO  benchmark_client] Sending sample transaction 813
[2026-05-22T09:17:12.236Z INFO  benchmark_client] Sending sample transaction 814
[2026-05-22T09:17:12.285Z INFO  benchmark_client] Sending sample transaction 815
[2026-05-22T09:17:12.334Z INFO  benchmark_client] Sending sample transaction 816
[2026-05-22T09:17:12.386Z INFO  benchmark_client] Sending sample transaction 817
[2026-05-22T09:17:12.434Z INFO  benchmark_client] Sending sample transaction 818
[2026-05-22T09:17:12.484Z INFO  benchmark_client] Sending sample transaction 819
[2026-05-22T09:17:12.534Z INFO  benchmark_client] Sending sample transaction 820
[2026-05-22T09:17:12.585Z INFO  benchmark_client] Sending sample transaction 821
[2026-05-22T09:17:12.634Z INFO  benchmark_client] Sending sample transaction 822
[2026-05-22T09:17:12.687Z INFO  benchmark_client] Sending sample transaction 823
[2026-05-22T09:17:12.741Z INFO  benchmark_client] Sending sample transaction 824
[2026-05-22T09:17:12.786Z INFO  benchmark_client] Sending sample transaction 825
[2026-05-22T09:17:12.834Z INFO  benchmark_client] Sending sample transaction 826
[2026-05-22T09:17:12.884Z INFO  benchmark_client] Sending sample transaction 827
[2026-05-22T09:17:12.936Z INFO  benchmark_client] Sending sample transaction 828
[2026-05-22T09:17:12.985Z INFO  benchmark_client] Sending sample transaction 829
[2026-05-22T09:17:13.034Z INFO  benchmark_client] Sending sample transaction 830
[2026-05-22T09:17:13.086Z INFO  benchmark_client] Sending sample transaction 831
[2026-05-22T09:17:13.134Z INFO  benchmark_client] Sending sample transaction 832
[2026-05-22T09:17:13.183Z INFO  benchmark_client] Sending sample transaction 833
[2026-05-22T09:17:13.234Z INFO  benchmark_client] Sending sample transaction 834
[2026-05-22T09:17:13.285Z INFO  benchmark_client] Sending sample transaction 835
[2026-05-22T09:17:13.333Z INFO  benchmark_client] Sending sample transaction 836
[2026-05-22T09:17:13.386Z INFO  benchmark_client] Sending sample transaction 837
[2026-05-22T09:17:13.433Z INFO  benchmark_client] Sending sample transaction 838
[2026-05-22T09:17:13.484Z INFO  benchmark_client] Sending sample transaction 839
[2026-05-22T09:17:13.533Z INFO  benchmark_client] Sending sample transaction 840
[2026-05-22T09:17:13.583Z INFO  benchmark_client] Sending sample transaction 841
[2026-05-22T09:17:13.634Z INFO  benchmark_client] Sending sample transaction 842
[2026-05-22T09:17:13.683Z INFO  benchmark_client] Sending sample transaction 843
[2026-05-22T09:17:13.733Z INFO  benchmark_client] Sending sample transaction 844
[2026-05-22T09:17:13.786Z INFO  benchmark_client] Sending sample transaction 845
[2026-05-22T09:17:13.833Z INFO  benchmark_client] Sending sample transaction 846
[2026-05-22T09:17:13.883Z INFO  benchmark_client] Sending sample transaction 847
[2026-05-22T09:17:13.933Z INFO  benchmark_client] Sending sample transaction 848
[2026-05-22T09:17:13.984Z INFO  benchmark_client] Sending sample transaction 849
[2026-05-22T09:17:14.033Z INFO  benchmark_client] Sending sample transaction 850
[2026-05-22T09:17:14.084Z INFO  benchmark_client] Sending sample transaction 851
[2026-05-22T09:17:14.133Z INFO  benchmark_client] Sending sample transaction 852
[2026-05-22T09:17:14.183Z INFO  benchmark_client] Sending sample transaction 853
[2026-05-22T09:17:14.233Z INFO  benchmark_client] Sending sample transaction 854
[2026-05-22T09:17:14.283Z INFO  benchmark_client] Sending sample transaction 855
[2026-05-22T09:17:14.335Z INFO  benchmark_client] Sending sample transaction 856
[2026-05-22T09:17:14.383Z INFO  benchmark_client] Sending sample transaction 857
[2026-05-22T09:17:14.433Z INFO  benchmark_client] Sending sample transaction 858
[2026-05-22T09:17:14.483Z INFO  benchmark_client] Sending sample transaction 859
[2026-05-22T09:17:14.536Z INFO  benchmark_client] Sending sample transaction 860
[2026-05-22T09:17:14.583Z INFO  benchmark_client] Sending sample transaction 861
[2026-05-22T09:17:14.633Z INFO  benchmark_client] Sending sample transaction 862
[2026-05-22T09:17:14.683Z INFO  benchmark_client] Sending sample transaction 863
[2026-05-22T09:17:14.733Z INFO  benchmark_client] Sending sample transaction 864
[2026-05-22T09:17:14.784Z INFO  benchmark_client] Sending sample transaction 865
[2026-05-22T09:17:14.833Z INFO  benchmark_client] Sending sample transaction 866
[2026-05-22T09:17:14.883Z INFO  benchmark_client] Sending sample transaction 867
[2026-05-22T09:17:14.933Z INFO  benchmark_client] Sending sample transaction 868
[2026-05-22T09:17:14.984Z INFO  benchmark_client] Sending sample transaction 869
[2026-05-22T09:17:15.033Z INFO  benchmark_client] Sending sample transaction 870
[2026-05-22T09:17:15.083Z INFO  benchmark_client] Sending sample transaction 871
[2026-05-22T09:17:15.133Z INFO  benchmark_client] Sending sample transaction 872
[2026-05-22T09:17:15.185Z INFO  benchmark_client] Sending sample transaction 873
[2026-05-22T09:17:15.233Z INFO  benchmark_client] Sending sample transaction 874
[2026-05-22T09:17:15.284Z INFO  benchmark_client] Sending sample transaction 875
[2026-05-22T09:17:15.336Z INFO  benchmark_client] Sending sample transaction 876
[2026-05-22T09:17:15.384Z INFO  benchmark_client] Sending sample transaction 877
[2026-05-22T09:17:15.433Z INFO  benchmark_client] Sending sample transaction 878
[2026-05-22T09:17:15.485Z INFO  benchmark_client] Sending sample transaction 879
[2026-05-22T09:17:15.533Z INFO  benchmark_client] Sending sample transaction 880
[2026-05-22T09:17:15.586Z INFO  benchmark_client] Sending sample transaction 881
[2026-05-22T09:17:15.635Z INFO  benchmark_client] Sending sample transaction 882
[2026-05-22T09:17:15.684Z INFO  benchmark_client] Sending sample transaction 883
[2026-05-22T09:17:15.733Z INFO  benchmark_client] Sending sample transaction 884
[2026-05-22T09:17:15.783Z INFO  benchmark_client] Sending sample transaction 885
[2026-05-22T09:17:15.833Z INFO  benchmark_client] Sending sample transaction 886
[2026-05-22T09:17:15.884Z INFO  benchmark_client] Sending sample transaction 887
[2026-05-22T09:17:15.933Z INFO  benchmark_client] Sending sample transaction 888
[2026-05-22T09:17:15.984Z INFO  benchmark_client] Sending sample transaction 889
[2026-05-22T09:17:16.033Z INFO  benchmark_client] Sending sample transaction 890
[2026-05-22T09:17:16.083Z INFO  benchmark_client] Sending sample transaction 891
[2026-05-22T09:17:16.133Z INFO  benchmark_client] Sending sample transaction 892
[2026-05-22T09:17:16.183Z INFO  benchmark_client] Sending sample transaction 893
