[2026-05-22T09:16:29.457Z INFO  benchmark_client] Node address: 34.81.27.135:5038
[2026-05-22T09:16:29.457Z INFO  benchmark_client] Transactions size: 512 B
[2026-05-22T09:16:29.457Z INFO  benchmark_client] Transactions rate: 16667 tx/s
[2026-05-22T09:16:29.457Z INFO  benchmark_client] Waiting for all nodes to be online...
[2026-05-22T09:16:29.726Z INFO  benchmark_client] Start sending transactions
[2026-05-22T09:16:29.728Z INFO  benchmark_client] Sending sample transaction 0
[2026-05-22T09:16:29.778Z INFO  benchmark_client] Sending sample transaction 1
[2026-05-22T09:16:29.828Z INFO  benchmark_client] Sending sample transaction 2
[2026-05-22T09:16:29.878Z INFO  benchmark_client] Sending sample transaction 3
[2026-05-22T09:16:29.928Z INFO  benchmark_client] Sending sample transaction 4
[2026-05-22T09:16:29.978Z INFO  benchmark_client] Sending sample transaction 5
[2026-05-22T09:16:30.028Z INFO  benchmark_client] Sending sample transaction 6
[2026-05-22T09:16:30.078Z INFO  benchmark_client] Sending sample transaction 7
[2026-05-22T09:16:30.128Z INFO  benchmark_client] Sending sample transaction 8
[2026-05-22T09:16:30.177Z INFO  benchmark_client] Sending sample transaction 9
[2026-05-22T09:16:30.228Z INFO  benchmark_client] Sending sample transaction 10
[2026-05-22T09:16:30.278Z INFO  benchmark_client] Sending sample transaction 11
[2026-05-22T09:16:30.328Z INFO  benchmark_client] Sending sample transaction 12
[2026-05-22T09:16:30.377Z INFO  benchmark_client] Sending sample transaction 13
[2026-05-22T09:16:30.427Z INFO  benchmark_client] Sending sample transaction 14
[2026-05-22T09:16:30.477Z INFO  benchmark_client] Sending sample transaction 15
[2026-05-22T09:16:30.528Z INFO  benchmark_client] Sending sample transaction 16
[2026-05-22T09:16:30.578Z INFO  benchmark_client] Sending sample transaction 17
[2026-05-22T09:16:30.628Z INFO  benchmark_client] Sending sample transaction 18
[2026-05-22T09:16:30.678Z INFO  benchmark_client] Sending sample transaction 19
[2026-05-22T09:16:30.728Z INFO  benchmark_client] Sending sample transaction 20
[2026-05-22T09:16:30.778Z INFO  benchmark_client] Sending sample transaction 21
[2026-05-22T09:16:30.828Z INFO  benchmark_client] Sending sample transaction 22
[2026-05-22T09:16:30.878Z INFO  benchmark_client] Sending sample transaction 23
[2026-05-22T09:16:30.928Z INFO  benchmark_client] Sending sample transaction 24
[2026-05-22T09:16:30.977Z INFO  benchmark_client] Sending sample transaction 25
[2026-05-22T09:16:31.028Z INFO  benchmark_client] Sending sample transaction 26
[2026-05-22T09:16:31.078Z INFO  benchmark_client] Sending sample transaction 27
[2026-05-22T09:16:31.128Z INFO  benchmark_client] Sending sample transaction 28
[2026-05-22T09:16:31.178Z INFO  benchmark_client] Sending sample transaction 29
[2026-05-22T09:16:31.227Z INFO  benchmark_client] Sending sample transaction 30
[2026-05-22T09:16:31.278Z INFO  benchmark_client] Sending sample transaction 31
[2026-05-22T09:16:31.328Z INFO  benchmark_client] Sending sample transaction 32
[2026-05-22T09:16:31.377Z INFO  benchmark_client] Sending sample transaction 33
[2026-05-22T09:16:31.429Z INFO  benchmark_client] Sending sample transaction 34
[2026-05-22T09:16:31.477Z INFO  benchmark_client] Sending sample transaction 35
[2026-05-22T09:16:31.527Z INFO  benchmark_client] Sending sample transaction 36
[2026-05-22T09:16:31.578Z INFO  benchmark_client] Sending sample transaction 37
[2026-05-22T09:16:31.628Z INFO  benchmark_client] Sending sample transaction 38
[2026-05-22T09:16:31.678Z INFO  benchmark_client] Sending sample transaction 39
[2026-05-22T09:16:31.728Z INFO  benchmark_client] Sending sample transaction 40
[2026-05-22T09:16:31.778Z INFO  benchmark_client] Sending sample transaction 41
[2026-05-22T09:16:31.828Z INFO  benchmark_client] Sending sample transaction 42
[2026-05-22T09:16:31.878Z INFO  benchmark_client] Sending sample transaction 43
[2026-05-22T09:16:31.928Z INFO  benchmark_client] Sending sample transaction 44
[2026-05-22T09:16:31.978Z INFO  benchmark_client] Sending sample transaction 45
[2026-05-22T09:16:32.029Z INFO  benchmark_client] Sending sample transaction 46
[2026-05-22T09:16:32.078Z INFO  benchmark_client] Sending sample transaction 47
[2026-05-22T09:16:32.128Z INFO  benchmark_client] Sending sample transaction 48
[2026-05-22T09:16:32.178Z INFO  benchmark_client] Sending sample transaction 49
[2026-05-22T09:16:32.227Z INFO  benchmark_client] Sending sample transaction 50
[2026-05-22T09:16:32.278Z INFO  benchmark_client] Sending sample transaction 51
[2026-05-22T09:16:32.328Z INFO  benchmark_client] Sending sample transaction 52
[2026-05-22T09:16:32.378Z INFO  benchmark_client] Sending sample transaction 53
[2026-05-22T09:16:32.428Z INFO  benchmark_client] Sending sample transaction 54
[2026-05-22T09:16:32.478Z INFO  benchmark_client] Sending sample transaction 55
[2026-05-22T09:16:32.528Z INFO  benchmark_client] Sending sample transaction 56
[2026-05-22T09:16:32.578Z INFO  benchmark_client] Sending sample transaction 57
[2026-05-22T09:16:32.629Z INFO  benchmark_client] Sending sample transaction 58
[2026-05-22T09:16:32.678Z INFO  benchmark_client] Sending sample transaction 59
[2026-05-22T09:16:32.728Z INFO  benchmark_client] Sending sample transaction 60
[2026-05-22T09:16:32.778Z INFO  benchmark_client] Sending sample transaction 61
[2026-05-22T09:16:32.828Z INFO  benchmark_client] Sending sample transaction 62
[2026-05-22T09:16:32.878Z INFO  benchmark_client] Sending sample transaction 63
[2026-05-22T09:16:32.927Z INFO  benchmark_client] Sending sample transaction 64
[2026-05-22T09:16:32.978Z INFO  benchmark_client] Sending sample transaction 65
[2026-05-22T09:16:33.028Z INFO  benchmark_client] Sending sample transaction 66
[2026-05-22T09:16:33.078Z INFO  benchmark_client] Sending sample transaction 67
[2026-05-22T09:16:33.128Z INFO  benchmark_client] Sending sample transaction 68
[2026-05-22T09:16:33.177Z INFO  benchmark_client] Sending sample transaction 69
[2026-05-22T09:16:33.228Z INFO  benchmark_client] Sending sample transaction 70
[2026-05-22T09:16:33.278Z INFO  benchmark_client] Sending sample transaction 71
[2026-05-22T09:16:33.331Z INFO  benchmark_client] Sending sample transaction 72
[2026-05-22T09:16:33.378Z INFO  benchmark_client] Sending sample transaction 73
[2026-05-22T09:16:33.428Z INFO  benchmark_client] Sending sample transaction 74
[2026-05-22T09:16:33.478Z INFO  benchmark_client] Sending sample transaction 75
[2026-05-22T09:16:33.528Z INFO  benchmark_client] Sending sample transaction 76
[2026-05-22T09:16:33.578Z INFO  benchmark_client] Sending sample transaction 77
[2026-05-22T09:16:33.628Z INFO  benchmark_client] Sending sample transaction 78
[2026-05-22T09:16:33.678Z INFO  benchmark_client] Sending sample transaction 79
[2026-05-22T09:16:33.728Z INFO  benchmark_client] Sending sample transaction 80
[2026-05-22T09:16:33.778Z INFO  benchmark_client] Sending sample transaction 81
[2026-05-22T09:16:33.828Z INFO  benchmark_client] Sending sample transaction 82
[2026-05-22T09:16:33.879Z INFO  benchmark_client] Sending sample transaction 83
[2026-05-22T09:16:33.927Z INFO  benchmark_client] Sending sample transaction 84
[2026-05-22T09:16:33.977Z INFO  benchmark_client] Sending sample transaction 85
[2026-05-22T09:16:34.028Z INFO  benchmark_client] Sending sample transaction 86
[2026-05-22T09:16:34.078Z INFO  benchmark_client] Sending sample transaction 87
[2026-05-22T09:16:34.128Z INFO  benchmark_client] Sending sample transaction 88
[2026-05-22T09:16:34.178Z INFO  benchmark_client] Sending sample transaction 89
[2026-05-22T09:16:34.228Z INFO  benchmark_client] Sending sample transaction 90
[2026-05-22T09:16:34.279Z INFO  benchmark_client] Sending sample transaction 91
[2026-05-22T09:16:34.328Z INFO  benchmark_client] Sending sample transaction 92
[2026-05-22T09:16:34.377Z INFO  benchmark_client] Sending sample transaction 93
[2026-05-22T09:16:34.429Z INFO  benchmark_client] Sending sample transaction 94
[2026-05-22T09:16:34.478Z INFO  benchmark_client] Sending sample transaction 95
[2026-05-22T09:16:34.528Z INFO  benchmark_client] Sending sample transaction 96
[2026-05-22T09:16:34.578Z INFO  benchmark_client] Sending sample transaction 97
[2026-05-22T09:16:34.628Z INFO  benchmark_client] Sending sample transaction 98
[2026-05-22T09:16:34.678Z INFO  benchmark_client] Sending sample transaction 99
[2026-05-22T09:16:34.728Z INFO  benchmark_client] Sending sample transaction 100
[2026-05-22T09:16:34.778Z INFO  benchmark_client] Sending sample transaction 101
[2026-05-22T09:16:34.828Z INFO  benchmark_client] Sending sample transaction 102
[2026-05-22T09:16:34.880Z INFO  benchmark_client] Sending sample transaction 103
[2026-05-22T09:16:34.928Z INFO  benchmark_client] Sending sample transaction 104
[2026-05-22T09:16:34.978Z INFO  benchmark_client] Sending sample transaction 105
[2026-05-22T09:16:35.028Z INFO  benchmark_client] Sending sample transaction 106
[2026-05-22T09:16:35.078Z INFO  benchmark_client] Sending sample transaction 107
[2026-05-22T09:16:35.128Z INFO  benchmark_client] Sending sample transaction 108
[2026-05-22T09:16:35.180Z INFO  benchmark_client] Sending sample transaction 109
[2026-05-22T09:16:35.228Z INFO  benchmark_client] Sending sample transaction 110
[2026-05-22T09:16:35.277Z INFO  benchmark_client] Sending sample transaction 111
[2026-05-22T09:16:35.328Z INFO  benchmark_client] Sending sample transaction 112
[2026-05-22T09:16:35.378Z INFO  benchmark_client] Sending sample transaction 113
[2026-05-22T09:16:35.428Z INFO  benchmark_client] Sending sample transaction 114
[2026-05-22T09:16:35.478Z INFO  benchmark_client] Sending sample transaction 115
[2026-05-22T09:16:35.528Z INFO  benchmark_client] Sending sample transaction 116
[2026-05-22T09:16:35.578Z INFO  benchmark_client] Sending sample transaction 117
[2026-05-22T09:16:35.629Z INFO  benchmark_client] Sending sample transaction 118
[2026-05-22T09:16:35.678Z INFO  benchmark_client] Sending sample transaction 119
[2026-05-22T09:16:35.727Z INFO  benchmark_client] Sending sample transaction 120
[2026-05-22T09:16:35.778Z INFO  benchmark_client] Sending sample transaction 121
[2026-05-22T09:16:35.828Z INFO  benchmark_client] Sending sample transaction 122
[2026-05-22T09:16:35.878Z INFO  benchmark_client] Sending sample transaction 123
[2026-05-22T09:16:35.928Z INFO  benchmark_client] Sending sample transaction 124
[2026-05-22T09:16:35.978Z INFO  benchmark_client] Sending sample transaction 125
[2026-05-22T09:16:36.028Z INFO  benchmark_client] Sending sample transaction 126
[2026-05-22T09:16:36.078Z INFO  benchmark_client] Sending sample transaction 127
[2026-05-22T09:16:36.128Z INFO  benchmark_client] Sending sample transaction 128
[2026-05-22T09:16:36.177Z INFO  benchmark_client] Sending sample transaction 129
[2026-05-22T09:16:36.228Z INFO  benchmark_client] Sending sample transaction 130
[2026-05-22T09:16:36.278Z INFO  benchmark_client] Sending sample transaction 131
[2026-05-22T09:16:36.329Z INFO  benchmark_client] Sending sample transaction 132
[2026-05-22T09:16:36.378Z INFO  benchmark_client] Sending sample transaction 133
[2026-05-22T09:16:36.427Z INFO  benchmark_client] Sending sample transaction 134
[2026-05-22T09:16:36.477Z INFO  benchmark_client] Sending sample transaction 135
[2026-05-22T09:16:36.528Z INFO  benchmark_client] Sending sample transaction 136
[2026-05-22T09:16:36.578Z INFO  benchmark_client] Sending sample transaction 137
[2026-05-22T09:16:36.628Z INFO  benchmark_client] Sending sample transaction 138
[2026-05-22T09:16:36.678Z INFO  benchmark_client] Sending sample transaction 139
[2026-05-22T09:16:36.728Z INFO  benchmark_client] Sending sample transaction 140
[2026-05-22T09:16:36.778Z INFO  benchmark_client] Sending sample transaction 141
[2026-05-22T09:16:36.828Z INFO  benchmark_client] Sending sample transaction 142
[2026-05-22T09:16:36.878Z INFO  benchmark_client] Sending sample transaction 143
[2026-05-22T09:16:36.928Z INFO  benchmark_client] Sending sample transaction 144
[2026-05-22T09:16:36.978Z INFO  benchmark_client] Sending sample transaction 145
[2026-05-22T09:16:37.028Z INFO  benchmark_client] Sending sample transaction 146
[2026-05-22T09:16:37.078Z INFO  benchmark_client] Sending sample transaction 147
[2026-05-22T09:16:37.128Z INFO  benchmark_client] Sending sample transaction 148
[2026-05-22T09:16:37.178Z INFO  benchmark_client] Sending sample transaction 149
[2026-05-22T09:16:37.228Z INFO  benchmark_client] Sending sample transaction 150
[2026-05-22T09:16:37.278Z INFO  benchmark_client] Sending sample transaction 151
[2026-05-22T09:16:37.328Z INFO  benchmark_client] Sending sample transaction 152
[2026-05-22T09:16:37.378Z INFO  benchmark_client] Sending sample transaction 153
[2026-05-22T09:16:37.428Z INFO  benchmark_client] Sending sample transaction 154
[2026-05-22T09:16:37.478Z INFO  benchmark_client] Sending sample transaction 155
[2026-05-22T09:16:37.528Z INFO  benchmark_client] Sending sample transaction 156
[2026-05-22T09:16:37.578Z INFO  benchmark_client] Sending sample transaction 157
[2026-05-22T09:16:37.627Z INFO  benchmark_client] Sending sample transaction 158
[2026-05-22T09:16:37.678Z INFO  benchmark_client] Sending sample transaction 159
[2026-05-22T09:16:37.728Z INFO  benchmark_client] Sending sample transaction 160
[2026-05-22T09:16:37.778Z INFO  benchmark_client] Sending sample transaction 161
[2026-05-22T09:16:37.828Z INFO  benchmark_client] Sending sample transaction 162
[2026-05-22T09:16:37.878Z INFO  benchmark_client] Sending sample transaction 163
[2026-05-22T09:16:37.928Z INFO  benchmark_client] Sending sample transaction 164
[2026-05-22T09:16:37.978Z INFO  benchmark_client] Sending sample transaction 165
[2026-05-22T09:16:38.028Z INFO  benchmark_client] Sending sample transaction 166
[2026-05-22T09:16:38.078Z INFO  benchmark_client] Sending sample transaction 167
[2026-05-22T09:16:38.130Z INFO  benchmark_client] Sending sample transaction 168
[2026-05-22T09:16:38.178Z INFO  benchmark_client] Sending sample transaction 169
[2026-05-22T09:16:38.228Z INFO  benchmark_client] Sending sample transaction 170
[2026-05-22T09:16:38.278Z INFO  benchmark_client] Sending sample transaction 171
[2026-05-22T09:16:38.329Z INFO  benchmark_client] Sending sample transaction 172
[2026-05-22T09:16:38.378Z INFO  benchmark_client] Sending sample transaction 173
[2026-05-22T09:16:38.429Z INFO  benchmark_client] Sending sample transaction 174
[2026-05-22T09:16:38.478Z INFO  benchmark_client] Sending sample transaction 175
[2026-05-22T09:16:38.531Z INFO  benchmark_client] Sending sample transaction 176
[2026-05-22T09:16:38.578Z INFO  benchmark_client] Sending sample transaction 177
[2026-05-22T09:16:38.628Z INFO  benchmark_client] Sending sample transaction 178
[2026-05-22T09:16:38.679Z INFO  benchmark_client] Sending sample transaction 179
[2026-05-22T09:16:38.728Z INFO  benchmark_client] Sending sample transaction 180
[2026-05-22T09:16:38.778Z INFO  benchmark_client] Sending sample transaction 181
[2026-05-22T09:16:38.828Z INFO  benchmark_client] Sending sample transaction 182
[2026-05-22T09:16:38.878Z INFO  benchmark_client] Sending sample transaction 183
[2026-05-22T09:16:38.928Z INFO  benchmark_client] Sending sample transaction 184
[2026-05-22T09:16:38.978Z INFO  benchmark_client] Sending sample transaction 185
[2026-05-22T09:16:39.029Z INFO  benchmark_client] Sending sample transaction 186
[2026-05-22T09:16:39.078Z INFO  benchmark_client] Sending sample transaction 187
[2026-05-22T09:16:39.128Z INFO  benchmark_client] Sending sample transaction 188
[2026-05-22T09:16:39.179Z INFO  benchmark_client] Sending sample transaction 189
[2026-05-22T09:16:39.228Z INFO  benchmark_client] Sending sample transaction 190
[2026-05-22T09:16:39.278Z INFO  benchmark_client] Sending sample transaction 191
[2026-05-22T09:16:39.328Z INFO  benchmark_client] Sending sample transaction 192
[2026-05-22T09:16:39.377Z INFO  benchmark_client] Sending sample transaction 193
[2026-05-22T09:16:39.428Z INFO  benchmark_client] Sending sample transaction 194
[2026-05-22T09:16:39.478Z INFO  benchmark_client] Sending sample transaction 195
[2026-05-22T09:16:39.528Z INFO  benchmark_client] Sending sample transaction 196
[2026-05-22T09:16:39.578Z INFO  benchmark_client] Sending sample transaction 197
[2026-05-22T09:16:39.629Z INFO  benchmark_client] Sending sample transaction 198
[2026-05-22T09:16:39.678Z INFO  benchmark_client] Sending sample transaction 199
[2026-05-22T09:16:39.728Z INFO  benchmark_client] Sending sample transaction 200
[2026-05-22T09:16:39.778Z INFO  benchmark_client] Sending sample transaction 201
[2026-05-22T09:16:39.828Z INFO  benchmark_client] Sending sample transaction 202
[2026-05-22T09:16:39.878Z INFO  benchmark_client] Sending sample transaction 203
[2026-05-22T09:16:39.929Z INFO  benchmark_client] Sending sample transaction 204
[2026-05-22T09:16:39.978Z INFO  benchmark_client] Sending sample transaction 205
[2026-05-22T09:16:40.028Z INFO  benchmark_client] Sending sample transaction 206
[2026-05-22T09:16:40.078Z INFO  benchmark_client] Sending sample transaction 207
[2026-05-22T09:16:40.128Z INFO  benchmark_client] Sending sample transaction 208
[2026-05-22T09:16:40.178Z INFO  benchmark_client] Sending sample transaction 209
[2026-05-22T09:16:40.228Z INFO  benchmark_client] Sending sample transaction 210
[2026-05-22T09:16:40.278Z INFO  benchmark_client] Sending sample transaction 211
[2026-05-22T09:16:40.328Z INFO  benchmark_client] Sending sample transaction 212
[2026-05-22T09:16:40.378Z INFO  benchmark_client] Sending sample transaction 213
[2026-05-22T09:16:40.428Z INFO  benchmark_client] Sending sample transaction 214
[2026-05-22T09:16:40.478Z INFO  benchmark_client] Sending sample transaction 215
[2026-05-22T09:16:40.528Z INFO  benchmark_client] Sending sample transaction 216
[2026-05-22T09:16:40.578Z INFO  benchmark_client] Sending sample transaction 217
[2026-05-22T09:16:40.628Z INFO  benchmark_client] Sending sample transaction 218
[2026-05-22T09:16:40.680Z INFO  benchmark_client] Sending sample transaction 219
[2026-05-22T09:16:40.728Z INFO  benchmark_client] Sending sample transaction 220
[2026-05-22T09:16:40.779Z INFO  benchmark_client] Sending sample transaction 221
[2026-05-22T09:16:40.829Z INFO  benchmark_client] Sending sample transaction 222
[2026-05-22T09:16:40.878Z INFO  benchmark_client] Sending sample transaction 223
[2026-05-22T09:16:40.929Z INFO  benchmark_client] Sending sample transaction 224
[2026-05-22T09:16:40.978Z INFO  benchmark_client] Sending sample transaction 225
[2026-05-22T09:16:41.028Z INFO  benchmark_client] Sending sample transaction 226
[2026-05-22T09:16:41.078Z INFO  benchmark_client] Sending sample transaction 227
[2026-05-22T09:16:41.128Z INFO  benchmark_client] Sending sample transaction 228
[2026-05-22T09:16:41.178Z INFO  benchmark_client] Sending sample transaction 229
[2026-05-22T09:16:41.228Z INFO  benchmark_client] Sending sample transaction 230
[2026-05-22T09:16:41.278Z INFO  benchmark_client] Sending sample transaction 231
[2026-05-22T09:16:41.330Z INFO  benchmark_client] Sending sample transaction 232
[2026-05-22T09:16:41.378Z INFO  benchmark_client] Sending sample transaction 233
[2026-05-22T09:16:41.428Z INFO  benchmark_client] Sending sample transaction 234
[2026-05-22T09:16:41.478Z INFO  benchmark_client] Sending sample transaction 235
[2026-05-22T09:16:41.531Z INFO  benchmark_client] Sending sample transaction 236
[2026-05-22T09:16:41.579Z INFO  benchmark_client] Sending sample transaction 237
[2026-05-22T09:16:41.628Z INFO  benchmark_client] Sending sample transaction 238
[2026-05-22T09:16:41.680Z INFO  benchmark_client] Sending sample transaction 239
[2026-05-22T09:16:41.728Z INFO  benchmark_client] Sending sample transaction 240
[2026-05-22T09:16:41.778Z INFO  benchmark_client] Sending sample transaction 241
[2026-05-22T09:16:41.828Z INFO  benchmark_client] Sending sample transaction 242
[2026-05-22T09:16:41.879Z INFO  benchmark_client] Sending sample transaction 243
[2026-05-22T09:16:41.928Z INFO  benchmark_client] Sending sample transaction 244
[2026-05-22T09:16:41.978Z INFO  benchmark_client] Sending sample transaction 245
[2026-05-22T09:16:42.030Z INFO  benchmark_client] Sending sample transaction 246
[2026-05-22T09:16:42.078Z INFO  benchmark_client] Sending sample transaction 247
[2026-05-22T09:16:42.128Z INFO  benchmark_client] Sending sample transaction 248
[2026-05-22T09:16:42.178Z INFO  benchmark_client] Sending sample transaction 249
[2026-05-22T09:16:42.228Z INFO  benchmark_client] Sending sample transaction 250
[2026-05-22T09:16:42.279Z INFO  benchmark_client] Sending sample transaction 251
[2026-05-22T09:16:42.328Z INFO  benchmark_client] Sending sample transaction 252
[2026-05-22T09:16:42.379Z INFO  benchmark_client] Sending sample transaction 253
[2026-05-22T09:16:42.430Z INFO  benchmark_client] Sending sample transaction 254
[2026-05-22T09:16:42.478Z INFO  benchmark_client] Sending sample transaction 255
[2026-05-22T09:16:42.529Z INFO  benchmark_client] Sending sample transaction 256
[2026-05-22T09:16:42.578Z INFO  benchmark_client] Sending sample transaction 257
[2026-05-22T09:16:42.628Z INFO  benchmark_client] Sending sample transaction 258
[2026-05-22T09:16:42.679Z INFO  benchmark_client] Sending sample transaction 259
[2026-05-22T09:16:42.729Z INFO  benchmark_client] Sending sample transaction 260
[2026-05-22T09:16:42.778Z INFO  benchmark_client] Sending sample transaction 261
[2026-05-22T09:16:42.828Z INFO  benchmark_client] Sending sample transaction 262
[2026-05-22T09:16:42.878Z INFO  benchmark_client] Sending sample transaction 263
[2026-05-22T09:16:42.929Z INFO  benchmark_client] Sending sample transaction 264
[2026-05-22T09:16:42.978Z INFO  benchmark_client] Sending sample transaction 265
[2026-05-22T09:16:43.029Z INFO  benchmark_client] Sending sample transaction 266
[2026-05-22T09:16:43.082Z INFO  benchmark_client] Sending sample transaction 267
[2026-05-22T09:16:43.128Z INFO  benchmark_client] Sending sample transaction 268
[2026-05-22T09:16:43.178Z INFO  benchmark_client] Sending sample transaction 269
[2026-05-22T09:16:43.229Z INFO  benchmark_client] Sending sample transaction 270
[2026-05-22T09:16:43.278Z INFO  benchmark_client] Sending sample transaction 271
[2026-05-22T09:16:43.328Z INFO  benchmark_client] Sending sample transaction 272
[2026-05-22T09:16:43.379Z INFO  benchmark_client] Sending sample transaction 273
[2026-05-22T09:16:43.429Z INFO  benchmark_client] Sending sample transaction 274
[2026-05-22T09:16:43.478Z INFO  benchmark_client] Sending sample transaction 275
[2026-05-22T09:16:43.528Z INFO  benchmark_client] Sending sample transaction 276
[2026-05-22T09:16:43.578Z INFO  benchmark_client] Sending sample transaction 277
[2026-05-22T09:16:43.628Z INFO  benchmark_client] Sending sample transaction 278
[2026-05-22T09:16:43.680Z INFO  benchmark_client] Sending sample transaction 279
[2026-05-22T09:16:43.728Z INFO  benchmark_client] Sending sample transaction 280
[2026-05-22T09:16:43.778Z INFO  benchmark_client] Sending sample transaction 281
[2026-05-22T09:16:43.828Z INFO  benchmark_client] Sending sample transaction 282
[2026-05-22T09:16:43.878Z INFO  benchmark_client] Sending sample transaction 283
[2026-05-22T09:16:43.929Z INFO  benchmark_client] Sending sample transaction 284
[2026-05-22T09:16:43.979Z INFO  benchmark_client] Sending sample transaction 285
[2026-05-22T09:16:44.028Z INFO  benchmark_client] Sending sample transaction 286
[2026-05-22T09:16:44.078Z INFO  benchmark_client] Sending sample transaction 287
[2026-05-22T09:16:44.129Z INFO  benchmark_client] Sending sample transaction 288
[2026-05-22T09:16:44.178Z INFO  benchmark_client] Sending sample transaction 289
[2026-05-22T09:16:44.228Z INFO  benchmark_client] Sending sample transaction 290
[2026-05-22T09:16:44.278Z INFO  benchmark_client] Sending sample transaction 291
[2026-05-22T09:16:44.328Z INFO  benchmark_client] Sending sample transaction 292
[2026-05-22T09:16:44.380Z INFO  benchmark_client] Sending sample transaction 293
[2026-05-22T09:16:44.429Z INFO  benchmark_client] Sending sample transaction 294
[2026-05-22T09:16:44.479Z INFO  benchmark_client] Sending sample transaction 295
[2026-05-22T09:16:44.528Z INFO  benchmark_client] Sending sample transaction 296
[2026-05-22T09:16:44.578Z INFO  benchmark_client] Sending sample transaction 297
[2026-05-22T09:16:44.628Z INFO  benchmark_client] Sending sample transaction 298
[2026-05-22T09:16:44.678Z INFO  benchmark_client] Sending sample transaction 299
[2026-05-22T09:16:44.729Z INFO  benchmark_client] Sending sample transaction 300
[2026-05-22T09:16:44.781Z INFO  benchmark_client] Sending sample transaction 301
[2026-05-22T09:16:44.829Z INFO  benchmark_client] Sending sample transaction 302
[2026-05-22T09:16:44.878Z INFO  benchmark_client] Sending sample transaction 303
[2026-05-22T09:16:44.929Z INFO  benchmark_client] Sending sample transaction 304
[2026-05-22T09:16:44.979Z INFO  benchmark_client] Sending sample transaction 305
[2026-05-22T09:16:45.029Z INFO  benchmark_client] Sending sample transaction 306
[2026-05-22T09:16:45.081Z INFO  benchmark_client] Sending sample transaction 307
[2026-05-22T09:16:45.129Z INFO  benchmark_client] Sending sample transaction 308
[2026-05-22T09:16:45.178Z INFO  benchmark_client] Sending sample transaction 309
[2026-05-22T09:16:45.229Z INFO  benchmark_client] Sending sample transaction 310
[2026-05-22T09:16:45.279Z INFO  benchmark_client] Sending sample transaction 311
[2026-05-22T09:16:45.329Z INFO  benchmark_client] Sending sample transaction 312
[2026-05-22T09:16:45.378Z INFO  benchmark_client] Sending sample transaction 313
[2026-05-22T09:16:45.429Z INFO  benchmark_client] Sending sample transaction 314
[2026-05-22T09:16:45.478Z INFO  benchmark_client] Sending sample transaction 315
[2026-05-22T09:16:45.530Z INFO  benchmark_client] Sending sample transaction 316
[2026-05-22T09:16:45.578Z INFO  benchmark_client] Sending sample transaction 317
[2026-05-22T09:16:45.632Z INFO  benchmark_client] Sending sample transaction 318
[2026-05-22T09:16:45.679Z INFO  benchmark_client] Sending sample transaction 319
[2026-05-22T09:16:45.728Z INFO  benchmark_client] Sending sample transaction 320
[2026-05-22T09:16:45.779Z INFO  benchmark_client] Sending sample transaction 321
[2026-05-22T09:16:45.828Z INFO  benchmark_client] Sending sample transaction 322
[2026-05-22T09:16:45.878Z INFO  benchmark_client] Sending sample transaction 323
[2026-05-22T09:16:45.928Z INFO  benchmark_client] Sending sample transaction 324
[2026-05-22T09:16:45.978Z INFO  benchmark_client] Sending sample transaction 325
[2026-05-22T09:16:46.028Z INFO  benchmark_client] Sending sample transaction 326
[2026-05-22T09:16:46.078Z INFO  benchmark_client] Sending sample transaction 327
[2026-05-22T09:16:46.132Z INFO  benchmark_client] Sending sample transaction 328
[2026-05-22T09:16:46.180Z INFO  benchmark_client] Sending sample transaction 329
[2026-05-22T09:16:46.228Z INFO  benchmark_client] Sending sample transaction 330
[2026-05-22T09:16:46.278Z INFO  benchmark_client] Sending sample transaction 331
[2026-05-22T09:16:46.330Z INFO  benchmark_client] Sending sample transaction 332
[2026-05-22T09:16:46.378Z INFO  benchmark_client] Sending sample transaction 333
[2026-05-22T09:16:46.428Z INFO  benchmark_client] Sending sample transaction 334
[2026-05-22T09:16:46.478Z INFO  benchmark_client] Sending sample transaction 335
[2026-05-22T09:16:46.532Z INFO  benchmark_client] Sending sample transaction 336
[2026-05-22T09:16:46.579Z INFO  benchmark_client] Sending sample transaction 337
[2026-05-22T09:16:46.628Z INFO  benchmark_client] Sending sample transaction 338
[2026-05-22T09:16:46.678Z INFO  benchmark_client] Sending sample transaction 339
[2026-05-22T09:16:46.730Z INFO  benchmark_client] Sending sample transaction 340
[2026-05-22T09:16:46.779Z INFO  benchmark_client] Sending sample transaction 341
[2026-05-22T09:16:46.829Z INFO  benchmark_client] Sending sample transaction 342
[2026-05-22T09:16:46.878Z INFO  benchmark_client] Sending sample transaction 343
[2026-05-22T09:16:46.928Z INFO  benchmark_client] Sending sample transaction 344
[2026-05-22T09:16:46.981Z INFO  benchmark_client] Sending sample transaction 345
[2026-05-22T09:16:47.029Z INFO  benchmark_client] Sending sample transaction 346
[2026-05-22T09:16:47.078Z INFO  benchmark_client] Sending sample transaction 347
[2026-05-22T09:16:47.128Z INFO  benchmark_client] Sending sample transaction 348
[2026-05-22T09:16:47.178Z INFO  benchmark_client] Sending sample transaction 349
[2026-05-22T09:16:47.228Z INFO  benchmark_client] Sending sample transaction 350
[2026-05-22T09:16:47.279Z INFO  benchmark_client] Sending sample transaction 351
[2026-05-22T09:16:47.329Z INFO  benchmark_client] Sending sample transaction 352
[2026-05-22T09:16:47.379Z INFO  benchmark_client] Sending sample transaction 353
[2026-05-22T09:16:47.428Z INFO  benchmark_client] Sending sample transaction 354
[2026-05-22T09:16:47.478Z INFO  benchmark_client] Sending sample transaction 355
[2026-05-22T09:16:47.529Z INFO  benchmark_client] Sending sample transaction 356
[2026-05-22T09:16:47.578Z INFO  benchmark_client] Sending sample transaction 357
[2026-05-22T09:16:47.628Z INFO  benchmark_client] Sending sample transaction 358
[2026-05-22T09:16:47.679Z INFO  benchmark_client] Sending sample transaction 359
[2026-05-22T09:16:47.728Z INFO  benchmark_client] Sending sample transaction 360
[2026-05-22T09:16:47.778Z INFO  benchmark_client] Sending sample transaction 361
[2026-05-22T09:16:47.829Z INFO  benchmark_client] Sending sample transaction 362
[2026-05-22T09:16:47.878Z INFO  benchmark_client] Sending sample transaction 363
[2026-05-22T09:16:47.928Z INFO  benchmark_client] Sending sample transaction 364
[2026-05-22T09:16:47.978Z INFO  benchmark_client] Sending sample transaction 365
[2026-05-22T09:16:48.029Z INFO  benchmark_client] Sending sample transaction 366
[2026-05-22T09:16:48.078Z INFO  benchmark_client] Sending sample transaction 367
[2026-05-22T09:16:48.128Z INFO  benchmark_client] Sending sample transaction 368
[2026-05-22T09:16:48.179Z INFO  benchmark_client] Sending sample transaction 369
[2026-05-22T09:16:48.228Z INFO  benchmark_client] Sending sample transaction 370
[2026-05-22T09:16:48.279Z INFO  benchmark_client] Sending sample transaction 371
[2026-05-22T09:16:48.330Z INFO  benchmark_client] Sending sample transaction 372
[2026-05-22T09:16:48.379Z INFO  benchmark_client] Sending sample transaction 373
[2026-05-22T09:16:48.428Z INFO  benchmark_client] Sending sample transaction 374
[2026-05-22T09:16:48.478Z INFO  benchmark_client] Sending sample transaction 375
[2026-05-22T09:16:48.529Z INFO  benchmark_client] Sending sample transaction 376
[2026-05-22T09:16:48.578Z INFO  benchmark_client] Sending sample transaction 377
[2026-05-22T09:16:48.628Z INFO  benchmark_client] Sending sample transaction 378
[2026-05-22T09:16:48.679Z INFO  benchmark_client] Sending sample transaction 379
[2026-05-22T09:16:48.728Z INFO  benchmark_client] Sending sample transaction 380
[2026-05-22T09:16:48.780Z INFO  benchmark_client] Sending sample transaction 381
[2026-05-22T09:16:48.829Z INFO  benchmark_client] Sending sample transaction 382
[2026-05-22T09:16:48.879Z INFO  benchmark_client] Sending sample transaction 383
[2026-05-22T09:16:48.930Z INFO  benchmark_client] Sending sample transaction 384
[2026-05-22T09:16:48.979Z INFO  benchmark_client] Sending sample transaction 385
[2026-05-22T09:16:49.029Z INFO  benchmark_client] Sending sample transaction 386
[2026-05-22T09:16:49.079Z INFO  benchmark_client] Sending sample transaction 387
[2026-05-22T09:16:49.129Z INFO  benchmark_client] Sending sample transaction 388
[2026-05-22T09:16:49.179Z INFO  benchmark_client] Sending sample transaction 389
[2026-05-22T09:16:49.229Z INFO  benchmark_client] Sending sample transaction 390
[2026-05-22T09:16:49.279Z INFO  benchmark_client] Sending sample transaction 391
[2026-05-22T09:16:49.329Z INFO  benchmark_client] Sending sample transaction 392
[2026-05-22T09:16:49.379Z INFO  benchmark_client] Sending sample transaction 393
[2026-05-22T09:16:49.428Z INFO  benchmark_client] Sending sample transaction 394
[2026-05-22T09:16:49.479Z INFO  benchmark_client] Sending sample transaction 395
[2026-05-22T09:16:49.530Z INFO  benchmark_client] Sending sample transaction 396
[2026-05-22T09:16:49.579Z INFO  benchmark_client] Sending sample transaction 397
[2026-05-22T09:16:49.628Z INFO  benchmark_client] Sending sample transaction 398
[2026-05-22T09:16:49.680Z INFO  benchmark_client] Sending sample transaction 399
[2026-05-22T09:16:49.729Z INFO  benchmark_client] Sending sample transaction 400
[2026-05-22T09:16:49.779Z INFO  benchmark_client] Sending sample transaction 401
[2026-05-22T09:16:49.829Z INFO  benchmark_client] Sending sample transaction 402
[2026-05-22T09:16:49.878Z INFO  benchmark_client] Sending sample transaction 403
[2026-05-22T09:16:49.929Z INFO  benchmark_client] Sending sample transaction 404
[2026-05-22T09:16:49.978Z INFO  benchmark_client] Sending sample transaction 405
[2026-05-22T09:16:50.029Z INFO  benchmark_client] Sending sample transaction 406
[2026-05-22T09:16:50.078Z INFO  benchmark_client] Sending sample transaction 407
[2026-05-22T09:16:50.131Z INFO  benchmark_client] Sending sample transaction 408
[2026-05-22T09:16:50.180Z INFO  benchmark_client] Sending sample transaction 409
[2026-05-22T09:16:50.229Z INFO  benchmark_client] Sending sample transaction 410
[2026-05-22T09:16:50.279Z INFO  benchmark_client] Sending sample transaction 411
[2026-05-22T09:16:50.329Z INFO  benchmark_client] Sending sample transaction 412
[2026-05-22T09:16:50.379Z INFO  benchmark_client] Sending sample transaction 413
[2026-05-22T09:16:50.429Z INFO  benchmark_client] Sending sample transaction 414
[2026-05-22T09:16:50.479Z INFO  benchmark_client] Sending sample transaction 415
[2026-05-22T09:16:50.529Z INFO  benchmark_client] Sending sample transaction 416
[2026-05-22T09:16:50.578Z INFO  benchmark_client] Sending sample transaction 417
[2026-05-22T09:16:50.628Z INFO  benchmark_client] Sending sample transaction 418
[2026-05-22T09:16:50.678Z INFO  benchmark_client] Sending sample transaction 419
[2026-05-22T09:16:50.729Z INFO  benchmark_client] Sending sample transaction 420
[2026-05-22T09:16:50.780Z INFO  benchmark_client] Sending sample transaction 421
[2026-05-22T09:16:50.833Z INFO  benchmark_client] Sending sample transaction 422
[2026-05-22T09:16:50.879Z INFO  benchmark_client] Sending sample transaction 423
[2026-05-22T09:16:50.929Z INFO  benchmark_client] Sending sample transaction 424
[2026-05-22T09:16:50.979Z INFO  benchmark_client] Sending sample transaction 425
[2026-05-22T09:16:51.029Z INFO  benchmark_client] Sending sample transaction 426
[2026-05-22T09:16:51.078Z INFO  benchmark_client] Sending sample transaction 427
[2026-05-22T09:16:51.129Z INFO  benchmark_client] Sending sample transaction 428
[2026-05-22T09:16:51.178Z INFO  benchmark_client] Sending sample transaction 429
[2026-05-22T09:16:51.229Z INFO  benchmark_client] Sending sample transaction 430
[2026-05-22T09:16:51.278Z INFO  benchmark_client] Sending sample transaction 431
[2026-05-22T09:16:51.329Z INFO  benchmark_client] Sending sample transaction 432
[2026-05-22T09:16:51.378Z INFO  benchmark_client] Sending sample transaction 433
[2026-05-22T09:16:51.428Z INFO  benchmark_client] Sending sample transaction 434
[2026-05-22T09:16:51.478Z INFO  benchmark_client] Sending sample transaction 435
[2026-05-22T09:16:51.529Z INFO  benchmark_client] Sending sample transaction 436
[2026-05-22T09:16:51.581Z INFO  benchmark_client] Sending sample transaction 437
[2026-05-22T09:16:51.629Z INFO  benchmark_client] Sending sample transaction 438
[2026-05-22T09:16:51.679Z INFO  benchmark_client] Sending sample transaction 439
[2026-05-22T09:16:51.729Z INFO  benchmark_client] Sending sample transaction 440
[2026-05-22T09:16:51.779Z INFO  benchmark_client] Sending sample transaction 441
[2026-05-22T09:16:51.829Z INFO  benchmark_client] Sending sample transaction 442
[2026-05-22T09:16:51.878Z INFO  benchmark_client] Sending sample transaction 443
[2026-05-22T09:16:51.929Z INFO  benchmark_client] Sending sample transaction 444
[2026-05-22T09:16:51.980Z INFO  benchmark_client] Sending sample transaction 445
[2026-05-22T09:16:52.029Z INFO  benchmark_client] Sending sample transaction 446
[2026-05-22T09:16:52.079Z INFO  benchmark_client] Sending sample transaction 447
[2026-05-22T09:16:52.128Z INFO  benchmark_client] Sending sample transaction 448
[2026-05-22T09:16:52.180Z INFO  benchmark_client] Sending sample transaction 449
[2026-05-22T09:16:52.228Z INFO  benchmark_client] Sending sample transaction 450
[2026-05-22T09:16:52.279Z INFO  benchmark_client] Sending sample transaction 451
[2026-05-22T09:16:52.328Z INFO  benchmark_client] Sending sample transaction 452
[2026-05-22T09:16:52.380Z INFO  benchmark_client] Sending sample transaction 453
[2026-05-22T09:16:52.428Z INFO  benchmark_client] Sending sample transaction 454
[2026-05-22T09:16:52.479Z INFO  benchmark_client] Sending sample transaction 455
[2026-05-22T09:16:52.530Z INFO  benchmark_client] Sending sample transaction 456
[2026-05-22T09:16:52.579Z INFO  benchmark_client] Sending sample transaction 457
[2026-05-22T09:16:52.631Z INFO  benchmark_client] Sending sample transaction 458
[2026-05-22T09:16:52.679Z INFO  benchmark_client] Sending sample transaction 459
[2026-05-22T09:16:52.732Z INFO  benchmark_client] Sending sample transaction 460
[2026-05-22T09:16:52.779Z INFO  benchmark_client] Sending sample transaction 461
[2026-05-22T09:16:52.829Z INFO  benchmark_client] Sending sample transaction 462
[2026-05-22T09:16:52.879Z INFO  benchmark_client] Sending sample transaction 463
[2026-05-22T09:16:52.930Z INFO  benchmark_client] Sending sample transaction 464
[2026-05-22T09:16:52.979Z INFO  benchmark_client] Sending sample transaction 465
[2026-05-22T09:16:53.029Z INFO  benchmark_client] Sending sample transaction 466
[2026-05-22T09:16:53.079Z INFO  benchmark_client] Sending sample transaction 467
[2026-05-22T09:16:53.132Z INFO  benchmark_client] Sending sample transaction 468
[2026-05-22T09:16:53.179Z INFO  benchmark_client] Sending sample transaction 469
[2026-05-22T09:16:53.231Z INFO  benchmark_client] Sending sample transaction 470
[2026-05-22T09:16:53.282Z INFO  benchmark_client] Sending sample transaction 471
[2026-05-22T09:16:53.328Z INFO  benchmark_client] Sending sample transaction 472
[2026-05-22T09:16:53.379Z INFO  benchmark_client] Sending sample transaction 473
[2026-05-22T09:16:53.429Z INFO  benchmark_client] Sending sample transaction 474
[2026-05-22T09:16:53.479Z INFO  benchmark_client] Sending sample transaction 475
[2026-05-22T09:16:53.529Z INFO  benchmark_client] Sending sample transaction 476
[2026-05-22T09:16:53.579Z INFO  benchmark_client] Sending sample transaction 477
[2026-05-22T09:16:53.628Z INFO  benchmark_client] Sending sample transaction 478
[2026-05-22T09:16:53.683Z INFO  benchmark_client] Sending sample transaction 479
[2026-05-22T09:16:53.729Z INFO  benchmark_client] Sending sample transaction 480
[2026-05-22T09:16:53.779Z INFO  benchmark_client] Sending sample transaction 481
[2026-05-22T09:16:53.829Z INFO  benchmark_client] Sending sample transaction 482
[2026-05-22T09:16:53.879Z INFO  benchmark_client] Sending sample transaction 483
[2026-05-22T09:16:53.929Z INFO  benchmark_client] Sending sample transaction 484
[2026-05-22T09:16:53.983Z INFO  benchmark_client] Sending sample transaction 485
[2026-05-22T09:16:54.028Z INFO  benchmark_client] Sending sample transaction 486
[2026-05-22T09:16:54.079Z INFO  benchmark_client] Sending sample transaction 487
[2026-05-22T09:16:54.129Z INFO  benchmark_client] Sending sample transaction 488
[2026-05-22T09:16:54.179Z INFO  benchmark_client] Sending sample transaction 489
[2026-05-22T09:16:54.229Z INFO  benchmark_client] Sending sample transaction 490
[2026-05-22T09:16:54.279Z INFO  benchmark_client] Sending sample transaction 491
[2026-05-22T09:16:54.329Z INFO  benchmark_client] Sending sample transaction 492
[2026-05-22T09:16:54.379Z INFO  benchmark_client] Sending sample transaction 493
[2026-05-22T09:16:54.429Z INFO  benchmark_client] Sending sample transaction 494
[2026-05-22T09:16:54.479Z INFO  benchmark_client] Sending sample transaction 495
[2026-05-22T09:16:54.529Z INFO  benchmark_client] Sending sample transaction 496
[2026-05-22T09:16:54.579Z INFO  benchmark_client] Sending sample transaction 497
[2026-05-22T09:16:54.630Z INFO  benchmark_client] Sending sample transaction 498
[2026-05-22T09:16:54.679Z INFO  benchmark_client] Sending sample transaction 499
[2026-05-22T09:16:54.729Z INFO  benchmark_client] Sending sample transaction 500
[2026-05-22T09:16:54.778Z INFO  benchmark_client] Sending sample transaction 501
[2026-05-22T09:16:54.829Z INFO  benchmark_client] Sending sample transaction 502
[2026-05-22T09:16:54.879Z INFO  benchmark_client] Sending sample transaction 503
[2026-05-22T09:16:54.929Z INFO  benchmark_client] Sending sample transaction 504
[2026-05-22T09:16:54.979Z INFO  benchmark_client] Sending sample transaction 505
[2026-05-22T09:16:55.029Z INFO  benchmark_client] Sending sample transaction 506
[2026-05-22T09:16:55.079Z INFO  benchmark_client] Sending sample transaction 507
[2026-05-22T09:16:55.129Z INFO  benchmark_client] Sending sample transaction 508
[2026-05-22T09:16:55.179Z INFO  benchmark_client] Sending sample transaction 509
[2026-05-22T09:16:55.229Z INFO  benchmark_client] Sending sample transaction 510
[2026-05-22T09:16:55.279Z INFO  benchmark_client] Sending sample transaction 511
[2026-05-22T09:16:55.329Z INFO  benchmark_client] Sending sample transaction 512
[2026-05-22T09:16:55.379Z INFO  benchmark_client] Sending sample transaction 513
[2026-05-22T09:16:55.429Z INFO  benchmark_client] Sending sample transaction 514
[2026-05-22T09:16:55.479Z INFO  benchmark_client] Sending sample transaction 515
[2026-05-22T09:16:55.529Z INFO  benchmark_client] Sending sample transaction 516
[2026-05-22T09:16:55.581Z INFO  benchmark_client] Sending sample transaction 517
[2026-05-22T09:16:55.629Z INFO  benchmark_client] Sending sample transaction 518
[2026-05-22T09:16:55.679Z INFO  benchmark_client] Sending sample transaction 519
[2026-05-22T09:16:55.729Z INFO  benchmark_client] Sending sample transaction 520
[2026-05-22T09:16:55.779Z INFO  benchmark_client] Sending sample transaction 521
[2026-05-22T09:16:55.829Z INFO  benchmark_client] Sending sample transaction 522
[2026-05-22T09:16:55.879Z INFO  benchmark_client] Sending sample transaction 523
[2026-05-22T09:16:55.929Z INFO  benchmark_client] Sending sample transaction 524
[2026-05-22T09:16:55.980Z INFO  benchmark_client] Sending sample transaction 525
[2026-05-22T09:16:56.031Z INFO  benchmark_client] Sending sample transaction 526
[2026-05-22T09:16:56.079Z INFO  benchmark_client] Sending sample transaction 527
[2026-05-22T09:16:56.129Z INFO  benchmark_client] Sending sample transaction 528
[2026-05-22T09:16:56.179Z INFO  benchmark_client] Sending sample transaction 529
[2026-05-22T09:16:56.229Z INFO  benchmark_client] Sending sample transaction 530
[2026-05-22T09:16:56.279Z INFO  benchmark_client] Sending sample transaction 531
[2026-05-22T09:16:56.329Z INFO  benchmark_client] Sending sample transaction 532
[2026-05-22T09:16:56.379Z INFO  benchmark_client] Sending sample transaction 533
[2026-05-22T09:16:56.429Z INFO  benchmark_client] Sending sample transaction 534
[2026-05-22T09:16:56.480Z INFO  benchmark_client] Sending sample transaction 535
[2026-05-22T09:16:56.529Z INFO  benchmark_client] Sending sample transaction 536
[2026-05-22T09:16:56.579Z INFO  benchmark_client] Sending sample transaction 537
[2026-05-22T09:16:56.633Z INFO  benchmark_client] Sending sample transaction 538
[2026-05-22T09:16:56.681Z INFO  benchmark_client] Sending sample transaction 539
[2026-05-22T09:16:56.729Z INFO  benchmark_client] Sending sample transaction 540
[2026-05-22T09:16:56.779Z INFO  benchmark_client] Sending sample transaction 541
[2026-05-22T09:16:56.829Z INFO  benchmark_client] Sending sample transaction 542
[2026-05-22T09:16:56.880Z INFO  benchmark_client] Sending sample transaction 543
[2026-05-22T09:16:56.929Z INFO  benchmark_client] Sending sample transaction 544
[2026-05-22T09:16:56.983Z INFO  benchmark_client] Sending sample transaction 545
[2026-05-22T09:16:57.029Z INFO  benchmark_client] Sending sample transaction 546
[2026-05-22T09:16:57.079Z INFO  benchmark_client] Sending sample transaction 547
[2026-05-22T09:16:57.129Z INFO  benchmark_client] Sending sample transaction 548
[2026-05-22T09:16:57.179Z INFO  benchmark_client] Sending sample transaction 549
[2026-05-22T09:16:57.231Z INFO  benchmark_client] Sending sample transaction 550
[2026-05-22T09:16:57.279Z INFO  benchmark_client] Sending sample transaction 551
[2026-05-22T09:16:57.329Z INFO  benchmark_client] Sending sample transaction 552
[2026-05-22T09:16:57.379Z INFO  benchmark_client] Sending sample transaction 553
[2026-05-22T09:16:57.429Z INFO  benchmark_client] Sending sample transaction 554
[2026-05-22T09:16:57.479Z INFO  benchmark_client] Sending sample transaction 555
[2026-05-22T09:16:57.529Z INFO  benchmark_client] Sending sample transaction 556
[2026-05-22T09:16:57.580Z INFO  benchmark_client] Sending sample transaction 557
[2026-05-22T09:16:57.630Z INFO  benchmark_client] Sending sample transaction 558
[2026-05-22T09:16:57.680Z INFO  benchmark_client] Sending sample transaction 559
[2026-05-22T09:16:57.731Z INFO  benchmark_client] Sending sample transaction 560
[2026-05-22T09:16:57.783Z INFO  benchmark_client] Sending sample transaction 561
[2026-05-22T09:16:57.832Z INFO  benchmark_client] Sending sample transaction 562
[2026-05-22T09:16:57.878Z INFO  benchmark_client] Sending sample transaction 563
[2026-05-22T09:16:57.928Z INFO  benchmark_client] Sending sample transaction 564
[2026-05-22T09:16:57.980Z INFO  benchmark_client] Sending sample transaction 565
[2026-05-22T09:16:58.029Z INFO  benchmark_client] Sending sample transaction 566
[2026-05-22T09:16:58.079Z INFO  benchmark_client] Sending sample transaction 567
[2026-05-22T09:16:58.129Z INFO  benchmark_client] Sending sample transaction 568
[2026-05-22T09:16:58.179Z INFO  benchmark_client] Sending sample transaction 569
[2026-05-22T09:16:58.229Z INFO  benchmark_client] Sending sample transaction 570
[2026-05-22T09:16:58.279Z INFO  benchmark_client] Sending sample transaction 571
[2026-05-22T09:16:58.328Z INFO  benchmark_client] Sending sample transaction 572
[2026-05-22T09:16:58.379Z INFO  benchmark_client] Sending sample transaction 573
[2026-05-22T09:16:58.429Z INFO  benchmark_client] Sending sample transaction 574
[2026-05-22T09:16:58.479Z INFO  benchmark_client] Sending sample transaction 575
[2026-05-22T09:16:58.530Z INFO  benchmark_client] Sending sample transaction 576
[2026-05-22T09:16:58.579Z INFO  benchmark_client] Sending sample transaction 577
[2026-05-22T09:16:58.631Z INFO  benchmark_client] Sending sample transaction 578
[2026-05-22T09:16:58.679Z INFO  benchmark_client] Sending sample transaction 579
[2026-05-22T09:16:58.729Z INFO  benchmark_client] Sending sample transaction 580
[2026-05-22T09:16:58.779Z INFO  benchmark_client] Sending sample transaction 581
[2026-05-22T09:16:58.829Z INFO  benchmark_client] Sending sample transaction 582
[2026-05-22T09:16:58.879Z INFO  benchmark_client] Sending sample transaction 583
[2026-05-22T09:16:58.928Z INFO  benchmark_client] Sending sample transaction 584
[2026-05-22T09:16:58.978Z INFO  benchmark_client] Sending sample transaction 585
[2026-05-22T09:16:59.029Z INFO  benchmark_client] Sending sample transaction 586
[2026-05-22T09:16:59.079Z INFO  benchmark_client] Sending sample transaction 587
[2026-05-22T09:16:59.129Z INFO  benchmark_client] Sending sample transaction 588
[2026-05-22T09:16:59.181Z INFO  benchmark_client] Sending sample transaction 589
[2026-05-22T09:16:59.229Z INFO  benchmark_client] Sending sample transaction 590
[2026-05-22T09:16:59.279Z INFO  benchmark_client] Sending sample transaction 591
[2026-05-22T09:16:59.330Z INFO  benchmark_client] Sending sample transaction 592
[2026-05-22T09:16:59.379Z INFO  benchmark_client] Sending sample transaction 593
[2026-05-22T09:16:59.429Z INFO  benchmark_client] Sending sample transaction 594
[2026-05-22T09:16:59.481Z INFO  benchmark_client] Sending sample transaction 595
[2026-05-22T09:16:59.529Z INFO  benchmark_client] Sending sample transaction 596
[2026-05-22T09:16:59.579Z INFO  benchmark_client] Sending sample transaction 597
[2026-05-22T09:16:59.628Z INFO  benchmark_client] Sending sample transaction 598
[2026-05-22T09:16:59.679Z INFO  benchmark_client] Sending sample transaction 599
[2026-05-22T09:16:59.729Z INFO  benchmark_client] Sending sample transaction 600
[2026-05-22T09:16:59.779Z INFO  benchmark_client] Sending sample transaction 601
[2026-05-22T09:16:59.829Z INFO  benchmark_client] Sending sample transaction 602
[2026-05-22T09:16:59.881Z INFO  benchmark_client] Sending sample transaction 603
[2026-05-22T09:16:59.929Z INFO  benchmark_client] Sending sample transaction 604
[2026-05-22T09:16:59.979Z INFO  benchmark_client] Sending sample transaction 605
[2026-05-22T09:17:00.031Z INFO  benchmark_client] Sending sample transaction 606
[2026-05-22T09:17:00.080Z INFO  benchmark_client] Sending sample transaction 607
[2026-05-22T09:17:00.129Z INFO  benchmark_client] Sending sample transaction 608
[2026-05-22T09:17:00.179Z INFO  benchmark_client] Sending sample transaction 609
[2026-05-22T09:17:00.228Z INFO  benchmark_client] Sending sample transaction 610
[2026-05-22T09:17:00.279Z INFO  benchmark_client] Sending sample transaction 611
[2026-05-22T09:17:00.330Z INFO  benchmark_client] Sending sample transaction 612
[2026-05-22T09:17:00.379Z INFO  benchmark_client] Sending sample transaction 613
[2026-05-22T09:17:00.429Z INFO  benchmark_client] Sending sample transaction 614
[2026-05-22T09:17:00.483Z INFO  benchmark_client] Sending sample transaction 615
[2026-05-22T09:17:00.529Z INFO  benchmark_client] Sending sample transaction 616
[2026-05-22T09:17:00.579Z INFO  benchmark_client] Sending sample transaction 617
[2026-05-22T09:17:00.631Z INFO  benchmark_client] Sending sample transaction 618
[2026-05-22T09:17:00.679Z INFO  benchmark_client] Sending sample transaction 619
[2026-05-22T09:17:00.734Z INFO  benchmark_client] Sending sample transaction 620
[2026-05-22T09:17:00.779Z INFO  benchmark_client] Sending sample transaction 621
[2026-05-22T09:17:00.830Z INFO  benchmark_client] Sending sample transaction 622
[2026-05-22T09:17:00.879Z INFO  benchmark_client] Sending sample transaction 623
[2026-05-22T09:17:00.929Z INFO  benchmark_client] Sending sample transaction 624
[2026-05-22T09:17:00.980Z INFO  benchmark_client] Sending sample transaction 625
[2026-05-22T09:17:01.029Z INFO  benchmark_client] Sending sample transaction 626
[2026-05-22T09:17:01.079Z INFO  benchmark_client] Sending sample transaction 627
[2026-05-22T09:17:01.129Z INFO  benchmark_client] Sending sample transaction 628
[2026-05-22T09:17:01.179Z INFO  benchmark_client] Sending sample transaction 629
[2026-05-22T09:17:01.229Z INFO  benchmark_client] Sending sample transaction 630
[2026-05-22T09:17:01.280Z INFO  benchmark_client] Sending sample transaction 631
[2026-05-22T09:17:01.329Z INFO  benchmark_client] Sending sample transaction 632
[2026-05-22T09:17:01.379Z INFO  benchmark_client] Sending sample transaction 633
[2026-05-22T09:17:01.429Z INFO  benchmark_client] Sending sample transaction 634
[2026-05-22T09:17:01.479Z INFO  benchmark_client] Sending sample transaction 635
[2026-05-22T09:17:01.529Z INFO  benchmark_client] Sending sample transaction 636
[2026-05-22T09:17:01.579Z INFO  benchmark_client] Sending sample transaction 637
[2026-05-22T09:17:01.629Z INFO  benchmark_client] Sending sample transaction 638
[2026-05-22T09:17:01.679Z INFO  benchmark_client] Sending sample transaction 639
[2026-05-22T09:17:01.729Z INFO  benchmark_client] Sending sample transaction 640
[2026-05-22T09:17:01.783Z INFO  benchmark_client] Sending sample transaction 641
[2026-05-22T09:17:01.830Z INFO  benchmark_client] Sending sample transaction 642
[2026-05-22T09:17:01.879Z INFO  benchmark_client] Sending sample transaction 643
[2026-05-22T09:17:01.931Z INFO  benchmark_client] Sending sample transaction 644
[2026-05-22T09:17:01.981Z INFO  benchmark_client] Sending sample transaction 645
[2026-05-22T09:17:02.034Z INFO  benchmark_client] Sending sample transaction 646
[2026-05-22T09:17:02.083Z INFO  benchmark_client] Sending sample transaction 647
[2026-05-22T09:17:02.130Z INFO  benchmark_client] Sending sample transaction 648
[2026-05-22T09:17:02.179Z INFO  benchmark_client] Sending sample transaction 649
[2026-05-22T09:17:02.229Z INFO  benchmark_client] Sending sample transaction 650
[2026-05-22T09:17:02.278Z INFO  benchmark_client] Sending sample transaction 651
[2026-05-22T09:17:02.329Z INFO  benchmark_client] Sending sample transaction 652
[2026-05-22T09:17:02.382Z INFO  benchmark_client] Sending sample transaction 653
[2026-05-22T09:17:02.430Z INFO  benchmark_client] Sending sample transaction 654
[2026-05-22T09:17:02.479Z INFO  benchmark_client] Sending sample transaction 655
[2026-05-22T09:17:02.529Z INFO  benchmark_client] Sending sample transaction 656
[2026-05-22T09:17:02.581Z INFO  benchmark_client] Sending sample transaction 657
[2026-05-22T09:17:02.629Z INFO  benchmark_client] Sending sample transaction 658
[2026-05-22T09:17:02.679Z INFO  benchmark_client] Sending sample transaction 659
[2026-05-22T09:17:02.732Z INFO  benchmark_client] Sending sample transaction 660
[2026-05-22T09:17:02.779Z INFO  benchmark_client] Sending sample transaction 661
[2026-05-22T09:17:02.829Z INFO  benchmark_client] Sending sample transaction 662
[2026-05-22T09:17:02.879Z INFO  benchmark_client] Sending sample transaction 663
[2026-05-22T09:17:02.931Z INFO  benchmark_client] Sending sample transaction 664
[2026-05-22T09:17:02.978Z INFO  benchmark_client] Sending sample transaction 665
[2026-05-22T09:17:03.031Z INFO  benchmark_client] Sending sample transaction 666
[2026-05-22T09:17:03.079Z INFO  benchmark_client] Sending sample transaction 667
[2026-05-22T09:17:03.129Z INFO  benchmark_client] Sending sample transaction 668
[2026-05-22T09:17:03.180Z INFO  benchmark_client] Sending sample transaction 669
[2026-05-22T09:17:03.229Z INFO  benchmark_client] Sending sample transaction 670
[2026-05-22T09:17:03.279Z INFO  benchmark_client] Sending sample transaction 671
[2026-05-22T09:17:03.330Z INFO  benchmark_client] Sending sample transaction 672
[2026-05-22T09:17:03.379Z INFO  benchmark_client] Sending sample transaction 673
[2026-05-22T09:17:03.429Z INFO  benchmark_client] Sending sample transaction 674
[2026-05-22T09:17:03.482Z INFO  benchmark_client] Sending sample transaction 675
[2026-05-22T09:17:03.529Z INFO  benchmark_client] Sending sample transaction 676
[2026-05-22T09:17:03.579Z INFO  benchmark_client] Sending sample transaction 677
[2026-05-22T09:17:03.629Z INFO  benchmark_client] Sending sample transaction 678
[2026-05-22T09:17:03.680Z INFO  benchmark_client] Sending sample transaction 679
[2026-05-22T09:17:03.730Z INFO  benchmark_client] Sending sample transaction 680
[2026-05-22T09:17:03.779Z INFO  benchmark_client] Sending sample transaction 681
[2026-05-22T09:17:03.829Z INFO  benchmark_client] Sending sample transaction 682
[2026-05-22T09:17:03.879Z INFO  benchmark_client] Sending sample transaction 683
[2026-05-22T09:17:03.929Z INFO  benchmark_client] Sending sample transaction 684
[2026-05-22T09:17:03.979Z INFO  benchmark_client] Sending sample transaction 685
[2026-05-22T09:17:04.029Z INFO  benchmark_client] Sending sample transaction 686
[2026-05-22T09:17:04.079Z INFO  benchmark_client] Sending sample transaction 687
[2026-05-22T09:17:04.129Z INFO  benchmark_client] Sending sample transaction 688
[2026-05-22T09:17:04.178Z INFO  benchmark_client] Sending sample transaction 689
[2026-05-22T09:17:04.229Z INFO  benchmark_client] Sending sample transaction 690
[2026-05-22T09:17:04.279Z INFO  benchmark_client] Sending sample transaction 691
[2026-05-22T09:17:04.332Z INFO  benchmark_client] Sending sample transaction 692
[2026-05-22T09:17:04.380Z INFO  benchmark_client] Sending sample transaction 693
[2026-05-22T09:17:04.429Z INFO  benchmark_client] Sending sample transaction 694
[2026-05-22T09:17:04.479Z INFO  benchmark_client] Sending sample transaction 695
[2026-05-22T09:17:04.533Z INFO  benchmark_client] Sending sample transaction 696
[2026-05-22T09:17:04.579Z INFO  benchmark_client] Sending sample transaction 697
[2026-05-22T09:17:04.629Z INFO  benchmark_client] Sending sample transaction 698
[2026-05-22T09:17:04.681Z INFO  benchmark_client] Sending sample transaction 699
[2026-05-22T09:17:04.731Z INFO  benchmark_client] Sending sample transaction 700
[2026-05-22T09:17:04.779Z INFO  benchmark_client] Sending sample transaction 701
[2026-05-22T09:17:04.829Z INFO  benchmark_client] Sending sample transaction 702
[2026-05-22T09:17:04.879Z INFO  benchmark_client] Sending sample transaction 703
[2026-05-22T09:17:04.929Z INFO  benchmark_client] Sending sample transaction 704
[2026-05-22T09:17:04.979Z INFO  benchmark_client] Sending sample transaction 705
[2026-05-22T09:17:05.030Z INFO  benchmark_client] Sending sample transaction 706
[2026-05-22T09:17:05.079Z INFO  benchmark_client] Sending sample transaction 707
[2026-05-22T09:17:05.132Z INFO  benchmark_client] Sending sample transaction 708
[2026-05-22T09:17:05.182Z INFO  benchmark_client] Sending sample transaction 709
[2026-05-22T09:17:05.229Z INFO  benchmark_client] Sending sample transaction 710
[2026-05-22T09:17:05.279Z INFO  benchmark_client] Sending sample transaction 711
[2026-05-22T09:17:05.329Z INFO  benchmark_client] Sending sample transaction 712
[2026-05-22T09:17:05.381Z INFO  benchmark_client] Sending sample transaction 713
[2026-05-22T09:17:05.431Z INFO  benchmark_client] Sending sample transaction 714
[2026-05-22T09:17:05.479Z INFO  benchmark_client] Sending sample transaction 715
[2026-05-22T09:17:05.534Z INFO  benchmark_client] Sending sample transaction 716
[2026-05-22T09:17:05.579Z INFO  benchmark_client] Sending sample transaction 717
[2026-05-22T09:17:05.632Z INFO  benchmark_client] Sending sample transaction 718
[2026-05-22T09:17:05.680Z INFO  benchmark_client] Sending sample transaction 719
[2026-05-22T09:17:05.731Z INFO  benchmark_client] Sending sample transaction 720
[2026-05-22T09:17:05.780Z INFO  benchmark_client] Sending sample transaction 721
[2026-05-22T09:17:05.832Z INFO  benchmark_client] Sending sample transaction 722
[2026-05-22T09:17:05.880Z INFO  benchmark_client] Sending sample transaction 723
[2026-05-22T09:17:05.932Z INFO  benchmark_client] Sending sample transaction 724
[2026-05-22T09:17:05.979Z INFO  benchmark_client] Sending sample transaction 725
[2026-05-22T09:17:06.031Z INFO  benchmark_client] Sending sample transaction 726
[2026-05-22T09:17:06.082Z INFO  benchmark_client] Sending sample transaction 727
[2026-05-22T09:17:06.131Z INFO  benchmark_client] Sending sample transaction 728
[2026-05-22T09:17:06.180Z INFO  benchmark_client] Sending sample transaction 729
[2026-05-22T09:17:06.229Z INFO  benchmark_client] Sending sample transaction 730
[2026-05-22T09:17:06.280Z INFO  benchmark_client] Sending sample transaction 731
[2026-05-22T09:17:06.330Z INFO  benchmark_client] Sending sample transaction 732
[2026-05-22T09:17:06.380Z INFO  benchmark_client] Sending sample transaction 733
[2026-05-22T09:17:06.429Z INFO  benchmark_client] Sending sample transaction 734
[2026-05-22T09:17:06.479Z INFO  benchmark_client] Sending sample transaction 735
[2026-05-22T09:17:06.531Z INFO  benchmark_client] Sending sample transaction 736
[2026-05-22T09:17:06.580Z INFO  benchmark_client] Sending sample transaction 737
[2026-05-22T09:17:06.630Z INFO  benchmark_client] Sending sample transaction 738
[2026-05-22T09:17:06.679Z INFO  benchmark_client] Sending sample transaction 739
[2026-05-22T09:17:06.732Z INFO  benchmark_client] Sending sample transaction 740
[2026-05-22T09:17:06.782Z INFO  benchmark_client] Sending sample transaction 741
[2026-05-22T09:17:06.829Z INFO  benchmark_client] Sending sample transaction 742
[2026-05-22T09:17:06.879Z INFO  benchmark_client] Sending sample transaction 743
[2026-05-22T09:17:06.932Z INFO  benchmark_client] Sending sample transaction 744
[2026-05-22T09:17:06.982Z INFO  benchmark_client] Sending sample transaction 745
[2026-05-22T09:17:07.032Z INFO  benchmark_client] Sending sample transaction 746
[2026-05-22T09:17:07.080Z INFO  benchmark_client] Sending sample transaction 747
[2026-05-22T09:17:07.135Z INFO  benchmark_client] Sending sample transaction 748
[2026-05-22T09:17:07.179Z INFO  benchmark_client] Sending sample transaction 749
[2026-05-22T09:17:07.231Z INFO  benchmark_client] Sending sample transaction 750
[2026-05-22T09:17:07.280Z INFO  benchmark_client] Sending sample transaction 751
[2026-05-22T09:17:07.329Z INFO  benchmark_client] Sending sample transaction 752
[2026-05-22T09:17:07.379Z INFO  benchmark_client] Sending sample transaction 753
[2026-05-22T09:17:07.430Z INFO  benchmark_client] Sending sample transaction 754
[2026-05-22T09:17:07.479Z INFO  benchmark_client] Sending sample transaction 755
[2026-05-22T09:17:07.532Z INFO  benchmark_client] Sending sample transaction 756
[2026-05-22T09:17:07.579Z INFO  benchmark_client] Sending sample transaction 757
[2026-05-22T09:17:07.629Z INFO  benchmark_client] Sending sample transaction 758
[2026-05-22T09:17:07.679Z INFO  benchmark_client] Sending sample transaction 759
[2026-05-22T09:17:07.730Z INFO  benchmark_client] Sending sample transaction 760
[2026-05-22T09:17:07.780Z INFO  benchmark_client] Sending sample transaction 761
[2026-05-22T09:17:07.829Z INFO  benchmark_client] Sending sample transaction 762
[2026-05-22T09:17:07.879Z INFO  benchmark_client] Sending sample transaction 763
[2026-05-22T09:17:07.931Z INFO  benchmark_client] Sending sample transaction 764
[2026-05-22T09:17:07.979Z INFO  benchmark_client] Sending sample transaction 765
[2026-05-22T09:17:08.031Z INFO  benchmark_client] Sending sample transaction 766
[2026-05-22T09:17:08.079Z INFO  benchmark_client] Sending sample transaction 767
[2026-05-22T09:17:08.130Z INFO  benchmark_client] Sending sample transaction 768
[2026-05-22T09:17:08.182Z INFO  benchmark_client] Sending sample transaction 769
[2026-05-22T09:17:08.229Z INFO  benchmark_client] Sending sample transaction 770
[2026-05-22T09:17:08.280Z INFO  benchmark_client] Sending sample transaction 771
[2026-05-22T09:17:08.329Z INFO  benchmark_client] Sending sample transaction 772
[2026-05-22T09:17:08.379Z INFO  benchmark_client] Sending sample transaction 773
[2026-05-22T09:17:08.430Z INFO  benchmark_client] Sending sample transaction 774
[2026-05-22T09:17:08.481Z INFO  benchmark_client] Sending sample transaction 775
[2026-05-22T09:17:08.529Z INFO  benchmark_client] Sending sample transaction 776
[2026-05-22T09:17:08.579Z INFO  benchmark_client] Sending sample transaction 777
[2026-05-22T09:17:08.633Z INFO  benchmark_client] Sending sample transaction 778
[2026-05-22T09:17:08.679Z INFO  benchmark_client] Sending sample transaction 779
[2026-05-22T09:17:08.731Z INFO  benchmark_client] Sending sample transaction 780
[2026-05-22T09:17:08.779Z INFO  benchmark_client] Sending sample transaction 781
[2026-05-22T09:17:08.829Z INFO  benchmark_client] Sending sample transaction 782
[2026-05-22T09:17:08.881Z INFO  benchmark_client] Sending sample transaction 783
[2026-05-22T09:17:08.930Z INFO  benchmark_client] Sending sample transaction 784
[2026-05-22T09:17:08.982Z INFO  benchmark_client] Sending sample transaction 785
[2026-05-22T09:17:09.031Z INFO  benchmark_client] Sending sample transaction 786
[2026-05-22T09:17:09.080Z INFO  benchmark_client] Sending sample transaction 787
[2026-05-22T09:17:09.129Z INFO  benchmark_client] Sending sample transaction 788
[2026-05-22T09:17:09.179Z INFO  benchmark_client] Sending sample transaction 789
[2026-05-22T09:17:09.229Z INFO  benchmark_client] Sending sample transaction 790
[2026-05-22T09:17:09.280Z INFO  benchmark_client] Sending sample transaction 791
[2026-05-22T09:17:09.329Z INFO  benchmark_client] Sending sample transaction 792
[2026-05-22T09:17:09.379Z INFO  benchmark_client] Sending sample transaction 793
[2026-05-22T09:17:09.429Z INFO  benchmark_client] Sending sample transaction 794
[2026-05-22T09:17:09.481Z INFO  benchmark_client] Sending sample transaction 795
[2026-05-22T09:17:09.528Z INFO  benchmark_client] Sending sample transaction 796
[2026-05-22T09:17:09.579Z INFO  benchmark_client] Sending sample transaction 797
[2026-05-22T09:17:09.629Z INFO  benchmark_client] Sending sample transaction 798
[2026-05-22T09:17:09.679Z INFO  benchmark_client] Sending sample transaction 799
[2026-05-22T09:17:09.729Z INFO  benchmark_client] Sending sample transaction 800
[2026-05-22T09:17:09.779Z INFO  benchmark_client] Sending sample transaction 801
[2026-05-22T09:17:09.830Z INFO  benchmark_client] Sending sample transaction 802
[2026-05-22T09:17:09.880Z INFO  benchmark_client] Sending sample transaction 803
[2026-05-22T09:17:09.929Z INFO  benchmark_client] Sending sample transaction 804
[2026-05-22T09:17:09.981Z INFO  benchmark_client] Sending sample transaction 805
[2026-05-22T09:17:10.029Z INFO  benchmark_client] Sending sample transaction 806
[2026-05-22T09:17:10.079Z INFO  benchmark_client] Sending sample transaction 807
[2026-05-22T09:17:10.129Z INFO  benchmark_client] Sending sample transaction 808
[2026-05-22T09:17:10.181Z INFO  benchmark_client] Sending sample transaction 809
[2026-05-22T09:17:10.229Z INFO  benchmark_client] Sending sample transaction 810
[2026-05-22T09:17:10.280Z INFO  benchmark_client] Sending sample transaction 811
[2026-05-22T09:17:10.329Z INFO  benchmark_client] Sending sample transaction 812
[2026-05-22T09:17:10.381Z INFO  benchmark_client] Sending sample transaction 813
[2026-05-22T09:17:10.429Z INFO  benchmark_client] Sending sample transaction 814
[2026-05-22T09:17:10.479Z INFO  benchmark_client] Sending sample transaction 815
[2026-05-22T09:17:10.529Z INFO  benchmark_client] Sending sample transaction 816
[2026-05-22T09:17:10.580Z INFO  benchmark_client] Sending sample transaction 817
[2026-05-22T09:17:10.629Z INFO  benchmark_client] Sending sample transaction 818
[2026-05-22T09:17:10.681Z INFO  benchmark_client] Sending sample transaction 819
[2026-05-22T09:17:10.730Z INFO  benchmark_client] Sending sample transaction 820
[2026-05-22T09:17:10.781Z INFO  benchmark_client] Sending sample transaction 821
[2026-05-22T09:17:10.832Z INFO  benchmark_client] Sending sample transaction 822
[2026-05-22T09:17:10.879Z INFO  benchmark_client] Sending sample transaction 823
[2026-05-22T09:17:10.933Z INFO  benchmark_client] Sending sample transaction 824
[2026-05-22T09:17:10.980Z INFO  benchmark_client] Sending sample transaction 825
[2026-05-22T09:17:11.029Z INFO  benchmark_client] Sending sample transaction 826
[2026-05-22T09:17:11.084Z INFO  benchmark_client] Sending sample transaction 827
[2026-05-22T09:17:11.133Z INFO  benchmark_client] Sending sample transaction 828
[2026-05-22T09:17:11.182Z INFO  benchmark_client] Sending sample transaction 829
[2026-05-22T09:17:11.232Z INFO  benchmark_client] Sending sample transaction 830
[2026-05-22T09:17:11.284Z INFO  benchmark_client] Sending sample transaction 831
[2026-05-22T09:17:11.329Z INFO  benchmark_client] Sending sample transaction 832
[2026-05-22T09:17:11.378Z INFO  benchmark_client] Sending sample transaction 833
[2026-05-22T09:17:11.429Z INFO  benchmark_client] Sending sample transaction 834
[2026-05-22T09:17:11.481Z INFO  benchmark_client] Sending sample transaction 835
[2026-05-22T09:17:11.531Z INFO  benchmark_client] Sending sample transaction 836
[2026-05-22T09:17:11.578Z INFO  benchmark_client] Sending sample transaction 837
[2026-05-22T09:17:11.628Z INFO  benchmark_client] Sending sample transaction 838
[2026-05-22T09:17:11.678Z INFO  benchmark_client] Sending sample transaction 839
[2026-05-22T09:17:11.728Z INFO  benchmark_client] Sending sample transaction 840
[2026-05-22T09:17:11.780Z INFO  benchmark_client] Sending sample transaction 841
[2026-05-22T09:17:11.830Z INFO  benchmark_client] Sending sample transaction 842
[2026-05-22T09:17:11.882Z INFO  benchmark_client] Sending sample transaction 843
[2026-05-22T09:17:11.928Z INFO  benchmark_client] Sending sample transaction 844
[2026-05-22T09:17:11.978Z INFO  benchmark_client] Sending sample transaction 845
[2026-05-22T09:17:12.028Z INFO  benchmark_client] Sending sample transaction 846
[2026-05-22T09:17:12.078Z INFO  benchmark_client] Sending sample transaction 847
[2026-05-22T09:17:12.129Z INFO  benchmark_client] Sending sample transaction 848
[2026-05-22T09:17:12.178Z INFO  benchmark_client] Sending sample transaction 849
[2026-05-22T09:17:12.228Z INFO  benchmark_client] Sending sample transaction 850
[2026-05-22T09:17:12.278Z INFO  benchmark_client] Sending sample transaction 851
[2026-05-22T09:17:12.328Z INFO  benchmark_client] Sending sample transaction 852
[2026-05-22T09:17:12.378Z INFO  benchmark_client] Sending sample transaction 853
[2026-05-22T09:17:12.430Z INFO  benchmark_client] Sending sample transaction 854
[2026-05-22T09:17:12.480Z INFO  benchmark_client] Sending sample transaction 855
[2026-05-22T09:17:12.528Z INFO  benchmark_client] Sending sample transaction 856
[2026-05-22T09:17:12.578Z INFO  benchmark_client] Sending sample transaction 857
[2026-05-22T09:17:12.628Z INFO  benchmark_client] Sending sample transaction 858
[2026-05-22T09:17:12.678Z INFO  benchmark_client] Sending sample transaction 859
[2026-05-22T09:17:12.727Z INFO  benchmark_client] Sending sample transaction 860
[2026-05-22T09:17:12.778Z INFO  benchmark_client] Sending sample transaction 861
[2026-05-22T09:17:12.828Z INFO  benchmark_client] Sending sample transaction 862
[2026-05-22T09:17:12.878Z INFO  benchmark_client] Sending sample transaction 863
[2026-05-22T09:17:12.930Z INFO  benchmark_client] Sending sample transaction 864
[2026-05-22T09:17:12.982Z INFO  benchmark_client] Sending sample transaction 865
[2026-05-22T09:17:13.029Z INFO  benchmark_client] Sending sample transaction 866
[2026-05-22T09:17:13.078Z INFO  benchmark_client] Sending sample transaction 867
[2026-05-22T09:17:13.128Z INFO  benchmark_client] Sending sample transaction 868
[2026-05-22T09:17:13.178Z INFO  benchmark_client] Sending sample transaction 869
[2026-05-22T09:17:13.229Z INFO  benchmark_client] Sending sample transaction 870
[2026-05-22T09:17:13.278Z INFO  benchmark_client] Sending sample transaction 871
[2026-05-22T09:17:13.328Z INFO  benchmark_client] Sending sample transaction 872
[2026-05-22T09:17:13.378Z INFO  benchmark_client] Sending sample transaction 873
[2026-05-22T09:17:13.428Z INFO  benchmark_client] Sending sample transaction 874
[2026-05-22T09:17:13.486Z INFO  benchmark_client] Sending sample transaction 875
[2026-05-22T09:17:13.528Z INFO  benchmark_client] Sending sample transaction 876
[2026-05-22T09:17:13.577Z INFO  benchmark_client] Sending sample transaction 877
[2026-05-22T09:17:13.628Z INFO  benchmark_client] Sending sample transaction 878
[2026-05-22T09:17:13.678Z INFO  benchmark_client] Sending sample transaction 879
[2026-05-22T09:17:13.733Z INFO  benchmark_client] Sending sample transaction 880
[2026-05-22T09:17:13.778Z INFO  benchmark_client] Sending sample transaction 881
[2026-05-22T09:17:13.828Z INFO  benchmark_client] Sending sample transaction 882
[2026-05-22T09:17:13.883Z INFO  benchmark_client] Sending sample transaction 883
[2026-05-22T09:17:13.930Z INFO  benchmark_client] Sending sample transaction 884
[2026-05-22T09:17:13.981Z INFO  benchmark_client] Sending sample transaction 885
[2026-05-22T09:17:14.033Z INFO  benchmark_client] Sending sample transaction 886
[2026-05-22T09:17:14.078Z INFO  benchmark_client] Sending sample transaction 887
[2026-05-22T09:17:14.129Z INFO  benchmark_client] Sending sample transaction 888
[2026-05-22T09:17:14.178Z INFO  benchmark_client] Sending sample transaction 889
[2026-05-22T09:17:14.228Z INFO  benchmark_client] Sending sample transaction 890
[2026-05-22T09:17:14.278Z INFO  benchmark_client] Sending sample transaction 891
[2026-05-22T09:17:14.328Z INFO  benchmark_client] Sending sample transaction 892
[2026-05-22T09:17:14.380Z INFO  benchmark_client] Sending sample transaction 893
[2026-05-22T09:17:14.427Z INFO  benchmark_client] Sending sample transaction 894
