[2026-05-22T09:16:30.800Z INFO  benchmark_client] Node address: 136.109.104.208:5008
[2026-05-22T09:16:30.800Z INFO  benchmark_client] Transactions size: 512 B
[2026-05-22T09:16:30.800Z INFO  benchmark_client] Transactions rate: 16667 tx/s
[2026-05-22T09:16:30.800Z INFO  benchmark_client] Waiting for all nodes to be online...
[2026-05-22T09:16:30.960Z INFO  benchmark_client] Start sending transactions
[2026-05-22T09:16:30.961Z INFO  benchmark_client] Sending sample transaction 0
[2026-05-22T09:16:31.011Z INFO  benchmark_client] Sending sample transaction 1
[2026-05-22T09:16:31.062Z INFO  benchmark_client] Sending sample transaction 2
[2026-05-22T09:16:31.112Z INFO  benchmark_client] Sending sample transaction 3
[2026-05-22T09:16:31.161Z INFO  benchmark_client] Sending sample transaction 4
[2026-05-22T09:16:31.211Z INFO  benchmark_client] Sending sample transaction 5
[2026-05-22T09:16:31.261Z INFO  benchmark_client] Sending sample transaction 6
[2026-05-22T09:16:31.311Z INFO  benchmark_client] Sending sample transaction 7
[2026-05-22T09:16:31.361Z INFO  benchmark_client] Sending sample transaction 8
[2026-05-22T09:16:31.411Z INFO  benchmark_client] Sending sample transaction 9
[2026-05-22T09:16:31.461Z INFO  benchmark_client] Sending sample transaction 10
[2026-05-22T09:16:31.512Z INFO  benchmark_client] Sending sample transaction 11
[2026-05-22T09:16:31.561Z INFO  benchmark_client] Sending sample transaction 12
[2026-05-22T09:16:31.612Z INFO  benchmark_client] Sending sample transaction 13
[2026-05-22T09:16:31.665Z INFO  benchmark_client] Sending sample transaction 14
[2026-05-22T09:16:31.712Z INFO  benchmark_client] Sending sample transaction 15
[2026-05-22T09:16:31.761Z INFO  benchmark_client] Sending sample transaction 16
[2026-05-22T09:16:31.812Z INFO  benchmark_client] Sending sample transaction 17
[2026-05-22T09:16:31.861Z INFO  benchmark_client] Sending sample transaction 18
[2026-05-22T09:16:31.911Z INFO  benchmark_client] Sending sample transaction 19
[2026-05-22T09:16:31.961Z INFO  benchmark_client] Sending sample transaction 20
[2026-05-22T09:16:32.012Z INFO  benchmark_client] Sending sample transaction 21
[2026-05-22T09:16:32.061Z INFO  benchmark_client] Sending sample transaction 22
[2026-05-22T09:16:32.117Z INFO  benchmark_client] Sending sample transaction 23
[2026-05-22T09:16:32.165Z INFO  benchmark_client] Sending sample transaction 24
[2026-05-22T09:16:32.212Z INFO  benchmark_client] Sending sample transaction 25
[2026-05-22T09:16:32.261Z INFO  benchmark_client] Sending sample transaction 26
[2026-05-22T09:16:32.312Z INFO  benchmark_client] Sending sample transaction 27
[2026-05-22T09:16:32.361Z INFO  benchmark_client] Sending sample transaction 28
[2026-05-22T09:16:32.412Z INFO  benchmark_client] Sending sample transaction 29
[2026-05-22T09:16:32.461Z INFO  benchmark_client] Sending sample transaction 30
[2026-05-22T09:16:32.511Z INFO  benchmark_client] Sending sample transaction 31
[2026-05-22T09:16:32.561Z INFO  benchmark_client] Sending sample transaction 32
[2026-05-22T09:16:32.612Z INFO  benchmark_client] Sending sample transaction 33
[2026-05-22T09:16:32.662Z INFO  benchmark_client] Sending sample transaction 34
[2026-05-22T09:16:32.711Z INFO  benchmark_client] Sending sample transaction 35
[2026-05-22T09:16:32.761Z INFO  benchmark_client] Sending sample transaction 36
[2026-05-22T09:16:32.812Z INFO  benchmark_client] Sending sample transaction 37
[2026-05-22T09:16:32.862Z INFO  benchmark_client] Sending sample transaction 38
[2026-05-22T09:16:32.911Z INFO  benchmark_client] Sending sample transaction 39
[2026-05-22T09:16:32.961Z INFO  benchmark_client] Sending sample transaction 40
[2026-05-22T09:16:33.012Z INFO  benchmark_client] Sending sample transaction 41
[2026-05-22T09:16:33.061Z INFO  benchmark_client] Sending sample transaction 42
[2026-05-22T09:16:33.111Z INFO  benchmark_client] Sending sample transaction 43
[2026-05-22T09:16:33.161Z INFO  benchmark_client] Sending sample transaction 44
[2026-05-22T09:16:33.211Z INFO  benchmark_client] Sending sample transaction 45
[2026-05-22T09:16:33.261Z INFO  benchmark_client] Sending sample transaction 46
[2026-05-22T09:16:33.311Z INFO  benchmark_client] Sending sample transaction 47
[2026-05-22T09:16:33.361Z INFO  benchmark_client] Sending sample transaction 48
[2026-05-22T09:16:33.412Z INFO  benchmark_client] Sending sample transaction 49
[2026-05-22T09:16:33.462Z INFO  benchmark_client] Sending sample transaction 50
[2026-05-22T09:16:33.512Z INFO  benchmark_client] Sending sample transaction 51
[2026-05-22T09:16:33.562Z INFO  benchmark_client] Sending sample transaction 52
[2026-05-22T09:16:33.612Z INFO  benchmark_client] Sending sample transaction 53
[2026-05-22T09:16:33.662Z INFO  benchmark_client] Sending sample transaction 54
[2026-05-22T09:16:33.713Z INFO  benchmark_client] Sending sample transaction 55
[2026-05-22T09:16:33.761Z INFO  benchmark_client] Sending sample transaction 56
[2026-05-22T09:16:33.811Z INFO  benchmark_client] Sending sample transaction 57
[2026-05-22T09:16:33.862Z INFO  benchmark_client] Sending sample transaction 58
[2026-05-22T09:16:33.913Z INFO  benchmark_client] Sending sample transaction 59
[2026-05-22T09:16:33.961Z INFO  benchmark_client] Sending sample transaction 60
[2026-05-22T09:16:34.012Z INFO  benchmark_client] Sending sample transaction 61
[2026-05-22T09:16:34.061Z INFO  benchmark_client] Sending sample transaction 62
[2026-05-22T09:16:34.111Z INFO  benchmark_client] Sending sample transaction 63
[2026-05-22T09:16:34.162Z INFO  benchmark_client] Sending sample transaction 64
[2026-05-22T09:16:34.211Z INFO  benchmark_client] Sending sample transaction 65
[2026-05-22T09:16:34.262Z INFO  benchmark_client] Sending sample transaction 66
[2026-05-22T09:16:34.311Z INFO  benchmark_client] Sending sample transaction 67
[2026-05-22T09:16:34.362Z INFO  benchmark_client] Sending sample transaction 68
[2026-05-22T09:16:34.411Z INFO  benchmark_client] Sending sample transaction 69
[2026-05-22T09:16:34.464Z INFO  benchmark_client] Sending sample transaction 70
[2026-05-22T09:16:34.512Z INFO  benchmark_client] Sending sample transaction 71
[2026-05-22T09:16:34.561Z INFO  benchmark_client] Sending sample transaction 72
[2026-05-22T09:16:34.612Z INFO  benchmark_client] Sending sample transaction 73
[2026-05-22T09:16:34.663Z INFO  benchmark_client] Sending sample transaction 74
[2026-05-22T09:16:34.714Z INFO  benchmark_client] Sending sample transaction 75
[2026-05-22T09:16:34.761Z INFO  benchmark_client] Sending sample transaction 76
[2026-05-22T09:16:34.813Z INFO  benchmark_client] Sending sample transaction 77
[2026-05-22T09:16:34.861Z INFO  benchmark_client] Sending sample transaction 78
[2026-05-22T09:16:34.911Z INFO  benchmark_client] Sending sample transaction 79
[2026-05-22T09:16:34.964Z INFO  benchmark_client] Sending sample transaction 80
[2026-05-22T09:16:35.011Z INFO  benchmark_client] Sending sample transaction 81
[2026-05-22T09:16:35.062Z INFO  benchmark_client] Sending sample transaction 82
[2026-05-22T09:16:35.111Z INFO  benchmark_client] Sending sample transaction 83
[2026-05-22T09:16:35.161Z INFO  benchmark_client] Sending sample transaction 84
[2026-05-22T09:16:35.211Z INFO  benchmark_client] Sending sample transaction 85
[2026-05-22T09:16:35.263Z INFO  benchmark_client] Sending sample transaction 86
[2026-05-22T09:16:35.312Z INFO  benchmark_client] Sending sample transaction 87
[2026-05-22T09:16:35.361Z INFO  benchmark_client] Sending sample transaction 88
[2026-05-22T09:16:35.411Z INFO  benchmark_client] Sending sample transaction 89
[2026-05-22T09:16:35.462Z INFO  benchmark_client] Sending sample transaction 90
[2026-05-22T09:16:35.512Z INFO  benchmark_client] Sending sample transaction 91
[2026-05-22T09:16:35.562Z INFO  benchmark_client] Sending sample transaction 92
[2026-05-22T09:16:35.612Z INFO  benchmark_client] Sending sample transaction 93
[2026-05-22T09:16:35.662Z INFO  benchmark_client] Sending sample transaction 94
[2026-05-22T09:16:35.711Z INFO  benchmark_client] Sending sample transaction 95
[2026-05-22T09:16:35.762Z INFO  benchmark_client] Sending sample transaction 96
[2026-05-22T09:16:35.812Z INFO  benchmark_client] Sending sample transaction 97
[2026-05-22T09:16:35.861Z INFO  benchmark_client] Sending sample transaction 98
[2026-05-22T09:16:35.911Z INFO  benchmark_client] Sending sample transaction 99
[2026-05-22T09:16:35.962Z INFO  benchmark_client] Sending sample transaction 100
[2026-05-22T09:16:36.012Z INFO  benchmark_client] Sending sample transaction 101
[2026-05-22T09:16:36.062Z INFO  benchmark_client] Sending sample transaction 102
[2026-05-22T09:16:36.113Z INFO  benchmark_client] Sending sample transaction 103
[2026-05-22T09:16:36.161Z INFO  benchmark_client] Sending sample transaction 104
[2026-05-22T09:16:36.211Z INFO  benchmark_client] Sending sample transaction 105
[2026-05-22T09:16:36.262Z INFO  benchmark_client] Sending sample transaction 106
[2026-05-22T09:16:36.311Z INFO  benchmark_client] Sending sample transaction 107
[2026-05-22T09:16:36.362Z INFO  benchmark_client] Sending sample transaction 108
[2026-05-22T09:16:36.412Z INFO  benchmark_client] Sending sample transaction 109
[2026-05-22T09:16:36.461Z INFO  benchmark_client] Sending sample transaction 110
[2026-05-22T09:16:36.512Z INFO  benchmark_client] Sending sample transaction 111
[2026-05-22T09:16:36.562Z INFO  benchmark_client] Sending sample transaction 112
[2026-05-22T09:16:36.611Z INFO  benchmark_client] Sending sample transaction 113
[2026-05-22T09:16:36.662Z INFO  benchmark_client] Sending sample transaction 114
[2026-05-22T09:16:36.712Z INFO  benchmark_client] Sending sample transaction 115
[2026-05-22T09:16:36.761Z INFO  benchmark_client] Sending sample transaction 116
[2026-05-22T09:16:36.811Z INFO  benchmark_client] Sending sample transaction 117
[2026-05-22T09:16:36.864Z INFO  benchmark_client] Sending sample transaction 118
[2026-05-22T09:16:36.913Z INFO  benchmark_client] Sending sample transaction 119
[2026-05-22T09:16:36.963Z INFO  benchmark_client] Sending sample transaction 120
[2026-05-22T09:16:37.011Z INFO  benchmark_client] Sending sample transaction 121
[2026-05-22T09:16:37.062Z INFO  benchmark_client] Sending sample transaction 122
[2026-05-22T09:16:37.113Z INFO  benchmark_client] Sending sample transaction 123
[2026-05-22T09:16:37.161Z INFO  benchmark_client] Sending sample transaction 124
[2026-05-22T09:16:37.212Z INFO  benchmark_client] Sending sample transaction 125
[2026-05-22T09:16:37.261Z INFO  benchmark_client] Sending sample transaction 126
[2026-05-22T09:16:37.312Z INFO  benchmark_client] Sending sample transaction 127
[2026-05-22T09:16:37.362Z INFO  benchmark_client] Sending sample transaction 128
[2026-05-22T09:16:37.411Z INFO  benchmark_client] Sending sample transaction 129
[2026-05-22T09:16:37.462Z INFO  benchmark_client] Sending sample transaction 130
[2026-05-22T09:16:37.512Z INFO  benchmark_client] Sending sample transaction 131
[2026-05-22T09:16:37.562Z INFO  benchmark_client] Sending sample transaction 132
[2026-05-22T09:16:37.612Z INFO  benchmark_client] Sending sample transaction 133
[2026-05-22T09:16:37.661Z INFO  benchmark_client] Sending sample transaction 134
[2026-05-22T09:16:37.711Z INFO  benchmark_client] Sending sample transaction 135
[2026-05-22T09:16:37.761Z INFO  benchmark_client] Sending sample transaction 136
[2026-05-22T09:16:37.814Z INFO  benchmark_client] Sending sample transaction 137
[2026-05-22T09:16:37.862Z INFO  benchmark_client] Sending sample transaction 138
[2026-05-22T09:16:37.915Z INFO  benchmark_client] Sending sample transaction 139
[2026-05-22T09:16:37.962Z INFO  benchmark_client] Sending sample transaction 140
[2026-05-22T09:16:38.011Z INFO  benchmark_client] Sending sample transaction 141
[2026-05-22T09:16:38.062Z INFO  benchmark_client] Sending sample transaction 142
[2026-05-22T09:16:38.112Z INFO  benchmark_client] Sending sample transaction 143
[2026-05-22T09:16:38.166Z INFO  benchmark_client] Sending sample transaction 144
[2026-05-22T09:16:38.212Z INFO  benchmark_client] Sending sample transaction 145
[2026-05-22T09:16:38.262Z INFO  benchmark_client] Sending sample transaction 146
[2026-05-22T09:16:38.313Z INFO  benchmark_client] Sending sample transaction 147
[2026-05-22T09:16:38.362Z INFO  benchmark_client] Sending sample transaction 148
[2026-05-22T09:16:38.414Z INFO  benchmark_client] Sending sample transaction 149
[2026-05-22T09:16:38.462Z INFO  benchmark_client] Sending sample transaction 150
[2026-05-22T09:16:38.512Z INFO  benchmark_client] Sending sample transaction 151
[2026-05-22T09:16:38.562Z INFO  benchmark_client] Sending sample transaction 152
[2026-05-22T09:16:38.613Z INFO  benchmark_client] Sending sample transaction 153
[2026-05-22T09:16:38.662Z INFO  benchmark_client] Sending sample transaction 154
[2026-05-22T09:16:38.712Z INFO  benchmark_client] Sending sample transaction 155
[2026-05-22T09:16:38.762Z INFO  benchmark_client] Sending sample transaction 156
[2026-05-22T09:16:38.812Z INFO  benchmark_client] Sending sample transaction 157
[2026-05-22T09:16:38.861Z INFO  benchmark_client] Sending sample transaction 158
[2026-05-22T09:16:38.912Z INFO  benchmark_client] Sending sample transaction 159
[2026-05-22T09:16:38.962Z INFO  benchmark_client] Sending sample transaction 160
[2026-05-22T09:16:39.013Z INFO  benchmark_client] Sending sample transaction 161
[2026-05-22T09:16:39.062Z INFO  benchmark_client] Sending sample transaction 162
[2026-05-22T09:16:39.112Z INFO  benchmark_client] Sending sample transaction 163
[2026-05-22T09:16:39.162Z INFO  benchmark_client] Sending sample transaction 164
[2026-05-22T09:16:39.211Z INFO  benchmark_client] Sending sample transaction 165
[2026-05-22T09:16:39.261Z INFO  benchmark_client] Sending sample transaction 166
[2026-05-22T09:16:39.311Z INFO  benchmark_client] Sending sample transaction 167
[2026-05-22T09:16:39.361Z INFO  benchmark_client] Sending sample transaction 168
[2026-05-22T09:16:39.412Z INFO  benchmark_client] Sending sample transaction 169
[2026-05-22T09:16:39.461Z INFO  benchmark_client] Sending sample transaction 170
[2026-05-22T09:16:39.512Z INFO  benchmark_client] Sending sample transaction 171
[2026-05-22T09:16:39.562Z INFO  benchmark_client] Sending sample transaction 172
[2026-05-22T09:16:39.612Z INFO  benchmark_client] Sending sample transaction 173
[2026-05-22T09:16:39.662Z INFO  benchmark_client] Sending sample transaction 174
[2026-05-22T09:16:39.713Z INFO  benchmark_client] Sending sample transaction 175
[2026-05-22T09:16:39.762Z INFO  benchmark_client] Sending sample transaction 176
[2026-05-22T09:16:39.811Z INFO  benchmark_client] Sending sample transaction 177
[2026-05-22T09:16:39.862Z INFO  benchmark_client] Sending sample transaction 178
[2026-05-22T09:16:39.913Z INFO  benchmark_client] Sending sample transaction 179
[2026-05-22T09:16:39.962Z INFO  benchmark_client] Sending sample transaction 180
[2026-05-22T09:16:40.012Z INFO  benchmark_client] Sending sample transaction 181
[2026-05-22T09:16:40.062Z INFO  benchmark_client] Sending sample transaction 182
[2026-05-22T09:16:40.112Z INFO  benchmark_client] Sending sample transaction 183
[2026-05-22T09:16:40.162Z INFO  benchmark_client] Sending sample transaction 184
[2026-05-22T09:16:40.213Z INFO  benchmark_client] Sending sample transaction 185
[2026-05-22T09:16:40.262Z INFO  benchmark_client] Sending sample transaction 186
[2026-05-22T09:16:40.312Z INFO  benchmark_client] Sending sample transaction 187
[2026-05-22T09:16:40.361Z INFO  benchmark_client] Sending sample transaction 188
[2026-05-22T09:16:40.413Z INFO  benchmark_client] Sending sample transaction 189
[2026-05-22T09:16:40.461Z INFO  benchmark_client] Sending sample transaction 190
[2026-05-22T09:16:40.512Z INFO  benchmark_client] Sending sample transaction 191
[2026-05-22T09:16:40.562Z INFO  benchmark_client] Sending sample transaction 192
[2026-05-22T09:16:40.612Z INFO  benchmark_client] Sending sample transaction 193
[2026-05-22T09:16:40.661Z INFO  benchmark_client] Sending sample transaction 194
[2026-05-22T09:16:40.712Z INFO  benchmark_client] Sending sample transaction 195
[2026-05-22T09:16:40.762Z INFO  benchmark_client] Sending sample transaction 196
[2026-05-22T09:16:40.812Z INFO  benchmark_client] Sending sample transaction 197
[2026-05-22T09:16:40.863Z INFO  benchmark_client] Sending sample transaction 198
[2026-05-22T09:16:40.912Z INFO  benchmark_client] Sending sample transaction 199
[2026-05-22T09:16:40.962Z INFO  benchmark_client] Sending sample transaction 200
[2026-05-22T09:16:41.012Z INFO  benchmark_client] Sending sample transaction 201
[2026-05-22T09:16:41.063Z INFO  benchmark_client] Sending sample transaction 202
[2026-05-22T09:16:41.112Z INFO  benchmark_client] Sending sample transaction 203
[2026-05-22T09:16:41.162Z INFO  benchmark_client] Sending sample transaction 204
[2026-05-22T09:16:41.212Z INFO  benchmark_client] Sending sample transaction 205
[2026-05-22T09:16:41.263Z INFO  benchmark_client] Sending sample transaction 206
[2026-05-22T09:16:41.313Z INFO  benchmark_client] Sending sample transaction 207
[2026-05-22T09:16:41.364Z INFO  benchmark_client] Sending sample transaction 208
[2026-05-22T09:16:41.412Z INFO  benchmark_client] Sending sample transaction 209
[2026-05-22T09:16:41.462Z INFO  benchmark_client] Sending sample transaction 210
[2026-05-22T09:16:41.512Z INFO  benchmark_client] Sending sample transaction 211
[2026-05-22T09:16:41.561Z INFO  benchmark_client] Sending sample transaction 212
[2026-05-22T09:16:41.617Z INFO  benchmark_client] Sending sample transaction 213
[2026-05-22T09:16:41.662Z INFO  benchmark_client] Sending sample transaction 214
[2026-05-22T09:16:41.713Z INFO  benchmark_client] Sending sample transaction 215
[2026-05-22T09:16:41.762Z INFO  benchmark_client] Sending sample transaction 216
[2026-05-22T09:16:41.812Z INFO  benchmark_client] Sending sample transaction 217
[2026-05-22T09:16:41.866Z INFO  benchmark_client] Sending sample transaction 218
[2026-05-22T09:16:41.912Z INFO  benchmark_client] Sending sample transaction 219
[2026-05-22T09:16:41.962Z INFO  benchmark_client] Sending sample transaction 220
[2026-05-22T09:16:42.012Z INFO  benchmark_client] Sending sample transaction 221
[2026-05-22T09:16:42.062Z INFO  benchmark_client] Sending sample transaction 222
[2026-05-22T09:16:42.112Z INFO  benchmark_client] Sending sample transaction 223
[2026-05-22T09:16:42.166Z INFO  benchmark_client] Sending sample transaction 224
[2026-05-22T09:16:42.215Z INFO  benchmark_client] Sending sample transaction 225
[2026-05-22T09:16:42.262Z INFO  benchmark_client] Sending sample transaction 226
[2026-05-22T09:16:42.312Z INFO  benchmark_client] Sending sample transaction 227
[2026-05-22T09:16:42.364Z INFO  benchmark_client] Sending sample transaction 228
[2026-05-22T09:16:42.412Z INFO  benchmark_client] Sending sample transaction 229
[2026-05-22T09:16:42.464Z INFO  benchmark_client] Sending sample transaction 230
[2026-05-22T09:16:42.512Z INFO  benchmark_client] Sending sample transaction 231
[2026-05-22T09:16:42.561Z INFO  benchmark_client] Sending sample transaction 232
[2026-05-22T09:16:42.612Z INFO  benchmark_client] Sending sample transaction 233
[2026-05-22T09:16:42.664Z INFO  benchmark_client] Sending sample transaction 234
[2026-05-22T09:16:42.712Z INFO  benchmark_client] Sending sample transaction 235
[2026-05-22T09:16:42.762Z INFO  benchmark_client] Sending sample transaction 236
[2026-05-22T09:16:42.812Z INFO  benchmark_client] Sending sample transaction 237
[2026-05-22T09:16:42.862Z INFO  benchmark_client] Sending sample transaction 238
[2026-05-22T09:16:42.911Z INFO  benchmark_client] Sending sample transaction 239
[2026-05-22T09:16:42.962Z INFO  benchmark_client] Sending sample transaction 240
[2026-05-22T09:16:43.011Z INFO  benchmark_client] Sending sample transaction 241
[2026-05-22T09:16:43.061Z INFO  benchmark_client] Sending sample transaction 242
[2026-05-22T09:16:43.112Z INFO  benchmark_client] Sending sample transaction 243
[2026-05-22T09:16:43.162Z INFO  benchmark_client] Sending sample transaction 244
[2026-05-22T09:16:43.211Z INFO  benchmark_client] Sending sample transaction 245
[2026-05-22T09:16:43.262Z INFO  benchmark_client] Sending sample transaction 246
[2026-05-22T09:16:43.312Z INFO  benchmark_client] Sending sample transaction 247
[2026-05-22T09:16:43.363Z INFO  benchmark_client] Sending sample transaction 248
[2026-05-22T09:16:43.411Z INFO  benchmark_client] Sending sample transaction 249
[2026-05-22T09:16:43.462Z INFO  benchmark_client] Sending sample transaction 250
[2026-05-22T09:16:43.512Z INFO  benchmark_client] Sending sample transaction 251
[2026-05-22T09:16:43.562Z INFO  benchmark_client] Sending sample transaction 252
[2026-05-22T09:16:43.612Z INFO  benchmark_client] Sending sample transaction 253
[2026-05-22T09:16:43.662Z INFO  benchmark_client] Sending sample transaction 254
[2026-05-22T09:16:43.712Z INFO  benchmark_client] Sending sample transaction 255
[2026-05-22T09:16:43.762Z INFO  benchmark_client] Sending sample transaction 256
[2026-05-22T09:16:43.811Z INFO  benchmark_client] Sending sample transaction 257
[2026-05-22T09:16:43.862Z INFO  benchmark_client] Sending sample transaction 258
[2026-05-22T09:16:43.912Z INFO  benchmark_client] Sending sample transaction 259
[2026-05-22T09:16:43.962Z INFO  benchmark_client] Sending sample transaction 260
[2026-05-22T09:16:44.014Z INFO  benchmark_client] Sending sample transaction 261
[2026-05-22T09:16:44.062Z INFO  benchmark_client] Sending sample transaction 262
[2026-05-22T09:16:44.112Z INFO  benchmark_client] Sending sample transaction 263
[2026-05-22T09:16:44.162Z INFO  benchmark_client] Sending sample transaction 264
[2026-05-22T09:16:44.213Z INFO  benchmark_client] Sending sample transaction 265
[2026-05-22T09:16:44.262Z INFO  benchmark_client] Sending sample transaction 266
[2026-05-22T09:16:44.313Z INFO  benchmark_client] Sending sample transaction 267
[2026-05-22T09:16:44.362Z INFO  benchmark_client] Sending sample transaction 268
[2026-05-22T09:16:44.413Z INFO  benchmark_client] Sending sample transaction 269
[2026-05-22T09:16:44.462Z INFO  benchmark_client] Sending sample transaction 270
[2026-05-22T09:16:44.512Z INFO  benchmark_client] Sending sample transaction 271
[2026-05-22T09:16:44.562Z INFO  benchmark_client] Sending sample transaction 272
[2026-05-22T09:16:44.612Z INFO  benchmark_client] Sending sample transaction 273
[2026-05-22T09:16:44.662Z INFO  benchmark_client] Sending sample transaction 274
[2026-05-22T09:16:44.712Z INFO  benchmark_client] Sending sample transaction 275
[2026-05-22T09:16:44.762Z INFO  benchmark_client] Sending sample transaction 276
[2026-05-22T09:16:44.812Z INFO  benchmark_client] Sending sample transaction 277
[2026-05-22T09:16:44.862Z INFO  benchmark_client] Sending sample transaction 278
[2026-05-22T09:16:44.914Z INFO  benchmark_client] Sending sample transaction 279
[2026-05-22T09:16:44.964Z INFO  benchmark_client] Sending sample transaction 280
[2026-05-22T09:16:45.012Z INFO  benchmark_client] Sending sample transaction 281
[2026-05-22T09:16:45.061Z INFO  benchmark_client] Sending sample transaction 282
[2026-05-22T09:16:45.111Z INFO  benchmark_client] Sending sample transaction 283
[2026-05-22T09:16:45.162Z INFO  benchmark_client] Sending sample transaction 284
[2026-05-22T09:16:45.213Z INFO  benchmark_client] Sending sample transaction 285
[2026-05-22T09:16:45.264Z INFO  benchmark_client] Sending sample transaction 286
[2026-05-22T09:16:45.312Z INFO  benchmark_client] Sending sample transaction 287
[2026-05-22T09:16:45.362Z INFO  benchmark_client] Sending sample transaction 288
[2026-05-22T09:16:45.412Z INFO  benchmark_client] Sending sample transaction 289
[2026-05-22T09:16:45.463Z INFO  benchmark_client] Sending sample transaction 290
[2026-05-22T09:16:45.512Z INFO  benchmark_client] Sending sample transaction 291
[2026-05-22T09:16:45.561Z INFO  benchmark_client] Sending sample transaction 292
[2026-05-22T09:16:45.612Z INFO  benchmark_client] Sending sample transaction 293
[2026-05-22T09:16:45.661Z INFO  benchmark_client] Sending sample transaction 294
[2026-05-22T09:16:45.712Z INFO  benchmark_client] Sending sample transaction 295
[2026-05-22T09:16:45.764Z INFO  benchmark_client] Sending sample transaction 296
[2026-05-22T09:16:45.812Z INFO  benchmark_client] Sending sample transaction 297
[2026-05-22T09:16:45.862Z INFO  benchmark_client] Sending sample transaction 298
[2026-05-22T09:16:45.912Z INFO  benchmark_client] Sending sample transaction 299
[2026-05-22T09:16:45.964Z INFO  benchmark_client] Sending sample transaction 300
[2026-05-22T09:16:46.012Z INFO  benchmark_client] Sending sample transaction 301
[2026-05-22T09:16:46.061Z INFO  benchmark_client] Sending sample transaction 302
[2026-05-22T09:16:46.112Z INFO  benchmark_client] Sending sample transaction 303
[2026-05-22T09:16:46.162Z INFO  benchmark_client] Sending sample transaction 304
[2026-05-22T09:16:46.214Z INFO  benchmark_client] Sending sample transaction 305
[2026-05-22T09:16:46.265Z INFO  benchmark_client] Sending sample transaction 306
[2026-05-22T09:16:46.312Z INFO  benchmark_client] Sending sample transaction 307
[2026-05-22T09:16:46.363Z INFO  benchmark_client] Sending sample transaction 308
[2026-05-22T09:16:46.413Z INFO  benchmark_client] Sending sample transaction 309
[2026-05-22T09:16:46.462Z INFO  benchmark_client] Sending sample transaction 310
[2026-05-22T09:16:46.512Z INFO  benchmark_client] Sending sample transaction 311
[2026-05-22T09:16:46.563Z INFO  benchmark_client] Sending sample transaction 312
[2026-05-22T09:16:46.612Z INFO  benchmark_client] Sending sample transaction 313
[2026-05-22T09:16:46.662Z INFO  benchmark_client] Sending sample transaction 314
[2026-05-22T09:16:46.713Z INFO  benchmark_client] Sending sample transaction 315
[2026-05-22T09:16:46.762Z INFO  benchmark_client] Sending sample transaction 316
[2026-05-22T09:16:46.812Z INFO  benchmark_client] Sending sample transaction 317
[2026-05-22T09:16:46.862Z INFO  benchmark_client] Sending sample transaction 318
[2026-05-22T09:16:46.911Z INFO  benchmark_client] Sending sample transaction 319
[2026-05-22T09:16:46.962Z INFO  benchmark_client] Sending sample transaction 320
[2026-05-22T09:16:47.012Z INFO  benchmark_client] Sending sample transaction 321
[2026-05-22T09:16:47.064Z INFO  benchmark_client] Sending sample transaction 322
[2026-05-22T09:16:47.113Z INFO  benchmark_client] Sending sample transaction 323
[2026-05-22T09:16:47.162Z INFO  benchmark_client] Sending sample transaction 324
[2026-05-22T09:16:47.212Z INFO  benchmark_client] Sending sample transaction 325
[2026-05-22T09:16:47.262Z INFO  benchmark_client] Sending sample transaction 326
[2026-05-22T09:16:47.314Z INFO  benchmark_client] Sending sample transaction 327
[2026-05-22T09:16:47.361Z INFO  benchmark_client] Sending sample transaction 328
[2026-05-22T09:16:47.412Z INFO  benchmark_client] Sending sample transaction 329
[2026-05-22T09:16:47.462Z INFO  benchmark_client] Sending sample transaction 330
[2026-05-22T09:16:47.512Z INFO  benchmark_client] Sending sample transaction 331
[2026-05-22T09:16:47.562Z INFO  benchmark_client] Sending sample transaction 332
[2026-05-22T09:16:47.612Z INFO  benchmark_client] Sending sample transaction 333
[2026-05-22T09:16:47.662Z INFO  benchmark_client] Sending sample transaction 334
[2026-05-22T09:16:47.712Z INFO  benchmark_client] Sending sample transaction 335
[2026-05-22T09:16:47.762Z INFO  benchmark_client] Sending sample transaction 336
[2026-05-22T09:16:47.814Z INFO  benchmark_client] Sending sample transaction 337
[2026-05-22T09:16:47.862Z INFO  benchmark_client] Sending sample transaction 338
[2026-05-22T09:16:47.912Z INFO  benchmark_client] Sending sample transaction 339
[2026-05-22T09:16:47.962Z INFO  benchmark_client] Sending sample transaction 340
[2026-05-22T09:16:48.014Z INFO  benchmark_client] Sending sample transaction 341
[2026-05-22T09:16:48.062Z INFO  benchmark_client] Sending sample transaction 342
[2026-05-22T09:16:48.112Z INFO  benchmark_client] Sending sample transaction 343
[2026-05-22T09:16:48.163Z INFO  benchmark_client] Sending sample transaction 344
[2026-05-22T09:16:48.214Z INFO  benchmark_client] Sending sample transaction 345
[2026-05-22T09:16:48.264Z INFO  benchmark_client] Sending sample transaction 346
[2026-05-22T09:16:48.315Z INFO  benchmark_client] Sending sample transaction 347
[2026-05-22T09:16:48.362Z INFO  benchmark_client] Sending sample transaction 348
[2026-05-22T09:16:48.413Z INFO  benchmark_client] Sending sample transaction 349
[2026-05-22T09:16:48.466Z INFO  benchmark_client] Sending sample transaction 350
[2026-05-22T09:16:48.513Z INFO  benchmark_client] Sending sample transaction 351
[2026-05-22T09:16:48.564Z INFO  benchmark_client] Sending sample transaction 352
[2026-05-22T09:16:48.613Z INFO  benchmark_client] Sending sample transaction 353
[2026-05-22T09:16:48.662Z INFO  benchmark_client] Sending sample transaction 354
[2026-05-22T09:16:48.715Z INFO  benchmark_client] Sending sample transaction 355
[2026-05-22T09:16:48.762Z INFO  benchmark_client] Sending sample transaction 356
[2026-05-22T09:16:48.812Z INFO  benchmark_client] Sending sample transaction 357
[2026-05-22T09:16:48.864Z INFO  benchmark_client] Sending sample transaction 358
[2026-05-22T09:16:48.912Z INFO  benchmark_client] Sending sample transaction 359
[2026-05-22T09:16:48.962Z INFO  benchmark_client] Sending sample transaction 360
[2026-05-22T09:16:49.013Z INFO  benchmark_client] Sending sample transaction 361
[2026-05-22T09:16:49.065Z INFO  benchmark_client] Sending sample transaction 362
[2026-05-22T09:16:49.112Z INFO  benchmark_client] Sending sample transaction 363
[2026-05-22T09:16:49.165Z INFO  benchmark_client] Sending sample transaction 364
[2026-05-22T09:16:49.212Z INFO  benchmark_client] Sending sample transaction 365
[2026-05-22T09:16:49.263Z INFO  benchmark_client] Sending sample transaction 366
[2026-05-22T09:16:49.313Z INFO  benchmark_client] Sending sample transaction 367
[2026-05-22T09:16:49.362Z INFO  benchmark_client] Sending sample transaction 368
[2026-05-22T09:16:49.412Z INFO  benchmark_client] Sending sample transaction 369
[2026-05-22T09:16:49.462Z INFO  benchmark_client] Sending sample transaction 370
[2026-05-22T09:16:49.513Z INFO  benchmark_client] Sending sample transaction 371
[2026-05-22T09:16:49.563Z INFO  benchmark_client] Sending sample transaction 372
[2026-05-22T09:16:49.612Z INFO  benchmark_client] Sending sample transaction 373
[2026-05-22T09:16:49.662Z INFO  benchmark_client] Sending sample transaction 374
[2026-05-22T09:16:49.712Z INFO  benchmark_client] Sending sample transaction 375
[2026-05-22T09:16:49.762Z INFO  benchmark_client] Sending sample transaction 376
[2026-05-22T09:16:49.812Z INFO  benchmark_client] Sending sample transaction 377
[2026-05-22T09:16:49.864Z INFO  benchmark_client] Sending sample transaction 378
[2026-05-22T09:16:49.912Z INFO  benchmark_client] Sending sample transaction 379
[2026-05-22T09:16:49.962Z INFO  benchmark_client] Sending sample transaction 380
[2026-05-22T09:16:50.012Z INFO  benchmark_client] Sending sample transaction 381
[2026-05-22T09:16:50.064Z INFO  benchmark_client] Sending sample transaction 382
[2026-05-22T09:16:50.112Z INFO  benchmark_client] Sending sample transaction 383
[2026-05-22T09:16:50.162Z INFO  benchmark_client] Sending sample transaction 384
[2026-05-22T09:16:50.213Z INFO  benchmark_client] Sending sample transaction 385
[2026-05-22T09:16:50.263Z INFO  benchmark_client] Sending sample transaction 386
[2026-05-22T09:16:50.312Z INFO  benchmark_client] Sending sample transaction 387
[2026-05-22T09:16:50.362Z INFO  benchmark_client] Sending sample transaction 388
[2026-05-22T09:16:50.412Z INFO  benchmark_client] Sending sample transaction 389
[2026-05-22T09:16:50.462Z INFO  benchmark_client] Sending sample transaction 390
[2026-05-22T09:16:50.513Z INFO  benchmark_client] Sending sample transaction 391
[2026-05-22T09:16:50.562Z INFO  benchmark_client] Sending sample transaction 392
[2026-05-22T09:16:50.612Z INFO  benchmark_client] Sending sample transaction 393
[2026-05-22T09:16:50.662Z INFO  benchmark_client] Sending sample transaction 394
[2026-05-22T09:16:50.712Z INFO  benchmark_client] Sending sample transaction 395
[2026-05-22T09:16:50.766Z INFO  benchmark_client] Sending sample transaction 396
[2026-05-22T09:16:50.812Z INFO  benchmark_client] Sending sample transaction 397
[2026-05-22T09:16:50.862Z INFO  benchmark_client] Sending sample transaction 398
[2026-05-22T09:16:50.915Z INFO  benchmark_client] Sending sample transaction 399
[2026-05-22T09:16:50.962Z INFO  benchmark_client] Sending sample transaction 400
[2026-05-22T09:16:51.011Z INFO  benchmark_client] Sending sample transaction 401
[2026-05-22T09:16:51.062Z INFO  benchmark_client] Sending sample transaction 402
[2026-05-22T09:16:51.112Z INFO  benchmark_client] Sending sample transaction 403
[2026-05-22T09:16:51.162Z INFO  benchmark_client] Sending sample transaction 404
[2026-05-22T09:16:51.212Z INFO  benchmark_client] Sending sample transaction 405
[2026-05-22T09:16:51.262Z INFO  benchmark_client] Sending sample transaction 406
[2026-05-22T09:16:51.312Z INFO  benchmark_client] Sending sample transaction 407
[2026-05-22T09:16:51.362Z INFO  benchmark_client] Sending sample transaction 408
[2026-05-22T09:16:51.412Z INFO  benchmark_client] Sending sample transaction 409
[2026-05-22T09:16:51.462Z INFO  benchmark_client] Sending sample transaction 410
[2026-05-22T09:16:51.512Z INFO  benchmark_client] Sending sample transaction 411
[2026-05-22T09:16:51.562Z INFO  benchmark_client] Sending sample transaction 412
[2026-05-22T09:16:51.614Z INFO  benchmark_client] Sending sample transaction 413
[2026-05-22T09:16:51.662Z INFO  benchmark_client] Sending sample transaction 414
[2026-05-22T09:16:51.713Z INFO  benchmark_client] Sending sample transaction 415
[2026-05-22T09:16:51.762Z INFO  benchmark_client] Sending sample transaction 416
[2026-05-22T09:16:51.812Z INFO  benchmark_client] Sending sample transaction 417
[2026-05-22T09:16:51.862Z INFO  benchmark_client] Sending sample transaction 418
[2026-05-22T09:16:51.914Z INFO  benchmark_client] Sending sample transaction 419
[2026-05-22T09:16:51.965Z INFO  benchmark_client] Sending sample transaction 420
[2026-05-22T09:16:52.012Z INFO  benchmark_client] Sending sample transaction 421
[2026-05-22T09:16:52.062Z INFO  benchmark_client] Sending sample transaction 422
[2026-05-22T09:16:52.113Z INFO  benchmark_client] Sending sample transaction 423
[2026-05-22T09:16:52.163Z INFO  benchmark_client] Sending sample transaction 424
[2026-05-22T09:16:52.213Z INFO  benchmark_client] Sending sample transaction 425
[2026-05-22T09:16:52.265Z INFO  benchmark_client] Sending sample transaction 426
[2026-05-22T09:16:52.315Z INFO  benchmark_client] Sending sample transaction 427
[2026-05-22T09:16:52.362Z INFO  benchmark_client] Sending sample transaction 428
[2026-05-22T09:16:52.413Z INFO  benchmark_client] Sending sample transaction 429
[2026-05-22T09:16:52.463Z INFO  benchmark_client] Sending sample transaction 430
[2026-05-22T09:16:52.512Z INFO  benchmark_client] Sending sample transaction 431
[2026-05-22T09:16:52.565Z INFO  benchmark_client] Sending sample transaction 432
[2026-05-22T09:16:52.614Z INFO  benchmark_client] Sending sample transaction 433
[2026-05-22T09:16:52.663Z INFO  benchmark_client] Sending sample transaction 434
[2026-05-22T09:16:52.712Z INFO  benchmark_client] Sending sample transaction 435
[2026-05-22T09:16:52.764Z INFO  benchmark_client] Sending sample transaction 436
[2026-05-22T09:16:52.817Z INFO  benchmark_client] Sending sample transaction 437
[2026-05-22T09:16:52.862Z INFO  benchmark_client] Sending sample transaction 438
[2026-05-22T09:16:52.916Z INFO  benchmark_client] Sending sample transaction 439
[2026-05-22T09:16:52.964Z INFO  benchmark_client] Sending sample transaction 440
[2026-05-22T09:16:53.013Z INFO  benchmark_client] Sending sample transaction 441
[2026-05-22T09:16:53.062Z INFO  benchmark_client] Sending sample transaction 442
[2026-05-22T09:16:53.112Z INFO  benchmark_client] Sending sample transaction 443
[2026-05-22T09:16:53.167Z INFO  benchmark_client] Sending sample transaction 444
[2026-05-22T09:16:53.212Z INFO  benchmark_client] Sending sample transaction 445
[2026-05-22T09:16:53.262Z INFO  benchmark_client] Sending sample transaction 446
[2026-05-22T09:16:53.312Z INFO  benchmark_client] Sending sample transaction 447
[2026-05-22T09:16:53.362Z INFO  benchmark_client] Sending sample transaction 448
[2026-05-22T09:16:53.412Z INFO  benchmark_client] Sending sample transaction 449
[2026-05-22T09:16:53.467Z INFO  benchmark_client] Sending sample transaction 450
[2026-05-22T09:16:53.513Z INFO  benchmark_client] Sending sample transaction 451
[2026-05-22T09:16:53.564Z INFO  benchmark_client] Sending sample transaction 452
[2026-05-22T09:16:53.612Z INFO  benchmark_client] Sending sample transaction 453
[2026-05-22T09:16:53.662Z INFO  benchmark_client] Sending sample transaction 454
[2026-05-22T09:16:53.715Z INFO  benchmark_client] Sending sample transaction 455
[2026-05-22T09:16:53.764Z INFO  benchmark_client] Sending sample transaction 456
[2026-05-22T09:16:53.813Z INFO  benchmark_client] Sending sample transaction 457
[2026-05-22T09:16:53.862Z INFO  benchmark_client] Sending sample transaction 458
[2026-05-22T09:16:53.914Z INFO  benchmark_client] Sending sample transaction 459
[2026-05-22T09:16:53.962Z INFO  benchmark_client] Sending sample transaction 460
[2026-05-22T09:16:54.012Z INFO  benchmark_client] Sending sample transaction 461
[2026-05-22T09:16:54.062Z INFO  benchmark_client] Sending sample transaction 462
[2026-05-22T09:16:54.114Z INFO  benchmark_client] Sending sample transaction 463
[2026-05-22T09:16:54.163Z INFO  benchmark_client] Sending sample transaction 464
[2026-05-22T09:16:54.212Z INFO  benchmark_client] Sending sample transaction 465
[2026-05-22T09:16:54.262Z INFO  benchmark_client] Sending sample transaction 466
[2026-05-22T09:16:54.312Z INFO  benchmark_client] Sending sample transaction 467
[2026-05-22T09:16:54.363Z INFO  benchmark_client] Sending sample transaction 468
[2026-05-22T09:16:54.413Z INFO  benchmark_client] Sending sample transaction 469
[2026-05-22T09:16:54.462Z INFO  benchmark_client] Sending sample transaction 470
[2026-05-22T09:16:54.513Z INFO  benchmark_client] Sending sample transaction 471
[2026-05-22T09:16:54.562Z INFO  benchmark_client] Sending sample transaction 472
[2026-05-22T09:16:54.613Z INFO  benchmark_client] Sending sample transaction 473
[2026-05-22T09:16:54.662Z INFO  benchmark_client] Sending sample transaction 474
[2026-05-22T09:16:54.713Z INFO  benchmark_client] Sending sample transaction 475
[2026-05-22T09:16:54.762Z INFO  benchmark_client] Sending sample transaction 476
[2026-05-22T09:16:54.812Z INFO  benchmark_client] Sending sample transaction 477
[2026-05-22T09:16:54.863Z INFO  benchmark_client] Sending sample transaction 478
[2026-05-22T09:16:54.912Z INFO  benchmark_client] Sending sample transaction 479
[2026-05-22T09:16:54.964Z INFO  benchmark_client] Sending sample transaction 480
[2026-05-22T09:16:55.014Z INFO  benchmark_client] Sending sample transaction 481
[2026-05-22T09:16:55.063Z INFO  benchmark_client] Sending sample transaction 482
[2026-05-22T09:16:55.115Z INFO  benchmark_client] Sending sample transaction 483
[2026-05-22T09:16:55.164Z INFO  benchmark_client] Sending sample transaction 484
[2026-05-22T09:16:55.215Z INFO  benchmark_client] Sending sample transaction 485
[2026-05-22T09:16:55.262Z INFO  benchmark_client] Sending sample transaction 486
[2026-05-22T09:16:55.312Z INFO  benchmark_client] Sending sample transaction 487
[2026-05-22T09:16:55.364Z INFO  benchmark_client] Sending sample transaction 488
[2026-05-22T09:16:55.414Z INFO  benchmark_client] Sending sample transaction 489
[2026-05-22T09:16:55.462Z INFO  benchmark_client] Sending sample transaction 490
[2026-05-22T09:16:55.514Z INFO  benchmark_client] Sending sample transaction 491
[2026-05-22T09:16:55.563Z INFO  benchmark_client] Sending sample transaction 492
[2026-05-22T09:16:55.613Z INFO  benchmark_client] Sending sample transaction 493
[2026-05-22T09:16:55.663Z INFO  benchmark_client] Sending sample transaction 494
[2026-05-22T09:16:55.714Z INFO  benchmark_client] Sending sample transaction 495
[2026-05-22T09:16:55.764Z INFO  benchmark_client] Sending sample transaction 496
[2026-05-22T09:16:55.816Z INFO  benchmark_client] Sending sample transaction 497
[2026-05-22T09:16:55.867Z INFO  benchmark_client] Sending sample transaction 498
[2026-05-22T09:16:55.916Z INFO  benchmark_client] Sending sample transaction 499
[2026-05-22T09:16:55.963Z INFO  benchmark_client] Sending sample transaction 500
[2026-05-22T09:16:56.013Z INFO  benchmark_client] Sending sample transaction 501
[2026-05-22T09:16:56.063Z INFO  benchmark_client] Sending sample transaction 502
[2026-05-22T09:16:56.113Z INFO  benchmark_client] Sending sample transaction 503
[2026-05-22T09:16:56.165Z INFO  benchmark_client] Sending sample transaction 504
[2026-05-22T09:16:56.213Z INFO  benchmark_client] Sending sample transaction 505
[2026-05-22T09:16:56.263Z INFO  benchmark_client] Sending sample transaction 506
[2026-05-22T09:16:56.313Z INFO  benchmark_client] Sending sample transaction 507
[2026-05-22T09:16:56.364Z INFO  benchmark_client] Sending sample transaction 508
[2026-05-22T09:16:56.412Z INFO  benchmark_client] Sending sample transaction 509
[2026-05-22T09:16:56.464Z INFO  benchmark_client] Sending sample transaction 510
[2026-05-22T09:16:56.513Z INFO  benchmark_client] Sending sample transaction 511
[2026-05-22T09:16:56.563Z INFO  benchmark_client] Sending sample transaction 512
[2026-05-22T09:16:56.612Z INFO  benchmark_client] Sending sample transaction 513
[2026-05-22T09:16:56.662Z INFO  benchmark_client] Sending sample transaction 514
[2026-05-22T09:16:56.712Z INFO  benchmark_client] Sending sample transaction 515
[2026-05-22T09:16:56.766Z INFO  benchmark_client] Sending sample transaction 516
[2026-05-22T09:16:56.814Z INFO  benchmark_client] Sending sample transaction 517
[2026-05-22T09:16:56.865Z INFO  benchmark_client] Sending sample transaction 518
[2026-05-22T09:16:56.913Z INFO  benchmark_client] Sending sample transaction 519
[2026-05-22T09:16:56.962Z INFO  benchmark_client] Sending sample transaction 520
[2026-05-22T09:16:57.017Z INFO  benchmark_client] Sending sample transaction 521
[2026-05-22T09:16:57.063Z INFO  benchmark_client] Sending sample transaction 522
[2026-05-22T09:16:57.112Z INFO  benchmark_client] Sending sample transaction 523
[2026-05-22T09:16:57.162Z INFO  benchmark_client] Sending sample transaction 524
[2026-05-22T09:16:57.212Z INFO  benchmark_client] Sending sample transaction 525
[2026-05-22T09:16:57.263Z INFO  benchmark_client] Sending sample transaction 526
[2026-05-22T09:16:57.312Z INFO  benchmark_client] Sending sample transaction 527
[2026-05-22T09:16:57.362Z INFO  benchmark_client] Sending sample transaction 528
[2026-05-22T09:16:57.415Z INFO  benchmark_client] Sending sample transaction 529
[2026-05-22T09:16:57.463Z INFO  benchmark_client] Sending sample transaction 530
[2026-05-22T09:16:57.513Z INFO  benchmark_client] Sending sample transaction 531
[2026-05-22T09:16:57.563Z INFO  benchmark_client] Sending sample transaction 532
[2026-05-22T09:16:57.613Z INFO  benchmark_client] Sending sample transaction 533
[2026-05-22T09:16:57.662Z INFO  benchmark_client] Sending sample transaction 534
[2026-05-22T09:16:57.712Z INFO  benchmark_client] Sending sample transaction 535
[2026-05-22T09:16:57.764Z INFO  benchmark_client] Sending sample transaction 536
[2026-05-22T09:16:57.813Z INFO  benchmark_client] Sending sample transaction 537
[2026-05-22T09:16:57.862Z INFO  benchmark_client] Sending sample transaction 538
[2026-05-22T09:16:57.912Z INFO  benchmark_client] Sending sample transaction 539
[2026-05-22T09:16:57.963Z INFO  benchmark_client] Sending sample transaction 540
[2026-05-22T09:16:58.013Z INFO  benchmark_client] Sending sample transaction 541
[2026-05-22T09:16:58.063Z INFO  benchmark_client] Sending sample transaction 542
[2026-05-22T09:16:58.113Z INFO  benchmark_client] Sending sample transaction 543
[2026-05-22T09:16:58.162Z INFO  benchmark_client] Sending sample transaction 544
[2026-05-22T09:16:58.212Z INFO  benchmark_client] Sending sample transaction 545
[2026-05-22T09:16:58.264Z INFO  benchmark_client] Sending sample transaction 546
[2026-05-22T09:16:58.312Z INFO  benchmark_client] Sending sample transaction 547
[2026-05-22T09:16:58.362Z INFO  benchmark_client] Sending sample transaction 548
[2026-05-22T09:16:58.413Z INFO  benchmark_client] Sending sample transaction 549
[2026-05-22T09:16:58.462Z INFO  benchmark_client] Sending sample transaction 550
[2026-05-22T09:16:58.514Z INFO  benchmark_client] Sending sample transaction 551
[2026-05-22T09:16:58.562Z INFO  benchmark_client] Sending sample transaction 552
[2026-05-22T09:16:58.612Z INFO  benchmark_client] Sending sample transaction 553
[2026-05-22T09:16:58.663Z INFO  benchmark_client] Sending sample transaction 554
[2026-05-22T09:16:58.713Z INFO  benchmark_client] Sending sample transaction 555
[2026-05-22T09:16:58.762Z INFO  benchmark_client] Sending sample transaction 556
[2026-05-22T09:16:58.812Z INFO  benchmark_client] Sending sample transaction 557
[2026-05-22T09:16:58.863Z INFO  benchmark_client] Sending sample transaction 558
[2026-05-22T09:16:58.913Z INFO  benchmark_client] Sending sample transaction 559
[2026-05-22T09:16:58.962Z INFO  benchmark_client] Sending sample transaction 560
[2026-05-22T09:16:59.013Z INFO  benchmark_client] Sending sample transaction 561
[2026-05-22T09:16:59.065Z INFO  benchmark_client] Sending sample transaction 562
[2026-05-22T09:16:59.112Z INFO  benchmark_client] Sending sample transaction 563
[2026-05-22T09:16:59.164Z INFO  benchmark_client] Sending sample transaction 564
[2026-05-22T09:16:59.212Z INFO  benchmark_client] Sending sample transaction 565
[2026-05-22T09:16:59.262Z INFO  benchmark_client] Sending sample transaction 566
[2026-05-22T09:16:59.315Z INFO  benchmark_client] Sending sample transaction 567
[2026-05-22T09:16:59.362Z INFO  benchmark_client] Sending sample transaction 568
[2026-05-22T09:16:59.414Z INFO  benchmark_client] Sending sample transaction 569
[2026-05-22T09:16:59.463Z INFO  benchmark_client] Sending sample transaction 570
[2026-05-22T09:16:59.513Z INFO  benchmark_client] Sending sample transaction 571
[2026-05-22T09:16:59.564Z INFO  benchmark_client] Sending sample transaction 572
[2026-05-22T09:16:59.617Z INFO  benchmark_client] Sending sample transaction 573
[2026-05-22T09:16:59.662Z INFO  benchmark_client] Sending sample transaction 574
[2026-05-22T09:16:59.713Z INFO  benchmark_client] Sending sample transaction 575
[2026-05-22T09:16:59.762Z INFO  benchmark_client] Sending sample transaction 576
[2026-05-22T09:16:59.813Z INFO  benchmark_client] Sending sample transaction 577
[2026-05-22T09:16:59.862Z INFO  benchmark_client] Sending sample transaction 578
[2026-05-22T09:16:59.913Z INFO  benchmark_client] Sending sample transaction 579
[2026-05-22T09:16:59.963Z INFO  benchmark_client] Sending sample transaction 580
[2026-05-22T09:17:00.013Z INFO  benchmark_client] Sending sample transaction 581
[2026-05-22T09:17:00.062Z INFO  benchmark_client] Sending sample transaction 582
[2026-05-22T09:17:00.113Z INFO  benchmark_client] Sending sample transaction 583
[2026-05-22T09:17:00.162Z INFO  benchmark_client] Sending sample transaction 584
[2026-05-22T09:17:00.213Z INFO  benchmark_client] Sending sample transaction 585
[2026-05-22T09:17:00.263Z INFO  benchmark_client] Sending sample transaction 586
[2026-05-22T09:17:00.312Z INFO  benchmark_client] Sending sample transaction 587
[2026-05-22T09:17:00.366Z INFO  benchmark_client] Sending sample transaction 588
[2026-05-22T09:17:00.412Z INFO  benchmark_client] Sending sample transaction 589
[2026-05-22T09:17:00.464Z INFO  benchmark_client] Sending sample transaction 590
[2026-05-22T09:17:00.514Z INFO  benchmark_client] Sending sample transaction 591
[2026-05-22T09:17:00.565Z INFO  benchmark_client] Sending sample transaction 592
[2026-05-22T09:17:00.615Z INFO  benchmark_client] Sending sample transaction 593
[2026-05-22T09:17:00.663Z INFO  benchmark_client] Sending sample transaction 594
[2026-05-22T09:17:00.714Z INFO  benchmark_client] Sending sample transaction 595
[2026-05-22T09:17:00.765Z INFO  benchmark_client] Sending sample transaction 596
[2026-05-22T09:17:00.813Z INFO  benchmark_client] Sending sample transaction 597
[2026-05-22T09:17:00.863Z INFO  benchmark_client] Sending sample transaction 598
[2026-05-22T09:17:00.915Z INFO  benchmark_client] Sending sample transaction 599
[2026-05-22T09:17:00.963Z INFO  benchmark_client] Sending sample transaction 600
[2026-05-22T09:17:01.012Z INFO  benchmark_client] Sending sample transaction 601
[2026-05-22T09:17:01.063Z INFO  benchmark_client] Sending sample transaction 602
[2026-05-22T09:17:01.112Z INFO  benchmark_client] Sending sample transaction 603
[2026-05-22T09:17:01.163Z INFO  benchmark_client] Sending sample transaction 604
[2026-05-22T09:17:01.213Z INFO  benchmark_client] Sending sample transaction 605
[2026-05-22T09:17:01.264Z INFO  benchmark_client] Sending sample transaction 606
[2026-05-22T09:17:01.315Z INFO  benchmark_client] Sending sample transaction 607
[2026-05-22T09:17:01.362Z INFO  benchmark_client] Sending sample transaction 608
[2026-05-22T09:17:01.413Z INFO  benchmark_client] Sending sample transaction 609
[2026-05-22T09:17:01.463Z INFO  benchmark_client] Sending sample transaction 610
[2026-05-22T09:17:01.512Z INFO  benchmark_client] Sending sample transaction 611
[2026-05-22T09:17:01.563Z INFO  benchmark_client] Sending sample transaction 612
[2026-05-22T09:17:01.613Z INFO  benchmark_client] Sending sample transaction 613
[2026-05-22T09:17:01.666Z INFO  benchmark_client] Sending sample transaction 614
[2026-05-22T09:17:01.713Z INFO  benchmark_client] Sending sample transaction 615
[2026-05-22T09:17:01.767Z INFO  benchmark_client] Sending sample transaction 616
[2026-05-22T09:17:01.813Z INFO  benchmark_client] Sending sample transaction 617
[2026-05-22T09:17:01.865Z INFO  benchmark_client] Sending sample transaction 618
[2026-05-22T09:17:01.913Z INFO  benchmark_client] Sending sample transaction 619
[2026-05-22T09:17:01.965Z INFO  benchmark_client] Sending sample transaction 620
[2026-05-22T09:17:02.012Z INFO  benchmark_client] Sending sample transaction 621
[2026-05-22T09:17:02.063Z INFO  benchmark_client] Sending sample transaction 622
[2026-05-22T09:17:02.113Z INFO  benchmark_client] Sending sample transaction 623
[2026-05-22T09:17:02.162Z INFO  benchmark_client] Sending sample transaction 624
[2026-05-22T09:17:02.214Z INFO  benchmark_client] Sending sample transaction 625
[2026-05-22T09:17:02.262Z INFO  benchmark_client] Sending sample transaction 626
[2026-05-22T09:17:02.312Z INFO  benchmark_client] Sending sample transaction 627
[2026-05-22T09:17:02.362Z INFO  benchmark_client] Sending sample transaction 628
[2026-05-22T09:17:02.413Z INFO  benchmark_client] Sending sample transaction 629
[2026-05-22T09:17:02.464Z INFO  benchmark_client] Sending sample transaction 630
[2026-05-22T09:17:02.517Z INFO  benchmark_client] Sending sample transaction 631
[2026-05-22T09:17:02.566Z INFO  benchmark_client] Sending sample transaction 632
[2026-05-22T09:17:02.613Z INFO  benchmark_client] Sending sample transaction 633
[2026-05-22T09:17:02.662Z INFO  benchmark_client] Sending sample transaction 634
[2026-05-22T09:17:02.714Z INFO  benchmark_client] Sending sample transaction 635
[2026-05-22T09:17:02.764Z INFO  benchmark_client] Sending sample transaction 636
[2026-05-22T09:17:02.814Z INFO  benchmark_client] Sending sample transaction 637
[2026-05-22T09:17:02.864Z INFO  benchmark_client] Sending sample transaction 638
[2026-05-22T09:17:02.913Z INFO  benchmark_client] Sending sample transaction 639
[2026-05-22T09:17:02.965Z INFO  benchmark_client] Sending sample transaction 640
[2026-05-22T09:17:03.015Z INFO  benchmark_client] Sending sample transaction 641
[2026-05-22T09:17:03.066Z INFO  benchmark_client] Sending sample transaction 642
[2026-05-22T09:17:03.115Z INFO  benchmark_client] Sending sample transaction 643
[2026-05-22T09:17:03.165Z INFO  benchmark_client] Sending sample transaction 644
[2026-05-22T09:17:03.213Z INFO  benchmark_client] Sending sample transaction 645
[2026-05-22T09:17:03.263Z INFO  benchmark_client] Sending sample transaction 646
[2026-05-22T09:17:03.313Z INFO  benchmark_client] Sending sample transaction 647
[2026-05-22T09:17:03.364Z INFO  benchmark_client] Sending sample transaction 648
[2026-05-22T09:17:03.412Z INFO  benchmark_client] Sending sample transaction 649
[2026-05-22T09:17:03.463Z INFO  benchmark_client] Sending sample transaction 650
[2026-05-22T09:17:03.513Z INFO  benchmark_client] Sending sample transaction 651
[2026-05-22T09:17:03.564Z INFO  benchmark_client] Sending sample transaction 652
[2026-05-22T09:17:03.613Z INFO  benchmark_client] Sending sample transaction 653
[2026-05-22T09:17:03.666Z INFO  benchmark_client] Sending sample transaction 654
[2026-05-22T09:17:03.712Z INFO  benchmark_client] Sending sample transaction 655
[2026-05-22T09:17:03.766Z INFO  benchmark_client] Sending sample transaction 656
[2026-05-22T09:17:03.815Z INFO  benchmark_client] Sending sample transaction 657
[2026-05-22T09:17:03.863Z INFO  benchmark_client] Sending sample transaction 658
[2026-05-22T09:17:03.912Z INFO  benchmark_client] Sending sample transaction 659
[2026-05-22T09:17:03.962Z INFO  benchmark_client] Sending sample transaction 660
[2026-05-22T09:17:04.013Z INFO  benchmark_client] Sending sample transaction 661
[2026-05-22T09:17:04.064Z INFO  benchmark_client] Sending sample transaction 662
[2026-05-22T09:17:04.113Z INFO  benchmark_client] Sending sample transaction 663
[2026-05-22T09:17:04.165Z INFO  benchmark_client] Sending sample transaction 664
[2026-05-22T09:17:04.213Z INFO  benchmark_client] Sending sample transaction 665
[2026-05-22T09:17:04.262Z INFO  benchmark_client] Sending sample transaction 666
[2026-05-22T09:17:04.313Z INFO  benchmark_client] Sending sample transaction 667
[2026-05-22T09:17:04.363Z INFO  benchmark_client] Sending sample transaction 668
[2026-05-22T09:17:04.412Z INFO  benchmark_client] Sending sample transaction 669
[2026-05-22T09:17:04.464Z INFO  benchmark_client] Sending sample transaction 670
[2026-05-22T09:17:04.515Z INFO  benchmark_client] Sending sample transaction 671
[2026-05-22T09:17:04.563Z INFO  benchmark_client] Sending sample transaction 672
[2026-05-22T09:17:04.612Z INFO  benchmark_client] Sending sample transaction 673
[2026-05-22T09:17:04.665Z INFO  benchmark_client] Sending sample transaction 674
[2026-05-22T09:17:04.716Z INFO  benchmark_client] Sending sample transaction 675
[2026-05-22T09:17:04.764Z INFO  benchmark_client] Sending sample transaction 676
[2026-05-22T09:17:04.817Z INFO  benchmark_client] Sending sample transaction 677
[2026-05-22T09:17:04.865Z INFO  benchmark_client] Sending sample transaction 678
[2026-05-22T09:17:04.913Z INFO  benchmark_client] Sending sample transaction 679
[2026-05-22T09:17:04.966Z INFO  benchmark_client] Sending sample transaction 680
[2026-05-22T09:17:05.013Z INFO  benchmark_client] Sending sample transaction 681
[2026-05-22T09:17:05.065Z INFO  benchmark_client] Sending sample transaction 682
[2026-05-22T09:17:05.114Z INFO  benchmark_client] Sending sample transaction 683
[2026-05-22T09:17:05.163Z INFO  benchmark_client] Sending sample transaction 684
[2026-05-22T09:17:05.213Z INFO  benchmark_client] Sending sample transaction 685
[2026-05-22T09:17:05.263Z INFO  benchmark_client] Sending sample transaction 686
[2026-05-22T09:17:05.314Z INFO  benchmark_client] Sending sample transaction 687
[2026-05-22T09:17:05.363Z INFO  benchmark_client] Sending sample transaction 688
[2026-05-22T09:17:05.420Z INFO  benchmark_client] Sending sample transaction 689
[2026-05-22T09:17:05.465Z INFO  benchmark_client] Sending sample transaction 690
[2026-05-22T09:17:05.513Z INFO  benchmark_client] Sending sample transaction 691
[2026-05-22T09:17:05.562Z INFO  benchmark_client] Sending sample transaction 692
[2026-05-22T09:17:05.613Z INFO  benchmark_client] Sending sample transaction 693
[2026-05-22T09:17:05.663Z INFO  benchmark_client] Sending sample transaction 694
[2026-05-22T09:17:05.713Z INFO  benchmark_client] Sending sample transaction 695
[2026-05-22T09:17:05.764Z INFO  benchmark_client] Sending sample transaction 696
[2026-05-22T09:17:05.812Z INFO  benchmark_client] Sending sample transaction 697
[2026-05-22T09:17:05.863Z INFO  benchmark_client] Sending sample transaction 698
[2026-05-22T09:17:05.915Z INFO  benchmark_client] Sending sample transaction 699
[2026-05-22T09:17:05.963Z INFO  benchmark_client] Sending sample transaction 700
[2026-05-22T09:17:06.014Z INFO  benchmark_client] Sending sample transaction 701
[2026-05-22T09:17:06.063Z INFO  benchmark_client] Sending sample transaction 702
[2026-05-22T09:17:06.113Z INFO  benchmark_client] Sending sample transaction 703
[2026-05-22T09:17:06.163Z INFO  benchmark_client] Sending sample transaction 704
[2026-05-22T09:17:06.216Z INFO  benchmark_client] Sending sample transaction 705
[2026-05-22T09:17:06.265Z INFO  benchmark_client] Sending sample transaction 706
[2026-05-22T09:17:06.315Z INFO  benchmark_client] Sending sample transaction 707
[2026-05-22T09:17:06.363Z INFO  benchmark_client] Sending sample transaction 708
[2026-05-22T09:17:06.413Z INFO  benchmark_client] Sending sample transaction 709
[2026-05-22T09:17:06.463Z INFO  benchmark_client] Sending sample transaction 710
[2026-05-22T09:17:06.512Z INFO  benchmark_client] Sending sample transaction 711
[2026-05-22T09:17:06.566Z INFO  benchmark_client] Sending sample transaction 712
[2026-05-22T09:17:06.616Z INFO  benchmark_client] Sending sample transaction 713
[2026-05-22T09:17:06.667Z INFO  benchmark_client] Sending sample transaction 714
[2026-05-22T09:17:06.712Z INFO  benchmark_client] Sending sample transaction 715
[2026-05-22T09:17:06.765Z INFO  benchmark_client] Sending sample transaction 716
[2026-05-22T09:17:06.813Z INFO  benchmark_client] Sending sample transaction 717
[2026-05-22T09:17:06.864Z INFO  benchmark_client] Sending sample transaction 718
[2026-05-22T09:17:06.914Z INFO  benchmark_client] Sending sample transaction 719
[2026-05-22T09:17:06.963Z INFO  benchmark_client] Sending sample transaction 720
[2026-05-22T09:17:07.014Z INFO  benchmark_client] Sending sample transaction 721
[2026-05-22T09:17:07.062Z INFO  benchmark_client] Sending sample transaction 722
[2026-05-22T09:17:07.116Z INFO  benchmark_client] Sending sample transaction 723
[2026-05-22T09:17:07.164Z INFO  benchmark_client] Sending sample transaction 724
[2026-05-22T09:17:07.213Z INFO  benchmark_client] Sending sample transaction 725
[2026-05-22T09:17:07.263Z INFO  benchmark_client] Sending sample transaction 726
[2026-05-22T09:17:07.315Z INFO  benchmark_client] Sending sample transaction 727
[2026-05-22T09:17:07.365Z INFO  benchmark_client] Sending sample transaction 728
[2026-05-22T09:17:07.415Z INFO  benchmark_client] Sending sample transaction 729
[2026-05-22T09:17:07.467Z INFO  benchmark_client] Sending sample transaction 730
[2026-05-22T09:17:07.513Z INFO  benchmark_client] Sending sample transaction 731
[2026-05-22T09:17:07.563Z INFO  benchmark_client] Sending sample transaction 732
[2026-05-22T09:17:07.613Z INFO  benchmark_client] Sending sample transaction 733
[2026-05-22T09:17:07.663Z INFO  benchmark_client] Sending sample transaction 734
[2026-05-22T09:17:07.712Z INFO  benchmark_client] Sending sample transaction 735
[2026-05-22T09:17:07.764Z INFO  benchmark_client] Sending sample transaction 736
[2026-05-22T09:17:07.813Z INFO  benchmark_client] Sending sample transaction 737
[2026-05-22T09:17:07.863Z INFO  benchmark_client] Sending sample transaction 738
[2026-05-22T09:17:07.915Z INFO  benchmark_client] Sending sample transaction 739
[2026-05-22T09:17:07.963Z INFO  benchmark_client] Sending sample transaction 740
[2026-05-22T09:17:08.013Z INFO  benchmark_client] Sending sample transaction 741
[2026-05-22T09:17:08.064Z INFO  benchmark_client] Sending sample transaction 742
[2026-05-22T09:17:08.113Z INFO  benchmark_client] Sending sample transaction 743
[2026-05-22T09:17:08.163Z INFO  benchmark_client] Sending sample transaction 744
[2026-05-22T09:17:08.215Z INFO  benchmark_client] Sending sample transaction 745
[2026-05-22T09:17:08.263Z INFO  benchmark_client] Sending sample transaction 746
[2026-05-22T09:17:08.313Z INFO  benchmark_client] Sending sample transaction 747
[2026-05-22T09:17:08.363Z INFO  benchmark_client] Sending sample transaction 748
[2026-05-22T09:17:08.413Z INFO  benchmark_client] Sending sample transaction 749
[2026-05-22T09:17:08.463Z INFO  benchmark_client] Sending sample transaction 750
[2026-05-22T09:17:08.513Z INFO  benchmark_client] Sending sample transaction 751
[2026-05-22T09:17:08.564Z INFO  benchmark_client] Sending sample transaction 752
[2026-05-22T09:17:08.616Z INFO  benchmark_client] Sending sample transaction 753
[2026-05-22T09:17:08.663Z INFO  benchmark_client] Sending sample transaction 754
[2026-05-22T09:17:08.713Z INFO  benchmark_client] Sending sample transaction 755
[2026-05-22T09:17:08.763Z INFO  benchmark_client] Sending sample transaction 756
[2026-05-22T09:17:08.815Z INFO  benchmark_client] Sending sample transaction 757
[2026-05-22T09:17:08.865Z INFO  benchmark_client] Sending sample transaction 758
[2026-05-22T09:17:08.913Z INFO  benchmark_client] Sending sample transaction 759
[2026-05-22T09:17:08.963Z INFO  benchmark_client] Sending sample transaction 760
[2026-05-22T09:17:09.014Z INFO  benchmark_client] Sending sample transaction 761
[2026-05-22T09:17:09.063Z INFO  benchmark_client] Sending sample transaction 762
[2026-05-22T09:17:09.117Z INFO  benchmark_client] Sending sample transaction 763
[2026-05-22T09:17:09.166Z INFO  benchmark_client] Sending sample transaction 764
[2026-05-22T09:17:09.220Z INFO  benchmark_client] Sending sample transaction 765
[2026-05-22T09:17:09.265Z INFO  benchmark_client] Sending sample transaction 766
[2026-05-22T09:17:09.314Z INFO  benchmark_client] Sending sample transaction 767
[2026-05-22T09:17:09.365Z INFO  benchmark_client] Sending sample transaction 768
[2026-05-22T09:17:09.413Z INFO  benchmark_client] Sending sample transaction 769
[2026-05-22T09:17:09.465Z INFO  benchmark_client] Sending sample transaction 770
[2026-05-22T09:17:09.514Z INFO  benchmark_client] Sending sample transaction 771
[2026-05-22T09:17:09.565Z INFO  benchmark_client] Sending sample transaction 772
[2026-05-22T09:17:09.613Z INFO  benchmark_client] Sending sample transaction 773
[2026-05-22T09:17:09.666Z INFO  benchmark_client] Sending sample transaction 774
[2026-05-22T09:17:09.718Z INFO  benchmark_client] Sending sample transaction 775
[2026-05-22T09:17:09.766Z INFO  benchmark_client] Sending sample transaction 776
[2026-05-22T09:17:09.813Z INFO  benchmark_client] Sending sample transaction 777
[2026-05-22T09:17:09.865Z INFO  benchmark_client] Sending sample transaction 778
[2026-05-22T09:17:09.913Z INFO  benchmark_client] Sending sample transaction 779
[2026-05-22T09:17:09.963Z INFO  benchmark_client] Sending sample transaction 780
[2026-05-22T09:17:10.012Z INFO  benchmark_client] Sending sample transaction 781
[2026-05-22T09:17:10.063Z INFO  benchmark_client] Sending sample transaction 782
[2026-05-22T09:17:10.119Z INFO  benchmark_client] Sending sample transaction 783
[2026-05-22T09:17:10.165Z INFO  benchmark_client] Sending sample transaction 784
[2026-05-22T09:17:10.219Z INFO  benchmark_client] Sending sample transaction 785
[2026-05-22T09:17:10.264Z INFO  benchmark_client] Sending sample transaction 786
[2026-05-22T09:17:10.317Z INFO  benchmark_client] Sending sample transaction 787
[2026-05-22T09:17:10.363Z INFO  benchmark_client] Sending sample transaction 788
[2026-05-22T09:17:10.413Z INFO  benchmark_client] Sending sample transaction 789
[2026-05-22T09:17:10.464Z INFO  benchmark_client] Sending sample transaction 790
[2026-05-22T09:17:10.513Z INFO  benchmark_client] Sending sample transaction 791
[2026-05-22T09:17:10.568Z INFO  benchmark_client] Sending sample transaction 792
[2026-05-22T09:17:10.613Z INFO  benchmark_client] Sending sample transaction 793
[2026-05-22T09:17:10.665Z INFO  benchmark_client] Sending sample transaction 794
[2026-05-22T09:17:10.714Z INFO  benchmark_client] Sending sample transaction 795
[2026-05-22T09:17:10.763Z INFO  benchmark_client] Sending sample transaction 796
[2026-05-22T09:17:10.816Z INFO  benchmark_client] Sending sample transaction 797
[2026-05-22T09:17:10.863Z INFO  benchmark_client] Sending sample transaction 798
[2026-05-22T09:17:10.916Z INFO  benchmark_client] Sending sample transaction 799
[2026-05-22T09:17:10.966Z INFO  benchmark_client] Sending sample transaction 800
[2026-05-22T09:17:11.013Z INFO  benchmark_client] Sending sample transaction 801
[2026-05-22T09:17:11.064Z INFO  benchmark_client] Sending sample transaction 802
[2026-05-22T09:17:11.116Z INFO  benchmark_client] Sending sample transaction 803
[2026-05-22T09:17:11.166Z INFO  benchmark_client] Sending sample transaction 804
[2026-05-22T09:17:11.215Z INFO  benchmark_client] Sending sample transaction 805
[2026-05-22T09:17:11.265Z INFO  benchmark_client] Sending sample transaction 806
[2026-05-22T09:17:11.317Z INFO  benchmark_client] Sending sample transaction 807
[2026-05-22T09:17:11.364Z INFO  benchmark_client] Sending sample transaction 808
[2026-05-22T09:17:11.415Z INFO  benchmark_client] Sending sample transaction 809
[2026-05-22T09:17:11.466Z INFO  benchmark_client] Sending sample transaction 810
[2026-05-22T09:17:11.514Z INFO  benchmark_client] Sending sample transaction 811
[2026-05-22T09:17:11.565Z INFO  benchmark_client] Sending sample transaction 812
[2026-05-22T09:17:11.613Z INFO  benchmark_client] Sending sample transaction 813
[2026-05-22T09:17:11.666Z INFO  benchmark_client] Sending sample transaction 814
[2026-05-22T09:17:11.714Z INFO  benchmark_client] Sending sample transaction 815
[2026-05-22T09:17:11.766Z INFO  benchmark_client] Sending sample transaction 816
[2026-05-22T09:17:11.812Z INFO  benchmark_client] Sending sample transaction 817
[2026-05-22T09:17:11.866Z INFO  benchmark_client] Sending sample transaction 818
[2026-05-22T09:17:11.916Z INFO  benchmark_client] Sending sample transaction 819
[2026-05-22T09:17:11.966Z INFO  benchmark_client] Sending sample transaction 820
[2026-05-22T09:17:12.012Z INFO  benchmark_client] Sending sample transaction 821
[2026-05-22T09:17:12.067Z INFO  benchmark_client] Sending sample transaction 822
[2026-05-22T09:17:12.115Z INFO  benchmark_client] Sending sample transaction 823
[2026-05-22T09:17:12.163Z INFO  benchmark_client] Sending sample transaction 824
[2026-05-22T09:17:12.216Z INFO  benchmark_client] Sending sample transaction 825
[2026-05-22T09:17:12.271Z INFO  benchmark_client] Sending sample transaction 826
[2026-05-22T09:17:12.316Z INFO  benchmark_client] Sending sample transaction 827
[2026-05-22T09:17:12.368Z INFO  benchmark_client] Sending sample transaction 828
[2026-05-22T09:17:12.414Z INFO  benchmark_client] Sending sample transaction 829
[2026-05-22T09:17:12.463Z INFO  benchmark_client] Sending sample transaction 830
[2026-05-22T09:17:12.513Z INFO  benchmark_client] Sending sample transaction 831
[2026-05-22T09:17:12.563Z INFO  benchmark_client] Sending sample transaction 832
[2026-05-22T09:17:12.611Z INFO  benchmark_client] Sending sample transaction 833
[2026-05-22T09:17:12.661Z INFO  benchmark_client] Sending sample transaction 834
[2026-05-22T09:17:12.712Z INFO  benchmark_client] Sending sample transaction 835
[2026-05-22T09:17:12.761Z INFO  benchmark_client] Sending sample transaction 836
[2026-05-22T09:17:12.811Z INFO  benchmark_client] Sending sample transaction 837
[2026-05-22T09:17:12.861Z INFO  benchmark_client] Sending sample transaction 838
[2026-05-22T09:17:12.911Z INFO  benchmark_client] Sending sample transaction 839
[2026-05-22T09:17:12.962Z INFO  benchmark_client] Sending sample transaction 840
[2026-05-22T09:17:13.012Z INFO  benchmark_client] Sending sample transaction 841
[2026-05-22T09:17:13.061Z INFO  benchmark_client] Sending sample transaction 842
[2026-05-22T09:17:13.111Z INFO  benchmark_client] Sending sample transaction 843
[2026-05-22T09:17:13.161Z INFO  benchmark_client] Sending sample transaction 844
[2026-05-22T09:17:13.211Z INFO  benchmark_client] Sending sample transaction 845
[2026-05-22T09:17:13.261Z INFO  benchmark_client] Sending sample transaction 846
[2026-05-22T09:17:13.311Z INFO  benchmark_client] Sending sample transaction 847
[2026-05-22T09:17:13.362Z INFO  benchmark_client] Sending sample transaction 848
[2026-05-22T09:17:13.413Z INFO  benchmark_client] Sending sample transaction 849
[2026-05-22T09:17:13.461Z INFO  benchmark_client] Sending sample transaction 850
[2026-05-22T09:17:13.512Z INFO  benchmark_client] Sending sample transaction 851
[2026-05-22T09:17:13.561Z INFO  benchmark_client] Sending sample transaction 852
[2026-05-22T09:17:13.611Z INFO  benchmark_client] Sending sample transaction 853
[2026-05-22T09:17:13.661Z INFO  benchmark_client] Sending sample transaction 854
[2026-05-22T09:17:13.717Z INFO  benchmark_client] Sending sample transaction 855
[2026-05-22T09:17:13.762Z INFO  benchmark_client] Sending sample transaction 856
[2026-05-22T09:17:13.811Z INFO  benchmark_client] Sending sample transaction 857
[2026-05-22T09:17:13.861Z INFO  benchmark_client] Sending sample transaction 858
[2026-05-22T09:17:13.914Z INFO  benchmark_client] Sending sample transaction 859
[2026-05-22T09:17:13.962Z INFO  benchmark_client] Sending sample transaction 860
[2026-05-22T09:17:14.017Z INFO  benchmark_client] Sending sample transaction 861
[2026-05-22T09:17:14.061Z INFO  benchmark_client] Sending sample transaction 862
[2026-05-22T09:17:14.113Z INFO  benchmark_client] Sending sample transaction 863
[2026-05-22T09:17:14.161Z INFO  benchmark_client] Sending sample transaction 864
[2026-05-22T09:17:14.211Z INFO  benchmark_client] Sending sample transaction 865
[2026-05-22T09:17:14.262Z INFO  benchmark_client] Sending sample transaction 866
[2026-05-22T09:17:14.311Z INFO  benchmark_client] Sending sample transaction 867
[2026-05-22T09:17:14.362Z INFO  benchmark_client] Sending sample transaction 868
[2026-05-22T09:17:14.412Z INFO  benchmark_client] Sending sample transaction 869
[2026-05-22T09:17:14.462Z INFO  benchmark_client] Sending sample transaction 870
[2026-05-22T09:17:14.512Z INFO  benchmark_client] Sending sample transaction 871
[2026-05-22T09:17:14.562Z INFO  benchmark_client] Sending sample transaction 872
[2026-05-22T09:17:14.611Z INFO  benchmark_client] Sending sample transaction 873
[2026-05-22T09:17:14.664Z INFO  benchmark_client] Sending sample transaction 874
[2026-05-22T09:17:14.713Z INFO  benchmark_client] Sending sample transaction 875
[2026-05-22T09:17:14.762Z INFO  benchmark_client] Sending sample transaction 876
[2026-05-22T09:17:14.811Z INFO  benchmark_client] Sending sample transaction 877
[2026-05-22T09:17:14.862Z INFO  benchmark_client] Sending sample transaction 878
[2026-05-22T09:17:14.915Z INFO  benchmark_client] Sending sample transaction 879
[2026-05-22T09:17:14.961Z INFO  benchmark_client] Sending sample transaction 880
[2026-05-22T09:17:15.011Z INFO  benchmark_client] Sending sample transaction 881
[2026-05-22T09:17:15.061Z INFO  benchmark_client] Sending sample transaction 882
[2026-05-22T09:17:15.114Z INFO  benchmark_client] Sending sample transaction 883
[2026-05-22T09:17:15.162Z INFO  benchmark_client] Sending sample transaction 884
[2026-05-22T09:17:15.212Z INFO  benchmark_client] Sending sample transaction 885
[2026-05-22T09:17:15.261Z INFO  benchmark_client] Sending sample transaction 886
[2026-05-22T09:17:15.311Z INFO  benchmark_client] Sending sample transaction 887
[2026-05-22T09:17:15.361Z INFO  benchmark_client] Sending sample transaction 888
[2026-05-22T09:17:15.411Z INFO  benchmark_client] Sending sample transaction 889
[2026-05-22T09:17:15.462Z INFO  benchmark_client] Sending sample transaction 890
[2026-05-22T09:17:15.512Z INFO  benchmark_client] Sending sample transaction 891
[2026-05-22T09:17:15.561Z INFO  benchmark_client] Sending sample transaction 892
[2026-05-22T09:17:15.612Z INFO  benchmark_client] Sending sample transaction 893
[2026-05-22T09:17:15.661Z INFO  benchmark_client] Sending sample transaction 894
[2026-05-22T09:17:15.711Z INFO  benchmark_client] Sending sample transaction 895
[2026-05-22T09:17:15.762Z INFO  benchmark_client] Sending sample transaction 896
