[2026-05-22T09:16:31.152Z INFO  benchmark_client] Node address: 130.211.86.32:5003
[2026-05-22T09:16:31.152Z INFO  benchmark_client] Transactions size: 512 B
[2026-05-22T09:16:31.152Z INFO  benchmark_client] Transactions rate: 16667 tx/s
[2026-05-22T09:16:31.152Z INFO  benchmark_client] Waiting for all nodes to be online...
[2026-05-22T09:16:31.448Z INFO  benchmark_client] Start sending transactions
[2026-05-22T09:16:31.450Z INFO  benchmark_client] Sending sample transaction 0
[2026-05-22T09:16:31.500Z INFO  benchmark_client] Sending sample transaction 1
[2026-05-22T09:16:31.550Z INFO  benchmark_client] Sending sample transaction 2
[2026-05-22T09:16:31.599Z INFO  benchmark_client] Sending sample transaction 3
[2026-05-22T09:16:31.650Z INFO  benchmark_client] Sending sample transaction 4
[2026-05-22T09:16:31.699Z INFO  benchmark_client] Sending sample transaction 5
[2026-05-22T09:16:31.750Z INFO  benchmark_client] Sending sample transaction 6
[2026-05-22T09:16:31.800Z INFO  benchmark_client] Sending sample transaction 7
[2026-05-22T09:16:31.850Z INFO  benchmark_client] Sending sample transaction 8
[2026-05-22T09:16:31.900Z INFO  benchmark_client] Sending sample transaction 9
[2026-05-22T09:16:31.950Z INFO  benchmark_client] Sending sample transaction 10
[2026-05-22T09:16:32.000Z INFO  benchmark_client] Sending sample transaction 11
[2026-05-22T09:16:32.050Z INFO  benchmark_client] Sending sample transaction 12
[2026-05-22T09:16:32.103Z INFO  benchmark_client] Sending sample transaction 13
[2026-05-22T09:16:32.150Z INFO  benchmark_client] Sending sample transaction 14
[2026-05-22T09:16:32.199Z INFO  benchmark_client] Sending sample transaction 15
[2026-05-22T09:16:32.250Z INFO  benchmark_client] Sending sample transaction 16
[2026-05-22T09:16:32.303Z INFO  benchmark_client] Sending sample transaction 17
[2026-05-22T09:16:32.351Z INFO  benchmark_client] Sending sample transaction 18
[2026-05-22T09:16:32.399Z INFO  benchmark_client] Sending sample transaction 19
[2026-05-22T09:16:32.453Z INFO  benchmark_client] Sending sample transaction 20
[2026-05-22T09:16:32.502Z INFO  benchmark_client] Sending sample transaction 21
[2026-05-22T09:16:32.551Z INFO  benchmark_client] Sending sample transaction 22
[2026-05-22T09:16:32.600Z INFO  benchmark_client] Sending sample transaction 23
[2026-05-22T09:16:32.649Z INFO  benchmark_client] Sending sample transaction 24
[2026-05-22T09:16:32.701Z INFO  benchmark_client] Sending sample transaction 25
[2026-05-22T09:16:32.749Z INFO  benchmark_client] Sending sample transaction 26
[2026-05-22T09:16:32.800Z INFO  benchmark_client] Sending sample transaction 27
[2026-05-22T09:16:32.851Z INFO  benchmark_client] Sending sample transaction 28
[2026-05-22T09:16:32.899Z INFO  benchmark_client] Sending sample transaction 29
[2026-05-22T09:16:32.950Z INFO  benchmark_client] Sending sample transaction 30
[2026-05-22T09:16:33.000Z INFO  benchmark_client] Sending sample transaction 31
[2026-05-22T09:16:33.050Z INFO  benchmark_client] Sending sample transaction 32
[2026-05-22T09:16:33.100Z INFO  benchmark_client] Sending sample transaction 33
[2026-05-22T09:16:33.150Z INFO  benchmark_client] Sending sample transaction 34
[2026-05-22T09:16:33.200Z INFO  benchmark_client] Sending sample transaction 35
[2026-05-22T09:16:33.249Z INFO  benchmark_client] Sending sample transaction 36
[2026-05-22T09:16:33.300Z INFO  benchmark_client] Sending sample transaction 37
[2026-05-22T09:16:33.350Z INFO  benchmark_client] Sending sample transaction 38
[2026-05-22T09:16:33.402Z INFO  benchmark_client] Sending sample transaction 39
[2026-05-22T09:16:33.449Z INFO  benchmark_client] Sending sample transaction 40
[2026-05-22T09:16:33.500Z INFO  benchmark_client] Sending sample transaction 41
[2026-05-22T09:16:33.550Z INFO  benchmark_client] Sending sample transaction 42
[2026-05-22T09:16:33.600Z INFO  benchmark_client] Sending sample transaction 43
[2026-05-22T09:16:33.650Z INFO  benchmark_client] Sending sample transaction 44
[2026-05-22T09:16:33.700Z INFO  benchmark_client] Sending sample transaction 45
[2026-05-22T09:16:33.749Z INFO  benchmark_client] Sending sample transaction 46
[2026-05-22T09:16:33.800Z INFO  benchmark_client] Sending sample transaction 47
[2026-05-22T09:16:33.850Z INFO  benchmark_client] Sending sample transaction 48
[2026-05-22T09:16:33.901Z INFO  benchmark_client] Sending sample transaction 49
[2026-05-22T09:16:33.953Z INFO  benchmark_client] Sending sample transaction 50
[2026-05-22T09:16:34.000Z INFO  benchmark_client] Sending sample transaction 51
[2026-05-22T09:16:34.050Z INFO  benchmark_client] Sending sample transaction 52
[2026-05-22T09:16:34.100Z INFO  benchmark_client] Sending sample transaction 53
[2026-05-22T09:16:34.150Z INFO  benchmark_client] Sending sample transaction 54
[2026-05-22T09:16:34.200Z INFO  benchmark_client] Sending sample transaction 55
[2026-05-22T09:16:34.252Z INFO  benchmark_client] Sending sample transaction 56
[2026-05-22T09:16:34.300Z INFO  benchmark_client] Sending sample transaction 57
[2026-05-22T09:16:34.350Z INFO  benchmark_client] Sending sample transaction 58
[2026-05-22T09:16:34.399Z INFO  benchmark_client] Sending sample transaction 59
[2026-05-22T09:16:34.450Z INFO  benchmark_client] Sending sample transaction 60
[2026-05-22T09:16:34.500Z INFO  benchmark_client] Sending sample transaction 61
[2026-05-22T09:16:34.551Z INFO  benchmark_client] Sending sample transaction 62
[2026-05-22T09:16:34.599Z INFO  benchmark_client] Sending sample transaction 63
[2026-05-22T09:16:34.649Z INFO  benchmark_client] Sending sample transaction 64
[2026-05-22T09:16:34.700Z INFO  benchmark_client] Sending sample transaction 65
[2026-05-22T09:16:34.750Z INFO  benchmark_client] Sending sample transaction 66
[2026-05-22T09:16:34.799Z INFO  benchmark_client] Sending sample transaction 67
[2026-05-22T09:16:34.850Z INFO  benchmark_client] Sending sample transaction 68
[2026-05-22T09:16:34.900Z INFO  benchmark_client] Sending sample transaction 69
[2026-05-22T09:16:34.950Z INFO  benchmark_client] Sending sample transaction 70
[2026-05-22T09:16:34.999Z INFO  benchmark_client] Sending sample transaction 71
[2026-05-22T09:16:35.052Z INFO  benchmark_client] Sending sample transaction 72
[2026-05-22T09:16:35.100Z INFO  benchmark_client] Sending sample transaction 73
[2026-05-22T09:16:35.152Z INFO  benchmark_client] Sending sample transaction 74
[2026-05-22T09:16:35.203Z INFO  benchmark_client] Sending sample transaction 75
[2026-05-22T09:16:35.250Z INFO  benchmark_client] Sending sample transaction 76
[2026-05-22T09:16:35.300Z INFO  benchmark_client] Sending sample transaction 77
[2026-05-22T09:16:35.349Z INFO  benchmark_client] Sending sample transaction 78
[2026-05-22T09:16:35.401Z INFO  benchmark_client] Sending sample transaction 79
[2026-05-22T09:16:35.450Z INFO  benchmark_client] Sending sample transaction 80
[2026-05-22T09:16:35.500Z INFO  benchmark_client] Sending sample transaction 81
[2026-05-22T09:16:35.550Z INFO  benchmark_client] Sending sample transaction 82
[2026-05-22T09:16:35.600Z INFO  benchmark_client] Sending sample transaction 83
[2026-05-22T09:16:35.650Z INFO  benchmark_client] Sending sample transaction 84
[2026-05-22T09:16:35.699Z INFO  benchmark_client] Sending sample transaction 85
[2026-05-22T09:16:35.750Z INFO  benchmark_client] Sending sample transaction 86
[2026-05-22T09:16:35.800Z INFO  benchmark_client] Sending sample transaction 87
[2026-05-22T09:16:35.852Z INFO  benchmark_client] Sending sample transaction 88
[2026-05-22T09:16:35.901Z INFO  benchmark_client] Sending sample transaction 89
[2026-05-22T09:16:35.950Z INFO  benchmark_client] Sending sample transaction 90
[2026-05-22T09:16:36.000Z INFO  benchmark_client] Sending sample transaction 91
[2026-05-22T09:16:36.050Z INFO  benchmark_client] Sending sample transaction 92
[2026-05-22T09:16:36.101Z INFO  benchmark_client] Sending sample transaction 93
[2026-05-22T09:16:36.150Z INFO  benchmark_client] Sending sample transaction 94
[2026-05-22T09:16:36.200Z INFO  benchmark_client] Sending sample transaction 95
[2026-05-22T09:16:36.250Z INFO  benchmark_client] Sending sample transaction 96
[2026-05-22T09:16:36.300Z INFO  benchmark_client] Sending sample transaction 97
[2026-05-22T09:16:36.352Z INFO  benchmark_client] Sending sample transaction 98
[2026-05-22T09:16:36.400Z INFO  benchmark_client] Sending sample transaction 99
[2026-05-22T09:16:36.450Z INFO  benchmark_client] Sending sample transaction 100
[2026-05-22T09:16:36.499Z INFO  benchmark_client] Sending sample transaction 101
[2026-05-22T09:16:36.550Z INFO  benchmark_client] Sending sample transaction 102
[2026-05-22T09:16:36.600Z INFO  benchmark_client] Sending sample transaction 103
[2026-05-22T09:16:36.651Z INFO  benchmark_client] Sending sample transaction 104
[2026-05-22T09:16:36.700Z INFO  benchmark_client] Sending sample transaction 105
[2026-05-22T09:16:36.750Z INFO  benchmark_client] Sending sample transaction 106
[2026-05-22T09:16:36.800Z INFO  benchmark_client] Sending sample transaction 107
[2026-05-22T09:16:36.851Z INFO  benchmark_client] Sending sample transaction 108
[2026-05-22T09:16:36.900Z INFO  benchmark_client] Sending sample transaction 109
[2026-05-22T09:16:36.950Z INFO  benchmark_client] Sending sample transaction 110
[2026-05-22T09:16:37.000Z INFO  benchmark_client] Sending sample transaction 111
[2026-05-22T09:16:37.050Z INFO  benchmark_client] Sending sample transaction 112
[2026-05-22T09:16:37.099Z INFO  benchmark_client] Sending sample transaction 113
[2026-05-22T09:16:37.150Z INFO  benchmark_client] Sending sample transaction 114
[2026-05-22T09:16:37.203Z INFO  benchmark_client] Sending sample transaction 115
[2026-05-22T09:16:37.250Z INFO  benchmark_client] Sending sample transaction 116
[2026-05-22T09:16:37.300Z INFO  benchmark_client] Sending sample transaction 117
[2026-05-22T09:16:37.350Z INFO  benchmark_client] Sending sample transaction 118
[2026-05-22T09:16:37.400Z INFO  benchmark_client] Sending sample transaction 119
[2026-05-22T09:16:37.451Z INFO  benchmark_client] Sending sample transaction 120
[2026-05-22T09:16:37.500Z INFO  benchmark_client] Sending sample transaction 121
[2026-05-22T09:16:37.553Z INFO  benchmark_client] Sending sample transaction 122
[2026-05-22T09:16:37.600Z INFO  benchmark_client] Sending sample transaction 123
[2026-05-22T09:16:37.650Z INFO  benchmark_client] Sending sample transaction 124
[2026-05-22T09:16:37.700Z INFO  benchmark_client] Sending sample transaction 125
[2026-05-22T09:16:37.750Z INFO  benchmark_client] Sending sample transaction 126
[2026-05-22T09:16:37.800Z INFO  benchmark_client] Sending sample transaction 127
[2026-05-22T09:16:37.850Z INFO  benchmark_client] Sending sample transaction 128
[2026-05-22T09:16:37.899Z INFO  benchmark_client] Sending sample transaction 129
[2026-05-22T09:16:37.950Z INFO  benchmark_client] Sending sample transaction 130
[2026-05-22T09:16:38.001Z INFO  benchmark_client] Sending sample transaction 131
[2026-05-22T09:16:38.050Z INFO  benchmark_client] Sending sample transaction 132
[2026-05-22T09:16:38.100Z INFO  benchmark_client] Sending sample transaction 133
[2026-05-22T09:16:38.150Z INFO  benchmark_client] Sending sample transaction 134
[2026-05-22T09:16:38.200Z INFO  benchmark_client] Sending sample transaction 135
[2026-05-22T09:16:38.251Z INFO  benchmark_client] Sending sample transaction 136
[2026-05-22T09:16:38.301Z INFO  benchmark_client] Sending sample transaction 137
[2026-05-22T09:16:38.351Z INFO  benchmark_client] Sending sample transaction 138
[2026-05-22T09:16:38.402Z INFO  benchmark_client] Sending sample transaction 139
[2026-05-22T09:16:38.450Z INFO  benchmark_client] Sending sample transaction 140
[2026-05-22T09:16:38.500Z INFO  benchmark_client] Sending sample transaction 141
[2026-05-22T09:16:38.551Z INFO  benchmark_client] Sending sample transaction 142
[2026-05-22T09:16:38.600Z INFO  benchmark_client] Sending sample transaction 143
[2026-05-22T09:16:38.650Z INFO  benchmark_client] Sending sample transaction 144
[2026-05-22T09:16:38.700Z INFO  benchmark_client] Sending sample transaction 145
[2026-05-22T09:16:38.750Z INFO  benchmark_client] Sending sample transaction 146
[2026-05-22T09:16:38.801Z INFO  benchmark_client] Sending sample transaction 147
[2026-05-22T09:16:38.850Z INFO  benchmark_client] Sending sample transaction 148
[2026-05-22T09:16:38.900Z INFO  benchmark_client] Sending sample transaction 149
[2026-05-22T09:16:38.952Z INFO  benchmark_client] Sending sample transaction 150
[2026-05-22T09:16:39.000Z INFO  benchmark_client] Sending sample transaction 151
[2026-05-22T09:16:39.051Z INFO  benchmark_client] Sending sample transaction 152
[2026-05-22T09:16:39.099Z INFO  benchmark_client] Sending sample transaction 153
[2026-05-22T09:16:39.151Z INFO  benchmark_client] Sending sample transaction 154
[2026-05-22T09:16:39.201Z INFO  benchmark_client] Sending sample transaction 155
[2026-05-22T09:16:39.250Z INFO  benchmark_client] Sending sample transaction 156
[2026-05-22T09:16:39.300Z INFO  benchmark_client] Sending sample transaction 157
[2026-05-22T09:16:39.350Z INFO  benchmark_client] Sending sample transaction 158
[2026-05-22T09:16:39.400Z INFO  benchmark_client] Sending sample transaction 159
[2026-05-22T09:16:39.450Z INFO  benchmark_client] Sending sample transaction 160
[2026-05-22T09:16:39.500Z INFO  benchmark_client] Sending sample transaction 161
[2026-05-22T09:16:39.550Z INFO  benchmark_client] Sending sample transaction 162
[2026-05-22T09:16:39.600Z INFO  benchmark_client] Sending sample transaction 163
[2026-05-22T09:16:39.650Z INFO  benchmark_client] Sending sample transaction 164
[2026-05-22T09:16:39.700Z INFO  benchmark_client] Sending sample transaction 165
[2026-05-22T09:16:39.750Z INFO  benchmark_client] Sending sample transaction 166
[2026-05-22T09:16:39.801Z INFO  benchmark_client] Sending sample transaction 167
[2026-05-22T09:16:39.850Z INFO  benchmark_client] Sending sample transaction 168
[2026-05-22T09:16:39.900Z INFO  benchmark_client] Sending sample transaction 169
[2026-05-22T09:16:39.951Z INFO  benchmark_client] Sending sample transaction 170
[2026-05-22T09:16:40.000Z INFO  benchmark_client] Sending sample transaction 171
[2026-05-22T09:16:40.050Z INFO  benchmark_client] Sending sample transaction 172
[2026-05-22T09:16:40.100Z INFO  benchmark_client] Sending sample transaction 173
[2026-05-22T09:16:40.150Z INFO  benchmark_client] Sending sample transaction 174
[2026-05-22T09:16:40.200Z INFO  benchmark_client] Sending sample transaction 175
[2026-05-22T09:16:40.250Z INFO  benchmark_client] Sending sample transaction 176
[2026-05-22T09:16:40.300Z INFO  benchmark_client] Sending sample transaction 177
[2026-05-22T09:16:40.350Z INFO  benchmark_client] Sending sample transaction 178
[2026-05-22T09:16:40.400Z INFO  benchmark_client] Sending sample transaction 179
[2026-05-22T09:16:40.450Z INFO  benchmark_client] Sending sample transaction 180
[2026-05-22T09:16:40.500Z INFO  benchmark_client] Sending sample transaction 181
[2026-05-22T09:16:40.550Z INFO  benchmark_client] Sending sample transaction 182
[2026-05-22T09:16:40.600Z INFO  benchmark_client] Sending sample transaction 183
[2026-05-22T09:16:40.650Z INFO  benchmark_client] Sending sample transaction 184
[2026-05-22T09:16:40.700Z INFO  benchmark_client] Sending sample transaction 185
[2026-05-22T09:16:40.750Z INFO  benchmark_client] Sending sample transaction 186
[2026-05-22T09:16:40.801Z INFO  benchmark_client] Sending sample transaction 187
[2026-05-22T09:16:40.850Z INFO  benchmark_client] Sending sample transaction 188
[2026-05-22T09:16:40.902Z INFO  benchmark_client] Sending sample transaction 189
[2026-05-22T09:16:40.950Z INFO  benchmark_client] Sending sample transaction 190
[2026-05-22T09:16:41.000Z INFO  benchmark_client] Sending sample transaction 191
[2026-05-22T09:16:41.050Z INFO  benchmark_client] Sending sample transaction 192
[2026-05-22T09:16:41.100Z INFO  benchmark_client] Sending sample transaction 193
[2026-05-22T09:16:41.149Z INFO  benchmark_client] Sending sample transaction 194
[2026-05-22T09:16:41.200Z INFO  benchmark_client] Sending sample transaction 195
[2026-05-22T09:16:41.251Z INFO  benchmark_client] Sending sample transaction 196
[2026-05-22T09:16:41.300Z INFO  benchmark_client] Sending sample transaction 197
[2026-05-22T09:16:41.350Z INFO  benchmark_client] Sending sample transaction 198
[2026-05-22T09:16:41.400Z INFO  benchmark_client] Sending sample transaction 199
[2026-05-22T09:16:41.449Z INFO  benchmark_client] Sending sample transaction 200
[2026-05-22T09:16:41.502Z INFO  benchmark_client] Sending sample transaction 201
[2026-05-22T09:16:41.550Z INFO  benchmark_client] Sending sample transaction 202
[2026-05-22T09:16:41.600Z INFO  benchmark_client] Sending sample transaction 203
[2026-05-22T09:16:41.650Z INFO  benchmark_client] Sending sample transaction 204
[2026-05-22T09:16:41.700Z INFO  benchmark_client] Sending sample transaction 205
[2026-05-22T09:16:41.751Z INFO  benchmark_client] Sending sample transaction 206
[2026-05-22T09:16:41.801Z INFO  benchmark_client] Sending sample transaction 207
[2026-05-22T09:16:41.850Z INFO  benchmark_client] Sending sample transaction 208
[2026-05-22T09:16:41.901Z INFO  benchmark_client] Sending sample transaction 209
[2026-05-22T09:16:41.950Z INFO  benchmark_client] Sending sample transaction 210
[2026-05-22T09:16:42.000Z INFO  benchmark_client] Sending sample transaction 211
[2026-05-22T09:16:42.050Z INFO  benchmark_client] Sending sample transaction 212
[2026-05-22T09:16:42.100Z INFO  benchmark_client] Sending sample transaction 213
[2026-05-22T09:16:42.151Z INFO  benchmark_client] Sending sample transaction 214
[2026-05-22T09:16:42.200Z INFO  benchmark_client] Sending sample transaction 215
[2026-05-22T09:16:42.250Z INFO  benchmark_client] Sending sample transaction 216
[2026-05-22T09:16:42.301Z INFO  benchmark_client] Sending sample transaction 217
[2026-05-22T09:16:42.350Z INFO  benchmark_client] Sending sample transaction 218
[2026-05-22T09:16:42.403Z INFO  benchmark_client] Sending sample transaction 219
[2026-05-22T09:16:42.452Z INFO  benchmark_client] Sending sample transaction 220
[2026-05-22T09:16:42.500Z INFO  benchmark_client] Sending sample transaction 221
[2026-05-22T09:16:42.550Z INFO  benchmark_client] Sending sample transaction 222
[2026-05-22T09:16:42.601Z INFO  benchmark_client] Sending sample transaction 223
[2026-05-22T09:16:42.653Z INFO  benchmark_client] Sending sample transaction 224
[2026-05-22T09:16:42.703Z INFO  benchmark_client] Sending sample transaction 225
[2026-05-22T09:16:42.752Z INFO  benchmark_client] Sending sample transaction 226
[2026-05-22T09:16:42.801Z INFO  benchmark_client] Sending sample transaction 227
[2026-05-22T09:16:42.852Z INFO  benchmark_client] Sending sample transaction 228
[2026-05-22T09:16:42.900Z INFO  benchmark_client] Sending sample transaction 229
[2026-05-22T09:16:42.951Z INFO  benchmark_client] Sending sample transaction 230
[2026-05-22T09:16:43.000Z INFO  benchmark_client] Sending sample transaction 231
[2026-05-22T09:16:43.050Z INFO  benchmark_client] Sending sample transaction 232
[2026-05-22T09:16:43.100Z INFO  benchmark_client] Sending sample transaction 233
[2026-05-22T09:16:43.150Z INFO  benchmark_client] Sending sample transaction 234
[2026-05-22T09:16:43.201Z INFO  benchmark_client] Sending sample transaction 235
[2026-05-22T09:16:43.250Z INFO  benchmark_client] Sending sample transaction 236
[2026-05-22T09:16:43.300Z INFO  benchmark_client] Sending sample transaction 237
[2026-05-22T09:16:43.351Z INFO  benchmark_client] Sending sample transaction 238
[2026-05-22T09:16:43.400Z INFO  benchmark_client] Sending sample transaction 239
[2026-05-22T09:16:43.451Z INFO  benchmark_client] Sending sample transaction 240
[2026-05-22T09:16:43.500Z INFO  benchmark_client] Sending sample transaction 241
[2026-05-22T09:16:43.550Z INFO  benchmark_client] Sending sample transaction 242
[2026-05-22T09:16:43.600Z INFO  benchmark_client] Sending sample transaction 243
[2026-05-22T09:16:43.652Z INFO  benchmark_client] Sending sample transaction 244
[2026-05-22T09:16:43.700Z INFO  benchmark_client] Sending sample transaction 245
[2026-05-22T09:16:43.750Z INFO  benchmark_client] Sending sample transaction 246
[2026-05-22T09:16:43.800Z INFO  benchmark_client] Sending sample transaction 247
[2026-05-22T09:16:43.851Z INFO  benchmark_client] Sending sample transaction 248
[2026-05-22T09:16:43.901Z INFO  benchmark_client] Sending sample transaction 249
[2026-05-22T09:16:43.950Z INFO  benchmark_client] Sending sample transaction 250
[2026-05-22T09:16:44.000Z INFO  benchmark_client] Sending sample transaction 251
[2026-05-22T09:16:44.051Z INFO  benchmark_client] Sending sample transaction 252
[2026-05-22T09:16:44.100Z INFO  benchmark_client] Sending sample transaction 253
[2026-05-22T09:16:44.150Z INFO  benchmark_client] Sending sample transaction 254
[2026-05-22T09:16:44.200Z INFO  benchmark_client] Sending sample transaction 255
[2026-05-22T09:16:44.251Z INFO  benchmark_client] Sending sample transaction 256
[2026-05-22T09:16:44.300Z INFO  benchmark_client] Sending sample transaction 257
[2026-05-22T09:16:44.351Z INFO  benchmark_client] Sending sample transaction 258
[2026-05-22T09:16:44.400Z INFO  benchmark_client] Sending sample transaction 259
[2026-05-22T09:16:44.450Z INFO  benchmark_client] Sending sample transaction 260
[2026-05-22T09:16:44.501Z INFO  benchmark_client] Sending sample transaction 261
[2026-05-22T09:16:44.552Z INFO  benchmark_client] Sending sample transaction 262
[2026-05-22T09:16:44.600Z INFO  benchmark_client] Sending sample transaction 263
[2026-05-22T09:16:44.650Z INFO  benchmark_client] Sending sample transaction 264
[2026-05-22T09:16:44.700Z INFO  benchmark_client] Sending sample transaction 265
[2026-05-22T09:16:44.750Z INFO  benchmark_client] Sending sample transaction 266
[2026-05-22T09:16:44.801Z INFO  benchmark_client] Sending sample transaction 267
[2026-05-22T09:16:44.850Z INFO  benchmark_client] Sending sample transaction 268
[2026-05-22T09:16:44.901Z INFO  benchmark_client] Sending sample transaction 269
[2026-05-22T09:16:44.950Z INFO  benchmark_client] Sending sample transaction 270
[2026-05-22T09:16:45.001Z INFO  benchmark_client] Sending sample transaction 271
[2026-05-22T09:16:45.051Z INFO  benchmark_client] Sending sample transaction 272
[2026-05-22T09:16:45.100Z INFO  benchmark_client] Sending sample transaction 273
[2026-05-22T09:16:45.150Z INFO  benchmark_client] Sending sample transaction 274
[2026-05-22T09:16:45.201Z INFO  benchmark_client] Sending sample transaction 275
[2026-05-22T09:16:45.251Z INFO  benchmark_client] Sending sample transaction 276
[2026-05-22T09:16:45.302Z INFO  benchmark_client] Sending sample transaction 277
[2026-05-22T09:16:45.353Z INFO  benchmark_client] Sending sample transaction 278
[2026-05-22T09:16:45.400Z INFO  benchmark_client] Sending sample transaction 279
[2026-05-22T09:16:45.452Z INFO  benchmark_client] Sending sample transaction 280
[2026-05-22T09:16:45.502Z INFO  benchmark_client] Sending sample transaction 281
[2026-05-22T09:16:45.551Z INFO  benchmark_client] Sending sample transaction 282
[2026-05-22T09:16:45.601Z INFO  benchmark_client] Sending sample transaction 283
[2026-05-22T09:16:45.651Z INFO  benchmark_client] Sending sample transaction 284
[2026-05-22T09:16:45.701Z INFO  benchmark_client] Sending sample transaction 285
[2026-05-22T09:16:45.752Z INFO  benchmark_client] Sending sample transaction 286
[2026-05-22T09:16:45.802Z INFO  benchmark_client] Sending sample transaction 287
[2026-05-22T09:16:45.851Z INFO  benchmark_client] Sending sample transaction 288
[2026-05-22T09:16:45.901Z INFO  benchmark_client] Sending sample transaction 289
[2026-05-22T09:16:45.951Z INFO  benchmark_client] Sending sample transaction 290
[2026-05-22T09:16:46.000Z INFO  benchmark_client] Sending sample transaction 291
[2026-05-22T09:16:46.051Z INFO  benchmark_client] Sending sample transaction 292
[2026-05-22T09:16:46.100Z INFO  benchmark_client] Sending sample transaction 293
[2026-05-22T09:16:46.151Z INFO  benchmark_client] Sending sample transaction 294
[2026-05-22T09:16:46.201Z INFO  benchmark_client] Sending sample transaction 295
[2026-05-22T09:16:46.252Z INFO  benchmark_client] Sending sample transaction 296
[2026-05-22T09:16:46.301Z INFO  benchmark_client] Sending sample transaction 297
[2026-05-22T09:16:46.351Z INFO  benchmark_client] Sending sample transaction 298
[2026-05-22T09:16:46.402Z INFO  benchmark_client] Sending sample transaction 299
[2026-05-22T09:16:46.450Z INFO  benchmark_client] Sending sample transaction 300
[2026-05-22T09:16:46.501Z INFO  benchmark_client] Sending sample transaction 301
[2026-05-22T09:16:46.552Z INFO  benchmark_client] Sending sample transaction 302
[2026-05-22T09:16:46.601Z INFO  benchmark_client] Sending sample transaction 303
[2026-05-22T09:16:46.651Z INFO  benchmark_client] Sending sample transaction 304
[2026-05-22T09:16:46.701Z INFO  benchmark_client] Sending sample transaction 305
[2026-05-22T09:16:46.752Z INFO  benchmark_client] Sending sample transaction 306
[2026-05-22T09:16:46.801Z INFO  benchmark_client] Sending sample transaction 307
[2026-05-22T09:16:46.850Z INFO  benchmark_client] Sending sample transaction 308
[2026-05-22T09:16:46.905Z INFO  benchmark_client] Sending sample transaction 309
[2026-05-22T09:16:46.951Z INFO  benchmark_client] Sending sample transaction 310
[2026-05-22T09:16:47.002Z INFO  benchmark_client] Sending sample transaction 311
[2026-05-22T09:16:47.050Z INFO  benchmark_client] Sending sample transaction 312
[2026-05-22T09:16:47.100Z INFO  benchmark_client] Sending sample transaction 313
[2026-05-22T09:16:47.151Z INFO  benchmark_client] Sending sample transaction 314
[2026-05-22T09:16:47.200Z INFO  benchmark_client] Sending sample transaction 315
[2026-05-22T09:16:47.250Z INFO  benchmark_client] Sending sample transaction 316
[2026-05-22T09:16:47.301Z INFO  benchmark_client] Sending sample transaction 317
[2026-05-22T09:16:47.351Z INFO  benchmark_client] Sending sample transaction 318
[2026-05-22T09:16:47.401Z INFO  benchmark_client] Sending sample transaction 319
[2026-05-22T09:16:47.450Z INFO  benchmark_client] Sending sample transaction 320
[2026-05-22T09:16:47.501Z INFO  benchmark_client] Sending sample transaction 321
[2026-05-22T09:16:47.551Z INFO  benchmark_client] Sending sample transaction 322
[2026-05-22T09:16:47.601Z INFO  benchmark_client] Sending sample transaction 323
[2026-05-22T09:16:47.650Z INFO  benchmark_client] Sending sample transaction 324
[2026-05-22T09:16:47.700Z INFO  benchmark_client] Sending sample transaction 325
[2026-05-22T09:16:47.751Z INFO  benchmark_client] Sending sample transaction 326
[2026-05-22T09:16:47.800Z INFO  benchmark_client] Sending sample transaction 327
[2026-05-22T09:16:47.852Z INFO  benchmark_client] Sending sample transaction 328
[2026-05-22T09:16:47.901Z INFO  benchmark_client] Sending sample transaction 329
[2026-05-22T09:16:47.951Z INFO  benchmark_client] Sending sample transaction 330
[2026-05-22T09:16:48.001Z INFO  benchmark_client] Sending sample transaction 331
[2026-05-22T09:16:48.050Z INFO  benchmark_client] Sending sample transaction 332
[2026-05-22T09:16:48.100Z INFO  benchmark_client] Sending sample transaction 333
[2026-05-22T09:16:48.151Z INFO  benchmark_client] Sending sample transaction 334
[2026-05-22T09:16:48.200Z INFO  benchmark_client] Sending sample transaction 335
[2026-05-22T09:16:48.252Z INFO  benchmark_client] Sending sample transaction 336
[2026-05-22T09:16:48.301Z INFO  benchmark_client] Sending sample transaction 337
[2026-05-22T09:16:48.351Z INFO  benchmark_client] Sending sample transaction 338
[2026-05-22T09:16:48.401Z INFO  benchmark_client] Sending sample transaction 339
[2026-05-22T09:16:48.451Z INFO  benchmark_client] Sending sample transaction 340
[2026-05-22T09:16:48.500Z INFO  benchmark_client] Sending sample transaction 341
[2026-05-22T09:16:48.550Z INFO  benchmark_client] Sending sample transaction 342
[2026-05-22T09:16:48.601Z INFO  benchmark_client] Sending sample transaction 343
[2026-05-22T09:16:48.652Z INFO  benchmark_client] Sending sample transaction 344
[2026-05-22T09:16:48.701Z INFO  benchmark_client] Sending sample transaction 345
[2026-05-22T09:16:48.751Z INFO  benchmark_client] Sending sample transaction 346
[2026-05-22T09:16:48.801Z INFO  benchmark_client] Sending sample transaction 347
[2026-05-22T09:16:48.850Z INFO  benchmark_client] Sending sample transaction 348
[2026-05-22T09:16:48.901Z INFO  benchmark_client] Sending sample transaction 349
[2026-05-22T09:16:48.951Z INFO  benchmark_client] Sending sample transaction 350
[2026-05-22T09:16:49.001Z INFO  benchmark_client] Sending sample transaction 351
[2026-05-22T09:16:49.051Z INFO  benchmark_client] Sending sample transaction 352
[2026-05-22T09:16:49.101Z INFO  benchmark_client] Sending sample transaction 353
[2026-05-22T09:16:49.153Z INFO  benchmark_client] Sending sample transaction 354
[2026-05-22T09:16:49.201Z INFO  benchmark_client] Sending sample transaction 355
[2026-05-22T09:16:49.252Z INFO  benchmark_client] Sending sample transaction 356
[2026-05-22T09:16:49.301Z INFO  benchmark_client] Sending sample transaction 357
[2026-05-22T09:16:49.352Z INFO  benchmark_client] Sending sample transaction 358
[2026-05-22T09:16:49.400Z INFO  benchmark_client] Sending sample transaction 359
[2026-05-22T09:16:49.451Z INFO  benchmark_client] Sending sample transaction 360
[2026-05-22T09:16:49.502Z INFO  benchmark_client] Sending sample transaction 361
[2026-05-22T09:16:49.551Z INFO  benchmark_client] Sending sample transaction 362
[2026-05-22T09:16:49.601Z INFO  benchmark_client] Sending sample transaction 363
[2026-05-22T09:16:49.650Z INFO  benchmark_client] Sending sample transaction 364
[2026-05-22T09:16:49.701Z INFO  benchmark_client] Sending sample transaction 365
[2026-05-22T09:16:49.751Z INFO  benchmark_client] Sending sample transaction 366
[2026-05-22T09:16:49.801Z INFO  benchmark_client] Sending sample transaction 367
[2026-05-22T09:16:49.854Z INFO  benchmark_client] Sending sample transaction 368
[2026-05-22T09:16:49.901Z INFO  benchmark_client] Sending sample transaction 369
[2026-05-22T09:16:49.952Z INFO  benchmark_client] Sending sample transaction 370
[2026-05-22T09:16:50.003Z INFO  benchmark_client] Sending sample transaction 371
[2026-05-22T09:16:50.051Z INFO  benchmark_client] Sending sample transaction 372
[2026-05-22T09:16:50.103Z INFO  benchmark_client] Sending sample transaction 373
[2026-05-22T09:16:50.151Z INFO  benchmark_client] Sending sample transaction 374
[2026-05-22T09:16:50.200Z INFO  benchmark_client] Sending sample transaction 375
[2026-05-22T09:16:50.251Z INFO  benchmark_client] Sending sample transaction 376
[2026-05-22T09:16:50.300Z INFO  benchmark_client] Sending sample transaction 377
[2026-05-22T09:16:50.353Z INFO  benchmark_client] Sending sample transaction 378
[2026-05-22T09:16:50.400Z INFO  benchmark_client] Sending sample transaction 379
[2026-05-22T09:16:50.451Z INFO  benchmark_client] Sending sample transaction 380
[2026-05-22T09:16:50.501Z INFO  benchmark_client] Sending sample transaction 381
[2026-05-22T09:16:50.551Z INFO  benchmark_client] Sending sample transaction 382
[2026-05-22T09:16:50.600Z INFO  benchmark_client] Sending sample transaction 383
[2026-05-22T09:16:50.651Z INFO  benchmark_client] Sending sample transaction 384
[2026-05-22T09:16:50.701Z INFO  benchmark_client] Sending sample transaction 385
[2026-05-22T09:16:50.750Z INFO  benchmark_client] Sending sample transaction 386
[2026-05-22T09:16:50.801Z INFO  benchmark_client] Sending sample transaction 387
[2026-05-22T09:16:50.851Z INFO  benchmark_client] Sending sample transaction 388
[2026-05-22T09:16:50.900Z INFO  benchmark_client] Sending sample transaction 389
[2026-05-22T09:16:50.951Z INFO  benchmark_client] Sending sample transaction 390
[2026-05-22T09:16:51.001Z INFO  benchmark_client] Sending sample transaction 391
[2026-05-22T09:16:51.050Z INFO  benchmark_client] Sending sample transaction 392
[2026-05-22T09:16:51.100Z INFO  benchmark_client] Sending sample transaction 393
[2026-05-22T09:16:51.151Z INFO  benchmark_client] Sending sample transaction 394
[2026-05-22T09:16:51.201Z INFO  benchmark_client] Sending sample transaction 395
[2026-05-22T09:16:51.251Z INFO  benchmark_client] Sending sample transaction 396
[2026-05-22T09:16:51.301Z INFO  benchmark_client] Sending sample transaction 397
[2026-05-22T09:16:51.352Z INFO  benchmark_client] Sending sample transaction 398
[2026-05-22T09:16:51.400Z INFO  benchmark_client] Sending sample transaction 399
[2026-05-22T09:16:51.450Z INFO  benchmark_client] Sending sample transaction 400
[2026-05-22T09:16:51.500Z INFO  benchmark_client] Sending sample transaction 401
[2026-05-22T09:16:51.551Z INFO  benchmark_client] Sending sample transaction 402
[2026-05-22T09:16:51.601Z INFO  benchmark_client] Sending sample transaction 403
[2026-05-22T09:16:51.650Z INFO  benchmark_client] Sending sample transaction 404
[2026-05-22T09:16:51.701Z INFO  benchmark_client] Sending sample transaction 405
[2026-05-22T09:16:51.750Z INFO  benchmark_client] Sending sample transaction 406
[2026-05-22T09:16:51.801Z INFO  benchmark_client] Sending sample transaction 407
[2026-05-22T09:16:51.850Z INFO  benchmark_client] Sending sample transaction 408
[2026-05-22T09:16:51.901Z INFO  benchmark_client] Sending sample transaction 409
[2026-05-22T09:16:51.952Z INFO  benchmark_client] Sending sample transaction 410
[2026-05-22T09:16:52.001Z INFO  benchmark_client] Sending sample transaction 411
[2026-05-22T09:16:52.050Z INFO  benchmark_client] Sending sample transaction 412
[2026-05-22T09:16:52.101Z INFO  benchmark_client] Sending sample transaction 413
[2026-05-22T09:16:52.150Z INFO  benchmark_client] Sending sample transaction 414
[2026-05-22T09:16:52.201Z INFO  benchmark_client] Sending sample transaction 415
[2026-05-22T09:16:52.253Z INFO  benchmark_client] Sending sample transaction 416
[2026-05-22T09:16:52.301Z INFO  benchmark_client] Sending sample transaction 417
[2026-05-22T09:16:52.351Z INFO  benchmark_client] Sending sample transaction 418
[2026-05-22T09:16:52.401Z INFO  benchmark_client] Sending sample transaction 419
[2026-05-22T09:16:52.451Z INFO  benchmark_client] Sending sample transaction 420
[2026-05-22T09:16:52.501Z INFO  benchmark_client] Sending sample transaction 421
[2026-05-22T09:16:52.550Z INFO  benchmark_client] Sending sample transaction 422
[2026-05-22T09:16:52.603Z INFO  benchmark_client] Sending sample transaction 423
[2026-05-22T09:16:52.651Z INFO  benchmark_client] Sending sample transaction 424
[2026-05-22T09:16:52.703Z INFO  benchmark_client] Sending sample transaction 425
[2026-05-22T09:16:52.751Z INFO  benchmark_client] Sending sample transaction 426
[2026-05-22T09:16:52.803Z INFO  benchmark_client] Sending sample transaction 427
[2026-05-22T09:16:52.851Z INFO  benchmark_client] Sending sample transaction 428
[2026-05-22T09:16:52.901Z INFO  benchmark_client] Sending sample transaction 429
[2026-05-22T09:16:52.953Z INFO  benchmark_client] Sending sample transaction 430
[2026-05-22T09:16:53.001Z INFO  benchmark_client] Sending sample transaction 431
[2026-05-22T09:16:53.053Z INFO  benchmark_client] Sending sample transaction 432
[2026-05-22T09:16:53.101Z INFO  benchmark_client] Sending sample transaction 433
[2026-05-22T09:16:53.151Z INFO  benchmark_client] Sending sample transaction 434
[2026-05-22T09:16:53.202Z INFO  benchmark_client] Sending sample transaction 435
[2026-05-22T09:16:53.251Z INFO  benchmark_client] Sending sample transaction 436
[2026-05-22T09:16:53.300Z INFO  benchmark_client] Sending sample transaction 437
[2026-05-22T09:16:53.351Z INFO  benchmark_client] Sending sample transaction 438
[2026-05-22T09:16:53.401Z INFO  benchmark_client] Sending sample transaction 439
[2026-05-22T09:16:53.450Z INFO  benchmark_client] Sending sample transaction 440
[2026-05-22T09:16:53.501Z INFO  benchmark_client] Sending sample transaction 441
[2026-05-22T09:16:53.551Z INFO  benchmark_client] Sending sample transaction 442
[2026-05-22T09:16:53.602Z INFO  benchmark_client] Sending sample transaction 443
[2026-05-22T09:16:53.651Z INFO  benchmark_client] Sending sample transaction 444
[2026-05-22T09:16:53.703Z INFO  benchmark_client] Sending sample transaction 445
[2026-05-22T09:16:53.751Z INFO  benchmark_client] Sending sample transaction 446
[2026-05-22T09:16:53.802Z INFO  benchmark_client] Sending sample transaction 447
[2026-05-22T09:16:53.851Z INFO  benchmark_client] Sending sample transaction 448
[2026-05-22T09:16:53.901Z INFO  benchmark_client] Sending sample transaction 449
[2026-05-22T09:16:53.953Z INFO  benchmark_client] Sending sample transaction 450
[2026-05-22T09:16:54.001Z INFO  benchmark_client] Sending sample transaction 451
[2026-05-22T09:16:54.052Z INFO  benchmark_client] Sending sample transaction 452
[2026-05-22T09:16:54.101Z INFO  benchmark_client] Sending sample transaction 453
[2026-05-22T09:16:54.150Z INFO  benchmark_client] Sending sample transaction 454
[2026-05-22T09:16:54.201Z INFO  benchmark_client] Sending sample transaction 455
[2026-05-22T09:16:54.251Z INFO  benchmark_client] Sending sample transaction 456
[2026-05-22T09:16:54.301Z INFO  benchmark_client] Sending sample transaction 457
[2026-05-22T09:16:54.352Z INFO  benchmark_client] Sending sample transaction 458
[2026-05-22T09:16:54.401Z INFO  benchmark_client] Sending sample transaction 459
[2026-05-22T09:16:54.452Z INFO  benchmark_client] Sending sample transaction 460
[2026-05-22T09:16:54.501Z INFO  benchmark_client] Sending sample transaction 461
[2026-05-22T09:16:54.551Z INFO  benchmark_client] Sending sample transaction 462
[2026-05-22T09:16:54.601Z INFO  benchmark_client] Sending sample transaction 463
[2026-05-22T09:16:54.651Z INFO  benchmark_client] Sending sample transaction 464
[2026-05-22T09:16:54.702Z INFO  benchmark_client] Sending sample transaction 465
[2026-05-22T09:16:54.751Z INFO  benchmark_client] Sending sample transaction 466
[2026-05-22T09:16:54.800Z INFO  benchmark_client] Sending sample transaction 467
[2026-05-22T09:16:54.851Z INFO  benchmark_client] Sending sample transaction 468
[2026-05-22T09:16:54.901Z INFO  benchmark_client] Sending sample transaction 469
[2026-05-22T09:16:54.951Z INFO  benchmark_client] Sending sample transaction 470
[2026-05-22T09:16:55.000Z INFO  benchmark_client] Sending sample transaction 471
[2026-05-22T09:16:55.051Z INFO  benchmark_client] Sending sample transaction 472
[2026-05-22T09:16:55.100Z INFO  benchmark_client] Sending sample transaction 473
[2026-05-22T09:16:55.151Z INFO  benchmark_client] Sending sample transaction 474
[2026-05-22T09:16:55.200Z INFO  benchmark_client] Sending sample transaction 475
[2026-05-22T09:16:55.250Z INFO  benchmark_client] Sending sample transaction 476
[2026-05-22T09:16:55.301Z INFO  benchmark_client] Sending sample transaction 477
[2026-05-22T09:16:55.351Z INFO  benchmark_client] Sending sample transaction 478
[2026-05-22T09:16:55.400Z INFO  benchmark_client] Sending sample transaction 479
[2026-05-22T09:16:55.451Z INFO  benchmark_client] Sending sample transaction 480
[2026-05-22T09:16:55.503Z INFO  benchmark_client] Sending sample transaction 481
[2026-05-22T09:16:55.552Z INFO  benchmark_client] Sending sample transaction 482
[2026-05-22T09:16:55.601Z INFO  benchmark_client] Sending sample transaction 483
[2026-05-22T09:16:55.652Z INFO  benchmark_client] Sending sample transaction 484
[2026-05-22T09:16:55.702Z INFO  benchmark_client] Sending sample transaction 485
[2026-05-22T09:16:55.751Z INFO  benchmark_client] Sending sample transaction 486
[2026-05-22T09:16:55.801Z INFO  benchmark_client] Sending sample transaction 487
[2026-05-22T09:16:55.852Z INFO  benchmark_client] Sending sample transaction 488
[2026-05-22T09:16:55.901Z INFO  benchmark_client] Sending sample transaction 489
[2026-05-22T09:16:55.951Z INFO  benchmark_client] Sending sample transaction 490
[2026-05-22T09:16:56.000Z INFO  benchmark_client] Sending sample transaction 491
[2026-05-22T09:16:56.052Z INFO  benchmark_client] Sending sample transaction 492
[2026-05-22T09:16:56.101Z INFO  benchmark_client] Sending sample transaction 493
[2026-05-22T09:16:56.152Z INFO  benchmark_client] Sending sample transaction 494
[2026-05-22T09:16:56.201Z INFO  benchmark_client] Sending sample transaction 495
[2026-05-22T09:16:56.253Z INFO  benchmark_client] Sending sample transaction 496
[2026-05-22T09:16:56.305Z INFO  benchmark_client] Sending sample transaction 497
[2026-05-22T09:16:56.351Z INFO  benchmark_client] Sending sample transaction 498
[2026-05-22T09:16:56.401Z INFO  benchmark_client] Sending sample transaction 499
[2026-05-22T09:16:56.450Z INFO  benchmark_client] Sending sample transaction 500
[2026-05-22T09:16:56.504Z INFO  benchmark_client] Sending sample transaction 501
[2026-05-22T09:16:56.551Z INFO  benchmark_client] Sending sample transaction 502
[2026-05-22T09:16:56.601Z INFO  benchmark_client] Sending sample transaction 503
[2026-05-22T09:16:56.654Z INFO  benchmark_client] Sending sample transaction 504
[2026-05-22T09:16:56.703Z INFO  benchmark_client] Sending sample transaction 505
[2026-05-22T09:16:56.751Z INFO  benchmark_client] Sending sample transaction 506
[2026-05-22T09:16:56.801Z INFO  benchmark_client] Sending sample transaction 507
[2026-05-22T09:16:56.852Z INFO  benchmark_client] Sending sample transaction 508
[2026-05-22T09:16:56.901Z INFO  benchmark_client] Sending sample transaction 509
[2026-05-22T09:16:56.951Z INFO  benchmark_client] Sending sample transaction 510
[2026-05-22T09:16:57.000Z INFO  benchmark_client] Sending sample transaction 511
[2026-05-22T09:16:57.051Z INFO  benchmark_client] Sending sample transaction 512
[2026-05-22T09:16:57.101Z INFO  benchmark_client] Sending sample transaction 513
[2026-05-22T09:16:57.153Z INFO  benchmark_client] Sending sample transaction 514
[2026-05-22T09:16:57.203Z INFO  benchmark_client] Sending sample transaction 515
[2026-05-22T09:16:57.253Z INFO  benchmark_client] Sending sample transaction 516
[2026-05-22T09:16:57.301Z INFO  benchmark_client] Sending sample transaction 517
[2026-05-22T09:16:57.351Z INFO  benchmark_client] Sending sample transaction 518
[2026-05-22T09:16:57.402Z INFO  benchmark_client] Sending sample transaction 519
[2026-05-22T09:16:57.454Z INFO  benchmark_client] Sending sample transaction 520
[2026-05-22T09:16:57.502Z INFO  benchmark_client] Sending sample transaction 521
[2026-05-22T09:16:57.552Z INFO  benchmark_client] Sending sample transaction 522
[2026-05-22T09:16:57.603Z INFO  benchmark_client] Sending sample transaction 523
[2026-05-22T09:16:57.650Z INFO  benchmark_client] Sending sample transaction 524
[2026-05-22T09:16:57.703Z INFO  benchmark_client] Sending sample transaction 525
[2026-05-22T09:16:57.751Z INFO  benchmark_client] Sending sample transaction 526
[2026-05-22T09:16:57.805Z INFO  benchmark_client] Sending sample transaction 527
[2026-05-22T09:16:57.850Z INFO  benchmark_client] Sending sample transaction 528
[2026-05-22T09:16:57.901Z INFO  benchmark_client] Sending sample transaction 529
[2026-05-22T09:16:57.952Z INFO  benchmark_client] Sending sample transaction 530
[2026-05-22T09:16:58.001Z INFO  benchmark_client] Sending sample transaction 531
[2026-05-22T09:16:58.054Z INFO  benchmark_client] Sending sample transaction 532
[2026-05-22T09:16:58.101Z INFO  benchmark_client] Sending sample transaction 533
[2026-05-22T09:16:58.151Z INFO  benchmark_client] Sending sample transaction 534
[2026-05-22T09:16:58.201Z INFO  benchmark_client] Sending sample transaction 535
[2026-05-22T09:16:58.252Z INFO  benchmark_client] Sending sample transaction 536
[2026-05-22T09:16:58.301Z INFO  benchmark_client] Sending sample transaction 537
[2026-05-22T09:16:58.353Z INFO  benchmark_client] Sending sample transaction 538
[2026-05-22T09:16:58.401Z INFO  benchmark_client] Sending sample transaction 539
[2026-05-22T09:16:58.453Z INFO  benchmark_client] Sending sample transaction 540
[2026-05-22T09:16:58.501Z INFO  benchmark_client] Sending sample transaction 541
[2026-05-22T09:16:58.551Z INFO  benchmark_client] Sending sample transaction 542
[2026-05-22T09:16:58.605Z INFO  benchmark_client] Sending sample transaction 543
[2026-05-22T09:16:58.651Z INFO  benchmark_client] Sending sample transaction 544
[2026-05-22T09:16:58.701Z INFO  benchmark_client] Sending sample transaction 545
[2026-05-22T09:16:58.750Z INFO  benchmark_client] Sending sample transaction 546
[2026-05-22T09:16:58.800Z INFO  benchmark_client] Sending sample transaction 547
[2026-05-22T09:16:58.850Z INFO  benchmark_client] Sending sample transaction 548
[2026-05-22T09:16:58.900Z INFO  benchmark_client] Sending sample transaction 549
[2026-05-22T09:16:58.951Z INFO  benchmark_client] Sending sample transaction 550
[2026-05-22T09:16:59.001Z INFO  benchmark_client] Sending sample transaction 551
[2026-05-22T09:16:59.050Z INFO  benchmark_client] Sending sample transaction 552
[2026-05-22T09:16:59.101Z INFO  benchmark_client] Sending sample transaction 553
[2026-05-22T09:16:59.151Z INFO  benchmark_client] Sending sample transaction 554
[2026-05-22T09:16:59.201Z INFO  benchmark_client] Sending sample transaction 555
[2026-05-22T09:16:59.251Z INFO  benchmark_client] Sending sample transaction 556
[2026-05-22T09:16:59.300Z INFO  benchmark_client] Sending sample transaction 557
[2026-05-22T09:16:59.352Z INFO  benchmark_client] Sending sample transaction 558
[2026-05-22T09:16:59.400Z INFO  benchmark_client] Sending sample transaction 559
[2026-05-22T09:16:59.452Z INFO  benchmark_client] Sending sample transaction 560
[2026-05-22T09:16:59.501Z INFO  benchmark_client] Sending sample transaction 561
[2026-05-22T09:16:59.551Z INFO  benchmark_client] Sending sample transaction 562
[2026-05-22T09:16:59.600Z INFO  benchmark_client] Sending sample transaction 563
[2026-05-22T09:16:59.651Z INFO  benchmark_client] Sending sample transaction 564
[2026-05-22T09:16:59.701Z INFO  benchmark_client] Sending sample transaction 565
[2026-05-22T09:16:59.752Z INFO  benchmark_client] Sending sample transaction 566
[2026-05-22T09:16:59.802Z INFO  benchmark_client] Sending sample transaction 567
[2026-05-22T09:16:59.851Z INFO  benchmark_client] Sending sample transaction 568
[2026-05-22T09:16:59.901Z INFO  benchmark_client] Sending sample transaction 569
[2026-05-22T09:16:59.950Z INFO  benchmark_client] Sending sample transaction 570
[2026-05-22T09:17:00.001Z INFO  benchmark_client] Sending sample transaction 571
[2026-05-22T09:17:00.050Z INFO  benchmark_client] Sending sample transaction 572
[2026-05-22T09:17:00.103Z INFO  benchmark_client] Sending sample transaction 573
[2026-05-22T09:17:00.151Z INFO  benchmark_client] Sending sample transaction 574
[2026-05-22T09:17:00.202Z INFO  benchmark_client] Sending sample transaction 575
[2026-05-22T09:17:00.252Z INFO  benchmark_client] Sending sample transaction 576
[2026-05-22T09:17:00.301Z INFO  benchmark_client] Sending sample transaction 577
[2026-05-22T09:17:00.351Z INFO  benchmark_client] Sending sample transaction 578
[2026-05-22T09:17:00.401Z INFO  benchmark_client] Sending sample transaction 579
[2026-05-22T09:17:00.452Z INFO  benchmark_client] Sending sample transaction 580
[2026-05-22T09:17:00.500Z INFO  benchmark_client] Sending sample transaction 581
[2026-05-22T09:17:00.552Z INFO  benchmark_client] Sending sample transaction 582
[2026-05-22T09:17:00.601Z INFO  benchmark_client] Sending sample transaction 583
[2026-05-22T09:17:00.651Z INFO  benchmark_client] Sending sample transaction 584
[2026-05-22T09:17:00.701Z INFO  benchmark_client] Sending sample transaction 585
[2026-05-22T09:17:00.751Z INFO  benchmark_client] Sending sample transaction 586
[2026-05-22T09:17:00.804Z INFO  benchmark_client] Sending sample transaction 587
[2026-05-22T09:17:00.851Z INFO  benchmark_client] Sending sample transaction 588
[2026-05-22T09:17:00.900Z INFO  benchmark_client] Sending sample transaction 589
[2026-05-22T09:17:00.951Z INFO  benchmark_client] Sending sample transaction 590
[2026-05-22T09:17:01.001Z INFO  benchmark_client] Sending sample transaction 591
[2026-05-22T09:17:01.052Z INFO  benchmark_client] Sending sample transaction 592
[2026-05-22T09:17:01.101Z INFO  benchmark_client] Sending sample transaction 593
[2026-05-22T09:17:01.151Z INFO  benchmark_client] Sending sample transaction 594
[2026-05-22T09:17:01.200Z INFO  benchmark_client] Sending sample transaction 595
[2026-05-22T09:17:01.251Z INFO  benchmark_client] Sending sample transaction 596
[2026-05-22T09:17:01.301Z INFO  benchmark_client] Sending sample transaction 597
[2026-05-22T09:17:01.352Z INFO  benchmark_client] Sending sample transaction 598
[2026-05-22T09:17:01.400Z INFO  benchmark_client] Sending sample transaction 599
[2026-05-22T09:17:01.451Z INFO  benchmark_client] Sending sample transaction 600
[2026-05-22T09:17:01.503Z INFO  benchmark_client] Sending sample transaction 601
[2026-05-22T09:17:01.551Z INFO  benchmark_client] Sending sample transaction 602
[2026-05-22T09:17:01.602Z INFO  benchmark_client] Sending sample transaction 603
[2026-05-22T09:17:01.651Z INFO  benchmark_client] Sending sample transaction 604
[2026-05-22T09:17:01.701Z INFO  benchmark_client] Sending sample transaction 605
[2026-05-22T09:17:01.750Z INFO  benchmark_client] Sending sample transaction 606
[2026-05-22T09:17:01.801Z INFO  benchmark_client] Sending sample transaction 607
[2026-05-22T09:17:01.851Z INFO  benchmark_client] Sending sample transaction 608
[2026-05-22T09:17:01.903Z INFO  benchmark_client] Sending sample transaction 609
[2026-05-22T09:17:01.951Z INFO  benchmark_client] Sending sample transaction 610
[2026-05-22T09:17:02.000Z INFO  benchmark_client] Sending sample transaction 611
[2026-05-22T09:17:02.051Z INFO  benchmark_client] Sending sample transaction 612
[2026-05-22T09:17:02.100Z INFO  benchmark_client] Sending sample transaction 613
[2026-05-22T09:17:02.151Z INFO  benchmark_client] Sending sample transaction 614
[2026-05-22T09:17:02.202Z INFO  benchmark_client] Sending sample transaction 615
[2026-05-22T09:17:02.251Z INFO  benchmark_client] Sending sample transaction 616
[2026-05-22T09:17:02.301Z INFO  benchmark_client] Sending sample transaction 617
[2026-05-22T09:17:02.351Z INFO  benchmark_client] Sending sample transaction 618
[2026-05-22T09:17:02.402Z INFO  benchmark_client] Sending sample transaction 619
[2026-05-22T09:17:02.451Z INFO  benchmark_client] Sending sample transaction 620
[2026-05-22T09:17:02.503Z INFO  benchmark_client] Sending sample transaction 621
[2026-05-22T09:17:02.550Z INFO  benchmark_client] Sending sample transaction 622
[2026-05-22T09:17:02.600Z INFO  benchmark_client] Sending sample transaction 623
[2026-05-22T09:17:02.651Z INFO  benchmark_client] Sending sample transaction 624
[2026-05-22T09:17:02.702Z INFO  benchmark_client] Sending sample transaction 625
[2026-05-22T09:17:02.752Z INFO  benchmark_client] Sending sample transaction 626
[2026-05-22T09:17:02.800Z INFO  benchmark_client] Sending sample transaction 627
[2026-05-22T09:17:02.850Z INFO  benchmark_client] Sending sample transaction 628
[2026-05-22T09:17:02.901Z INFO  benchmark_client] Sending sample transaction 629
[2026-05-22T09:17:02.951Z INFO  benchmark_client] Sending sample transaction 630
[2026-05-22T09:17:03.001Z INFO  benchmark_client] Sending sample transaction 631
[2026-05-22T09:17:03.051Z INFO  benchmark_client] Sending sample transaction 632
[2026-05-22T09:17:03.103Z INFO  benchmark_client] Sending sample transaction 633
[2026-05-22T09:17:03.151Z INFO  benchmark_client] Sending sample transaction 634
[2026-05-22T09:17:03.200Z INFO  benchmark_client] Sending sample transaction 635
[2026-05-22T09:17:03.251Z INFO  benchmark_client] Sending sample transaction 636
[2026-05-22T09:17:03.302Z INFO  benchmark_client] Sending sample transaction 637
[2026-05-22T09:17:03.353Z INFO  benchmark_client] Sending sample transaction 638
[2026-05-22T09:17:03.401Z INFO  benchmark_client] Sending sample transaction 639
[2026-05-22T09:17:03.450Z INFO  benchmark_client] Sending sample transaction 640
[2026-05-22T09:17:03.504Z INFO  benchmark_client] Sending sample transaction 641
[2026-05-22T09:17:03.550Z INFO  benchmark_client] Sending sample transaction 642
[2026-05-22T09:17:03.601Z INFO  benchmark_client] Sending sample transaction 643
[2026-05-22T09:17:03.651Z INFO  benchmark_client] Sending sample transaction 644
[2026-05-22T09:17:03.700Z INFO  benchmark_client] Sending sample transaction 645
[2026-05-22T09:17:03.751Z INFO  benchmark_client] Sending sample transaction 646
[2026-05-22T09:17:03.802Z INFO  benchmark_client] Sending sample transaction 647
[2026-05-22T09:17:03.853Z INFO  benchmark_client] Sending sample transaction 648
[2026-05-22T09:17:03.902Z INFO  benchmark_client] Sending sample transaction 649
[2026-05-22T09:17:03.951Z INFO  benchmark_client] Sending sample transaction 650
[2026-05-22T09:17:04.002Z INFO  benchmark_client] Sending sample transaction 651
[2026-05-22T09:17:04.050Z INFO  benchmark_client] Sending sample transaction 652
[2026-05-22T09:17:04.105Z INFO  benchmark_client] Sending sample transaction 653
[2026-05-22T09:17:04.156Z INFO  benchmark_client] Sending sample transaction 654
[2026-05-22T09:17:04.201Z INFO  benchmark_client] Sending sample transaction 655
[2026-05-22T09:17:04.250Z INFO  benchmark_client] Sending sample transaction 656
[2026-05-22T09:17:04.301Z INFO  benchmark_client] Sending sample transaction 657
[2026-05-22T09:17:04.351Z INFO  benchmark_client] Sending sample transaction 658
[2026-05-22T09:17:04.402Z INFO  benchmark_client] Sending sample transaction 659
[2026-05-22T09:17:04.452Z INFO  benchmark_client] Sending sample transaction 660
[2026-05-22T09:17:04.501Z INFO  benchmark_client] Sending sample transaction 661
[2026-05-22T09:17:04.553Z INFO  benchmark_client] Sending sample transaction 662
[2026-05-22T09:17:04.602Z INFO  benchmark_client] Sending sample transaction 663
[2026-05-22T09:17:04.651Z INFO  benchmark_client] Sending sample transaction 664
[2026-05-22T09:17:04.702Z INFO  benchmark_client] Sending sample transaction 665
[2026-05-22T09:17:04.754Z INFO  benchmark_client] Sending sample transaction 666
[2026-05-22T09:17:04.801Z INFO  benchmark_client] Sending sample transaction 667
[2026-05-22T09:17:04.852Z INFO  benchmark_client] Sending sample transaction 668
[2026-05-22T09:17:04.901Z INFO  benchmark_client] Sending sample transaction 669
[2026-05-22T09:17:04.951Z INFO  benchmark_client] Sending sample transaction 670
[2026-05-22T09:17:05.006Z INFO  benchmark_client] Sending sample transaction 671
[2026-05-22T09:17:05.050Z INFO  benchmark_client] Sending sample transaction 672
[2026-05-22T09:17:05.102Z INFO  benchmark_client] Sending sample transaction 673
[2026-05-22T09:17:05.152Z INFO  benchmark_client] Sending sample transaction 674
[2026-05-22T09:17:05.201Z INFO  benchmark_client] Sending sample transaction 675
[2026-05-22T09:17:05.250Z INFO  benchmark_client] Sending sample transaction 676
[2026-05-22T09:17:05.301Z INFO  benchmark_client] Sending sample transaction 677
[2026-05-22T09:17:05.353Z INFO  benchmark_client] Sending sample transaction 678
[2026-05-22T09:17:05.403Z INFO  benchmark_client] Sending sample transaction 679
[2026-05-22T09:17:05.451Z INFO  benchmark_client] Sending sample transaction 680
[2026-05-22T09:17:05.501Z INFO  benchmark_client] Sending sample transaction 681
[2026-05-22T09:17:05.552Z INFO  benchmark_client] Sending sample transaction 682
[2026-05-22T09:17:05.601Z INFO  benchmark_client] Sending sample transaction 683
[2026-05-22T09:17:05.651Z INFO  benchmark_client] Sending sample transaction 684
[2026-05-22T09:17:05.701Z INFO  benchmark_client] Sending sample transaction 685
[2026-05-22T09:17:05.751Z INFO  benchmark_client] Sending sample transaction 686
[2026-05-22T09:17:05.802Z INFO  benchmark_client] Sending sample transaction 687
[2026-05-22T09:17:05.852Z INFO  benchmark_client] Sending sample transaction 688
[2026-05-22T09:17:05.901Z INFO  benchmark_client] Sending sample transaction 689
[2026-05-22T09:17:05.951Z INFO  benchmark_client] Sending sample transaction 690
[2026-05-22T09:17:06.003Z INFO  benchmark_client] Sending sample transaction 691
[2026-05-22T09:17:06.054Z INFO  benchmark_client] Sending sample transaction 692
[2026-05-22T09:17:06.101Z INFO  benchmark_client] Sending sample transaction 693
[2026-05-22T09:17:06.151Z INFO  benchmark_client] Sending sample transaction 694
[2026-05-22T09:17:06.201Z INFO  benchmark_client] Sending sample transaction 695
[2026-05-22T09:17:06.251Z INFO  benchmark_client] Sending sample transaction 696
[2026-05-22T09:17:06.303Z INFO  benchmark_client] Sending sample transaction 697
[2026-05-22T09:17:06.351Z INFO  benchmark_client] Sending sample transaction 698
[2026-05-22T09:17:06.406Z INFO  benchmark_client] Sending sample transaction 699
[2026-05-22T09:17:06.451Z INFO  benchmark_client] Sending sample transaction 700
[2026-05-22T09:17:06.503Z INFO  benchmark_client] Sending sample transaction 701
[2026-05-22T09:17:06.552Z INFO  benchmark_client] Sending sample transaction 702
[2026-05-22T09:17:06.601Z INFO  benchmark_client] Sending sample transaction 703
[2026-05-22T09:17:06.651Z INFO  benchmark_client] Sending sample transaction 704
[2026-05-22T09:17:06.701Z INFO  benchmark_client] Sending sample transaction 705
[2026-05-22T09:17:06.753Z INFO  benchmark_client] Sending sample transaction 706
[2026-05-22T09:17:06.801Z INFO  benchmark_client] Sending sample transaction 707
[2026-05-22T09:17:06.852Z INFO  benchmark_client] Sending sample transaction 708
[2026-05-22T09:17:06.901Z INFO  benchmark_client] Sending sample transaction 709
[2026-05-22T09:17:06.951Z INFO  benchmark_client] Sending sample transaction 710
[2026-05-22T09:17:07.001Z INFO  benchmark_client] Sending sample transaction 711
[2026-05-22T09:17:07.051Z INFO  benchmark_client] Sending sample transaction 712
[2026-05-22T09:17:07.102Z INFO  benchmark_client] Sending sample transaction 713
[2026-05-22T09:17:07.151Z INFO  benchmark_client] Sending sample transaction 714
[2026-05-22T09:17:07.202Z INFO  benchmark_client] Sending sample transaction 715
[2026-05-22T09:17:07.253Z INFO  benchmark_client] Sending sample transaction 716
[2026-05-22T09:17:07.301Z INFO  benchmark_client] Sending sample transaction 717
[2026-05-22T09:17:07.352Z INFO  benchmark_client] Sending sample transaction 718
[2026-05-22T09:17:07.403Z INFO  benchmark_client] Sending sample transaction 719
[2026-05-22T09:17:07.451Z INFO  benchmark_client] Sending sample transaction 720
[2026-05-22T09:17:07.502Z INFO  benchmark_client] Sending sample transaction 721
[2026-05-22T09:17:07.554Z INFO  benchmark_client] Sending sample transaction 722
[2026-05-22T09:17:07.601Z INFO  benchmark_client] Sending sample transaction 723
[2026-05-22T09:17:07.653Z INFO  benchmark_client] Sending sample transaction 724
[2026-05-22T09:17:07.701Z INFO  benchmark_client] Sending sample transaction 725
[2026-05-22T09:17:07.752Z INFO  benchmark_client] Sending sample transaction 726
[2026-05-22T09:17:07.802Z INFO  benchmark_client] Sending sample transaction 727
[2026-05-22T09:17:07.852Z INFO  benchmark_client] Sending sample transaction 728
[2026-05-22T09:17:07.907Z INFO  benchmark_client] Sending sample transaction 729
[2026-05-22T09:17:07.953Z INFO  benchmark_client] Sending sample transaction 730
[2026-05-22T09:17:08.001Z INFO  benchmark_client] Sending sample transaction 731
[2026-05-22T09:17:08.052Z INFO  benchmark_client] Sending sample transaction 732
[2026-05-22T09:17:08.103Z INFO  benchmark_client] Sending sample transaction 733
[2026-05-22T09:17:08.151Z INFO  benchmark_client] Sending sample transaction 734
[2026-05-22T09:17:08.201Z INFO  benchmark_client] Sending sample transaction 735
[2026-05-22T09:17:08.251Z INFO  benchmark_client] Sending sample transaction 736
[2026-05-22T09:17:08.301Z INFO  benchmark_client] Sending sample transaction 737
[2026-05-22T09:17:08.352Z INFO  benchmark_client] Sending sample transaction 738
[2026-05-22T09:17:08.405Z INFO  benchmark_client] Sending sample transaction 739
[2026-05-22T09:17:08.451Z INFO  benchmark_client] Sending sample transaction 740
[2026-05-22T09:17:08.501Z INFO  benchmark_client] Sending sample transaction 741
[2026-05-22T09:17:08.551Z INFO  benchmark_client] Sending sample transaction 742
[2026-05-22T09:17:08.601Z INFO  benchmark_client] Sending sample transaction 743
[2026-05-22T09:17:08.651Z INFO  benchmark_client] Sending sample transaction 744
[2026-05-22T09:17:08.701Z INFO  benchmark_client] Sending sample transaction 745
[2026-05-22T09:17:08.751Z INFO  benchmark_client] Sending sample transaction 746
[2026-05-22T09:17:08.801Z INFO  benchmark_client] Sending sample transaction 747
[2026-05-22T09:17:08.851Z INFO  benchmark_client] Sending sample transaction 748
[2026-05-22T09:17:08.901Z INFO  benchmark_client] Sending sample transaction 749
[2026-05-22T09:17:08.952Z INFO  benchmark_client] Sending sample transaction 750
[2026-05-22T09:17:09.001Z INFO  benchmark_client] Sending sample transaction 751
[2026-05-22T09:17:09.051Z INFO  benchmark_client] Sending sample transaction 752
[2026-05-22T09:17:09.103Z INFO  benchmark_client] Sending sample transaction 753
[2026-05-22T09:17:09.153Z INFO  benchmark_client] Sending sample transaction 754
[2026-05-22T09:17:09.201Z INFO  benchmark_client] Sending sample transaction 755
[2026-05-22T09:17:09.253Z INFO  benchmark_client] Sending sample transaction 756
[2026-05-22T09:17:09.300Z INFO  benchmark_client] Sending sample transaction 757
[2026-05-22T09:17:09.353Z INFO  benchmark_client] Sending sample transaction 758
[2026-05-22T09:17:09.402Z INFO  benchmark_client] Sending sample transaction 759
[2026-05-22T09:17:09.451Z INFO  benchmark_client] Sending sample transaction 760
[2026-05-22T09:17:09.501Z INFO  benchmark_client] Sending sample transaction 761
[2026-05-22T09:17:09.552Z INFO  benchmark_client] Sending sample transaction 762
[2026-05-22T09:17:09.601Z INFO  benchmark_client] Sending sample transaction 763
[2026-05-22T09:17:09.651Z INFO  benchmark_client] Sending sample transaction 764
[2026-05-22T09:17:09.702Z INFO  benchmark_client] Sending sample transaction 765
[2026-05-22T09:17:09.751Z INFO  benchmark_client] Sending sample transaction 766
[2026-05-22T09:17:09.800Z INFO  benchmark_client] Sending sample transaction 767
[2026-05-22T09:17:09.853Z INFO  benchmark_client] Sending sample transaction 768
[2026-05-22T09:17:09.902Z INFO  benchmark_client] Sending sample transaction 769
[2026-05-22T09:17:09.954Z INFO  benchmark_client] Sending sample transaction 770
[2026-05-22T09:17:10.001Z INFO  benchmark_client] Sending sample transaction 771
[2026-05-22T09:17:10.051Z INFO  benchmark_client] Sending sample transaction 772
[2026-05-22T09:17:10.101Z INFO  benchmark_client] Sending sample transaction 773
[2026-05-22T09:17:10.152Z INFO  benchmark_client] Sending sample transaction 774
[2026-05-22T09:17:10.201Z INFO  benchmark_client] Sending sample transaction 775
[2026-05-22T09:17:10.251Z INFO  benchmark_client] Sending sample transaction 776
[2026-05-22T09:17:10.301Z INFO  benchmark_client] Sending sample transaction 777
[2026-05-22T09:17:10.353Z INFO  benchmark_client] Sending sample transaction 778
[2026-05-22T09:17:10.402Z INFO  benchmark_client] Sending sample transaction 779
[2026-05-22T09:17:10.452Z INFO  benchmark_client] Sending sample transaction 780
[2026-05-22T09:17:10.501Z INFO  benchmark_client] Sending sample transaction 781
[2026-05-22T09:17:10.554Z INFO  benchmark_client] Sending sample transaction 782
[2026-05-22T09:17:10.602Z INFO  benchmark_client] Sending sample transaction 783
[2026-05-22T09:17:10.653Z INFO  benchmark_client] Sending sample transaction 784
[2026-05-22T09:17:10.704Z INFO  benchmark_client] Sending sample transaction 785
[2026-05-22T09:17:10.753Z INFO  benchmark_client] Sending sample transaction 786
[2026-05-22T09:17:10.805Z INFO  benchmark_client] Sending sample transaction 787
[2026-05-22T09:17:10.851Z INFO  benchmark_client] Sending sample transaction 788
[2026-05-22T09:17:10.901Z INFO  benchmark_client] Sending sample transaction 789
[2026-05-22T09:17:10.953Z INFO  benchmark_client] Sending sample transaction 790
[2026-05-22T09:17:11.003Z INFO  benchmark_client] Sending sample transaction 791
[2026-05-22T09:17:11.053Z INFO  benchmark_client] Sending sample transaction 792
[2026-05-22T09:17:11.106Z INFO  benchmark_client] Sending sample transaction 793
[2026-05-22T09:17:11.152Z INFO  benchmark_client] Sending sample transaction 794
[2026-05-22T09:17:11.202Z INFO  benchmark_client] Sending sample transaction 795
[2026-05-22T09:17:11.251Z INFO  benchmark_client] Sending sample transaction 796
[2026-05-22T09:17:11.301Z INFO  benchmark_client] Sending sample transaction 797
[2026-05-22T09:17:11.352Z INFO  benchmark_client] Sending sample transaction 798
[2026-05-22T09:17:11.401Z INFO  benchmark_client] Sending sample transaction 799
[2026-05-22T09:17:11.451Z INFO  benchmark_client] Sending sample transaction 800
[2026-05-22T09:17:11.504Z INFO  benchmark_client] Sending sample transaction 801
[2026-05-22T09:17:11.551Z INFO  benchmark_client] Sending sample transaction 802
[2026-05-22T09:17:11.601Z INFO  benchmark_client] Sending sample transaction 803
[2026-05-22T09:17:11.651Z INFO  benchmark_client] Sending sample transaction 804
[2026-05-22T09:17:11.702Z INFO  benchmark_client] Sending sample transaction 805
[2026-05-22T09:17:11.753Z INFO  benchmark_client] Sending sample transaction 806
[2026-05-22T09:17:11.801Z INFO  benchmark_client] Sending sample transaction 807
[2026-05-22T09:17:11.852Z INFO  benchmark_client] Sending sample transaction 808
[2026-05-22T09:17:11.900Z INFO  benchmark_client] Sending sample transaction 809
[2026-05-22T09:17:11.950Z INFO  benchmark_client] Sending sample transaction 810
[2026-05-22T09:17:12.003Z INFO  benchmark_client] Sending sample transaction 811
[2026-05-22T09:17:12.052Z INFO  benchmark_client] Sending sample transaction 812
[2026-05-22T09:17:12.102Z INFO  benchmark_client] Sending sample transaction 813
[2026-05-22T09:17:12.151Z INFO  benchmark_client] Sending sample transaction 814
[2026-05-22T09:17:12.202Z INFO  benchmark_client] Sending sample transaction 815
[2026-05-22T09:17:12.251Z INFO  benchmark_client] Sending sample transaction 816
[2026-05-22T09:17:12.301Z INFO  benchmark_client] Sending sample transaction 817
[2026-05-22T09:17:12.351Z INFO  benchmark_client] Sending sample transaction 818
[2026-05-22T09:17:12.401Z INFO  benchmark_client] Sending sample transaction 819
[2026-05-22T09:17:12.451Z INFO  benchmark_client] Sending sample transaction 820
[2026-05-22T09:17:12.502Z INFO  benchmark_client] Sending sample transaction 821
[2026-05-22T09:17:12.551Z INFO  benchmark_client] Sending sample transaction 822
[2026-05-22T09:17:12.601Z INFO  benchmark_client] Sending sample transaction 823
[2026-05-22T09:17:12.652Z INFO  benchmark_client] Sending sample transaction 824
[2026-05-22T09:17:12.703Z INFO  benchmark_client] Sending sample transaction 825
[2026-05-22T09:17:12.751Z INFO  benchmark_client] Sending sample transaction 826
[2026-05-22T09:17:12.802Z INFO  benchmark_client] Sending sample transaction 827
[2026-05-22T09:17:12.852Z INFO  benchmark_client] Sending sample transaction 828
[2026-05-22T09:17:12.901Z INFO  benchmark_client] Sending sample transaction 829
[2026-05-22T09:17:12.953Z INFO  benchmark_client] Sending sample transaction 830
[2026-05-22T09:17:13.002Z INFO  benchmark_client] Sending sample transaction 831
[2026-05-22T09:17:13.055Z INFO  benchmark_client] Sending sample transaction 832
[2026-05-22T09:17:13.103Z INFO  benchmark_client] Sending sample transaction 833
[2026-05-22T09:17:13.153Z INFO  benchmark_client] Sending sample transaction 834
[2026-05-22T09:17:13.200Z INFO  benchmark_client] Sending sample transaction 835
[2026-05-22T09:17:13.250Z INFO  benchmark_client] Sending sample transaction 836
[2026-05-22T09:17:13.300Z INFO  benchmark_client] Sending sample transaction 837
[2026-05-22T09:17:13.350Z INFO  benchmark_client] Sending sample transaction 838
[2026-05-22T09:17:13.400Z INFO  benchmark_client] Sending sample transaction 839
[2026-05-22T09:17:13.451Z INFO  benchmark_client] Sending sample transaction 840
[2026-05-22T09:17:13.500Z INFO  benchmark_client] Sending sample transaction 841
[2026-05-22T09:17:13.550Z INFO  benchmark_client] Sending sample transaction 842
[2026-05-22T09:17:13.600Z INFO  benchmark_client] Sending sample transaction 843
[2026-05-22T09:17:13.650Z INFO  benchmark_client] Sending sample transaction 844
[2026-05-22T09:17:13.700Z INFO  benchmark_client] Sending sample transaction 845
[2026-05-22T09:17:13.750Z INFO  benchmark_client] Sending sample transaction 846
[2026-05-22T09:17:13.800Z INFO  benchmark_client] Sending sample transaction 847
[2026-05-22T09:17:13.852Z INFO  benchmark_client] Sending sample transaction 848
[2026-05-22T09:17:13.900Z INFO  benchmark_client] Sending sample transaction 849
[2026-05-22T09:17:13.950Z INFO  benchmark_client] Sending sample transaction 850
[2026-05-22T09:17:13.999Z INFO  benchmark_client] Sending sample transaction 851
[2026-05-22T09:17:14.050Z INFO  benchmark_client] Sending sample transaction 852
[2026-05-22T09:17:14.102Z INFO  benchmark_client] Sending sample transaction 853
[2026-05-22T09:17:14.150Z INFO  benchmark_client] Sending sample transaction 854
[2026-05-22T09:17:14.202Z INFO  benchmark_client] Sending sample transaction 855
[2026-05-22T09:17:14.250Z INFO  benchmark_client] Sending sample transaction 856
[2026-05-22T09:17:14.300Z INFO  benchmark_client] Sending sample transaction 857
[2026-05-22T09:17:14.350Z INFO  benchmark_client] Sending sample transaction 858
[2026-05-22T09:17:14.402Z INFO  benchmark_client] Sending sample transaction 859
[2026-05-22T09:17:14.450Z INFO  benchmark_client] Sending sample transaction 860
[2026-05-22T09:17:14.502Z INFO  benchmark_client] Sending sample transaction 861
[2026-05-22T09:17:14.549Z INFO  benchmark_client] Sending sample transaction 862
[2026-05-22T09:17:14.600Z INFO  benchmark_client] Sending sample transaction 863
[2026-05-22T09:17:14.650Z INFO  benchmark_client] Sending sample transaction 864
[2026-05-22T09:17:14.700Z INFO  benchmark_client] Sending sample transaction 865
[2026-05-22T09:17:14.749Z INFO  benchmark_client] Sending sample transaction 866
[2026-05-22T09:17:14.800Z INFO  benchmark_client] Sending sample transaction 867
[2026-05-22T09:17:14.850Z INFO  benchmark_client] Sending sample transaction 868
[2026-05-22T09:17:14.900Z INFO  benchmark_client] Sending sample transaction 869
[2026-05-22T09:17:14.950Z INFO  benchmark_client] Sending sample transaction 870
[2026-05-22T09:17:15.001Z INFO  benchmark_client] Sending sample transaction 871
[2026-05-22T09:17:15.050Z INFO  benchmark_client] Sending sample transaction 872
[2026-05-22T09:17:15.100Z INFO  benchmark_client] Sending sample transaction 873
[2026-05-22T09:17:15.150Z INFO  benchmark_client] Sending sample transaction 874
[2026-05-22T09:17:15.200Z INFO  benchmark_client] Sending sample transaction 875
[2026-05-22T09:17:15.250Z INFO  benchmark_client] Sending sample transaction 876
[2026-05-22T09:17:15.300Z INFO  benchmark_client] Sending sample transaction 877
[2026-05-22T09:17:15.350Z INFO  benchmark_client] Sending sample transaction 878
[2026-05-22T09:17:15.400Z INFO  benchmark_client] Sending sample transaction 879
[2026-05-22T09:17:15.451Z INFO  benchmark_client] Sending sample transaction 880
[2026-05-22T09:17:15.500Z INFO  benchmark_client] Sending sample transaction 881
[2026-05-22T09:17:15.553Z INFO  benchmark_client] Sending sample transaction 882
[2026-05-22T09:17:15.599Z INFO  benchmark_client] Sending sample transaction 883
[2026-05-22T09:17:15.650Z INFO  benchmark_client] Sending sample transaction 884
[2026-05-22T09:17:15.700Z INFO  benchmark_client] Sending sample transaction 885
[2026-05-22T09:17:15.750Z INFO  benchmark_client] Sending sample transaction 886
[2026-05-22T09:17:15.800Z INFO  benchmark_client] Sending sample transaction 887
[2026-05-22T09:17:15.850Z INFO  benchmark_client] Sending sample transaction 888
[2026-05-22T09:17:15.900Z INFO  benchmark_client] Sending sample transaction 889
[2026-05-22T09:17:15.951Z INFO  benchmark_client] Sending sample transaction 890
[2026-05-22T09:17:16.000Z INFO  benchmark_client] Sending sample transaction 891
[2026-05-22T09:17:16.049Z INFO  benchmark_client] Sending sample transaction 892
[2026-05-22T09:17:16.099Z INFO  benchmark_client] Sending sample transaction 893
