[2026-05-22T09:16:29.626Z INFO  benchmark_client] Node address: 34.21.159.42:5023
[2026-05-22T09:16:29.626Z INFO  benchmark_client] Transactions size: 512 B
[2026-05-22T09:16:29.626Z INFO  benchmark_client] Transactions rate: 16667 tx/s
[2026-05-22T09:16:29.626Z INFO  benchmark_client] Waiting for all nodes to be online...
[2026-05-22T09:16:29.919Z INFO  benchmark_client] Start sending transactions
[2026-05-22T09:16:29.920Z INFO  benchmark_client] Sending sample transaction 0
[2026-05-22T09:16:29.971Z INFO  benchmark_client] Sending sample transaction 1
[2026-05-22T09:16:30.020Z INFO  benchmark_client] Sending sample transaction 2
[2026-05-22T09:16:30.070Z INFO  benchmark_client] Sending sample transaction 3
[2026-05-22T09:16:30.120Z INFO  benchmark_client] Sending sample transaction 4
[2026-05-22T09:16:30.170Z INFO  benchmark_client] Sending sample transaction 5
[2026-05-22T09:16:30.221Z INFO  benchmark_client] Sending sample transaction 6
[2026-05-22T09:16:30.271Z INFO  benchmark_client] Sending sample transaction 7
[2026-05-22T09:16:30.320Z INFO  benchmark_client] Sending sample transaction 8
[2026-05-22T09:16:30.370Z INFO  benchmark_client] Sending sample transaction 9
[2026-05-22T09:16:30.420Z INFO  benchmark_client] Sending sample transaction 10
[2026-05-22T09:16:30.470Z INFO  benchmark_client] Sending sample transaction 11
[2026-05-22T09:16:30.520Z INFO  benchmark_client] Sending sample transaction 12
[2026-05-22T09:16:30.571Z INFO  benchmark_client] Sending sample transaction 13
[2026-05-22T09:16:30.620Z INFO  benchmark_client] Sending sample transaction 14
[2026-05-22T09:16:30.670Z INFO  benchmark_client] Sending sample transaction 15
[2026-05-22T09:16:30.721Z INFO  benchmark_client] Sending sample transaction 16
[2026-05-22T09:16:30.770Z INFO  benchmark_client] Sending sample transaction 17
[2026-05-22T09:16:30.820Z INFO  benchmark_client] Sending sample transaction 18
[2026-05-22T09:16:30.870Z INFO  benchmark_client] Sending sample transaction 19
[2026-05-22T09:16:30.920Z INFO  benchmark_client] Sending sample transaction 20
[2026-05-22T09:16:30.970Z INFO  benchmark_client] Sending sample transaction 21
[2026-05-22T09:16:31.020Z INFO  benchmark_client] Sending sample transaction 22
[2026-05-22T09:16:31.071Z INFO  benchmark_client] Sending sample transaction 23
[2026-05-22T09:16:31.120Z INFO  benchmark_client] Sending sample transaction 24
[2026-05-22T09:16:31.170Z INFO  benchmark_client] Sending sample transaction 25
[2026-05-22T09:16:31.220Z INFO  benchmark_client] Sending sample transaction 26
[2026-05-22T09:16:31.270Z INFO  benchmark_client] Sending sample transaction 27
[2026-05-22T09:16:31.320Z INFO  benchmark_client] Sending sample transaction 28
[2026-05-22T09:16:31.370Z INFO  benchmark_client] Sending sample transaction 29
[2026-05-22T09:16:31.420Z INFO  benchmark_client] Sending sample transaction 30
[2026-05-22T09:16:31.470Z INFO  benchmark_client] Sending sample transaction 31
[2026-05-22T09:16:31.520Z INFO  benchmark_client] Sending sample transaction 32
[2026-05-22T09:16:31.570Z INFO  benchmark_client] Sending sample transaction 33
[2026-05-22T09:16:31.620Z INFO  benchmark_client] Sending sample transaction 34
[2026-05-22T09:16:31.670Z INFO  benchmark_client] Sending sample transaction 35
[2026-05-22T09:16:31.720Z INFO  benchmark_client] Sending sample transaction 36
[2026-05-22T09:16:31.770Z INFO  benchmark_client] Sending sample transaction 37
[2026-05-22T09:16:31.821Z INFO  benchmark_client] Sending sample transaction 38
[2026-05-22T09:16:31.870Z INFO  benchmark_client] Sending sample transaction 39
[2026-05-22T09:16:31.920Z INFO  benchmark_client] Sending sample transaction 40
[2026-05-22T09:16:31.970Z INFO  benchmark_client] Sending sample transaction 41
[2026-05-22T09:16:32.020Z INFO  benchmark_client] Sending sample transaction 42
[2026-05-22T09:16:32.071Z INFO  benchmark_client] Sending sample transaction 43
[2026-05-22T09:16:32.120Z INFO  benchmark_client] Sending sample transaction 44
[2026-05-22T09:16:32.170Z INFO  benchmark_client] Sending sample transaction 45
[2026-05-22T09:16:32.220Z INFO  benchmark_client] Sending sample transaction 46
[2026-05-22T09:16:32.271Z INFO  benchmark_client] Sending sample transaction 47
[2026-05-22T09:16:32.320Z INFO  benchmark_client] Sending sample transaction 48
[2026-05-22T09:16:32.370Z INFO  benchmark_client] Sending sample transaction 49
[2026-05-22T09:16:32.421Z INFO  benchmark_client] Sending sample transaction 50
[2026-05-22T09:16:32.470Z INFO  benchmark_client] Sending sample transaction 51
[2026-05-22T09:16:32.520Z INFO  benchmark_client] Sending sample transaction 52
[2026-05-22T09:16:32.570Z INFO  benchmark_client] Sending sample transaction 53
[2026-05-22T09:16:32.620Z INFO  benchmark_client] Sending sample transaction 54
[2026-05-22T09:16:32.670Z INFO  benchmark_client] Sending sample transaction 55
[2026-05-22T09:16:32.722Z INFO  benchmark_client] Sending sample transaction 56
[2026-05-22T09:16:32.770Z INFO  benchmark_client] Sending sample transaction 57
[2026-05-22T09:16:32.821Z INFO  benchmark_client] Sending sample transaction 58
[2026-05-22T09:16:32.870Z INFO  benchmark_client] Sending sample transaction 59
[2026-05-22T09:16:32.920Z INFO  benchmark_client] Sending sample transaction 60
[2026-05-22T09:16:32.970Z INFO  benchmark_client] Sending sample transaction 61
[2026-05-22T09:16:33.020Z INFO  benchmark_client] Sending sample transaction 62
[2026-05-22T09:16:33.070Z INFO  benchmark_client] Sending sample transaction 63
[2026-05-22T09:16:33.121Z INFO  benchmark_client] Sending sample transaction 64
[2026-05-22T09:16:33.170Z INFO  benchmark_client] Sending sample transaction 65
[2026-05-22T09:16:33.220Z INFO  benchmark_client] Sending sample transaction 66
[2026-05-22T09:16:33.270Z INFO  benchmark_client] Sending sample transaction 67
[2026-05-22T09:16:33.320Z INFO  benchmark_client] Sending sample transaction 68
[2026-05-22T09:16:33.370Z INFO  benchmark_client] Sending sample transaction 69
[2026-05-22T09:16:33.421Z INFO  benchmark_client] Sending sample transaction 70
[2026-05-22T09:16:33.470Z INFO  benchmark_client] Sending sample transaction 71
[2026-05-22T09:16:33.520Z INFO  benchmark_client] Sending sample transaction 72
[2026-05-22T09:16:33.570Z INFO  benchmark_client] Sending sample transaction 73
[2026-05-22T09:16:33.621Z INFO  benchmark_client] Sending sample transaction 74
[2026-05-22T09:16:33.670Z INFO  benchmark_client] Sending sample transaction 75
[2026-05-22T09:16:33.720Z INFO  benchmark_client] Sending sample transaction 76
[2026-05-22T09:16:33.770Z INFO  benchmark_client] Sending sample transaction 77
[2026-05-22T09:16:33.820Z INFO  benchmark_client] Sending sample transaction 78
[2026-05-22T09:16:33.870Z INFO  benchmark_client] Sending sample transaction 79
[2026-05-22T09:16:33.920Z INFO  benchmark_client] Sending sample transaction 80
[2026-05-22T09:16:33.970Z INFO  benchmark_client] Sending sample transaction 81
[2026-05-22T09:16:34.020Z INFO  benchmark_client] Sending sample transaction 82
[2026-05-22T09:16:34.071Z INFO  benchmark_client] Sending sample transaction 83
[2026-05-22T09:16:34.120Z INFO  benchmark_client] Sending sample transaction 84
[2026-05-22T09:16:34.170Z INFO  benchmark_client] Sending sample transaction 85
[2026-05-22T09:16:34.221Z INFO  benchmark_client] Sending sample transaction 86
[2026-05-22T09:16:34.271Z INFO  benchmark_client] Sending sample transaction 87
[2026-05-22T09:16:34.320Z INFO  benchmark_client] Sending sample transaction 88
[2026-05-22T09:16:34.370Z INFO  benchmark_client] Sending sample transaction 89
[2026-05-22T09:16:34.423Z INFO  benchmark_client] Sending sample transaction 90
[2026-05-22T09:16:34.470Z INFO  benchmark_client] Sending sample transaction 91
[2026-05-22T09:16:34.520Z INFO  benchmark_client] Sending sample transaction 92
[2026-05-22T09:16:34.570Z INFO  benchmark_client] Sending sample transaction 93
[2026-05-22T09:16:34.620Z INFO  benchmark_client] Sending sample transaction 94
[2026-05-22T09:16:34.670Z INFO  benchmark_client] Sending sample transaction 95
[2026-05-22T09:16:34.722Z INFO  benchmark_client] Sending sample transaction 96
[2026-05-22T09:16:34.770Z INFO  benchmark_client] Sending sample transaction 97
[2026-05-22T09:16:34.821Z INFO  benchmark_client] Sending sample transaction 98
[2026-05-22T09:16:34.871Z INFO  benchmark_client] Sending sample transaction 99
[2026-05-22T09:16:34.920Z INFO  benchmark_client] Sending sample transaction 100
[2026-05-22T09:16:34.970Z INFO  benchmark_client] Sending sample transaction 101
[2026-05-22T09:16:35.022Z INFO  benchmark_client] Sending sample transaction 102
[2026-05-22T09:16:35.070Z INFO  benchmark_client] Sending sample transaction 103
[2026-05-22T09:16:35.120Z INFO  benchmark_client] Sending sample transaction 104
[2026-05-22T09:16:35.170Z INFO  benchmark_client] Sending sample transaction 105
[2026-05-22T09:16:35.220Z INFO  benchmark_client] Sending sample transaction 106
[2026-05-22T09:16:35.271Z INFO  benchmark_client] Sending sample transaction 107
[2026-05-22T09:16:35.320Z INFO  benchmark_client] Sending sample transaction 108
[2026-05-22T09:16:35.371Z INFO  benchmark_client] Sending sample transaction 109
[2026-05-22T09:16:35.420Z INFO  benchmark_client] Sending sample transaction 110
[2026-05-22T09:16:35.470Z INFO  benchmark_client] Sending sample transaction 111
[2026-05-22T09:16:35.521Z INFO  benchmark_client] Sending sample transaction 112
[2026-05-22T09:16:35.571Z INFO  benchmark_client] Sending sample transaction 113
[2026-05-22T09:16:35.620Z INFO  benchmark_client] Sending sample transaction 114
[2026-05-22T09:16:35.672Z INFO  benchmark_client] Sending sample transaction 115
[2026-05-22T09:16:35.720Z INFO  benchmark_client] Sending sample transaction 116
[2026-05-22T09:16:35.770Z INFO  benchmark_client] Sending sample transaction 117
[2026-05-22T09:16:35.820Z INFO  benchmark_client] Sending sample transaction 118
[2026-05-22T09:16:35.870Z INFO  benchmark_client] Sending sample transaction 119
[2026-05-22T09:16:35.920Z INFO  benchmark_client] Sending sample transaction 120
[2026-05-22T09:16:35.970Z INFO  benchmark_client] Sending sample transaction 121
[2026-05-22T09:16:36.020Z INFO  benchmark_client] Sending sample transaction 122
[2026-05-22T09:16:36.070Z INFO  benchmark_client] Sending sample transaction 123
[2026-05-22T09:16:36.121Z INFO  benchmark_client] Sending sample transaction 124
[2026-05-22T09:16:36.171Z INFO  benchmark_client] Sending sample transaction 125
[2026-05-22T09:16:36.221Z INFO  benchmark_client] Sending sample transaction 126
[2026-05-22T09:16:36.270Z INFO  benchmark_client] Sending sample transaction 127
[2026-05-22T09:16:36.320Z INFO  benchmark_client] Sending sample transaction 128
[2026-05-22T09:16:36.370Z INFO  benchmark_client] Sending sample transaction 129
[2026-05-22T09:16:36.420Z INFO  benchmark_client] Sending sample transaction 130
[2026-05-22T09:16:36.470Z INFO  benchmark_client] Sending sample transaction 131
[2026-05-22T09:16:36.520Z INFO  benchmark_client] Sending sample transaction 132
[2026-05-22T09:16:36.570Z INFO  benchmark_client] Sending sample transaction 133
[2026-05-22T09:16:36.622Z INFO  benchmark_client] Sending sample transaction 134
[2026-05-22T09:16:36.671Z INFO  benchmark_client] Sending sample transaction 135
[2026-05-22T09:16:36.720Z INFO  benchmark_client] Sending sample transaction 136
[2026-05-22T09:16:36.771Z INFO  benchmark_client] Sending sample transaction 137
[2026-05-22T09:16:36.820Z INFO  benchmark_client] Sending sample transaction 138
[2026-05-22T09:16:36.871Z INFO  benchmark_client] Sending sample transaction 139
[2026-05-22T09:16:36.920Z INFO  benchmark_client] Sending sample transaction 140
[2026-05-22T09:16:36.971Z INFO  benchmark_client] Sending sample transaction 141
[2026-05-22T09:16:37.020Z INFO  benchmark_client] Sending sample transaction 142
[2026-05-22T09:16:37.070Z INFO  benchmark_client] Sending sample transaction 143
[2026-05-22T09:16:37.120Z INFO  benchmark_client] Sending sample transaction 144
[2026-05-22T09:16:37.170Z INFO  benchmark_client] Sending sample transaction 145
[2026-05-22T09:16:37.220Z INFO  benchmark_client] Sending sample transaction 146
[2026-05-22T09:16:37.271Z INFO  benchmark_client] Sending sample transaction 147
[2026-05-22T09:16:37.321Z INFO  benchmark_client] Sending sample transaction 148
[2026-05-22T09:16:37.370Z INFO  benchmark_client] Sending sample transaction 149
[2026-05-22T09:16:37.420Z INFO  benchmark_client] Sending sample transaction 150
[2026-05-22T09:16:37.470Z INFO  benchmark_client] Sending sample transaction 151
[2026-05-22T09:16:37.520Z INFO  benchmark_client] Sending sample transaction 152
[2026-05-22T09:16:37.572Z INFO  benchmark_client] Sending sample transaction 153
[2026-05-22T09:16:37.620Z INFO  benchmark_client] Sending sample transaction 154
[2026-05-22T09:16:37.670Z INFO  benchmark_client] Sending sample transaction 155
[2026-05-22T09:16:37.720Z INFO  benchmark_client] Sending sample transaction 156
[2026-05-22T09:16:37.771Z INFO  benchmark_client] Sending sample transaction 157
[2026-05-22T09:16:37.820Z INFO  benchmark_client] Sending sample transaction 158
[2026-05-22T09:16:37.870Z INFO  benchmark_client] Sending sample transaction 159
[2026-05-22T09:16:37.920Z INFO  benchmark_client] Sending sample transaction 160
[2026-05-22T09:16:37.970Z INFO  benchmark_client] Sending sample transaction 161
[2026-05-22T09:16:38.022Z INFO  benchmark_client] Sending sample transaction 162
[2026-05-22T09:16:38.071Z INFO  benchmark_client] Sending sample transaction 163
[2026-05-22T09:16:38.121Z INFO  benchmark_client] Sending sample transaction 164
[2026-05-22T09:16:38.172Z INFO  benchmark_client] Sending sample transaction 165
[2026-05-22T09:16:38.222Z INFO  benchmark_client] Sending sample transaction 166
[2026-05-22T09:16:38.270Z INFO  benchmark_client] Sending sample transaction 167
[2026-05-22T09:16:38.320Z INFO  benchmark_client] Sending sample transaction 168
[2026-05-22T09:16:38.374Z INFO  benchmark_client] Sending sample transaction 169
[2026-05-22T09:16:38.421Z INFO  benchmark_client] Sending sample transaction 170
[2026-05-22T09:16:38.471Z INFO  benchmark_client] Sending sample transaction 171
[2026-05-22T09:16:38.522Z INFO  benchmark_client] Sending sample transaction 172
[2026-05-22T09:16:38.570Z INFO  benchmark_client] Sending sample transaction 173
[2026-05-22T09:16:38.623Z INFO  benchmark_client] Sending sample transaction 174
[2026-05-22T09:16:38.670Z INFO  benchmark_client] Sending sample transaction 175
[2026-05-22T09:16:38.721Z INFO  benchmark_client] Sending sample transaction 176
[2026-05-22T09:16:38.772Z INFO  benchmark_client] Sending sample transaction 177
[2026-05-22T09:16:38.821Z INFO  benchmark_client] Sending sample transaction 178
[2026-05-22T09:16:38.873Z INFO  benchmark_client] Sending sample transaction 179
[2026-05-22T09:16:38.921Z INFO  benchmark_client] Sending sample transaction 180
[2026-05-22T09:16:38.971Z INFO  benchmark_client] Sending sample transaction 181
[2026-05-22T09:16:39.021Z INFO  benchmark_client] Sending sample transaction 182
[2026-05-22T09:16:39.070Z INFO  benchmark_client] Sending sample transaction 183
[2026-05-22T09:16:39.121Z INFO  benchmark_client] Sending sample transaction 184
[2026-05-22T09:16:39.171Z INFO  benchmark_client] Sending sample transaction 185
[2026-05-22T09:16:39.221Z INFO  benchmark_client] Sending sample transaction 186
[2026-05-22T09:16:39.271Z INFO  benchmark_client] Sending sample transaction 187
[2026-05-22T09:16:39.320Z INFO  benchmark_client] Sending sample transaction 188
[2026-05-22T09:16:39.370Z INFO  benchmark_client] Sending sample transaction 189
[2026-05-22T09:16:39.421Z INFO  benchmark_client] Sending sample transaction 190
[2026-05-22T09:16:39.471Z INFO  benchmark_client] Sending sample transaction 191
[2026-05-22T09:16:39.520Z INFO  benchmark_client] Sending sample transaction 192
[2026-05-22T09:16:39.571Z INFO  benchmark_client] Sending sample transaction 193
[2026-05-22T09:16:39.621Z INFO  benchmark_client] Sending sample transaction 194
[2026-05-22T09:16:39.671Z INFO  benchmark_client] Sending sample transaction 195
[2026-05-22T09:16:39.722Z INFO  benchmark_client] Sending sample transaction 196
[2026-05-22T09:16:39.770Z INFO  benchmark_client] Sending sample transaction 197
[2026-05-22T09:16:39.820Z INFO  benchmark_client] Sending sample transaction 198
[2026-05-22T09:16:39.870Z INFO  benchmark_client] Sending sample transaction 199
[2026-05-22T09:16:39.920Z INFO  benchmark_client] Sending sample transaction 200
[2026-05-22T09:16:39.970Z INFO  benchmark_client] Sending sample transaction 201
[2026-05-22T09:16:40.021Z INFO  benchmark_client] Sending sample transaction 202
[2026-05-22T09:16:40.070Z INFO  benchmark_client] Sending sample transaction 203
[2026-05-22T09:16:40.121Z INFO  benchmark_client] Sending sample transaction 204
[2026-05-22T09:16:40.170Z INFO  benchmark_client] Sending sample transaction 205
[2026-05-22T09:16:40.221Z INFO  benchmark_client] Sending sample transaction 206
[2026-05-22T09:16:40.271Z INFO  benchmark_client] Sending sample transaction 207
[2026-05-22T09:16:40.320Z INFO  benchmark_client] Sending sample transaction 208
[2026-05-22T09:16:40.370Z INFO  benchmark_client] Sending sample transaction 209
[2026-05-22T09:16:40.421Z INFO  benchmark_client] Sending sample transaction 210
[2026-05-22T09:16:40.471Z INFO  benchmark_client] Sending sample transaction 211
[2026-05-22T09:16:40.522Z INFO  benchmark_client] Sending sample transaction 212
[2026-05-22T09:16:40.570Z INFO  benchmark_client] Sending sample transaction 213
[2026-05-22T09:16:40.620Z INFO  benchmark_client] Sending sample transaction 214
[2026-05-22T09:16:40.670Z INFO  benchmark_client] Sending sample transaction 215
[2026-05-22T09:16:40.720Z INFO  benchmark_client] Sending sample transaction 216
[2026-05-22T09:16:40.770Z INFO  benchmark_client] Sending sample transaction 217
[2026-05-22T09:16:40.820Z INFO  benchmark_client] Sending sample transaction 218
[2026-05-22T09:16:40.873Z INFO  benchmark_client] Sending sample transaction 219
[2026-05-22T09:16:40.920Z INFO  benchmark_client] Sending sample transaction 220
[2026-05-22T09:16:40.971Z INFO  benchmark_client] Sending sample transaction 221
[2026-05-22T09:16:41.020Z INFO  benchmark_client] Sending sample transaction 222
[2026-05-22T09:16:41.070Z INFO  benchmark_client] Sending sample transaction 223
[2026-05-22T09:16:41.120Z INFO  benchmark_client] Sending sample transaction 224
[2026-05-22T09:16:41.171Z INFO  benchmark_client] Sending sample transaction 225
[2026-05-22T09:16:41.220Z INFO  benchmark_client] Sending sample transaction 226
[2026-05-22T09:16:41.270Z INFO  benchmark_client] Sending sample transaction 227
[2026-05-22T09:16:41.321Z INFO  benchmark_client] Sending sample transaction 228
[2026-05-22T09:16:41.370Z INFO  benchmark_client] Sending sample transaction 229
[2026-05-22T09:16:41.421Z INFO  benchmark_client] Sending sample transaction 230
[2026-05-22T09:16:41.470Z INFO  benchmark_client] Sending sample transaction 231
[2026-05-22T09:16:41.521Z INFO  benchmark_client] Sending sample transaction 232
[2026-05-22T09:16:41.571Z INFO  benchmark_client] Sending sample transaction 233
[2026-05-22T09:16:41.621Z INFO  benchmark_client] Sending sample transaction 234
[2026-05-22T09:16:41.671Z INFO  benchmark_client] Sending sample transaction 235
[2026-05-22T09:16:41.720Z INFO  benchmark_client] Sending sample transaction 236
[2026-05-22T09:16:41.771Z INFO  benchmark_client] Sending sample transaction 237
[2026-05-22T09:16:41.821Z INFO  benchmark_client] Sending sample transaction 238
[2026-05-22T09:16:41.872Z INFO  benchmark_client] Sending sample transaction 239
[2026-05-22T09:16:41.921Z INFO  benchmark_client] Sending sample transaction 240
[2026-05-22T09:16:41.971Z INFO  benchmark_client] Sending sample transaction 241
[2026-05-22T09:16:42.022Z INFO  benchmark_client] Sending sample transaction 242
[2026-05-22T09:16:42.074Z INFO  benchmark_client] Sending sample transaction 243
[2026-05-22T09:16:42.121Z INFO  benchmark_client] Sending sample transaction 244
[2026-05-22T09:16:42.170Z INFO  benchmark_client] Sending sample transaction 245
[2026-05-22T09:16:42.220Z INFO  benchmark_client] Sending sample transaction 246
[2026-05-22T09:16:42.271Z INFO  benchmark_client] Sending sample transaction 247
[2026-05-22T09:16:42.321Z INFO  benchmark_client] Sending sample transaction 248
[2026-05-22T09:16:42.372Z INFO  benchmark_client] Sending sample transaction 249
[2026-05-22T09:16:42.421Z INFO  benchmark_client] Sending sample transaction 250
[2026-05-22T09:16:42.471Z INFO  benchmark_client] Sending sample transaction 251
[2026-05-22T09:16:42.520Z INFO  benchmark_client] Sending sample transaction 252
[2026-05-22T09:16:42.571Z INFO  benchmark_client] Sending sample transaction 253
[2026-05-22T09:16:42.622Z INFO  benchmark_client] Sending sample transaction 254
[2026-05-22T09:16:42.671Z INFO  benchmark_client] Sending sample transaction 255
[2026-05-22T09:16:42.721Z INFO  benchmark_client] Sending sample transaction 256
[2026-05-22T09:16:42.771Z INFO  benchmark_client] Sending sample transaction 257
[2026-05-22T09:16:42.820Z INFO  benchmark_client] Sending sample transaction 258
[2026-05-22T09:16:42.870Z INFO  benchmark_client] Sending sample transaction 259
[2026-05-22T09:16:42.921Z INFO  benchmark_client] Sending sample transaction 260
[2026-05-22T09:16:42.971Z INFO  benchmark_client] Sending sample transaction 261
[2026-05-22T09:16:43.021Z INFO  benchmark_client] Sending sample transaction 262
[2026-05-22T09:16:43.070Z INFO  benchmark_client] Sending sample transaction 263
[2026-05-22T09:16:43.121Z INFO  benchmark_client] Sending sample transaction 264
[2026-05-22T09:16:43.170Z INFO  benchmark_client] Sending sample transaction 265
[2026-05-22T09:16:43.220Z INFO  benchmark_client] Sending sample transaction 266
[2026-05-22T09:16:43.271Z INFO  benchmark_client] Sending sample transaction 267
[2026-05-22T09:16:43.320Z INFO  benchmark_client] Sending sample transaction 268
[2026-05-22T09:16:43.370Z INFO  benchmark_client] Sending sample transaction 269
[2026-05-22T09:16:43.421Z INFO  benchmark_client] Sending sample transaction 270
[2026-05-22T09:16:43.473Z INFO  benchmark_client] Sending sample transaction 271
[2026-05-22T09:16:43.521Z INFO  benchmark_client] Sending sample transaction 272
[2026-05-22T09:16:43.570Z INFO  benchmark_client] Sending sample transaction 273
[2026-05-22T09:16:43.621Z INFO  benchmark_client] Sending sample transaction 274
[2026-05-22T09:16:43.670Z INFO  benchmark_client] Sending sample transaction 275
[2026-05-22T09:16:43.720Z INFO  benchmark_client] Sending sample transaction 276
[2026-05-22T09:16:43.771Z INFO  benchmark_client] Sending sample transaction 277
[2026-05-22T09:16:43.821Z INFO  benchmark_client] Sending sample transaction 278
[2026-05-22T09:16:43.870Z INFO  benchmark_client] Sending sample transaction 279
[2026-05-22T09:16:43.920Z INFO  benchmark_client] Sending sample transaction 280
[2026-05-22T09:16:43.971Z INFO  benchmark_client] Sending sample transaction 281
[2026-05-22T09:16:44.020Z INFO  benchmark_client] Sending sample transaction 282
[2026-05-22T09:16:44.070Z INFO  benchmark_client] Sending sample transaction 283
[2026-05-22T09:16:44.120Z INFO  benchmark_client] Sending sample transaction 284
[2026-05-22T09:16:44.171Z INFO  benchmark_client] Sending sample transaction 285
[2026-05-22T09:16:44.220Z INFO  benchmark_client] Sending sample transaction 286
[2026-05-22T09:16:44.270Z INFO  benchmark_client] Sending sample transaction 287
[2026-05-22T09:16:44.321Z INFO  benchmark_client] Sending sample transaction 288
[2026-05-22T09:16:44.370Z INFO  benchmark_client] Sending sample transaction 289
[2026-05-22T09:16:44.421Z INFO  benchmark_client] Sending sample transaction 290
[2026-05-22T09:16:44.473Z INFO  benchmark_client] Sending sample transaction 291
[2026-05-22T09:16:44.520Z INFO  benchmark_client] Sending sample transaction 292
[2026-05-22T09:16:44.570Z INFO  benchmark_client] Sending sample transaction 293
[2026-05-22T09:16:44.620Z INFO  benchmark_client] Sending sample transaction 294
[2026-05-22T09:16:44.671Z INFO  benchmark_client] Sending sample transaction 295
[2026-05-22T09:16:44.720Z INFO  benchmark_client] Sending sample transaction 296
[2026-05-22T09:16:44.771Z INFO  benchmark_client] Sending sample transaction 297
[2026-05-22T09:16:44.820Z INFO  benchmark_client] Sending sample transaction 298
[2026-05-22T09:16:44.871Z INFO  benchmark_client] Sending sample transaction 299
[2026-05-22T09:16:44.920Z INFO  benchmark_client] Sending sample transaction 300
[2026-05-22T09:16:44.971Z INFO  benchmark_client] Sending sample transaction 301
[2026-05-22T09:16:45.020Z INFO  benchmark_client] Sending sample transaction 302
[2026-05-22T09:16:45.071Z INFO  benchmark_client] Sending sample transaction 303
[2026-05-22T09:16:45.121Z INFO  benchmark_client] Sending sample transaction 304
[2026-05-22T09:16:45.172Z INFO  benchmark_client] Sending sample transaction 305
[2026-05-22T09:16:45.221Z INFO  benchmark_client] Sending sample transaction 306
[2026-05-22T09:16:45.271Z INFO  benchmark_client] Sending sample transaction 307
[2026-05-22T09:16:45.320Z INFO  benchmark_client] Sending sample transaction 308
[2026-05-22T09:16:45.372Z INFO  benchmark_client] Sending sample transaction 309
[2026-05-22T09:16:45.421Z INFO  benchmark_client] Sending sample transaction 310
[2026-05-22T09:16:45.473Z INFO  benchmark_client] Sending sample transaction 311
[2026-05-22T09:16:45.521Z INFO  benchmark_client] Sending sample transaction 312
[2026-05-22T09:16:45.571Z INFO  benchmark_client] Sending sample transaction 313
[2026-05-22T09:16:45.623Z INFO  benchmark_client] Sending sample transaction 314
[2026-05-22T09:16:45.673Z INFO  benchmark_client] Sending sample transaction 315
[2026-05-22T09:16:45.722Z INFO  benchmark_client] Sending sample transaction 316
[2026-05-22T09:16:45.770Z INFO  benchmark_client] Sending sample transaction 317
[2026-05-22T09:16:45.821Z INFO  benchmark_client] Sending sample transaction 318
[2026-05-22T09:16:45.871Z INFO  benchmark_client] Sending sample transaction 319
[2026-05-22T09:16:45.921Z INFO  benchmark_client] Sending sample transaction 320
[2026-05-22T09:16:45.972Z INFO  benchmark_client] Sending sample transaction 321
[2026-05-22T09:16:46.023Z INFO  benchmark_client] Sending sample transaction 322
[2026-05-22T09:16:46.071Z INFO  benchmark_client] Sending sample transaction 323
[2026-05-22T09:16:46.121Z INFO  benchmark_client] Sending sample transaction 324
[2026-05-22T09:16:46.172Z INFO  benchmark_client] Sending sample transaction 325
[2026-05-22T09:16:46.224Z INFO  benchmark_client] Sending sample transaction 326
[2026-05-22T09:16:46.271Z INFO  benchmark_client] Sending sample transaction 327
[2026-05-22T09:16:46.322Z INFO  benchmark_client] Sending sample transaction 328
[2026-05-22T09:16:46.371Z INFO  benchmark_client] Sending sample transaction 329
[2026-05-22T09:16:46.421Z INFO  benchmark_client] Sending sample transaction 330
[2026-05-22T09:16:46.471Z INFO  benchmark_client] Sending sample transaction 331
[2026-05-22T09:16:46.521Z INFO  benchmark_client] Sending sample transaction 332
[2026-05-22T09:16:46.571Z INFO  benchmark_client] Sending sample transaction 333
[2026-05-22T09:16:46.621Z INFO  benchmark_client] Sending sample transaction 334
[2026-05-22T09:16:46.670Z INFO  benchmark_client] Sending sample transaction 335
[2026-05-22T09:16:46.720Z INFO  benchmark_client] Sending sample transaction 336
[2026-05-22T09:16:46.771Z INFO  benchmark_client] Sending sample transaction 337
[2026-05-22T09:16:46.821Z INFO  benchmark_client] Sending sample transaction 338
[2026-05-22T09:16:46.872Z INFO  benchmark_client] Sending sample transaction 339
[2026-05-22T09:16:46.921Z INFO  benchmark_client] Sending sample transaction 340
[2026-05-22T09:16:46.970Z INFO  benchmark_client] Sending sample transaction 341
[2026-05-22T09:16:47.020Z INFO  benchmark_client] Sending sample transaction 342
[2026-05-22T09:16:47.070Z INFO  benchmark_client] Sending sample transaction 343
[2026-05-22T09:16:47.121Z INFO  benchmark_client] Sending sample transaction 344
[2026-05-22T09:16:47.171Z INFO  benchmark_client] Sending sample transaction 345
[2026-05-22T09:16:47.221Z INFO  benchmark_client] Sending sample transaction 346
[2026-05-22T09:16:47.271Z INFO  benchmark_client] Sending sample transaction 347
[2026-05-22T09:16:47.321Z INFO  benchmark_client] Sending sample transaction 348
[2026-05-22T09:16:47.371Z INFO  benchmark_client] Sending sample transaction 349
[2026-05-22T09:16:47.420Z INFO  benchmark_client] Sending sample transaction 350
[2026-05-22T09:16:47.470Z INFO  benchmark_client] Sending sample transaction 351
[2026-05-22T09:16:47.520Z INFO  benchmark_client] Sending sample transaction 352
[2026-05-22T09:16:47.570Z INFO  benchmark_client] Sending sample transaction 353
[2026-05-22T09:16:47.621Z INFO  benchmark_client] Sending sample transaction 354
[2026-05-22T09:16:47.671Z INFO  benchmark_client] Sending sample transaction 355
[2026-05-22T09:16:47.720Z INFO  benchmark_client] Sending sample transaction 356
[2026-05-22T09:16:47.771Z INFO  benchmark_client] Sending sample transaction 357
[2026-05-22T09:16:47.821Z INFO  benchmark_client] Sending sample transaction 358
[2026-05-22T09:16:47.870Z INFO  benchmark_client] Sending sample transaction 359
[2026-05-22T09:16:47.922Z INFO  benchmark_client] Sending sample transaction 360
[2026-05-22T09:16:47.970Z INFO  benchmark_client] Sending sample transaction 361
[2026-05-22T09:16:48.021Z INFO  benchmark_client] Sending sample transaction 362
[2026-05-22T09:16:48.071Z INFO  benchmark_client] Sending sample transaction 363
[2026-05-22T09:16:48.120Z INFO  benchmark_client] Sending sample transaction 364
[2026-05-22T09:16:48.170Z INFO  benchmark_client] Sending sample transaction 365
[2026-05-22T09:16:48.221Z INFO  benchmark_client] Sending sample transaction 366
[2026-05-22T09:16:48.270Z INFO  benchmark_client] Sending sample transaction 367
[2026-05-22T09:16:48.320Z INFO  benchmark_client] Sending sample transaction 368
[2026-05-22T09:16:48.371Z INFO  benchmark_client] Sending sample transaction 369
[2026-05-22T09:16:48.421Z INFO  benchmark_client] Sending sample transaction 370
[2026-05-22T09:16:48.472Z INFO  benchmark_client] Sending sample transaction 371
[2026-05-22T09:16:48.521Z INFO  benchmark_client] Sending sample transaction 372
[2026-05-22T09:16:48.571Z INFO  benchmark_client] Sending sample transaction 373
[2026-05-22T09:16:48.622Z INFO  benchmark_client] Sending sample transaction 374
[2026-05-22T09:16:48.671Z INFO  benchmark_client] Sending sample transaction 375
[2026-05-22T09:16:48.721Z INFO  benchmark_client] Sending sample transaction 376
[2026-05-22T09:16:48.770Z INFO  benchmark_client] Sending sample transaction 377
[2026-05-22T09:16:48.821Z INFO  benchmark_client] Sending sample transaction 378
[2026-05-22T09:16:48.871Z INFO  benchmark_client] Sending sample transaction 379
[2026-05-22T09:16:48.921Z INFO  benchmark_client] Sending sample transaction 380
[2026-05-22T09:16:48.970Z INFO  benchmark_client] Sending sample transaction 381
[2026-05-22T09:16:49.021Z INFO  benchmark_client] Sending sample transaction 382
[2026-05-22T09:16:49.071Z INFO  benchmark_client] Sending sample transaction 383
[2026-05-22T09:16:49.124Z INFO  benchmark_client] Sending sample transaction 384
[2026-05-22T09:16:49.172Z INFO  benchmark_client] Sending sample transaction 385
[2026-05-22T09:16:49.221Z INFO  benchmark_client] Sending sample transaction 386
[2026-05-22T09:16:49.272Z INFO  benchmark_client] Sending sample transaction 387
[2026-05-22T09:16:49.321Z INFO  benchmark_client] Sending sample transaction 388
[2026-05-22T09:16:49.371Z INFO  benchmark_client] Sending sample transaction 389
[2026-05-22T09:16:49.423Z INFO  benchmark_client] Sending sample transaction 390
[2026-05-22T09:16:49.471Z INFO  benchmark_client] Sending sample transaction 391
[2026-05-22T09:16:49.521Z INFO  benchmark_client] Sending sample transaction 392
[2026-05-22T09:16:49.570Z INFO  benchmark_client] Sending sample transaction 393
[2026-05-22T09:16:49.623Z INFO  benchmark_client] Sending sample transaction 394
[2026-05-22T09:16:49.673Z INFO  benchmark_client] Sending sample transaction 395
[2026-05-22T09:16:49.720Z INFO  benchmark_client] Sending sample transaction 396
[2026-05-22T09:16:49.771Z INFO  benchmark_client] Sending sample transaction 397
[2026-05-22T09:16:49.823Z INFO  benchmark_client] Sending sample transaction 398
[2026-05-22T09:16:49.873Z INFO  benchmark_client] Sending sample transaction 399
[2026-05-22T09:16:49.922Z INFO  benchmark_client] Sending sample transaction 400
[2026-05-22T09:16:49.973Z INFO  benchmark_client] Sending sample transaction 401
[2026-05-22T09:16:50.020Z INFO  benchmark_client] Sending sample transaction 402
[2026-05-22T09:16:50.072Z INFO  benchmark_client] Sending sample transaction 403
[2026-05-22T09:16:50.121Z INFO  benchmark_client] Sending sample transaction 404
[2026-05-22T09:16:50.171Z INFO  benchmark_client] Sending sample transaction 405
[2026-05-22T09:16:50.224Z INFO  benchmark_client] Sending sample transaction 406
[2026-05-22T09:16:50.272Z INFO  benchmark_client] Sending sample transaction 407
[2026-05-22T09:16:50.323Z INFO  benchmark_client] Sending sample transaction 408
[2026-05-22T09:16:50.373Z INFO  benchmark_client] Sending sample transaction 409
[2026-05-22T09:16:50.422Z INFO  benchmark_client] Sending sample transaction 410
[2026-05-22T09:16:50.471Z INFO  benchmark_client] Sending sample transaction 411
[2026-05-22T09:16:50.521Z INFO  benchmark_client] Sending sample transaction 412
[2026-05-22T09:16:50.571Z INFO  benchmark_client] Sending sample transaction 413
[2026-05-22T09:16:50.621Z INFO  benchmark_client] Sending sample transaction 414
[2026-05-22T09:16:50.671Z INFO  benchmark_client] Sending sample transaction 415
[2026-05-22T09:16:50.721Z INFO  benchmark_client] Sending sample transaction 416
[2026-05-22T09:16:50.770Z INFO  benchmark_client] Sending sample transaction 417
[2026-05-22T09:16:50.821Z INFO  benchmark_client] Sending sample transaction 418
[2026-05-22T09:16:50.871Z INFO  benchmark_client] Sending sample transaction 419
[2026-05-22T09:16:50.921Z INFO  benchmark_client] Sending sample transaction 420
[2026-05-22T09:16:50.970Z INFO  benchmark_client] Sending sample transaction 421
[2026-05-22T09:16:51.020Z INFO  benchmark_client] Sending sample transaction 422
[2026-05-22T09:16:51.070Z INFO  benchmark_client] Sending sample transaction 423
[2026-05-22T09:16:51.121Z INFO  benchmark_client] Sending sample transaction 424
[2026-05-22T09:16:51.173Z INFO  benchmark_client] Sending sample transaction 425
[2026-05-22T09:16:51.223Z INFO  benchmark_client] Sending sample transaction 426
[2026-05-22T09:16:51.271Z INFO  benchmark_client] Sending sample transaction 427
[2026-05-22T09:16:51.320Z INFO  benchmark_client] Sending sample transaction 428
[2026-05-22T09:16:51.371Z INFO  benchmark_client] Sending sample transaction 429
[2026-05-22T09:16:51.421Z INFO  benchmark_client] Sending sample transaction 430
[2026-05-22T09:16:51.471Z INFO  benchmark_client] Sending sample transaction 431
[2026-05-22T09:16:51.522Z INFO  benchmark_client] Sending sample transaction 432
[2026-05-22T09:16:51.571Z INFO  benchmark_client] Sending sample transaction 433
[2026-05-22T09:16:51.621Z INFO  benchmark_client] Sending sample transaction 434
[2026-05-22T09:16:51.671Z INFO  benchmark_client] Sending sample transaction 435
[2026-05-22T09:16:51.721Z INFO  benchmark_client] Sending sample transaction 436
[2026-05-22T09:16:51.771Z INFO  benchmark_client] Sending sample transaction 437
[2026-05-22T09:16:51.821Z INFO  benchmark_client] Sending sample transaction 438
[2026-05-22T09:16:51.871Z INFO  benchmark_client] Sending sample transaction 439
[2026-05-22T09:16:51.921Z INFO  benchmark_client] Sending sample transaction 440
[2026-05-22T09:16:51.970Z INFO  benchmark_client] Sending sample transaction 441
[2026-05-22T09:16:52.021Z INFO  benchmark_client] Sending sample transaction 442
[2026-05-22T09:16:52.071Z INFO  benchmark_client] Sending sample transaction 443
[2026-05-22T09:16:52.121Z INFO  benchmark_client] Sending sample transaction 444
[2026-05-22T09:16:52.173Z INFO  benchmark_client] Sending sample transaction 445
[2026-05-22T09:16:52.221Z INFO  benchmark_client] Sending sample transaction 446
[2026-05-22T09:16:52.272Z INFO  benchmark_client] Sending sample transaction 447
[2026-05-22T09:16:52.321Z INFO  benchmark_client] Sending sample transaction 448
[2026-05-22T09:16:52.370Z INFO  benchmark_client] Sending sample transaction 449
[2026-05-22T09:16:52.421Z INFO  benchmark_client] Sending sample transaction 450
[2026-05-22T09:16:52.470Z INFO  benchmark_client] Sending sample transaction 451
[2026-05-22T09:16:52.521Z INFO  benchmark_client] Sending sample transaction 452
[2026-05-22T09:16:52.570Z INFO  benchmark_client] Sending sample transaction 453
[2026-05-22T09:16:52.622Z INFO  benchmark_client] Sending sample transaction 454
[2026-05-22T09:16:52.671Z INFO  benchmark_client] Sending sample transaction 455
[2026-05-22T09:16:52.721Z INFO  benchmark_client] Sending sample transaction 456
[2026-05-22T09:16:52.771Z INFO  benchmark_client] Sending sample transaction 457
[2026-05-22T09:16:52.821Z INFO  benchmark_client] Sending sample transaction 458
[2026-05-22T09:16:52.873Z INFO  benchmark_client] Sending sample transaction 459
[2026-05-22T09:16:52.921Z INFO  benchmark_client] Sending sample transaction 460
[2026-05-22T09:16:52.971Z INFO  benchmark_client] Sending sample transaction 461
[2026-05-22T09:16:53.025Z INFO  benchmark_client] Sending sample transaction 462
[2026-05-22T09:16:53.071Z INFO  benchmark_client] Sending sample transaction 463
[2026-05-22T09:16:53.121Z INFO  benchmark_client] Sending sample transaction 464
[2026-05-22T09:16:53.171Z INFO  benchmark_client] Sending sample transaction 465
[2026-05-22T09:16:53.220Z INFO  benchmark_client] Sending sample transaction 466
[2026-05-22T09:16:53.270Z INFO  benchmark_client] Sending sample transaction 467
[2026-05-22T09:16:53.324Z INFO  benchmark_client] Sending sample transaction 468
[2026-05-22T09:16:53.371Z INFO  benchmark_client] Sending sample transaction 469
[2026-05-22T09:16:53.423Z INFO  benchmark_client] Sending sample transaction 470
[2026-05-22T09:16:53.471Z INFO  benchmark_client] Sending sample transaction 471
[2026-05-22T09:16:53.521Z INFO  benchmark_client] Sending sample transaction 472
[2026-05-22T09:16:53.570Z INFO  benchmark_client] Sending sample transaction 473
[2026-05-22T09:16:53.622Z INFO  benchmark_client] Sending sample transaction 474
[2026-05-22T09:16:53.671Z INFO  benchmark_client] Sending sample transaction 475
[2026-05-22T09:16:53.721Z INFO  benchmark_client] Sending sample transaction 476
[2026-05-22T09:16:53.773Z INFO  benchmark_client] Sending sample transaction 477
[2026-05-22T09:16:53.820Z INFO  benchmark_client] Sending sample transaction 478
[2026-05-22T09:16:53.872Z INFO  benchmark_client] Sending sample transaction 479
[2026-05-22T09:16:53.921Z INFO  benchmark_client] Sending sample transaction 480
[2026-05-22T09:16:53.973Z INFO  benchmark_client] Sending sample transaction 481
[2026-05-22T09:16:54.023Z INFO  benchmark_client] Sending sample transaction 482
[2026-05-22T09:16:54.071Z INFO  benchmark_client] Sending sample transaction 483
[2026-05-22T09:16:54.121Z INFO  benchmark_client] Sending sample transaction 484
[2026-05-22T09:16:54.174Z INFO  benchmark_client] Sending sample transaction 485
[2026-05-22T09:16:54.221Z INFO  benchmark_client] Sending sample transaction 486
[2026-05-22T09:16:54.271Z INFO  benchmark_client] Sending sample transaction 487
[2026-05-22T09:16:54.321Z INFO  benchmark_client] Sending sample transaction 488
[2026-05-22T09:16:54.370Z INFO  benchmark_client] Sending sample transaction 489
[2026-05-22T09:16:54.421Z INFO  benchmark_client] Sending sample transaction 490
[2026-05-22T09:16:54.472Z INFO  benchmark_client] Sending sample transaction 491
[2026-05-22T09:16:54.520Z INFO  benchmark_client] Sending sample transaction 492
[2026-05-22T09:16:54.573Z INFO  benchmark_client] Sending sample transaction 493
[2026-05-22T09:16:54.623Z INFO  benchmark_client] Sending sample transaction 494
[2026-05-22T09:16:54.671Z INFO  benchmark_client] Sending sample transaction 495
[2026-05-22T09:16:54.721Z INFO  benchmark_client] Sending sample transaction 496
[2026-05-22T09:16:54.771Z INFO  benchmark_client] Sending sample transaction 497
[2026-05-22T09:16:54.823Z INFO  benchmark_client] Sending sample transaction 498
[2026-05-22T09:16:54.870Z INFO  benchmark_client] Sending sample transaction 499
[2026-05-22T09:16:54.921Z INFO  benchmark_client] Sending sample transaction 500
[2026-05-22T09:16:54.970Z INFO  benchmark_client] Sending sample transaction 501
[2026-05-22T09:16:55.020Z INFO  benchmark_client] Sending sample transaction 502
[2026-05-22T09:16:55.071Z INFO  benchmark_client] Sending sample transaction 503
[2026-05-22T09:16:55.121Z INFO  benchmark_client] Sending sample transaction 504
[2026-05-22T09:16:55.170Z INFO  benchmark_client] Sending sample transaction 505
[2026-05-22T09:16:55.221Z INFO  benchmark_client] Sending sample transaction 506
[2026-05-22T09:16:55.271Z INFO  benchmark_client] Sending sample transaction 507
[2026-05-22T09:16:55.321Z INFO  benchmark_client] Sending sample transaction 508
[2026-05-22T09:16:55.371Z INFO  benchmark_client] Sending sample transaction 509
[2026-05-22T09:16:55.421Z INFO  benchmark_client] Sending sample transaction 510
[2026-05-22T09:16:55.472Z INFO  benchmark_client] Sending sample transaction 511
[2026-05-22T09:16:55.523Z INFO  benchmark_client] Sending sample transaction 512
[2026-05-22T09:16:55.573Z INFO  benchmark_client] Sending sample transaction 513
[2026-05-22T09:16:55.622Z INFO  benchmark_client] Sending sample transaction 514
[2026-05-22T09:16:55.672Z INFO  benchmark_client] Sending sample transaction 515
[2026-05-22T09:16:55.721Z INFO  benchmark_client] Sending sample transaction 516
[2026-05-22T09:16:55.775Z INFO  benchmark_client] Sending sample transaction 517
[2026-05-22T09:16:55.823Z INFO  benchmark_client] Sending sample transaction 518
[2026-05-22T09:16:55.872Z INFO  benchmark_client] Sending sample transaction 519
[2026-05-22T09:16:55.921Z INFO  benchmark_client] Sending sample transaction 520
[2026-05-22T09:16:55.971Z INFO  benchmark_client] Sending sample transaction 521
[2026-05-22T09:16:56.023Z INFO  benchmark_client] Sending sample transaction 522
[2026-05-22T09:16:56.071Z INFO  benchmark_client] Sending sample transaction 523
[2026-05-22T09:16:56.121Z INFO  benchmark_client] Sending sample transaction 524
[2026-05-22T09:16:56.176Z INFO  benchmark_client] Sending sample transaction 525
[2026-05-22T09:16:56.221Z INFO  benchmark_client] Sending sample transaction 526
[2026-05-22T09:16:56.271Z INFO  benchmark_client] Sending sample transaction 527
[2026-05-22T09:16:56.321Z INFO  benchmark_client] Sending sample transaction 528
[2026-05-22T09:16:56.375Z INFO  benchmark_client] Sending sample transaction 529
[2026-05-22T09:16:56.422Z INFO  benchmark_client] Sending sample transaction 530
[2026-05-22T09:16:56.470Z INFO  benchmark_client] Sending sample transaction 531
[2026-05-22T09:16:56.523Z INFO  benchmark_client] Sending sample transaction 532
[2026-05-22T09:16:56.571Z INFO  benchmark_client] Sending sample transaction 533
[2026-05-22T09:16:56.620Z INFO  benchmark_client] Sending sample transaction 534
[2026-05-22T09:16:56.670Z INFO  benchmark_client] Sending sample transaction 535
[2026-05-22T09:16:56.721Z INFO  benchmark_client] Sending sample transaction 536
[2026-05-22T09:16:56.772Z INFO  benchmark_client] Sending sample transaction 537
[2026-05-22T09:16:56.821Z INFO  benchmark_client] Sending sample transaction 538
[2026-05-22T09:16:56.871Z INFO  benchmark_client] Sending sample transaction 539
[2026-05-22T09:16:56.921Z INFO  benchmark_client] Sending sample transaction 540
[2026-05-22T09:16:56.971Z INFO  benchmark_client] Sending sample transaction 541
[2026-05-22T09:16:57.021Z INFO  benchmark_client] Sending sample transaction 542
[2026-05-22T09:16:57.071Z INFO  benchmark_client] Sending sample transaction 543
[2026-05-22T09:16:57.123Z INFO  benchmark_client] Sending sample transaction 544
[2026-05-22T09:16:57.171Z INFO  benchmark_client] Sending sample transaction 545
[2026-05-22T09:16:57.222Z INFO  benchmark_client] Sending sample transaction 546
[2026-05-22T09:16:57.275Z INFO  benchmark_client] Sending sample transaction 547
[2026-05-22T09:16:57.321Z INFO  benchmark_client] Sending sample transaction 548
[2026-05-22T09:16:57.371Z INFO  benchmark_client] Sending sample transaction 549
[2026-05-22T09:16:57.421Z INFO  benchmark_client] Sending sample transaction 550
[2026-05-22T09:16:57.471Z INFO  benchmark_client] Sending sample transaction 551
[2026-05-22T09:16:57.521Z INFO  benchmark_client] Sending sample transaction 552
[2026-05-22T09:16:57.572Z INFO  benchmark_client] Sending sample transaction 553
[2026-05-22T09:16:57.621Z INFO  benchmark_client] Sending sample transaction 554
[2026-05-22T09:16:57.672Z INFO  benchmark_client] Sending sample transaction 555
[2026-05-22T09:16:57.722Z INFO  benchmark_client] Sending sample transaction 556
[2026-05-22T09:16:57.771Z INFO  benchmark_client] Sending sample transaction 557
[2026-05-22T09:16:57.823Z INFO  benchmark_client] Sending sample transaction 558
[2026-05-22T09:16:57.870Z INFO  benchmark_client] Sending sample transaction 559
[2026-05-22T09:16:57.924Z INFO  benchmark_client] Sending sample transaction 560
[2026-05-22T09:16:57.971Z INFO  benchmark_client] Sending sample transaction 561
[2026-05-22T09:16:58.023Z INFO  benchmark_client] Sending sample transaction 562
[2026-05-22T09:16:58.075Z INFO  benchmark_client] Sending sample transaction 563
[2026-05-22T09:16:58.121Z INFO  benchmark_client] Sending sample transaction 564
[2026-05-22T09:16:58.171Z INFO  benchmark_client] Sending sample transaction 565
[2026-05-22T09:16:58.221Z INFO  benchmark_client] Sending sample transaction 566
[2026-05-22T09:16:58.270Z INFO  benchmark_client] Sending sample transaction 567
[2026-05-22T09:16:58.322Z INFO  benchmark_client] Sending sample transaction 568
[2026-05-22T09:16:58.373Z INFO  benchmark_client] Sending sample transaction 569
[2026-05-22T09:16:58.420Z INFO  benchmark_client] Sending sample transaction 570
[2026-05-22T09:16:58.471Z INFO  benchmark_client] Sending sample transaction 571
[2026-05-22T09:16:58.521Z INFO  benchmark_client] Sending sample transaction 572
[2026-05-22T09:16:58.571Z INFO  benchmark_client] Sending sample transaction 573
[2026-05-22T09:16:58.621Z INFO  benchmark_client] Sending sample transaction 574
[2026-05-22T09:16:58.671Z INFO  benchmark_client] Sending sample transaction 575
[2026-05-22T09:16:58.721Z INFO  benchmark_client] Sending sample transaction 576
[2026-05-22T09:16:58.773Z INFO  benchmark_client] Sending sample transaction 577
[2026-05-22T09:16:58.821Z INFO  benchmark_client] Sending sample transaction 578
[2026-05-22T09:16:58.870Z INFO  benchmark_client] Sending sample transaction 579
[2026-05-22T09:16:58.921Z INFO  benchmark_client] Sending sample transaction 580
[2026-05-22T09:16:58.971Z INFO  benchmark_client] Sending sample transaction 581
[2026-05-22T09:16:59.021Z INFO  benchmark_client] Sending sample transaction 582
[2026-05-22T09:16:59.072Z INFO  benchmark_client] Sending sample transaction 583
[2026-05-22T09:16:59.123Z INFO  benchmark_client] Sending sample transaction 584
[2026-05-22T09:16:59.175Z INFO  benchmark_client] Sending sample transaction 585
[2026-05-22T09:16:59.221Z INFO  benchmark_client] Sending sample transaction 586
[2026-05-22T09:16:59.271Z INFO  benchmark_client] Sending sample transaction 587
[2026-05-22T09:16:59.321Z INFO  benchmark_client] Sending sample transaction 588
[2026-05-22T09:16:59.373Z INFO  benchmark_client] Sending sample transaction 589
[2026-05-22T09:16:59.421Z INFO  benchmark_client] Sending sample transaction 590
[2026-05-22T09:16:59.471Z INFO  benchmark_client] Sending sample transaction 591
[2026-05-22T09:16:59.524Z INFO  benchmark_client] Sending sample transaction 592
[2026-05-22T09:16:59.571Z INFO  benchmark_client] Sending sample transaction 593
[2026-05-22T09:16:59.623Z INFO  benchmark_client] Sending sample transaction 594
[2026-05-22T09:16:59.672Z INFO  benchmark_client] Sending sample transaction 595
[2026-05-22T09:16:59.722Z INFO  benchmark_client] Sending sample transaction 596
[2026-05-22T09:16:59.771Z INFO  benchmark_client] Sending sample transaction 597
[2026-05-22T09:16:59.823Z INFO  benchmark_client] Sending sample transaction 598
[2026-05-22T09:16:59.872Z INFO  benchmark_client] Sending sample transaction 599
[2026-05-22T09:16:59.923Z INFO  benchmark_client] Sending sample transaction 600
[2026-05-22T09:16:59.971Z INFO  benchmark_client] Sending sample transaction 601
[2026-05-22T09:17:00.021Z INFO  benchmark_client] Sending sample transaction 602
[2026-05-22T09:17:00.071Z INFO  benchmark_client] Sending sample transaction 603
[2026-05-22T09:17:00.124Z INFO  benchmark_client] Sending sample transaction 604
[2026-05-22T09:17:00.172Z INFO  benchmark_client] Sending sample transaction 605
[2026-05-22T09:17:00.221Z INFO  benchmark_client] Sending sample transaction 606
[2026-05-22T09:17:00.271Z INFO  benchmark_client] Sending sample transaction 607
[2026-05-22T09:17:00.321Z INFO  benchmark_client] Sending sample transaction 608
[2026-05-22T09:17:00.371Z INFO  benchmark_client] Sending sample transaction 609
[2026-05-22T09:17:00.421Z INFO  benchmark_client] Sending sample transaction 610
[2026-05-22T09:17:00.471Z INFO  benchmark_client] Sending sample transaction 611
[2026-05-22T09:17:00.523Z INFO  benchmark_client] Sending sample transaction 612
[2026-05-22T09:17:00.571Z INFO  benchmark_client] Sending sample transaction 613
[2026-05-22T09:17:00.621Z INFO  benchmark_client] Sending sample transaction 614
[2026-05-22T09:17:00.674Z INFO  benchmark_client] Sending sample transaction 615
[2026-05-22T09:17:00.728Z INFO  benchmark_client] Sending sample transaction 616
[2026-05-22T09:17:00.771Z INFO  benchmark_client] Sending sample transaction 617
[2026-05-22T09:17:00.821Z INFO  benchmark_client] Sending sample transaction 618
[2026-05-22T09:17:00.872Z INFO  benchmark_client] Sending sample transaction 619
[2026-05-22T09:17:00.925Z INFO  benchmark_client] Sending sample transaction 620
[2026-05-22T09:17:00.972Z INFO  benchmark_client] Sending sample transaction 621
[2026-05-22T09:17:01.022Z INFO  benchmark_client] Sending sample transaction 622
[2026-05-22T09:17:01.071Z INFO  benchmark_client] Sending sample transaction 623
[2026-05-22T09:17:01.121Z INFO  benchmark_client] Sending sample transaction 624
[2026-05-22T09:17:01.171Z INFO  benchmark_client] Sending sample transaction 625
[2026-05-22T09:17:01.221Z INFO  benchmark_client] Sending sample transaction 626
[2026-05-22T09:17:01.271Z INFO  benchmark_client] Sending sample transaction 627
[2026-05-22T09:17:01.320Z INFO  benchmark_client] Sending sample transaction 628
[2026-05-22T09:17:01.374Z INFO  benchmark_client] Sending sample transaction 629
[2026-05-22T09:17:01.421Z INFO  benchmark_client] Sending sample transaction 630
[2026-05-22T09:17:01.477Z INFO  benchmark_client] Sending sample transaction 631
[2026-05-22T09:17:01.523Z INFO  benchmark_client] Sending sample transaction 632
[2026-05-22T09:17:01.571Z INFO  benchmark_client] Sending sample transaction 633
[2026-05-22T09:17:01.621Z INFO  benchmark_client] Sending sample transaction 634
[2026-05-22T09:17:01.673Z INFO  benchmark_client] Sending sample transaction 635
[2026-05-22T09:17:01.721Z INFO  benchmark_client] Sending sample transaction 636
[2026-05-22T09:17:01.771Z INFO  benchmark_client] Sending sample transaction 637
[2026-05-22T09:17:01.821Z INFO  benchmark_client] Sending sample transaction 638
[2026-05-22T09:17:01.871Z INFO  benchmark_client] Sending sample transaction 639
[2026-05-22T09:17:01.922Z INFO  benchmark_client] Sending sample transaction 640
[2026-05-22T09:17:01.973Z INFO  benchmark_client] Sending sample transaction 641
[2026-05-22T09:17:02.022Z INFO  benchmark_client] Sending sample transaction 642
[2026-05-22T09:17:02.071Z INFO  benchmark_client] Sending sample transaction 643
[2026-05-22T09:17:02.121Z INFO  benchmark_client] Sending sample transaction 644
[2026-05-22T09:17:02.170Z INFO  benchmark_client] Sending sample transaction 645
[2026-05-22T09:17:02.221Z INFO  benchmark_client] Sending sample transaction 646
[2026-05-22T09:17:02.271Z INFO  benchmark_client] Sending sample transaction 647
[2026-05-22T09:17:02.321Z INFO  benchmark_client] Sending sample transaction 648
[2026-05-22T09:17:02.371Z INFO  benchmark_client] Sending sample transaction 649
[2026-05-22T09:17:02.423Z INFO  benchmark_client] Sending sample transaction 650
[2026-05-22T09:17:02.471Z INFO  benchmark_client] Sending sample transaction 651
[2026-05-22T09:17:02.521Z INFO  benchmark_client] Sending sample transaction 652
[2026-05-22T09:17:02.571Z INFO  benchmark_client] Sending sample transaction 653
[2026-05-22T09:17:02.621Z INFO  benchmark_client] Sending sample transaction 654
[2026-05-22T09:17:02.671Z INFO  benchmark_client] Sending sample transaction 655
[2026-05-22T09:17:02.721Z INFO  benchmark_client] Sending sample transaction 656
[2026-05-22T09:17:02.771Z INFO  benchmark_client] Sending sample transaction 657
[2026-05-22T09:17:02.821Z INFO  benchmark_client] Sending sample transaction 658
[2026-05-22T09:17:02.871Z INFO  benchmark_client] Sending sample transaction 659
[2026-05-22T09:17:02.921Z INFO  benchmark_client] Sending sample transaction 660
[2026-05-22T09:17:02.971Z INFO  benchmark_client] Sending sample transaction 661
[2026-05-22T09:17:03.021Z INFO  benchmark_client] Sending sample transaction 662
[2026-05-22T09:17:03.071Z INFO  benchmark_client] Sending sample transaction 663
[2026-05-22T09:17:03.124Z INFO  benchmark_client] Sending sample transaction 664
[2026-05-22T09:17:03.173Z INFO  benchmark_client] Sending sample transaction 665
[2026-05-22T09:17:03.221Z INFO  benchmark_client] Sending sample transaction 666
[2026-05-22T09:17:03.272Z INFO  benchmark_client] Sending sample transaction 667
[2026-05-22T09:17:03.321Z INFO  benchmark_client] Sending sample transaction 668
[2026-05-22T09:17:03.371Z INFO  benchmark_client] Sending sample transaction 669
[2026-05-22T09:17:03.421Z INFO  benchmark_client] Sending sample transaction 670
[2026-05-22T09:17:03.473Z INFO  benchmark_client] Sending sample transaction 671
[2026-05-22T09:17:03.521Z INFO  benchmark_client] Sending sample transaction 672
[2026-05-22T09:17:03.572Z INFO  benchmark_client] Sending sample transaction 673
[2026-05-22T09:17:03.621Z INFO  benchmark_client] Sending sample transaction 674
[2026-05-22T09:17:03.671Z INFO  benchmark_client] Sending sample transaction 675
[2026-05-22T09:17:03.723Z INFO  benchmark_client] Sending sample transaction 676
[2026-05-22T09:17:03.771Z INFO  benchmark_client] Sending sample transaction 677
[2026-05-22T09:17:03.821Z INFO  benchmark_client] Sending sample transaction 678
[2026-05-22T09:17:03.871Z INFO  benchmark_client] Sending sample transaction 679
[2026-05-22T09:17:03.921Z INFO  benchmark_client] Sending sample transaction 680
[2026-05-22T09:17:03.972Z INFO  benchmark_client] Sending sample transaction 681
[2026-05-22T09:17:04.021Z INFO  benchmark_client] Sending sample transaction 682
[2026-05-22T09:17:04.072Z INFO  benchmark_client] Sending sample transaction 683
[2026-05-22T09:17:04.121Z INFO  benchmark_client] Sending sample transaction 684
[2026-05-22T09:17:04.173Z INFO  benchmark_client] Sending sample transaction 685
[2026-05-22T09:17:04.222Z INFO  benchmark_client] Sending sample transaction 686
[2026-05-22T09:17:04.271Z INFO  benchmark_client] Sending sample transaction 687
[2026-05-22T09:17:04.323Z INFO  benchmark_client] Sending sample transaction 688
[2026-05-22T09:17:04.371Z INFO  benchmark_client] Sending sample transaction 689
[2026-05-22T09:17:04.421Z INFO  benchmark_client] Sending sample transaction 690
[2026-05-22T09:17:04.471Z INFO  benchmark_client] Sending sample transaction 691
[2026-05-22T09:17:04.523Z INFO  benchmark_client] Sending sample transaction 692
[2026-05-22T09:17:04.571Z INFO  benchmark_client] Sending sample transaction 693
[2026-05-22T09:17:04.621Z INFO  benchmark_client] Sending sample transaction 694
[2026-05-22T09:17:04.670Z INFO  benchmark_client] Sending sample transaction 695
[2026-05-22T09:17:04.721Z INFO  benchmark_client] Sending sample transaction 696
[2026-05-22T09:17:04.773Z INFO  benchmark_client] Sending sample transaction 697
[2026-05-22T09:17:04.824Z INFO  benchmark_client] Sending sample transaction 698
[2026-05-22T09:17:04.871Z INFO  benchmark_client] Sending sample transaction 699
[2026-05-22T09:17:04.924Z INFO  benchmark_client] Sending sample transaction 700
[2026-05-22T09:17:04.971Z INFO  benchmark_client] Sending sample transaction 701
[2026-05-22T09:17:05.028Z INFO  benchmark_client] Sending sample transaction 702
[2026-05-22T09:17:05.078Z INFO  benchmark_client] Sending sample transaction 703
[2026-05-22T09:17:05.122Z INFO  benchmark_client] Sending sample transaction 704
[2026-05-22T09:17:05.171Z INFO  benchmark_client] Sending sample transaction 705
[2026-05-22T09:17:05.221Z INFO  benchmark_client] Sending sample transaction 706
[2026-05-22T09:17:05.271Z INFO  benchmark_client] Sending sample transaction 707
[2026-05-22T09:17:05.321Z INFO  benchmark_client] Sending sample transaction 708
[2026-05-22T09:17:05.371Z INFO  benchmark_client] Sending sample transaction 709
[2026-05-22T09:17:05.421Z INFO  benchmark_client] Sending sample transaction 710
[2026-05-22T09:17:05.471Z INFO  benchmark_client] Sending sample transaction 711
[2026-05-22T09:17:05.522Z INFO  benchmark_client] Sending sample transaction 712
[2026-05-22T09:17:05.572Z INFO  benchmark_client] Sending sample transaction 713
[2026-05-22T09:17:05.621Z INFO  benchmark_client] Sending sample transaction 714
[2026-05-22T09:17:05.671Z INFO  benchmark_client] Sending sample transaction 715
[2026-05-22T09:17:05.721Z INFO  benchmark_client] Sending sample transaction 716
[2026-05-22T09:17:05.771Z INFO  benchmark_client] Sending sample transaction 717
[2026-05-22T09:17:05.822Z INFO  benchmark_client] Sending sample transaction 718
[2026-05-22T09:17:05.874Z INFO  benchmark_client] Sending sample transaction 719
[2026-05-22T09:17:05.921Z INFO  benchmark_client] Sending sample transaction 720
[2026-05-22T09:17:05.971Z INFO  benchmark_client] Sending sample transaction 721
[2026-05-22T09:17:06.021Z INFO  benchmark_client] Sending sample transaction 722
[2026-05-22T09:17:06.072Z INFO  benchmark_client] Sending sample transaction 723
[2026-05-22T09:17:06.123Z INFO  benchmark_client] Sending sample transaction 724
[2026-05-22T09:17:06.171Z INFO  benchmark_client] Sending sample transaction 725
[2026-05-22T09:17:06.221Z INFO  benchmark_client] Sending sample transaction 726
[2026-05-22T09:17:06.272Z INFO  benchmark_client] Sending sample transaction 727
[2026-05-22T09:17:06.322Z INFO  benchmark_client] Sending sample transaction 728
[2026-05-22T09:17:06.371Z INFO  benchmark_client] Sending sample transaction 729
[2026-05-22T09:17:06.425Z INFO  benchmark_client] Sending sample transaction 730
[2026-05-22T09:17:06.471Z INFO  benchmark_client] Sending sample transaction 731
[2026-05-22T09:17:06.522Z INFO  benchmark_client] Sending sample transaction 732
[2026-05-22T09:17:06.571Z INFO  benchmark_client] Sending sample transaction 733
[2026-05-22T09:17:06.622Z INFO  benchmark_client] Sending sample transaction 734
[2026-05-22T09:17:06.672Z INFO  benchmark_client] Sending sample transaction 735
[2026-05-22T09:17:06.723Z INFO  benchmark_client] Sending sample transaction 736
[2026-05-22T09:17:06.771Z INFO  benchmark_client] Sending sample transaction 737
[2026-05-22T09:17:06.823Z INFO  benchmark_client] Sending sample transaction 738
[2026-05-22T09:17:06.872Z INFO  benchmark_client] Sending sample transaction 739
[2026-05-22T09:17:06.922Z INFO  benchmark_client] Sending sample transaction 740
[2026-05-22T09:17:06.971Z INFO  benchmark_client] Sending sample transaction 741
[2026-05-22T09:17:07.021Z INFO  benchmark_client] Sending sample transaction 742
[2026-05-22T09:17:07.072Z INFO  benchmark_client] Sending sample transaction 743
[2026-05-22T09:17:07.122Z INFO  benchmark_client] Sending sample transaction 744
[2026-05-22T09:17:07.171Z INFO  benchmark_client] Sending sample transaction 745
[2026-05-22T09:17:07.222Z INFO  benchmark_client] Sending sample transaction 746
[2026-05-22T09:17:07.271Z INFO  benchmark_client] Sending sample transaction 747
[2026-05-22T09:17:07.321Z INFO  benchmark_client] Sending sample transaction 748
[2026-05-22T09:17:07.372Z INFO  benchmark_client] Sending sample transaction 749
[2026-05-22T09:17:07.422Z INFO  benchmark_client] Sending sample transaction 750
[2026-05-22T09:17:07.472Z INFO  benchmark_client] Sending sample transaction 751
[2026-05-22T09:17:07.525Z INFO  benchmark_client] Sending sample transaction 752
[2026-05-22T09:17:07.572Z INFO  benchmark_client] Sending sample transaction 753
[2026-05-22T09:17:07.621Z INFO  benchmark_client] Sending sample transaction 754
[2026-05-22T09:17:07.672Z INFO  benchmark_client] Sending sample transaction 755
[2026-05-22T09:17:07.721Z INFO  benchmark_client] Sending sample transaction 756
[2026-05-22T09:17:07.772Z INFO  benchmark_client] Sending sample transaction 757
[2026-05-22T09:17:07.821Z INFO  benchmark_client] Sending sample transaction 758
[2026-05-22T09:17:07.871Z INFO  benchmark_client] Sending sample transaction 759
[2026-05-22T09:17:07.921Z INFO  benchmark_client] Sending sample transaction 760
[2026-05-22T09:17:07.971Z INFO  benchmark_client] Sending sample transaction 761
[2026-05-22T09:17:08.021Z INFO  benchmark_client] Sending sample transaction 762
[2026-05-22T09:17:08.071Z INFO  benchmark_client] Sending sample transaction 763
[2026-05-22T09:17:08.121Z INFO  benchmark_client] Sending sample transaction 764
[2026-05-22T09:17:08.173Z INFO  benchmark_client] Sending sample transaction 765
[2026-05-22T09:17:08.221Z INFO  benchmark_client] Sending sample transaction 766
[2026-05-22T09:17:08.274Z INFO  benchmark_client] Sending sample transaction 767
[2026-05-22T09:17:08.322Z INFO  benchmark_client] Sending sample transaction 768
[2026-05-22T09:17:08.372Z INFO  benchmark_client] Sending sample transaction 769
[2026-05-22T09:17:08.423Z INFO  benchmark_client] Sending sample transaction 770
[2026-05-22T09:17:08.471Z INFO  benchmark_client] Sending sample transaction 771
[2026-05-22T09:17:08.521Z INFO  benchmark_client] Sending sample transaction 772
[2026-05-22T09:17:08.574Z INFO  benchmark_client] Sending sample transaction 773
[2026-05-22T09:17:08.621Z INFO  benchmark_client] Sending sample transaction 774
[2026-05-22T09:17:08.670Z INFO  benchmark_client] Sending sample transaction 775
[2026-05-22T09:17:08.723Z INFO  benchmark_client] Sending sample transaction 776
[2026-05-22T09:17:08.771Z INFO  benchmark_client] Sending sample transaction 777
[2026-05-22T09:17:08.821Z INFO  benchmark_client] Sending sample transaction 778
[2026-05-22T09:17:08.871Z INFO  benchmark_client] Sending sample transaction 779
[2026-05-22T09:17:08.922Z INFO  benchmark_client] Sending sample transaction 780
[2026-05-22T09:17:08.971Z INFO  benchmark_client] Sending sample transaction 781
[2026-05-22T09:17:09.022Z INFO  benchmark_client] Sending sample transaction 782
[2026-05-22T09:17:09.073Z INFO  benchmark_client] Sending sample transaction 783
[2026-05-22T09:17:09.121Z INFO  benchmark_client] Sending sample transaction 784
[2026-05-22T09:17:09.171Z INFO  benchmark_client] Sending sample transaction 785
[2026-05-22T09:17:09.221Z INFO  benchmark_client] Sending sample transaction 786
[2026-05-22T09:17:09.272Z INFO  benchmark_client] Sending sample transaction 787
[2026-05-22T09:17:09.321Z INFO  benchmark_client] Sending sample transaction 788
[2026-05-22T09:17:09.371Z INFO  benchmark_client] Sending sample transaction 789
[2026-05-22T09:17:09.426Z INFO  benchmark_client] Sending sample transaction 790
[2026-05-22T09:17:09.471Z INFO  benchmark_client] Sending sample transaction 791
[2026-05-22T09:17:09.521Z INFO  benchmark_client] Sending sample transaction 792
[2026-05-22T09:17:09.571Z INFO  benchmark_client] Sending sample transaction 793
[2026-05-22T09:17:09.624Z INFO  benchmark_client] Sending sample transaction 794
[2026-05-22T09:17:09.672Z INFO  benchmark_client] Sending sample transaction 795
[2026-05-22T09:17:09.722Z INFO  benchmark_client] Sending sample transaction 796
[2026-05-22T09:17:09.772Z INFO  benchmark_client] Sending sample transaction 797
[2026-05-22T09:17:09.821Z INFO  benchmark_client] Sending sample transaction 798
[2026-05-22T09:17:09.871Z INFO  benchmark_client] Sending sample transaction 799
[2026-05-22T09:17:09.922Z INFO  benchmark_client] Sending sample transaction 800
[2026-05-22T09:17:09.973Z INFO  benchmark_client] Sending sample transaction 801
[2026-05-22T09:17:10.021Z INFO  benchmark_client] Sending sample transaction 802
[2026-05-22T09:17:10.072Z INFO  benchmark_client] Sending sample transaction 803
[2026-05-22T09:17:10.121Z INFO  benchmark_client] Sending sample transaction 804
[2026-05-22T09:17:10.173Z INFO  benchmark_client] Sending sample transaction 805
[2026-05-22T09:17:10.222Z INFO  benchmark_client] Sending sample transaction 806
[2026-05-22T09:17:10.271Z INFO  benchmark_client] Sending sample transaction 807
[2026-05-22T09:17:10.322Z INFO  benchmark_client] Sending sample transaction 808
[2026-05-22T09:17:10.372Z INFO  benchmark_client] Sending sample transaction 809
[2026-05-22T09:17:10.421Z INFO  benchmark_client] Sending sample transaction 810
[2026-05-22T09:17:10.471Z INFO  benchmark_client] Sending sample transaction 811
[2026-05-22T09:17:10.521Z INFO  benchmark_client] Sending sample transaction 812
[2026-05-22T09:17:10.571Z INFO  benchmark_client] Sending sample transaction 813
[2026-05-22T09:17:10.621Z INFO  benchmark_client] Sending sample transaction 814
[2026-05-22T09:17:10.671Z INFO  benchmark_client] Sending sample transaction 815
[2026-05-22T09:17:10.722Z INFO  benchmark_client] Sending sample transaction 816
[2026-05-22T09:17:10.771Z INFO  benchmark_client] Sending sample transaction 817
[2026-05-22T09:17:10.824Z INFO  benchmark_client] Sending sample transaction 818
[2026-05-22T09:17:10.873Z INFO  benchmark_client] Sending sample transaction 819
[2026-05-22T09:17:10.924Z INFO  benchmark_client] Sending sample transaction 820
[2026-05-22T09:17:10.971Z INFO  benchmark_client] Sending sample transaction 821
[2026-05-22T09:17:11.021Z INFO  benchmark_client] Sending sample transaction 822
[2026-05-22T09:17:11.072Z INFO  benchmark_client] Sending sample transaction 823
[2026-05-22T09:17:11.121Z INFO  benchmark_client] Sending sample transaction 824
[2026-05-22T09:17:11.171Z INFO  benchmark_client] Sending sample transaction 825
[2026-05-22T09:17:11.225Z INFO  benchmark_client] Sending sample transaction 826
[2026-05-22T09:17:11.272Z INFO  benchmark_client] Sending sample transaction 827
[2026-05-22T09:17:11.322Z INFO  benchmark_client] Sending sample transaction 828
[2026-05-22T09:17:11.371Z INFO  benchmark_client] Sending sample transaction 829
[2026-05-22T09:17:11.422Z INFO  benchmark_client] Sending sample transaction 830
[2026-05-22T09:17:11.471Z INFO  benchmark_client] Sending sample transaction 831
[2026-05-22T09:17:11.521Z INFO  benchmark_client] Sending sample transaction 832
[2026-05-22T09:17:11.571Z INFO  benchmark_client] Sending sample transaction 833
[2026-05-22T09:17:11.627Z INFO  benchmark_client] Sending sample transaction 834
[2026-05-22T09:17:11.670Z INFO  benchmark_client] Sending sample transaction 835
[2026-05-22T09:17:11.722Z INFO  benchmark_client] Sending sample transaction 836
[2026-05-22T09:17:11.772Z INFO  benchmark_client] Sending sample transaction 837
[2026-05-22T09:17:11.823Z INFO  benchmark_client] Sending sample transaction 838
[2026-05-22T09:17:11.872Z INFO  benchmark_client] Sending sample transaction 839
[2026-05-22T09:17:11.920Z INFO  benchmark_client] Sending sample transaction 840
[2026-05-22T09:17:11.973Z INFO  benchmark_client] Sending sample transaction 841
[2026-05-22T09:17:12.020Z INFO  benchmark_client] Sending sample transaction 842
[2026-05-22T09:17:12.071Z INFO  benchmark_client] Sending sample transaction 843
[2026-05-22T09:17:12.120Z INFO  benchmark_client] Sending sample transaction 844
[2026-05-22T09:17:12.170Z INFO  benchmark_client] Sending sample transaction 845
[2026-05-22T09:17:12.224Z INFO  benchmark_client] Sending sample transaction 846
[2026-05-22T09:17:12.271Z INFO  benchmark_client] Sending sample transaction 847
[2026-05-22T09:17:12.322Z INFO  benchmark_client] Sending sample transaction 848
[2026-05-22T09:17:12.370Z INFO  benchmark_client] Sending sample transaction 849
[2026-05-22T09:17:12.421Z INFO  benchmark_client] Sending sample transaction 850
[2026-05-22T09:17:12.470Z INFO  benchmark_client] Sending sample transaction 851
[2026-05-22T09:17:12.522Z INFO  benchmark_client] Sending sample transaction 852
[2026-05-22T09:17:12.575Z INFO  benchmark_client] Sending sample transaction 853
[2026-05-22T09:17:12.620Z INFO  benchmark_client] Sending sample transaction 854
[2026-05-22T09:17:12.670Z INFO  benchmark_client] Sending sample transaction 855
[2026-05-22T09:17:12.720Z INFO  benchmark_client] Sending sample transaction 856
[2026-05-22T09:17:12.771Z INFO  benchmark_client] Sending sample transaction 857
[2026-05-22T09:17:12.820Z INFO  benchmark_client] Sending sample transaction 858
[2026-05-22T09:17:12.870Z INFO  benchmark_client] Sending sample transaction 859
[2026-05-22T09:17:12.922Z INFO  benchmark_client] Sending sample transaction 860
[2026-05-22T09:17:12.973Z INFO  benchmark_client] Sending sample transaction 861
[2026-05-22T09:17:13.020Z INFO  benchmark_client] Sending sample transaction 862
[2026-05-22T09:17:13.070Z INFO  benchmark_client] Sending sample transaction 863
[2026-05-22T09:17:13.120Z INFO  benchmark_client] Sending sample transaction 864
[2026-05-22T09:17:13.171Z INFO  benchmark_client] Sending sample transaction 865
[2026-05-22T09:17:13.220Z INFO  benchmark_client] Sending sample transaction 866
[2026-05-22T09:17:13.270Z INFO  benchmark_client] Sending sample transaction 867
[2026-05-22T09:17:13.320Z INFO  benchmark_client] Sending sample transaction 868
[2026-05-22T09:17:13.372Z INFO  benchmark_client] Sending sample transaction 869
[2026-05-22T09:17:13.423Z INFO  benchmark_client] Sending sample transaction 870
[2026-05-22T09:17:13.470Z INFO  benchmark_client] Sending sample transaction 871
[2026-05-22T09:17:13.520Z INFO  benchmark_client] Sending sample transaction 872
[2026-05-22T09:17:13.570Z INFO  benchmark_client] Sending sample transaction 873
[2026-05-22T09:17:13.623Z INFO  benchmark_client] Sending sample transaction 874
[2026-05-22T09:17:13.670Z INFO  benchmark_client] Sending sample transaction 875
[2026-05-22T09:17:13.722Z INFO  benchmark_client] Sending sample transaction 876
[2026-05-22T09:17:13.770Z INFO  benchmark_client] Sending sample transaction 877
[2026-05-22T09:17:13.821Z INFO  benchmark_client] Sending sample transaction 878
[2026-05-22T09:17:13.872Z INFO  benchmark_client] Sending sample transaction 879
[2026-05-22T09:17:13.920Z INFO  benchmark_client] Sending sample transaction 880
[2026-05-22T09:17:13.972Z INFO  benchmark_client] Sending sample transaction 881
[2026-05-22T09:17:14.020Z INFO  benchmark_client] Sending sample transaction 882
[2026-05-22T09:17:14.070Z INFO  benchmark_client] Sending sample transaction 883
[2026-05-22T09:17:14.122Z INFO  benchmark_client] Sending sample transaction 884
[2026-05-22T09:17:14.170Z INFO  benchmark_client] Sending sample transaction 885
[2026-05-22T09:17:14.220Z INFO  benchmark_client] Sending sample transaction 886
[2026-05-22T09:17:14.272Z INFO  benchmark_client] Sending sample transaction 887
[2026-05-22T09:17:14.322Z INFO  benchmark_client] Sending sample transaction 888
[2026-05-22T09:17:14.371Z INFO  benchmark_client] Sending sample transaction 889
[2026-05-22T09:17:14.421Z INFO  benchmark_client] Sending sample transaction 890
[2026-05-22T09:17:14.470Z INFO  benchmark_client] Sending sample transaction 891
[2026-05-22T09:17:14.525Z INFO  benchmark_client] Sending sample transaction 892
[2026-05-22T09:17:14.571Z INFO  benchmark_client] Sending sample transaction 893
[2026-05-22T09:17:14.621Z INFO  benchmark_client] Sending sample transaction 894
