[2026-05-22T09:16:29.460Z INFO  benchmark_client] Node address: 34.81.252.209:5013
[2026-05-22T09:16:29.460Z INFO  benchmark_client] Transactions size: 512 B
[2026-05-22T09:16:29.460Z INFO  benchmark_client] Transactions rate: 16667 tx/s
[2026-05-22T09:16:29.460Z INFO  benchmark_client] Waiting for all nodes to be online...
[2026-05-22T09:16:29.729Z INFO  benchmark_client] Start sending transactions
[2026-05-22T09:16:29.729Z INFO  benchmark_client] Sending sample transaction 0
[2026-05-22T09:16:29.780Z INFO  benchmark_client] Sending sample transaction 1
[2026-05-22T09:16:29.830Z INFO  benchmark_client] Sending sample transaction 2
[2026-05-22T09:16:29.881Z INFO  benchmark_client] Sending sample transaction 3
[2026-05-22T09:16:29.930Z INFO  benchmark_client] Sending sample transaction 4
[2026-05-22T09:16:29.980Z INFO  benchmark_client] Sending sample transaction 5
[2026-05-22T09:16:30.030Z INFO  benchmark_client] Sending sample transaction 6
[2026-05-22T09:16:30.080Z INFO  benchmark_client] Sending sample transaction 7
[2026-05-22T09:16:30.131Z INFO  benchmark_client] Sending sample transaction 8
[2026-05-22T09:16:30.180Z INFO  benchmark_client] Sending sample transaction 9
[2026-05-22T09:16:30.230Z INFO  benchmark_client] Sending sample transaction 10
[2026-05-22T09:16:30.280Z INFO  benchmark_client] Sending sample transaction 11
[2026-05-22T09:16:30.330Z INFO  benchmark_client] Sending sample transaction 12
[2026-05-22T09:16:30.380Z INFO  benchmark_client] Sending sample transaction 13
[2026-05-22T09:16:30.430Z INFO  benchmark_client] Sending sample transaction 14
[2026-05-22T09:16:30.480Z INFO  benchmark_client] Sending sample transaction 15
[2026-05-22T09:16:30.531Z INFO  benchmark_client] Sending sample transaction 16
[2026-05-22T09:16:30.580Z INFO  benchmark_client] Sending sample transaction 17
[2026-05-22T09:16:30.631Z INFO  benchmark_client] Sending sample transaction 18
[2026-05-22T09:16:30.680Z INFO  benchmark_client] Sending sample transaction 19
[2026-05-22T09:16:30.730Z INFO  benchmark_client] Sending sample transaction 20
[2026-05-22T09:16:30.780Z INFO  benchmark_client] Sending sample transaction 21
[2026-05-22T09:16:30.830Z INFO  benchmark_client] Sending sample transaction 22
[2026-05-22T09:16:30.880Z INFO  benchmark_client] Sending sample transaction 23
[2026-05-22T09:16:30.930Z INFO  benchmark_client] Sending sample transaction 24
[2026-05-22T09:16:30.980Z INFO  benchmark_client] Sending sample transaction 25
[2026-05-22T09:16:31.030Z INFO  benchmark_client] Sending sample transaction 26
[2026-05-22T09:16:31.080Z INFO  benchmark_client] Sending sample transaction 27
[2026-05-22T09:16:31.130Z INFO  benchmark_client] Sending sample transaction 28
[2026-05-22T09:16:31.180Z INFO  benchmark_client] Sending sample transaction 29
[2026-05-22T09:16:31.230Z INFO  benchmark_client] Sending sample transaction 30
[2026-05-22T09:16:31.280Z INFO  benchmark_client] Sending sample transaction 31
[2026-05-22T09:16:31.330Z INFO  benchmark_client] Sending sample transaction 32
[2026-05-22T09:16:31.380Z INFO  benchmark_client] Sending sample transaction 33
[2026-05-22T09:16:31.430Z INFO  benchmark_client] Sending sample transaction 34
[2026-05-22T09:16:31.480Z INFO  benchmark_client] Sending sample transaction 35
[2026-05-22T09:16:31.530Z INFO  benchmark_client] Sending sample transaction 36
[2026-05-22T09:16:31.580Z INFO  benchmark_client] Sending sample transaction 37
[2026-05-22T09:16:31.630Z INFO  benchmark_client] Sending sample transaction 38
[2026-05-22T09:16:31.681Z INFO  benchmark_client] Sending sample transaction 39
[2026-05-22T09:16:31.730Z INFO  benchmark_client] Sending sample transaction 40
[2026-05-22T09:16:31.780Z INFO  benchmark_client] Sending sample transaction 41
[2026-05-22T09:16:31.830Z INFO  benchmark_client] Sending sample transaction 42
[2026-05-22T09:16:31.881Z INFO  benchmark_client] Sending sample transaction 43
[2026-05-22T09:16:31.930Z INFO  benchmark_client] Sending sample transaction 44
[2026-05-22T09:16:31.980Z INFO  benchmark_client] Sending sample transaction 45
[2026-05-22T09:16:32.031Z INFO  benchmark_client] Sending sample transaction 46
[2026-05-22T09:16:32.080Z INFO  benchmark_client] Sending sample transaction 47
[2026-05-22T09:16:32.130Z INFO  benchmark_client] Sending sample transaction 48
[2026-05-22T09:16:32.180Z INFO  benchmark_client] Sending sample transaction 49
[2026-05-22T09:16:32.231Z INFO  benchmark_client] Sending sample transaction 50
[2026-05-22T09:16:32.280Z INFO  benchmark_client] Sending sample transaction 51
[2026-05-22T09:16:32.330Z INFO  benchmark_client] Sending sample transaction 52
[2026-05-22T09:16:32.380Z INFO  benchmark_client] Sending sample transaction 53
[2026-05-22T09:16:32.430Z INFO  benchmark_client] Sending sample transaction 54
[2026-05-22T09:16:32.480Z INFO  benchmark_client] Sending sample transaction 55
[2026-05-22T09:16:32.530Z INFO  benchmark_client] Sending sample transaction 56
[2026-05-22T09:16:32.580Z INFO  benchmark_client] Sending sample transaction 57
[2026-05-22T09:16:32.630Z INFO  benchmark_client] Sending sample transaction 58
[2026-05-22T09:16:32.680Z INFO  benchmark_client] Sending sample transaction 59
[2026-05-22T09:16:32.730Z INFO  benchmark_client] Sending sample transaction 60
[2026-05-22T09:16:32.780Z INFO  benchmark_client] Sending sample transaction 61
[2026-05-22T09:16:32.831Z INFO  benchmark_client] Sending sample transaction 62
[2026-05-22T09:16:32.880Z INFO  benchmark_client] Sending sample transaction 63
[2026-05-22T09:16:32.930Z INFO  benchmark_client] Sending sample transaction 64
[2026-05-22T09:16:32.980Z INFO  benchmark_client] Sending sample transaction 65
[2026-05-22T09:16:33.030Z INFO  benchmark_client] Sending sample transaction 66
[2026-05-22T09:16:33.081Z INFO  benchmark_client] Sending sample transaction 67
[2026-05-22T09:16:33.130Z INFO  benchmark_client] Sending sample transaction 68
[2026-05-22T09:16:33.180Z INFO  benchmark_client] Sending sample transaction 69
[2026-05-22T09:16:33.231Z INFO  benchmark_client] Sending sample transaction 70
[2026-05-22T09:16:33.280Z INFO  benchmark_client] Sending sample transaction 71
[2026-05-22T09:16:33.331Z INFO  benchmark_client] Sending sample transaction 72
[2026-05-22T09:16:33.380Z INFO  benchmark_client] Sending sample transaction 73
[2026-05-22T09:16:33.430Z INFO  benchmark_client] Sending sample transaction 74
[2026-05-22T09:16:33.480Z INFO  benchmark_client] Sending sample transaction 75
[2026-05-22T09:16:33.530Z INFO  benchmark_client] Sending sample transaction 76
[2026-05-22T09:16:33.581Z INFO  benchmark_client] Sending sample transaction 77
[2026-05-22T09:16:33.631Z INFO  benchmark_client] Sending sample transaction 78
[2026-05-22T09:16:33.680Z INFO  benchmark_client] Sending sample transaction 79
[2026-05-22T09:16:33.730Z INFO  benchmark_client] Sending sample transaction 80
[2026-05-22T09:16:33.783Z INFO  benchmark_client] Sending sample transaction 81
[2026-05-22T09:16:33.831Z INFO  benchmark_client] Sending sample transaction 82
[2026-05-22T09:16:33.881Z INFO  benchmark_client] Sending sample transaction 83
[2026-05-22T09:16:33.931Z INFO  benchmark_client] Sending sample transaction 84
[2026-05-22T09:16:33.982Z INFO  benchmark_client] Sending sample transaction 85
[2026-05-22T09:16:34.031Z INFO  benchmark_client] Sending sample transaction 86
[2026-05-22T09:16:34.080Z INFO  benchmark_client] Sending sample transaction 87
[2026-05-22T09:16:34.130Z INFO  benchmark_client] Sending sample transaction 88
[2026-05-22T09:16:34.181Z INFO  benchmark_client] Sending sample transaction 89
[2026-05-22T09:16:34.231Z INFO  benchmark_client] Sending sample transaction 90
[2026-05-22T09:16:34.281Z INFO  benchmark_client] Sending sample transaction 91
[2026-05-22T09:16:34.331Z INFO  benchmark_client] Sending sample transaction 92
[2026-05-22T09:16:34.380Z INFO  benchmark_client] Sending sample transaction 93
[2026-05-22T09:16:34.433Z INFO  benchmark_client] Sending sample transaction 94
[2026-05-22T09:16:34.480Z INFO  benchmark_client] Sending sample transaction 95
[2026-05-22T09:16:34.530Z INFO  benchmark_client] Sending sample transaction 96
[2026-05-22T09:16:34.583Z INFO  benchmark_client] Sending sample transaction 97
[2026-05-22T09:16:34.631Z INFO  benchmark_client] Sending sample transaction 98
[2026-05-22T09:16:34.680Z INFO  benchmark_client] Sending sample transaction 99
[2026-05-22T09:16:34.730Z INFO  benchmark_client] Sending sample transaction 100
[2026-05-22T09:16:34.780Z INFO  benchmark_client] Sending sample transaction 101
[2026-05-22T09:16:34.831Z INFO  benchmark_client] Sending sample transaction 102
[2026-05-22T09:16:34.882Z INFO  benchmark_client] Sending sample transaction 103
[2026-05-22T09:16:34.931Z INFO  benchmark_client] Sending sample transaction 104
[2026-05-22T09:16:34.980Z INFO  benchmark_client] Sending sample transaction 105
[2026-05-22T09:16:35.030Z INFO  benchmark_client] Sending sample transaction 106
[2026-05-22T09:16:35.080Z INFO  benchmark_client] Sending sample transaction 107
[2026-05-22T09:16:35.132Z INFO  benchmark_client] Sending sample transaction 108
[2026-05-22T09:16:35.180Z INFO  benchmark_client] Sending sample transaction 109
[2026-05-22T09:16:35.231Z INFO  benchmark_client] Sending sample transaction 110
[2026-05-22T09:16:35.280Z INFO  benchmark_client] Sending sample transaction 111
[2026-05-22T09:16:35.330Z INFO  benchmark_client] Sending sample transaction 112
[2026-05-22T09:16:35.381Z INFO  benchmark_client] Sending sample transaction 113
[2026-05-22T09:16:35.430Z INFO  benchmark_client] Sending sample transaction 114
[2026-05-22T09:16:35.481Z INFO  benchmark_client] Sending sample transaction 115
[2026-05-22T09:16:35.530Z INFO  benchmark_client] Sending sample transaction 116
[2026-05-22T09:16:35.580Z INFO  benchmark_client] Sending sample transaction 117
[2026-05-22T09:16:35.630Z INFO  benchmark_client] Sending sample transaction 118
[2026-05-22T09:16:35.681Z INFO  benchmark_client] Sending sample transaction 119
[2026-05-22T09:16:35.730Z INFO  benchmark_client] Sending sample transaction 120
[2026-05-22T09:16:35.780Z INFO  benchmark_client] Sending sample transaction 121
[2026-05-22T09:16:35.830Z INFO  benchmark_client] Sending sample transaction 122
[2026-05-22T09:16:35.881Z INFO  benchmark_client] Sending sample transaction 123
[2026-05-22T09:16:35.933Z INFO  benchmark_client] Sending sample transaction 124
[2026-05-22T09:16:35.980Z INFO  benchmark_client] Sending sample transaction 125
[2026-05-22T09:16:36.031Z INFO  benchmark_client] Sending sample transaction 126
[2026-05-22T09:16:36.080Z INFO  benchmark_client] Sending sample transaction 127
[2026-05-22T09:16:36.130Z INFO  benchmark_client] Sending sample transaction 128
[2026-05-22T09:16:36.180Z INFO  benchmark_client] Sending sample transaction 129
[2026-05-22T09:16:36.232Z INFO  benchmark_client] Sending sample transaction 130
[2026-05-22T09:16:36.280Z INFO  benchmark_client] Sending sample transaction 131
[2026-05-22T09:16:36.330Z INFO  benchmark_client] Sending sample transaction 132
[2026-05-22T09:16:36.380Z INFO  benchmark_client] Sending sample transaction 133
[2026-05-22T09:16:36.431Z INFO  benchmark_client] Sending sample transaction 134
[2026-05-22T09:16:36.480Z INFO  benchmark_client] Sending sample transaction 135
[2026-05-22T09:16:36.530Z INFO  benchmark_client] Sending sample transaction 136
[2026-05-22T09:16:36.581Z INFO  benchmark_client] Sending sample transaction 137
[2026-05-22T09:16:36.631Z INFO  benchmark_client] Sending sample transaction 138
[2026-05-22T09:16:36.680Z INFO  benchmark_client] Sending sample transaction 139
[2026-05-22T09:16:36.730Z INFO  benchmark_client] Sending sample transaction 140
[2026-05-22T09:16:36.780Z INFO  benchmark_client] Sending sample transaction 141
[2026-05-22T09:16:36.830Z INFO  benchmark_client] Sending sample transaction 142
[2026-05-22T09:16:36.881Z INFO  benchmark_client] Sending sample transaction 143
[2026-05-22T09:16:36.930Z INFO  benchmark_client] Sending sample transaction 144
[2026-05-22T09:16:36.980Z INFO  benchmark_client] Sending sample transaction 145
[2026-05-22T09:16:37.031Z INFO  benchmark_client] Sending sample transaction 146
[2026-05-22T09:16:37.081Z INFO  benchmark_client] Sending sample transaction 147
[2026-05-22T09:16:37.130Z INFO  benchmark_client] Sending sample transaction 148
[2026-05-22T09:16:37.180Z INFO  benchmark_client] Sending sample transaction 149
[2026-05-22T09:16:37.234Z INFO  benchmark_client] Sending sample transaction 150
[2026-05-22T09:16:37.280Z INFO  benchmark_client] Sending sample transaction 151
[2026-05-22T09:16:37.331Z INFO  benchmark_client] Sending sample transaction 152
[2026-05-22T09:16:37.381Z INFO  benchmark_client] Sending sample transaction 153
[2026-05-22T09:16:37.430Z INFO  benchmark_client] Sending sample transaction 154
[2026-05-22T09:16:37.480Z INFO  benchmark_client] Sending sample transaction 155
[2026-05-22T09:16:37.531Z INFO  benchmark_client] Sending sample transaction 156
[2026-05-22T09:16:37.580Z INFO  benchmark_client] Sending sample transaction 157
[2026-05-22T09:16:37.631Z INFO  benchmark_client] Sending sample transaction 158
[2026-05-22T09:16:37.681Z INFO  benchmark_client] Sending sample transaction 159
[2026-05-22T09:16:37.732Z INFO  benchmark_client] Sending sample transaction 160
[2026-05-22T09:16:37.781Z INFO  benchmark_client] Sending sample transaction 161
[2026-05-22T09:16:37.830Z INFO  benchmark_client] Sending sample transaction 162
[2026-05-22T09:16:37.881Z INFO  benchmark_client] Sending sample transaction 163
[2026-05-22T09:16:37.931Z INFO  benchmark_client] Sending sample transaction 164
[2026-05-22T09:16:37.981Z INFO  benchmark_client] Sending sample transaction 165
[2026-05-22T09:16:38.031Z INFO  benchmark_client] Sending sample transaction 166
[2026-05-22T09:16:38.081Z INFO  benchmark_client] Sending sample transaction 167
[2026-05-22T09:16:38.133Z INFO  benchmark_client] Sending sample transaction 168
[2026-05-22T09:16:38.181Z INFO  benchmark_client] Sending sample transaction 169
[2026-05-22T09:16:38.231Z INFO  benchmark_client] Sending sample transaction 170
[2026-05-22T09:16:38.281Z INFO  benchmark_client] Sending sample transaction 171
[2026-05-22T09:16:38.331Z INFO  benchmark_client] Sending sample transaction 172
[2026-05-22T09:16:38.381Z INFO  benchmark_client] Sending sample transaction 173
[2026-05-22T09:16:38.432Z INFO  benchmark_client] Sending sample transaction 174
[2026-05-22T09:16:38.481Z INFO  benchmark_client] Sending sample transaction 175
[2026-05-22T09:16:38.531Z INFO  benchmark_client] Sending sample transaction 176
[2026-05-22T09:16:38.580Z INFO  benchmark_client] Sending sample transaction 177
[2026-05-22T09:16:38.630Z INFO  benchmark_client] Sending sample transaction 178
[2026-05-22T09:16:38.683Z INFO  benchmark_client] Sending sample transaction 179
[2026-05-22T09:16:38.732Z INFO  benchmark_client] Sending sample transaction 180
[2026-05-22T09:16:38.781Z INFO  benchmark_client] Sending sample transaction 181
[2026-05-22T09:16:38.831Z INFO  benchmark_client] Sending sample transaction 182
[2026-05-22T09:16:38.884Z INFO  benchmark_client] Sending sample transaction 183
[2026-05-22T09:16:38.931Z INFO  benchmark_client] Sending sample transaction 184
[2026-05-22T09:16:38.980Z INFO  benchmark_client] Sending sample transaction 185
[2026-05-22T09:16:39.031Z INFO  benchmark_client] Sending sample transaction 186
[2026-05-22T09:16:39.080Z INFO  benchmark_client] Sending sample transaction 187
[2026-05-22T09:16:39.130Z INFO  benchmark_client] Sending sample transaction 188
[2026-05-22T09:16:39.181Z INFO  benchmark_client] Sending sample transaction 189
[2026-05-22T09:16:39.231Z INFO  benchmark_client] Sending sample transaction 190
[2026-05-22T09:16:39.281Z INFO  benchmark_client] Sending sample transaction 191
[2026-05-22T09:16:39.331Z INFO  benchmark_client] Sending sample transaction 192
[2026-05-22T09:16:39.380Z INFO  benchmark_client] Sending sample transaction 193
[2026-05-22T09:16:39.431Z INFO  benchmark_client] Sending sample transaction 194
[2026-05-22T09:16:39.481Z INFO  benchmark_client] Sending sample transaction 195
[2026-05-22T09:16:39.531Z INFO  benchmark_client] Sending sample transaction 196
[2026-05-22T09:16:39.582Z INFO  benchmark_client] Sending sample transaction 197
[2026-05-22T09:16:39.631Z INFO  benchmark_client] Sending sample transaction 198
[2026-05-22T09:16:39.681Z INFO  benchmark_client] Sending sample transaction 199
[2026-05-22T09:16:39.731Z INFO  benchmark_client] Sending sample transaction 200
[2026-05-22T09:16:39.781Z INFO  benchmark_client] Sending sample transaction 201
[2026-05-22T09:16:39.830Z INFO  benchmark_client] Sending sample transaction 202
[2026-05-22T09:16:39.880Z INFO  benchmark_client] Sending sample transaction 203
[2026-05-22T09:16:39.930Z INFO  benchmark_client] Sending sample transaction 204
[2026-05-22T09:16:39.981Z INFO  benchmark_client] Sending sample transaction 205
[2026-05-22T09:16:40.031Z INFO  benchmark_client] Sending sample transaction 206
[2026-05-22T09:16:40.081Z INFO  benchmark_client] Sending sample transaction 207
[2026-05-22T09:16:40.131Z INFO  benchmark_client] Sending sample transaction 208
[2026-05-22T09:16:40.180Z INFO  benchmark_client] Sending sample transaction 209
[2026-05-22T09:16:40.232Z INFO  benchmark_client] Sending sample transaction 210
[2026-05-22T09:16:40.281Z INFO  benchmark_client] Sending sample transaction 211
[2026-05-22T09:16:40.331Z INFO  benchmark_client] Sending sample transaction 212
[2026-05-22T09:16:40.381Z INFO  benchmark_client] Sending sample transaction 213
[2026-05-22T09:16:40.431Z INFO  benchmark_client] Sending sample transaction 214
[2026-05-22T09:16:40.480Z INFO  benchmark_client] Sending sample transaction 215
[2026-05-22T09:16:40.534Z INFO  benchmark_client] Sending sample transaction 216
[2026-05-22T09:16:40.581Z INFO  benchmark_client] Sending sample transaction 217
[2026-05-22T09:16:40.632Z INFO  benchmark_client] Sending sample transaction 218
[2026-05-22T09:16:40.681Z INFO  benchmark_client] Sending sample transaction 219
[2026-05-22T09:16:40.732Z INFO  benchmark_client] Sending sample transaction 220
[2026-05-22T09:16:40.782Z INFO  benchmark_client] Sending sample transaction 221
[2026-05-22T09:16:40.832Z INFO  benchmark_client] Sending sample transaction 222
[2026-05-22T09:16:40.882Z INFO  benchmark_client] Sending sample transaction 223
[2026-05-22T09:16:40.931Z INFO  benchmark_client] Sending sample transaction 224
[2026-05-22T09:16:40.981Z INFO  benchmark_client] Sending sample transaction 225
[2026-05-22T09:16:41.030Z INFO  benchmark_client] Sending sample transaction 226
[2026-05-22T09:16:41.080Z INFO  benchmark_client] Sending sample transaction 227
[2026-05-22T09:16:41.131Z INFO  benchmark_client] Sending sample transaction 228
[2026-05-22T09:16:41.180Z INFO  benchmark_client] Sending sample transaction 229
[2026-05-22T09:16:41.230Z INFO  benchmark_client] Sending sample transaction 230
[2026-05-22T09:16:41.280Z INFO  benchmark_client] Sending sample transaction 231
[2026-05-22T09:16:41.330Z INFO  benchmark_client] Sending sample transaction 232
[2026-05-22T09:16:41.380Z INFO  benchmark_client] Sending sample transaction 233
[2026-05-22T09:16:41.433Z INFO  benchmark_client] Sending sample transaction 234
[2026-05-22T09:16:41.481Z INFO  benchmark_client] Sending sample transaction 235
[2026-05-22T09:16:41.531Z INFO  benchmark_client] Sending sample transaction 236
[2026-05-22T09:16:41.580Z INFO  benchmark_client] Sending sample transaction 237
[2026-05-22T09:16:41.633Z INFO  benchmark_client] Sending sample transaction 238
[2026-05-22T09:16:41.683Z INFO  benchmark_client] Sending sample transaction 239
[2026-05-22T09:16:41.731Z INFO  benchmark_client] Sending sample transaction 240
[2026-05-22T09:16:41.781Z INFO  benchmark_client] Sending sample transaction 241
[2026-05-22T09:16:41.831Z INFO  benchmark_client] Sending sample transaction 242
[2026-05-22T09:16:41.882Z INFO  benchmark_client] Sending sample transaction 243
[2026-05-22T09:16:41.931Z INFO  benchmark_client] Sending sample transaction 244
[2026-05-22T09:16:41.983Z INFO  benchmark_client] Sending sample transaction 245
[2026-05-22T09:16:42.031Z INFO  benchmark_client] Sending sample transaction 246
[2026-05-22T09:16:42.082Z INFO  benchmark_client] Sending sample transaction 247
[2026-05-22T09:16:42.131Z INFO  benchmark_client] Sending sample transaction 248
[2026-05-22T09:16:42.181Z INFO  benchmark_client] Sending sample transaction 249
[2026-05-22T09:16:42.231Z INFO  benchmark_client] Sending sample transaction 250
[2026-05-22T09:16:42.282Z INFO  benchmark_client] Sending sample transaction 251
[2026-05-22T09:16:42.331Z INFO  benchmark_client] Sending sample transaction 252
[2026-05-22T09:16:42.381Z INFO  benchmark_client] Sending sample transaction 253
[2026-05-22T09:16:42.430Z INFO  benchmark_client] Sending sample transaction 254
[2026-05-22T09:16:42.483Z INFO  benchmark_client] Sending sample transaction 255
[2026-05-22T09:16:42.531Z INFO  benchmark_client] Sending sample transaction 256
[2026-05-22T09:16:42.581Z INFO  benchmark_client] Sending sample transaction 257
[2026-05-22T09:16:42.630Z INFO  benchmark_client] Sending sample transaction 258
[2026-05-22T09:16:42.681Z INFO  benchmark_client] Sending sample transaction 259
[2026-05-22T09:16:42.731Z INFO  benchmark_client] Sending sample transaction 260
[2026-05-22T09:16:42.781Z INFO  benchmark_client] Sending sample transaction 261
[2026-05-22T09:16:42.831Z INFO  benchmark_client] Sending sample transaction 262
[2026-05-22T09:16:42.881Z INFO  benchmark_client] Sending sample transaction 263
[2026-05-22T09:16:42.932Z INFO  benchmark_client] Sending sample transaction 264
[2026-05-22T09:16:42.981Z INFO  benchmark_client] Sending sample transaction 265
[2026-05-22T09:16:43.030Z INFO  benchmark_client] Sending sample transaction 266
[2026-05-22T09:16:43.082Z INFO  benchmark_client] Sending sample transaction 267
[2026-05-22T09:16:43.132Z INFO  benchmark_client] Sending sample transaction 268
[2026-05-22T09:16:43.180Z INFO  benchmark_client] Sending sample transaction 269
[2026-05-22T09:16:43.230Z INFO  benchmark_client] Sending sample transaction 270
[2026-05-22T09:16:43.280Z INFO  benchmark_client] Sending sample transaction 271
[2026-05-22T09:16:43.330Z INFO  benchmark_client] Sending sample transaction 272
[2026-05-22T09:16:43.381Z INFO  benchmark_client] Sending sample transaction 273
[2026-05-22T09:16:43.430Z INFO  benchmark_client] Sending sample transaction 274
[2026-05-22T09:16:43.481Z INFO  benchmark_client] Sending sample transaction 275
[2026-05-22T09:16:43.531Z INFO  benchmark_client] Sending sample transaction 276
[2026-05-22T09:16:43.581Z INFO  benchmark_client] Sending sample transaction 277
[2026-05-22T09:16:43.632Z INFO  benchmark_client] Sending sample transaction 278
[2026-05-22T09:16:43.683Z INFO  benchmark_client] Sending sample transaction 279
[2026-05-22T09:16:43.732Z INFO  benchmark_client] Sending sample transaction 280
[2026-05-22T09:16:43.780Z INFO  benchmark_client] Sending sample transaction 281
[2026-05-22T09:16:43.831Z INFO  benchmark_client] Sending sample transaction 282
[2026-05-22T09:16:43.881Z INFO  benchmark_client] Sending sample transaction 283
[2026-05-22T09:16:43.931Z INFO  benchmark_client] Sending sample transaction 284
[2026-05-22T09:16:43.981Z INFO  benchmark_client] Sending sample transaction 285
[2026-05-22T09:16:44.031Z INFO  benchmark_client] Sending sample transaction 286
[2026-05-22T09:16:44.080Z INFO  benchmark_client] Sending sample transaction 287
[2026-05-22T09:16:44.131Z INFO  benchmark_client] Sending sample transaction 288
[2026-05-22T09:16:44.181Z INFO  benchmark_client] Sending sample transaction 289
[2026-05-22T09:16:44.231Z INFO  benchmark_client] Sending sample transaction 290
[2026-05-22T09:16:44.281Z INFO  benchmark_client] Sending sample transaction 291
[2026-05-22T09:16:44.331Z INFO  benchmark_client] Sending sample transaction 292
[2026-05-22T09:16:44.382Z INFO  benchmark_client] Sending sample transaction 293
[2026-05-22T09:16:44.431Z INFO  benchmark_client] Sending sample transaction 294
[2026-05-22T09:16:44.481Z INFO  benchmark_client] Sending sample transaction 295
[2026-05-22T09:16:44.530Z INFO  benchmark_client] Sending sample transaction 296
[2026-05-22T09:16:44.580Z INFO  benchmark_client] Sending sample transaction 297
[2026-05-22T09:16:44.631Z INFO  benchmark_client] Sending sample transaction 298
[2026-05-22T09:16:44.680Z INFO  benchmark_client] Sending sample transaction 299
[2026-05-22T09:16:44.733Z INFO  benchmark_client] Sending sample transaction 300
[2026-05-22T09:16:44.780Z INFO  benchmark_client] Sending sample transaction 301
[2026-05-22T09:16:44.831Z INFO  benchmark_client] Sending sample transaction 302
[2026-05-22T09:16:44.881Z INFO  benchmark_client] Sending sample transaction 303
[2026-05-22T09:16:44.931Z INFO  benchmark_client] Sending sample transaction 304
[2026-05-22T09:16:44.981Z INFO  benchmark_client] Sending sample transaction 305
[2026-05-22T09:16:45.031Z INFO  benchmark_client] Sending sample transaction 306
[2026-05-22T09:16:45.081Z INFO  benchmark_client] Sending sample transaction 307
[2026-05-22T09:16:45.132Z INFO  benchmark_client] Sending sample transaction 308
[2026-05-22T09:16:45.180Z INFO  benchmark_client] Sending sample transaction 309
[2026-05-22T09:16:45.231Z INFO  benchmark_client] Sending sample transaction 310
[2026-05-22T09:16:45.281Z INFO  benchmark_client] Sending sample transaction 311
[2026-05-22T09:16:45.331Z INFO  benchmark_client] Sending sample transaction 312
[2026-05-22T09:16:45.380Z INFO  benchmark_client] Sending sample transaction 313
[2026-05-22T09:16:45.431Z INFO  benchmark_client] Sending sample transaction 314
[2026-05-22T09:16:45.481Z INFO  benchmark_client] Sending sample transaction 315
[2026-05-22T09:16:45.531Z INFO  benchmark_client] Sending sample transaction 316
[2026-05-22T09:16:45.581Z INFO  benchmark_client] Sending sample transaction 317
[2026-05-22T09:16:45.631Z INFO  benchmark_client] Sending sample transaction 318
[2026-05-22T09:16:45.681Z INFO  benchmark_client] Sending sample transaction 319
[2026-05-22T09:16:45.734Z INFO  benchmark_client] Sending sample transaction 320
[2026-05-22T09:16:45.781Z INFO  benchmark_client] Sending sample transaction 321
[2026-05-22T09:16:45.831Z INFO  benchmark_client] Sending sample transaction 322
[2026-05-22T09:16:45.881Z INFO  benchmark_client] Sending sample transaction 323
[2026-05-22T09:16:45.931Z INFO  benchmark_client] Sending sample transaction 324
[2026-05-22T09:16:45.981Z INFO  benchmark_client] Sending sample transaction 325
[2026-05-22T09:16:46.033Z INFO  benchmark_client] Sending sample transaction 326
[2026-05-22T09:16:46.081Z INFO  benchmark_client] Sending sample transaction 327
[2026-05-22T09:16:46.131Z INFO  benchmark_client] Sending sample transaction 328
[2026-05-22T09:16:46.182Z INFO  benchmark_client] Sending sample transaction 329
[2026-05-22T09:16:46.231Z INFO  benchmark_client] Sending sample transaction 330
[2026-05-22T09:16:46.282Z INFO  benchmark_client] Sending sample transaction 331
[2026-05-22T09:16:46.331Z INFO  benchmark_client] Sending sample transaction 332
[2026-05-22T09:16:46.381Z INFO  benchmark_client] Sending sample transaction 333
[2026-05-22T09:16:46.431Z INFO  benchmark_client] Sending sample transaction 334
[2026-05-22T09:16:46.481Z INFO  benchmark_client] Sending sample transaction 335
[2026-05-22T09:16:46.535Z INFO  benchmark_client] Sending sample transaction 336
[2026-05-22T09:16:46.580Z INFO  benchmark_client] Sending sample transaction 337
[2026-05-22T09:16:46.631Z INFO  benchmark_client] Sending sample transaction 338
[2026-05-22T09:16:46.682Z INFO  benchmark_client] Sending sample transaction 339
[2026-05-22T09:16:46.730Z INFO  benchmark_client] Sending sample transaction 340
[2026-05-22T09:16:46.781Z INFO  benchmark_client] Sending sample transaction 341
[2026-05-22T09:16:46.831Z INFO  benchmark_client] Sending sample transaction 342
[2026-05-22T09:16:46.882Z INFO  benchmark_client] Sending sample transaction 343
[2026-05-22T09:16:46.931Z INFO  benchmark_client] Sending sample transaction 344
[2026-05-22T09:16:46.981Z INFO  benchmark_client] Sending sample transaction 345
[2026-05-22T09:16:47.033Z INFO  benchmark_client] Sending sample transaction 346
[2026-05-22T09:16:47.082Z INFO  benchmark_client] Sending sample transaction 347
[2026-05-22T09:16:47.130Z INFO  benchmark_client] Sending sample transaction 348
[2026-05-22T09:16:47.180Z INFO  benchmark_client] Sending sample transaction 349
[2026-05-22T09:16:47.231Z INFO  benchmark_client] Sending sample transaction 350
[2026-05-22T09:16:47.281Z INFO  benchmark_client] Sending sample transaction 351
[2026-05-22T09:16:47.330Z INFO  benchmark_client] Sending sample transaction 352
[2026-05-22T09:16:47.384Z INFO  benchmark_client] Sending sample transaction 353
[2026-05-22T09:16:47.431Z INFO  benchmark_client] Sending sample transaction 354
[2026-05-22T09:16:47.481Z INFO  benchmark_client] Sending sample transaction 355
[2026-05-22T09:16:47.531Z INFO  benchmark_client] Sending sample transaction 356
[2026-05-22T09:16:47.581Z INFO  benchmark_client] Sending sample transaction 357
[2026-05-22T09:16:47.631Z INFO  benchmark_client] Sending sample transaction 358
[2026-05-22T09:16:47.681Z INFO  benchmark_client] Sending sample transaction 359
[2026-05-22T09:16:47.731Z INFO  benchmark_client] Sending sample transaction 360
[2026-05-22T09:16:47.781Z INFO  benchmark_client] Sending sample transaction 361
[2026-05-22T09:16:47.831Z INFO  benchmark_client] Sending sample transaction 362
[2026-05-22T09:16:47.881Z INFO  benchmark_client] Sending sample transaction 363
[2026-05-22T09:16:47.931Z INFO  benchmark_client] Sending sample transaction 364
[2026-05-22T09:16:47.981Z INFO  benchmark_client] Sending sample transaction 365
[2026-05-22T09:16:48.032Z INFO  benchmark_client] Sending sample transaction 366
[2026-05-22T09:16:48.081Z INFO  benchmark_client] Sending sample transaction 367
[2026-05-22T09:16:48.131Z INFO  benchmark_client] Sending sample transaction 368
[2026-05-22T09:16:48.181Z INFO  benchmark_client] Sending sample transaction 369
[2026-05-22T09:16:48.234Z INFO  benchmark_client] Sending sample transaction 370
[2026-05-22T09:16:48.284Z INFO  benchmark_client] Sending sample transaction 371
[2026-05-22T09:16:48.331Z INFO  benchmark_client] Sending sample transaction 372
[2026-05-22T09:16:48.381Z INFO  benchmark_client] Sending sample transaction 373
[2026-05-22T09:16:48.434Z INFO  benchmark_client] Sending sample transaction 374
[2026-05-22T09:16:48.481Z INFO  benchmark_client] Sending sample transaction 375
[2026-05-22T09:16:48.531Z INFO  benchmark_client] Sending sample transaction 376
[2026-05-22T09:16:48.581Z INFO  benchmark_client] Sending sample transaction 377
[2026-05-22T09:16:48.631Z INFO  benchmark_client] Sending sample transaction 378
[2026-05-22T09:16:48.683Z INFO  benchmark_client] Sending sample transaction 379
[2026-05-22T09:16:48.731Z INFO  benchmark_client] Sending sample transaction 380
[2026-05-22T09:16:48.783Z INFO  benchmark_client] Sending sample transaction 381
[2026-05-22T09:16:48.832Z INFO  benchmark_client] Sending sample transaction 382
[2026-05-22T09:16:48.881Z INFO  benchmark_client] Sending sample transaction 383
[2026-05-22T09:16:48.933Z INFO  benchmark_client] Sending sample transaction 384
[2026-05-22T09:16:48.981Z INFO  benchmark_client] Sending sample transaction 385
[2026-05-22T09:16:49.031Z INFO  benchmark_client] Sending sample transaction 386
[2026-05-22T09:16:49.081Z INFO  benchmark_client] Sending sample transaction 387
[2026-05-22T09:16:49.134Z INFO  benchmark_client] Sending sample transaction 388
[2026-05-22T09:16:49.181Z INFO  benchmark_client] Sending sample transaction 389
[2026-05-22T09:16:49.236Z INFO  benchmark_client] Sending sample transaction 390
[2026-05-22T09:16:49.281Z INFO  benchmark_client] Sending sample transaction 391
[2026-05-22T09:16:49.331Z INFO  benchmark_client] Sending sample transaction 392
[2026-05-22T09:16:49.381Z INFO  benchmark_client] Sending sample transaction 393
[2026-05-22T09:16:49.431Z INFO  benchmark_client] Sending sample transaction 394
[2026-05-22T09:16:49.481Z INFO  benchmark_client] Sending sample transaction 395
[2026-05-22T09:16:49.531Z INFO  benchmark_client] Sending sample transaction 396
[2026-05-22T09:16:49.581Z INFO  benchmark_client] Sending sample transaction 397
[2026-05-22T09:16:49.631Z INFO  benchmark_client] Sending sample transaction 398
[2026-05-22T09:16:49.681Z INFO  benchmark_client] Sending sample transaction 399
[2026-05-22T09:16:49.731Z INFO  benchmark_client] Sending sample transaction 400
[2026-05-22T09:16:49.781Z INFO  benchmark_client] Sending sample transaction 401
[2026-05-22T09:16:49.831Z INFO  benchmark_client] Sending sample transaction 402
[2026-05-22T09:16:49.881Z INFO  benchmark_client] Sending sample transaction 403
[2026-05-22T09:16:49.931Z INFO  benchmark_client] Sending sample transaction 404
[2026-05-22T09:16:49.981Z INFO  benchmark_client] Sending sample transaction 405
[2026-05-22T09:16:50.031Z INFO  benchmark_client] Sending sample transaction 406
[2026-05-22T09:16:50.081Z INFO  benchmark_client] Sending sample transaction 407
[2026-05-22T09:16:50.131Z INFO  benchmark_client] Sending sample transaction 408
[2026-05-22T09:16:50.181Z INFO  benchmark_client] Sending sample transaction 409
[2026-05-22T09:16:50.232Z INFO  benchmark_client] Sending sample transaction 410
[2026-05-22T09:16:50.282Z INFO  benchmark_client] Sending sample transaction 411
[2026-05-22T09:16:50.334Z INFO  benchmark_client] Sending sample transaction 412
[2026-05-22T09:16:50.381Z INFO  benchmark_client] Sending sample transaction 413
[2026-05-22T09:16:50.431Z INFO  benchmark_client] Sending sample transaction 414
[2026-05-22T09:16:50.481Z INFO  benchmark_client] Sending sample transaction 415
[2026-05-22T09:16:50.535Z INFO  benchmark_client] Sending sample transaction 416
[2026-05-22T09:16:50.581Z INFO  benchmark_client] Sending sample transaction 417
[2026-05-22T09:16:50.631Z INFO  benchmark_client] Sending sample transaction 418
[2026-05-22T09:16:50.682Z INFO  benchmark_client] Sending sample transaction 419
[2026-05-22T09:16:50.731Z INFO  benchmark_client] Sending sample transaction 420
[2026-05-22T09:16:50.781Z INFO  benchmark_client] Sending sample transaction 421
[2026-05-22T09:16:50.832Z INFO  benchmark_client] Sending sample transaction 422
[2026-05-22T09:16:50.881Z INFO  benchmark_client] Sending sample transaction 423
[2026-05-22T09:16:50.932Z INFO  benchmark_client] Sending sample transaction 424
[2026-05-22T09:16:50.981Z INFO  benchmark_client] Sending sample transaction 425
[2026-05-22T09:16:51.032Z INFO  benchmark_client] Sending sample transaction 426
[2026-05-22T09:16:51.081Z INFO  benchmark_client] Sending sample transaction 427
[2026-05-22T09:16:51.131Z INFO  benchmark_client] Sending sample transaction 428
[2026-05-22T09:16:51.181Z INFO  benchmark_client] Sending sample transaction 429
[2026-05-22T09:16:51.232Z INFO  benchmark_client] Sending sample transaction 430
[2026-05-22T09:16:51.282Z INFO  benchmark_client] Sending sample transaction 431
[2026-05-22T09:16:51.331Z INFO  benchmark_client] Sending sample transaction 432
[2026-05-22T09:16:51.382Z INFO  benchmark_client] Sending sample transaction 433
[2026-05-22T09:16:51.431Z INFO  benchmark_client] Sending sample transaction 434
[2026-05-22T09:16:51.481Z INFO  benchmark_client] Sending sample transaction 435
[2026-05-22T09:16:51.531Z INFO  benchmark_client] Sending sample transaction 436
[2026-05-22T09:16:51.581Z INFO  benchmark_client] Sending sample transaction 437
[2026-05-22T09:16:51.631Z INFO  benchmark_client] Sending sample transaction 438
[2026-05-22T09:16:51.681Z INFO  benchmark_client] Sending sample transaction 439
[2026-05-22T09:16:51.731Z INFO  benchmark_client] Sending sample transaction 440
[2026-05-22T09:16:51.782Z INFO  benchmark_client] Sending sample transaction 441
[2026-05-22T09:16:51.831Z INFO  benchmark_client] Sending sample transaction 442
[2026-05-22T09:16:51.881Z INFO  benchmark_client] Sending sample transaction 443
[2026-05-22T09:16:51.931Z INFO  benchmark_client] Sending sample transaction 444
[2026-05-22T09:16:51.983Z INFO  benchmark_client] Sending sample transaction 445
[2026-05-22T09:16:52.031Z INFO  benchmark_client] Sending sample transaction 446
[2026-05-22T09:16:52.082Z INFO  benchmark_client] Sending sample transaction 447
[2026-05-22T09:16:52.132Z INFO  benchmark_client] Sending sample transaction 448
[2026-05-22T09:16:52.180Z INFO  benchmark_client] Sending sample transaction 449
[2026-05-22T09:16:52.232Z INFO  benchmark_client] Sending sample transaction 450
[2026-05-22T09:16:52.282Z INFO  benchmark_client] Sending sample transaction 451
[2026-05-22T09:16:52.331Z INFO  benchmark_client] Sending sample transaction 452
[2026-05-22T09:16:52.381Z INFO  benchmark_client] Sending sample transaction 453
[2026-05-22T09:16:52.431Z INFO  benchmark_client] Sending sample transaction 454
[2026-05-22T09:16:52.481Z INFO  benchmark_client] Sending sample transaction 455
[2026-05-22T09:16:52.531Z INFO  benchmark_client] Sending sample transaction 456
[2026-05-22T09:16:52.581Z INFO  benchmark_client] Sending sample transaction 457
[2026-05-22T09:16:52.634Z INFO  benchmark_client] Sending sample transaction 458
[2026-05-22T09:16:52.681Z INFO  benchmark_client] Sending sample transaction 459
[2026-05-22T09:16:52.731Z INFO  benchmark_client] Sending sample transaction 460
[2026-05-22T09:16:52.781Z INFO  benchmark_client] Sending sample transaction 461
[2026-05-22T09:16:52.831Z INFO  benchmark_client] Sending sample transaction 462
[2026-05-22T09:16:52.881Z INFO  benchmark_client] Sending sample transaction 463
[2026-05-22T09:16:52.931Z INFO  benchmark_client] Sending sample transaction 464
[2026-05-22T09:16:52.983Z INFO  benchmark_client] Sending sample transaction 465
[2026-05-22T09:16:53.031Z INFO  benchmark_client] Sending sample transaction 466
[2026-05-22T09:16:53.083Z INFO  benchmark_client] Sending sample transaction 467
[2026-05-22T09:16:53.132Z INFO  benchmark_client] Sending sample transaction 468
[2026-05-22T09:16:53.181Z INFO  benchmark_client] Sending sample transaction 469
[2026-05-22T09:16:53.236Z INFO  benchmark_client] Sending sample transaction 470
[2026-05-22T09:16:53.282Z INFO  benchmark_client] Sending sample transaction 471
[2026-05-22T09:16:53.331Z INFO  benchmark_client] Sending sample transaction 472
[2026-05-22T09:16:53.381Z INFO  benchmark_client] Sending sample transaction 473
[2026-05-22T09:16:53.432Z INFO  benchmark_client] Sending sample transaction 474
[2026-05-22T09:16:53.482Z INFO  benchmark_client] Sending sample transaction 475
[2026-05-22T09:16:53.531Z INFO  benchmark_client] Sending sample transaction 476
[2026-05-22T09:16:53.581Z INFO  benchmark_client] Sending sample transaction 477
[2026-05-22T09:16:53.635Z INFO  benchmark_client] Sending sample transaction 478
[2026-05-22T09:16:53.681Z INFO  benchmark_client] Sending sample transaction 479
[2026-05-22T09:16:53.731Z INFO  benchmark_client] Sending sample transaction 480
[2026-05-22T09:16:53.781Z INFO  benchmark_client] Sending sample transaction 481
[2026-05-22T09:16:53.833Z INFO  benchmark_client] Sending sample transaction 482
[2026-05-22T09:16:53.881Z INFO  benchmark_client] Sending sample transaction 483
[2026-05-22T09:16:53.931Z INFO  benchmark_client] Sending sample transaction 484
[2026-05-22T09:16:53.981Z INFO  benchmark_client] Sending sample transaction 485
[2026-05-22T09:16:54.032Z INFO  benchmark_client] Sending sample transaction 486
[2026-05-22T09:16:54.081Z INFO  benchmark_client] Sending sample transaction 487
[2026-05-22T09:16:54.131Z INFO  benchmark_client] Sending sample transaction 488
[2026-05-22T09:16:54.181Z INFO  benchmark_client] Sending sample transaction 489
[2026-05-22T09:16:54.233Z INFO  benchmark_client] Sending sample transaction 490
[2026-05-22T09:16:54.281Z INFO  benchmark_client] Sending sample transaction 491
[2026-05-22T09:16:54.331Z INFO  benchmark_client] Sending sample transaction 492
[2026-05-22T09:16:54.381Z INFO  benchmark_client] Sending sample transaction 493
[2026-05-22T09:16:54.432Z INFO  benchmark_client] Sending sample transaction 494
[2026-05-22T09:16:54.481Z INFO  benchmark_client] Sending sample transaction 495
[2026-05-22T09:16:54.531Z INFO  benchmark_client] Sending sample transaction 496
[2026-05-22T09:16:54.581Z INFO  benchmark_client] Sending sample transaction 497
[2026-05-22T09:16:54.632Z INFO  benchmark_client] Sending sample transaction 498
[2026-05-22T09:16:54.681Z INFO  benchmark_client] Sending sample transaction 499
[2026-05-22T09:16:54.731Z INFO  benchmark_client] Sending sample transaction 500
[2026-05-22T09:16:54.782Z INFO  benchmark_client] Sending sample transaction 501
[2026-05-22T09:16:54.832Z INFO  benchmark_client] Sending sample transaction 502
[2026-05-22T09:16:54.881Z INFO  benchmark_client] Sending sample transaction 503
[2026-05-22T09:16:54.931Z INFO  benchmark_client] Sending sample transaction 504
[2026-05-22T09:16:54.981Z INFO  benchmark_client] Sending sample transaction 505
[2026-05-22T09:16:55.031Z INFO  benchmark_client] Sending sample transaction 506
[2026-05-22T09:16:55.081Z INFO  benchmark_client] Sending sample transaction 507
[2026-05-22T09:16:55.131Z INFO  benchmark_client] Sending sample transaction 508
[2026-05-22T09:16:55.182Z INFO  benchmark_client] Sending sample transaction 509
[2026-05-22T09:16:55.231Z INFO  benchmark_client] Sending sample transaction 510
[2026-05-22T09:16:55.281Z INFO  benchmark_client] Sending sample transaction 511
[2026-05-22T09:16:55.331Z INFO  benchmark_client] Sending sample transaction 512
[2026-05-22T09:16:55.382Z INFO  benchmark_client] Sending sample transaction 513
[2026-05-22T09:16:55.431Z INFO  benchmark_client] Sending sample transaction 514
[2026-05-22T09:16:55.481Z INFO  benchmark_client] Sending sample transaction 515
[2026-05-22T09:16:55.533Z INFO  benchmark_client] Sending sample transaction 516
[2026-05-22T09:16:55.582Z INFO  benchmark_client] Sending sample transaction 517
[2026-05-22T09:16:55.631Z INFO  benchmark_client] Sending sample transaction 518
[2026-05-22T09:16:55.681Z INFO  benchmark_client] Sending sample transaction 519
[2026-05-22T09:16:55.731Z INFO  benchmark_client] Sending sample transaction 520
[2026-05-22T09:16:55.782Z INFO  benchmark_client] Sending sample transaction 521
[2026-05-22T09:16:55.831Z INFO  benchmark_client] Sending sample transaction 522
[2026-05-22T09:16:55.881Z INFO  benchmark_client] Sending sample transaction 523
[2026-05-22T09:16:55.932Z INFO  benchmark_client] Sending sample transaction 524
[2026-05-22T09:16:55.982Z INFO  benchmark_client] Sending sample transaction 525
[2026-05-22T09:16:56.033Z INFO  benchmark_client] Sending sample transaction 526
[2026-05-22T09:16:56.083Z INFO  benchmark_client] Sending sample transaction 527
[2026-05-22T09:16:56.131Z INFO  benchmark_client] Sending sample transaction 528
[2026-05-22T09:16:56.181Z INFO  benchmark_client] Sending sample transaction 529
[2026-05-22T09:16:56.230Z INFO  benchmark_client] Sending sample transaction 530
[2026-05-22T09:16:56.281Z INFO  benchmark_client] Sending sample transaction 531
[2026-05-22T09:16:56.331Z INFO  benchmark_client] Sending sample transaction 532
[2026-05-22T09:16:56.381Z INFO  benchmark_client] Sending sample transaction 533
[2026-05-22T09:16:56.431Z INFO  benchmark_client] Sending sample transaction 534
[2026-05-22T09:16:56.482Z INFO  benchmark_client] Sending sample transaction 535
[2026-05-22T09:16:56.532Z INFO  benchmark_client] Sending sample transaction 536
[2026-05-22T09:16:56.583Z INFO  benchmark_client] Sending sample transaction 537
[2026-05-22T09:16:56.631Z INFO  benchmark_client] Sending sample transaction 538
[2026-05-22T09:16:56.681Z INFO  benchmark_client] Sending sample transaction 539
[2026-05-22T09:16:56.731Z INFO  benchmark_client] Sending sample transaction 540
[2026-05-22T09:16:56.781Z INFO  benchmark_client] Sending sample transaction 541
[2026-05-22T09:16:56.831Z INFO  benchmark_client] Sending sample transaction 542
[2026-05-22T09:16:56.881Z INFO  benchmark_client] Sending sample transaction 543
[2026-05-22T09:16:56.931Z INFO  benchmark_client] Sending sample transaction 544
[2026-05-22T09:16:56.983Z INFO  benchmark_client] Sending sample transaction 545
[2026-05-22T09:16:57.031Z INFO  benchmark_client] Sending sample transaction 546
[2026-05-22T09:16:57.081Z INFO  benchmark_client] Sending sample transaction 547
[2026-05-22T09:16:57.131Z INFO  benchmark_client] Sending sample transaction 548
[2026-05-22T09:16:57.181Z INFO  benchmark_client] Sending sample transaction 549
[2026-05-22T09:16:57.231Z INFO  benchmark_client] Sending sample transaction 550
[2026-05-22T09:16:57.281Z INFO  benchmark_client] Sending sample transaction 551
[2026-05-22T09:16:57.331Z INFO  benchmark_client] Sending sample transaction 552
[2026-05-22T09:16:57.381Z INFO  benchmark_client] Sending sample transaction 553
[2026-05-22T09:16:57.431Z INFO  benchmark_client] Sending sample transaction 554
[2026-05-22T09:16:57.482Z INFO  benchmark_client] Sending sample transaction 555
[2026-05-22T09:16:57.531Z INFO  benchmark_client] Sending sample transaction 556
[2026-05-22T09:16:57.581Z INFO  benchmark_client] Sending sample transaction 557
[2026-05-22T09:16:57.632Z INFO  benchmark_client] Sending sample transaction 558
[2026-05-22T09:16:57.681Z INFO  benchmark_client] Sending sample transaction 559
[2026-05-22T09:16:57.731Z INFO  benchmark_client] Sending sample transaction 560
[2026-05-22T09:16:57.784Z INFO  benchmark_client] Sending sample transaction 561
[2026-05-22T09:16:57.832Z INFO  benchmark_client] Sending sample transaction 562
[2026-05-22T09:16:57.882Z INFO  benchmark_client] Sending sample transaction 563
[2026-05-22T09:16:57.931Z INFO  benchmark_client] Sending sample transaction 564
[2026-05-22T09:16:57.982Z INFO  benchmark_client] Sending sample transaction 565
[2026-05-22T09:16:58.032Z INFO  benchmark_client] Sending sample transaction 566
[2026-05-22T09:16:58.081Z INFO  benchmark_client] Sending sample transaction 567
[2026-05-22T09:16:58.131Z INFO  benchmark_client] Sending sample transaction 568
[2026-05-22T09:16:58.185Z INFO  benchmark_client] Sending sample transaction 569
[2026-05-22T09:16:58.231Z INFO  benchmark_client] Sending sample transaction 570
[2026-05-22T09:16:58.282Z INFO  benchmark_client] Sending sample transaction 571
[2026-05-22T09:16:58.332Z INFO  benchmark_client] Sending sample transaction 572
[2026-05-22T09:16:58.381Z INFO  benchmark_client] Sending sample transaction 573
[2026-05-22T09:16:58.431Z INFO  benchmark_client] Sending sample transaction 574
[2026-05-22T09:16:58.481Z INFO  benchmark_client] Sending sample transaction 575
[2026-05-22T09:16:58.533Z INFO  benchmark_client] Sending sample transaction 576
[2026-05-22T09:16:58.583Z INFO  benchmark_client] Sending sample transaction 577
[2026-05-22T09:16:58.632Z INFO  benchmark_client] Sending sample transaction 578
[2026-05-22T09:16:58.682Z INFO  benchmark_client] Sending sample transaction 579
[2026-05-22T09:16:58.731Z INFO  benchmark_client] Sending sample transaction 580
[2026-05-22T09:16:58.781Z INFO  benchmark_client] Sending sample transaction 581
[2026-05-22T09:16:58.831Z INFO  benchmark_client] Sending sample transaction 582
[2026-05-22T09:16:58.881Z INFO  benchmark_client] Sending sample transaction 583
[2026-05-22T09:16:58.934Z INFO  benchmark_client] Sending sample transaction 584
[2026-05-22T09:16:58.981Z INFO  benchmark_client] Sending sample transaction 585
[2026-05-22T09:16:59.033Z INFO  benchmark_client] Sending sample transaction 586
[2026-05-22T09:16:59.081Z INFO  benchmark_client] Sending sample transaction 587
[2026-05-22T09:16:59.132Z INFO  benchmark_client] Sending sample transaction 588
[2026-05-22T09:16:59.182Z INFO  benchmark_client] Sending sample transaction 589
[2026-05-22T09:16:59.233Z INFO  benchmark_client] Sending sample transaction 590
[2026-05-22T09:16:59.281Z INFO  benchmark_client] Sending sample transaction 591
[2026-05-22T09:16:59.334Z INFO  benchmark_client] Sending sample transaction 592
[2026-05-22T09:16:59.382Z INFO  benchmark_client] Sending sample transaction 593
[2026-05-22T09:16:59.433Z INFO  benchmark_client] Sending sample transaction 594
[2026-05-22T09:16:59.484Z INFO  benchmark_client] Sending sample transaction 595
[2026-05-22T09:16:59.533Z INFO  benchmark_client] Sending sample transaction 596
[2026-05-22T09:16:59.582Z INFO  benchmark_client] Sending sample transaction 597
[2026-05-22T09:16:59.632Z INFO  benchmark_client] Sending sample transaction 598
[2026-05-22T09:16:59.681Z INFO  benchmark_client] Sending sample transaction 599
[2026-05-22T09:16:59.734Z INFO  benchmark_client] Sending sample transaction 600
[2026-05-22T09:16:59.782Z INFO  benchmark_client] Sending sample transaction 601
[2026-05-22T09:16:59.832Z INFO  benchmark_client] Sending sample transaction 602
[2026-05-22T09:16:59.881Z INFO  benchmark_client] Sending sample transaction 603
[2026-05-22T09:16:59.931Z INFO  benchmark_client] Sending sample transaction 604
[2026-05-22T09:16:59.985Z INFO  benchmark_client] Sending sample transaction 605
[2026-05-22T09:17:00.032Z INFO  benchmark_client] Sending sample transaction 606
[2026-05-22T09:17:00.083Z INFO  benchmark_client] Sending sample transaction 607
[2026-05-22T09:17:00.133Z INFO  benchmark_client] Sending sample transaction 608
[2026-05-22T09:17:00.181Z INFO  benchmark_client] Sending sample transaction 609
[2026-05-22T09:17:00.233Z INFO  benchmark_client] Sending sample transaction 610
[2026-05-22T09:17:00.285Z INFO  benchmark_client] Sending sample transaction 611
[2026-05-22T09:17:00.335Z INFO  benchmark_client] Sending sample transaction 612
[2026-05-22T09:17:00.381Z INFO  benchmark_client] Sending sample transaction 613
[2026-05-22T09:17:00.432Z INFO  benchmark_client] Sending sample transaction 614
[2026-05-22T09:17:00.481Z INFO  benchmark_client] Sending sample transaction 615
[2026-05-22T09:17:00.531Z INFO  benchmark_client] Sending sample transaction 616
[2026-05-22T09:17:00.582Z INFO  benchmark_client] Sending sample transaction 617
[2026-05-22T09:17:00.631Z INFO  benchmark_client] Sending sample transaction 618
[2026-05-22T09:17:00.683Z INFO  benchmark_client] Sending sample transaction 619
[2026-05-22T09:17:00.731Z INFO  benchmark_client] Sending sample transaction 620
[2026-05-22T09:17:00.781Z INFO  benchmark_client] Sending sample transaction 621
[2026-05-22T09:17:00.835Z INFO  benchmark_client] Sending sample transaction 622
[2026-05-22T09:17:00.882Z INFO  benchmark_client] Sending sample transaction 623
[2026-05-22T09:17:00.932Z INFO  benchmark_client] Sending sample transaction 624
[2026-05-22T09:17:00.983Z INFO  benchmark_client] Sending sample transaction 625
[2026-05-22T09:17:01.031Z INFO  benchmark_client] Sending sample transaction 626
[2026-05-22T09:17:01.082Z INFO  benchmark_client] Sending sample transaction 627
[2026-05-22T09:17:01.132Z INFO  benchmark_client] Sending sample transaction 628
[2026-05-22T09:17:01.183Z INFO  benchmark_client] Sending sample transaction 629
[2026-05-22T09:17:01.231Z INFO  benchmark_client] Sending sample transaction 630
[2026-05-22T09:17:01.283Z INFO  benchmark_client] Sending sample transaction 631
[2026-05-22T09:17:01.331Z INFO  benchmark_client] Sending sample transaction 632
[2026-05-22T09:17:01.381Z INFO  benchmark_client] Sending sample transaction 633
[2026-05-22T09:17:01.433Z INFO  benchmark_client] Sending sample transaction 634
[2026-05-22T09:17:01.482Z INFO  benchmark_client] Sending sample transaction 635
[2026-05-22T09:17:01.534Z INFO  benchmark_client] Sending sample transaction 636
[2026-05-22T09:17:01.581Z INFO  benchmark_client] Sending sample transaction 637
[2026-05-22T09:17:01.632Z INFO  benchmark_client] Sending sample transaction 638
[2026-05-22T09:17:01.685Z INFO  benchmark_client] Sending sample transaction 639
[2026-05-22T09:17:01.731Z INFO  benchmark_client] Sending sample transaction 640
[2026-05-22T09:17:01.782Z INFO  benchmark_client] Sending sample transaction 641
[2026-05-22T09:17:01.831Z INFO  benchmark_client] Sending sample transaction 642
[2026-05-22T09:17:01.881Z INFO  benchmark_client] Sending sample transaction 643
[2026-05-22T09:17:01.932Z INFO  benchmark_client] Sending sample transaction 644
[2026-05-22T09:17:01.983Z INFO  benchmark_client] Sending sample transaction 645
[2026-05-22T09:17:02.033Z INFO  benchmark_client] Sending sample transaction 646
[2026-05-22T09:17:02.085Z INFO  benchmark_client] Sending sample transaction 647
[2026-05-22T09:17:02.138Z INFO  benchmark_client] Sending sample transaction 648
[2026-05-22T09:17:02.182Z INFO  benchmark_client] Sending sample transaction 649
[2026-05-22T09:17:02.232Z INFO  benchmark_client] Sending sample transaction 650
[2026-05-22T09:17:02.283Z INFO  benchmark_client] Sending sample transaction 651
[2026-05-22T09:17:02.332Z INFO  benchmark_client] Sending sample transaction 652
[2026-05-22T09:17:02.381Z INFO  benchmark_client] Sending sample transaction 653
[2026-05-22T09:17:02.431Z INFO  benchmark_client] Sending sample transaction 654
[2026-05-22T09:17:02.481Z INFO  benchmark_client] Sending sample transaction 655
[2026-05-22T09:17:02.531Z INFO  benchmark_client] Sending sample transaction 656
[2026-05-22T09:17:02.581Z INFO  benchmark_client] Sending sample transaction 657
[2026-05-22T09:17:02.633Z INFO  benchmark_client] Sending sample transaction 658
[2026-05-22T09:17:02.681Z INFO  benchmark_client] Sending sample transaction 659
[2026-05-22T09:17:02.731Z INFO  benchmark_client] Sending sample transaction 660
[2026-05-22T09:17:02.783Z INFO  benchmark_client] Sending sample transaction 661
[2026-05-22T09:17:02.832Z INFO  benchmark_client] Sending sample transaction 662
[2026-05-22T09:17:02.882Z INFO  benchmark_client] Sending sample transaction 663
[2026-05-22T09:17:02.931Z INFO  benchmark_client] Sending sample transaction 664
[2026-05-22T09:17:02.981Z INFO  benchmark_client] Sending sample transaction 665
[2026-05-22T09:17:03.031Z INFO  benchmark_client] Sending sample transaction 666
[2026-05-22T09:17:03.082Z INFO  benchmark_client] Sending sample transaction 667
[2026-05-22T09:17:03.131Z INFO  benchmark_client] Sending sample transaction 668
[2026-05-22T09:17:03.182Z INFO  benchmark_client] Sending sample transaction 669
[2026-05-22T09:17:03.231Z INFO  benchmark_client] Sending sample transaction 670
[2026-05-22T09:17:03.283Z INFO  benchmark_client] Sending sample transaction 671
[2026-05-22T09:17:03.333Z INFO  benchmark_client] Sending sample transaction 672
[2026-05-22T09:17:03.382Z INFO  benchmark_client] Sending sample transaction 673
[2026-05-22T09:17:03.431Z INFO  benchmark_client] Sending sample transaction 674
[2026-05-22T09:17:03.482Z INFO  benchmark_client] Sending sample transaction 675
[2026-05-22T09:17:03.532Z INFO  benchmark_client] Sending sample transaction 676
[2026-05-22T09:17:03.581Z INFO  benchmark_client] Sending sample transaction 677
[2026-05-22T09:17:03.633Z INFO  benchmark_client] Sending sample transaction 678
[2026-05-22T09:17:03.685Z INFO  benchmark_client] Sending sample transaction 679
[2026-05-22T09:17:03.731Z INFO  benchmark_client] Sending sample transaction 680
[2026-05-22T09:17:03.786Z INFO  benchmark_client] Sending sample transaction 681
[2026-05-22T09:17:03.834Z INFO  benchmark_client] Sending sample transaction 682
[2026-05-22T09:17:03.881Z INFO  benchmark_client] Sending sample transaction 683
[2026-05-22T09:17:03.931Z INFO  benchmark_client] Sending sample transaction 684
[2026-05-22T09:17:03.981Z INFO  benchmark_client] Sending sample transaction 685
[2026-05-22T09:17:04.033Z INFO  benchmark_client] Sending sample transaction 686
[2026-05-22T09:17:04.082Z INFO  benchmark_client] Sending sample transaction 687
[2026-05-22T09:17:04.134Z INFO  benchmark_client] Sending sample transaction 688
[2026-05-22T09:17:04.184Z INFO  benchmark_client] Sending sample transaction 689
[2026-05-22T09:17:04.231Z INFO  benchmark_client] Sending sample transaction 690
[2026-05-22T09:17:04.282Z INFO  benchmark_client] Sending sample transaction 691
[2026-05-22T09:17:04.332Z INFO  benchmark_client] Sending sample transaction 692
[2026-05-22T09:17:04.382Z INFO  benchmark_client] Sending sample transaction 693
[2026-05-22T09:17:04.431Z INFO  benchmark_client] Sending sample transaction 694
[2026-05-22T09:17:04.482Z INFO  benchmark_client] Sending sample transaction 695
[2026-05-22T09:17:04.534Z INFO  benchmark_client] Sending sample transaction 696
[2026-05-22T09:17:04.581Z INFO  benchmark_client] Sending sample transaction 697
[2026-05-22T09:17:04.631Z INFO  benchmark_client] Sending sample transaction 698
[2026-05-22T09:17:04.681Z INFO  benchmark_client] Sending sample transaction 699
[2026-05-22T09:17:04.731Z INFO  benchmark_client] Sending sample transaction 700
[2026-05-22T09:17:04.783Z INFO  benchmark_client] Sending sample transaction 701
[2026-05-22T09:17:04.831Z INFO  benchmark_client] Sending sample transaction 702
[2026-05-22T09:17:04.882Z INFO  benchmark_client] Sending sample transaction 703
[2026-05-22T09:17:04.936Z INFO  benchmark_client] Sending sample transaction 704
[2026-05-22T09:17:04.982Z INFO  benchmark_client] Sending sample transaction 705
[2026-05-22T09:17:05.034Z INFO  benchmark_client] Sending sample transaction 706
[2026-05-22T09:17:05.082Z INFO  benchmark_client] Sending sample transaction 707
[2026-05-22T09:17:05.133Z INFO  benchmark_client] Sending sample transaction 708
[2026-05-22T09:17:05.181Z INFO  benchmark_client] Sending sample transaction 709
[2026-05-22T09:17:05.232Z INFO  benchmark_client] Sending sample transaction 710
[2026-05-22T09:17:05.282Z INFO  benchmark_client] Sending sample transaction 711
[2026-05-22T09:17:05.334Z INFO  benchmark_client] Sending sample transaction 712
[2026-05-22T09:17:05.384Z INFO  benchmark_client] Sending sample transaction 713
[2026-05-22T09:17:05.436Z INFO  benchmark_client] Sending sample transaction 714
[2026-05-22T09:17:05.484Z INFO  benchmark_client] Sending sample transaction 715
[2026-05-22T09:17:05.533Z INFO  benchmark_client] Sending sample transaction 716
[2026-05-22T09:17:05.581Z INFO  benchmark_client] Sending sample transaction 717
[2026-05-22T09:17:05.632Z INFO  benchmark_client] Sending sample transaction 718
[2026-05-22T09:17:05.681Z INFO  benchmark_client] Sending sample transaction 719
[2026-05-22T09:17:05.736Z INFO  benchmark_client] Sending sample transaction 720
[2026-05-22T09:17:05.785Z INFO  benchmark_client] Sending sample transaction 721
[2026-05-22T09:17:05.832Z INFO  benchmark_client] Sending sample transaction 722
[2026-05-22T09:17:05.882Z INFO  benchmark_client] Sending sample transaction 723
[2026-05-22T09:17:05.931Z INFO  benchmark_client] Sending sample transaction 724
[2026-05-22T09:17:05.981Z INFO  benchmark_client] Sending sample transaction 725
[2026-05-22T09:17:06.031Z INFO  benchmark_client] Sending sample transaction 726
[2026-05-22T09:17:06.081Z INFO  benchmark_client] Sending sample transaction 727
[2026-05-22T09:17:06.132Z INFO  benchmark_client] Sending sample transaction 728
[2026-05-22T09:17:06.182Z INFO  benchmark_client] Sending sample transaction 729
[2026-05-22T09:17:06.232Z INFO  benchmark_client] Sending sample transaction 730
[2026-05-22T09:17:06.283Z INFO  benchmark_client] Sending sample transaction 731
[2026-05-22T09:17:06.336Z INFO  benchmark_client] Sending sample transaction 732
[2026-05-22T09:17:06.381Z INFO  benchmark_client] Sending sample transaction 733
[2026-05-22T09:17:06.432Z INFO  benchmark_client] Sending sample transaction 734
[2026-05-22T09:17:06.482Z INFO  benchmark_client] Sending sample transaction 735
[2026-05-22T09:17:06.532Z INFO  benchmark_client] Sending sample transaction 736
[2026-05-22T09:17:06.583Z INFO  benchmark_client] Sending sample transaction 737
[2026-05-22T09:17:06.632Z INFO  benchmark_client] Sending sample transaction 738
[2026-05-22T09:17:06.684Z INFO  benchmark_client] Sending sample transaction 739
[2026-05-22T09:17:06.731Z INFO  benchmark_client] Sending sample transaction 740
[2026-05-22T09:17:06.782Z INFO  benchmark_client] Sending sample transaction 741
[2026-05-22T09:17:06.832Z INFO  benchmark_client] Sending sample transaction 742
[2026-05-22T09:17:06.882Z INFO  benchmark_client] Sending sample transaction 743
[2026-05-22T09:17:06.937Z INFO  benchmark_client] Sending sample transaction 744
[2026-05-22T09:17:06.984Z INFO  benchmark_client] Sending sample transaction 745
[2026-05-22T09:17:07.034Z INFO  benchmark_client] Sending sample transaction 746
[2026-05-22T09:17:07.083Z INFO  benchmark_client] Sending sample transaction 747
[2026-05-22T09:17:07.131Z INFO  benchmark_client] Sending sample transaction 748
[2026-05-22T09:17:07.182Z INFO  benchmark_client] Sending sample transaction 749
[2026-05-22T09:17:07.233Z INFO  benchmark_client] Sending sample transaction 750
[2026-05-22T09:17:07.282Z INFO  benchmark_client] Sending sample transaction 751
[2026-05-22T09:17:07.333Z INFO  benchmark_client] Sending sample transaction 752
[2026-05-22T09:17:07.382Z INFO  benchmark_client] Sending sample transaction 753
[2026-05-22T09:17:07.432Z INFO  benchmark_client] Sending sample transaction 754
[2026-05-22T09:17:07.486Z INFO  benchmark_client] Sending sample transaction 755
[2026-05-22T09:17:07.531Z INFO  benchmark_client] Sending sample transaction 756
[2026-05-22T09:17:07.583Z INFO  benchmark_client] Sending sample transaction 757
[2026-05-22T09:17:07.632Z INFO  benchmark_client] Sending sample transaction 758
[2026-05-22T09:17:07.687Z INFO  benchmark_client] Sending sample transaction 759
[2026-05-22T09:17:07.732Z INFO  benchmark_client] Sending sample transaction 760
[2026-05-22T09:17:07.783Z INFO  benchmark_client] Sending sample transaction 761
[2026-05-22T09:17:07.832Z INFO  benchmark_client] Sending sample transaction 762
[2026-05-22T09:17:07.885Z INFO  benchmark_client] Sending sample transaction 763
[2026-05-22T09:17:07.932Z INFO  benchmark_client] Sending sample transaction 764
[2026-05-22T09:17:07.982Z INFO  benchmark_client] Sending sample transaction 765
[2026-05-22T09:17:08.034Z INFO  benchmark_client] Sending sample transaction 766
[2026-05-22T09:17:08.084Z INFO  benchmark_client] Sending sample transaction 767
[2026-05-22T09:17:08.133Z INFO  benchmark_client] Sending sample transaction 768
[2026-05-22T09:17:08.184Z INFO  benchmark_client] Sending sample transaction 769
[2026-05-22T09:17:08.232Z INFO  benchmark_client] Sending sample transaction 770
[2026-05-22T09:17:08.282Z INFO  benchmark_client] Sending sample transaction 771
[2026-05-22T09:17:08.333Z INFO  benchmark_client] Sending sample transaction 772
[2026-05-22T09:17:08.385Z INFO  benchmark_client] Sending sample transaction 773
[2026-05-22T09:17:08.434Z INFO  benchmark_client] Sending sample transaction 774
[2026-05-22T09:17:08.482Z INFO  benchmark_client] Sending sample transaction 775
[2026-05-22T09:17:08.534Z INFO  benchmark_client] Sending sample transaction 776
[2026-05-22T09:17:08.582Z INFO  benchmark_client] Sending sample transaction 777
[2026-05-22T09:17:08.633Z INFO  benchmark_client] Sending sample transaction 778
[2026-05-22T09:17:08.681Z INFO  benchmark_client] Sending sample transaction 779
[2026-05-22T09:17:08.733Z INFO  benchmark_client] Sending sample transaction 780
[2026-05-22T09:17:08.781Z INFO  benchmark_client] Sending sample transaction 781
[2026-05-22T09:17:08.831Z INFO  benchmark_client] Sending sample transaction 782
[2026-05-22T09:17:08.882Z INFO  benchmark_client] Sending sample transaction 783
[2026-05-22T09:17:08.933Z INFO  benchmark_client] Sending sample transaction 784
[2026-05-22T09:17:08.983Z INFO  benchmark_client] Sending sample transaction 785
[2026-05-22T09:17:09.032Z INFO  benchmark_client] Sending sample transaction 786
[2026-05-22T09:17:09.082Z INFO  benchmark_client] Sending sample transaction 787
[2026-05-22T09:17:09.132Z INFO  benchmark_client] Sending sample transaction 788
[2026-05-22T09:17:09.182Z INFO  benchmark_client] Sending sample transaction 789
[2026-05-22T09:17:09.231Z INFO  benchmark_client] Sending sample transaction 790
[2026-05-22T09:17:09.281Z INFO  benchmark_client] Sending sample transaction 791
[2026-05-22T09:17:09.333Z INFO  benchmark_client] Sending sample transaction 792
[2026-05-22T09:17:09.385Z INFO  benchmark_client] Sending sample transaction 793
[2026-05-22T09:17:09.432Z INFO  benchmark_client] Sending sample transaction 794
[2026-05-22T09:17:09.482Z INFO  benchmark_client] Sending sample transaction 795
[2026-05-22T09:17:09.536Z INFO  benchmark_client] Sending sample transaction 796
[2026-05-22T09:17:09.582Z INFO  benchmark_client] Sending sample transaction 797
[2026-05-22T09:17:09.632Z INFO  benchmark_client] Sending sample transaction 798
[2026-05-22T09:17:09.685Z INFO  benchmark_client] Sending sample transaction 799
[2026-05-22T09:17:09.735Z INFO  benchmark_client] Sending sample transaction 800
[2026-05-22T09:17:09.786Z INFO  benchmark_client] Sending sample transaction 801
[2026-05-22T09:17:09.833Z INFO  benchmark_client] Sending sample transaction 802
[2026-05-22T09:17:09.883Z INFO  benchmark_client] Sending sample transaction 803
[2026-05-22T09:17:09.932Z INFO  benchmark_client] Sending sample transaction 804
[2026-05-22T09:17:09.984Z INFO  benchmark_client] Sending sample transaction 805
[2026-05-22T09:17:10.031Z INFO  benchmark_client] Sending sample transaction 806
[2026-05-22T09:17:10.081Z INFO  benchmark_client] Sending sample transaction 807
[2026-05-22T09:17:10.137Z INFO  benchmark_client] Sending sample transaction 808
[2026-05-22T09:17:10.181Z INFO  benchmark_client] Sending sample transaction 809
[2026-05-22T09:17:10.231Z INFO  benchmark_client] Sending sample transaction 810
[2026-05-22T09:17:10.282Z INFO  benchmark_client] Sending sample transaction 811
[2026-05-22T09:17:10.332Z INFO  benchmark_client] Sending sample transaction 812
[2026-05-22T09:17:10.382Z INFO  benchmark_client] Sending sample transaction 813
[2026-05-22T09:17:10.431Z INFO  benchmark_client] Sending sample transaction 814
[2026-05-22T09:17:10.481Z INFO  benchmark_client] Sending sample transaction 815
[2026-05-22T09:17:10.533Z INFO  benchmark_client] Sending sample transaction 816
[2026-05-22T09:17:10.584Z INFO  benchmark_client] Sending sample transaction 817
[2026-05-22T09:17:10.633Z INFO  benchmark_client] Sending sample transaction 818
[2026-05-22T09:17:10.682Z INFO  benchmark_client] Sending sample transaction 819
[2026-05-22T09:17:10.734Z INFO  benchmark_client] Sending sample transaction 820
[2026-05-22T09:17:10.782Z INFO  benchmark_client] Sending sample transaction 821
[2026-05-22T09:17:10.833Z INFO  benchmark_client] Sending sample transaction 822
[2026-05-22T09:17:10.882Z INFO  benchmark_client] Sending sample transaction 823
[2026-05-22T09:17:10.932Z INFO  benchmark_client] Sending sample transaction 824
[2026-05-22T09:17:10.982Z INFO  benchmark_client] Sending sample transaction 825
[2026-05-22T09:17:11.032Z INFO  benchmark_client] Sending sample transaction 826
[2026-05-22T09:17:11.082Z INFO  benchmark_client] Sending sample transaction 827
[2026-05-22T09:17:11.132Z INFO  benchmark_client] Sending sample transaction 828
[2026-05-22T09:17:11.182Z INFO  benchmark_client] Sending sample transaction 829
[2026-05-22T09:17:11.232Z INFO  benchmark_client] Sending sample transaction 830
[2026-05-22T09:17:11.282Z INFO  benchmark_client] Sending sample transaction 831
[2026-05-22T09:17:11.332Z INFO  benchmark_client] Sending sample transaction 832
[2026-05-22T09:17:11.381Z INFO  benchmark_client] Sending sample transaction 833
[2026-05-22T09:17:11.430Z INFO  benchmark_client] Sending sample transaction 834
[2026-05-22T09:17:11.480Z INFO  benchmark_client] Sending sample transaction 835
[2026-05-22T09:17:11.531Z INFO  benchmark_client] Sending sample transaction 836
[2026-05-22T09:17:11.581Z INFO  benchmark_client] Sending sample transaction 837
[2026-05-22T09:17:11.632Z INFO  benchmark_client] Sending sample transaction 838
[2026-05-22T09:17:11.682Z INFO  benchmark_client] Sending sample transaction 839
[2026-05-22T09:17:11.733Z INFO  benchmark_client] Sending sample transaction 840
[2026-05-22T09:17:11.780Z INFO  benchmark_client] Sending sample transaction 841
[2026-05-22T09:17:11.830Z INFO  benchmark_client] Sending sample transaction 842
[2026-05-22T09:17:11.882Z INFO  benchmark_client] Sending sample transaction 843
[2026-05-22T09:17:11.930Z INFO  benchmark_client] Sending sample transaction 844
[2026-05-22T09:17:11.985Z INFO  benchmark_client] Sending sample transaction 845
[2026-05-22T09:17:12.030Z INFO  benchmark_client] Sending sample transaction 846
[2026-05-22T09:17:12.080Z INFO  benchmark_client] Sending sample transaction 847
[2026-05-22T09:17:12.131Z INFO  benchmark_client] Sending sample transaction 848
[2026-05-22T09:17:12.180Z INFO  benchmark_client] Sending sample transaction 849
[2026-05-22T09:17:12.230Z INFO  benchmark_client] Sending sample transaction 850
[2026-05-22T09:17:12.280Z INFO  benchmark_client] Sending sample transaction 851
[2026-05-22T09:17:12.336Z INFO  benchmark_client] Sending sample transaction 852
[2026-05-22T09:17:12.383Z INFO  benchmark_client] Sending sample transaction 853
[2026-05-22T09:17:12.430Z INFO  benchmark_client] Sending sample transaction 854
[2026-05-22T09:17:12.480Z INFO  benchmark_client] Sending sample transaction 855
[2026-05-22T09:17:12.530Z INFO  benchmark_client] Sending sample transaction 856
[2026-05-22T09:17:12.580Z INFO  benchmark_client] Sending sample transaction 857
[2026-05-22T09:17:12.632Z INFO  benchmark_client] Sending sample transaction 858
[2026-05-22T09:17:12.680Z INFO  benchmark_client] Sending sample transaction 859
[2026-05-22T09:17:12.730Z INFO  benchmark_client] Sending sample transaction 860
[2026-05-22T09:17:12.780Z INFO  benchmark_client] Sending sample transaction 861
[2026-05-22T09:17:12.830Z INFO  benchmark_client] Sending sample transaction 862
[2026-05-22T09:17:12.880Z INFO  benchmark_client] Sending sample transaction 863
[2026-05-22T09:17:12.933Z INFO  benchmark_client] Sending sample transaction 864
[2026-05-22T09:17:12.981Z INFO  benchmark_client] Sending sample transaction 865
[2026-05-22T09:17:13.033Z INFO  benchmark_client] Sending sample transaction 866
[2026-05-22T09:17:13.081Z INFO  benchmark_client] Sending sample transaction 867
[2026-05-22T09:17:13.130Z INFO  benchmark_client] Sending sample transaction 868
[2026-05-22T09:17:13.180Z INFO  benchmark_client] Sending sample transaction 869
[2026-05-22T09:17:13.231Z INFO  benchmark_client] Sending sample transaction 870
[2026-05-22T09:17:13.280Z INFO  benchmark_client] Sending sample transaction 871
[2026-05-22T09:17:13.330Z INFO  benchmark_client] Sending sample transaction 872
[2026-05-22T09:17:13.380Z INFO  benchmark_client] Sending sample transaction 873
[2026-05-22T09:17:13.431Z INFO  benchmark_client] Sending sample transaction 874
[2026-05-22T09:17:13.482Z INFO  benchmark_client] Sending sample transaction 875
[2026-05-22T09:17:13.531Z INFO  benchmark_client] Sending sample transaction 876
[2026-05-22T09:17:13.580Z INFO  benchmark_client] Sending sample transaction 877
[2026-05-22T09:17:13.630Z INFO  benchmark_client] Sending sample transaction 878
[2026-05-22T09:17:13.680Z INFO  benchmark_client] Sending sample transaction 879
[2026-05-22T09:17:13.730Z INFO  benchmark_client] Sending sample transaction 880
[2026-05-22T09:17:13.780Z INFO  benchmark_client] Sending sample transaction 881
[2026-05-22T09:17:13.830Z INFO  benchmark_client] Sending sample transaction 882
[2026-05-22T09:17:13.881Z INFO  benchmark_client] Sending sample transaction 883
[2026-05-22T09:17:13.930Z INFO  benchmark_client] Sending sample transaction 884
[2026-05-22T09:17:13.980Z INFO  benchmark_client] Sending sample transaction 885
[2026-05-22T09:17:14.030Z INFO  benchmark_client] Sending sample transaction 886
[2026-05-22T09:17:14.082Z INFO  benchmark_client] Sending sample transaction 887
[2026-05-22T09:17:14.130Z INFO  benchmark_client] Sending sample transaction 888
[2026-05-22T09:17:14.182Z INFO  benchmark_client] Sending sample transaction 889
[2026-05-22T09:17:14.231Z INFO  benchmark_client] Sending sample transaction 890
[2026-05-22T09:17:14.280Z INFO  benchmark_client] Sending sample transaction 891
[2026-05-22T09:17:14.330Z INFO  benchmark_client] Sending sample transaction 892
[2026-05-22T09:17:14.380Z INFO  benchmark_client] Sending sample transaction 893
[2026-05-22T09:17:14.430Z INFO  benchmark_client] Sending sample transaction 894
