[2026-05-22T09:15:12.864Z INFO  benchmark_client] Node address: 34.81.27.135:5038
[2026-05-22T09:15:12.864Z INFO  benchmark_client] Transactions size: 512 B
[2026-05-22T09:15:12.864Z INFO  benchmark_client] Transactions rate: 13334 tx/s
[2026-05-22T09:15:12.864Z INFO  benchmark_client] Waiting for all nodes to be online...
[2026-05-22T09:15:13.133Z INFO  benchmark_client] Start sending transactions
[2026-05-22T09:15:13.135Z INFO  benchmark_client] Sending sample transaction 0
[2026-05-22T09:15:13.184Z INFO  benchmark_client] Sending sample transaction 1
[2026-05-22T09:15:13.235Z INFO  benchmark_client] Sending sample transaction 2
[2026-05-22T09:15:13.285Z INFO  benchmark_client] Sending sample transaction 3
[2026-05-22T09:15:13.334Z INFO  benchmark_client] Sending sample transaction 4
[2026-05-22T09:15:13.385Z INFO  benchmark_client] Sending sample transaction 5
[2026-05-22T09:15:13.435Z INFO  benchmark_client] Sending sample transaction 6
[2026-05-22T09:15:13.485Z INFO  benchmark_client] Sending sample transaction 7
[2026-05-22T09:15:13.535Z INFO  benchmark_client] Sending sample transaction 8
[2026-05-22T09:15:13.585Z INFO  benchmark_client] Sending sample transaction 9
[2026-05-22T09:15:13.635Z INFO  benchmark_client] Sending sample transaction 10
[2026-05-22T09:15:13.685Z INFO  benchmark_client] Sending sample transaction 11
[2026-05-22T09:15:13.736Z INFO  benchmark_client] Sending sample transaction 12
[2026-05-22T09:15:13.785Z INFO  benchmark_client] Sending sample transaction 13
[2026-05-22T09:15:13.835Z INFO  benchmark_client] Sending sample transaction 14
[2026-05-22T09:15:13.885Z INFO  benchmark_client] Sending sample transaction 15
[2026-05-22T09:15:13.935Z INFO  benchmark_client] Sending sample transaction 16
[2026-05-22T09:15:13.985Z INFO  benchmark_client] Sending sample transaction 17
[2026-05-22T09:15:14.035Z INFO  benchmark_client] Sending sample transaction 18
[2026-05-22T09:15:14.085Z INFO  benchmark_client] Sending sample transaction 19
[2026-05-22T09:15:14.135Z INFO  benchmark_client] Sending sample transaction 20
[2026-05-22T09:15:14.184Z INFO  benchmark_client] Sending sample transaction 21
[2026-05-22T09:15:14.235Z INFO  benchmark_client] Sending sample transaction 22
[2026-05-22T09:15:14.285Z INFO  benchmark_client] Sending sample transaction 23
[2026-05-22T09:15:14.335Z INFO  benchmark_client] Sending sample transaction 24
[2026-05-22T09:15:14.384Z INFO  benchmark_client] Sending sample transaction 25
[2026-05-22T09:15:14.434Z INFO  benchmark_client] Sending sample transaction 26
[2026-05-22T09:15:14.485Z INFO  benchmark_client] Sending sample transaction 27
[2026-05-22T09:15:14.534Z INFO  benchmark_client] Sending sample transaction 28
[2026-05-22T09:15:14.585Z INFO  benchmark_client] Sending sample transaction 29
[2026-05-22T09:15:14.635Z INFO  benchmark_client] Sending sample transaction 30
[2026-05-22T09:15:14.685Z INFO  benchmark_client] Sending sample transaction 31
[2026-05-22T09:15:14.735Z INFO  benchmark_client] Sending sample transaction 32
[2026-05-22T09:15:14.785Z INFO  benchmark_client] Sending sample transaction 33
[2026-05-22T09:15:14.834Z INFO  benchmark_client] Sending sample transaction 34
[2026-05-22T09:15:14.885Z INFO  benchmark_client] Sending sample transaction 35
[2026-05-22T09:15:14.935Z INFO  benchmark_client] Sending sample transaction 36
[2026-05-22T09:15:14.984Z INFO  benchmark_client] Sending sample transaction 37
[2026-05-22T09:15:15.035Z INFO  benchmark_client] Sending sample transaction 38
[2026-05-22T09:15:15.085Z INFO  benchmark_client] Sending sample transaction 39
[2026-05-22T09:15:15.135Z INFO  benchmark_client] Sending sample transaction 40
[2026-05-22T09:15:15.185Z INFO  benchmark_client] Sending sample transaction 41
[2026-05-22T09:15:15.235Z INFO  benchmark_client] Sending sample transaction 42
[2026-05-22T09:15:15.285Z INFO  benchmark_client] Sending sample transaction 43
[2026-05-22T09:15:15.334Z INFO  benchmark_client] Sending sample transaction 44
[2026-05-22T09:15:15.385Z INFO  benchmark_client] Sending sample transaction 45
[2026-05-22T09:15:15.434Z INFO  benchmark_client] Sending sample transaction 46
[2026-05-22T09:15:15.485Z INFO  benchmark_client] Sending sample transaction 47
[2026-05-22T09:15:15.535Z INFO  benchmark_client] Sending sample transaction 48
[2026-05-22T09:15:15.585Z INFO  benchmark_client] Sending sample transaction 49
[2026-05-22T09:15:15.635Z INFO  benchmark_client] Sending sample transaction 50
[2026-05-22T09:15:15.685Z INFO  benchmark_client] Sending sample transaction 51
[2026-05-22T09:15:15.735Z INFO  benchmark_client] Sending sample transaction 52
[2026-05-22T09:15:15.785Z INFO  benchmark_client] Sending sample transaction 53
[2026-05-22T09:15:15.835Z INFO  benchmark_client] Sending sample transaction 54
[2026-05-22T09:15:15.885Z INFO  benchmark_client] Sending sample transaction 55
[2026-05-22T09:15:15.934Z INFO  benchmark_client] Sending sample transaction 56
[2026-05-22T09:15:15.985Z INFO  benchmark_client] Sending sample transaction 57
[2026-05-22T09:15:16.035Z INFO  benchmark_client] Sending sample transaction 58
[2026-05-22T09:15:16.085Z INFO  benchmark_client] Sending sample transaction 59
[2026-05-22T09:15:16.135Z INFO  benchmark_client] Sending sample transaction 60
[2026-05-22T09:15:16.185Z INFO  benchmark_client] Sending sample transaction 61
[2026-05-22T09:15:16.237Z INFO  benchmark_client] Sending sample transaction 62
[2026-05-22T09:15:16.285Z INFO  benchmark_client] Sending sample transaction 63
[2026-05-22T09:15:16.335Z INFO  benchmark_client] Sending sample transaction 64
[2026-05-22T09:15:16.385Z INFO  benchmark_client] Sending sample transaction 65
[2026-05-22T09:15:16.435Z INFO  benchmark_client] Sending sample transaction 66
[2026-05-22T09:15:16.486Z INFO  benchmark_client] Sending sample transaction 67
[2026-05-22T09:15:16.535Z INFO  benchmark_client] Sending sample transaction 68
[2026-05-22T09:15:16.585Z INFO  benchmark_client] Sending sample transaction 69
[2026-05-22T09:15:16.634Z INFO  benchmark_client] Sending sample transaction 70
[2026-05-22T09:15:16.687Z INFO  benchmark_client] Sending sample transaction 71
[2026-05-22T09:15:16.735Z INFO  benchmark_client] Sending sample transaction 72
[2026-05-22T09:15:16.785Z INFO  benchmark_client] Sending sample transaction 73
[2026-05-22T09:15:16.835Z INFO  benchmark_client] Sending sample transaction 74
[2026-05-22T09:15:16.886Z INFO  benchmark_client] Sending sample transaction 75
[2026-05-22T09:15:16.936Z INFO  benchmark_client] Sending sample transaction 76
[2026-05-22T09:15:16.985Z INFO  benchmark_client] Sending sample transaction 77
[2026-05-22T09:15:17.035Z INFO  benchmark_client] Sending sample transaction 78
[2026-05-22T09:15:17.086Z INFO  benchmark_client] Sending sample transaction 79
[2026-05-22T09:15:17.135Z INFO  benchmark_client] Sending sample transaction 80
[2026-05-22T09:15:17.185Z INFO  benchmark_client] Sending sample transaction 81
[2026-05-22T09:15:17.235Z INFO  benchmark_client] Sending sample transaction 82
[2026-05-22T09:15:17.285Z INFO  benchmark_client] Sending sample transaction 83
[2026-05-22T09:15:17.334Z INFO  benchmark_client] Sending sample transaction 84
[2026-05-22T09:15:17.385Z INFO  benchmark_client] Sending sample transaction 85
[2026-05-22T09:15:17.435Z INFO  benchmark_client] Sending sample transaction 86
[2026-05-22T09:15:17.485Z INFO  benchmark_client] Sending sample transaction 87
[2026-05-22T09:15:17.535Z INFO  benchmark_client] Sending sample transaction 88
[2026-05-22T09:15:17.585Z INFO  benchmark_client] Sending sample transaction 89
[2026-05-22T09:15:17.634Z INFO  benchmark_client] Sending sample transaction 90
[2026-05-22T09:15:17.685Z INFO  benchmark_client] Sending sample transaction 91
[2026-05-22T09:15:17.735Z INFO  benchmark_client] Sending sample transaction 92
[2026-05-22T09:15:17.784Z INFO  benchmark_client] Sending sample transaction 93
[2026-05-22T09:15:17.835Z INFO  benchmark_client] Sending sample transaction 94
[2026-05-22T09:15:17.885Z INFO  benchmark_client] Sending sample transaction 95
[2026-05-22T09:15:17.940Z INFO  benchmark_client] Sending sample transaction 96
[2026-05-22T09:15:17.985Z INFO  benchmark_client] Sending sample transaction 97
[2026-05-22T09:15:18.035Z INFO  benchmark_client] Sending sample transaction 98
[2026-05-22T09:15:18.085Z INFO  benchmark_client] Sending sample transaction 99
[2026-05-22T09:15:18.135Z INFO  benchmark_client] Sending sample transaction 100
[2026-05-22T09:15:18.185Z INFO  benchmark_client] Sending sample transaction 101
[2026-05-22T09:15:18.235Z INFO  benchmark_client] Sending sample transaction 102
[2026-05-22T09:15:18.285Z INFO  benchmark_client] Sending sample transaction 103
[2026-05-22T09:15:18.335Z INFO  benchmark_client] Sending sample transaction 104
[2026-05-22T09:15:18.385Z INFO  benchmark_client] Sending sample transaction 105
[2026-05-22T09:15:18.435Z INFO  benchmark_client] Sending sample transaction 106
[2026-05-22T09:15:18.485Z INFO  benchmark_client] Sending sample transaction 107
[2026-05-22T09:15:18.537Z INFO  benchmark_client] Sending sample transaction 108
[2026-05-22T09:15:18.586Z INFO  benchmark_client] Sending sample transaction 109
[2026-05-22T09:15:18.635Z INFO  benchmark_client] Sending sample transaction 110
[2026-05-22T09:15:18.684Z INFO  benchmark_client] Sending sample transaction 111
[2026-05-22T09:15:18.735Z INFO  benchmark_client] Sending sample transaction 112
[2026-05-22T09:15:18.785Z INFO  benchmark_client] Sending sample transaction 113
[2026-05-22T09:15:18.836Z INFO  benchmark_client] Sending sample transaction 114
[2026-05-22T09:15:18.887Z INFO  benchmark_client] Sending sample transaction 115
[2026-05-22T09:15:18.938Z INFO  benchmark_client] Sending sample transaction 116
[2026-05-22T09:15:18.985Z INFO  benchmark_client] Sending sample transaction 117
[2026-05-22T09:15:19.035Z INFO  benchmark_client] Sending sample transaction 118
[2026-05-22T09:15:19.087Z INFO  benchmark_client] Sending sample transaction 119
[2026-05-22T09:15:19.135Z INFO  benchmark_client] Sending sample transaction 120
[2026-05-22T09:15:19.185Z INFO  benchmark_client] Sending sample transaction 121
[2026-05-22T09:15:19.237Z INFO  benchmark_client] Sending sample transaction 122
[2026-05-22T09:15:19.285Z INFO  benchmark_client] Sending sample transaction 123
[2026-05-22T09:15:19.335Z INFO  benchmark_client] Sending sample transaction 124
[2026-05-22T09:15:19.385Z INFO  benchmark_client] Sending sample transaction 125
[2026-05-22T09:15:19.435Z INFO  benchmark_client] Sending sample transaction 126
[2026-05-22T09:15:19.485Z INFO  benchmark_client] Sending sample transaction 127
[2026-05-22T09:15:19.535Z INFO  benchmark_client] Sending sample transaction 128
[2026-05-22T09:15:19.585Z INFO  benchmark_client] Sending sample transaction 129
[2026-05-22T09:15:19.634Z INFO  benchmark_client] Sending sample transaction 130
[2026-05-22T09:15:19.684Z INFO  benchmark_client] Sending sample transaction 131
[2026-05-22T09:15:19.735Z INFO  benchmark_client] Sending sample transaction 132
[2026-05-22T09:15:19.785Z INFO  benchmark_client] Sending sample transaction 133
[2026-05-22T09:15:19.835Z INFO  benchmark_client] Sending sample transaction 134
[2026-05-22T09:15:19.885Z INFO  benchmark_client] Sending sample transaction 135
[2026-05-22T09:15:19.935Z INFO  benchmark_client] Sending sample transaction 136
[2026-05-22T09:15:19.985Z INFO  benchmark_client] Sending sample transaction 137
[2026-05-22T09:15:20.035Z INFO  benchmark_client] Sending sample transaction 138
[2026-05-22T09:15:20.085Z INFO  benchmark_client] Sending sample transaction 139
[2026-05-22T09:15:20.134Z INFO  benchmark_client] Sending sample transaction 140
[2026-05-22T09:15:20.184Z INFO  benchmark_client] Sending sample transaction 141
[2026-05-22T09:15:20.235Z INFO  benchmark_client] Sending sample transaction 142
[2026-05-22T09:15:20.285Z INFO  benchmark_client] Sending sample transaction 143
[2026-05-22T09:15:20.335Z INFO  benchmark_client] Sending sample transaction 144
[2026-05-22T09:15:20.385Z INFO  benchmark_client] Sending sample transaction 145
[2026-05-22T09:15:20.435Z INFO  benchmark_client] Sending sample transaction 146
[2026-05-22T09:15:20.485Z INFO  benchmark_client] Sending sample transaction 147
[2026-05-22T09:15:20.535Z INFO  benchmark_client] Sending sample transaction 148
[2026-05-22T09:15:20.585Z INFO  benchmark_client] Sending sample transaction 149
[2026-05-22T09:15:20.635Z INFO  benchmark_client] Sending sample transaction 150
[2026-05-22T09:15:20.685Z INFO  benchmark_client] Sending sample transaction 151
[2026-05-22T09:15:20.735Z INFO  benchmark_client] Sending sample transaction 152
[2026-05-22T09:15:20.788Z INFO  benchmark_client] Sending sample transaction 153
[2026-05-22T09:15:20.835Z INFO  benchmark_client] Sending sample transaction 154
[2026-05-22T09:15:20.885Z INFO  benchmark_client] Sending sample transaction 155
[2026-05-22T09:15:20.935Z INFO  benchmark_client] Sending sample transaction 156
[2026-05-22T09:15:20.985Z INFO  benchmark_client] Sending sample transaction 157
[2026-05-22T09:15:21.035Z INFO  benchmark_client] Sending sample transaction 158
[2026-05-22T09:15:21.085Z INFO  benchmark_client] Sending sample transaction 159
[2026-05-22T09:15:21.135Z INFO  benchmark_client] Sending sample transaction 160
[2026-05-22T09:15:21.185Z INFO  benchmark_client] Sending sample transaction 161
[2026-05-22T09:15:21.235Z INFO  benchmark_client] Sending sample transaction 162
[2026-05-22T09:15:21.285Z INFO  benchmark_client] Sending sample transaction 163
[2026-05-22T09:15:21.335Z INFO  benchmark_client] Sending sample transaction 164
[2026-05-22T09:15:21.385Z INFO  benchmark_client] Sending sample transaction 165
[2026-05-22T09:15:21.435Z INFO  benchmark_client] Sending sample transaction 166
[2026-05-22T09:15:21.485Z INFO  benchmark_client] Sending sample transaction 167
[2026-05-22T09:15:21.535Z INFO  benchmark_client] Sending sample transaction 168
[2026-05-22T09:15:21.585Z INFO  benchmark_client] Sending sample transaction 169
[2026-05-22T09:15:21.635Z INFO  benchmark_client] Sending sample transaction 170
[2026-05-22T09:15:21.685Z INFO  benchmark_client] Sending sample transaction 171
[2026-05-22T09:15:21.736Z INFO  benchmark_client] Sending sample transaction 172
[2026-05-22T09:15:21.785Z INFO  benchmark_client] Sending sample transaction 173
[2026-05-22T09:15:21.835Z INFO  benchmark_client] Sending sample transaction 174
[2026-05-22T09:15:21.886Z INFO  benchmark_client] Sending sample transaction 175
[2026-05-22T09:15:21.935Z INFO  benchmark_client] Sending sample transaction 176
[2026-05-22T09:15:21.985Z INFO  benchmark_client] Sending sample transaction 177
[2026-05-22T09:15:22.035Z INFO  benchmark_client] Sending sample transaction 178
[2026-05-22T09:15:22.085Z INFO  benchmark_client] Sending sample transaction 179
[2026-05-22T09:15:22.135Z INFO  benchmark_client] Sending sample transaction 180
[2026-05-22T09:15:22.185Z INFO  benchmark_client] Sending sample transaction 181
[2026-05-22T09:15:22.235Z INFO  benchmark_client] Sending sample transaction 182
[2026-05-22T09:15:22.286Z INFO  benchmark_client] Sending sample transaction 183
[2026-05-22T09:15:22.335Z INFO  benchmark_client] Sending sample transaction 184
[2026-05-22T09:15:22.385Z INFO  benchmark_client] Sending sample transaction 185
[2026-05-22T09:15:22.435Z INFO  benchmark_client] Sending sample transaction 186
[2026-05-22T09:15:22.487Z INFO  benchmark_client] Sending sample transaction 187
[2026-05-22T09:15:22.535Z INFO  benchmark_client] Sending sample transaction 188
[2026-05-22T09:15:22.584Z INFO  benchmark_client] Sending sample transaction 189
[2026-05-22T09:15:22.635Z INFO  benchmark_client] Sending sample transaction 190
[2026-05-22T09:15:22.685Z INFO  benchmark_client] Sending sample transaction 191
[2026-05-22T09:15:22.735Z INFO  benchmark_client] Sending sample transaction 192
[2026-05-22T09:15:22.785Z INFO  benchmark_client] Sending sample transaction 193
[2026-05-22T09:15:22.835Z INFO  benchmark_client] Sending sample transaction 194
[2026-05-22T09:15:22.885Z INFO  benchmark_client] Sending sample transaction 195
[2026-05-22T09:15:22.935Z INFO  benchmark_client] Sending sample transaction 196
[2026-05-22T09:15:22.985Z INFO  benchmark_client] Sending sample transaction 197
[2026-05-22T09:15:23.035Z INFO  benchmark_client] Sending sample transaction 198
[2026-05-22T09:15:23.085Z INFO  benchmark_client] Sending sample transaction 199
[2026-05-22T09:15:23.138Z INFO  benchmark_client] Sending sample transaction 200
[2026-05-22T09:15:23.185Z INFO  benchmark_client] Sending sample transaction 201
[2026-05-22T09:15:23.237Z INFO  benchmark_client] Sending sample transaction 202
[2026-05-22T09:15:23.285Z INFO  benchmark_client] Sending sample transaction 203
[2026-05-22T09:15:23.335Z INFO  benchmark_client] Sending sample transaction 204
[2026-05-22T09:15:23.387Z INFO  benchmark_client] Sending sample transaction 205
[2026-05-22T09:15:23.435Z INFO  benchmark_client] Sending sample transaction 206
[2026-05-22T09:15:23.485Z INFO  benchmark_client] Sending sample transaction 207
[2026-05-22T09:15:23.536Z INFO  benchmark_client] Sending sample transaction 208
[2026-05-22T09:15:23.585Z INFO  benchmark_client] Sending sample transaction 209
[2026-05-22T09:15:23.635Z INFO  benchmark_client] Sending sample transaction 210
[2026-05-22T09:15:23.685Z INFO  benchmark_client] Sending sample transaction 211
[2026-05-22T09:15:23.735Z INFO  benchmark_client] Sending sample transaction 212
[2026-05-22T09:15:23.785Z INFO  benchmark_client] Sending sample transaction 213
[2026-05-22T09:15:23.835Z INFO  benchmark_client] Sending sample transaction 214
[2026-05-22T09:15:23.885Z INFO  benchmark_client] Sending sample transaction 215
[2026-05-22T09:15:23.935Z INFO  benchmark_client] Sending sample transaction 216
[2026-05-22T09:15:23.985Z INFO  benchmark_client] Sending sample transaction 217
[2026-05-22T09:15:24.036Z INFO  benchmark_client] Sending sample transaction 218
[2026-05-22T09:15:24.087Z INFO  benchmark_client] Sending sample transaction 219
[2026-05-22T09:15:24.135Z INFO  benchmark_client] Sending sample transaction 220
[2026-05-22T09:15:24.185Z INFO  benchmark_client] Sending sample transaction 221
[2026-05-22T09:15:24.235Z INFO  benchmark_client] Sending sample transaction 222
[2026-05-22T09:15:24.285Z INFO  benchmark_client] Sending sample transaction 223
[2026-05-22T09:15:24.335Z INFO  benchmark_client] Sending sample transaction 224
[2026-05-22T09:15:24.385Z INFO  benchmark_client] Sending sample transaction 225
[2026-05-22T09:15:24.435Z INFO  benchmark_client] Sending sample transaction 226
[2026-05-22T09:15:24.485Z INFO  benchmark_client] Sending sample transaction 227
[2026-05-22T09:15:24.535Z INFO  benchmark_client] Sending sample transaction 228
[2026-05-22T09:15:24.585Z INFO  benchmark_client] Sending sample transaction 229
[2026-05-22T09:15:24.635Z INFO  benchmark_client] Sending sample transaction 230
[2026-05-22T09:15:24.685Z INFO  benchmark_client] Sending sample transaction 231
[2026-05-22T09:15:24.736Z INFO  benchmark_client] Sending sample transaction 232
[2026-05-22T09:15:24.785Z INFO  benchmark_client] Sending sample transaction 233
[2026-05-22T09:15:24.835Z INFO  benchmark_client] Sending sample transaction 234
[2026-05-22T09:15:24.886Z INFO  benchmark_client] Sending sample transaction 235
[2026-05-22T09:15:24.935Z INFO  benchmark_client] Sending sample transaction 236
[2026-05-22T09:15:24.985Z INFO  benchmark_client] Sending sample transaction 237
[2026-05-22T09:15:25.035Z INFO  benchmark_client] Sending sample transaction 238
[2026-05-22T09:15:25.085Z INFO  benchmark_client] Sending sample transaction 239
[2026-05-22T09:15:25.139Z INFO  benchmark_client] Sending sample transaction 240
[2026-05-22T09:15:25.187Z INFO  benchmark_client] Sending sample transaction 241
[2026-05-22T09:15:25.235Z INFO  benchmark_client] Sending sample transaction 242
[2026-05-22T09:15:25.285Z INFO  benchmark_client] Sending sample transaction 243
[2026-05-22T09:15:25.335Z INFO  benchmark_client] Sending sample transaction 244
[2026-05-22T09:15:25.385Z INFO  benchmark_client] Sending sample transaction 245
[2026-05-22T09:15:25.435Z INFO  benchmark_client] Sending sample transaction 246
[2026-05-22T09:15:25.485Z INFO  benchmark_client] Sending sample transaction 247
[2026-05-22T09:15:25.535Z INFO  benchmark_client] Sending sample transaction 248
[2026-05-22T09:15:25.585Z INFO  benchmark_client] Sending sample transaction 249
[2026-05-22T09:15:25.635Z INFO  benchmark_client] Sending sample transaction 250
[2026-05-22T09:15:25.685Z INFO  benchmark_client] Sending sample transaction 251
[2026-05-22T09:15:25.735Z INFO  benchmark_client] Sending sample transaction 252
[2026-05-22T09:15:25.785Z INFO  benchmark_client] Sending sample transaction 253
[2026-05-22T09:15:25.835Z INFO  benchmark_client] Sending sample transaction 254
[2026-05-22T09:15:25.885Z INFO  benchmark_client] Sending sample transaction 255
[2026-05-22T09:15:25.935Z INFO  benchmark_client] Sending sample transaction 256
[2026-05-22T09:15:25.985Z INFO  benchmark_client] Sending sample transaction 257
[2026-05-22T09:15:26.035Z INFO  benchmark_client] Sending sample transaction 258
[2026-05-22T09:15:26.085Z INFO  benchmark_client] Sending sample transaction 259
[2026-05-22T09:15:26.136Z INFO  benchmark_client] Sending sample transaction 260
[2026-05-22T09:15:26.185Z INFO  benchmark_client] Sending sample transaction 261
[2026-05-22T09:15:26.236Z INFO  benchmark_client] Sending sample transaction 262
[2026-05-22T09:15:26.286Z INFO  benchmark_client] Sending sample transaction 263
[2026-05-22T09:15:26.335Z INFO  benchmark_client] Sending sample transaction 264
[2026-05-22T09:15:26.385Z INFO  benchmark_client] Sending sample transaction 265
[2026-05-22T09:15:26.436Z INFO  benchmark_client] Sending sample transaction 266
[2026-05-22T09:15:26.485Z INFO  benchmark_client] Sending sample transaction 267
[2026-05-22T09:15:26.535Z INFO  benchmark_client] Sending sample transaction 268
[2026-05-22T09:15:26.587Z INFO  benchmark_client] Sending sample transaction 269
[2026-05-22T09:15:26.635Z INFO  benchmark_client] Sending sample transaction 270
[2026-05-22T09:15:26.685Z INFO  benchmark_client] Sending sample transaction 271
[2026-05-22T09:15:26.735Z INFO  benchmark_client] Sending sample transaction 272
[2026-05-22T09:15:26.785Z INFO  benchmark_client] Sending sample transaction 273
[2026-05-22T09:15:26.836Z INFO  benchmark_client] Sending sample transaction 274
[2026-05-22T09:15:26.885Z INFO  benchmark_client] Sending sample transaction 275
[2026-05-22T09:15:26.936Z INFO  benchmark_client] Sending sample transaction 276
[2026-05-22T09:15:26.985Z INFO  benchmark_client] Sending sample transaction 277
[2026-05-22T09:15:27.035Z INFO  benchmark_client] Sending sample transaction 278
[2026-05-22T09:15:27.085Z INFO  benchmark_client] Sending sample transaction 279
[2026-05-22T09:15:27.135Z INFO  benchmark_client] Sending sample transaction 280
[2026-05-22T09:15:27.186Z INFO  benchmark_client] Sending sample transaction 281
[2026-05-22T09:15:27.235Z INFO  benchmark_client] Sending sample transaction 282
[2026-05-22T09:15:27.286Z INFO  benchmark_client] Sending sample transaction 283
[2026-05-22T09:15:27.337Z INFO  benchmark_client] Sending sample transaction 284
[2026-05-22T09:15:27.385Z INFO  benchmark_client] Sending sample transaction 285
[2026-05-22T09:15:27.435Z INFO  benchmark_client] Sending sample transaction 286
[2026-05-22T09:15:27.485Z INFO  benchmark_client] Sending sample transaction 287
[2026-05-22T09:15:27.535Z INFO  benchmark_client] Sending sample transaction 288
[2026-05-22T09:15:27.585Z INFO  benchmark_client] Sending sample transaction 289
[2026-05-22T09:15:27.638Z INFO  benchmark_client] Sending sample transaction 290
[2026-05-22T09:15:27.687Z INFO  benchmark_client] Sending sample transaction 291
[2026-05-22T09:15:27.735Z INFO  benchmark_client] Sending sample transaction 292
[2026-05-22T09:15:27.786Z INFO  benchmark_client] Sending sample transaction 293
[2026-05-22T09:15:27.838Z INFO  benchmark_client] Sending sample transaction 294
[2026-05-22T09:15:27.885Z INFO  benchmark_client] Sending sample transaction 295
[2026-05-22T09:15:27.935Z INFO  benchmark_client] Sending sample transaction 296
[2026-05-22T09:15:27.985Z INFO  benchmark_client] Sending sample transaction 297
[2026-05-22T09:15:28.035Z INFO  benchmark_client] Sending sample transaction 298
[2026-05-22T09:15:28.085Z INFO  benchmark_client] Sending sample transaction 299
[2026-05-22T09:15:28.135Z INFO  benchmark_client] Sending sample transaction 300
[2026-05-22T09:15:28.191Z INFO  benchmark_client] Sending sample transaction 301
[2026-05-22T09:15:28.235Z INFO  benchmark_client] Sending sample transaction 302
[2026-05-22T09:15:28.285Z INFO  benchmark_client] Sending sample transaction 303
[2026-05-22T09:15:28.335Z INFO  benchmark_client] Sending sample transaction 304
[2026-05-22T09:15:28.388Z INFO  benchmark_client] Sending sample transaction 305
[2026-05-22T09:15:28.436Z INFO  benchmark_client] Sending sample transaction 306
[2026-05-22T09:15:28.485Z INFO  benchmark_client] Sending sample transaction 307
[2026-05-22T09:15:28.535Z INFO  benchmark_client] Sending sample transaction 308
[2026-05-22T09:15:28.586Z INFO  benchmark_client] Sending sample transaction 309
[2026-05-22T09:15:28.635Z INFO  benchmark_client] Sending sample transaction 310
[2026-05-22T09:15:28.685Z INFO  benchmark_client] Sending sample transaction 311
[2026-05-22T09:15:28.735Z INFO  benchmark_client] Sending sample transaction 312
[2026-05-22T09:15:28.785Z INFO  benchmark_client] Sending sample transaction 313
[2026-05-22T09:15:28.835Z INFO  benchmark_client] Sending sample transaction 314
[2026-05-22T09:15:28.885Z INFO  benchmark_client] Sending sample transaction 315
[2026-05-22T09:15:28.936Z INFO  benchmark_client] Sending sample transaction 316
[2026-05-22T09:15:28.986Z INFO  benchmark_client] Sending sample transaction 317
[2026-05-22T09:15:29.036Z INFO  benchmark_client] Sending sample transaction 318
[2026-05-22T09:15:29.086Z INFO  benchmark_client] Sending sample transaction 319
[2026-05-22T09:15:29.135Z INFO  benchmark_client] Sending sample transaction 320
[2026-05-22T09:15:29.185Z INFO  benchmark_client] Sending sample transaction 321
[2026-05-22T09:15:29.236Z INFO  benchmark_client] Sending sample transaction 322
[2026-05-22T09:15:29.286Z INFO  benchmark_client] Sending sample transaction 323
[2026-05-22T09:15:29.335Z INFO  benchmark_client] Sending sample transaction 324
[2026-05-22T09:15:29.386Z INFO  benchmark_client] Sending sample transaction 325
[2026-05-22T09:15:29.439Z INFO  benchmark_client] Sending sample transaction 326
[2026-05-22T09:15:29.485Z INFO  benchmark_client] Sending sample transaction 327
[2026-05-22T09:15:29.535Z INFO  benchmark_client] Sending sample transaction 328
[2026-05-22T09:15:29.586Z INFO  benchmark_client] Sending sample transaction 329
[2026-05-22T09:15:29.635Z INFO  benchmark_client] Sending sample transaction 330
[2026-05-22T09:15:29.685Z INFO  benchmark_client] Sending sample transaction 331
[2026-05-22T09:15:29.735Z INFO  benchmark_client] Sending sample transaction 332
[2026-05-22T09:15:29.786Z INFO  benchmark_client] Sending sample transaction 333
[2026-05-22T09:15:29.835Z INFO  benchmark_client] Sending sample transaction 334
[2026-05-22T09:15:29.885Z INFO  benchmark_client] Sending sample transaction 335
[2026-05-22T09:15:29.935Z INFO  benchmark_client] Sending sample transaction 336
[2026-05-22T09:15:29.985Z INFO  benchmark_client] Sending sample transaction 337
[2026-05-22T09:15:30.035Z INFO  benchmark_client] Sending sample transaction 338
[2026-05-22T09:15:30.085Z INFO  benchmark_client] Sending sample transaction 339
[2026-05-22T09:15:30.135Z INFO  benchmark_client] Sending sample transaction 340
[2026-05-22T09:15:30.185Z INFO  benchmark_client] Sending sample transaction 341
[2026-05-22T09:15:30.235Z INFO  benchmark_client] Sending sample transaction 342
[2026-05-22T09:15:30.286Z INFO  benchmark_client] Sending sample transaction 343
[2026-05-22T09:15:30.335Z INFO  benchmark_client] Sending sample transaction 344
[2026-05-22T09:15:30.386Z INFO  benchmark_client] Sending sample transaction 345
[2026-05-22T09:15:30.435Z INFO  benchmark_client] Sending sample transaction 346
[2026-05-22T09:15:30.486Z INFO  benchmark_client] Sending sample transaction 347
[2026-05-22T09:15:30.536Z INFO  benchmark_client] Sending sample transaction 348
[2026-05-22T09:15:30.585Z INFO  benchmark_client] Sending sample transaction 349
[2026-05-22T09:15:30.635Z INFO  benchmark_client] Sending sample transaction 350
[2026-05-22T09:15:30.685Z INFO  benchmark_client] Sending sample transaction 351
[2026-05-22T09:15:30.735Z INFO  benchmark_client] Sending sample transaction 352
[2026-05-22T09:15:30.785Z INFO  benchmark_client] Sending sample transaction 353
[2026-05-22T09:15:30.836Z INFO  benchmark_client] Sending sample transaction 354
[2026-05-22T09:15:30.885Z INFO  benchmark_client] Sending sample transaction 355
[2026-05-22T09:15:30.935Z INFO  benchmark_client] Sending sample transaction 356
[2026-05-22T09:15:30.986Z INFO  benchmark_client] Sending sample transaction 357
[2026-05-22T09:15:31.035Z INFO  benchmark_client] Sending sample transaction 358
[2026-05-22T09:15:31.085Z INFO  benchmark_client] Sending sample transaction 359
[2026-05-22T09:15:31.135Z INFO  benchmark_client] Sending sample transaction 360
[2026-05-22T09:15:31.185Z INFO  benchmark_client] Sending sample transaction 361
[2026-05-22T09:15:31.236Z INFO  benchmark_client] Sending sample transaction 362
[2026-05-22T09:15:31.286Z INFO  benchmark_client] Sending sample transaction 363
[2026-05-22T09:15:31.335Z INFO  benchmark_client] Sending sample transaction 364
[2026-05-22T09:15:31.385Z INFO  benchmark_client] Sending sample transaction 365
[2026-05-22T09:15:31.435Z INFO  benchmark_client] Sending sample transaction 366
[2026-05-22T09:15:31.485Z INFO  benchmark_client] Sending sample transaction 367
[2026-05-22T09:15:31.536Z INFO  benchmark_client] Sending sample transaction 368
[2026-05-22T09:15:31.585Z INFO  benchmark_client] Sending sample transaction 369
[2026-05-22T09:15:31.637Z INFO  benchmark_client] Sending sample transaction 370
[2026-05-22T09:15:31.686Z INFO  benchmark_client] Sending sample transaction 371
[2026-05-22T09:15:31.737Z INFO  benchmark_client] Sending sample transaction 372
[2026-05-22T09:15:31.786Z INFO  benchmark_client] Sending sample transaction 373
[2026-05-22T09:15:31.837Z INFO  benchmark_client] Sending sample transaction 374
[2026-05-22T09:15:31.886Z INFO  benchmark_client] Sending sample transaction 375
[2026-05-22T09:15:31.936Z INFO  benchmark_client] Sending sample transaction 376
[2026-05-22T09:15:31.986Z INFO  benchmark_client] Sending sample transaction 377
[2026-05-22T09:15:32.037Z INFO  benchmark_client] Sending sample transaction 378
[2026-05-22T09:15:32.086Z INFO  benchmark_client] Sending sample transaction 379
[2026-05-22T09:15:32.136Z INFO  benchmark_client] Sending sample transaction 380
[2026-05-22T09:15:32.186Z INFO  benchmark_client] Sending sample transaction 381
[2026-05-22T09:15:32.239Z INFO  benchmark_client] Sending sample transaction 382
[2026-05-22T09:15:32.286Z INFO  benchmark_client] Sending sample transaction 383
[2026-05-22T09:15:32.337Z INFO  benchmark_client] Sending sample transaction 384
[2026-05-22T09:15:32.385Z INFO  benchmark_client] Sending sample transaction 385
[2026-05-22T09:15:32.436Z INFO  benchmark_client] Sending sample transaction 386
[2026-05-22T09:15:32.485Z INFO  benchmark_client] Sending sample transaction 387
[2026-05-22T09:15:32.536Z INFO  benchmark_client] Sending sample transaction 388
[2026-05-22T09:15:32.585Z INFO  benchmark_client] Sending sample transaction 389
[2026-05-22T09:15:32.636Z INFO  benchmark_client] Sending sample transaction 390
[2026-05-22T09:15:32.688Z INFO  benchmark_client] Sending sample transaction 391
[2026-05-22T09:15:32.736Z INFO  benchmark_client] Sending sample transaction 392
[2026-05-22T09:15:32.786Z INFO  benchmark_client] Sending sample transaction 393
[2026-05-22T09:15:32.840Z INFO  benchmark_client] Sending sample transaction 394
[2026-05-22T09:15:32.886Z INFO  benchmark_client] Sending sample transaction 395
[2026-05-22T09:15:32.936Z INFO  benchmark_client] Sending sample transaction 396
[2026-05-22T09:15:32.985Z INFO  benchmark_client] Sending sample transaction 397
[2026-05-22T09:15:33.036Z INFO  benchmark_client] Sending sample transaction 398
[2026-05-22T09:15:33.085Z INFO  benchmark_client] Sending sample transaction 399
[2026-05-22T09:15:33.136Z INFO  benchmark_client] Sending sample transaction 400
[2026-05-22T09:15:33.185Z INFO  benchmark_client] Sending sample transaction 401
[2026-05-22T09:15:33.236Z INFO  benchmark_client] Sending sample transaction 402
[2026-05-22T09:15:33.286Z INFO  benchmark_client] Sending sample transaction 403
[2026-05-22T09:15:33.336Z INFO  benchmark_client] Sending sample transaction 404
[2026-05-22T09:15:33.385Z INFO  benchmark_client] Sending sample transaction 405
[2026-05-22T09:15:33.435Z INFO  benchmark_client] Sending sample transaction 406
[2026-05-22T09:15:33.486Z INFO  benchmark_client] Sending sample transaction 407
[2026-05-22T09:15:33.536Z INFO  benchmark_client] Sending sample transaction 408
[2026-05-22T09:15:33.585Z INFO  benchmark_client] Sending sample transaction 409
[2026-05-22T09:15:33.636Z INFO  benchmark_client] Sending sample transaction 410
[2026-05-22T09:15:33.685Z INFO  benchmark_client] Sending sample transaction 411
[2026-05-22T09:15:33.735Z INFO  benchmark_client] Sending sample transaction 412
[2026-05-22T09:15:33.789Z INFO  benchmark_client] Sending sample transaction 413
[2026-05-22T09:15:33.835Z INFO  benchmark_client] Sending sample transaction 414
[2026-05-22T09:15:33.886Z INFO  benchmark_client] Sending sample transaction 415
[2026-05-22T09:15:33.935Z INFO  benchmark_client] Sending sample transaction 416
[2026-05-22T09:15:33.985Z INFO  benchmark_client] Sending sample transaction 417
[2026-05-22T09:15:34.036Z INFO  benchmark_client] Sending sample transaction 418
[2026-05-22T09:15:34.086Z INFO  benchmark_client] Sending sample transaction 419
[2026-05-22T09:15:34.135Z INFO  benchmark_client] Sending sample transaction 420
[2026-05-22T09:15:34.186Z INFO  benchmark_client] Sending sample transaction 421
[2026-05-22T09:15:34.235Z INFO  benchmark_client] Sending sample transaction 422
[2026-05-22T09:15:34.285Z INFO  benchmark_client] Sending sample transaction 423
[2026-05-22T09:15:34.335Z INFO  benchmark_client] Sending sample transaction 424
[2026-05-22T09:15:34.385Z INFO  benchmark_client] Sending sample transaction 425
[2026-05-22T09:15:34.435Z INFO  benchmark_client] Sending sample transaction 426
[2026-05-22T09:15:34.485Z INFO  benchmark_client] Sending sample transaction 427
[2026-05-22T09:15:34.535Z INFO  benchmark_client] Sending sample transaction 428
[2026-05-22T09:15:34.585Z INFO  benchmark_client] Sending sample transaction 429
[2026-05-22T09:15:34.636Z INFO  benchmark_client] Sending sample transaction 430
[2026-05-22T09:15:34.686Z INFO  benchmark_client] Sending sample transaction 431
[2026-05-22T09:15:34.736Z INFO  benchmark_client] Sending sample transaction 432
[2026-05-22T09:15:34.786Z INFO  benchmark_client] Sending sample transaction 433
[2026-05-22T09:15:34.836Z INFO  benchmark_client] Sending sample transaction 434
[2026-05-22T09:15:34.886Z INFO  benchmark_client] Sending sample transaction 435
[2026-05-22T09:15:34.936Z INFO  benchmark_client] Sending sample transaction 436
[2026-05-22T09:15:34.985Z INFO  benchmark_client] Sending sample transaction 437
[2026-05-22T09:15:35.036Z INFO  benchmark_client] Sending sample transaction 438
[2026-05-22T09:15:35.085Z INFO  benchmark_client] Sending sample transaction 439
[2026-05-22T09:15:35.136Z INFO  benchmark_client] Sending sample transaction 440
[2026-05-22T09:15:35.186Z INFO  benchmark_client] Sending sample transaction 441
[2026-05-22T09:15:35.236Z INFO  benchmark_client] Sending sample transaction 442
[2026-05-22T09:15:35.285Z INFO  benchmark_client] Sending sample transaction 443
[2026-05-22T09:15:35.336Z INFO  benchmark_client] Sending sample transaction 444
[2026-05-22T09:15:35.386Z INFO  benchmark_client] Sending sample transaction 445
[2026-05-22T09:15:35.435Z INFO  benchmark_client] Sending sample transaction 446
[2026-05-22T09:15:35.486Z INFO  benchmark_client] Sending sample transaction 447
[2026-05-22T09:15:35.535Z INFO  benchmark_client] Sending sample transaction 448
[2026-05-22T09:15:35.585Z INFO  benchmark_client] Sending sample transaction 449
[2026-05-22T09:15:35.636Z INFO  benchmark_client] Sending sample transaction 450
[2026-05-22T09:15:35.685Z INFO  benchmark_client] Sending sample transaction 451
[2026-05-22T09:15:35.736Z INFO  benchmark_client] Sending sample transaction 452
[2026-05-22T09:15:35.786Z INFO  benchmark_client] Sending sample transaction 453
[2026-05-22T09:15:35.835Z INFO  benchmark_client] Sending sample transaction 454
[2026-05-22T09:15:35.887Z INFO  benchmark_client] Sending sample transaction 455
[2026-05-22T09:15:35.936Z INFO  benchmark_client] Sending sample transaction 456
[2026-05-22T09:15:35.988Z INFO  benchmark_client] Sending sample transaction 457
[2026-05-22T09:15:36.036Z INFO  benchmark_client] Sending sample transaction 458
[2026-05-22T09:15:36.085Z INFO  benchmark_client] Sending sample transaction 459
[2026-05-22T09:15:36.136Z INFO  benchmark_client] Sending sample transaction 460
[2026-05-22T09:15:36.192Z INFO  benchmark_client] Sending sample transaction 461
[2026-05-22T09:15:36.236Z INFO  benchmark_client] Sending sample transaction 462
[2026-05-22T09:15:36.285Z INFO  benchmark_client] Sending sample transaction 463
[2026-05-22T09:15:36.337Z INFO  benchmark_client] Sending sample transaction 464
[2026-05-22T09:15:36.385Z INFO  benchmark_client] Sending sample transaction 465
[2026-05-22T09:15:36.437Z INFO  benchmark_client] Sending sample transaction 466
[2026-05-22T09:15:36.485Z INFO  benchmark_client] Sending sample transaction 467
[2026-05-22T09:15:36.535Z INFO  benchmark_client] Sending sample transaction 468
[2026-05-22T09:15:36.585Z INFO  benchmark_client] Sending sample transaction 469
[2026-05-22T09:15:36.637Z INFO  benchmark_client] Sending sample transaction 470
[2026-05-22T09:15:36.685Z INFO  benchmark_client] Sending sample transaction 471
[2026-05-22T09:15:36.736Z INFO  benchmark_client] Sending sample transaction 472
[2026-05-22T09:15:36.786Z INFO  benchmark_client] Sending sample transaction 473
[2026-05-22T09:15:36.836Z INFO  benchmark_client] Sending sample transaction 474
[2026-05-22T09:15:36.887Z INFO  benchmark_client] Sending sample transaction 475
[2026-05-22T09:15:36.938Z INFO  benchmark_client] Sending sample transaction 476
[2026-05-22T09:15:36.988Z INFO  benchmark_client] Sending sample transaction 477
[2026-05-22T09:15:37.038Z INFO  benchmark_client] Sending sample transaction 478
[2026-05-22T09:15:37.086Z INFO  benchmark_client] Sending sample transaction 479
[2026-05-22T09:15:37.135Z INFO  benchmark_client] Sending sample transaction 480
[2026-05-22T09:15:37.186Z INFO  benchmark_client] Sending sample transaction 481
[2026-05-22T09:15:37.235Z INFO  benchmark_client] Sending sample transaction 482
[2026-05-22T09:15:37.285Z INFO  benchmark_client] Sending sample transaction 483
[2026-05-22T09:15:37.335Z INFO  benchmark_client] Sending sample transaction 484
[2026-05-22T09:15:37.388Z INFO  benchmark_client] Sending sample transaction 485
[2026-05-22T09:15:37.436Z INFO  benchmark_client] Sending sample transaction 486
[2026-05-22T09:15:37.485Z INFO  benchmark_client] Sending sample transaction 487
[2026-05-22T09:15:37.536Z INFO  benchmark_client] Sending sample transaction 488
[2026-05-22T09:15:37.585Z INFO  benchmark_client] Sending sample transaction 489
[2026-05-22T09:15:37.635Z INFO  benchmark_client] Sending sample transaction 490
[2026-05-22T09:15:37.686Z INFO  benchmark_client] Sending sample transaction 491
[2026-05-22T09:15:37.738Z INFO  benchmark_client] Sending sample transaction 492
[2026-05-22T09:15:37.786Z INFO  benchmark_client] Sending sample transaction 493
[2026-05-22T09:15:37.837Z INFO  benchmark_client] Sending sample transaction 494
[2026-05-22T09:15:37.887Z INFO  benchmark_client] Sending sample transaction 495
[2026-05-22T09:15:37.937Z INFO  benchmark_client] Sending sample transaction 496
[2026-05-22T09:15:37.985Z INFO  benchmark_client] Sending sample transaction 497
[2026-05-22T09:15:38.038Z INFO  benchmark_client] Sending sample transaction 498
[2026-05-22T09:15:38.087Z INFO  benchmark_client] Sending sample transaction 499
[2026-05-22T09:15:38.136Z INFO  benchmark_client] Sending sample transaction 500
[2026-05-22T09:15:38.186Z INFO  benchmark_client] Sending sample transaction 501
[2026-05-22T09:15:38.236Z INFO  benchmark_client] Sending sample transaction 502
[2026-05-22T09:15:38.286Z INFO  benchmark_client] Sending sample transaction 503
[2026-05-22T09:15:38.336Z INFO  benchmark_client] Sending sample transaction 504
[2026-05-22T09:15:38.386Z INFO  benchmark_client] Sending sample transaction 505
[2026-05-22T09:15:38.436Z INFO  benchmark_client] Sending sample transaction 506
[2026-05-22T09:15:38.486Z INFO  benchmark_client] Sending sample transaction 507
[2026-05-22T09:15:38.536Z INFO  benchmark_client] Sending sample transaction 508
[2026-05-22T09:15:38.586Z INFO  benchmark_client] Sending sample transaction 509
[2026-05-22T09:15:38.636Z INFO  benchmark_client] Sending sample transaction 510
[2026-05-22T09:15:38.686Z INFO  benchmark_client] Sending sample transaction 511
[2026-05-22T09:15:38.735Z INFO  benchmark_client] Sending sample transaction 512
[2026-05-22T09:15:38.786Z INFO  benchmark_client] Sending sample transaction 513
[2026-05-22T09:15:38.836Z INFO  benchmark_client] Sending sample transaction 514
[2026-05-22T09:15:38.886Z INFO  benchmark_client] Sending sample transaction 515
[2026-05-22T09:15:38.936Z INFO  benchmark_client] Sending sample transaction 516
[2026-05-22T09:15:38.986Z INFO  benchmark_client] Sending sample transaction 517
[2026-05-22T09:15:39.036Z INFO  benchmark_client] Sending sample transaction 518
[2026-05-22T09:15:39.085Z INFO  benchmark_client] Sending sample transaction 519
[2026-05-22T09:15:39.136Z INFO  benchmark_client] Sending sample transaction 520
[2026-05-22T09:15:39.186Z INFO  benchmark_client] Sending sample transaction 521
[2026-05-22T09:15:39.236Z INFO  benchmark_client] Sending sample transaction 522
[2026-05-22T09:15:39.286Z INFO  benchmark_client] Sending sample transaction 523
[2026-05-22T09:15:39.337Z INFO  benchmark_client] Sending sample transaction 524
[2026-05-22T09:15:39.386Z INFO  benchmark_client] Sending sample transaction 525
[2026-05-22T09:15:39.435Z INFO  benchmark_client] Sending sample transaction 526
[2026-05-22T09:15:39.486Z INFO  benchmark_client] Sending sample transaction 527
[2026-05-22T09:15:39.535Z INFO  benchmark_client] Sending sample transaction 528
[2026-05-22T09:15:39.585Z INFO  benchmark_client] Sending sample transaction 529
[2026-05-22T09:15:39.637Z INFO  benchmark_client] Sending sample transaction 530
[2026-05-22T09:15:39.686Z INFO  benchmark_client] Sending sample transaction 531
[2026-05-22T09:15:39.736Z INFO  benchmark_client] Sending sample transaction 532
[2026-05-22T09:15:39.786Z INFO  benchmark_client] Sending sample transaction 533
[2026-05-22T09:15:39.836Z INFO  benchmark_client] Sending sample transaction 534
[2026-05-22T09:15:39.886Z INFO  benchmark_client] Sending sample transaction 535
[2026-05-22T09:15:39.936Z INFO  benchmark_client] Sending sample transaction 536
[2026-05-22T09:15:39.986Z INFO  benchmark_client] Sending sample transaction 537
[2026-05-22T09:15:40.037Z INFO  benchmark_client] Sending sample transaction 538
[2026-05-22T09:15:40.086Z INFO  benchmark_client] Sending sample transaction 539
[2026-05-22T09:15:40.136Z INFO  benchmark_client] Sending sample transaction 540
[2026-05-22T09:15:40.186Z INFO  benchmark_client] Sending sample transaction 541
[2026-05-22T09:15:40.236Z INFO  benchmark_client] Sending sample transaction 542
[2026-05-22T09:15:40.286Z INFO  benchmark_client] Sending sample transaction 543
[2026-05-22T09:15:40.338Z INFO  benchmark_client] Sending sample transaction 544
[2026-05-22T09:15:40.386Z INFO  benchmark_client] Sending sample transaction 545
[2026-05-22T09:15:40.436Z INFO  benchmark_client] Sending sample transaction 546
[2026-05-22T09:15:40.485Z INFO  benchmark_client] Sending sample transaction 547
[2026-05-22T09:15:40.536Z INFO  benchmark_client] Sending sample transaction 548
[2026-05-22T09:15:40.587Z INFO  benchmark_client] Sending sample transaction 549
[2026-05-22T09:15:40.636Z INFO  benchmark_client] Sending sample transaction 550
[2026-05-22T09:15:40.690Z INFO  benchmark_client] Sending sample transaction 551
[2026-05-22T09:15:40.735Z INFO  benchmark_client] Sending sample transaction 552
[2026-05-22T09:15:40.787Z INFO  benchmark_client] Sending sample transaction 553
[2026-05-22T09:15:40.836Z INFO  benchmark_client] Sending sample transaction 554
[2026-05-22T09:15:40.886Z INFO  benchmark_client] Sending sample transaction 555
[2026-05-22T09:15:40.936Z INFO  benchmark_client] Sending sample transaction 556
[2026-05-22T09:15:40.987Z INFO  benchmark_client] Sending sample transaction 557
[2026-05-22T09:15:41.036Z INFO  benchmark_client] Sending sample transaction 558
[2026-05-22T09:15:41.085Z INFO  benchmark_client] Sending sample transaction 559
[2026-05-22T09:15:41.136Z INFO  benchmark_client] Sending sample transaction 560
[2026-05-22T09:15:41.187Z INFO  benchmark_client] Sending sample transaction 561
[2026-05-22T09:15:41.237Z INFO  benchmark_client] Sending sample transaction 562
[2026-05-22T09:15:41.288Z INFO  benchmark_client] Sending sample transaction 563
[2026-05-22T09:15:41.336Z INFO  benchmark_client] Sending sample transaction 564
[2026-05-22T09:15:41.387Z INFO  benchmark_client] Sending sample transaction 565
[2026-05-22T09:15:41.436Z INFO  benchmark_client] Sending sample transaction 566
[2026-05-22T09:15:41.486Z INFO  benchmark_client] Sending sample transaction 567
[2026-05-22T09:15:41.536Z INFO  benchmark_client] Sending sample transaction 568
[2026-05-22T09:15:41.586Z INFO  benchmark_client] Sending sample transaction 569
[2026-05-22T09:15:41.637Z INFO  benchmark_client] Sending sample transaction 570
[2026-05-22T09:15:41.688Z INFO  benchmark_client] Sending sample transaction 571
[2026-05-22T09:15:41.736Z INFO  benchmark_client] Sending sample transaction 572
[2026-05-22T09:15:41.788Z INFO  benchmark_client] Sending sample transaction 573
[2026-05-22T09:15:41.836Z INFO  benchmark_client] Sending sample transaction 574
[2026-05-22T09:15:41.886Z INFO  benchmark_client] Sending sample transaction 575
[2026-05-22T09:15:41.936Z INFO  benchmark_client] Sending sample transaction 576
[2026-05-22T09:15:41.986Z INFO  benchmark_client] Sending sample transaction 577
[2026-05-22T09:15:42.038Z INFO  benchmark_client] Sending sample transaction 578
[2026-05-22T09:15:42.085Z INFO  benchmark_client] Sending sample transaction 579
[2026-05-22T09:15:42.137Z INFO  benchmark_client] Sending sample transaction 580
[2026-05-22T09:15:42.188Z INFO  benchmark_client] Sending sample transaction 581
[2026-05-22T09:15:42.236Z INFO  benchmark_client] Sending sample transaction 582
[2026-05-22T09:15:42.288Z INFO  benchmark_client] Sending sample transaction 583
[2026-05-22T09:15:42.336Z INFO  benchmark_client] Sending sample transaction 584
[2026-05-22T09:15:42.386Z INFO  benchmark_client] Sending sample transaction 585
[2026-05-22T09:15:42.436Z INFO  benchmark_client] Sending sample transaction 586
[2026-05-22T09:15:42.486Z INFO  benchmark_client] Sending sample transaction 587
[2026-05-22T09:15:42.536Z INFO  benchmark_client] Sending sample transaction 588
[2026-05-22T09:15:42.586Z INFO  benchmark_client] Sending sample transaction 589
[2026-05-22T09:15:42.636Z INFO  benchmark_client] Sending sample transaction 590
[2026-05-22T09:15:42.686Z INFO  benchmark_client] Sending sample transaction 591
[2026-05-22T09:15:42.736Z INFO  benchmark_client] Sending sample transaction 592
[2026-05-22T09:15:42.787Z INFO  benchmark_client] Sending sample transaction 593
[2026-05-22T09:15:42.837Z INFO  benchmark_client] Sending sample transaction 594
[2026-05-22T09:15:42.886Z INFO  benchmark_client] Sending sample transaction 595
[2026-05-22T09:15:42.936Z INFO  benchmark_client] Sending sample transaction 596
[2026-05-22T09:15:42.986Z INFO  benchmark_client] Sending sample transaction 597
[2026-05-22T09:15:43.036Z INFO  benchmark_client] Sending sample transaction 598
[2026-05-22T09:15:43.085Z INFO  benchmark_client] Sending sample transaction 599
[2026-05-22T09:15:43.136Z INFO  benchmark_client] Sending sample transaction 600
[2026-05-22T09:15:43.186Z INFO  benchmark_client] Sending sample transaction 601
[2026-05-22T09:15:43.240Z INFO  benchmark_client] Sending sample transaction 602
[2026-05-22T09:15:43.287Z INFO  benchmark_client] Sending sample transaction 603
[2026-05-22T09:15:43.335Z INFO  benchmark_client] Sending sample transaction 604
[2026-05-22T09:15:43.386Z INFO  benchmark_client] Sending sample transaction 605
[2026-05-22T09:15:43.437Z INFO  benchmark_client] Sending sample transaction 606
[2026-05-22T09:15:43.486Z INFO  benchmark_client] Sending sample transaction 607
[2026-05-22T09:15:43.536Z INFO  benchmark_client] Sending sample transaction 608
[2026-05-22T09:15:43.586Z INFO  benchmark_client] Sending sample transaction 609
[2026-05-22T09:15:43.637Z INFO  benchmark_client] Sending sample transaction 610
[2026-05-22T09:15:43.686Z INFO  benchmark_client] Sending sample transaction 611
[2026-05-22T09:15:43.736Z INFO  benchmark_client] Sending sample transaction 612
[2026-05-22T09:15:43.786Z INFO  benchmark_client] Sending sample transaction 613
[2026-05-22T09:15:43.836Z INFO  benchmark_client] Sending sample transaction 614
[2026-05-22T09:15:43.886Z INFO  benchmark_client] Sending sample transaction 615
[2026-05-22T09:15:43.936Z INFO  benchmark_client] Sending sample transaction 616
[2026-05-22T09:15:43.986Z INFO  benchmark_client] Sending sample transaction 617
[2026-05-22T09:15:44.036Z INFO  benchmark_client] Sending sample transaction 618
[2026-05-22T09:15:44.086Z INFO  benchmark_client] Sending sample transaction 619
[2026-05-22T09:15:44.136Z INFO  benchmark_client] Sending sample transaction 620
[2026-05-22T09:15:44.186Z INFO  benchmark_client] Sending sample transaction 621
[2026-05-22T09:15:44.236Z INFO  benchmark_client] Sending sample transaction 622
[2026-05-22T09:15:44.286Z INFO  benchmark_client] Sending sample transaction 623
[2026-05-22T09:15:44.335Z INFO  benchmark_client] Sending sample transaction 624
[2026-05-22T09:15:44.386Z INFO  benchmark_client] Sending sample transaction 625
[2026-05-22T09:15:44.436Z INFO  benchmark_client] Sending sample transaction 626
[2026-05-22T09:15:44.486Z INFO  benchmark_client] Sending sample transaction 627
[2026-05-22T09:15:44.536Z INFO  benchmark_client] Sending sample transaction 628
[2026-05-22T09:15:44.588Z INFO  benchmark_client] Sending sample transaction 629
[2026-05-22T09:15:44.637Z INFO  benchmark_client] Sending sample transaction 630
[2026-05-22T09:15:44.686Z INFO  benchmark_client] Sending sample transaction 631
[2026-05-22T09:15:44.736Z INFO  benchmark_client] Sending sample transaction 632
[2026-05-22T09:15:44.789Z INFO  benchmark_client] Sending sample transaction 633
[2026-05-22T09:15:44.837Z INFO  benchmark_client] Sending sample transaction 634
[2026-05-22T09:15:44.887Z INFO  benchmark_client] Sending sample transaction 635
[2026-05-22T09:15:44.939Z INFO  benchmark_client] Sending sample transaction 636
[2026-05-22T09:15:44.986Z INFO  benchmark_client] Sending sample transaction 637
[2026-05-22T09:15:45.036Z INFO  benchmark_client] Sending sample transaction 638
[2026-05-22T09:15:45.089Z INFO  benchmark_client] Sending sample transaction 639
[2026-05-22T09:15:45.138Z INFO  benchmark_client] Sending sample transaction 640
[2026-05-22T09:15:45.186Z INFO  benchmark_client] Sending sample transaction 641
[2026-05-22T09:15:45.236Z INFO  benchmark_client] Sending sample transaction 642
[2026-05-22T09:15:45.286Z INFO  benchmark_client] Sending sample transaction 643
[2026-05-22T09:15:45.336Z INFO  benchmark_client] Sending sample transaction 644
[2026-05-22T09:15:45.389Z INFO  benchmark_client] Sending sample transaction 645
[2026-05-22T09:15:45.436Z INFO  benchmark_client] Sending sample transaction 646
[2026-05-22T09:15:45.486Z INFO  benchmark_client] Sending sample transaction 647
[2026-05-22T09:15:45.536Z INFO  benchmark_client] Sending sample transaction 648
[2026-05-22T09:15:45.591Z INFO  benchmark_client] Sending sample transaction 649
[2026-05-22T09:15:45.636Z INFO  benchmark_client] Sending sample transaction 650
[2026-05-22T09:15:45.688Z INFO  benchmark_client] Sending sample transaction 651
[2026-05-22T09:15:45.736Z INFO  benchmark_client] Sending sample transaction 652
[2026-05-22T09:15:45.790Z INFO  benchmark_client] Sending sample transaction 653
[2026-05-22T09:15:45.838Z INFO  benchmark_client] Sending sample transaction 654
[2026-05-22T09:15:45.887Z INFO  benchmark_client] Sending sample transaction 655
[2026-05-22T09:15:45.936Z INFO  benchmark_client] Sending sample transaction 656
[2026-05-22T09:15:45.987Z INFO  benchmark_client] Sending sample transaction 657
[2026-05-22T09:15:46.036Z INFO  benchmark_client] Sending sample transaction 658
[2026-05-22T09:15:46.087Z INFO  benchmark_client] Sending sample transaction 659
[2026-05-22T09:15:46.136Z INFO  benchmark_client] Sending sample transaction 660
[2026-05-22T09:15:46.186Z INFO  benchmark_client] Sending sample transaction 661
[2026-05-22T09:15:46.239Z INFO  benchmark_client] Sending sample transaction 662
[2026-05-22T09:15:46.286Z INFO  benchmark_client] Sending sample transaction 663
[2026-05-22T09:15:46.337Z INFO  benchmark_client] Sending sample transaction 664
[2026-05-22T09:15:46.386Z INFO  benchmark_client] Sending sample transaction 665
[2026-05-22T09:15:46.435Z INFO  benchmark_client] Sending sample transaction 666
[2026-05-22T09:15:46.485Z INFO  benchmark_client] Sending sample transaction 667
[2026-05-22T09:15:46.535Z INFO  benchmark_client] Sending sample transaction 668
[2026-05-22T09:15:46.586Z INFO  benchmark_client] Sending sample transaction 669
[2026-05-22T09:15:46.635Z INFO  benchmark_client] Sending sample transaction 670
[2026-05-22T09:15:46.687Z INFO  benchmark_client] Sending sample transaction 671
[2026-05-22T09:15:46.735Z INFO  benchmark_client] Sending sample transaction 672
[2026-05-22T09:15:46.784Z INFO  benchmark_client] Sending sample transaction 673
[2026-05-22T09:15:46.839Z INFO  benchmark_client] Sending sample transaction 674
[2026-05-22T09:15:46.885Z INFO  benchmark_client] Sending sample transaction 675
[2026-05-22T09:15:46.935Z INFO  benchmark_client] Sending sample transaction 676
[2026-05-22T09:15:46.989Z INFO  benchmark_client] Sending sample transaction 677
[2026-05-22T09:15:47.035Z INFO  benchmark_client] Sending sample transaction 678
[2026-05-22T09:15:47.085Z INFO  benchmark_client] Sending sample transaction 679
[2026-05-22T09:15:47.138Z INFO  benchmark_client] Sending sample transaction 680
[2026-05-22T09:15:47.185Z INFO  benchmark_client] Sending sample transaction 681
[2026-05-22T09:15:47.235Z INFO  benchmark_client] Sending sample transaction 682
[2026-05-22T09:15:47.284Z INFO  benchmark_client] Sending sample transaction 683
[2026-05-22T09:15:47.334Z INFO  benchmark_client] Sending sample transaction 684
[2026-05-22T09:15:47.386Z INFO  benchmark_client] Sending sample transaction 685
[2026-05-22T09:15:47.434Z INFO  benchmark_client] Sending sample transaction 686
[2026-05-22T09:15:47.485Z INFO  benchmark_client] Sending sample transaction 687
[2026-05-22T09:15:47.535Z INFO  benchmark_client] Sending sample transaction 688
[2026-05-22T09:15:47.585Z INFO  benchmark_client] Sending sample transaction 689
[2026-05-22T09:15:47.635Z INFO  benchmark_client] Sending sample transaction 690
[2026-05-22T09:15:47.685Z INFO  benchmark_client] Sending sample transaction 691
[2026-05-22T09:15:47.736Z INFO  benchmark_client] Sending sample transaction 692
[2026-05-22T09:15:47.786Z INFO  benchmark_client] Sending sample transaction 693
[2026-05-22T09:15:47.835Z INFO  benchmark_client] Sending sample transaction 694
[2026-05-22T09:15:47.885Z INFO  benchmark_client] Sending sample transaction 695
[2026-05-22T09:15:47.935Z INFO  benchmark_client] Sending sample transaction 696
[2026-05-22T09:15:47.984Z INFO  benchmark_client] Sending sample transaction 697
[2026-05-22T09:15:48.035Z INFO  benchmark_client] Sending sample transaction 698
[2026-05-22T09:15:48.084Z INFO  benchmark_client] Sending sample transaction 699
[2026-05-22T09:15:48.135Z INFO  benchmark_client] Sending sample transaction 700
[2026-05-22T09:15:48.185Z INFO  benchmark_client] Sending sample transaction 701
[2026-05-22T09:15:48.235Z INFO  benchmark_client] Sending sample transaction 702
[2026-05-22T09:15:48.285Z INFO  benchmark_client] Sending sample transaction 703
[2026-05-22T09:15:48.335Z INFO  benchmark_client] Sending sample transaction 704
[2026-05-22T09:15:48.385Z INFO  benchmark_client] Sending sample transaction 705
[2026-05-22T09:15:48.434Z INFO  benchmark_client] Sending sample transaction 706
[2026-05-22T09:15:48.485Z INFO  benchmark_client] Sending sample transaction 707
[2026-05-22T09:15:48.535Z INFO  benchmark_client] Sending sample transaction 708
[2026-05-22T09:15:48.585Z INFO  benchmark_client] Sending sample transaction 709
[2026-05-22T09:15:48.635Z INFO  benchmark_client] Sending sample transaction 710
[2026-05-22T09:15:48.685Z INFO  benchmark_client] Sending sample transaction 711
[2026-05-22T09:15:48.735Z INFO  benchmark_client] Sending sample transaction 712
[2026-05-22T09:15:48.785Z INFO  benchmark_client] Sending sample transaction 713
[2026-05-22T09:15:48.836Z INFO  benchmark_client] Sending sample transaction 714
[2026-05-22T09:15:48.886Z INFO  benchmark_client] Sending sample transaction 715
[2026-05-22T09:15:48.935Z INFO  benchmark_client] Sending sample transaction 716
[2026-05-22T09:15:48.986Z INFO  benchmark_client] Sending sample transaction 717
[2026-05-22T09:15:49.034Z INFO  benchmark_client] Sending sample transaction 718
[2026-05-22T09:15:49.085Z INFO  benchmark_client] Sending sample transaction 719
[2026-05-22T09:15:49.135Z INFO  benchmark_client] Sending sample transaction 720
[2026-05-22T09:15:49.187Z INFO  benchmark_client] Sending sample transaction 721
[2026-05-22T09:15:49.235Z INFO  benchmark_client] Sending sample transaction 722
[2026-05-22T09:15:49.285Z INFO  benchmark_client] Sending sample transaction 723
[2026-05-22T09:15:49.335Z INFO  benchmark_client] Sending sample transaction 724
[2026-05-22T09:15:49.386Z INFO  benchmark_client] Sending sample transaction 725
[2026-05-22T09:15:49.435Z INFO  benchmark_client] Sending sample transaction 726
[2026-05-22T09:15:49.485Z INFO  benchmark_client] Sending sample transaction 727
[2026-05-22T09:15:49.535Z INFO  benchmark_client] Sending sample transaction 728
[2026-05-22T09:15:49.585Z INFO  benchmark_client] Sending sample transaction 729
[2026-05-22T09:15:49.636Z INFO  benchmark_client] Sending sample transaction 730
[2026-05-22T09:15:49.685Z INFO  benchmark_client] Sending sample transaction 731
[2026-05-22T09:15:49.735Z INFO  benchmark_client] Sending sample transaction 732
[2026-05-22T09:15:49.787Z INFO  benchmark_client] Sending sample transaction 733
[2026-05-22T09:15:49.835Z INFO  benchmark_client] Sending sample transaction 734
[2026-05-22T09:15:49.885Z INFO  benchmark_client] Sending sample transaction 735
[2026-05-22T09:15:49.935Z INFO  benchmark_client] Sending sample transaction 736
[2026-05-22T09:15:49.985Z INFO  benchmark_client] Sending sample transaction 737
[2026-05-22T09:15:50.035Z INFO  benchmark_client] Sending sample transaction 738
[2026-05-22T09:15:50.086Z INFO  benchmark_client] Sending sample transaction 739
[2026-05-22T09:15:50.135Z INFO  benchmark_client] Sending sample transaction 740
[2026-05-22T09:15:50.185Z INFO  benchmark_client] Sending sample transaction 741
[2026-05-22T09:15:50.236Z INFO  benchmark_client] Sending sample transaction 742
[2026-05-22T09:15:50.285Z INFO  benchmark_client] Sending sample transaction 743
[2026-05-22T09:15:50.335Z INFO  benchmark_client] Sending sample transaction 744
[2026-05-22T09:15:50.385Z INFO  benchmark_client] Sending sample transaction 745
[2026-05-22T09:15:50.435Z INFO  benchmark_client] Sending sample transaction 746
[2026-05-22T09:15:50.485Z INFO  benchmark_client] Sending sample transaction 747
[2026-05-22T09:15:50.534Z INFO  benchmark_client] Sending sample transaction 748
[2026-05-22T09:15:50.587Z INFO  benchmark_client] Sending sample transaction 749
[2026-05-22T09:15:50.635Z INFO  benchmark_client] Sending sample transaction 750
[2026-05-22T09:15:50.685Z INFO  benchmark_client] Sending sample transaction 751
[2026-05-22T09:15:50.734Z INFO  benchmark_client] Sending sample transaction 752
[2026-05-22T09:15:50.786Z INFO  benchmark_client] Sending sample transaction 753
[2026-05-22T09:15:50.835Z INFO  benchmark_client] Sending sample transaction 754
[2026-05-22T09:15:50.886Z INFO  benchmark_client] Sending sample transaction 755
[2026-05-22T09:15:50.935Z INFO  benchmark_client] Sending sample transaction 756
[2026-05-22T09:15:50.985Z INFO  benchmark_client] Sending sample transaction 757
[2026-05-22T09:15:51.037Z INFO  benchmark_client] Sending sample transaction 758
[2026-05-22T09:15:51.088Z INFO  benchmark_client] Sending sample transaction 759
[2026-05-22T09:15:51.135Z INFO  benchmark_client] Sending sample transaction 760
[2026-05-22T09:15:51.185Z INFO  benchmark_client] Sending sample transaction 761
[2026-05-22T09:15:51.237Z INFO  benchmark_client] Sending sample transaction 762
[2026-05-22T09:15:51.285Z INFO  benchmark_client] Sending sample transaction 763
[2026-05-22T09:15:51.335Z INFO  benchmark_client] Sending sample transaction 764
[2026-05-22T09:15:51.385Z INFO  benchmark_client] Sending sample transaction 765
[2026-05-22T09:15:51.437Z INFO  benchmark_client] Sending sample transaction 766
[2026-05-22T09:15:51.485Z INFO  benchmark_client] Sending sample transaction 767
[2026-05-22T09:15:51.535Z INFO  benchmark_client] Sending sample transaction 768
[2026-05-22T09:15:51.585Z INFO  benchmark_client] Sending sample transaction 769
[2026-05-22T09:15:51.638Z INFO  benchmark_client] Sending sample transaction 770
[2026-05-22T09:15:51.685Z INFO  benchmark_client] Sending sample transaction 771
[2026-05-22T09:15:51.735Z INFO  benchmark_client] Sending sample transaction 772
[2026-05-22T09:15:51.785Z INFO  benchmark_client] Sending sample transaction 773
[2026-05-22T09:15:51.835Z INFO  benchmark_client] Sending sample transaction 774
[2026-05-22T09:15:51.885Z INFO  benchmark_client] Sending sample transaction 775
[2026-05-22T09:15:51.935Z INFO  benchmark_client] Sending sample transaction 776
[2026-05-22T09:15:51.985Z INFO  benchmark_client] Sending sample transaction 777
[2026-05-22T09:15:52.038Z INFO  benchmark_client] Sending sample transaction 778
[2026-05-22T09:15:52.084Z INFO  benchmark_client] Sending sample transaction 779
[2026-05-22T09:15:52.136Z INFO  benchmark_client] Sending sample transaction 780
[2026-05-22T09:15:52.185Z INFO  benchmark_client] Sending sample transaction 781
[2026-05-22T09:15:52.234Z INFO  benchmark_client] Sending sample transaction 782
[2026-05-22T09:15:52.285Z INFO  benchmark_client] Sending sample transaction 783
[2026-05-22T09:15:52.335Z INFO  benchmark_client] Sending sample transaction 784
[2026-05-22T09:15:52.385Z INFO  benchmark_client] Sending sample transaction 785
[2026-05-22T09:15:52.435Z INFO  benchmark_client] Sending sample transaction 786
[2026-05-22T09:15:52.485Z INFO  benchmark_client] Sending sample transaction 787
[2026-05-22T09:15:52.535Z INFO  benchmark_client] Sending sample transaction 788
[2026-05-22T09:15:52.585Z INFO  benchmark_client] Sending sample transaction 789
[2026-05-22T09:15:52.635Z INFO  benchmark_client] Sending sample transaction 790
[2026-05-22T09:15:52.685Z INFO  benchmark_client] Sending sample transaction 791
[2026-05-22T09:15:52.735Z INFO  benchmark_client] Sending sample transaction 792
[2026-05-22T09:15:52.785Z INFO  benchmark_client] Sending sample transaction 793
[2026-05-22T09:15:52.835Z INFO  benchmark_client] Sending sample transaction 794
[2026-05-22T09:15:52.885Z INFO  benchmark_client] Sending sample transaction 795
[2026-05-22T09:15:52.939Z INFO  benchmark_client] Sending sample transaction 796
[2026-05-22T09:15:52.986Z INFO  benchmark_client] Sending sample transaction 797
[2026-05-22T09:15:53.035Z INFO  benchmark_client] Sending sample transaction 798
[2026-05-22T09:15:53.085Z INFO  benchmark_client] Sending sample transaction 799
[2026-05-22T09:15:53.137Z INFO  benchmark_client] Sending sample transaction 800
[2026-05-22T09:15:53.185Z INFO  benchmark_client] Sending sample transaction 801
[2026-05-22T09:15:53.235Z INFO  benchmark_client] Sending sample transaction 802
[2026-05-22T09:15:53.288Z INFO  benchmark_client] Sending sample transaction 803
[2026-05-22T09:15:53.335Z INFO  benchmark_client] Sending sample transaction 804
[2026-05-22T09:15:53.386Z INFO  benchmark_client] Sending sample transaction 805
[2026-05-22T09:15:53.438Z INFO  benchmark_client] Sending sample transaction 806
[2026-05-22T09:15:53.485Z INFO  benchmark_client] Sending sample transaction 807
[2026-05-22T09:15:53.535Z INFO  benchmark_client] Sending sample transaction 808
[2026-05-22T09:15:53.585Z INFO  benchmark_client] Sending sample transaction 809
[2026-05-22T09:15:53.635Z INFO  benchmark_client] Sending sample transaction 810
[2026-05-22T09:15:53.686Z INFO  benchmark_client] Sending sample transaction 811
[2026-05-22T09:15:53.735Z INFO  benchmark_client] Sending sample transaction 812
[2026-05-22T09:15:53.787Z INFO  benchmark_client] Sending sample transaction 813
[2026-05-22T09:15:53.835Z INFO  benchmark_client] Sending sample transaction 814
[2026-05-22T09:15:53.887Z INFO  benchmark_client] Sending sample transaction 815
[2026-05-22T09:15:53.936Z INFO  benchmark_client] Sending sample transaction 816
[2026-05-22T09:15:53.985Z INFO  benchmark_client] Sending sample transaction 817
[2026-05-22T09:15:54.037Z INFO  benchmark_client] Sending sample transaction 818
[2026-05-22T09:15:54.085Z INFO  benchmark_client] Sending sample transaction 819
[2026-05-22T09:15:54.135Z INFO  benchmark_client] Sending sample transaction 820
[2026-05-22T09:15:54.185Z INFO  benchmark_client] Sending sample transaction 821
[2026-05-22T09:15:54.235Z INFO  benchmark_client] Sending sample transaction 822
[2026-05-22T09:15:54.285Z INFO  benchmark_client] Sending sample transaction 823
[2026-05-22T09:15:54.336Z INFO  benchmark_client] Sending sample transaction 824
[2026-05-22T09:15:54.385Z INFO  benchmark_client] Sending sample transaction 825
[2026-05-22T09:15:54.435Z INFO  benchmark_client] Sending sample transaction 826
[2026-05-22T09:15:54.485Z INFO  benchmark_client] Sending sample transaction 827
[2026-05-22T09:15:54.535Z INFO  benchmark_client] Sending sample transaction 828
[2026-05-22T09:15:54.585Z INFO  benchmark_client] Sending sample transaction 829
[2026-05-22T09:15:54.635Z INFO  benchmark_client] Sending sample transaction 830
[2026-05-22T09:15:54.687Z INFO  benchmark_client] Sending sample transaction 831
[2026-05-22T09:15:54.735Z INFO  benchmark_client] Sending sample transaction 832
[2026-05-22T09:15:54.785Z INFO  benchmark_client] Sending sample transaction 833
[2026-05-22T09:15:54.836Z INFO  benchmark_client] Sending sample transaction 834
[2026-05-22T09:15:54.886Z INFO  benchmark_client] Sending sample transaction 835
[2026-05-22T09:15:54.935Z INFO  benchmark_client] Sending sample transaction 836
[2026-05-22T09:15:54.985Z INFO  benchmark_client] Sending sample transaction 837
[2026-05-22T09:15:55.035Z INFO  benchmark_client] Sending sample transaction 838
[2026-05-22T09:15:55.085Z INFO  benchmark_client] Sending sample transaction 839
[2026-05-22T09:15:55.137Z INFO  benchmark_client] Sending sample transaction 840
[2026-05-22T09:15:55.185Z INFO  benchmark_client] Sending sample transaction 841
[2026-05-22T09:15:55.235Z INFO  benchmark_client] Sending sample transaction 842
[2026-05-22T09:15:55.285Z INFO  benchmark_client] Sending sample transaction 843
[2026-05-22T09:15:55.335Z INFO  benchmark_client] Sending sample transaction 844
[2026-05-22T09:15:55.385Z INFO  benchmark_client] Sending sample transaction 845
[2026-05-22T09:15:55.435Z INFO  benchmark_client] Sending sample transaction 846
[2026-05-22T09:15:55.485Z INFO  benchmark_client] Sending sample transaction 847
[2026-05-22T09:15:55.535Z INFO  benchmark_client] Sending sample transaction 848
[2026-05-22T09:15:55.585Z INFO  benchmark_client] Sending sample transaction 849
[2026-05-22T09:15:55.636Z INFO  benchmark_client] Sending sample transaction 850
[2026-05-22T09:15:55.686Z INFO  benchmark_client] Sending sample transaction 851
[2026-05-22T09:15:55.736Z INFO  benchmark_client] Sending sample transaction 852
[2026-05-22T09:15:55.787Z INFO  benchmark_client] Sending sample transaction 853
[2026-05-22T09:15:55.835Z INFO  benchmark_client] Sending sample transaction 854
[2026-05-22T09:15:55.885Z INFO  benchmark_client] Sending sample transaction 855
[2026-05-22T09:15:55.937Z INFO  benchmark_client] Sending sample transaction 856
[2026-05-22T09:15:55.985Z INFO  benchmark_client] Sending sample transaction 857
[2026-05-22T09:15:56.037Z INFO  benchmark_client] Sending sample transaction 858
[2026-05-22T09:15:56.085Z INFO  benchmark_client] Sending sample transaction 859
[2026-05-22T09:15:56.135Z INFO  benchmark_client] Sending sample transaction 860
[2026-05-22T09:15:56.185Z INFO  benchmark_client] Sending sample transaction 861
[2026-05-22T09:15:56.235Z INFO  benchmark_client] Sending sample transaction 862
[2026-05-22T09:15:56.288Z INFO  benchmark_client] Sending sample transaction 863
[2026-05-22T09:15:56.337Z INFO  benchmark_client] Sending sample transaction 864
[2026-05-22T09:15:56.385Z INFO  benchmark_client] Sending sample transaction 865
[2026-05-22T09:15:56.435Z INFO  benchmark_client] Sending sample transaction 866
[2026-05-22T09:15:56.485Z INFO  benchmark_client] Sending sample transaction 867
[2026-05-22T09:15:56.536Z INFO  benchmark_client] Sending sample transaction 868
[2026-05-22T09:15:56.586Z INFO  benchmark_client] Sending sample transaction 869
[2026-05-22T09:15:56.636Z INFO  benchmark_client] Sending sample transaction 870
[2026-05-22T09:15:56.687Z INFO  benchmark_client] Sending sample transaction 871
[2026-05-22T09:15:56.735Z INFO  benchmark_client] Sending sample transaction 872
[2026-05-22T09:15:56.785Z INFO  benchmark_client] Sending sample transaction 873
[2026-05-22T09:15:56.835Z INFO  benchmark_client] Sending sample transaction 874
[2026-05-22T09:15:56.886Z INFO  benchmark_client] Sending sample transaction 875
[2026-05-22T09:15:56.935Z INFO  benchmark_client] Sending sample transaction 876
[2026-05-22T09:15:56.985Z INFO  benchmark_client] Sending sample transaction 877
[2026-05-22T09:15:57.036Z INFO  benchmark_client] Sending sample transaction 878
[2026-05-22T09:15:57.085Z INFO  benchmark_client] Sending sample transaction 879
[2026-05-22T09:15:57.136Z INFO  benchmark_client] Sending sample transaction 880
[2026-05-22T09:15:57.185Z INFO  benchmark_client] Sending sample transaction 881
[2026-05-22T09:15:57.235Z INFO  benchmark_client] Sending sample transaction 882
[2026-05-22T09:15:57.286Z INFO  benchmark_client] Sending sample transaction 883
[2026-05-22T09:15:57.335Z INFO  benchmark_client] Sending sample transaction 884
[2026-05-22T09:15:57.386Z INFO  benchmark_client] Sending sample transaction 885
[2026-05-22T09:15:57.435Z INFO  benchmark_client] Sending sample transaction 886
[2026-05-22T09:15:57.485Z INFO  benchmark_client] Sending sample transaction 887
[2026-05-22T09:15:57.536Z INFO  benchmark_client] Sending sample transaction 888
[2026-05-22T09:15:57.585Z INFO  benchmark_client] Sending sample transaction 889
[2026-05-22T09:15:57.635Z INFO  benchmark_client] Sending sample transaction 890
[2026-05-22T09:15:57.685Z INFO  benchmark_client] Sending sample transaction 891
[2026-05-22T09:15:57.735Z INFO  benchmark_client] Sending sample transaction 892
[2026-05-22T09:15:57.786Z INFO  benchmark_client] Sending sample transaction 893
[2026-05-22T09:15:57.835Z INFO  benchmark_client] Sending sample transaction 894
