[2026-05-22T09:15:14.135Z INFO  benchmark_client] Node address: 136.118.77.161:5033
[2026-05-22T09:15:14.135Z INFO  benchmark_client] Transactions size: 512 B
[2026-05-22T09:15:14.135Z INFO  benchmark_client] Transactions rate: 13334 tx/s
[2026-05-22T09:15:14.135Z INFO  benchmark_client] Waiting for all nodes to be online...
[2026-05-22T09:15:14.292Z INFO  benchmark_client] Start sending transactions
[2026-05-22T09:15:14.293Z INFO  benchmark_client] Sending sample transaction 0
[2026-05-22T09:15:14.344Z INFO  benchmark_client] Sending sample transaction 1
[2026-05-22T09:15:14.393Z INFO  benchmark_client] Sending sample transaction 2
[2026-05-22T09:15:14.443Z INFO  benchmark_client] Sending sample transaction 3
[2026-05-22T09:15:14.496Z INFO  benchmark_client] Sending sample transaction 4
[2026-05-22T09:15:14.543Z INFO  benchmark_client] Sending sample transaction 5
[2026-05-22T09:15:14.593Z INFO  benchmark_client] Sending sample transaction 6
[2026-05-22T09:15:14.643Z INFO  benchmark_client] Sending sample transaction 7
[2026-05-22T09:15:14.693Z INFO  benchmark_client] Sending sample transaction 8
[2026-05-22T09:15:14.743Z INFO  benchmark_client] Sending sample transaction 9
[2026-05-22T09:15:14.793Z INFO  benchmark_client] Sending sample transaction 10
[2026-05-22T09:15:14.843Z INFO  benchmark_client] Sending sample transaction 11
[2026-05-22T09:15:14.893Z INFO  benchmark_client] Sending sample transaction 12
[2026-05-22T09:15:14.944Z INFO  benchmark_client] Sending sample transaction 13
[2026-05-22T09:15:14.993Z INFO  benchmark_client] Sending sample transaction 14
[2026-05-22T09:15:15.043Z INFO  benchmark_client] Sending sample transaction 15
[2026-05-22T09:15:15.093Z INFO  benchmark_client] Sending sample transaction 16
[2026-05-22T09:15:15.143Z INFO  benchmark_client] Sending sample transaction 17
[2026-05-22T09:15:15.193Z INFO  benchmark_client] Sending sample transaction 18
[2026-05-22T09:15:15.243Z INFO  benchmark_client] Sending sample transaction 19
[2026-05-22T09:15:15.293Z INFO  benchmark_client] Sending sample transaction 20
[2026-05-22T09:15:15.344Z INFO  benchmark_client] Sending sample transaction 21
[2026-05-22T09:15:15.393Z INFO  benchmark_client] Sending sample transaction 22
[2026-05-22T09:15:15.443Z INFO  benchmark_client] Sending sample transaction 23
[2026-05-22T09:15:15.493Z INFO  benchmark_client] Sending sample transaction 24
[2026-05-22T09:15:15.545Z INFO  benchmark_client] Sending sample transaction 25
[2026-05-22T09:15:15.593Z INFO  benchmark_client] Sending sample transaction 26
[2026-05-22T09:15:15.643Z INFO  benchmark_client] Sending sample transaction 27
[2026-05-22T09:15:15.694Z INFO  benchmark_client] Sending sample transaction 28
[2026-05-22T09:15:15.743Z INFO  benchmark_client] Sending sample transaction 29
[2026-05-22T09:15:15.793Z INFO  benchmark_client] Sending sample transaction 30
[2026-05-22T09:15:15.846Z INFO  benchmark_client] Sending sample transaction 31
[2026-05-22T09:15:15.893Z INFO  benchmark_client] Sending sample transaction 32
[2026-05-22T09:15:15.943Z INFO  benchmark_client] Sending sample transaction 33
[2026-05-22T09:15:15.993Z INFO  benchmark_client] Sending sample transaction 34
[2026-05-22T09:15:16.043Z INFO  benchmark_client] Sending sample transaction 35
[2026-05-22T09:15:16.093Z INFO  benchmark_client] Sending sample transaction 36
[2026-05-22T09:15:16.143Z INFO  benchmark_client] Sending sample transaction 37
[2026-05-22T09:15:16.194Z INFO  benchmark_client] Sending sample transaction 38
[2026-05-22T09:15:16.245Z INFO  benchmark_client] Sending sample transaction 39
[2026-05-22T09:15:16.294Z INFO  benchmark_client] Sending sample transaction 40
[2026-05-22T09:15:16.344Z INFO  benchmark_client] Sending sample transaction 41
[2026-05-22T09:15:16.394Z INFO  benchmark_client] Sending sample transaction 42
[2026-05-22T09:15:16.443Z INFO  benchmark_client] Sending sample transaction 43
[2026-05-22T09:15:16.494Z INFO  benchmark_client] Sending sample transaction 44
[2026-05-22T09:15:16.543Z INFO  benchmark_client] Sending sample transaction 45
[2026-05-22T09:15:16.593Z INFO  benchmark_client] Sending sample transaction 46
[2026-05-22T09:15:16.643Z INFO  benchmark_client] Sending sample transaction 47
[2026-05-22T09:15:16.694Z INFO  benchmark_client] Sending sample transaction 48
[2026-05-22T09:15:16.743Z INFO  benchmark_client] Sending sample transaction 49
[2026-05-22T09:15:16.794Z INFO  benchmark_client] Sending sample transaction 50
[2026-05-22T09:15:16.843Z INFO  benchmark_client] Sending sample transaction 51
[2026-05-22T09:15:16.893Z INFO  benchmark_client] Sending sample transaction 52
[2026-05-22T09:15:16.944Z INFO  benchmark_client] Sending sample transaction 53
[2026-05-22T09:15:16.993Z INFO  benchmark_client] Sending sample transaction 54
[2026-05-22T09:15:17.044Z INFO  benchmark_client] Sending sample transaction 55
[2026-05-22T09:15:17.093Z INFO  benchmark_client] Sending sample transaction 56
[2026-05-22T09:15:17.144Z INFO  benchmark_client] Sending sample transaction 57
[2026-05-22T09:15:17.193Z INFO  benchmark_client] Sending sample transaction 58
[2026-05-22T09:15:17.243Z INFO  benchmark_client] Sending sample transaction 59
[2026-05-22T09:15:17.293Z INFO  benchmark_client] Sending sample transaction 60
[2026-05-22T09:15:17.343Z INFO  benchmark_client] Sending sample transaction 61
[2026-05-22T09:15:17.394Z INFO  benchmark_client] Sending sample transaction 62
[2026-05-22T09:15:17.443Z INFO  benchmark_client] Sending sample transaction 63
[2026-05-22T09:15:17.493Z INFO  benchmark_client] Sending sample transaction 64
[2026-05-22T09:15:17.544Z INFO  benchmark_client] Sending sample transaction 65
[2026-05-22T09:15:17.593Z INFO  benchmark_client] Sending sample transaction 66
[2026-05-22T09:15:17.643Z INFO  benchmark_client] Sending sample transaction 67
[2026-05-22T09:15:17.694Z INFO  benchmark_client] Sending sample transaction 68
[2026-05-22T09:15:17.743Z INFO  benchmark_client] Sending sample transaction 69
[2026-05-22T09:15:17.793Z INFO  benchmark_client] Sending sample transaction 70
[2026-05-22T09:15:17.844Z INFO  benchmark_client] Sending sample transaction 71
[2026-05-22T09:15:17.893Z INFO  benchmark_client] Sending sample transaction 72
[2026-05-22T09:15:17.944Z INFO  benchmark_client] Sending sample transaction 73
[2026-05-22T09:15:17.993Z INFO  benchmark_client] Sending sample transaction 74
[2026-05-22T09:15:18.043Z INFO  benchmark_client] Sending sample transaction 75
[2026-05-22T09:15:18.094Z INFO  benchmark_client] Sending sample transaction 76
[2026-05-22T09:15:18.144Z INFO  benchmark_client] Sending sample transaction 77
[2026-05-22T09:15:18.194Z INFO  benchmark_client] Sending sample transaction 78
[2026-05-22T09:15:18.243Z INFO  benchmark_client] Sending sample transaction 79
[2026-05-22T09:15:18.294Z INFO  benchmark_client] Sending sample transaction 80
[2026-05-22T09:15:18.343Z INFO  benchmark_client] Sending sample transaction 81
[2026-05-22T09:15:18.393Z INFO  benchmark_client] Sending sample transaction 82
[2026-05-22T09:15:18.443Z INFO  benchmark_client] Sending sample transaction 83
[2026-05-22T09:15:18.494Z INFO  benchmark_client] Sending sample transaction 84
[2026-05-22T09:15:18.543Z INFO  benchmark_client] Sending sample transaction 85
[2026-05-22T09:15:18.593Z INFO  benchmark_client] Sending sample transaction 86
[2026-05-22T09:15:18.644Z INFO  benchmark_client] Sending sample transaction 87
[2026-05-22T09:15:18.694Z INFO  benchmark_client] Sending sample transaction 88
[2026-05-22T09:15:18.743Z INFO  benchmark_client] Sending sample transaction 89
[2026-05-22T09:15:18.793Z INFO  benchmark_client] Sending sample transaction 90
[2026-05-22T09:15:18.843Z INFO  benchmark_client] Sending sample transaction 91
[2026-05-22T09:15:18.894Z INFO  benchmark_client] Sending sample transaction 92
[2026-05-22T09:15:18.943Z INFO  benchmark_client] Sending sample transaction 93
[2026-05-22T09:15:18.994Z INFO  benchmark_client] Sending sample transaction 94
[2026-05-22T09:15:19.043Z INFO  benchmark_client] Sending sample transaction 95
[2026-05-22T09:15:19.094Z INFO  benchmark_client] Sending sample transaction 96
[2026-05-22T09:15:19.144Z INFO  benchmark_client] Sending sample transaction 97
[2026-05-22T09:15:19.193Z INFO  benchmark_client] Sending sample transaction 98
[2026-05-22T09:15:19.243Z INFO  benchmark_client] Sending sample transaction 99
[2026-05-22T09:15:19.293Z INFO  benchmark_client] Sending sample transaction 100
[2026-05-22T09:15:19.344Z INFO  benchmark_client] Sending sample transaction 101
[2026-05-22T09:15:19.393Z INFO  benchmark_client] Sending sample transaction 102
[2026-05-22T09:15:19.444Z INFO  benchmark_client] Sending sample transaction 103
[2026-05-22T09:15:19.494Z INFO  benchmark_client] Sending sample transaction 104
[2026-05-22T09:15:19.544Z INFO  benchmark_client] Sending sample transaction 105
[2026-05-22T09:15:19.593Z INFO  benchmark_client] Sending sample transaction 106
[2026-05-22T09:15:19.644Z INFO  benchmark_client] Sending sample transaction 107
[2026-05-22T09:15:19.693Z INFO  benchmark_client] Sending sample transaction 108
[2026-05-22T09:15:19.743Z INFO  benchmark_client] Sending sample transaction 109
[2026-05-22T09:15:19.794Z INFO  benchmark_client] Sending sample transaction 110
[2026-05-22T09:15:19.843Z INFO  benchmark_client] Sending sample transaction 111
[2026-05-22T09:15:19.893Z INFO  benchmark_client] Sending sample transaction 112
[2026-05-22T09:15:19.944Z INFO  benchmark_client] Sending sample transaction 113
[2026-05-22T09:15:19.993Z INFO  benchmark_client] Sending sample transaction 114
[2026-05-22T09:15:20.043Z INFO  benchmark_client] Sending sample transaction 115
[2026-05-22T09:15:20.093Z INFO  benchmark_client] Sending sample transaction 116
[2026-05-22T09:15:20.143Z INFO  benchmark_client] Sending sample transaction 117
[2026-05-22T09:15:20.193Z INFO  benchmark_client] Sending sample transaction 118
[2026-05-22T09:15:20.243Z INFO  benchmark_client] Sending sample transaction 119
[2026-05-22T09:15:20.294Z INFO  benchmark_client] Sending sample transaction 120
[2026-05-22T09:15:20.343Z INFO  benchmark_client] Sending sample transaction 121
[2026-05-22T09:15:20.393Z INFO  benchmark_client] Sending sample transaction 122
[2026-05-22T09:15:20.444Z INFO  benchmark_client] Sending sample transaction 123
[2026-05-22T09:15:20.494Z INFO  benchmark_client] Sending sample transaction 124
[2026-05-22T09:15:20.543Z INFO  benchmark_client] Sending sample transaction 125
[2026-05-22T09:15:20.593Z INFO  benchmark_client] Sending sample transaction 126
[2026-05-22T09:15:20.644Z INFO  benchmark_client] Sending sample transaction 127
[2026-05-22T09:15:20.693Z INFO  benchmark_client] Sending sample transaction 128
[2026-05-22T09:15:20.744Z INFO  benchmark_client] Sending sample transaction 129
[2026-05-22T09:15:20.793Z INFO  benchmark_client] Sending sample transaction 130
[2026-05-22T09:15:20.843Z INFO  benchmark_client] Sending sample transaction 131
[2026-05-22T09:15:20.893Z INFO  benchmark_client] Sending sample transaction 132
[2026-05-22T09:15:20.943Z INFO  benchmark_client] Sending sample transaction 133
[2026-05-22T09:15:20.993Z INFO  benchmark_client] Sending sample transaction 134
[2026-05-22T09:15:21.044Z INFO  benchmark_client] Sending sample transaction 135
[2026-05-22T09:15:21.094Z INFO  benchmark_client] Sending sample transaction 136
[2026-05-22T09:15:21.143Z INFO  benchmark_client] Sending sample transaction 137
[2026-05-22T09:15:21.194Z INFO  benchmark_client] Sending sample transaction 138
[2026-05-22T09:15:21.244Z INFO  benchmark_client] Sending sample transaction 139
[2026-05-22T09:15:21.293Z INFO  benchmark_client] Sending sample transaction 140
[2026-05-22T09:15:21.343Z INFO  benchmark_client] Sending sample transaction 141
[2026-05-22T09:15:21.393Z INFO  benchmark_client] Sending sample transaction 142
[2026-05-22T09:15:21.443Z INFO  benchmark_client] Sending sample transaction 143
[2026-05-22T09:15:21.493Z INFO  benchmark_client] Sending sample transaction 144
[2026-05-22T09:15:21.544Z INFO  benchmark_client] Sending sample transaction 145
[2026-05-22T09:15:21.593Z INFO  benchmark_client] Sending sample transaction 146
[2026-05-22T09:15:21.643Z INFO  benchmark_client] Sending sample transaction 147
[2026-05-22T09:15:21.693Z INFO  benchmark_client] Sending sample transaction 148
[2026-05-22T09:15:21.744Z INFO  benchmark_client] Sending sample transaction 149
[2026-05-22T09:15:21.793Z INFO  benchmark_client] Sending sample transaction 150
[2026-05-22T09:15:21.844Z INFO  benchmark_client] Sending sample transaction 151
[2026-05-22T09:15:21.893Z INFO  benchmark_client] Sending sample transaction 152
[2026-05-22T09:15:21.944Z INFO  benchmark_client] Sending sample transaction 153
[2026-05-22T09:15:21.993Z INFO  benchmark_client] Sending sample transaction 154
[2026-05-22T09:15:22.043Z INFO  benchmark_client] Sending sample transaction 155
[2026-05-22T09:15:22.094Z INFO  benchmark_client] Sending sample transaction 156
[2026-05-22T09:15:22.143Z INFO  benchmark_client] Sending sample transaction 157
[2026-05-22T09:15:22.193Z INFO  benchmark_client] Sending sample transaction 158
[2026-05-22T09:15:22.243Z INFO  benchmark_client] Sending sample transaction 159
[2026-05-22T09:15:22.294Z INFO  benchmark_client] Sending sample transaction 160
[2026-05-22T09:15:22.343Z INFO  benchmark_client] Sending sample transaction 161
[2026-05-22T09:15:22.393Z INFO  benchmark_client] Sending sample transaction 162
[2026-05-22T09:15:22.444Z INFO  benchmark_client] Sending sample transaction 163
[2026-05-22T09:15:22.493Z INFO  benchmark_client] Sending sample transaction 164
[2026-05-22T09:15:22.544Z INFO  benchmark_client] Sending sample transaction 165
[2026-05-22T09:15:22.594Z INFO  benchmark_client] Sending sample transaction 166
[2026-05-22T09:15:22.643Z INFO  benchmark_client] Sending sample transaction 167
[2026-05-22T09:15:22.693Z INFO  benchmark_client] Sending sample transaction 168
[2026-05-22T09:15:22.744Z INFO  benchmark_client] Sending sample transaction 169
[2026-05-22T09:15:22.793Z INFO  benchmark_client] Sending sample transaction 170
[2026-05-22T09:15:22.844Z INFO  benchmark_client] Sending sample transaction 171
[2026-05-22T09:15:22.894Z INFO  benchmark_client] Sending sample transaction 172
[2026-05-22T09:15:22.945Z INFO  benchmark_client] Sending sample transaction 173
[2026-05-22T09:15:22.993Z INFO  benchmark_client] Sending sample transaction 174
[2026-05-22T09:15:23.043Z INFO  benchmark_client] Sending sample transaction 175
[2026-05-22T09:15:23.094Z INFO  benchmark_client] Sending sample transaction 176
[2026-05-22T09:15:23.143Z INFO  benchmark_client] Sending sample transaction 177
[2026-05-22T09:15:23.193Z INFO  benchmark_client] Sending sample transaction 178
[2026-05-22T09:15:23.244Z INFO  benchmark_client] Sending sample transaction 179
[2026-05-22T09:15:23.294Z INFO  benchmark_client] Sending sample transaction 180
[2026-05-22T09:15:23.344Z INFO  benchmark_client] Sending sample transaction 181
[2026-05-22T09:15:23.394Z INFO  benchmark_client] Sending sample transaction 182
[2026-05-22T09:15:23.445Z INFO  benchmark_client] Sending sample transaction 183
[2026-05-22T09:15:23.493Z INFO  benchmark_client] Sending sample transaction 184
[2026-05-22T09:15:23.545Z INFO  benchmark_client] Sending sample transaction 185
[2026-05-22T09:15:23.593Z INFO  benchmark_client] Sending sample transaction 186
[2026-05-22T09:15:23.643Z INFO  benchmark_client] Sending sample transaction 187
[2026-05-22T09:15:23.693Z INFO  benchmark_client] Sending sample transaction 188
[2026-05-22T09:15:23.743Z INFO  benchmark_client] Sending sample transaction 189
[2026-05-22T09:15:23.794Z INFO  benchmark_client] Sending sample transaction 190
[2026-05-22T09:15:23.844Z INFO  benchmark_client] Sending sample transaction 191
[2026-05-22T09:15:23.893Z INFO  benchmark_client] Sending sample transaction 192
[2026-05-22T09:15:23.944Z INFO  benchmark_client] Sending sample transaction 193
[2026-05-22T09:15:23.994Z INFO  benchmark_client] Sending sample transaction 194
[2026-05-22T09:15:24.045Z INFO  benchmark_client] Sending sample transaction 195
[2026-05-22T09:15:24.094Z INFO  benchmark_client] Sending sample transaction 196
[2026-05-22T09:15:24.144Z INFO  benchmark_client] Sending sample transaction 197
[2026-05-22T09:15:24.194Z INFO  benchmark_client] Sending sample transaction 198
[2026-05-22T09:15:24.243Z INFO  benchmark_client] Sending sample transaction 199
[2026-05-22T09:15:24.294Z INFO  benchmark_client] Sending sample transaction 200
[2026-05-22T09:15:24.343Z INFO  benchmark_client] Sending sample transaction 201
[2026-05-22T09:15:24.394Z INFO  benchmark_client] Sending sample transaction 202
[2026-05-22T09:15:24.443Z INFO  benchmark_client] Sending sample transaction 203
[2026-05-22T09:15:24.494Z INFO  benchmark_client] Sending sample transaction 204
[2026-05-22T09:15:24.544Z INFO  benchmark_client] Sending sample transaction 205
[2026-05-22T09:15:24.594Z INFO  benchmark_client] Sending sample transaction 206
[2026-05-22T09:15:24.644Z INFO  benchmark_client] Sending sample transaction 207
[2026-05-22T09:15:24.694Z INFO  benchmark_client] Sending sample transaction 208
[2026-05-22T09:15:24.744Z INFO  benchmark_client] Sending sample transaction 209
[2026-05-22T09:15:24.794Z INFO  benchmark_client] Sending sample transaction 210
[2026-05-22T09:15:24.843Z INFO  benchmark_client] Sending sample transaction 211
[2026-05-22T09:15:24.893Z INFO  benchmark_client] Sending sample transaction 212
[2026-05-22T09:15:24.944Z INFO  benchmark_client] Sending sample transaction 213
[2026-05-22T09:15:24.993Z INFO  benchmark_client] Sending sample transaction 214
[2026-05-22T09:15:25.044Z INFO  benchmark_client] Sending sample transaction 215
[2026-05-22T09:15:25.093Z INFO  benchmark_client] Sending sample transaction 216
[2026-05-22T09:15:25.143Z INFO  benchmark_client] Sending sample transaction 217
[2026-05-22T09:15:25.194Z INFO  benchmark_client] Sending sample transaction 218
[2026-05-22T09:15:25.244Z INFO  benchmark_client] Sending sample transaction 219
[2026-05-22T09:15:25.294Z INFO  benchmark_client] Sending sample transaction 220
[2026-05-22T09:15:25.343Z INFO  benchmark_client] Sending sample transaction 221
[2026-05-22T09:15:25.394Z INFO  benchmark_client] Sending sample transaction 222
[2026-05-22T09:15:25.444Z INFO  benchmark_client] Sending sample transaction 223
[2026-05-22T09:15:25.494Z INFO  benchmark_client] Sending sample transaction 224
[2026-05-22T09:15:25.543Z INFO  benchmark_client] Sending sample transaction 225
[2026-05-22T09:15:25.594Z INFO  benchmark_client] Sending sample transaction 226
[2026-05-22T09:15:25.644Z INFO  benchmark_client] Sending sample transaction 227
[2026-05-22T09:15:25.694Z INFO  benchmark_client] Sending sample transaction 228
[2026-05-22T09:15:25.743Z INFO  benchmark_client] Sending sample transaction 229
[2026-05-22T09:15:25.794Z INFO  benchmark_client] Sending sample transaction 230
[2026-05-22T09:15:25.844Z INFO  benchmark_client] Sending sample transaction 231
[2026-05-22T09:15:25.893Z INFO  benchmark_client] Sending sample transaction 232
[2026-05-22T09:15:25.944Z INFO  benchmark_client] Sending sample transaction 233
[2026-05-22T09:15:25.993Z INFO  benchmark_client] Sending sample transaction 234
[2026-05-22T09:15:26.044Z INFO  benchmark_client] Sending sample transaction 235
[2026-05-22T09:15:26.093Z INFO  benchmark_client] Sending sample transaction 236
[2026-05-22T09:15:26.143Z INFO  benchmark_client] Sending sample transaction 237
[2026-05-22T09:15:26.194Z INFO  benchmark_client] Sending sample transaction 238
[2026-05-22T09:15:26.243Z INFO  benchmark_client] Sending sample transaction 239
[2026-05-22T09:15:26.294Z INFO  benchmark_client] Sending sample transaction 240
[2026-05-22T09:15:26.344Z INFO  benchmark_client] Sending sample transaction 241
[2026-05-22T09:15:26.394Z INFO  benchmark_client] Sending sample transaction 242
[2026-05-22T09:15:26.444Z INFO  benchmark_client] Sending sample transaction 243
[2026-05-22T09:15:26.494Z INFO  benchmark_client] Sending sample transaction 244
[2026-05-22T09:15:26.544Z INFO  benchmark_client] Sending sample transaction 245
[2026-05-22T09:15:26.594Z INFO  benchmark_client] Sending sample transaction 246
[2026-05-22T09:15:26.644Z INFO  benchmark_client] Sending sample transaction 247
[2026-05-22T09:15:26.694Z INFO  benchmark_client] Sending sample transaction 248
[2026-05-22T09:15:26.744Z INFO  benchmark_client] Sending sample transaction 249
[2026-05-22T09:15:26.794Z INFO  benchmark_client] Sending sample transaction 250
[2026-05-22T09:15:26.844Z INFO  benchmark_client] Sending sample transaction 251
[2026-05-22T09:15:26.894Z INFO  benchmark_client] Sending sample transaction 252
[2026-05-22T09:15:26.944Z INFO  benchmark_client] Sending sample transaction 253
[2026-05-22T09:15:26.993Z INFO  benchmark_client] Sending sample transaction 254
[2026-05-22T09:15:27.044Z INFO  benchmark_client] Sending sample transaction 255
[2026-05-22T09:15:27.093Z INFO  benchmark_client] Sending sample transaction 256
[2026-05-22T09:15:27.144Z INFO  benchmark_client] Sending sample transaction 257
[2026-05-22T09:15:27.193Z INFO  benchmark_client] Sending sample transaction 258
[2026-05-22T09:15:27.244Z INFO  benchmark_client] Sending sample transaction 259
[2026-05-22T09:15:27.296Z INFO  benchmark_client] Sending sample transaction 260
[2026-05-22T09:15:27.345Z INFO  benchmark_client] Sending sample transaction 261
[2026-05-22T09:15:27.394Z INFO  benchmark_client] Sending sample transaction 262
[2026-05-22T09:15:27.443Z INFO  benchmark_client] Sending sample transaction 263
[2026-05-22T09:15:27.494Z INFO  benchmark_client] Sending sample transaction 264
[2026-05-22T09:15:27.544Z INFO  benchmark_client] Sending sample transaction 265
[2026-05-22T09:15:27.596Z INFO  benchmark_client] Sending sample transaction 266
[2026-05-22T09:15:27.644Z INFO  benchmark_client] Sending sample transaction 267
[2026-05-22T09:15:27.693Z INFO  benchmark_client] Sending sample transaction 268
[2026-05-22T09:15:27.746Z INFO  benchmark_client] Sending sample transaction 269
[2026-05-22T09:15:27.794Z INFO  benchmark_client] Sending sample transaction 270
[2026-05-22T09:15:27.844Z INFO  benchmark_client] Sending sample transaction 271
[2026-05-22T09:15:27.894Z INFO  benchmark_client] Sending sample transaction 272
[2026-05-22T09:15:27.944Z INFO  benchmark_client] Sending sample transaction 273
[2026-05-22T09:15:27.995Z INFO  benchmark_client] Sending sample transaction 274
[2026-05-22T09:15:28.044Z INFO  benchmark_client] Sending sample transaction 275
[2026-05-22T09:15:28.096Z INFO  benchmark_client] Sending sample transaction 276
[2026-05-22T09:15:28.144Z INFO  benchmark_client] Sending sample transaction 277
[2026-05-22T09:15:28.194Z INFO  benchmark_client] Sending sample transaction 278
[2026-05-22T09:15:28.244Z INFO  benchmark_client] Sending sample transaction 279
[2026-05-22T09:15:28.294Z INFO  benchmark_client] Sending sample transaction 280
[2026-05-22T09:15:28.344Z INFO  benchmark_client] Sending sample transaction 281
[2026-05-22T09:15:28.396Z INFO  benchmark_client] Sending sample transaction 282
[2026-05-22T09:15:28.444Z INFO  benchmark_client] Sending sample transaction 283
[2026-05-22T09:15:28.495Z INFO  benchmark_client] Sending sample transaction 284
[2026-05-22T09:15:28.544Z INFO  benchmark_client] Sending sample transaction 285
[2026-05-22T09:15:28.594Z INFO  benchmark_client] Sending sample transaction 286
[2026-05-22T09:15:28.644Z INFO  benchmark_client] Sending sample transaction 287
[2026-05-22T09:15:28.694Z INFO  benchmark_client] Sending sample transaction 288
[2026-05-22T09:15:28.744Z INFO  benchmark_client] Sending sample transaction 289
[2026-05-22T09:15:28.794Z INFO  benchmark_client] Sending sample transaction 290
[2026-05-22T09:15:28.843Z INFO  benchmark_client] Sending sample transaction 291
[2026-05-22T09:15:28.894Z INFO  benchmark_client] Sending sample transaction 292
[2026-05-22T09:15:28.943Z INFO  benchmark_client] Sending sample transaction 293
[2026-05-22T09:15:28.993Z INFO  benchmark_client] Sending sample transaction 294
[2026-05-22T09:15:29.044Z INFO  benchmark_client] Sending sample transaction 295
[2026-05-22T09:15:29.094Z INFO  benchmark_client] Sending sample transaction 296
[2026-05-22T09:15:29.144Z INFO  benchmark_client] Sending sample transaction 297
[2026-05-22T09:15:29.194Z INFO  benchmark_client] Sending sample transaction 298
[2026-05-22T09:15:29.243Z INFO  benchmark_client] Sending sample transaction 299
[2026-05-22T09:15:29.294Z INFO  benchmark_client] Sending sample transaction 300
[2026-05-22T09:15:29.344Z INFO  benchmark_client] Sending sample transaction 301
[2026-05-22T09:15:29.394Z INFO  benchmark_client] Sending sample transaction 302
[2026-05-22T09:15:29.445Z INFO  benchmark_client] Sending sample transaction 303
[2026-05-22T09:15:29.494Z INFO  benchmark_client] Sending sample transaction 304
[2026-05-22T09:15:29.544Z INFO  benchmark_client] Sending sample transaction 305
[2026-05-22T09:15:29.594Z INFO  benchmark_client] Sending sample transaction 306
[2026-05-22T09:15:29.643Z INFO  benchmark_client] Sending sample transaction 307
[2026-05-22T09:15:29.694Z INFO  benchmark_client] Sending sample transaction 308
[2026-05-22T09:15:29.744Z INFO  benchmark_client] Sending sample transaction 309
[2026-05-22T09:15:29.794Z INFO  benchmark_client] Sending sample transaction 310
[2026-05-22T09:15:29.844Z INFO  benchmark_client] Sending sample transaction 311
[2026-05-22T09:15:29.894Z INFO  benchmark_client] Sending sample transaction 312
[2026-05-22T09:15:29.944Z INFO  benchmark_client] Sending sample transaction 313
[2026-05-22T09:15:29.994Z INFO  benchmark_client] Sending sample transaction 314
[2026-05-22T09:15:30.044Z INFO  benchmark_client] Sending sample transaction 315
[2026-05-22T09:15:30.093Z INFO  benchmark_client] Sending sample transaction 316
[2026-05-22T09:15:30.145Z INFO  benchmark_client] Sending sample transaction 317
[2026-05-22T09:15:30.194Z INFO  benchmark_client] Sending sample transaction 318
[2026-05-22T09:15:30.243Z INFO  benchmark_client] Sending sample transaction 319
[2026-05-22T09:15:30.294Z INFO  benchmark_client] Sending sample transaction 320
[2026-05-22T09:15:30.343Z INFO  benchmark_client] Sending sample transaction 321
[2026-05-22T09:15:30.393Z INFO  benchmark_client] Sending sample transaction 322
[2026-05-22T09:15:30.444Z INFO  benchmark_client] Sending sample transaction 323
[2026-05-22T09:15:30.495Z INFO  benchmark_client] Sending sample transaction 324
[2026-05-22T09:15:30.543Z INFO  benchmark_client] Sending sample transaction 325
[2026-05-22T09:15:30.593Z INFO  benchmark_client] Sending sample transaction 326
[2026-05-22T09:15:30.644Z INFO  benchmark_client] Sending sample transaction 327
[2026-05-22T09:15:30.693Z INFO  benchmark_client] Sending sample transaction 328
[2026-05-22T09:15:30.743Z INFO  benchmark_client] Sending sample transaction 329
[2026-05-22T09:15:30.794Z INFO  benchmark_client] Sending sample transaction 330
[2026-05-22T09:15:30.844Z INFO  benchmark_client] Sending sample transaction 331
[2026-05-22T09:15:30.894Z INFO  benchmark_client] Sending sample transaction 332
[2026-05-22T09:15:30.944Z INFO  benchmark_client] Sending sample transaction 333
[2026-05-22T09:15:30.993Z INFO  benchmark_client] Sending sample transaction 334
[2026-05-22T09:15:31.044Z INFO  benchmark_client] Sending sample transaction 335
[2026-05-22T09:15:31.094Z INFO  benchmark_client] Sending sample transaction 336
[2026-05-22T09:15:31.143Z INFO  benchmark_client] Sending sample transaction 337
[2026-05-22T09:15:31.193Z INFO  benchmark_client] Sending sample transaction 338
[2026-05-22T09:15:31.244Z INFO  benchmark_client] Sending sample transaction 339
[2026-05-22T09:15:31.294Z INFO  benchmark_client] Sending sample transaction 340
[2026-05-22T09:15:31.344Z INFO  benchmark_client] Sending sample transaction 341
[2026-05-22T09:15:31.394Z INFO  benchmark_client] Sending sample transaction 342
[2026-05-22T09:15:31.444Z INFO  benchmark_client] Sending sample transaction 343
[2026-05-22T09:15:31.493Z INFO  benchmark_client] Sending sample transaction 344
[2026-05-22T09:15:31.544Z INFO  benchmark_client] Sending sample transaction 345
[2026-05-22T09:15:31.594Z INFO  benchmark_client] Sending sample transaction 346
[2026-05-22T09:15:31.644Z INFO  benchmark_client] Sending sample transaction 347
[2026-05-22T09:15:31.696Z INFO  benchmark_client] Sending sample transaction 348
[2026-05-22T09:15:31.744Z INFO  benchmark_client] Sending sample transaction 349
[2026-05-22T09:15:31.793Z INFO  benchmark_client] Sending sample transaction 350
[2026-05-22T09:15:31.843Z INFO  benchmark_client] Sending sample transaction 351
[2026-05-22T09:15:31.894Z INFO  benchmark_client] Sending sample transaction 352
[2026-05-22T09:15:31.944Z INFO  benchmark_client] Sending sample transaction 353
[2026-05-22T09:15:31.994Z INFO  benchmark_client] Sending sample transaction 354
[2026-05-22T09:15:32.047Z INFO  benchmark_client] Sending sample transaction 355
[2026-05-22T09:15:32.094Z INFO  benchmark_client] Sending sample transaction 356
[2026-05-22T09:15:32.143Z INFO  benchmark_client] Sending sample transaction 357
[2026-05-22T09:15:32.195Z INFO  benchmark_client] Sending sample transaction 358
[2026-05-22T09:15:32.243Z INFO  benchmark_client] Sending sample transaction 359
[2026-05-22T09:15:32.293Z INFO  benchmark_client] Sending sample transaction 360
[2026-05-22T09:15:32.344Z INFO  benchmark_client] Sending sample transaction 361
[2026-05-22T09:15:32.394Z INFO  benchmark_client] Sending sample transaction 362
[2026-05-22T09:15:32.444Z INFO  benchmark_client] Sending sample transaction 363
[2026-05-22T09:15:32.495Z INFO  benchmark_client] Sending sample transaction 364
[2026-05-22T09:15:32.544Z INFO  benchmark_client] Sending sample transaction 365
[2026-05-22T09:15:32.594Z INFO  benchmark_client] Sending sample transaction 366
[2026-05-22T09:15:32.646Z INFO  benchmark_client] Sending sample transaction 367
[2026-05-22T09:15:32.696Z INFO  benchmark_client] Sending sample transaction 368
[2026-05-22T09:15:32.744Z INFO  benchmark_client] Sending sample transaction 369
[2026-05-22T09:15:32.795Z INFO  benchmark_client] Sending sample transaction 370
[2026-05-22T09:15:32.844Z INFO  benchmark_client] Sending sample transaction 371
[2026-05-22T09:15:32.895Z INFO  benchmark_client] Sending sample transaction 372
[2026-05-22T09:15:32.944Z INFO  benchmark_client] Sending sample transaction 373
[2026-05-22T09:15:32.994Z INFO  benchmark_client] Sending sample transaction 374
[2026-05-22T09:15:33.044Z INFO  benchmark_client] Sending sample transaction 375
[2026-05-22T09:15:33.094Z INFO  benchmark_client] Sending sample transaction 376
[2026-05-22T09:15:33.144Z INFO  benchmark_client] Sending sample transaction 377
[2026-05-22T09:15:33.194Z INFO  benchmark_client] Sending sample transaction 378
[2026-05-22T09:15:33.244Z INFO  benchmark_client] Sending sample transaction 379
[2026-05-22T09:15:33.294Z INFO  benchmark_client] Sending sample transaction 380
[2026-05-22T09:15:33.344Z INFO  benchmark_client] Sending sample transaction 381
[2026-05-22T09:15:33.393Z INFO  benchmark_client] Sending sample transaction 382
[2026-05-22T09:15:33.444Z INFO  benchmark_client] Sending sample transaction 383
[2026-05-22T09:15:33.494Z INFO  benchmark_client] Sending sample transaction 384
[2026-05-22T09:15:33.544Z INFO  benchmark_client] Sending sample transaction 385
[2026-05-22T09:15:33.594Z INFO  benchmark_client] Sending sample transaction 386
[2026-05-22T09:15:33.644Z INFO  benchmark_client] Sending sample transaction 387
[2026-05-22T09:15:33.694Z INFO  benchmark_client] Sending sample transaction 388
[2026-05-22T09:15:33.744Z INFO  benchmark_client] Sending sample transaction 389
[2026-05-22T09:15:33.794Z INFO  benchmark_client] Sending sample transaction 390
[2026-05-22T09:15:33.846Z INFO  benchmark_client] Sending sample transaction 391
[2026-05-22T09:15:33.894Z INFO  benchmark_client] Sending sample transaction 392
[2026-05-22T09:15:33.945Z INFO  benchmark_client] Sending sample transaction 393
[2026-05-22T09:15:33.993Z INFO  benchmark_client] Sending sample transaction 394
[2026-05-22T09:15:34.044Z INFO  benchmark_client] Sending sample transaction 395
[2026-05-22T09:15:34.094Z INFO  benchmark_client] Sending sample transaction 396
[2026-05-22T09:15:34.144Z INFO  benchmark_client] Sending sample transaction 397
[2026-05-22T09:15:34.193Z INFO  benchmark_client] Sending sample transaction 398
[2026-05-22T09:15:34.244Z INFO  benchmark_client] Sending sample transaction 399
[2026-05-22T09:15:34.294Z INFO  benchmark_client] Sending sample transaction 400
[2026-05-22T09:15:34.344Z INFO  benchmark_client] Sending sample transaction 401
[2026-05-22T09:15:34.394Z INFO  benchmark_client] Sending sample transaction 402
[2026-05-22T09:15:34.443Z INFO  benchmark_client] Sending sample transaction 403
[2026-05-22T09:15:34.494Z INFO  benchmark_client] Sending sample transaction 404
[2026-05-22T09:15:34.544Z INFO  benchmark_client] Sending sample transaction 405
[2026-05-22T09:15:34.594Z INFO  benchmark_client] Sending sample transaction 406
[2026-05-22T09:15:34.644Z INFO  benchmark_client] Sending sample transaction 407
[2026-05-22T09:15:34.695Z INFO  benchmark_client] Sending sample transaction 408
[2026-05-22T09:15:34.744Z INFO  benchmark_client] Sending sample transaction 409
[2026-05-22T09:15:34.795Z INFO  benchmark_client] Sending sample transaction 410
[2026-05-22T09:15:34.844Z INFO  benchmark_client] Sending sample transaction 411
[2026-05-22T09:15:34.893Z INFO  benchmark_client] Sending sample transaction 412
[2026-05-22T09:15:34.944Z INFO  benchmark_client] Sending sample transaction 413
[2026-05-22T09:15:34.994Z INFO  benchmark_client] Sending sample transaction 414
[2026-05-22T09:15:35.044Z INFO  benchmark_client] Sending sample transaction 415
[2026-05-22T09:15:35.094Z INFO  benchmark_client] Sending sample transaction 416
[2026-05-22T09:15:35.144Z INFO  benchmark_client] Sending sample transaction 417
[2026-05-22T09:15:35.194Z INFO  benchmark_client] Sending sample transaction 418
[2026-05-22T09:15:35.244Z INFO  benchmark_client] Sending sample transaction 419
[2026-05-22T09:15:35.294Z INFO  benchmark_client] Sending sample transaction 420
[2026-05-22T09:15:35.344Z INFO  benchmark_client] Sending sample transaction 421
[2026-05-22T09:15:35.394Z INFO  benchmark_client] Sending sample transaction 422
[2026-05-22T09:15:35.444Z INFO  benchmark_client] Sending sample transaction 423
[2026-05-22T09:15:35.494Z INFO  benchmark_client] Sending sample transaction 424
[2026-05-22T09:15:35.544Z INFO  benchmark_client] Sending sample transaction 425
[2026-05-22T09:15:35.594Z INFO  benchmark_client] Sending sample transaction 426
[2026-05-22T09:15:35.644Z INFO  benchmark_client] Sending sample transaction 427
[2026-05-22T09:15:35.694Z INFO  benchmark_client] Sending sample transaction 428
[2026-05-22T09:15:35.745Z INFO  benchmark_client] Sending sample transaction 429
[2026-05-22T09:15:35.794Z INFO  benchmark_client] Sending sample transaction 430
[2026-05-22T09:15:35.844Z INFO  benchmark_client] Sending sample transaction 431
[2026-05-22T09:15:35.895Z INFO  benchmark_client] Sending sample transaction 432
[2026-05-22T09:15:35.944Z INFO  benchmark_client] Sending sample transaction 433
[2026-05-22T09:15:35.994Z INFO  benchmark_client] Sending sample transaction 434
[2026-05-22T09:15:36.044Z INFO  benchmark_client] Sending sample transaction 435
[2026-05-22T09:15:36.096Z INFO  benchmark_client] Sending sample transaction 436
[2026-05-22T09:15:36.144Z INFO  benchmark_client] Sending sample transaction 437
[2026-05-22T09:15:36.194Z INFO  benchmark_client] Sending sample transaction 438
[2026-05-22T09:15:36.245Z INFO  benchmark_client] Sending sample transaction 439
[2026-05-22T09:15:36.294Z INFO  benchmark_client] Sending sample transaction 440
[2026-05-22T09:15:36.345Z INFO  benchmark_client] Sending sample transaction 441
[2026-05-22T09:15:36.395Z INFO  benchmark_client] Sending sample transaction 442
[2026-05-22T09:15:36.444Z INFO  benchmark_client] Sending sample transaction 443
[2026-05-22T09:15:36.494Z INFO  benchmark_client] Sending sample transaction 444
[2026-05-22T09:15:36.548Z INFO  benchmark_client] Sending sample transaction 445
[2026-05-22T09:15:36.595Z INFO  benchmark_client] Sending sample transaction 446
[2026-05-22T09:15:36.645Z INFO  benchmark_client] Sending sample transaction 447
[2026-05-22T09:15:36.694Z INFO  benchmark_client] Sending sample transaction 448
[2026-05-22T09:15:36.745Z INFO  benchmark_client] Sending sample transaction 449
[2026-05-22T09:15:36.795Z INFO  benchmark_client] Sending sample transaction 450
[2026-05-22T09:15:36.844Z INFO  benchmark_client] Sending sample transaction 451
[2026-05-22T09:15:36.896Z INFO  benchmark_client] Sending sample transaction 452
[2026-05-22T09:15:36.946Z INFO  benchmark_client] Sending sample transaction 453
[2026-05-22T09:15:36.994Z INFO  benchmark_client] Sending sample transaction 454
[2026-05-22T09:15:37.044Z INFO  benchmark_client] Sending sample transaction 455
[2026-05-22T09:15:37.094Z INFO  benchmark_client] Sending sample transaction 456
[2026-05-22T09:15:37.144Z INFO  benchmark_client] Sending sample transaction 457
[2026-05-22T09:15:37.194Z INFO  benchmark_client] Sending sample transaction 458
[2026-05-22T09:15:37.245Z INFO  benchmark_client] Sending sample transaction 459
[2026-05-22T09:15:37.294Z INFO  benchmark_client] Sending sample transaction 460
[2026-05-22T09:15:37.344Z INFO  benchmark_client] Sending sample transaction 461
[2026-05-22T09:15:37.394Z INFO  benchmark_client] Sending sample transaction 462
[2026-05-22T09:15:37.444Z INFO  benchmark_client] Sending sample transaction 463
[2026-05-22T09:15:37.495Z INFO  benchmark_client] Sending sample transaction 464
[2026-05-22T09:15:37.544Z INFO  benchmark_client] Sending sample transaction 465
[2026-05-22T09:15:37.594Z INFO  benchmark_client] Sending sample transaction 466
[2026-05-22T09:15:37.647Z INFO  benchmark_client] Sending sample transaction 467
[2026-05-22T09:15:37.695Z INFO  benchmark_client] Sending sample transaction 468
[2026-05-22T09:15:37.745Z INFO  benchmark_client] Sending sample transaction 469
[2026-05-22T09:15:37.795Z INFO  benchmark_client] Sending sample transaction 470
[2026-05-22T09:15:37.844Z INFO  benchmark_client] Sending sample transaction 471
[2026-05-22T09:15:37.894Z INFO  benchmark_client] Sending sample transaction 472
[2026-05-22T09:15:37.944Z INFO  benchmark_client] Sending sample transaction 473
[2026-05-22T09:15:37.994Z INFO  benchmark_client] Sending sample transaction 474
[2026-05-22T09:15:38.044Z INFO  benchmark_client] Sending sample transaction 475
[2026-05-22T09:15:38.098Z INFO  benchmark_client] Sending sample transaction 476
[2026-05-22T09:15:38.144Z INFO  benchmark_client] Sending sample transaction 477
[2026-05-22T09:15:38.194Z INFO  benchmark_client] Sending sample transaction 478
[2026-05-22T09:15:38.244Z INFO  benchmark_client] Sending sample transaction 479
[2026-05-22T09:15:38.295Z INFO  benchmark_client] Sending sample transaction 480
[2026-05-22T09:15:38.344Z INFO  benchmark_client] Sending sample transaction 481
[2026-05-22T09:15:38.394Z INFO  benchmark_client] Sending sample transaction 482
[2026-05-22T09:15:38.444Z INFO  benchmark_client] Sending sample transaction 483
[2026-05-22T09:15:38.494Z INFO  benchmark_client] Sending sample transaction 484
[2026-05-22T09:15:38.545Z INFO  benchmark_client] Sending sample transaction 485
[2026-05-22T09:15:38.595Z INFO  benchmark_client] Sending sample transaction 486
[2026-05-22T09:15:38.644Z INFO  benchmark_client] Sending sample transaction 487
[2026-05-22T09:15:38.695Z INFO  benchmark_client] Sending sample transaction 488
[2026-05-22T09:15:38.744Z INFO  benchmark_client] Sending sample transaction 489
[2026-05-22T09:15:38.794Z INFO  benchmark_client] Sending sample transaction 490
[2026-05-22T09:15:38.845Z INFO  benchmark_client] Sending sample transaction 491
[2026-05-22T09:15:38.894Z INFO  benchmark_client] Sending sample transaction 492
[2026-05-22T09:15:38.946Z INFO  benchmark_client] Sending sample transaction 493
[2026-05-22T09:15:38.994Z INFO  benchmark_client] Sending sample transaction 494
[2026-05-22T09:15:39.044Z INFO  benchmark_client] Sending sample transaction 495
[2026-05-22T09:15:39.097Z INFO  benchmark_client] Sending sample transaction 496
[2026-05-22T09:15:39.145Z INFO  benchmark_client] Sending sample transaction 497
[2026-05-22T09:15:39.195Z INFO  benchmark_client] Sending sample transaction 498
[2026-05-22T09:15:39.244Z INFO  benchmark_client] Sending sample transaction 499
[2026-05-22T09:15:39.294Z INFO  benchmark_client] Sending sample transaction 500
[2026-05-22T09:15:39.344Z INFO  benchmark_client] Sending sample transaction 501
[2026-05-22T09:15:39.395Z INFO  benchmark_client] Sending sample transaction 502
[2026-05-22T09:15:39.444Z INFO  benchmark_client] Sending sample transaction 503
[2026-05-22T09:15:39.494Z INFO  benchmark_client] Sending sample transaction 504
[2026-05-22T09:15:39.545Z INFO  benchmark_client] Sending sample transaction 505
[2026-05-22T09:15:39.594Z INFO  benchmark_client] Sending sample transaction 506
[2026-05-22T09:15:39.644Z INFO  benchmark_client] Sending sample transaction 507
[2026-05-22T09:15:39.694Z INFO  benchmark_client] Sending sample transaction 508
[2026-05-22T09:15:39.744Z INFO  benchmark_client] Sending sample transaction 509
[2026-05-22T09:15:39.795Z INFO  benchmark_client] Sending sample transaction 510
[2026-05-22T09:15:39.844Z INFO  benchmark_client] Sending sample transaction 511
[2026-05-22T09:15:39.894Z INFO  benchmark_client] Sending sample transaction 512
[2026-05-22T09:15:39.944Z INFO  benchmark_client] Sending sample transaction 513
[2026-05-22T09:15:39.994Z INFO  benchmark_client] Sending sample transaction 514
[2026-05-22T09:15:40.044Z INFO  benchmark_client] Sending sample transaction 515
[2026-05-22T09:15:40.095Z INFO  benchmark_client] Sending sample transaction 516
[2026-05-22T09:15:40.145Z INFO  benchmark_client] Sending sample transaction 517
[2026-05-22T09:15:40.194Z INFO  benchmark_client] Sending sample transaction 518
[2026-05-22T09:15:40.244Z INFO  benchmark_client] Sending sample transaction 519
[2026-05-22T09:15:40.296Z INFO  benchmark_client] Sending sample transaction 520
[2026-05-22T09:15:40.346Z INFO  benchmark_client] Sending sample transaction 521
[2026-05-22T09:15:40.395Z INFO  benchmark_client] Sending sample transaction 522
[2026-05-22T09:15:40.445Z INFO  benchmark_client] Sending sample transaction 523
[2026-05-22T09:15:40.494Z INFO  benchmark_client] Sending sample transaction 524
[2026-05-22T09:15:40.544Z INFO  benchmark_client] Sending sample transaction 525
[2026-05-22T09:15:40.594Z INFO  benchmark_client] Sending sample transaction 526
[2026-05-22T09:15:40.647Z INFO  benchmark_client] Sending sample transaction 527
[2026-05-22T09:15:40.697Z INFO  benchmark_client] Sending sample transaction 528
[2026-05-22T09:15:40.744Z INFO  benchmark_client] Sending sample transaction 529
[2026-05-22T09:15:40.796Z INFO  benchmark_client] Sending sample transaction 530
[2026-05-22T09:15:40.844Z INFO  benchmark_client] Sending sample transaction 531
[2026-05-22T09:15:40.894Z INFO  benchmark_client] Sending sample transaction 532
[2026-05-22T09:15:40.944Z INFO  benchmark_client] Sending sample transaction 533
[2026-05-22T09:15:40.994Z INFO  benchmark_client] Sending sample transaction 534
[2026-05-22T09:15:41.047Z INFO  benchmark_client] Sending sample transaction 535
[2026-05-22T09:15:41.094Z INFO  benchmark_client] Sending sample transaction 536
[2026-05-22T09:15:41.144Z INFO  benchmark_client] Sending sample transaction 537
[2026-05-22T09:15:41.194Z INFO  benchmark_client] Sending sample transaction 538
[2026-05-22T09:15:41.244Z INFO  benchmark_client] Sending sample transaction 539
[2026-05-22T09:15:41.296Z INFO  benchmark_client] Sending sample transaction 540
[2026-05-22T09:15:41.344Z INFO  benchmark_client] Sending sample transaction 541
[2026-05-22T09:15:41.394Z INFO  benchmark_client] Sending sample transaction 542
[2026-05-22T09:15:41.444Z INFO  benchmark_client] Sending sample transaction 543
[2026-05-22T09:15:41.494Z INFO  benchmark_client] Sending sample transaction 544
[2026-05-22T09:15:41.546Z INFO  benchmark_client] Sending sample transaction 545
[2026-05-22T09:15:41.596Z INFO  benchmark_client] Sending sample transaction 546
[2026-05-22T09:15:41.644Z INFO  benchmark_client] Sending sample transaction 547
[2026-05-22T09:15:41.694Z INFO  benchmark_client] Sending sample transaction 548
[2026-05-22T09:15:41.744Z INFO  benchmark_client] Sending sample transaction 549
[2026-05-22T09:15:41.794Z INFO  benchmark_client] Sending sample transaction 550
[2026-05-22T09:15:41.844Z INFO  benchmark_client] Sending sample transaction 551
[2026-05-22T09:15:41.894Z INFO  benchmark_client] Sending sample transaction 552
[2026-05-22T09:15:41.944Z INFO  benchmark_client] Sending sample transaction 553
[2026-05-22T09:15:41.997Z INFO  benchmark_client] Sending sample transaction 554
[2026-05-22T09:15:42.044Z INFO  benchmark_client] Sending sample transaction 555
[2026-05-22T09:15:42.094Z INFO  benchmark_client] Sending sample transaction 556
[2026-05-22T09:15:42.144Z INFO  benchmark_client] Sending sample transaction 557
[2026-05-22T09:15:42.194Z INFO  benchmark_client] Sending sample transaction 558
[2026-05-22T09:15:42.244Z INFO  benchmark_client] Sending sample transaction 559
[2026-05-22T09:15:42.294Z INFO  benchmark_client] Sending sample transaction 560
[2026-05-22T09:15:42.344Z INFO  benchmark_client] Sending sample transaction 561
[2026-05-22T09:15:42.396Z INFO  benchmark_client] Sending sample transaction 562
[2026-05-22T09:15:42.444Z INFO  benchmark_client] Sending sample transaction 563
[2026-05-22T09:15:42.495Z INFO  benchmark_client] Sending sample transaction 564
[2026-05-22T09:15:42.544Z INFO  benchmark_client] Sending sample transaction 565
[2026-05-22T09:15:42.594Z INFO  benchmark_client] Sending sample transaction 566
[2026-05-22T09:15:42.645Z INFO  benchmark_client] Sending sample transaction 567
[2026-05-22T09:15:42.694Z INFO  benchmark_client] Sending sample transaction 568
[2026-05-22T09:15:42.744Z INFO  benchmark_client] Sending sample transaction 569
[2026-05-22T09:15:42.795Z INFO  benchmark_client] Sending sample transaction 570
[2026-05-22T09:15:42.844Z INFO  benchmark_client] Sending sample transaction 571
[2026-05-22T09:15:42.894Z INFO  benchmark_client] Sending sample transaction 572
[2026-05-22T09:15:42.944Z INFO  benchmark_client] Sending sample transaction 573
[2026-05-22T09:15:42.995Z INFO  benchmark_client] Sending sample transaction 574
[2026-05-22T09:15:43.044Z INFO  benchmark_client] Sending sample transaction 575
[2026-05-22T09:15:43.095Z INFO  benchmark_client] Sending sample transaction 576
[2026-05-22T09:15:43.144Z INFO  benchmark_client] Sending sample transaction 577
[2026-05-22T09:15:43.195Z INFO  benchmark_client] Sending sample transaction 578
[2026-05-22T09:15:43.245Z INFO  benchmark_client] Sending sample transaction 579
[2026-05-22T09:15:43.295Z INFO  benchmark_client] Sending sample transaction 580
[2026-05-22T09:15:43.346Z INFO  benchmark_client] Sending sample transaction 581
[2026-05-22T09:15:43.395Z INFO  benchmark_client] Sending sample transaction 582
[2026-05-22T09:15:43.445Z INFO  benchmark_client] Sending sample transaction 583
[2026-05-22T09:15:43.494Z INFO  benchmark_client] Sending sample transaction 584
[2026-05-22T09:15:43.545Z INFO  benchmark_client] Sending sample transaction 585
[2026-05-22T09:15:43.594Z INFO  benchmark_client] Sending sample transaction 586
[2026-05-22T09:15:43.644Z INFO  benchmark_client] Sending sample transaction 587
[2026-05-22T09:15:43.694Z INFO  benchmark_client] Sending sample transaction 588
[2026-05-22T09:15:43.744Z INFO  benchmark_client] Sending sample transaction 589
[2026-05-22T09:15:43.794Z INFO  benchmark_client] Sending sample transaction 590
[2026-05-22T09:15:43.845Z INFO  benchmark_client] Sending sample transaction 591
[2026-05-22T09:15:43.894Z INFO  benchmark_client] Sending sample transaction 592
[2026-05-22T09:15:43.945Z INFO  benchmark_client] Sending sample transaction 593
[2026-05-22T09:15:43.995Z INFO  benchmark_client] Sending sample transaction 594
[2026-05-22T09:15:44.044Z INFO  benchmark_client] Sending sample transaction 595
[2026-05-22T09:15:44.094Z INFO  benchmark_client] Sending sample transaction 596
[2026-05-22T09:15:44.145Z INFO  benchmark_client] Sending sample transaction 597
[2026-05-22T09:15:44.196Z INFO  benchmark_client] Sending sample transaction 598
[2026-05-22T09:15:44.244Z INFO  benchmark_client] Sending sample transaction 599
[2026-05-22T09:15:44.294Z INFO  benchmark_client] Sending sample transaction 600
[2026-05-22T09:15:44.345Z INFO  benchmark_client] Sending sample transaction 601
[2026-05-22T09:15:44.394Z INFO  benchmark_client] Sending sample transaction 602
[2026-05-22T09:15:44.445Z INFO  benchmark_client] Sending sample transaction 603
[2026-05-22T09:15:44.494Z INFO  benchmark_client] Sending sample transaction 604
[2026-05-22T09:15:44.545Z INFO  benchmark_client] Sending sample transaction 605
[2026-05-22T09:15:44.594Z INFO  benchmark_client] Sending sample transaction 606
[2026-05-22T09:15:44.645Z INFO  benchmark_client] Sending sample transaction 607
[2026-05-22T09:15:44.695Z INFO  benchmark_client] Sending sample transaction 608
[2026-05-22T09:15:44.744Z INFO  benchmark_client] Sending sample transaction 609
[2026-05-22T09:15:44.797Z INFO  benchmark_client] Sending sample transaction 610
[2026-05-22T09:15:44.845Z INFO  benchmark_client] Sending sample transaction 611
[2026-05-22T09:15:44.897Z INFO  benchmark_client] Sending sample transaction 612
[2026-05-22T09:15:44.945Z INFO  benchmark_client] Sending sample transaction 613
[2026-05-22T09:15:44.995Z INFO  benchmark_client] Sending sample transaction 614
[2026-05-22T09:15:45.045Z INFO  benchmark_client] Sending sample transaction 615
[2026-05-22T09:15:45.095Z INFO  benchmark_client] Sending sample transaction 616
[2026-05-22T09:15:45.147Z INFO  benchmark_client] Sending sample transaction 617
[2026-05-22T09:15:45.197Z INFO  benchmark_client] Sending sample transaction 618
[2026-05-22T09:15:45.247Z INFO  benchmark_client] Sending sample transaction 619
[2026-05-22T09:15:45.295Z INFO  benchmark_client] Sending sample transaction 620
[2026-05-22T09:15:45.346Z INFO  benchmark_client] Sending sample transaction 621
[2026-05-22T09:15:45.395Z INFO  benchmark_client] Sending sample transaction 622
[2026-05-22T09:15:45.445Z INFO  benchmark_client] Sending sample transaction 623
[2026-05-22T09:15:45.495Z INFO  benchmark_client] Sending sample transaction 624
[2026-05-22T09:15:45.552Z INFO  benchmark_client] Sending sample transaction 625
[2026-05-22T09:15:45.594Z INFO  benchmark_client] Sending sample transaction 626
[2026-05-22T09:15:45.646Z INFO  benchmark_client] Sending sample transaction 627
[2026-05-22T09:15:45.696Z INFO  benchmark_client] Sending sample transaction 628
[2026-05-22T09:15:45.744Z INFO  benchmark_client] Sending sample transaction 629
[2026-05-22T09:15:45.795Z INFO  benchmark_client] Sending sample transaction 630
[2026-05-22T09:15:45.844Z INFO  benchmark_client] Sending sample transaction 631
[2026-05-22T09:15:45.896Z INFO  benchmark_client] Sending sample transaction 632
[2026-05-22T09:15:45.945Z INFO  benchmark_client] Sending sample transaction 633
[2026-05-22T09:15:45.994Z INFO  benchmark_client] Sending sample transaction 634
[2026-05-22T09:15:46.044Z INFO  benchmark_client] Sending sample transaction 635
[2026-05-22T09:15:46.094Z INFO  benchmark_client] Sending sample transaction 636
[2026-05-22T09:15:46.145Z INFO  benchmark_client] Sending sample transaction 637
[2026-05-22T09:15:46.195Z INFO  benchmark_client] Sending sample transaction 638
[2026-05-22T09:15:46.245Z INFO  benchmark_client] Sending sample transaction 639
[2026-05-22T09:15:46.296Z INFO  benchmark_client] Sending sample transaction 640
[2026-05-22T09:15:46.346Z INFO  benchmark_client] Sending sample transaction 641
[2026-05-22T09:15:46.395Z INFO  benchmark_client] Sending sample transaction 642
[2026-05-22T09:15:46.446Z INFO  benchmark_client] Sending sample transaction 643
[2026-05-22T09:15:46.497Z INFO  benchmark_client] Sending sample transaction 644
[2026-05-22T09:15:46.544Z INFO  benchmark_client] Sending sample transaction 645
[2026-05-22T09:15:46.595Z INFO  benchmark_client] Sending sample transaction 646
[2026-05-22T09:15:46.645Z INFO  benchmark_client] Sending sample transaction 647
[2026-05-22T09:15:46.696Z INFO  benchmark_client] Sending sample transaction 648
[2026-05-22T09:15:46.746Z INFO  benchmark_client] Sending sample transaction 649
[2026-05-22T09:15:46.797Z INFO  benchmark_client] Sending sample transaction 650
[2026-05-22T09:15:46.844Z INFO  benchmark_client] Sending sample transaction 651
[2026-05-22T09:15:46.897Z INFO  benchmark_client] Sending sample transaction 652
[2026-05-22T09:15:46.944Z INFO  benchmark_client] Sending sample transaction 653
[2026-05-22T09:15:46.994Z INFO  benchmark_client] Sending sample transaction 654
[2026-05-22T09:15:47.046Z INFO  benchmark_client] Sending sample transaction 655
[2026-05-22T09:15:47.094Z INFO  benchmark_client] Sending sample transaction 656
[2026-05-22T09:15:47.148Z INFO  benchmark_client] Sending sample transaction 657
[2026-05-22T09:15:47.194Z INFO  benchmark_client] Sending sample transaction 658
[2026-05-22T09:15:47.245Z INFO  benchmark_client] Sending sample transaction 659
[2026-05-22T09:15:47.294Z INFO  benchmark_client] Sending sample transaction 660
[2026-05-22T09:15:47.345Z INFO  benchmark_client] Sending sample transaction 661
[2026-05-22T09:15:47.394Z INFO  benchmark_client] Sending sample transaction 662
[2026-05-22T09:15:47.444Z INFO  benchmark_client] Sending sample transaction 663
[2026-05-22T09:15:47.494Z INFO  benchmark_client] Sending sample transaction 664
[2026-05-22T09:15:47.544Z INFO  benchmark_client] Sending sample transaction 665
[2026-05-22T09:15:47.593Z INFO  benchmark_client] Sending sample transaction 666
[2026-05-22T09:15:47.644Z INFO  benchmark_client] Sending sample transaction 667
[2026-05-22T09:15:47.693Z INFO  benchmark_client] Sending sample transaction 668
[2026-05-22T09:15:47.744Z INFO  benchmark_client] Sending sample transaction 669
[2026-05-22T09:15:47.793Z INFO  benchmark_client] Sending sample transaction 670
[2026-05-22T09:15:47.843Z INFO  benchmark_client] Sending sample transaction 671
[2026-05-22T09:15:47.893Z INFO  benchmark_client] Sending sample transaction 672
[2026-05-22T09:15:47.943Z INFO  benchmark_client] Sending sample transaction 673
[2026-05-22T09:15:47.993Z INFO  benchmark_client] Sending sample transaction 674
[2026-05-22T09:15:48.043Z INFO  benchmark_client] Sending sample transaction 675
[2026-05-22T09:15:48.094Z INFO  benchmark_client] Sending sample transaction 676
[2026-05-22T09:15:48.143Z INFO  benchmark_client] Sending sample transaction 677
[2026-05-22T09:15:48.194Z INFO  benchmark_client] Sending sample transaction 678
[2026-05-22T09:15:48.243Z INFO  benchmark_client] Sending sample transaction 679
[2026-05-22T09:15:48.294Z INFO  benchmark_client] Sending sample transaction 680
[2026-05-22T09:15:48.343Z INFO  benchmark_client] Sending sample transaction 681
[2026-05-22T09:15:48.393Z INFO  benchmark_client] Sending sample transaction 682
[2026-05-22T09:15:48.444Z INFO  benchmark_client] Sending sample transaction 683
[2026-05-22T09:15:48.494Z INFO  benchmark_client] Sending sample transaction 684
[2026-05-22T09:15:48.543Z INFO  benchmark_client] Sending sample transaction 685
[2026-05-22T09:15:48.593Z INFO  benchmark_client] Sending sample transaction 686
[2026-05-22T09:15:48.643Z INFO  benchmark_client] Sending sample transaction 687
[2026-05-22T09:15:48.694Z INFO  benchmark_client] Sending sample transaction 688
[2026-05-22T09:15:48.744Z INFO  benchmark_client] Sending sample transaction 689
[2026-05-22T09:15:48.794Z INFO  benchmark_client] Sending sample transaction 690
[2026-05-22T09:15:48.843Z INFO  benchmark_client] Sending sample transaction 691
[2026-05-22T09:15:48.895Z INFO  benchmark_client] Sending sample transaction 692
[2026-05-22T09:15:48.943Z INFO  benchmark_client] Sending sample transaction 693
[2026-05-22T09:15:48.993Z INFO  benchmark_client] Sending sample transaction 694
[2026-05-22T09:15:49.044Z INFO  benchmark_client] Sending sample transaction 695
[2026-05-22T09:15:49.093Z INFO  benchmark_client] Sending sample transaction 696
[2026-05-22T09:15:49.148Z INFO  benchmark_client] Sending sample transaction 697
[2026-05-22T09:15:49.193Z INFO  benchmark_client] Sending sample transaction 698
[2026-05-22T09:15:49.243Z INFO  benchmark_client] Sending sample transaction 699
[2026-05-22T09:15:49.293Z INFO  benchmark_client] Sending sample transaction 700
[2026-05-22T09:15:49.343Z INFO  benchmark_client] Sending sample transaction 701
[2026-05-22T09:15:49.395Z INFO  benchmark_client] Sending sample transaction 702
[2026-05-22T09:15:49.443Z INFO  benchmark_client] Sending sample transaction 703
[2026-05-22T09:15:49.496Z INFO  benchmark_client] Sending sample transaction 704
[2026-05-22T09:15:49.543Z INFO  benchmark_client] Sending sample transaction 705
[2026-05-22T09:15:49.593Z INFO  benchmark_client] Sending sample transaction 706
[2026-05-22T09:15:49.645Z INFO  benchmark_client] Sending sample transaction 707
[2026-05-22T09:15:49.693Z INFO  benchmark_client] Sending sample transaction 708
[2026-05-22T09:15:49.746Z INFO  benchmark_client] Sending sample transaction 709
[2026-05-22T09:15:49.793Z INFO  benchmark_client] Sending sample transaction 710
[2026-05-22T09:15:49.844Z INFO  benchmark_client] Sending sample transaction 711
[2026-05-22T09:15:49.896Z INFO  benchmark_client] Sending sample transaction 712
[2026-05-22T09:15:49.943Z INFO  benchmark_client] Sending sample transaction 713
[2026-05-22T09:15:49.993Z INFO  benchmark_client] Sending sample transaction 714
[2026-05-22T09:15:50.043Z INFO  benchmark_client] Sending sample transaction 715
[2026-05-22T09:15:50.095Z INFO  benchmark_client] Sending sample transaction 716
[2026-05-22T09:15:50.144Z INFO  benchmark_client] Sending sample transaction 717
[2026-05-22T09:15:50.195Z INFO  benchmark_client] Sending sample transaction 718
[2026-05-22T09:15:50.245Z INFO  benchmark_client] Sending sample transaction 719
[2026-05-22T09:15:50.293Z INFO  benchmark_client] Sending sample transaction 720
[2026-05-22T09:15:50.343Z INFO  benchmark_client] Sending sample transaction 721
[2026-05-22T09:15:50.393Z INFO  benchmark_client] Sending sample transaction 722
[2026-05-22T09:15:50.444Z INFO  benchmark_client] Sending sample transaction 723
[2026-05-22T09:15:50.494Z INFO  benchmark_client] Sending sample transaction 724
[2026-05-22T09:15:50.547Z INFO  benchmark_client] Sending sample transaction 725
[2026-05-22T09:15:50.596Z INFO  benchmark_client] Sending sample transaction 726
[2026-05-22T09:15:50.643Z INFO  benchmark_client] Sending sample transaction 727
[2026-05-22T09:15:50.693Z INFO  benchmark_client] Sending sample transaction 728
[2026-05-22T09:15:50.743Z INFO  benchmark_client] Sending sample transaction 729
[2026-05-22T09:15:50.793Z INFO  benchmark_client] Sending sample transaction 730
[2026-05-22T09:15:50.843Z INFO  benchmark_client] Sending sample transaction 731
[2026-05-22T09:15:50.894Z INFO  benchmark_client] Sending sample transaction 732
[2026-05-22T09:15:50.944Z INFO  benchmark_client] Sending sample transaction 733
[2026-05-22T09:15:50.994Z INFO  benchmark_client] Sending sample transaction 734
[2026-05-22T09:15:51.044Z INFO  benchmark_client] Sending sample transaction 735
[2026-05-22T09:15:51.097Z INFO  benchmark_client] Sending sample transaction 736
[2026-05-22T09:15:51.143Z INFO  benchmark_client] Sending sample transaction 737
[2026-05-22T09:15:51.193Z INFO  benchmark_client] Sending sample transaction 738
[2026-05-22T09:15:51.244Z INFO  benchmark_client] Sending sample transaction 739
[2026-05-22T09:15:51.294Z INFO  benchmark_client] Sending sample transaction 740
[2026-05-22T09:15:51.343Z INFO  benchmark_client] Sending sample transaction 741
[2026-05-22T09:15:51.393Z INFO  benchmark_client] Sending sample transaction 742
[2026-05-22T09:15:51.444Z INFO  benchmark_client] Sending sample transaction 743
[2026-05-22T09:15:51.496Z INFO  benchmark_client] Sending sample transaction 744
[2026-05-22T09:15:51.544Z INFO  benchmark_client] Sending sample transaction 745
[2026-05-22T09:15:51.593Z INFO  benchmark_client] Sending sample transaction 746
[2026-05-22T09:15:51.644Z INFO  benchmark_client] Sending sample transaction 747
[2026-05-22T09:15:51.693Z INFO  benchmark_client] Sending sample transaction 748
[2026-05-22T09:15:51.745Z INFO  benchmark_client] Sending sample transaction 749
[2026-05-22T09:15:51.793Z INFO  benchmark_client] Sending sample transaction 750
[2026-05-22T09:15:51.843Z INFO  benchmark_client] Sending sample transaction 751
[2026-05-22T09:15:51.895Z INFO  benchmark_client] Sending sample transaction 752
[2026-05-22T09:15:51.944Z INFO  benchmark_client] Sending sample transaction 753
[2026-05-22T09:15:51.994Z INFO  benchmark_client] Sending sample transaction 754
[2026-05-22T09:15:52.046Z INFO  benchmark_client] Sending sample transaction 755
[2026-05-22T09:15:52.093Z INFO  benchmark_client] Sending sample transaction 756
[2026-05-22T09:15:52.143Z INFO  benchmark_client] Sending sample transaction 757
[2026-05-22T09:15:52.194Z INFO  benchmark_client] Sending sample transaction 758
[2026-05-22T09:15:52.243Z INFO  benchmark_client] Sending sample transaction 759
[2026-05-22T09:15:52.297Z INFO  benchmark_client] Sending sample transaction 760
[2026-05-22T09:15:52.343Z INFO  benchmark_client] Sending sample transaction 761
[2026-05-22T09:15:52.393Z INFO  benchmark_client] Sending sample transaction 762
[2026-05-22T09:15:52.443Z INFO  benchmark_client] Sending sample transaction 763
[2026-05-22T09:15:52.494Z INFO  benchmark_client] Sending sample transaction 764
[2026-05-22T09:15:52.544Z INFO  benchmark_client] Sending sample transaction 765
[2026-05-22T09:15:52.593Z INFO  benchmark_client] Sending sample transaction 766
[2026-05-22T09:15:52.644Z INFO  benchmark_client] Sending sample transaction 767
[2026-05-22T09:15:52.693Z INFO  benchmark_client] Sending sample transaction 768
[2026-05-22T09:15:52.744Z INFO  benchmark_client] Sending sample transaction 769
[2026-05-22T09:15:52.793Z INFO  benchmark_client] Sending sample transaction 770
[2026-05-22T09:15:52.843Z INFO  benchmark_client] Sending sample transaction 771
[2026-05-22T09:15:52.893Z INFO  benchmark_client] Sending sample transaction 772
[2026-05-22T09:15:52.944Z INFO  benchmark_client] Sending sample transaction 773
[2026-05-22T09:15:52.994Z INFO  benchmark_client] Sending sample transaction 774
[2026-05-22T09:15:53.044Z INFO  benchmark_client] Sending sample transaction 775
[2026-05-22T09:15:53.097Z INFO  benchmark_client] Sending sample transaction 776
[2026-05-22T09:15:53.146Z INFO  benchmark_client] Sending sample transaction 777
[2026-05-22T09:15:53.194Z INFO  benchmark_client] Sending sample transaction 778
[2026-05-22T09:15:53.244Z INFO  benchmark_client] Sending sample transaction 779
[2026-05-22T09:15:53.295Z INFO  benchmark_client] Sending sample transaction 780
[2026-05-22T09:15:53.344Z INFO  benchmark_client] Sending sample transaction 781
[2026-05-22T09:15:53.394Z INFO  benchmark_client] Sending sample transaction 782
[2026-05-22T09:15:53.443Z INFO  benchmark_client] Sending sample transaction 783
[2026-05-22T09:15:53.494Z INFO  benchmark_client] Sending sample transaction 784
[2026-05-22T09:15:53.543Z INFO  benchmark_client] Sending sample transaction 785
[2026-05-22T09:15:53.594Z INFO  benchmark_client] Sending sample transaction 786
[2026-05-22T09:15:53.645Z INFO  benchmark_client] Sending sample transaction 787
[2026-05-22T09:15:53.693Z INFO  benchmark_client] Sending sample transaction 788
[2026-05-22T09:15:53.743Z INFO  benchmark_client] Sending sample transaction 789
[2026-05-22T09:15:53.793Z INFO  benchmark_client] Sending sample transaction 790
[2026-05-22T09:15:53.843Z INFO  benchmark_client] Sending sample transaction 791
[2026-05-22T09:15:53.893Z INFO  benchmark_client] Sending sample transaction 792
[2026-05-22T09:15:53.944Z INFO  benchmark_client] Sending sample transaction 793
[2026-05-22T09:15:53.993Z INFO  benchmark_client] Sending sample transaction 794
[2026-05-22T09:15:54.043Z INFO  benchmark_client] Sending sample transaction 795
[2026-05-22T09:15:54.093Z INFO  benchmark_client] Sending sample transaction 796
[2026-05-22T09:15:54.146Z INFO  benchmark_client] Sending sample transaction 797
[2026-05-22T09:15:54.196Z INFO  benchmark_client] Sending sample transaction 798
[2026-05-22T09:15:54.246Z INFO  benchmark_client] Sending sample transaction 799
[2026-05-22T09:15:54.298Z INFO  benchmark_client] Sending sample transaction 800
[2026-05-22T09:15:54.343Z INFO  benchmark_client] Sending sample transaction 801
[2026-05-22T09:15:54.394Z INFO  benchmark_client] Sending sample transaction 802
[2026-05-22T09:15:54.443Z INFO  benchmark_client] Sending sample transaction 803
[2026-05-22T09:15:54.494Z INFO  benchmark_client] Sending sample transaction 804
[2026-05-22T09:15:54.546Z INFO  benchmark_client] Sending sample transaction 805
[2026-05-22T09:15:54.594Z INFO  benchmark_client] Sending sample transaction 806
[2026-05-22T09:15:54.643Z INFO  benchmark_client] Sending sample transaction 807
[2026-05-22T09:15:54.693Z INFO  benchmark_client] Sending sample transaction 808
[2026-05-22T09:15:54.743Z INFO  benchmark_client] Sending sample transaction 809
[2026-05-22T09:15:54.793Z INFO  benchmark_client] Sending sample transaction 810
[2026-05-22T09:15:54.845Z INFO  benchmark_client] Sending sample transaction 811
[2026-05-22T09:15:54.893Z INFO  benchmark_client] Sending sample transaction 812
[2026-05-22T09:15:54.943Z INFO  benchmark_client] Sending sample transaction 813
[2026-05-22T09:15:54.993Z INFO  benchmark_client] Sending sample transaction 814
[2026-05-22T09:15:55.043Z INFO  benchmark_client] Sending sample transaction 815
[2026-05-22T09:15:55.093Z INFO  benchmark_client] Sending sample transaction 816
[2026-05-22T09:15:55.147Z INFO  benchmark_client] Sending sample transaction 817
[2026-05-22T09:15:55.193Z INFO  benchmark_client] Sending sample transaction 818
[2026-05-22T09:15:55.245Z INFO  benchmark_client] Sending sample transaction 819
[2026-05-22T09:15:55.295Z INFO  benchmark_client] Sending sample transaction 820
[2026-05-22T09:15:55.343Z INFO  benchmark_client] Sending sample transaction 821
[2026-05-22T09:15:55.393Z INFO  benchmark_client] Sending sample transaction 822
[2026-05-22T09:15:55.443Z INFO  benchmark_client] Sending sample transaction 823
[2026-05-22T09:15:55.494Z INFO  benchmark_client] Sending sample transaction 824
[2026-05-22T09:15:55.543Z INFO  benchmark_client] Sending sample transaction 825
[2026-05-22T09:15:55.593Z INFO  benchmark_client] Sending sample transaction 826
[2026-05-22T09:15:55.647Z INFO  benchmark_client] Sending sample transaction 827
[2026-05-22T09:15:55.693Z INFO  benchmark_client] Sending sample transaction 828
[2026-05-22T09:15:55.743Z INFO  benchmark_client] Sending sample transaction 829
[2026-05-22T09:15:55.794Z INFO  benchmark_client] Sending sample transaction 830
[2026-05-22T09:15:55.843Z INFO  benchmark_client] Sending sample transaction 831
[2026-05-22T09:15:55.893Z INFO  benchmark_client] Sending sample transaction 832
[2026-05-22T09:15:55.945Z INFO  benchmark_client] Sending sample transaction 833
[2026-05-22T09:15:55.995Z INFO  benchmark_client] Sending sample transaction 834
[2026-05-22T09:15:56.047Z INFO  benchmark_client] Sending sample transaction 835
[2026-05-22T09:15:56.093Z INFO  benchmark_client] Sending sample transaction 836
[2026-05-22T09:15:56.144Z INFO  benchmark_client] Sending sample transaction 837
[2026-05-22T09:15:56.195Z INFO  benchmark_client] Sending sample transaction 838
[2026-05-22T09:15:56.243Z INFO  benchmark_client] Sending sample transaction 839
[2026-05-22T09:15:56.294Z INFO  benchmark_client] Sending sample transaction 840
[2026-05-22T09:15:56.345Z INFO  benchmark_client] Sending sample transaction 841
[2026-05-22T09:15:56.393Z INFO  benchmark_client] Sending sample transaction 842
[2026-05-22T09:15:56.444Z INFO  benchmark_client] Sending sample transaction 843
[2026-05-22T09:15:56.494Z INFO  benchmark_client] Sending sample transaction 844
[2026-05-22T09:15:56.544Z INFO  benchmark_client] Sending sample transaction 845
[2026-05-22T09:15:56.595Z INFO  benchmark_client] Sending sample transaction 846
[2026-05-22T09:15:56.644Z INFO  benchmark_client] Sending sample transaction 847
[2026-05-22T09:15:56.693Z INFO  benchmark_client] Sending sample transaction 848
[2026-05-22T09:15:56.743Z INFO  benchmark_client] Sending sample transaction 849
[2026-05-22T09:15:56.794Z INFO  benchmark_client] Sending sample transaction 850
[2026-05-22T09:15:56.843Z INFO  benchmark_client] Sending sample transaction 851
[2026-05-22T09:15:56.894Z INFO  benchmark_client] Sending sample transaction 852
[2026-05-22T09:15:56.943Z INFO  benchmark_client] Sending sample transaction 853
[2026-05-22T09:15:56.995Z INFO  benchmark_client] Sending sample transaction 854
[2026-05-22T09:15:57.044Z INFO  benchmark_client] Sending sample transaction 855
[2026-05-22T09:15:57.094Z INFO  benchmark_client] Sending sample transaction 856
[2026-05-22T09:15:57.144Z INFO  benchmark_client] Sending sample transaction 857
[2026-05-22T09:15:57.193Z INFO  benchmark_client] Sending sample transaction 858
[2026-05-22T09:15:57.243Z INFO  benchmark_client] Sending sample transaction 859
[2026-05-22T09:15:57.293Z INFO  benchmark_client] Sending sample transaction 860
[2026-05-22T09:15:57.344Z INFO  benchmark_client] Sending sample transaction 861
[2026-05-22T09:15:57.394Z INFO  benchmark_client] Sending sample transaction 862
[2026-05-22T09:15:57.445Z INFO  benchmark_client] Sending sample transaction 863
[2026-05-22T09:15:57.494Z INFO  benchmark_client] Sending sample transaction 864
[2026-05-22T09:15:57.543Z INFO  benchmark_client] Sending sample transaction 865
[2026-05-22T09:15:57.595Z INFO  benchmark_client] Sending sample transaction 866
[2026-05-22T09:15:57.643Z INFO  benchmark_client] Sending sample transaction 867
[2026-05-22T09:15:57.693Z INFO  benchmark_client] Sending sample transaction 868
[2026-05-22T09:15:57.744Z INFO  benchmark_client] Sending sample transaction 869
[2026-05-22T09:15:57.794Z INFO  benchmark_client] Sending sample transaction 870
[2026-05-22T09:15:57.843Z INFO  benchmark_client] Sending sample transaction 871
[2026-05-22T09:15:57.894Z INFO  benchmark_client] Sending sample transaction 872
[2026-05-22T09:15:57.943Z INFO  benchmark_client] Sending sample transaction 873
[2026-05-22T09:15:57.993Z INFO  benchmark_client] Sending sample transaction 874
[2026-05-22T09:15:58.043Z INFO  benchmark_client] Sending sample transaction 875
[2026-05-22T09:15:58.094Z INFO  benchmark_client] Sending sample transaction 876
[2026-05-22T09:15:58.143Z INFO  benchmark_client] Sending sample transaction 877
[2026-05-22T09:15:58.194Z INFO  benchmark_client] Sending sample transaction 878
[2026-05-22T09:15:58.245Z INFO  benchmark_client] Sending sample transaction 879
[2026-05-22T09:15:58.293Z INFO  benchmark_client] Sending sample transaction 880
[2026-05-22T09:15:58.343Z INFO  benchmark_client] Sending sample transaction 881
[2026-05-22T09:15:58.395Z INFO  benchmark_client] Sending sample transaction 882
[2026-05-22T09:15:58.443Z INFO  benchmark_client] Sending sample transaction 883
[2026-05-22T09:15:58.494Z INFO  benchmark_client] Sending sample transaction 884
[2026-05-22T09:15:58.544Z INFO  benchmark_client] Sending sample transaction 885
[2026-05-22T09:15:58.594Z INFO  benchmark_client] Sending sample transaction 886
[2026-05-22T09:15:58.646Z INFO  benchmark_client] Sending sample transaction 887
[2026-05-22T09:15:58.694Z INFO  benchmark_client] Sending sample transaction 888
[2026-05-22T09:15:58.743Z INFO  benchmark_client] Sending sample transaction 889
[2026-05-22T09:15:58.793Z INFO  benchmark_client] Sending sample transaction 890
[2026-05-22T09:15:58.843Z INFO  benchmark_client] Sending sample transaction 891
[2026-05-22T09:15:58.893Z INFO  benchmark_client] Sending sample transaction 892
[2026-05-22T09:15:58.944Z INFO  benchmark_client] Sending sample transaction 893
[2026-05-22T09:15:58.994Z INFO  benchmark_client] Sending sample transaction 894
[2026-05-22T09:15:59.045Z INFO  benchmark_client] Sending sample transaction 895
[2026-05-22T09:15:59.093Z INFO  benchmark_client] Sending sample transaction 896
