[2026-05-22T09:15:13.093Z INFO  benchmark_client] Node address: 34.21.159.42:5023
[2026-05-22T09:15:13.093Z INFO  benchmark_client] Transactions size: 512 B
[2026-05-22T09:15:13.093Z INFO  benchmark_client] Transactions rate: 13334 tx/s
[2026-05-22T09:15:13.093Z INFO  benchmark_client] Waiting for all nodes to be online...
[2026-05-22T09:15:13.396Z INFO  benchmark_client] Start sending transactions
[2026-05-22T09:15:13.398Z INFO  benchmark_client] Sending sample transaction 0
[2026-05-22T09:15:13.448Z INFO  benchmark_client] Sending sample transaction 1
[2026-05-22T09:15:13.498Z INFO  benchmark_client] Sending sample transaction 2
[2026-05-22T09:15:13.548Z INFO  benchmark_client] Sending sample transaction 3
[2026-05-22T09:15:13.598Z INFO  benchmark_client] Sending sample transaction 4
[2026-05-22T09:15:13.648Z INFO  benchmark_client] Sending sample transaction 5
[2026-05-22T09:15:13.698Z INFO  benchmark_client] Sending sample transaction 6
[2026-05-22T09:15:13.748Z INFO  benchmark_client] Sending sample transaction 7
[2026-05-22T09:15:13.798Z INFO  benchmark_client] Sending sample transaction 8
[2026-05-22T09:15:13.848Z INFO  benchmark_client] Sending sample transaction 9
[2026-05-22T09:15:13.898Z INFO  benchmark_client] Sending sample transaction 10
[2026-05-22T09:15:13.948Z INFO  benchmark_client] Sending sample transaction 11
[2026-05-22T09:15:13.998Z INFO  benchmark_client] Sending sample transaction 12
[2026-05-22T09:15:14.048Z INFO  benchmark_client] Sending sample transaction 13
[2026-05-22T09:15:14.098Z INFO  benchmark_client] Sending sample transaction 14
[2026-05-22T09:15:14.148Z INFO  benchmark_client] Sending sample transaction 15
[2026-05-22T09:15:14.198Z INFO  benchmark_client] Sending sample transaction 16
[2026-05-22T09:15:14.247Z INFO  benchmark_client] Sending sample transaction 17
[2026-05-22T09:15:14.298Z INFO  benchmark_client] Sending sample transaction 18
[2026-05-22T09:15:14.348Z INFO  benchmark_client] Sending sample transaction 19
[2026-05-22T09:15:14.398Z INFO  benchmark_client] Sending sample transaction 20
[2026-05-22T09:15:14.448Z INFO  benchmark_client] Sending sample transaction 21
[2026-05-22T09:15:14.498Z INFO  benchmark_client] Sending sample transaction 22
[2026-05-22T09:15:14.548Z INFO  benchmark_client] Sending sample transaction 23
[2026-05-22T09:15:14.598Z INFO  benchmark_client] Sending sample transaction 24
[2026-05-22T09:15:14.648Z INFO  benchmark_client] Sending sample transaction 25
[2026-05-22T09:15:14.698Z INFO  benchmark_client] Sending sample transaction 26
[2026-05-22T09:15:14.748Z INFO  benchmark_client] Sending sample transaction 27
[2026-05-22T09:15:14.798Z INFO  benchmark_client] Sending sample transaction 28
[2026-05-22T09:15:14.848Z INFO  benchmark_client] Sending sample transaction 29
[2026-05-22T09:15:14.898Z INFO  benchmark_client] Sending sample transaction 30
[2026-05-22T09:15:14.948Z INFO  benchmark_client] Sending sample transaction 31
[2026-05-22T09:15:14.998Z INFO  benchmark_client] Sending sample transaction 32
[2026-05-22T09:15:15.048Z INFO  benchmark_client] Sending sample transaction 33
[2026-05-22T09:15:15.098Z INFO  benchmark_client] Sending sample transaction 34
[2026-05-22T09:15:15.148Z INFO  benchmark_client] Sending sample transaction 35
[2026-05-22T09:15:15.198Z INFO  benchmark_client] Sending sample transaction 36
[2026-05-22T09:15:15.248Z INFO  benchmark_client] Sending sample transaction 37
[2026-05-22T09:15:15.298Z INFO  benchmark_client] Sending sample transaction 38
[2026-05-22T09:15:15.348Z INFO  benchmark_client] Sending sample transaction 39
[2026-05-22T09:15:15.398Z INFO  benchmark_client] Sending sample transaction 40
[2026-05-22T09:15:15.448Z INFO  benchmark_client] Sending sample transaction 41
[2026-05-22T09:15:15.498Z INFO  benchmark_client] Sending sample transaction 42
[2026-05-22T09:15:15.548Z INFO  benchmark_client] Sending sample transaction 43
[2026-05-22T09:15:15.598Z INFO  benchmark_client] Sending sample transaction 44
[2026-05-22T09:15:15.648Z INFO  benchmark_client] Sending sample transaction 45
[2026-05-22T09:15:15.698Z INFO  benchmark_client] Sending sample transaction 46
[2026-05-22T09:15:15.748Z INFO  benchmark_client] Sending sample transaction 47
[2026-05-22T09:15:15.798Z INFO  benchmark_client] Sending sample transaction 48
[2026-05-22T09:15:15.848Z INFO  benchmark_client] Sending sample transaction 49
[2026-05-22T09:15:15.898Z INFO  benchmark_client] Sending sample transaction 50
[2026-05-22T09:15:15.948Z INFO  benchmark_client] Sending sample transaction 51
[2026-05-22T09:15:15.998Z INFO  benchmark_client] Sending sample transaction 52
[2026-05-22T09:15:16.048Z INFO  benchmark_client] Sending sample transaction 53
[2026-05-22T09:15:16.098Z INFO  benchmark_client] Sending sample transaction 54
[2026-05-22T09:15:16.148Z INFO  benchmark_client] Sending sample transaction 55
[2026-05-22T09:15:16.198Z INFO  benchmark_client] Sending sample transaction 56
[2026-05-22T09:15:16.248Z INFO  benchmark_client] Sending sample transaction 57
[2026-05-22T09:15:16.298Z INFO  benchmark_client] Sending sample transaction 58
[2026-05-22T09:15:16.348Z INFO  benchmark_client] Sending sample transaction 59
[2026-05-22T09:15:16.398Z INFO  benchmark_client] Sending sample transaction 60
[2026-05-22T09:15:16.448Z INFO  benchmark_client] Sending sample transaction 61
[2026-05-22T09:15:16.498Z INFO  benchmark_client] Sending sample transaction 62
[2026-05-22T09:15:16.548Z INFO  benchmark_client] Sending sample transaction 63
[2026-05-22T09:15:16.598Z INFO  benchmark_client] Sending sample transaction 64
[2026-05-22T09:15:16.648Z INFO  benchmark_client] Sending sample transaction 65
[2026-05-22T09:15:16.698Z INFO  benchmark_client] Sending sample transaction 66
[2026-05-22T09:15:16.748Z INFO  benchmark_client] Sending sample transaction 67
[2026-05-22T09:15:16.798Z INFO  benchmark_client] Sending sample transaction 68
[2026-05-22T09:15:16.848Z INFO  benchmark_client] Sending sample transaction 69
[2026-05-22T09:15:16.898Z INFO  benchmark_client] Sending sample transaction 70
[2026-05-22T09:15:16.948Z INFO  benchmark_client] Sending sample transaction 71
[2026-05-22T09:15:16.999Z INFO  benchmark_client] Sending sample transaction 72
[2026-05-22T09:15:17.048Z INFO  benchmark_client] Sending sample transaction 73
[2026-05-22T09:15:17.097Z INFO  benchmark_client] Sending sample transaction 74
[2026-05-22T09:15:17.148Z INFO  benchmark_client] Sending sample transaction 75
[2026-05-22T09:15:17.198Z INFO  benchmark_client] Sending sample transaction 76
[2026-05-22T09:15:17.248Z INFO  benchmark_client] Sending sample transaction 77
[2026-05-22T09:15:17.298Z INFO  benchmark_client] Sending sample transaction 78
[2026-05-22T09:15:17.348Z INFO  benchmark_client] Sending sample transaction 79
[2026-05-22T09:15:17.398Z INFO  benchmark_client] Sending sample transaction 80
[2026-05-22T09:15:17.450Z INFO  benchmark_client] Sending sample transaction 81
[2026-05-22T09:15:17.498Z INFO  benchmark_client] Sending sample transaction 82
[2026-05-22T09:15:17.547Z INFO  benchmark_client] Sending sample transaction 83
[2026-05-22T09:15:17.598Z INFO  benchmark_client] Sending sample transaction 84
[2026-05-22T09:15:17.648Z INFO  benchmark_client] Sending sample transaction 85
[2026-05-22T09:15:17.698Z INFO  benchmark_client] Sending sample transaction 86
[2026-05-22T09:15:17.748Z INFO  benchmark_client] Sending sample transaction 87
[2026-05-22T09:15:17.798Z INFO  benchmark_client] Sending sample transaction 88
[2026-05-22T09:15:17.848Z INFO  benchmark_client] Sending sample transaction 89
[2026-05-22T09:15:17.898Z INFO  benchmark_client] Sending sample transaction 90
[2026-05-22T09:15:17.948Z INFO  benchmark_client] Sending sample transaction 91
[2026-05-22T09:15:17.998Z INFO  benchmark_client] Sending sample transaction 92
[2026-05-22T09:15:18.048Z INFO  benchmark_client] Sending sample transaction 93
[2026-05-22T09:15:18.098Z INFO  benchmark_client] Sending sample transaction 94
[2026-05-22T09:15:18.148Z INFO  benchmark_client] Sending sample transaction 95
[2026-05-22T09:15:18.197Z INFO  benchmark_client] Sending sample transaction 96
[2026-05-22T09:15:18.248Z INFO  benchmark_client] Sending sample transaction 97
[2026-05-22T09:15:18.298Z INFO  benchmark_client] Sending sample transaction 98
[2026-05-22T09:15:18.350Z INFO  benchmark_client] Sending sample transaction 99
[2026-05-22T09:15:18.398Z INFO  benchmark_client] Sending sample transaction 100
[2026-05-22T09:15:18.448Z INFO  benchmark_client] Sending sample transaction 101
[2026-05-22T09:15:18.498Z INFO  benchmark_client] Sending sample transaction 102
[2026-05-22T09:15:18.548Z INFO  benchmark_client] Sending sample transaction 103
[2026-05-22T09:15:18.599Z INFO  benchmark_client] Sending sample transaction 104
[2026-05-22T09:15:18.648Z INFO  benchmark_client] Sending sample transaction 105
[2026-05-22T09:15:18.698Z INFO  benchmark_client] Sending sample transaction 106
[2026-05-22T09:15:18.749Z INFO  benchmark_client] Sending sample transaction 107
[2026-05-22T09:15:18.798Z INFO  benchmark_client] Sending sample transaction 108
[2026-05-22T09:15:18.848Z INFO  benchmark_client] Sending sample transaction 109
[2026-05-22T09:15:18.898Z INFO  benchmark_client] Sending sample transaction 110
[2026-05-22T09:15:18.948Z INFO  benchmark_client] Sending sample transaction 111
[2026-05-22T09:15:18.998Z INFO  benchmark_client] Sending sample transaction 112
[2026-05-22T09:15:19.048Z INFO  benchmark_client] Sending sample transaction 113
[2026-05-22T09:15:19.098Z INFO  benchmark_client] Sending sample transaction 114
[2026-05-22T09:15:19.148Z INFO  benchmark_client] Sending sample transaction 115
[2026-05-22T09:15:19.198Z INFO  benchmark_client] Sending sample transaction 116
[2026-05-22T09:15:19.248Z INFO  benchmark_client] Sending sample transaction 117
[2026-05-22T09:15:19.301Z INFO  benchmark_client] Sending sample transaction 118
[2026-05-22T09:15:19.348Z INFO  benchmark_client] Sending sample transaction 119
[2026-05-22T09:15:19.399Z INFO  benchmark_client] Sending sample transaction 120
[2026-05-22T09:15:19.450Z INFO  benchmark_client] Sending sample transaction 121
[2026-05-22T09:15:19.499Z INFO  benchmark_client] Sending sample transaction 122
[2026-05-22T09:15:19.548Z INFO  benchmark_client] Sending sample transaction 123
[2026-05-22T09:15:19.598Z INFO  benchmark_client] Sending sample transaction 124
[2026-05-22T09:15:19.648Z INFO  benchmark_client] Sending sample transaction 125
[2026-05-22T09:15:19.698Z INFO  benchmark_client] Sending sample transaction 126
[2026-05-22T09:15:19.748Z INFO  benchmark_client] Sending sample transaction 127
[2026-05-22T09:15:19.798Z INFO  benchmark_client] Sending sample transaction 128
[2026-05-22T09:15:19.849Z INFO  benchmark_client] Sending sample transaction 129
[2026-05-22T09:15:19.898Z INFO  benchmark_client] Sending sample transaction 130
[2026-05-22T09:15:19.948Z INFO  benchmark_client] Sending sample transaction 131
[2026-05-22T09:15:19.999Z INFO  benchmark_client] Sending sample transaction 132
[2026-05-22T09:15:20.049Z INFO  benchmark_client] Sending sample transaction 133
[2026-05-22T09:15:20.098Z INFO  benchmark_client] Sending sample transaction 134
[2026-05-22T09:15:20.149Z INFO  benchmark_client] Sending sample transaction 135
[2026-05-22T09:15:20.198Z INFO  benchmark_client] Sending sample transaction 136
[2026-05-22T09:15:20.248Z INFO  benchmark_client] Sending sample transaction 137
[2026-05-22T09:15:20.298Z INFO  benchmark_client] Sending sample transaction 138
[2026-05-22T09:15:20.348Z INFO  benchmark_client] Sending sample transaction 139
[2026-05-22T09:15:20.398Z INFO  benchmark_client] Sending sample transaction 140
[2026-05-22T09:15:20.448Z INFO  benchmark_client] Sending sample transaction 141
[2026-05-22T09:15:20.498Z INFO  benchmark_client] Sending sample transaction 142
[2026-05-22T09:15:20.548Z INFO  benchmark_client] Sending sample transaction 143
[2026-05-22T09:15:20.598Z INFO  benchmark_client] Sending sample transaction 144
[2026-05-22T09:15:20.648Z INFO  benchmark_client] Sending sample transaction 145
[2026-05-22T09:15:20.698Z INFO  benchmark_client] Sending sample transaction 146
[2026-05-22T09:15:20.748Z INFO  benchmark_client] Sending sample transaction 147
[2026-05-22T09:15:20.798Z INFO  benchmark_client] Sending sample transaction 148
[2026-05-22T09:15:20.848Z INFO  benchmark_client] Sending sample transaction 149
[2026-05-22T09:15:20.898Z INFO  benchmark_client] Sending sample transaction 150
[2026-05-22T09:15:20.948Z INFO  benchmark_client] Sending sample transaction 151
[2026-05-22T09:15:20.998Z INFO  benchmark_client] Sending sample transaction 152
[2026-05-22T09:15:21.048Z INFO  benchmark_client] Sending sample transaction 153
[2026-05-22T09:15:21.098Z INFO  benchmark_client] Sending sample transaction 154
[2026-05-22T09:15:21.148Z INFO  benchmark_client] Sending sample transaction 155
[2026-05-22T09:15:21.198Z INFO  benchmark_client] Sending sample transaction 156
[2026-05-22T09:15:21.249Z INFO  benchmark_client] Sending sample transaction 157
[2026-05-22T09:15:21.299Z INFO  benchmark_client] Sending sample transaction 158
[2026-05-22T09:15:21.349Z INFO  benchmark_client] Sending sample transaction 159
[2026-05-22T09:15:21.398Z INFO  benchmark_client] Sending sample transaction 160
[2026-05-22T09:15:21.448Z INFO  benchmark_client] Sending sample transaction 161
[2026-05-22T09:15:21.498Z INFO  benchmark_client] Sending sample transaction 162
[2026-05-22T09:15:21.548Z INFO  benchmark_client] Sending sample transaction 163
[2026-05-22T09:15:21.599Z INFO  benchmark_client] Sending sample transaction 164
[2026-05-22T09:15:21.648Z INFO  benchmark_client] Sending sample transaction 165
[2026-05-22T09:15:21.698Z INFO  benchmark_client] Sending sample transaction 166
[2026-05-22T09:15:21.748Z INFO  benchmark_client] Sending sample transaction 167
[2026-05-22T09:15:21.798Z INFO  benchmark_client] Sending sample transaction 168
[2026-05-22T09:15:21.848Z INFO  benchmark_client] Sending sample transaction 169
[2026-05-22T09:15:21.898Z INFO  benchmark_client] Sending sample transaction 170
[2026-05-22T09:15:21.948Z INFO  benchmark_client] Sending sample transaction 171
[2026-05-22T09:15:21.998Z INFO  benchmark_client] Sending sample transaction 172
[2026-05-22T09:15:22.048Z INFO  benchmark_client] Sending sample transaction 173
[2026-05-22T09:15:22.098Z INFO  benchmark_client] Sending sample transaction 174
[2026-05-22T09:15:22.148Z INFO  benchmark_client] Sending sample transaction 175
[2026-05-22T09:15:22.198Z INFO  benchmark_client] Sending sample transaction 176
[2026-05-22T09:15:22.248Z INFO  benchmark_client] Sending sample transaction 177
[2026-05-22T09:15:22.300Z INFO  benchmark_client] Sending sample transaction 178
[2026-05-22T09:15:22.348Z INFO  benchmark_client] Sending sample transaction 179
[2026-05-22T09:15:22.398Z INFO  benchmark_client] Sending sample transaction 180
[2026-05-22T09:15:22.448Z INFO  benchmark_client] Sending sample transaction 181
[2026-05-22T09:15:22.498Z INFO  benchmark_client] Sending sample transaction 182
[2026-05-22T09:15:22.548Z INFO  benchmark_client] Sending sample transaction 183
[2026-05-22T09:15:22.598Z INFO  benchmark_client] Sending sample transaction 184
[2026-05-22T09:15:22.648Z INFO  benchmark_client] Sending sample transaction 185
[2026-05-22T09:15:22.698Z INFO  benchmark_client] Sending sample transaction 186
[2026-05-22T09:15:22.748Z INFO  benchmark_client] Sending sample transaction 187
[2026-05-22T09:15:22.798Z INFO  benchmark_client] Sending sample transaction 188
[2026-05-22T09:15:22.848Z INFO  benchmark_client] Sending sample transaction 189
[2026-05-22T09:15:22.898Z INFO  benchmark_client] Sending sample transaction 190
[2026-05-22T09:15:22.948Z INFO  benchmark_client] Sending sample transaction 191
[2026-05-22T09:15:22.998Z INFO  benchmark_client] Sending sample transaction 192
[2026-05-22T09:15:23.049Z INFO  benchmark_client] Sending sample transaction 193
[2026-05-22T09:15:23.099Z INFO  benchmark_client] Sending sample transaction 194
[2026-05-22T09:15:23.148Z INFO  benchmark_client] Sending sample transaction 195
[2026-05-22T09:15:23.198Z INFO  benchmark_client] Sending sample transaction 196
[2026-05-22T09:15:23.248Z INFO  benchmark_client] Sending sample transaction 197
[2026-05-22T09:15:23.298Z INFO  benchmark_client] Sending sample transaction 198
[2026-05-22T09:15:23.352Z INFO  benchmark_client] Sending sample transaction 199
[2026-05-22T09:15:23.398Z INFO  benchmark_client] Sending sample transaction 200
[2026-05-22T09:15:23.450Z INFO  benchmark_client] Sending sample transaction 201
[2026-05-22T09:15:23.499Z INFO  benchmark_client] Sending sample transaction 202
[2026-05-22T09:15:23.549Z INFO  benchmark_client] Sending sample transaction 203
[2026-05-22T09:15:23.599Z INFO  benchmark_client] Sending sample transaction 204
[2026-05-22T09:15:23.649Z INFO  benchmark_client] Sending sample transaction 205
[2026-05-22T09:15:23.698Z INFO  benchmark_client] Sending sample transaction 206
[2026-05-22T09:15:23.749Z INFO  benchmark_client] Sending sample transaction 207
[2026-05-22T09:15:23.799Z INFO  benchmark_client] Sending sample transaction 208
[2026-05-22T09:15:23.848Z INFO  benchmark_client] Sending sample transaction 209
[2026-05-22T09:15:23.898Z INFO  benchmark_client] Sending sample transaction 210
[2026-05-22T09:15:23.948Z INFO  benchmark_client] Sending sample transaction 211
[2026-05-22T09:15:23.998Z INFO  benchmark_client] Sending sample transaction 212
[2026-05-22T09:15:24.048Z INFO  benchmark_client] Sending sample transaction 213
[2026-05-22T09:15:24.098Z INFO  benchmark_client] Sending sample transaction 214
[2026-05-22T09:15:24.148Z INFO  benchmark_client] Sending sample transaction 215
[2026-05-22T09:15:24.198Z INFO  benchmark_client] Sending sample transaction 216
[2026-05-22T09:15:24.248Z INFO  benchmark_client] Sending sample transaction 217
[2026-05-22T09:15:24.298Z INFO  benchmark_client] Sending sample transaction 218
[2026-05-22T09:15:24.349Z INFO  benchmark_client] Sending sample transaction 219
[2026-05-22T09:15:24.400Z INFO  benchmark_client] Sending sample transaction 220
[2026-05-22T09:15:24.448Z INFO  benchmark_client] Sending sample transaction 221
[2026-05-22T09:15:24.498Z INFO  benchmark_client] Sending sample transaction 222
[2026-05-22T09:15:24.548Z INFO  benchmark_client] Sending sample transaction 223
[2026-05-22T09:15:24.598Z INFO  benchmark_client] Sending sample transaction 224
[2026-05-22T09:15:24.648Z INFO  benchmark_client] Sending sample transaction 225
[2026-05-22T09:15:24.698Z INFO  benchmark_client] Sending sample transaction 226
[2026-05-22T09:15:24.748Z INFO  benchmark_client] Sending sample transaction 227
[2026-05-22T09:15:24.798Z INFO  benchmark_client] Sending sample transaction 228
[2026-05-22T09:15:24.851Z INFO  benchmark_client] Sending sample transaction 229
[2026-05-22T09:15:24.898Z INFO  benchmark_client] Sending sample transaction 230
[2026-05-22T09:15:24.948Z INFO  benchmark_client] Sending sample transaction 231
[2026-05-22T09:15:24.998Z INFO  benchmark_client] Sending sample transaction 232
[2026-05-22T09:15:25.048Z INFO  benchmark_client] Sending sample transaction 233
[2026-05-22T09:15:25.098Z INFO  benchmark_client] Sending sample transaction 234
[2026-05-22T09:15:25.148Z INFO  benchmark_client] Sending sample transaction 235
[2026-05-22T09:15:25.198Z INFO  benchmark_client] Sending sample transaction 236
[2026-05-22T09:15:25.248Z INFO  benchmark_client] Sending sample transaction 237
[2026-05-22T09:15:25.298Z INFO  benchmark_client] Sending sample transaction 238
[2026-05-22T09:15:25.348Z INFO  benchmark_client] Sending sample transaction 239
[2026-05-22T09:15:25.398Z INFO  benchmark_client] Sending sample transaction 240
[2026-05-22T09:15:25.448Z INFO  benchmark_client] Sending sample transaction 241
[2026-05-22T09:15:25.499Z INFO  benchmark_client] Sending sample transaction 242
[2026-05-22T09:15:25.548Z INFO  benchmark_client] Sending sample transaction 243
[2026-05-22T09:15:25.598Z INFO  benchmark_client] Sending sample transaction 244
[2026-05-22T09:15:25.648Z INFO  benchmark_client] Sending sample transaction 245
[2026-05-22T09:15:25.698Z INFO  benchmark_client] Sending sample transaction 246
[2026-05-22T09:15:25.748Z INFO  benchmark_client] Sending sample transaction 247
[2026-05-22T09:15:25.798Z INFO  benchmark_client] Sending sample transaction 248
[2026-05-22T09:15:25.848Z INFO  benchmark_client] Sending sample transaction 249
[2026-05-22T09:15:25.898Z INFO  benchmark_client] Sending sample transaction 250
[2026-05-22T09:15:25.948Z INFO  benchmark_client] Sending sample transaction 251
[2026-05-22T09:15:25.998Z INFO  benchmark_client] Sending sample transaction 252
[2026-05-22T09:15:26.048Z INFO  benchmark_client] Sending sample transaction 253
[2026-05-22T09:15:26.099Z INFO  benchmark_client] Sending sample transaction 254
[2026-05-22T09:15:26.148Z INFO  benchmark_client] Sending sample transaction 255
[2026-05-22T09:15:26.198Z INFO  benchmark_client] Sending sample transaction 256
[2026-05-22T09:15:26.248Z INFO  benchmark_client] Sending sample transaction 257
[2026-05-22T09:15:26.299Z INFO  benchmark_client] Sending sample transaction 258
[2026-05-22T09:15:26.349Z INFO  benchmark_client] Sending sample transaction 259
[2026-05-22T09:15:26.398Z INFO  benchmark_client] Sending sample transaction 260
[2026-05-22T09:15:26.448Z INFO  benchmark_client] Sending sample transaction 261
[2026-05-22T09:15:26.498Z INFO  benchmark_client] Sending sample transaction 262
[2026-05-22T09:15:26.549Z INFO  benchmark_client] Sending sample transaction 263
[2026-05-22T09:15:26.601Z INFO  benchmark_client] Sending sample transaction 264
[2026-05-22T09:15:26.648Z INFO  benchmark_client] Sending sample transaction 265
[2026-05-22T09:15:26.698Z INFO  benchmark_client] Sending sample transaction 266
[2026-05-22T09:15:26.748Z INFO  benchmark_client] Sending sample transaction 267
[2026-05-22T09:15:26.798Z INFO  benchmark_client] Sending sample transaction 268
[2026-05-22T09:15:26.849Z INFO  benchmark_client] Sending sample transaction 269
[2026-05-22T09:15:26.899Z INFO  benchmark_client] Sending sample transaction 270
[2026-05-22T09:15:26.949Z INFO  benchmark_client] Sending sample transaction 271
[2026-05-22T09:15:26.998Z INFO  benchmark_client] Sending sample transaction 272
[2026-05-22T09:15:27.048Z INFO  benchmark_client] Sending sample transaction 273
[2026-05-22T09:15:27.098Z INFO  benchmark_client] Sending sample transaction 274
[2026-05-22T09:15:27.148Z INFO  benchmark_client] Sending sample transaction 275
[2026-05-22T09:15:27.198Z INFO  benchmark_client] Sending sample transaction 276
[2026-05-22T09:15:27.248Z INFO  benchmark_client] Sending sample transaction 277
[2026-05-22T09:15:27.298Z INFO  benchmark_client] Sending sample transaction 278
[2026-05-22T09:15:27.349Z INFO  benchmark_client] Sending sample transaction 279
[2026-05-22T09:15:27.399Z INFO  benchmark_client] Sending sample transaction 280
[2026-05-22T09:15:27.449Z INFO  benchmark_client] Sending sample transaction 281
[2026-05-22T09:15:27.498Z INFO  benchmark_client] Sending sample transaction 282
[2026-05-22T09:15:27.548Z INFO  benchmark_client] Sending sample transaction 283
[2026-05-22T09:15:27.598Z INFO  benchmark_client] Sending sample transaction 284
[2026-05-22T09:15:27.650Z INFO  benchmark_client] Sending sample transaction 285
[2026-05-22T09:15:27.699Z INFO  benchmark_client] Sending sample transaction 286
[2026-05-22T09:15:27.748Z INFO  benchmark_client] Sending sample transaction 287
[2026-05-22T09:15:27.799Z INFO  benchmark_client] Sending sample transaction 288
[2026-05-22T09:15:27.851Z INFO  benchmark_client] Sending sample transaction 289
[2026-05-22T09:15:27.898Z INFO  benchmark_client] Sending sample transaction 290
[2026-05-22T09:15:27.951Z INFO  benchmark_client] Sending sample transaction 291
[2026-05-22T09:15:27.999Z INFO  benchmark_client] Sending sample transaction 292
[2026-05-22T09:15:28.049Z INFO  benchmark_client] Sending sample transaction 293
[2026-05-22T09:15:28.099Z INFO  benchmark_client] Sending sample transaction 294
[2026-05-22T09:15:28.148Z INFO  benchmark_client] Sending sample transaction 295
[2026-05-22T09:15:28.198Z INFO  benchmark_client] Sending sample transaction 296
[2026-05-22T09:15:28.249Z INFO  benchmark_client] Sending sample transaction 297
[2026-05-22T09:15:28.299Z INFO  benchmark_client] Sending sample transaction 298
[2026-05-22T09:15:28.350Z INFO  benchmark_client] Sending sample transaction 299
[2026-05-22T09:15:28.398Z INFO  benchmark_client] Sending sample transaction 300
[2026-05-22T09:15:28.449Z INFO  benchmark_client] Sending sample transaction 301
[2026-05-22T09:15:28.499Z INFO  benchmark_client] Sending sample transaction 302
[2026-05-22T09:15:28.548Z INFO  benchmark_client] Sending sample transaction 303
[2026-05-22T09:15:28.599Z INFO  benchmark_client] Sending sample transaction 304
[2026-05-22T09:15:28.649Z INFO  benchmark_client] Sending sample transaction 305
[2026-05-22T09:15:28.699Z INFO  benchmark_client] Sending sample transaction 306
[2026-05-22T09:15:28.748Z INFO  benchmark_client] Sending sample transaction 307
[2026-05-22T09:15:28.799Z INFO  benchmark_client] Sending sample transaction 308
[2026-05-22T09:15:28.848Z INFO  benchmark_client] Sending sample transaction 309
[2026-05-22T09:15:28.898Z INFO  benchmark_client] Sending sample transaction 310
[2026-05-22T09:15:28.948Z INFO  benchmark_client] Sending sample transaction 311
[2026-05-22T09:15:28.998Z INFO  benchmark_client] Sending sample transaction 312
[2026-05-22T09:15:29.049Z INFO  benchmark_client] Sending sample transaction 313
[2026-05-22T09:15:29.098Z INFO  benchmark_client] Sending sample transaction 314
[2026-05-22T09:15:29.148Z INFO  benchmark_client] Sending sample transaction 315
[2026-05-22T09:15:29.198Z INFO  benchmark_client] Sending sample transaction 316
[2026-05-22T09:15:29.248Z INFO  benchmark_client] Sending sample transaction 317
[2026-05-22T09:15:29.298Z INFO  benchmark_client] Sending sample transaction 318
[2026-05-22T09:15:29.348Z INFO  benchmark_client] Sending sample transaction 319
[2026-05-22T09:15:29.398Z INFO  benchmark_client] Sending sample transaction 320
[2026-05-22T09:15:29.448Z INFO  benchmark_client] Sending sample transaction 321
[2026-05-22T09:15:29.499Z INFO  benchmark_client] Sending sample transaction 322
[2026-05-22T09:15:29.548Z INFO  benchmark_client] Sending sample transaction 323
[2026-05-22T09:15:29.599Z INFO  benchmark_client] Sending sample transaction 324
[2026-05-22T09:15:29.649Z INFO  benchmark_client] Sending sample transaction 325
[2026-05-22T09:15:29.698Z INFO  benchmark_client] Sending sample transaction 326
[2026-05-22T09:15:29.748Z INFO  benchmark_client] Sending sample transaction 327
[2026-05-22T09:15:29.798Z INFO  benchmark_client] Sending sample transaction 328
[2026-05-22T09:15:29.848Z INFO  benchmark_client] Sending sample transaction 329
[2026-05-22T09:15:29.899Z INFO  benchmark_client] Sending sample transaction 330
[2026-05-22T09:15:29.949Z INFO  benchmark_client] Sending sample transaction 331
[2026-05-22T09:15:29.998Z INFO  benchmark_client] Sending sample transaction 332
[2026-05-22T09:15:30.049Z INFO  benchmark_client] Sending sample transaction 333
[2026-05-22T09:15:30.098Z INFO  benchmark_client] Sending sample transaction 334
[2026-05-22T09:15:30.149Z INFO  benchmark_client] Sending sample transaction 335
[2026-05-22T09:15:30.199Z INFO  benchmark_client] Sending sample transaction 336
[2026-05-22T09:15:30.249Z INFO  benchmark_client] Sending sample transaction 337
[2026-05-22T09:15:30.299Z INFO  benchmark_client] Sending sample transaction 338
[2026-05-22T09:15:30.349Z INFO  benchmark_client] Sending sample transaction 339
[2026-05-22T09:15:30.398Z INFO  benchmark_client] Sending sample transaction 340
[2026-05-22T09:15:30.448Z INFO  benchmark_client] Sending sample transaction 341
[2026-05-22T09:15:30.499Z INFO  benchmark_client] Sending sample transaction 342
[2026-05-22T09:15:30.549Z INFO  benchmark_client] Sending sample transaction 343
[2026-05-22T09:15:30.598Z INFO  benchmark_client] Sending sample transaction 344
[2026-05-22T09:15:30.649Z INFO  benchmark_client] Sending sample transaction 345
[2026-05-22T09:15:30.699Z INFO  benchmark_client] Sending sample transaction 346
[2026-05-22T09:15:30.749Z INFO  benchmark_client] Sending sample transaction 347
[2026-05-22T09:15:30.798Z INFO  benchmark_client] Sending sample transaction 348
[2026-05-22T09:15:30.849Z INFO  benchmark_client] Sending sample transaction 349
[2026-05-22T09:15:30.898Z INFO  benchmark_client] Sending sample transaction 350
[2026-05-22T09:15:30.948Z INFO  benchmark_client] Sending sample transaction 351
[2026-05-22T09:15:30.999Z INFO  benchmark_client] Sending sample transaction 352
[2026-05-22T09:15:31.049Z INFO  benchmark_client] Sending sample transaction 353
[2026-05-22T09:15:31.098Z INFO  benchmark_client] Sending sample transaction 354
[2026-05-22T09:15:31.148Z INFO  benchmark_client] Sending sample transaction 355
[2026-05-22T09:15:31.198Z INFO  benchmark_client] Sending sample transaction 356
[2026-05-22T09:15:31.248Z INFO  benchmark_client] Sending sample transaction 357
[2026-05-22T09:15:31.299Z INFO  benchmark_client] Sending sample transaction 358
[2026-05-22T09:15:31.349Z INFO  benchmark_client] Sending sample transaction 359
[2026-05-22T09:15:31.399Z INFO  benchmark_client] Sending sample transaction 360
[2026-05-22T09:15:31.448Z INFO  benchmark_client] Sending sample transaction 361
[2026-05-22T09:15:31.499Z INFO  benchmark_client] Sending sample transaction 362
[2026-05-22T09:15:31.548Z INFO  benchmark_client] Sending sample transaction 363
[2026-05-22T09:15:31.598Z INFO  benchmark_client] Sending sample transaction 364
[2026-05-22T09:15:31.648Z INFO  benchmark_client] Sending sample transaction 365
[2026-05-22T09:15:31.698Z INFO  benchmark_client] Sending sample transaction 366
[2026-05-22T09:15:31.749Z INFO  benchmark_client] Sending sample transaction 367
[2026-05-22T09:15:31.798Z INFO  benchmark_client] Sending sample transaction 368
[2026-05-22T09:15:31.848Z INFO  benchmark_client] Sending sample transaction 369
[2026-05-22T09:15:31.898Z INFO  benchmark_client] Sending sample transaction 370
[2026-05-22T09:15:31.949Z INFO  benchmark_client] Sending sample transaction 371
[2026-05-22T09:15:31.998Z INFO  benchmark_client] Sending sample transaction 372
[2026-05-22T09:15:32.054Z INFO  benchmark_client] Sending sample transaction 373
[2026-05-22T09:15:32.099Z INFO  benchmark_client] Sending sample transaction 374
[2026-05-22T09:15:32.148Z INFO  benchmark_client] Sending sample transaction 375
[2026-05-22T09:15:32.199Z INFO  benchmark_client] Sending sample transaction 376
[2026-05-22T09:15:32.250Z INFO  benchmark_client] Sending sample transaction 377
[2026-05-22T09:15:32.298Z INFO  benchmark_client] Sending sample transaction 378
[2026-05-22T09:15:32.350Z INFO  benchmark_client] Sending sample transaction 379
[2026-05-22T09:15:32.402Z INFO  benchmark_client] Sending sample transaction 380
[2026-05-22T09:15:32.449Z INFO  benchmark_client] Sending sample transaction 381
[2026-05-22T09:15:32.500Z INFO  benchmark_client] Sending sample transaction 382
[2026-05-22T09:15:32.550Z INFO  benchmark_client] Sending sample transaction 383
[2026-05-22T09:15:32.599Z INFO  benchmark_client] Sending sample transaction 384
[2026-05-22T09:15:32.650Z INFO  benchmark_client] Sending sample transaction 385
[2026-05-22T09:15:32.700Z INFO  benchmark_client] Sending sample transaction 386
[2026-05-22T09:15:32.751Z INFO  benchmark_client] Sending sample transaction 387
[2026-05-22T09:15:32.798Z INFO  benchmark_client] Sending sample transaction 388
[2026-05-22T09:15:32.848Z INFO  benchmark_client] Sending sample transaction 389
[2026-05-22T09:15:32.899Z INFO  benchmark_client] Sending sample transaction 390
[2026-05-22T09:15:32.950Z INFO  benchmark_client] Sending sample transaction 391
[2026-05-22T09:15:33.000Z INFO  benchmark_client] Sending sample transaction 392
[2026-05-22T09:15:33.053Z INFO  benchmark_client] Sending sample transaction 393
[2026-05-22T09:15:33.099Z INFO  benchmark_client] Sending sample transaction 394
[2026-05-22T09:15:33.148Z INFO  benchmark_client] Sending sample transaction 395
[2026-05-22T09:15:33.199Z INFO  benchmark_client] Sending sample transaction 396
[2026-05-22T09:15:33.249Z INFO  benchmark_client] Sending sample transaction 397
[2026-05-22T09:15:33.298Z INFO  benchmark_client] Sending sample transaction 398
[2026-05-22T09:15:33.349Z INFO  benchmark_client] Sending sample transaction 399
[2026-05-22T09:15:33.398Z INFO  benchmark_client] Sending sample transaction 400
[2026-05-22T09:15:33.448Z INFO  benchmark_client] Sending sample transaction 401
[2026-05-22T09:15:33.499Z INFO  benchmark_client] Sending sample transaction 402
[2026-05-22T09:15:33.549Z INFO  benchmark_client] Sending sample transaction 403
[2026-05-22T09:15:33.598Z INFO  benchmark_client] Sending sample transaction 404
[2026-05-22T09:15:33.649Z INFO  benchmark_client] Sending sample transaction 405
[2026-05-22T09:15:33.699Z INFO  benchmark_client] Sending sample transaction 406
[2026-05-22T09:15:33.748Z INFO  benchmark_client] Sending sample transaction 407
[2026-05-22T09:15:33.798Z INFO  benchmark_client] Sending sample transaction 408
[2026-05-22T09:15:33.849Z INFO  benchmark_client] Sending sample transaction 409
[2026-05-22T09:15:33.899Z INFO  benchmark_client] Sending sample transaction 410
[2026-05-22T09:15:33.949Z INFO  benchmark_client] Sending sample transaction 411
[2026-05-22T09:15:33.998Z INFO  benchmark_client] Sending sample transaction 412
[2026-05-22T09:15:34.049Z INFO  benchmark_client] Sending sample transaction 413
[2026-05-22T09:15:34.101Z INFO  benchmark_client] Sending sample transaction 414
[2026-05-22T09:15:34.150Z INFO  benchmark_client] Sending sample transaction 415
[2026-05-22T09:15:34.198Z INFO  benchmark_client] Sending sample transaction 416
[2026-05-22T09:15:34.249Z INFO  benchmark_client] Sending sample transaction 417
[2026-05-22T09:15:34.299Z INFO  benchmark_client] Sending sample transaction 418
[2026-05-22T09:15:34.349Z INFO  benchmark_client] Sending sample transaction 419
[2026-05-22T09:15:34.399Z INFO  benchmark_client] Sending sample transaction 420
[2026-05-22T09:15:34.449Z INFO  benchmark_client] Sending sample transaction 421
[2026-05-22T09:15:34.499Z INFO  benchmark_client] Sending sample transaction 422
[2026-05-22T09:15:34.549Z INFO  benchmark_client] Sending sample transaction 423
[2026-05-22T09:15:34.599Z INFO  benchmark_client] Sending sample transaction 424
[2026-05-22T09:15:34.649Z INFO  benchmark_client] Sending sample transaction 425
[2026-05-22T09:15:34.698Z INFO  benchmark_client] Sending sample transaction 426
[2026-05-22T09:15:34.749Z INFO  benchmark_client] Sending sample transaction 427
[2026-05-22T09:15:34.799Z INFO  benchmark_client] Sending sample transaction 428
[2026-05-22T09:15:34.848Z INFO  benchmark_client] Sending sample transaction 429
[2026-05-22T09:15:34.898Z INFO  benchmark_client] Sending sample transaction 430
[2026-05-22T09:15:34.949Z INFO  benchmark_client] Sending sample transaction 431
[2026-05-22T09:15:34.999Z INFO  benchmark_client] Sending sample transaction 432
[2026-05-22T09:15:35.049Z INFO  benchmark_client] Sending sample transaction 433
[2026-05-22T09:15:35.099Z INFO  benchmark_client] Sending sample transaction 434
[2026-05-22T09:15:35.149Z INFO  benchmark_client] Sending sample transaction 435
[2026-05-22T09:15:35.199Z INFO  benchmark_client] Sending sample transaction 436
[2026-05-22T09:15:35.249Z INFO  benchmark_client] Sending sample transaction 437
[2026-05-22T09:15:35.298Z INFO  benchmark_client] Sending sample transaction 438
[2026-05-22T09:15:35.349Z INFO  benchmark_client] Sending sample transaction 439
[2026-05-22T09:15:35.399Z INFO  benchmark_client] Sending sample transaction 440
[2026-05-22T09:15:35.448Z INFO  benchmark_client] Sending sample transaction 441
[2026-05-22T09:15:35.498Z INFO  benchmark_client] Sending sample transaction 442
[2026-05-22T09:15:35.548Z INFO  benchmark_client] Sending sample transaction 443
[2026-05-22T09:15:35.599Z INFO  benchmark_client] Sending sample transaction 444
[2026-05-22T09:15:35.649Z INFO  benchmark_client] Sending sample transaction 445
[2026-05-22T09:15:35.698Z INFO  benchmark_client] Sending sample transaction 446
[2026-05-22T09:15:35.748Z INFO  benchmark_client] Sending sample transaction 447
[2026-05-22T09:15:35.798Z INFO  benchmark_client] Sending sample transaction 448
[2026-05-22T09:15:35.849Z INFO  benchmark_client] Sending sample transaction 449
[2026-05-22T09:15:35.899Z INFO  benchmark_client] Sending sample transaction 450
[2026-05-22T09:15:35.949Z INFO  benchmark_client] Sending sample transaction 451
[2026-05-22T09:15:36.000Z INFO  benchmark_client] Sending sample transaction 452
[2026-05-22T09:15:36.048Z INFO  benchmark_client] Sending sample transaction 453
[2026-05-22T09:15:36.099Z INFO  benchmark_client] Sending sample transaction 454
[2026-05-22T09:15:36.149Z INFO  benchmark_client] Sending sample transaction 455
[2026-05-22T09:15:36.198Z INFO  benchmark_client] Sending sample transaction 456
[2026-05-22T09:15:36.251Z INFO  benchmark_client] Sending sample transaction 457
[2026-05-22T09:15:36.301Z INFO  benchmark_client] Sending sample transaction 458
[2026-05-22T09:15:36.352Z INFO  benchmark_client] Sending sample transaction 459
[2026-05-22T09:15:36.399Z INFO  benchmark_client] Sending sample transaction 460
[2026-05-22T09:15:36.449Z INFO  benchmark_client] Sending sample transaction 461
[2026-05-22T09:15:36.499Z INFO  benchmark_client] Sending sample transaction 462
[2026-05-22T09:15:36.548Z INFO  benchmark_client] Sending sample transaction 463
[2026-05-22T09:15:36.598Z INFO  benchmark_client] Sending sample transaction 464
[2026-05-22T09:15:36.650Z INFO  benchmark_client] Sending sample transaction 465
[2026-05-22T09:15:36.700Z INFO  benchmark_client] Sending sample transaction 466
[2026-05-22T09:15:36.749Z INFO  benchmark_client] Sending sample transaction 467
[2026-05-22T09:15:36.802Z INFO  benchmark_client] Sending sample transaction 468
[2026-05-22T09:15:36.849Z INFO  benchmark_client] Sending sample transaction 469
[2026-05-22T09:15:36.900Z INFO  benchmark_client] Sending sample transaction 470
[2026-05-22T09:15:36.951Z INFO  benchmark_client] Sending sample transaction 471
[2026-05-22T09:15:37.000Z INFO  benchmark_client] Sending sample transaction 472
[2026-05-22T09:15:37.050Z INFO  benchmark_client] Sending sample transaction 473
[2026-05-22T09:15:37.100Z INFO  benchmark_client] Sending sample transaction 474
[2026-05-22T09:15:37.149Z INFO  benchmark_client] Sending sample transaction 475
[2026-05-22T09:15:37.199Z INFO  benchmark_client] Sending sample transaction 476
[2026-05-22T09:15:37.249Z INFO  benchmark_client] Sending sample transaction 477
[2026-05-22T09:15:37.302Z INFO  benchmark_client] Sending sample transaction 478
[2026-05-22T09:15:37.349Z INFO  benchmark_client] Sending sample transaction 479
[2026-05-22T09:15:37.398Z INFO  benchmark_client] Sending sample transaction 480
[2026-05-22T09:15:37.450Z INFO  benchmark_client] Sending sample transaction 481
[2026-05-22T09:15:37.499Z INFO  benchmark_client] Sending sample transaction 482
[2026-05-22T09:15:37.549Z INFO  benchmark_client] Sending sample transaction 483
[2026-05-22T09:15:37.602Z INFO  benchmark_client] Sending sample transaction 484
[2026-05-22T09:15:37.649Z INFO  benchmark_client] Sending sample transaction 485
[2026-05-22T09:15:37.699Z INFO  benchmark_client] Sending sample transaction 486
[2026-05-22T09:15:37.750Z INFO  benchmark_client] Sending sample transaction 487
[2026-05-22T09:15:37.799Z INFO  benchmark_client] Sending sample transaction 488
[2026-05-22T09:15:37.849Z INFO  benchmark_client] Sending sample transaction 489
[2026-05-22T09:15:37.898Z INFO  benchmark_client] Sending sample transaction 490
[2026-05-22T09:15:37.949Z INFO  benchmark_client] Sending sample transaction 491
[2026-05-22T09:15:37.998Z INFO  benchmark_client] Sending sample transaction 492
[2026-05-22T09:15:38.049Z INFO  benchmark_client] Sending sample transaction 493
[2026-05-22T09:15:38.098Z INFO  benchmark_client] Sending sample transaction 494
[2026-05-22T09:15:38.149Z INFO  benchmark_client] Sending sample transaction 495
[2026-05-22T09:15:38.200Z INFO  benchmark_client] Sending sample transaction 496
[2026-05-22T09:15:38.249Z INFO  benchmark_client] Sending sample transaction 497
[2026-05-22T09:15:38.298Z INFO  benchmark_client] Sending sample transaction 498
[2026-05-22T09:15:38.349Z INFO  benchmark_client] Sending sample transaction 499
[2026-05-22T09:15:38.398Z INFO  benchmark_client] Sending sample transaction 500
[2026-05-22T09:15:38.449Z INFO  benchmark_client] Sending sample transaction 501
[2026-05-22T09:15:38.499Z INFO  benchmark_client] Sending sample transaction 502
[2026-05-22T09:15:38.549Z INFO  benchmark_client] Sending sample transaction 503
[2026-05-22T09:15:38.598Z INFO  benchmark_client] Sending sample transaction 504
[2026-05-22T09:15:38.648Z INFO  benchmark_client] Sending sample transaction 505
[2026-05-22T09:15:38.698Z INFO  benchmark_client] Sending sample transaction 506
[2026-05-22T09:15:38.748Z INFO  benchmark_client] Sending sample transaction 507
[2026-05-22T09:15:38.799Z INFO  benchmark_client] Sending sample transaction 508
[2026-05-22T09:15:38.849Z INFO  benchmark_client] Sending sample transaction 509
[2026-05-22T09:15:38.899Z INFO  benchmark_client] Sending sample transaction 510
[2026-05-22T09:15:38.949Z INFO  benchmark_client] Sending sample transaction 511
[2026-05-22T09:15:38.999Z INFO  benchmark_client] Sending sample transaction 512
[2026-05-22T09:15:39.048Z INFO  benchmark_client] Sending sample transaction 513
[2026-05-22T09:15:39.099Z INFO  benchmark_client] Sending sample transaction 514
[2026-05-22T09:15:39.149Z INFO  benchmark_client] Sending sample transaction 515
[2026-05-22T09:15:39.198Z INFO  benchmark_client] Sending sample transaction 516
[2026-05-22T09:15:39.249Z INFO  benchmark_client] Sending sample transaction 517
[2026-05-22T09:15:39.298Z INFO  benchmark_client] Sending sample transaction 518
[2026-05-22T09:15:39.348Z INFO  benchmark_client] Sending sample transaction 519
[2026-05-22T09:15:39.399Z INFO  benchmark_client] Sending sample transaction 520
[2026-05-22T09:15:39.449Z INFO  benchmark_client] Sending sample transaction 521
[2026-05-22T09:15:39.500Z INFO  benchmark_client] Sending sample transaction 522
[2026-05-22T09:15:39.549Z INFO  benchmark_client] Sending sample transaction 523
[2026-05-22T09:15:39.599Z INFO  benchmark_client] Sending sample transaction 524
[2026-05-22T09:15:39.649Z INFO  benchmark_client] Sending sample transaction 525
[2026-05-22T09:15:39.699Z INFO  benchmark_client] Sending sample transaction 526
[2026-05-22T09:15:39.749Z INFO  benchmark_client] Sending sample transaction 527
[2026-05-22T09:15:39.799Z INFO  benchmark_client] Sending sample transaction 528
[2026-05-22T09:15:39.849Z INFO  benchmark_client] Sending sample transaction 529
[2026-05-22T09:15:39.899Z INFO  benchmark_client] Sending sample transaction 530
[2026-05-22T09:15:39.948Z INFO  benchmark_client] Sending sample transaction 531
[2026-05-22T09:15:39.999Z INFO  benchmark_client] Sending sample transaction 532
[2026-05-22T09:15:40.049Z INFO  benchmark_client] Sending sample transaction 533
[2026-05-22T09:15:40.099Z INFO  benchmark_client] Sending sample transaction 534
[2026-05-22T09:15:40.148Z INFO  benchmark_client] Sending sample transaction 535
[2026-05-22T09:15:40.199Z INFO  benchmark_client] Sending sample transaction 536
[2026-05-22T09:15:40.249Z INFO  benchmark_client] Sending sample transaction 537
[2026-05-22T09:15:40.299Z INFO  benchmark_client] Sending sample transaction 538
[2026-05-22T09:15:40.348Z INFO  benchmark_client] Sending sample transaction 539
[2026-05-22T09:15:40.398Z INFO  benchmark_client] Sending sample transaction 540
[2026-05-22T09:15:40.448Z INFO  benchmark_client] Sending sample transaction 541
[2026-05-22T09:15:40.499Z INFO  benchmark_client] Sending sample transaction 542
[2026-05-22T09:15:40.550Z INFO  benchmark_client] Sending sample transaction 543
[2026-05-22T09:15:40.601Z INFO  benchmark_client] Sending sample transaction 544
[2026-05-22T09:15:40.649Z INFO  benchmark_client] Sending sample transaction 545
[2026-05-22T09:15:40.699Z INFO  benchmark_client] Sending sample transaction 546
[2026-05-22T09:15:40.748Z INFO  benchmark_client] Sending sample transaction 547
[2026-05-22T09:15:40.798Z INFO  benchmark_client] Sending sample transaction 548
[2026-05-22T09:15:40.851Z INFO  benchmark_client] Sending sample transaction 549
[2026-05-22T09:15:40.898Z INFO  benchmark_client] Sending sample transaction 550
[2026-05-22T09:15:40.950Z INFO  benchmark_client] Sending sample transaction 551
[2026-05-22T09:15:40.999Z INFO  benchmark_client] Sending sample transaction 552
[2026-05-22T09:15:41.049Z INFO  benchmark_client] Sending sample transaction 553
[2026-05-22T09:15:41.098Z INFO  benchmark_client] Sending sample transaction 554
[2026-05-22T09:15:41.149Z INFO  benchmark_client] Sending sample transaction 555
[2026-05-22T09:15:41.199Z INFO  benchmark_client] Sending sample transaction 556
[2026-05-22T09:15:41.251Z INFO  benchmark_client] Sending sample transaction 557
[2026-05-22T09:15:41.299Z INFO  benchmark_client] Sending sample transaction 558
[2026-05-22T09:15:41.349Z INFO  benchmark_client] Sending sample transaction 559
[2026-05-22T09:15:41.399Z INFO  benchmark_client] Sending sample transaction 560
[2026-05-22T09:15:41.449Z INFO  benchmark_client] Sending sample transaction 561
[2026-05-22T09:15:41.499Z INFO  benchmark_client] Sending sample transaction 562
[2026-05-22T09:15:41.549Z INFO  benchmark_client] Sending sample transaction 563
[2026-05-22T09:15:41.601Z INFO  benchmark_client] Sending sample transaction 564
[2026-05-22T09:15:41.649Z INFO  benchmark_client] Sending sample transaction 565
[2026-05-22T09:15:41.699Z INFO  benchmark_client] Sending sample transaction 566
[2026-05-22T09:15:41.749Z INFO  benchmark_client] Sending sample transaction 567
[2026-05-22T09:15:41.799Z INFO  benchmark_client] Sending sample transaction 568
[2026-05-22T09:15:41.849Z INFO  benchmark_client] Sending sample transaction 569
[2026-05-22T09:15:41.898Z INFO  benchmark_client] Sending sample transaction 570
[2026-05-22T09:15:41.948Z INFO  benchmark_client] Sending sample transaction 571
[2026-05-22T09:15:41.999Z INFO  benchmark_client] Sending sample transaction 572
[2026-05-22T09:15:42.049Z INFO  benchmark_client] Sending sample transaction 573
[2026-05-22T09:15:42.101Z INFO  benchmark_client] Sending sample transaction 574
[2026-05-22T09:15:42.149Z INFO  benchmark_client] Sending sample transaction 575
[2026-05-22T09:15:42.199Z INFO  benchmark_client] Sending sample transaction 576
[2026-05-22T09:15:42.250Z INFO  benchmark_client] Sending sample transaction 577
[2026-05-22T09:15:42.301Z INFO  benchmark_client] Sending sample transaction 578
[2026-05-22T09:15:42.349Z INFO  benchmark_client] Sending sample transaction 579
[2026-05-22T09:15:42.400Z INFO  benchmark_client] Sending sample transaction 580
[2026-05-22T09:15:42.451Z INFO  benchmark_client] Sending sample transaction 581
[2026-05-22T09:15:42.498Z INFO  benchmark_client] Sending sample transaction 582
[2026-05-22T09:15:42.549Z INFO  benchmark_client] Sending sample transaction 583
[2026-05-22T09:15:42.599Z INFO  benchmark_client] Sending sample transaction 584
[2026-05-22T09:15:42.648Z INFO  benchmark_client] Sending sample transaction 585
[2026-05-22T09:15:42.699Z INFO  benchmark_client] Sending sample transaction 586
[2026-05-22T09:15:42.749Z INFO  benchmark_client] Sending sample transaction 587
[2026-05-22T09:15:42.801Z INFO  benchmark_client] Sending sample transaction 588
[2026-05-22T09:15:42.849Z INFO  benchmark_client] Sending sample transaction 589
[2026-05-22T09:15:42.899Z INFO  benchmark_client] Sending sample transaction 590
[2026-05-22T09:15:42.951Z INFO  benchmark_client] Sending sample transaction 591
[2026-05-22T09:15:42.999Z INFO  benchmark_client] Sending sample transaction 592
[2026-05-22T09:15:43.048Z INFO  benchmark_client] Sending sample transaction 593
[2026-05-22T09:15:43.098Z INFO  benchmark_client] Sending sample transaction 594
[2026-05-22T09:15:43.149Z INFO  benchmark_client] Sending sample transaction 595
[2026-05-22T09:15:43.199Z INFO  benchmark_client] Sending sample transaction 596
[2026-05-22T09:15:43.249Z INFO  benchmark_client] Sending sample transaction 597
[2026-05-22T09:15:43.299Z INFO  benchmark_client] Sending sample transaction 598
[2026-05-22T09:15:43.349Z INFO  benchmark_client] Sending sample transaction 599
[2026-05-22T09:15:43.399Z INFO  benchmark_client] Sending sample transaction 600
[2026-05-22T09:15:43.449Z INFO  benchmark_client] Sending sample transaction 601
[2026-05-22T09:15:43.498Z INFO  benchmark_client] Sending sample transaction 602
[2026-05-22T09:15:43.548Z INFO  benchmark_client] Sending sample transaction 603
[2026-05-22T09:15:43.601Z INFO  benchmark_client] Sending sample transaction 604
[2026-05-22T09:15:43.649Z INFO  benchmark_client] Sending sample transaction 605
[2026-05-22T09:15:43.699Z INFO  benchmark_client] Sending sample transaction 606
[2026-05-22T09:15:43.749Z INFO  benchmark_client] Sending sample transaction 607
[2026-05-22T09:15:43.799Z INFO  benchmark_client] Sending sample transaction 608
[2026-05-22T09:15:43.849Z INFO  benchmark_client] Sending sample transaction 609
[2026-05-22T09:15:43.899Z INFO  benchmark_client] Sending sample transaction 610
[2026-05-22T09:15:43.949Z INFO  benchmark_client] Sending sample transaction 611
[2026-05-22T09:15:43.999Z INFO  benchmark_client] Sending sample transaction 612
[2026-05-22T09:15:44.050Z INFO  benchmark_client] Sending sample transaction 613
[2026-05-22T09:15:44.099Z INFO  benchmark_client] Sending sample transaction 614
[2026-05-22T09:15:44.149Z INFO  benchmark_client] Sending sample transaction 615
[2026-05-22T09:15:44.199Z INFO  benchmark_client] Sending sample transaction 616
[2026-05-22T09:15:44.249Z INFO  benchmark_client] Sending sample transaction 617
[2026-05-22T09:15:44.299Z INFO  benchmark_client] Sending sample transaction 618
[2026-05-22T09:15:44.348Z INFO  benchmark_client] Sending sample transaction 619
[2026-05-22T09:15:44.399Z INFO  benchmark_client] Sending sample transaction 620
[2026-05-22T09:15:44.449Z INFO  benchmark_client] Sending sample transaction 621
[2026-05-22T09:15:44.499Z INFO  benchmark_client] Sending sample transaction 622
[2026-05-22T09:15:44.549Z INFO  benchmark_client] Sending sample transaction 623
[2026-05-22T09:15:44.599Z INFO  benchmark_client] Sending sample transaction 624
[2026-05-22T09:15:44.649Z INFO  benchmark_client] Sending sample transaction 625
[2026-05-22T09:15:44.699Z INFO  benchmark_client] Sending sample transaction 626
[2026-05-22T09:15:44.749Z INFO  benchmark_client] Sending sample transaction 627
[2026-05-22T09:15:44.799Z INFO  benchmark_client] Sending sample transaction 628
[2026-05-22T09:15:44.850Z INFO  benchmark_client] Sending sample transaction 629
[2026-05-22T09:15:44.900Z INFO  benchmark_client] Sending sample transaction 630
[2026-05-22T09:15:44.951Z INFO  benchmark_client] Sending sample transaction 631
[2026-05-22T09:15:44.999Z INFO  benchmark_client] Sending sample transaction 632
[2026-05-22T09:15:45.049Z INFO  benchmark_client] Sending sample transaction 633
[2026-05-22T09:15:45.099Z INFO  benchmark_client] Sending sample transaction 634
[2026-05-22T09:15:45.151Z INFO  benchmark_client] Sending sample transaction 635
[2026-05-22T09:15:45.199Z INFO  benchmark_client] Sending sample transaction 636
[2026-05-22T09:15:45.249Z INFO  benchmark_client] Sending sample transaction 637
[2026-05-22T09:15:45.300Z INFO  benchmark_client] Sending sample transaction 638
[2026-05-22T09:15:45.349Z INFO  benchmark_client] Sending sample transaction 639
[2026-05-22T09:15:45.399Z INFO  benchmark_client] Sending sample transaction 640
[2026-05-22T09:15:45.450Z INFO  benchmark_client] Sending sample transaction 641
[2026-05-22T09:15:45.499Z INFO  benchmark_client] Sending sample transaction 642
[2026-05-22T09:15:45.549Z INFO  benchmark_client] Sending sample transaction 643
[2026-05-22T09:15:45.599Z INFO  benchmark_client] Sending sample transaction 644
[2026-05-22T09:15:45.649Z INFO  benchmark_client] Sending sample transaction 645
[2026-05-22T09:15:45.699Z INFO  benchmark_client] Sending sample transaction 646
[2026-05-22T09:15:45.751Z INFO  benchmark_client] Sending sample transaction 647
[2026-05-22T09:15:45.798Z INFO  benchmark_client] Sending sample transaction 648
[2026-05-22T09:15:45.849Z INFO  benchmark_client] Sending sample transaction 649
[2026-05-22T09:15:45.899Z INFO  benchmark_client] Sending sample transaction 650
[2026-05-22T09:15:45.950Z INFO  benchmark_client] Sending sample transaction 651
[2026-05-22T09:15:45.999Z INFO  benchmark_client] Sending sample transaction 652
[2026-05-22T09:15:46.049Z INFO  benchmark_client] Sending sample transaction 653
[2026-05-22T09:15:46.099Z INFO  benchmark_client] Sending sample transaction 654
[2026-05-22T09:15:46.149Z INFO  benchmark_client] Sending sample transaction 655
[2026-05-22T09:15:46.199Z INFO  benchmark_client] Sending sample transaction 656
[2026-05-22T09:15:46.248Z INFO  benchmark_client] Sending sample transaction 657
[2026-05-22T09:15:46.299Z INFO  benchmark_client] Sending sample transaction 658
[2026-05-22T09:15:46.350Z INFO  benchmark_client] Sending sample transaction 659
[2026-05-22T09:15:46.400Z INFO  benchmark_client] Sending sample transaction 660
[2026-05-22T09:15:46.449Z INFO  benchmark_client] Sending sample transaction 661
[2026-05-22T09:15:46.502Z INFO  benchmark_client] Sending sample transaction 662
[2026-05-22T09:15:46.549Z INFO  benchmark_client] Sending sample transaction 663
[2026-05-22T09:15:46.600Z INFO  benchmark_client] Sending sample transaction 664
[2026-05-22T09:15:46.648Z INFO  benchmark_client] Sending sample transaction 665
[2026-05-22T09:15:46.698Z INFO  benchmark_client] Sending sample transaction 666
[2026-05-22T09:15:46.748Z INFO  benchmark_client] Sending sample transaction 667
[2026-05-22T09:15:46.798Z INFO  benchmark_client] Sending sample transaction 668
[2026-05-22T09:15:46.849Z INFO  benchmark_client] Sending sample transaction 669
[2026-05-22T09:15:46.900Z INFO  benchmark_client] Sending sample transaction 670
[2026-05-22T09:15:46.948Z INFO  benchmark_client] Sending sample transaction 671
[2026-05-22T09:15:46.997Z INFO  benchmark_client] Sending sample transaction 672
[2026-05-22T09:15:47.051Z INFO  benchmark_client] Sending sample transaction 673
[2026-05-22T09:15:47.098Z INFO  benchmark_client] Sending sample transaction 674
[2026-05-22T09:15:47.149Z INFO  benchmark_client] Sending sample transaction 675
[2026-05-22T09:15:47.198Z INFO  benchmark_client] Sending sample transaction 676
[2026-05-22T09:15:47.248Z INFO  benchmark_client] Sending sample transaction 677
[2026-05-22T09:15:47.298Z INFO  benchmark_client] Sending sample transaction 678
[2026-05-22T09:15:47.348Z INFO  benchmark_client] Sending sample transaction 679
[2026-05-22T09:15:47.398Z INFO  benchmark_client] Sending sample transaction 680
[2026-05-22T09:15:47.448Z INFO  benchmark_client] Sending sample transaction 681
[2026-05-22T09:15:47.497Z INFO  benchmark_client] Sending sample transaction 682
[2026-05-22T09:15:47.548Z INFO  benchmark_client] Sending sample transaction 683
[2026-05-22T09:15:47.600Z INFO  benchmark_client] Sending sample transaction 684
[2026-05-22T09:15:47.648Z INFO  benchmark_client] Sending sample transaction 685
[2026-05-22T09:15:47.698Z INFO  benchmark_client] Sending sample transaction 686
[2026-05-22T09:15:47.748Z INFO  benchmark_client] Sending sample transaction 687
[2026-05-22T09:15:47.798Z INFO  benchmark_client] Sending sample transaction 688
[2026-05-22T09:15:47.848Z INFO  benchmark_client] Sending sample transaction 689
[2026-05-22T09:15:47.898Z INFO  benchmark_client] Sending sample transaction 690
[2026-05-22T09:15:47.948Z INFO  benchmark_client] Sending sample transaction 691
[2026-05-22T09:15:47.998Z INFO  benchmark_client] Sending sample transaction 692
[2026-05-22T09:15:48.049Z INFO  benchmark_client] Sending sample transaction 693
[2026-05-22T09:15:48.101Z INFO  benchmark_client] Sending sample transaction 694
[2026-05-22T09:15:48.148Z INFO  benchmark_client] Sending sample transaction 695
[2026-05-22T09:15:48.198Z INFO  benchmark_client] Sending sample transaction 696
[2026-05-22T09:15:48.248Z INFO  benchmark_client] Sending sample transaction 697
[2026-05-22T09:15:48.298Z INFO  benchmark_client] Sending sample transaction 698
[2026-05-22T09:15:48.348Z INFO  benchmark_client] Sending sample transaction 699
[2026-05-22T09:15:48.398Z INFO  benchmark_client] Sending sample transaction 700
[2026-05-22T09:15:48.448Z INFO  benchmark_client] Sending sample transaction 701
[2026-05-22T09:15:48.498Z INFO  benchmark_client] Sending sample transaction 702
[2026-05-22T09:15:48.549Z INFO  benchmark_client] Sending sample transaction 703
[2026-05-22T09:15:48.598Z INFO  benchmark_client] Sending sample transaction 704
[2026-05-22T09:15:48.648Z INFO  benchmark_client] Sending sample transaction 705
[2026-05-22T09:15:48.699Z INFO  benchmark_client] Sending sample transaction 706
[2026-05-22T09:15:48.748Z INFO  benchmark_client] Sending sample transaction 707
[2026-05-22T09:15:48.797Z INFO  benchmark_client] Sending sample transaction 708
[2026-05-22T09:15:48.849Z INFO  benchmark_client] Sending sample transaction 709
[2026-05-22T09:15:48.898Z INFO  benchmark_client] Sending sample transaction 710
[2026-05-22T09:15:48.948Z INFO  benchmark_client] Sending sample transaction 711
[2026-05-22T09:15:48.998Z INFO  benchmark_client] Sending sample transaction 712
[2026-05-22T09:15:49.048Z INFO  benchmark_client] Sending sample transaction 713
[2026-05-22T09:15:49.098Z INFO  benchmark_client] Sending sample transaction 714
[2026-05-22T09:15:49.149Z INFO  benchmark_client] Sending sample transaction 715
[2026-05-22T09:15:49.201Z INFO  benchmark_client] Sending sample transaction 716
[2026-05-22T09:15:49.248Z INFO  benchmark_client] Sending sample transaction 717
[2026-05-22T09:15:49.299Z INFO  benchmark_client] Sending sample transaction 718
[2026-05-22T09:15:49.350Z INFO  benchmark_client] Sending sample transaction 719
[2026-05-22T09:15:49.398Z INFO  benchmark_client] Sending sample transaction 720
[2026-05-22T09:15:49.448Z INFO  benchmark_client] Sending sample transaction 721
[2026-05-22T09:15:49.500Z INFO  benchmark_client] Sending sample transaction 722
[2026-05-22T09:15:49.548Z INFO  benchmark_client] Sending sample transaction 723
[2026-05-22T09:15:49.598Z INFO  benchmark_client] Sending sample transaction 724
[2026-05-22T09:15:49.648Z INFO  benchmark_client] Sending sample transaction 725
[2026-05-22T09:15:49.698Z INFO  benchmark_client] Sending sample transaction 726
[2026-05-22T09:15:49.748Z INFO  benchmark_client] Sending sample transaction 727
[2026-05-22T09:15:49.799Z INFO  benchmark_client] Sending sample transaction 728
[2026-05-22T09:15:49.848Z INFO  benchmark_client] Sending sample transaction 729
[2026-05-22T09:15:49.898Z INFO  benchmark_client] Sending sample transaction 730
[2026-05-22T09:15:49.949Z INFO  benchmark_client] Sending sample transaction 731
[2026-05-22T09:15:49.998Z INFO  benchmark_client] Sending sample transaction 732
[2026-05-22T09:15:50.049Z INFO  benchmark_client] Sending sample transaction 733
[2026-05-22T09:15:50.100Z INFO  benchmark_client] Sending sample transaction 734
[2026-05-22T09:15:50.148Z INFO  benchmark_client] Sending sample transaction 735
[2026-05-22T09:15:50.198Z INFO  benchmark_client] Sending sample transaction 736
[2026-05-22T09:15:50.249Z INFO  benchmark_client] Sending sample transaction 737
[2026-05-22T09:15:50.298Z INFO  benchmark_client] Sending sample transaction 738
[2026-05-22T09:15:50.348Z INFO  benchmark_client] Sending sample transaction 739
[2026-05-22T09:15:50.398Z INFO  benchmark_client] Sending sample transaction 740
[2026-05-22T09:15:50.448Z INFO  benchmark_client] Sending sample transaction 741
[2026-05-22T09:15:50.497Z INFO  benchmark_client] Sending sample transaction 742
[2026-05-22T09:15:50.548Z INFO  benchmark_client] Sending sample transaction 743
[2026-05-22T09:15:50.598Z INFO  benchmark_client] Sending sample transaction 744
[2026-05-22T09:15:50.648Z INFO  benchmark_client] Sending sample transaction 745
[2026-05-22T09:15:50.698Z INFO  benchmark_client] Sending sample transaction 746
[2026-05-22T09:15:50.748Z INFO  benchmark_client] Sending sample transaction 747
[2026-05-22T09:15:50.799Z INFO  benchmark_client] Sending sample transaction 748
[2026-05-22T09:15:50.848Z INFO  benchmark_client] Sending sample transaction 749
[2026-05-22T09:15:50.899Z INFO  benchmark_client] Sending sample transaction 750
[2026-05-22T09:15:50.950Z INFO  benchmark_client] Sending sample transaction 751
[2026-05-22T09:15:50.998Z INFO  benchmark_client] Sending sample transaction 752
[2026-05-22T09:15:51.050Z INFO  benchmark_client] Sending sample transaction 753
[2026-05-22T09:15:51.098Z INFO  benchmark_client] Sending sample transaction 754
[2026-05-22T09:15:51.148Z INFO  benchmark_client] Sending sample transaction 755
[2026-05-22T09:15:51.198Z INFO  benchmark_client] Sending sample transaction 756
[2026-05-22T09:15:51.249Z INFO  benchmark_client] Sending sample transaction 757
[2026-05-22T09:15:51.298Z INFO  benchmark_client] Sending sample transaction 758
[2026-05-22T09:15:51.352Z INFO  benchmark_client] Sending sample transaction 759
[2026-05-22T09:15:51.398Z INFO  benchmark_client] Sending sample transaction 760
[2026-05-22T09:15:51.448Z INFO  benchmark_client] Sending sample transaction 761
[2026-05-22T09:15:51.500Z INFO  benchmark_client] Sending sample transaction 762
[2026-05-22T09:15:51.548Z INFO  benchmark_client] Sending sample transaction 763
[2026-05-22T09:15:51.598Z INFO  benchmark_client] Sending sample transaction 764
[2026-05-22T09:15:51.648Z INFO  benchmark_client] Sending sample transaction 765
[2026-05-22T09:15:51.701Z INFO  benchmark_client] Sending sample transaction 766
[2026-05-22T09:15:51.748Z INFO  benchmark_client] Sending sample transaction 767
[2026-05-22T09:15:51.798Z INFO  benchmark_client] Sending sample transaction 768
[2026-05-22T09:15:51.848Z INFO  benchmark_client] Sending sample transaction 769
[2026-05-22T09:15:51.900Z INFO  benchmark_client] Sending sample transaction 770
[2026-05-22T09:15:51.948Z INFO  benchmark_client] Sending sample transaction 771
[2026-05-22T09:15:51.998Z INFO  benchmark_client] Sending sample transaction 772
[2026-05-22T09:15:52.048Z INFO  benchmark_client] Sending sample transaction 773
[2026-05-22T09:15:52.098Z INFO  benchmark_client] Sending sample transaction 774
[2026-05-22T09:15:52.148Z INFO  benchmark_client] Sending sample transaction 775
[2026-05-22T09:15:52.198Z INFO  benchmark_client] Sending sample transaction 776
[2026-05-22T09:15:52.248Z INFO  benchmark_client] Sending sample transaction 777
[2026-05-22T09:15:52.298Z INFO  benchmark_client] Sending sample transaction 778
[2026-05-22T09:15:52.348Z INFO  benchmark_client] Sending sample transaction 779
[2026-05-22T09:15:52.398Z INFO  benchmark_client] Sending sample transaction 780
[2026-05-22T09:15:52.448Z INFO  benchmark_client] Sending sample transaction 781
[2026-05-22T09:15:52.498Z INFO  benchmark_client] Sending sample transaction 782
[2026-05-22T09:15:52.550Z INFO  benchmark_client] Sending sample transaction 783
[2026-05-22T09:15:52.598Z INFO  benchmark_client] Sending sample transaction 784
[2026-05-22T09:15:52.648Z INFO  benchmark_client] Sending sample transaction 785
[2026-05-22T09:15:52.698Z INFO  benchmark_client] Sending sample transaction 786
[2026-05-22T09:15:52.748Z INFO  benchmark_client] Sending sample transaction 787
[2026-05-22T09:15:52.798Z INFO  benchmark_client] Sending sample transaction 788
[2026-05-22T09:15:52.848Z INFO  benchmark_client] Sending sample transaction 789
[2026-05-22T09:15:52.898Z INFO  benchmark_client] Sending sample transaction 790
[2026-05-22T09:15:52.948Z INFO  benchmark_client] Sending sample transaction 791
[2026-05-22T09:15:52.998Z INFO  benchmark_client] Sending sample transaction 792
[2026-05-22T09:15:53.048Z INFO  benchmark_client] Sending sample transaction 793
[2026-05-22T09:15:53.098Z INFO  benchmark_client] Sending sample transaction 794
[2026-05-22T09:15:53.148Z INFO  benchmark_client] Sending sample transaction 795
[2026-05-22T09:15:53.198Z INFO  benchmark_client] Sending sample transaction 796
[2026-05-22T09:15:53.248Z INFO  benchmark_client] Sending sample transaction 797
[2026-05-22T09:15:53.299Z INFO  benchmark_client] Sending sample transaction 798
[2026-05-22T09:15:53.348Z INFO  benchmark_client] Sending sample transaction 799
[2026-05-22T09:15:53.398Z INFO  benchmark_client] Sending sample transaction 800
[2026-05-22T09:15:53.450Z INFO  benchmark_client] Sending sample transaction 801
[2026-05-22T09:15:53.499Z INFO  benchmark_client] Sending sample transaction 802
[2026-05-22T09:15:53.550Z INFO  benchmark_client] Sending sample transaction 803
[2026-05-22T09:15:53.599Z INFO  benchmark_client] Sending sample transaction 804
[2026-05-22T09:15:53.648Z INFO  benchmark_client] Sending sample transaction 805
[2026-05-22T09:15:53.698Z INFO  benchmark_client] Sending sample transaction 806
[2026-05-22T09:15:53.750Z INFO  benchmark_client] Sending sample transaction 807
[2026-05-22T09:15:53.798Z INFO  benchmark_client] Sending sample transaction 808
[2026-05-22T09:15:53.848Z INFO  benchmark_client] Sending sample transaction 809
[2026-05-22T09:15:53.900Z INFO  benchmark_client] Sending sample transaction 810
[2026-05-22T09:15:53.951Z INFO  benchmark_client] Sending sample transaction 811
[2026-05-22T09:15:53.998Z INFO  benchmark_client] Sending sample transaction 812
[2026-05-22T09:15:54.048Z INFO  benchmark_client] Sending sample transaction 813
[2026-05-22T09:15:54.099Z INFO  benchmark_client] Sending sample transaction 814
[2026-05-22T09:15:54.149Z INFO  benchmark_client] Sending sample transaction 815
[2026-05-22T09:15:54.199Z INFO  benchmark_client] Sending sample transaction 816
[2026-05-22T09:15:54.250Z INFO  benchmark_client] Sending sample transaction 817
[2026-05-22T09:15:54.298Z INFO  benchmark_client] Sending sample transaction 818
[2026-05-22T09:15:54.348Z INFO  benchmark_client] Sending sample transaction 819
[2026-05-22T09:15:54.398Z INFO  benchmark_client] Sending sample transaction 820
[2026-05-22T09:15:54.450Z INFO  benchmark_client] Sending sample transaction 821
[2026-05-22T09:15:54.499Z INFO  benchmark_client] Sending sample transaction 822
[2026-05-22T09:15:54.551Z INFO  benchmark_client] Sending sample transaction 823
[2026-05-22T09:15:54.599Z INFO  benchmark_client] Sending sample transaction 824
[2026-05-22T09:15:54.648Z INFO  benchmark_client] Sending sample transaction 825
[2026-05-22T09:15:54.698Z INFO  benchmark_client] Sending sample transaction 826
[2026-05-22T09:15:54.748Z INFO  benchmark_client] Sending sample transaction 827
[2026-05-22T09:15:54.798Z INFO  benchmark_client] Sending sample transaction 828
[2026-05-22T09:15:54.848Z INFO  benchmark_client] Sending sample transaction 829
[2026-05-22T09:15:54.898Z INFO  benchmark_client] Sending sample transaction 830
[2026-05-22T09:15:54.948Z INFO  benchmark_client] Sending sample transaction 831
[2026-05-22T09:15:54.999Z INFO  benchmark_client] Sending sample transaction 832
[2026-05-22T09:15:55.048Z INFO  benchmark_client] Sending sample transaction 833
[2026-05-22T09:15:55.099Z INFO  benchmark_client] Sending sample transaction 834
[2026-05-22T09:15:55.148Z INFO  benchmark_client] Sending sample transaction 835
[2026-05-22T09:15:55.198Z INFO  benchmark_client] Sending sample transaction 836
[2026-05-22T09:15:55.248Z INFO  benchmark_client] Sending sample transaction 837
[2026-05-22T09:15:55.300Z INFO  benchmark_client] Sending sample transaction 838
[2026-05-22T09:15:55.350Z INFO  benchmark_client] Sending sample transaction 839
[2026-05-22T09:15:55.398Z INFO  benchmark_client] Sending sample transaction 840
[2026-05-22T09:15:55.449Z INFO  benchmark_client] Sending sample transaction 841
[2026-05-22T09:15:55.499Z INFO  benchmark_client] Sending sample transaction 842
[2026-05-22T09:15:55.549Z INFO  benchmark_client] Sending sample transaction 843
[2026-05-22T09:15:55.598Z INFO  benchmark_client] Sending sample transaction 844
[2026-05-22T09:15:55.649Z INFO  benchmark_client] Sending sample transaction 845
[2026-05-22T09:15:55.698Z INFO  benchmark_client] Sending sample transaction 846
[2026-05-22T09:15:55.748Z INFO  benchmark_client] Sending sample transaction 847
[2026-05-22T09:15:55.800Z INFO  benchmark_client] Sending sample transaction 848
[2026-05-22T09:15:55.848Z INFO  benchmark_client] Sending sample transaction 849
[2026-05-22T09:15:55.900Z INFO  benchmark_client] Sending sample transaction 850
[2026-05-22T09:15:55.948Z INFO  benchmark_client] Sending sample transaction 851
[2026-05-22T09:15:55.998Z INFO  benchmark_client] Sending sample transaction 852
[2026-05-22T09:15:56.049Z INFO  benchmark_client] Sending sample transaction 853
[2026-05-22T09:15:56.098Z INFO  benchmark_client] Sending sample transaction 854
[2026-05-22T09:15:56.149Z INFO  benchmark_client] Sending sample transaction 855
[2026-05-22T09:15:56.198Z INFO  benchmark_client] Sending sample transaction 856
[2026-05-22T09:15:56.248Z INFO  benchmark_client] Sending sample transaction 857
[2026-05-22T09:15:56.298Z INFO  benchmark_client] Sending sample transaction 858
[2026-05-22T09:15:56.350Z INFO  benchmark_client] Sending sample transaction 859
[2026-05-22T09:15:56.399Z INFO  benchmark_client] Sending sample transaction 860
[2026-05-22T09:15:56.448Z INFO  benchmark_client] Sending sample transaction 861
[2026-05-22T09:15:56.498Z INFO  benchmark_client] Sending sample transaction 862
[2026-05-22T09:15:56.549Z INFO  benchmark_client] Sending sample transaction 863
[2026-05-22T09:15:56.598Z INFO  benchmark_client] Sending sample transaction 864
[2026-05-22T09:15:56.649Z INFO  benchmark_client] Sending sample transaction 865
[2026-05-22T09:15:56.698Z INFO  benchmark_client] Sending sample transaction 866
[2026-05-22T09:15:56.748Z INFO  benchmark_client] Sending sample transaction 867
[2026-05-22T09:15:56.798Z INFO  benchmark_client] Sending sample transaction 868
[2026-05-22T09:15:56.848Z INFO  benchmark_client] Sending sample transaction 869
[2026-05-22T09:15:56.898Z INFO  benchmark_client] Sending sample transaction 870
[2026-05-22T09:15:56.948Z INFO  benchmark_client] Sending sample transaction 871
[2026-05-22T09:15:56.998Z INFO  benchmark_client] Sending sample transaction 872
[2026-05-22T09:15:57.048Z INFO  benchmark_client] Sending sample transaction 873
[2026-05-22T09:15:57.098Z INFO  benchmark_client] Sending sample transaction 874
[2026-05-22T09:15:57.148Z INFO  benchmark_client] Sending sample transaction 875
[2026-05-22T09:15:57.198Z INFO  benchmark_client] Sending sample transaction 876
[2026-05-22T09:15:57.248Z INFO  benchmark_client] Sending sample transaction 877
[2026-05-22T09:15:57.298Z INFO  benchmark_client] Sending sample transaction 878
[2026-05-22T09:15:57.348Z INFO  benchmark_client] Sending sample transaction 879
[2026-05-22T09:15:57.398Z INFO  benchmark_client] Sending sample transaction 880
[2026-05-22T09:15:57.448Z INFO  benchmark_client] Sending sample transaction 881
[2026-05-22T09:15:57.498Z INFO  benchmark_client] Sending sample transaction 882
[2026-05-22T09:15:57.548Z INFO  benchmark_client] Sending sample transaction 883
[2026-05-22T09:15:57.598Z INFO  benchmark_client] Sending sample transaction 884
[2026-05-22T09:15:57.648Z INFO  benchmark_client] Sending sample transaction 885
[2026-05-22T09:15:57.700Z INFO  benchmark_client] Sending sample transaction 886
[2026-05-22T09:15:57.751Z INFO  benchmark_client] Sending sample transaction 887
[2026-05-22T09:15:57.799Z INFO  benchmark_client] Sending sample transaction 888
[2026-05-22T09:15:57.849Z INFO  benchmark_client] Sending sample transaction 889
[2026-05-22T09:15:57.899Z INFO  benchmark_client] Sending sample transaction 890
[2026-05-22T09:15:57.949Z INFO  benchmark_client] Sending sample transaction 891
[2026-05-22T09:15:57.998Z INFO  benchmark_client] Sending sample transaction 892
[2026-05-22T09:15:58.050Z INFO  benchmark_client] Sending sample transaction 893
