[2026-09-10T03:41:52.916Z INFO  benchmark_client] Node address: 130.211.108.130:5003
[2026-09-10T03:41:52.916Z INFO  benchmark_client] Transactions size: 512 B
[2026-09-10T03:41:52.916Z INFO  benchmark_client] Transactions rate: 12000 tx/s
[2026-09-10T03:41:52.916Z INFO  benchmark_client] Waiting for all nodes to be online...
[2026-09-10T03:41:53.223Z INFO  benchmark_client] Start sending transactions
[2026-09-10T03:41:53.225Z INFO  benchmark_client] Sending sample transaction 0
[2026-09-10T03:41:53.274Z INFO  benchmark_client] Sending sample transaction 1
[2026-09-10T03:41:53.325Z INFO  benchmark_client] Sending sample transaction 2
[2026-09-10T03:41:53.374Z INFO  benchmark_client] Sending sample transaction 3
[2026-09-10T03:41:53.424Z INFO  benchmark_client] Sending sample transaction 4
[2026-09-10T03:41:53.474Z INFO  benchmark_client] Sending sample transaction 5
[2026-09-10T03:41:53.524Z INFO  benchmark_client] Sending sample transaction 6
[2026-09-10T03:41:53.574Z INFO  benchmark_client] Sending sample transaction 7
[2026-09-10T03:41:53.625Z INFO  benchmark_client] Sending sample transaction 8
[2026-09-10T03:41:53.674Z INFO  benchmark_client] Sending sample transaction 9
[2026-09-10T03:41:53.724Z INFO  benchmark_client] Sending sample transaction 10
[2026-09-10T03:41:53.776Z INFO  benchmark_client] Sending sample transaction 11
[2026-09-10T03:41:53.824Z INFO  benchmark_client] Sending sample transaction 12
[2026-09-10T03:41:53.875Z INFO  benchmark_client] Sending sample transaction 13
[2026-09-10T03:41:53.925Z INFO  benchmark_client] Sending sample transaction 14
[2026-09-10T03:41:53.974Z INFO  benchmark_client] Sending sample transaction 15
[2026-09-10T03:41:54.027Z INFO  benchmark_client] Sending sample transaction 16
[2026-09-10T03:41:54.075Z INFO  benchmark_client] Sending sample transaction 17
[2026-09-10T03:41:54.125Z INFO  benchmark_client] Sending sample transaction 18
[2026-09-10T03:41:54.174Z INFO  benchmark_client] Sending sample transaction 19
[2026-09-10T03:41:54.224Z INFO  benchmark_client] Sending sample transaction 20
[2026-09-10T03:41:54.275Z INFO  benchmark_client] Sending sample transaction 21
[2026-09-10T03:41:54.325Z INFO  benchmark_client] Sending sample transaction 22
[2026-09-10T03:41:54.374Z INFO  benchmark_client] Sending sample transaction 23
[2026-09-10T03:41:54.426Z INFO  benchmark_client] Sending sample transaction 24
[2026-09-10T03:41:54.479Z INFO  benchmark_client] Sending sample transaction 25
[2026-09-10T03:41:54.524Z INFO  benchmark_client] Sending sample transaction 26
[2026-09-10T03:41:54.574Z INFO  benchmark_client] Sending sample transaction 27
[2026-09-10T03:41:54.625Z INFO  benchmark_client] Sending sample transaction 28
[2026-09-10T03:41:54.675Z INFO  benchmark_client] Sending sample transaction 29
[2026-09-10T03:41:54.725Z INFO  benchmark_client] Sending sample transaction 30
[2026-09-10T03:41:54.774Z INFO  benchmark_client] Sending sample transaction 31
[2026-09-10T03:41:54.824Z INFO  benchmark_client] Sending sample transaction 32
[2026-09-10T03:41:54.874Z INFO  benchmark_client] Sending sample transaction 33
[2026-09-10T03:41:54.924Z INFO  benchmark_client] Sending sample transaction 34
[2026-09-10T03:41:54.974Z INFO  benchmark_client] Sending sample transaction 35
[2026-09-10T03:41:55.024Z INFO  benchmark_client] Sending sample transaction 36
[2026-09-10T03:41:55.074Z INFO  benchmark_client] Sending sample transaction 37
[2026-09-10T03:41:55.126Z INFO  benchmark_client] Sending sample transaction 38
[2026-09-10T03:41:55.175Z INFO  benchmark_client] Sending sample transaction 39
[2026-09-10T03:41:55.224Z INFO  benchmark_client] Sending sample transaction 40
[2026-09-10T03:41:55.275Z INFO  benchmark_client] Sending sample transaction 41
[2026-09-10T03:41:55.324Z INFO  benchmark_client] Sending sample transaction 42
[2026-09-10T03:41:55.375Z INFO  benchmark_client] Sending sample transaction 43
[2026-09-10T03:41:55.428Z INFO  benchmark_client] Sending sample transaction 44
[2026-09-10T03:41:55.475Z INFO  benchmark_client] Sending sample transaction 45
[2026-09-10T03:41:55.525Z INFO  benchmark_client] Sending sample transaction 46
[2026-09-10T03:41:55.575Z INFO  benchmark_client] Sending sample transaction 47
[2026-09-10T03:41:55.626Z INFO  benchmark_client] Sending sample transaction 48
[2026-09-10T03:41:55.675Z INFO  benchmark_client] Sending sample transaction 49
[2026-09-10T03:41:55.724Z INFO  benchmark_client] Sending sample transaction 50
[2026-09-10T03:41:55.779Z INFO  benchmark_client] Sending sample transaction 51
[2026-09-10T03:41:55.825Z INFO  benchmark_client] Sending sample transaction 52
[2026-09-10T03:41:55.874Z INFO  benchmark_client] Sending sample transaction 53
[2026-09-10T03:41:55.926Z INFO  benchmark_client] Sending sample transaction 54
[2026-09-10T03:41:55.974Z INFO  benchmark_client] Sending sample transaction 55
[2026-09-10T03:41:56.025Z INFO  benchmark_client] Sending sample transaction 56
[2026-09-10T03:41:56.075Z INFO  benchmark_client] Sending sample transaction 57
[2026-09-10T03:41:56.124Z INFO  benchmark_client] Sending sample transaction 58
[2026-09-10T03:41:56.174Z INFO  benchmark_client] Sending sample transaction 59
[2026-09-10T03:41:56.224Z INFO  benchmark_client] Sending sample transaction 60
[2026-09-10T03:41:56.274Z INFO  benchmark_client] Sending sample transaction 61
[2026-09-10T03:41:56.327Z INFO  benchmark_client] Sending sample transaction 62
[2026-09-10T03:41:56.374Z INFO  benchmark_client] Sending sample transaction 63
[2026-09-10T03:41:56.425Z INFO  benchmark_client] Sending sample transaction 64
[2026-09-10T03:41:56.474Z INFO  benchmark_client] Sending sample transaction 65
[2026-09-10T03:41:56.526Z INFO  benchmark_client] Sending sample transaction 66
[2026-09-10T03:41:56.575Z INFO  benchmark_client] Sending sample transaction 67
[2026-09-10T03:41:56.624Z INFO  benchmark_client] Sending sample transaction 68
[2026-09-10T03:41:56.674Z INFO  benchmark_client] Sending sample transaction 69
[2026-09-10T03:41:56.728Z INFO  benchmark_client] Sending sample transaction 70
[2026-09-10T03:41:56.774Z INFO  benchmark_client] Sending sample transaction 71
[2026-09-10T03:41:56.825Z INFO  benchmark_client] Sending sample transaction 72
[2026-09-10T03:41:56.874Z INFO  benchmark_client] Sending sample transaction 73
[2026-09-10T03:41:56.924Z INFO  benchmark_client] Sending sample transaction 74
[2026-09-10T03:41:56.975Z INFO  benchmark_client] Sending sample transaction 75
[2026-09-10T03:41:57.024Z INFO  benchmark_client] Sending sample transaction 76
[2026-09-10T03:41:57.074Z INFO  benchmark_client] Sending sample transaction 77
[2026-09-10T03:41:57.124Z INFO  benchmark_client] Sending sample transaction 78
[2026-09-10T03:41:57.175Z INFO  benchmark_client] Sending sample transaction 79
[2026-09-10T03:41:57.225Z INFO  benchmark_client] Sending sample transaction 80
[2026-09-10T03:41:57.276Z INFO  benchmark_client] Sending sample transaction 81
[2026-09-10T03:41:57.324Z INFO  benchmark_client] Sending sample transaction 82
[2026-09-10T03:41:57.374Z INFO  benchmark_client] Sending sample transaction 83
[2026-09-10T03:41:57.424Z INFO  benchmark_client] Sending sample transaction 84
[2026-09-10T03:41:57.475Z INFO  benchmark_client] Sending sample transaction 85
[2026-09-10T03:41:57.525Z INFO  benchmark_client] Sending sample transaction 86
[2026-09-10T03:41:57.576Z INFO  benchmark_client] Sending sample transaction 87
[2026-09-10T03:41:57.624Z INFO  benchmark_client] Sending sample transaction 88
[2026-09-10T03:41:57.674Z INFO  benchmark_client] Sending sample transaction 89
[2026-09-10T03:41:57.727Z INFO  benchmark_client] Sending sample transaction 90
[2026-09-10T03:41:57.774Z INFO  benchmark_client] Sending sample transaction 91
[2026-09-10T03:41:57.824Z INFO  benchmark_client] Sending sample transaction 92
[2026-09-10T03:41:57.877Z INFO  benchmark_client] Sending sample transaction 93
[2026-09-10T03:41:57.926Z INFO  benchmark_client] Sending sample transaction 94
[2026-09-10T03:41:57.976Z INFO  benchmark_client] Sending sample transaction 95
[2026-09-10T03:41:58.028Z INFO  benchmark_client] Sending sample transaction 96
[2026-09-10T03:41:58.075Z INFO  benchmark_client] Sending sample transaction 97
[2026-09-10T03:41:58.127Z INFO  benchmark_client] Sending sample transaction 98
[2026-09-10T03:41:58.175Z INFO  benchmark_client] Sending sample transaction 99
[2026-09-10T03:41:58.224Z INFO  benchmark_client] Sending sample transaction 100
[2026-09-10T03:41:58.276Z INFO  benchmark_client] Sending sample transaction 101
[2026-09-10T03:41:58.324Z INFO  benchmark_client] Sending sample transaction 102
[2026-09-10T03:41:58.377Z INFO  benchmark_client] Sending sample transaction 103
[2026-09-10T03:41:58.427Z INFO  benchmark_client] Sending sample transaction 104
[2026-09-10T03:41:58.477Z INFO  benchmark_client] Sending sample transaction 105
[2026-09-10T03:41:58.524Z INFO  benchmark_client] Sending sample transaction 106
[2026-09-10T03:41:58.575Z INFO  benchmark_client] Sending sample transaction 107
[2026-09-10T03:41:58.625Z INFO  benchmark_client] Sending sample transaction 108
[2026-09-10T03:41:58.675Z INFO  benchmark_client] Sending sample transaction 109
[2026-09-10T03:41:58.725Z INFO  benchmark_client] Sending sample transaction 110
[2026-09-10T03:41:58.776Z INFO  benchmark_client] Sending sample transaction 111
[2026-09-10T03:41:58.825Z INFO  benchmark_client] Sending sample transaction 112
[2026-09-10T03:41:58.874Z INFO  benchmark_client] Sending sample transaction 113
[2026-09-10T03:41:58.925Z INFO  benchmark_client] Sending sample transaction 114
[2026-09-10T03:41:58.975Z INFO  benchmark_client] Sending sample transaction 115
[2026-09-10T03:41:59.026Z INFO  benchmark_client] Sending sample transaction 116
[2026-09-10T03:41:59.074Z INFO  benchmark_client] Sending sample transaction 117
[2026-09-10T03:41:59.124Z INFO  benchmark_client] Sending sample transaction 118
[2026-09-10T03:41:59.176Z INFO  benchmark_client] Sending sample transaction 119
[2026-09-10T03:41:59.224Z INFO  benchmark_client] Sending sample transaction 120
[2026-09-10T03:41:59.274Z INFO  benchmark_client] Sending sample transaction 121
[2026-09-10T03:41:59.324Z INFO  benchmark_client] Sending sample transaction 122
[2026-09-10T03:41:59.375Z INFO  benchmark_client] Sending sample transaction 123
[2026-09-10T03:41:59.425Z INFO  benchmark_client] Sending sample transaction 124
[2026-09-10T03:41:59.475Z INFO  benchmark_client] Sending sample transaction 125
[2026-09-10T03:41:59.525Z INFO  benchmark_client] Sending sample transaction 126
[2026-09-10T03:41:59.574Z INFO  benchmark_client] Sending sample transaction 127
[2026-09-10T03:41:59.625Z INFO  benchmark_client] Sending sample transaction 128
[2026-09-10T03:41:59.675Z INFO  benchmark_client] Sending sample transaction 129
[2026-09-10T03:41:59.725Z INFO  benchmark_client] Sending sample transaction 130
[2026-09-10T03:41:59.775Z INFO  benchmark_client] Sending sample transaction 131
[2026-09-10T03:41:59.825Z INFO  benchmark_client] Sending sample transaction 132
[2026-09-10T03:41:59.875Z INFO  benchmark_client] Sending sample transaction 133
[2026-09-10T03:41:59.925Z INFO  benchmark_client] Sending sample transaction 134
[2026-09-10T03:41:59.974Z INFO  benchmark_client] Sending sample transaction 135
[2026-09-10T03:42:00.025Z INFO  benchmark_client] Sending sample transaction 136
[2026-09-10T03:42:00.074Z INFO  benchmark_client] Sending sample transaction 137
[2026-09-10T03:42:00.126Z INFO  benchmark_client] Sending sample transaction 138
[2026-09-10T03:42:00.175Z INFO  benchmark_client] Sending sample transaction 139
[2026-09-10T03:42:00.225Z INFO  benchmark_client] Sending sample transaction 140
[2026-09-10T03:42:00.274Z INFO  benchmark_client] Sending sample transaction 141
[2026-09-10T03:42:00.325Z INFO  benchmark_client] Sending sample transaction 142
[2026-09-10T03:42:00.374Z INFO  benchmark_client] Sending sample transaction 143
[2026-09-10T03:42:00.425Z INFO  benchmark_client] Sending sample transaction 144
[2026-09-10T03:42:00.477Z INFO  benchmark_client] Sending sample transaction 145
[2026-09-10T03:42:00.524Z INFO  benchmark_client] Sending sample transaction 146
[2026-09-10T03:42:00.575Z INFO  benchmark_client] Sending sample transaction 147
[2026-09-10T03:42:00.624Z INFO  benchmark_client] Sending sample transaction 148
[2026-09-10T03:42:00.674Z INFO  benchmark_client] Sending sample transaction 149
[2026-09-10T03:42:00.725Z INFO  benchmark_client] Sending sample transaction 150
[2026-09-10T03:42:00.775Z INFO  benchmark_client] Sending sample transaction 151
[2026-09-10T03:42:00.826Z INFO  benchmark_client] Sending sample transaction 152
[2026-09-10T03:42:00.874Z INFO  benchmark_client] Sending sample transaction 153
[2026-09-10T03:42:00.925Z INFO  benchmark_client] Sending sample transaction 154
[2026-09-10T03:42:00.975Z INFO  benchmark_client] Sending sample transaction 155
[2026-09-10T03:42:01.024Z INFO  benchmark_client] Sending sample transaction 156
[2026-09-10T03:42:01.074Z INFO  benchmark_client] Sending sample transaction 157
[2026-09-10T03:42:01.125Z INFO  benchmark_client] Sending sample transaction 158
[2026-09-10T03:42:01.175Z INFO  benchmark_client] Sending sample transaction 159
[2026-09-10T03:42:01.225Z INFO  benchmark_client] Sending sample transaction 160
[2026-09-10T03:42:01.275Z INFO  benchmark_client] Sending sample transaction 161
[2026-09-10T03:42:01.325Z INFO  benchmark_client] Sending sample transaction 162
[2026-09-10T03:42:01.375Z INFO  benchmark_client] Sending sample transaction 163
[2026-09-10T03:42:01.424Z INFO  benchmark_client] Sending sample transaction 164
[2026-09-10T03:42:01.474Z INFO  benchmark_client] Sending sample transaction 165
[2026-09-10T03:42:01.525Z INFO  benchmark_client] Sending sample transaction 166
[2026-09-10T03:42:01.575Z INFO  benchmark_client] Sending sample transaction 167
[2026-09-10T03:42:01.625Z INFO  benchmark_client] Sending sample transaction 168
[2026-09-10T03:42:01.674Z INFO  benchmark_client] Sending sample transaction 169
[2026-09-10T03:42:01.724Z INFO  benchmark_client] Sending sample transaction 170
[2026-09-10T03:42:01.774Z INFO  benchmark_client] Sending sample transaction 171
[2026-09-10T03:42:01.825Z INFO  benchmark_client] Sending sample transaction 172
[2026-09-10T03:42:01.874Z INFO  benchmark_client] Sending sample transaction 173
[2026-09-10T03:42:01.924Z INFO  benchmark_client] Sending sample transaction 174
[2026-09-10T03:42:01.975Z INFO  benchmark_client] Sending sample transaction 175
[2026-09-10T03:42:02.025Z INFO  benchmark_client] Sending sample transaction 176
[2026-09-10T03:42:02.074Z INFO  benchmark_client] Sending sample transaction 177
[2026-09-10T03:42:02.126Z INFO  benchmark_client] Sending sample transaction 178
[2026-09-10T03:42:02.174Z INFO  benchmark_client] Sending sample transaction 179
[2026-09-10T03:42:02.224Z INFO  benchmark_client] Sending sample transaction 180
[2026-09-10T03:42:02.275Z INFO  benchmark_client] Sending sample transaction 181
[2026-09-10T03:42:02.325Z INFO  benchmark_client] Sending sample transaction 182
[2026-09-10T03:42:02.374Z INFO  benchmark_client] Sending sample transaction 183
[2026-09-10T03:42:02.425Z INFO  benchmark_client] Sending sample transaction 184
[2026-09-10T03:42:02.476Z INFO  benchmark_client] Sending sample transaction 185
[2026-09-10T03:42:02.527Z INFO  benchmark_client] Sending sample transaction 186
[2026-09-10T03:42:02.577Z INFO  benchmark_client] Sending sample transaction 187
[2026-09-10T03:42:02.625Z INFO  benchmark_client] Sending sample transaction 188
[2026-09-10T03:42:02.674Z INFO  benchmark_client] Sending sample transaction 189
[2026-09-10T03:42:02.725Z INFO  benchmark_client] Sending sample transaction 190
[2026-09-10T03:42:02.775Z INFO  benchmark_client] Sending sample transaction 191
[2026-09-10T03:42:02.827Z INFO  benchmark_client] Sending sample transaction 192
[2026-09-10T03:42:02.875Z INFO  benchmark_client] Sending sample transaction 193
[2026-09-10T03:42:02.925Z INFO  benchmark_client] Sending sample transaction 194
[2026-09-10T03:42:02.974Z INFO  benchmark_client] Sending sample transaction 195
[2026-09-10T03:42:03.027Z INFO  benchmark_client] Sending sample transaction 196
[2026-09-10T03:42:03.075Z INFO  benchmark_client] Sending sample transaction 197
[2026-09-10T03:42:03.124Z INFO  benchmark_client] Sending sample transaction 198
[2026-09-10T03:42:03.175Z INFO  benchmark_client] Sending sample transaction 199
[2026-09-10T03:42:03.225Z INFO  benchmark_client] Sending sample transaction 200
[2026-09-10T03:42:03.274Z INFO  benchmark_client] Sending sample transaction 201
[2026-09-10T03:42:03.325Z INFO  benchmark_client] Sending sample transaction 202
[2026-09-10T03:42:03.374Z INFO  benchmark_client] Sending sample transaction 203
[2026-09-10T03:42:03.425Z INFO  benchmark_client] Sending sample transaction 204
[2026-09-10T03:42:03.475Z INFO  benchmark_client] Sending sample transaction 205
[2026-09-10T03:42:03.525Z INFO  benchmark_client] Sending sample transaction 206
[2026-09-10T03:42:03.578Z INFO  benchmark_client] Sending sample transaction 207
[2026-09-10T03:42:03.625Z INFO  benchmark_client] Sending sample transaction 208
[2026-09-10T03:42:03.674Z INFO  benchmark_client] Sending sample transaction 209
[2026-09-10T03:42:03.726Z INFO  benchmark_client] Sending sample transaction 210
[2026-09-10T03:42:03.774Z INFO  benchmark_client] Sending sample transaction 211
[2026-09-10T03:42:03.826Z INFO  benchmark_client] Sending sample transaction 212
[2026-09-10T03:42:03.876Z INFO  benchmark_client] Sending sample transaction 213
[2026-09-10T03:42:03.924Z INFO  benchmark_client] Sending sample transaction 214
[2026-09-10T03:42:03.975Z INFO  benchmark_client] Sending sample transaction 215
[2026-09-10T03:42:04.025Z INFO  benchmark_client] Sending sample transaction 216
[2026-09-10T03:42:04.075Z INFO  benchmark_client] Sending sample transaction 217
[2026-09-10T03:42:04.125Z INFO  benchmark_client] Sending sample transaction 218
[2026-09-10T03:42:04.175Z INFO  benchmark_client] Sending sample transaction 219
[2026-09-10T03:42:04.225Z INFO  benchmark_client] Sending sample transaction 220
[2026-09-10T03:42:04.275Z INFO  benchmark_client] Sending sample transaction 221
[2026-09-10T03:42:04.325Z INFO  benchmark_client] Sending sample transaction 222
[2026-09-10T03:42:04.375Z INFO  benchmark_client] Sending sample transaction 223
[2026-09-10T03:42:04.424Z INFO  benchmark_client] Sending sample transaction 224
[2026-09-10T03:42:04.475Z INFO  benchmark_client] Sending sample transaction 225
[2026-09-10T03:42:04.524Z INFO  benchmark_client] Sending sample transaction 226
[2026-09-10T03:42:04.575Z INFO  benchmark_client] Sending sample transaction 227
[2026-09-10T03:42:04.626Z INFO  benchmark_client] Sending sample transaction 228
[2026-09-10T03:42:04.675Z INFO  benchmark_client] Sending sample transaction 229
[2026-09-10T03:42:04.725Z INFO  benchmark_client] Sending sample transaction 230
[2026-09-10T03:42:04.774Z INFO  benchmark_client] Sending sample transaction 231
[2026-09-10T03:42:04.824Z INFO  benchmark_client] Sending sample transaction 232
[2026-09-10T03:42:04.875Z INFO  benchmark_client] Sending sample transaction 233
[2026-09-10T03:42:04.925Z INFO  benchmark_client] Sending sample transaction 234
[2026-09-10T03:42:04.975Z INFO  benchmark_client] Sending sample transaction 235
[2026-09-10T03:42:05.026Z INFO  benchmark_client] Sending sample transaction 236
[2026-09-10T03:42:05.075Z INFO  benchmark_client] Sending sample transaction 237
[2026-09-10T03:42:05.125Z INFO  benchmark_client] Sending sample transaction 238
[2026-09-10T03:42:05.178Z INFO  benchmark_client] Sending sample transaction 239
[2026-09-10T03:42:05.226Z INFO  benchmark_client] Sending sample transaction 240
[2026-09-10T03:42:05.275Z INFO  benchmark_client] Sending sample transaction 241
[2026-09-10T03:42:05.325Z INFO  benchmark_client] Sending sample transaction 242
[2026-09-10T03:42:05.375Z INFO  benchmark_client] Sending sample transaction 243
[2026-09-10T03:42:05.425Z INFO  benchmark_client] Sending sample transaction 244
[2026-09-10T03:42:05.475Z INFO  benchmark_client] Sending sample transaction 245
[2026-09-10T03:42:05.524Z INFO  benchmark_client] Sending sample transaction 246
[2026-09-10T03:42:05.575Z INFO  benchmark_client] Sending sample transaction 247
[2026-09-10T03:42:05.625Z INFO  benchmark_client] Sending sample transaction 248
[2026-09-10T03:42:05.675Z INFO  benchmark_client] Sending sample transaction 249
[2026-09-10T03:42:05.725Z INFO  benchmark_client] Sending sample transaction 250
[2026-09-10T03:42:05.774Z INFO  benchmark_client] Sending sample transaction 251
[2026-09-10T03:42:05.824Z INFO  benchmark_client] Sending sample transaction 252
[2026-09-10T03:42:05.874Z INFO  benchmark_client] Sending sample transaction 253
[2026-09-10T03:42:05.925Z INFO  benchmark_client] Sending sample transaction 254
[2026-09-10T03:42:05.974Z INFO  benchmark_client] Sending sample transaction 255
[2026-09-10T03:42:06.025Z INFO  benchmark_client] Sending sample transaction 256
[2026-09-10T03:42:06.075Z INFO  benchmark_client] Sending sample transaction 257
[2026-09-10T03:42:06.124Z INFO  benchmark_client] Sending sample transaction 258
[2026-09-10T03:42:06.175Z INFO  benchmark_client] Sending sample transaction 259
[2026-09-10T03:42:06.226Z INFO  benchmark_client] Sending sample transaction 260
[2026-09-10T03:42:06.275Z INFO  benchmark_client] Sending sample transaction 261
[2026-09-10T03:42:06.326Z INFO  benchmark_client] Sending sample transaction 262
[2026-09-10T03:42:06.375Z INFO  benchmark_client] Sending sample transaction 263
[2026-09-10T03:42:06.425Z INFO  benchmark_client] Sending sample transaction 264
[2026-09-10T03:42:06.477Z INFO  benchmark_client] Sending sample transaction 265
[2026-09-10T03:42:06.524Z INFO  benchmark_client] Sending sample transaction 266
[2026-09-10T03:42:06.575Z INFO  benchmark_client] Sending sample transaction 267
[2026-09-10T03:42:06.625Z INFO  benchmark_client] Sending sample transaction 268
[2026-09-10T03:42:06.675Z INFO  benchmark_client] Sending sample transaction 269
[2026-09-10T03:42:06.726Z INFO  benchmark_client] Sending sample transaction 270
[2026-09-10T03:42:06.775Z INFO  benchmark_client] Sending sample transaction 271
[2026-09-10T03:42:06.826Z INFO  benchmark_client] Sending sample transaction 272
[2026-09-10T03:42:06.874Z INFO  benchmark_client] Sending sample transaction 273
[2026-09-10T03:42:06.926Z INFO  benchmark_client] Sending sample transaction 274
[2026-09-10T03:42:06.976Z INFO  benchmark_client] Sending sample transaction 275
[2026-09-10T03:42:07.027Z INFO  benchmark_client] Sending sample transaction 276
[2026-09-10T03:42:07.077Z INFO  benchmark_client] Sending sample transaction 277
[2026-09-10T03:42:07.127Z INFO  benchmark_client] Sending sample transaction 278
[2026-09-10T03:42:07.175Z INFO  benchmark_client] Sending sample transaction 279
[2026-09-10T03:42:07.225Z INFO  benchmark_client] Sending sample transaction 280
[2026-09-10T03:42:07.275Z INFO  benchmark_client] Sending sample transaction 281
[2026-09-10T03:42:07.328Z INFO  benchmark_client] Sending sample transaction 282
[2026-09-10T03:42:07.375Z INFO  benchmark_client] Sending sample transaction 283
[2026-09-10T03:42:07.425Z INFO  benchmark_client] Sending sample transaction 284
[2026-09-10T03:42:07.475Z INFO  benchmark_client] Sending sample transaction 285
[2026-09-10T03:42:07.524Z INFO  benchmark_client] Sending sample transaction 286
[2026-09-10T03:42:07.575Z INFO  benchmark_client] Sending sample transaction 287
[2026-09-10T03:42:07.625Z INFO  benchmark_client] Sending sample transaction 288
[2026-09-10T03:42:07.675Z INFO  benchmark_client] Sending sample transaction 289
[2026-09-10T03:42:07.725Z INFO  benchmark_client] Sending sample transaction 290
[2026-09-10T03:42:07.775Z INFO  benchmark_client] Sending sample transaction 291
[2026-09-10T03:42:07.824Z INFO  benchmark_client] Sending sample transaction 292
[2026-09-10T03:42:07.876Z INFO  benchmark_client] Sending sample transaction 293
[2026-09-10T03:42:07.925Z INFO  benchmark_client] Sending sample transaction 294
[2026-09-10T03:42:07.974Z INFO  benchmark_client] Sending sample transaction 295
[2026-09-10T03:42:08.025Z INFO  benchmark_client] Sending sample transaction 296
[2026-09-10T03:42:08.075Z INFO  benchmark_client] Sending sample transaction 297
[2026-09-10T03:42:08.125Z INFO  benchmark_client] Sending sample transaction 298
[2026-09-10T03:42:08.175Z INFO  benchmark_client] Sending sample transaction 299
[2026-09-10T03:42:08.225Z INFO  benchmark_client] Sending sample transaction 300
[2026-09-10T03:42:08.275Z INFO  benchmark_client] Sending sample transaction 301
[2026-09-10T03:42:08.325Z INFO  benchmark_client] Sending sample transaction 302
[2026-09-10T03:42:08.375Z INFO  benchmark_client] Sending sample transaction 303
[2026-09-10T03:42:08.425Z INFO  benchmark_client] Sending sample transaction 304
[2026-09-10T03:42:08.476Z INFO  benchmark_client] Sending sample transaction 305
[2026-09-10T03:42:08.525Z INFO  benchmark_client] Sending sample transaction 306
[2026-09-10T03:42:08.575Z INFO  benchmark_client] Sending sample transaction 307
[2026-09-10T03:42:08.627Z INFO  benchmark_client] Sending sample transaction 308
[2026-09-10T03:42:08.675Z INFO  benchmark_client] Sending sample transaction 309
[2026-09-10T03:42:08.725Z INFO  benchmark_client] Sending sample transaction 310
[2026-09-10T03:42:08.775Z INFO  benchmark_client] Sending sample transaction 311
[2026-09-10T03:42:08.825Z INFO  benchmark_client] Sending sample transaction 312
[2026-09-10T03:42:08.877Z INFO  benchmark_client] Sending sample transaction 313
[2026-09-10T03:42:08.925Z INFO  benchmark_client] Sending sample transaction 314
[2026-09-10T03:42:08.975Z INFO  benchmark_client] Sending sample transaction 315
[2026-09-10T03:42:09.025Z INFO  benchmark_client] Sending sample transaction 316
[2026-09-10T03:42:09.075Z INFO  benchmark_client] Sending sample transaction 317
[2026-09-10T03:42:09.128Z INFO  benchmark_client] Sending sample transaction 318
[2026-09-10T03:42:09.177Z INFO  benchmark_client] Sending sample transaction 319
[2026-09-10T03:42:09.225Z INFO  benchmark_client] Sending sample transaction 320
[2026-09-10T03:42:09.277Z INFO  benchmark_client] Sending sample transaction 321
[2026-09-10T03:42:09.327Z INFO  benchmark_client] Sending sample transaction 322
[2026-09-10T03:42:09.376Z INFO  benchmark_client] Sending sample transaction 323
[2026-09-10T03:42:09.426Z INFO  benchmark_client] Sending sample transaction 324
[2026-09-10T03:42:09.477Z INFO  benchmark_client] Sending sample transaction 325
[2026-09-10T03:42:09.525Z INFO  benchmark_client] Sending sample transaction 326
[2026-09-10T03:42:09.575Z INFO  benchmark_client] Sending sample transaction 327
[2026-09-10T03:42:09.625Z INFO  benchmark_client] Sending sample transaction 328
[2026-09-10T03:42:09.676Z INFO  benchmark_client] Sending sample transaction 329
[2026-09-10T03:42:09.725Z INFO  benchmark_client] Sending sample transaction 330
[2026-09-10T03:42:09.776Z INFO  benchmark_client] Sending sample transaction 331
[2026-09-10T03:42:09.827Z INFO  benchmark_client] Sending sample transaction 332
[2026-09-10T03:42:09.875Z INFO  benchmark_client] Sending sample transaction 333
[2026-09-10T03:42:09.925Z INFO  benchmark_client] Sending sample transaction 334
[2026-09-10T03:42:09.974Z INFO  benchmark_client] Sending sample transaction 335
[2026-09-10T03:42:10.026Z INFO  benchmark_client] Sending sample transaction 336
[2026-09-10T03:42:10.076Z INFO  benchmark_client] Sending sample transaction 337
[2026-09-10T03:42:10.124Z INFO  benchmark_client] Sending sample transaction 338
[2026-09-10T03:42:10.175Z INFO  benchmark_client] Sending sample transaction 339
[2026-09-10T03:42:10.225Z INFO  benchmark_client] Sending sample transaction 340
[2026-09-10T03:42:10.275Z INFO  benchmark_client] Sending sample transaction 341
[2026-09-10T03:42:10.325Z INFO  benchmark_client] Sending sample transaction 342
[2026-09-10T03:42:10.375Z INFO  benchmark_client] Sending sample transaction 343
[2026-09-10T03:42:10.425Z INFO  benchmark_client] Sending sample transaction 344
[2026-09-10T03:42:10.475Z INFO  benchmark_client] Sending sample transaction 345
[2026-09-10T03:42:10.525Z INFO  benchmark_client] Sending sample transaction 346
[2026-09-10T03:42:10.577Z INFO  benchmark_client] Sending sample transaction 347
[2026-09-10T03:42:10.626Z INFO  benchmark_client] Sending sample transaction 348
[2026-09-10T03:42:10.675Z INFO  benchmark_client] Sending sample transaction 349
[2026-09-10T03:42:10.726Z INFO  benchmark_client] Sending sample transaction 350
[2026-09-10T03:42:10.775Z INFO  benchmark_client] Sending sample transaction 351
[2026-09-10T03:42:10.825Z INFO  benchmark_client] Sending sample transaction 352
[2026-09-10T03:42:10.875Z INFO  benchmark_client] Sending sample transaction 353
[2026-09-10T03:42:10.926Z INFO  benchmark_client] Sending sample transaction 354
[2026-09-10T03:42:10.975Z INFO  benchmark_client] Sending sample transaction 355
[2026-09-10T03:42:11.025Z INFO  benchmark_client] Sending sample transaction 356
[2026-09-10T03:42:11.077Z INFO  benchmark_client] Sending sample transaction 357
[2026-09-10T03:42:11.126Z INFO  benchmark_client] Sending sample transaction 358
[2026-09-10T03:42:11.175Z INFO  benchmark_client] Sending sample transaction 359
[2026-09-10T03:42:11.226Z INFO  benchmark_client] Sending sample transaction 360
[2026-09-10T03:42:11.275Z INFO  benchmark_client] Sending sample transaction 361
[2026-09-10T03:42:11.326Z INFO  benchmark_client] Sending sample transaction 362
[2026-09-10T03:42:11.375Z INFO  benchmark_client] Sending sample transaction 363
[2026-09-10T03:42:11.425Z INFO  benchmark_client] Sending sample transaction 364
[2026-09-10T03:42:11.476Z INFO  benchmark_client] Sending sample transaction 365
[2026-09-10T03:42:11.527Z INFO  benchmark_client] Sending sample transaction 366
[2026-09-10T03:42:11.576Z INFO  benchmark_client] Sending sample transaction 367
[2026-09-10T03:42:11.628Z INFO  benchmark_client] Sending sample transaction 368
[2026-09-10T03:42:11.677Z INFO  benchmark_client] Sending sample transaction 369
[2026-09-10T03:42:11.725Z INFO  benchmark_client] Sending sample transaction 370
[2026-09-10T03:42:11.775Z INFO  benchmark_client] Sending sample transaction 371
[2026-09-10T03:42:11.825Z INFO  benchmark_client] Sending sample transaction 372
[2026-09-10T03:42:11.880Z INFO  benchmark_client] Sending sample transaction 373
[2026-09-10T03:42:11.925Z INFO  benchmark_client] Sending sample transaction 374
[2026-09-10T03:42:11.975Z INFO  benchmark_client] Sending sample transaction 375
[2026-09-10T03:42:12.027Z INFO  benchmark_client] Sending sample transaction 376
[2026-09-10T03:42:12.077Z INFO  benchmark_client] Sending sample transaction 377
[2026-09-10T03:42:12.127Z INFO  benchmark_client] Sending sample transaction 378
[2026-09-10T03:42:12.175Z INFO  benchmark_client] Sending sample transaction 379
[2026-09-10T03:42:12.225Z INFO  benchmark_client] Sending sample transaction 380
[2026-09-10T03:42:12.275Z INFO  benchmark_client] Sending sample transaction 381
[2026-09-10T03:42:12.325Z INFO  benchmark_client] Sending sample transaction 382
[2026-09-10T03:42:12.377Z INFO  benchmark_client] Sending sample transaction 383
[2026-09-10T03:42:12.425Z INFO  benchmark_client] Sending sample transaction 384
[2026-09-10T03:42:12.475Z INFO  benchmark_client] Sending sample transaction 385
[2026-09-10T03:42:12.525Z INFO  benchmark_client] Sending sample transaction 386
[2026-09-10T03:42:12.575Z INFO  benchmark_client] Sending sample transaction 387
[2026-09-10T03:42:12.627Z INFO  benchmark_client] Sending sample transaction 388
[2026-09-10T03:42:12.675Z INFO  benchmark_client] Sending sample transaction 389
[2026-09-10T03:42:12.725Z INFO  benchmark_client] Sending sample transaction 390
[2026-09-10T03:42:12.775Z INFO  benchmark_client] Sending sample transaction 391
[2026-09-10T03:42:12.825Z INFO  benchmark_client] Sending sample transaction 392
[2026-09-10T03:42:12.875Z INFO  benchmark_client] Sending sample transaction 393
[2026-09-10T03:42:12.925Z INFO  benchmark_client] Sending sample transaction 394
[2026-09-10T03:42:12.975Z INFO  benchmark_client] Sending sample transaction 395
[2026-09-10T03:42:13.025Z INFO  benchmark_client] Sending sample transaction 396
[2026-09-10T03:42:13.075Z INFO  benchmark_client] Sending sample transaction 397
[2026-09-10T03:42:13.125Z INFO  benchmark_client] Sending sample transaction 398
[2026-09-10T03:42:13.177Z INFO  benchmark_client] Sending sample transaction 399
[2026-09-10T03:42:13.225Z INFO  benchmark_client] Sending sample transaction 400
[2026-09-10T03:42:13.276Z INFO  benchmark_client] Sending sample transaction 401
[2026-09-10T03:42:13.325Z INFO  benchmark_client] Sending sample transaction 402
[2026-09-10T03:42:13.375Z INFO  benchmark_client] Sending sample transaction 403
[2026-09-10T03:42:13.425Z INFO  benchmark_client] Sending sample transaction 404
[2026-09-10T03:42:13.476Z INFO  benchmark_client] Sending sample transaction 405
[2026-09-10T03:42:13.525Z INFO  benchmark_client] Sending sample transaction 406
[2026-09-10T03:42:13.576Z INFO  benchmark_client] Sending sample transaction 407
[2026-09-10T03:42:13.626Z INFO  benchmark_client] Sending sample transaction 408
[2026-09-10T03:42:13.675Z INFO  benchmark_client] Sending sample transaction 409
[2026-09-10T03:42:13.727Z INFO  benchmark_client] Sending sample transaction 410
[2026-09-10T03:42:13.775Z INFO  benchmark_client] Sending sample transaction 411
[2026-09-10T03:42:13.825Z INFO  benchmark_client] Sending sample transaction 412
[2026-09-10T03:42:13.876Z INFO  benchmark_client] Sending sample transaction 413
[2026-09-10T03:42:13.925Z INFO  benchmark_client] Sending sample transaction 414
[2026-09-10T03:42:13.977Z INFO  benchmark_client] Sending sample transaction 415
[2026-09-10T03:42:14.025Z INFO  benchmark_client] Sending sample transaction 416
[2026-09-10T03:42:14.076Z INFO  benchmark_client] Sending sample transaction 417
[2026-09-10T03:42:14.126Z INFO  benchmark_client] Sending sample transaction 418
[2026-09-10T03:42:14.176Z INFO  benchmark_client] Sending sample transaction 419
[2026-09-10T03:42:14.225Z INFO  benchmark_client] Sending sample transaction 420
[2026-09-10T03:42:14.275Z INFO  benchmark_client] Sending sample transaction 421
[2026-09-10T03:42:14.325Z INFO  benchmark_client] Sending sample transaction 422
[2026-09-10T03:42:14.375Z INFO  benchmark_client] Sending sample transaction 423
[2026-09-10T03:42:14.425Z INFO  benchmark_client] Sending sample transaction 424
[2026-09-10T03:42:14.475Z INFO  benchmark_client] Sending sample transaction 425
[2026-09-10T03:42:14.524Z INFO  benchmark_client] Sending sample transaction 426
[2026-09-10T03:42:14.577Z INFO  benchmark_client] Sending sample transaction 427
[2026-09-10T03:42:14.626Z INFO  benchmark_client] Sending sample transaction 428
[2026-09-10T03:42:14.675Z INFO  benchmark_client] Sending sample transaction 429
[2026-09-10T03:42:14.725Z INFO  benchmark_client] Sending sample transaction 430
[2026-09-10T03:42:14.775Z INFO  benchmark_client] Sending sample transaction 431
[2026-09-10T03:42:14.825Z INFO  benchmark_client] Sending sample transaction 432
[2026-09-10T03:42:14.875Z INFO  benchmark_client] Sending sample transaction 433
[2026-09-10T03:42:14.927Z INFO  benchmark_client] Sending sample transaction 434
[2026-09-10T03:42:14.977Z INFO  benchmark_client] Sending sample transaction 435
[2026-09-10T03:42:15.025Z INFO  benchmark_client] Sending sample transaction 436
[2026-09-10T03:42:15.077Z INFO  benchmark_client] Sending sample transaction 437
[2026-09-10T03:42:15.126Z INFO  benchmark_client] Sending sample transaction 438
[2026-09-10T03:42:15.175Z INFO  benchmark_client] Sending sample transaction 439
[2026-09-10T03:42:15.225Z INFO  benchmark_client] Sending sample transaction 440
[2026-09-10T03:42:15.275Z INFO  benchmark_client] Sending sample transaction 441
[2026-09-10T03:42:15.326Z INFO  benchmark_client] Sending sample transaction 442
[2026-09-10T03:42:15.376Z INFO  benchmark_client] Sending sample transaction 443
[2026-09-10T03:42:15.427Z INFO  benchmark_client] Sending sample transaction 444
[2026-09-10T03:42:15.475Z INFO  benchmark_client] Sending sample transaction 445
[2026-09-10T03:42:15.525Z INFO  benchmark_client] Sending sample transaction 446
[2026-09-10T03:42:15.575Z INFO  benchmark_client] Sending sample transaction 447
[2026-09-10T03:42:15.629Z INFO  benchmark_client] Sending sample transaction 448
[2026-09-10T03:42:15.675Z INFO  benchmark_client] Sending sample transaction 449
[2026-09-10T03:42:15.726Z INFO  benchmark_client] Sending sample transaction 450
[2026-09-10T03:42:15.777Z INFO  benchmark_client] Sending sample transaction 451
[2026-09-10T03:42:15.826Z INFO  benchmark_client] Sending sample transaction 452
[2026-09-10T03:42:15.876Z INFO  benchmark_client] Sending sample transaction 453
[2026-09-10T03:42:15.927Z INFO  benchmark_client] Sending sample transaction 454
[2026-09-10T03:42:15.975Z INFO  benchmark_client] Sending sample transaction 455
[2026-09-10T03:42:16.026Z INFO  benchmark_client] Sending sample transaction 456
[2026-09-10T03:42:16.076Z INFO  benchmark_client] Sending sample transaction 457
[2026-09-10T03:42:16.125Z INFO  benchmark_client] Sending sample transaction 458
[2026-09-10T03:42:16.175Z INFO  benchmark_client] Sending sample transaction 459
[2026-09-10T03:42:16.225Z INFO  benchmark_client] Sending sample transaction 460
[2026-09-10T03:42:16.276Z INFO  benchmark_client] Sending sample transaction 461
[2026-09-10T03:42:16.325Z INFO  benchmark_client] Sending sample transaction 462
[2026-09-10T03:42:16.375Z INFO  benchmark_client] Sending sample transaction 463
[2026-09-10T03:42:16.426Z INFO  benchmark_client] Sending sample transaction 464
[2026-09-10T03:42:16.475Z INFO  benchmark_client] Sending sample transaction 465
[2026-09-10T03:42:16.527Z INFO  benchmark_client] Sending sample transaction 466
[2026-09-10T03:42:16.575Z INFO  benchmark_client] Sending sample transaction 467
[2026-09-10T03:42:16.626Z INFO  benchmark_client] Sending sample transaction 468
[2026-09-10T03:42:16.678Z INFO  benchmark_client] Sending sample transaction 469
[2026-09-10T03:42:16.725Z INFO  benchmark_client] Sending sample transaction 470
[2026-09-10T03:42:16.778Z INFO  benchmark_client] Sending sample transaction 471
[2026-09-10T03:42:16.826Z INFO  benchmark_client] Sending sample transaction 472
[2026-09-10T03:42:16.875Z INFO  benchmark_client] Sending sample transaction 473
[2026-09-10T03:42:16.925Z INFO  benchmark_client] Sending sample transaction 474
[2026-09-10T03:42:16.976Z INFO  benchmark_client] Sending sample transaction 475
[2026-09-10T03:42:17.027Z INFO  benchmark_client] Sending sample transaction 476
[2026-09-10T03:42:17.077Z INFO  benchmark_client] Sending sample transaction 477
[2026-09-10T03:42:17.125Z INFO  benchmark_client] Sending sample transaction 478
[2026-09-10T03:42:17.175Z INFO  benchmark_client] Sending sample transaction 479
[2026-09-10T03:42:17.226Z INFO  benchmark_client] Sending sample transaction 480
[2026-09-10T03:42:17.275Z INFO  benchmark_client] Sending sample transaction 481
[2026-09-10T03:42:17.325Z INFO  benchmark_client] Sending sample transaction 482
[2026-09-10T03:42:17.376Z INFO  benchmark_client] Sending sample transaction 483
[2026-09-10T03:42:17.429Z INFO  benchmark_client] Sending sample transaction 484
[2026-09-10T03:42:17.475Z INFO  benchmark_client] Sending sample transaction 485
[2026-09-10T03:42:17.525Z INFO  benchmark_client] Sending sample transaction 486
[2026-09-10T03:42:17.576Z INFO  benchmark_client] Sending sample transaction 487
[2026-09-10T03:42:17.625Z INFO  benchmark_client] Sending sample transaction 488
[2026-09-10T03:42:17.677Z INFO  benchmark_client] Sending sample transaction 489
[2026-09-10T03:42:17.725Z INFO  benchmark_client] Sending sample transaction 490
[2026-09-10T03:42:17.775Z INFO  benchmark_client] Sending sample transaction 491
[2026-09-10T03:42:17.825Z INFO  benchmark_client] Sending sample transaction 492
[2026-09-10T03:42:17.875Z INFO  benchmark_client] Sending sample transaction 493
[2026-09-10T03:42:17.925Z INFO  benchmark_client] Sending sample transaction 494
[2026-09-10T03:42:17.976Z INFO  benchmark_client] Sending sample transaction 495
[2026-09-10T03:42:18.025Z INFO  benchmark_client] Sending sample transaction 496
[2026-09-10T03:42:18.077Z INFO  benchmark_client] Sending sample transaction 497
[2026-09-10T03:42:18.125Z INFO  benchmark_client] Sending sample transaction 498
[2026-09-10T03:42:18.177Z INFO  benchmark_client] Sending sample transaction 499
[2026-09-10T03:42:18.225Z INFO  benchmark_client] Sending sample transaction 500
[2026-09-10T03:42:18.276Z INFO  benchmark_client] Sending sample transaction 501
[2026-09-10T03:42:18.325Z INFO  benchmark_client] Sending sample transaction 502
[2026-09-10T03:42:18.376Z INFO  benchmark_client] Sending sample transaction 503
[2026-09-10T03:42:18.425Z INFO  benchmark_client] Sending sample transaction 504
[2026-09-10T03:42:18.478Z INFO  benchmark_client] Sending sample transaction 505
[2026-09-10T03:42:18.525Z INFO  benchmark_client] Sending sample transaction 506
[2026-09-10T03:42:18.575Z INFO  benchmark_client] Sending sample transaction 507
[2026-09-10T03:42:18.626Z INFO  benchmark_client] Sending sample transaction 508
[2026-09-10T03:42:18.676Z INFO  benchmark_client] Sending sample transaction 509
[2026-09-10T03:42:18.725Z INFO  benchmark_client] Sending sample transaction 510
[2026-09-10T03:42:18.776Z INFO  benchmark_client] Sending sample transaction 511
[2026-09-10T03:42:18.826Z INFO  benchmark_client] Sending sample transaction 512
[2026-09-10T03:42:18.876Z INFO  benchmark_client] Sending sample transaction 513
[2026-09-10T03:42:18.926Z INFO  benchmark_client] Sending sample transaction 514
[2026-09-10T03:42:18.975Z INFO  benchmark_client] Sending sample transaction 515
[2026-09-10T03:42:19.025Z INFO  benchmark_client] Sending sample transaction 516
[2026-09-10T03:42:19.075Z INFO  benchmark_client] Sending sample transaction 517
[2026-09-10T03:42:19.127Z INFO  benchmark_client] Sending sample transaction 518
[2026-09-10T03:42:19.175Z INFO  benchmark_client] Sending sample transaction 519
[2026-09-10T03:42:19.227Z INFO  benchmark_client] Sending sample transaction 520
[2026-09-10T03:42:19.275Z INFO  benchmark_client] Sending sample transaction 521
[2026-09-10T03:42:19.325Z INFO  benchmark_client] Sending sample transaction 522
[2026-09-10T03:42:19.376Z INFO  benchmark_client] Sending sample transaction 523
[2026-09-10T03:42:19.425Z INFO  benchmark_client] Sending sample transaction 524
[2026-09-10T03:42:19.475Z INFO  benchmark_client] Sending sample transaction 525
[2026-09-10T03:42:19.525Z INFO  benchmark_client] Sending sample transaction 526
[2026-09-10T03:42:19.575Z INFO  benchmark_client] Sending sample transaction 527
[2026-09-10T03:42:19.625Z INFO  benchmark_client] Sending sample transaction 528
[2026-09-10T03:42:19.675Z INFO  benchmark_client] Sending sample transaction 529
[2026-09-10T03:42:19.725Z INFO  benchmark_client] Sending sample transaction 530
[2026-09-10T03:42:19.776Z INFO  benchmark_client] Sending sample transaction 531
[2026-09-10T03:42:19.825Z INFO  benchmark_client] Sending sample transaction 532
[2026-09-10T03:42:19.876Z INFO  benchmark_client] Sending sample transaction 533
[2026-09-10T03:42:19.926Z INFO  benchmark_client] Sending sample transaction 534
[2026-09-10T03:42:19.976Z INFO  benchmark_client] Sending sample transaction 535
[2026-09-10T03:42:20.026Z INFO  benchmark_client] Sending sample transaction 536
[2026-09-10T03:42:20.076Z INFO  benchmark_client] Sending sample transaction 537
[2026-09-10T03:42:20.125Z INFO  benchmark_client] Sending sample transaction 538
[2026-09-10T03:42:20.176Z INFO  benchmark_client] Sending sample transaction 539
[2026-09-10T03:42:20.226Z INFO  benchmark_client] Sending sample transaction 540
[2026-09-10T03:42:20.277Z INFO  benchmark_client] Sending sample transaction 541
[2026-09-10T03:42:20.325Z INFO  benchmark_client] Sending sample transaction 542
[2026-09-10T03:42:20.376Z INFO  benchmark_client] Sending sample transaction 543
[2026-09-10T03:42:20.427Z INFO  benchmark_client] Sending sample transaction 544
[2026-09-10T03:42:20.475Z INFO  benchmark_client] Sending sample transaction 545
[2026-09-10T03:42:20.525Z INFO  benchmark_client] Sending sample transaction 546
[2026-09-10T03:42:20.575Z INFO  benchmark_client] Sending sample transaction 547
[2026-09-10T03:42:20.626Z INFO  benchmark_client] Sending sample transaction 548
[2026-09-10T03:42:20.678Z INFO  benchmark_client] Sending sample transaction 549
[2026-09-10T03:42:20.726Z INFO  benchmark_client] Sending sample transaction 550
[2026-09-10T03:42:20.775Z INFO  benchmark_client] Sending sample transaction 551
[2026-09-10T03:42:20.827Z INFO  benchmark_client] Sending sample transaction 552
[2026-09-10T03:42:20.875Z INFO  benchmark_client] Sending sample transaction 553
[2026-09-10T03:42:20.925Z INFO  benchmark_client] Sending sample transaction 554
[2026-09-10T03:42:20.977Z INFO  benchmark_client] Sending sample transaction 555
[2026-09-10T03:42:21.026Z INFO  benchmark_client] Sending sample transaction 556
[2026-09-10T03:42:21.075Z INFO  benchmark_client] Sending sample transaction 557
[2026-09-10T03:42:21.125Z INFO  benchmark_client] Sending sample transaction 558
[2026-09-10T03:42:21.179Z INFO  benchmark_client] Sending sample transaction 559
[2026-09-10T03:42:21.225Z INFO  benchmark_client] Sending sample transaction 560
[2026-09-10T03:42:21.275Z INFO  benchmark_client] Sending sample transaction 561
[2026-09-10T03:42:21.328Z INFO  benchmark_client] Sending sample transaction 562
[2026-09-10T03:42:21.375Z INFO  benchmark_client] Sending sample transaction 563
[2026-09-10T03:42:21.429Z INFO  benchmark_client] Sending sample transaction 564
[2026-09-10T03:42:21.476Z INFO  benchmark_client] Sending sample transaction 565
[2026-09-10T03:42:21.525Z INFO  benchmark_client] Sending sample transaction 566
[2026-09-10T03:42:21.576Z INFO  benchmark_client] Sending sample transaction 567
[2026-09-10T03:42:21.628Z INFO  benchmark_client] Sending sample transaction 568
[2026-09-10T03:42:21.675Z INFO  benchmark_client] Sending sample transaction 569
[2026-09-10T03:42:21.725Z INFO  benchmark_client] Sending sample transaction 570
[2026-09-10T03:42:21.776Z INFO  benchmark_client] Sending sample transaction 571
[2026-09-10T03:42:21.826Z INFO  benchmark_client] Sending sample transaction 572
[2026-09-10T03:42:21.877Z INFO  benchmark_client] Sending sample transaction 573
[2026-09-10T03:42:21.926Z INFO  benchmark_client] Sending sample transaction 574
[2026-09-10T03:42:21.977Z INFO  benchmark_client] Sending sample transaction 575
[2026-09-10T03:42:22.026Z INFO  benchmark_client] Sending sample transaction 576
[2026-09-10T03:42:22.075Z INFO  benchmark_client] Sending sample transaction 577
[2026-09-10T03:42:22.126Z INFO  benchmark_client] Sending sample transaction 578
[2026-09-10T03:42:22.175Z INFO  benchmark_client] Sending sample transaction 579
[2026-09-10T03:42:22.226Z INFO  benchmark_client] Sending sample transaction 580
[2026-09-10T03:42:22.275Z INFO  benchmark_client] Sending sample transaction 581
[2026-09-10T03:42:22.325Z INFO  benchmark_client] Sending sample transaction 582
[2026-09-10T03:42:22.378Z INFO  benchmark_client] Sending sample transaction 583
[2026-09-10T03:42:22.425Z INFO  benchmark_client] Sending sample transaction 584
[2026-09-10T03:42:22.476Z INFO  benchmark_client] Sending sample transaction 585
[2026-09-10T03:42:22.526Z INFO  benchmark_client] Sending sample transaction 586
[2026-09-10T03:42:22.576Z INFO  benchmark_client] Sending sample transaction 587
[2026-09-10T03:42:22.626Z INFO  benchmark_client] Sending sample transaction 588
[2026-09-10T03:42:22.677Z INFO  benchmark_client] Sending sample transaction 589
[2026-09-10T03:42:22.725Z INFO  benchmark_client] Sending sample transaction 590
[2026-09-10T03:42:22.775Z INFO  benchmark_client] Sending sample transaction 591
[2026-09-10T03:42:22.826Z INFO  benchmark_client] Sending sample transaction 592
[2026-09-10T03:42:22.875Z INFO  benchmark_client] Sending sample transaction 593
[2026-09-10T03:42:22.927Z INFO  benchmark_client] Sending sample transaction 594
[2026-09-10T03:42:22.975Z INFO  benchmark_client] Sending sample transaction 595
[2026-09-10T03:42:23.026Z INFO  benchmark_client] Sending sample transaction 596
[2026-09-10T03:42:23.076Z INFO  benchmark_client] Sending sample transaction 597
[2026-09-10T03:42:23.125Z INFO  benchmark_client] Sending sample transaction 598
[2026-09-10T03:42:23.176Z INFO  benchmark_client] Sending sample transaction 599
[2026-09-10T03:42:23.224Z INFO  benchmark_client] Sending sample transaction 600
[2026-09-10T03:42:23.274Z INFO  benchmark_client] Sending sample transaction 601
[2026-09-10T03:42:23.324Z INFO  benchmark_client] Sending sample transaction 602
[2026-09-10T03:42:23.375Z INFO  benchmark_client] Sending sample transaction 603
[2026-09-10T03:42:23.425Z INFO  benchmark_client] Sending sample transaction 604
[2026-09-10T03:42:23.474Z INFO  benchmark_client] Sending sample transaction 605
[2026-09-10T03:42:23.528Z INFO  benchmark_client] Sending sample transaction 606
[2026-09-10T03:42:23.574Z INFO  benchmark_client] Sending sample transaction 607
[2026-09-10T03:42:23.624Z INFO  benchmark_client] Sending sample transaction 608
[2026-09-10T03:42:23.676Z INFO  benchmark_client] Sending sample transaction 609
[2026-09-10T03:42:23.724Z INFO  benchmark_client] Sending sample transaction 610
[2026-09-10T03:42:23.775Z INFO  benchmark_client] Sending sample transaction 611
[2026-09-10T03:42:23.824Z INFO  benchmark_client] Sending sample transaction 612
[2026-09-10T03:42:23.875Z INFO  benchmark_client] Sending sample transaction 613
[2026-09-10T03:42:23.924Z INFO  benchmark_client] Sending sample transaction 614
[2026-09-10T03:42:23.978Z INFO  benchmark_client] Sending sample transaction 615
[2026-09-10T03:42:24.026Z INFO  benchmark_client] Sending sample transaction 616
[2026-09-10T03:42:24.076Z INFO  benchmark_client] Sending sample transaction 617
[2026-09-10T03:42:24.124Z INFO  benchmark_client] Sending sample transaction 618
[2026-09-10T03:42:24.174Z INFO  benchmark_client] Sending sample transaction 619
[2026-09-10T03:42:24.226Z INFO  benchmark_client] Sending sample transaction 620
[2026-09-10T03:42:24.274Z INFO  benchmark_client] Sending sample transaction 621
[2026-09-10T03:42:24.324Z INFO  benchmark_client] Sending sample transaction 622
[2026-09-10T03:42:24.375Z INFO  benchmark_client] Sending sample transaction 623
[2026-09-10T03:42:24.427Z INFO  benchmark_client] Sending sample transaction 624
[2026-09-10T03:42:24.474Z INFO  benchmark_client] Sending sample transaction 625
[2026-09-10T03:42:24.526Z INFO  benchmark_client] Sending sample transaction 626
[2026-09-10T03:42:24.574Z INFO  benchmark_client] Sending sample transaction 627
[2026-09-10T03:42:24.628Z INFO  benchmark_client] Sending sample transaction 628
[2026-09-10T03:42:24.676Z INFO  benchmark_client] Sending sample transaction 629
[2026-09-10T03:42:24.724Z INFO  benchmark_client] Sending sample transaction 630
[2026-09-10T03:42:24.775Z INFO  benchmark_client] Sending sample transaction 631
[2026-09-10T03:42:24.825Z INFO  benchmark_client] Sending sample transaction 632
[2026-09-10T03:42:24.874Z INFO  benchmark_client] Sending sample transaction 633
[2026-09-10T03:42:24.924Z INFO  benchmark_client] Sending sample transaction 634
[2026-09-10T03:42:24.975Z INFO  benchmark_client] Sending sample transaction 635
[2026-09-10T03:42:25.024Z INFO  benchmark_client] Sending sample transaction 636
[2026-09-10T03:42:25.076Z INFO  benchmark_client] Sending sample transaction 637
[2026-09-10T03:42:25.124Z INFO  benchmark_client] Sending sample transaction 638
[2026-09-10T03:42:25.175Z INFO  benchmark_client] Sending sample transaction 639
[2026-09-10T03:42:25.225Z INFO  benchmark_client] Sending sample transaction 640
[2026-09-10T03:42:25.274Z INFO  benchmark_client] Sending sample transaction 641
[2026-09-10T03:42:25.329Z INFO  benchmark_client] Sending sample transaction 642
[2026-09-10T03:42:25.378Z INFO  benchmark_client] Sending sample transaction 643
[2026-09-10T03:42:25.424Z INFO  benchmark_client] Sending sample transaction 644
[2026-09-10T03:42:25.474Z INFO  benchmark_client] Sending sample transaction 645
[2026-09-10T03:42:25.524Z INFO  benchmark_client] Sending sample transaction 646
[2026-09-10T03:42:25.574Z INFO  benchmark_client] Sending sample transaction 647
[2026-09-10T03:42:25.628Z INFO  benchmark_client] Sending sample transaction 648
[2026-09-10T03:42:25.674Z INFO  benchmark_client] Sending sample transaction 649
[2026-09-10T03:42:25.728Z INFO  benchmark_client] Sending sample transaction 650
[2026-09-10T03:42:25.776Z INFO  benchmark_client] Sending sample transaction 651
[2026-09-10T03:42:25.824Z INFO  benchmark_client] Sending sample transaction 652
[2026-09-10T03:42:25.877Z INFO  benchmark_client] Sending sample transaction 653
[2026-09-10T03:42:25.924Z INFO  benchmark_client] Sending sample transaction 654
[2026-09-10T03:42:25.978Z INFO  benchmark_client] Sending sample transaction 655
[2026-09-10T03:42:26.025Z INFO  benchmark_client] Sending sample transaction 656
[2026-09-10T03:42:26.076Z INFO  benchmark_client] Sending sample transaction 657
[2026-09-10T03:42:26.124Z INFO  benchmark_client] Sending sample transaction 658
[2026-09-10T03:42:26.176Z INFO  benchmark_client] Sending sample transaction 659
[2026-09-10T03:42:26.225Z INFO  benchmark_client] Sending sample transaction 660
[2026-09-10T03:42:26.275Z INFO  benchmark_client] Sending sample transaction 661
[2026-09-10T03:42:26.325Z INFO  benchmark_client] Sending sample transaction 662
[2026-09-10T03:42:26.374Z INFO  benchmark_client] Sending sample transaction 663
[2026-09-10T03:42:26.425Z INFO  benchmark_client] Sending sample transaction 664
[2026-09-10T03:42:26.474Z INFO  benchmark_client] Sending sample transaction 665
[2026-09-10T03:42:26.525Z INFO  benchmark_client] Sending sample transaction 666
[2026-09-10T03:42:26.575Z INFO  benchmark_client] Sending sample transaction 667
[2026-09-10T03:42:26.625Z INFO  benchmark_client] Sending sample transaction 668
[2026-09-10T03:42:26.674Z INFO  benchmark_client] Sending sample transaction 669
[2026-09-10T03:42:26.725Z INFO  benchmark_client] Sending sample transaction 670
[2026-09-10T03:42:26.775Z INFO  benchmark_client] Sending sample transaction 671
[2026-09-10T03:42:26.824Z INFO  benchmark_client] Sending sample transaction 672
[2026-09-10T03:42:26.875Z INFO  benchmark_client] Sending sample transaction 673
[2026-09-10T03:42:26.925Z INFO  benchmark_client] Sending sample transaction 674
[2026-09-10T03:42:26.974Z INFO  benchmark_client] Sending sample transaction 675
[2026-09-10T03:42:27.024Z INFO  benchmark_client] Sending sample transaction 676
[2026-09-10T03:42:27.074Z INFO  benchmark_client] Sending sample transaction 677
[2026-09-10T03:42:27.124Z INFO  benchmark_client] Sending sample transaction 678
[2026-09-10T03:42:27.176Z INFO  benchmark_client] Sending sample transaction 679
[2026-09-10T03:42:27.224Z INFO  benchmark_client] Sending sample transaction 680
[2026-09-10T03:42:27.275Z INFO  benchmark_client] Sending sample transaction 681
[2026-09-10T03:42:27.325Z INFO  benchmark_client] Sending sample transaction 682
[2026-09-10T03:42:27.374Z INFO  benchmark_client] Sending sample transaction 683
[2026-09-10T03:42:27.425Z INFO  benchmark_client] Sending sample transaction 684
[2026-09-10T03:42:27.474Z INFO  benchmark_client] Sending sample transaction 685
[2026-09-10T03:42:27.525Z INFO  benchmark_client] Sending sample transaction 686
[2026-09-10T03:42:27.575Z INFO  benchmark_client] Sending sample transaction 687
[2026-09-10T03:42:27.624Z INFO  benchmark_client] Sending sample transaction 688
[2026-09-10T03:42:27.675Z INFO  benchmark_client] Sending sample transaction 689
[2026-09-10T03:42:27.727Z INFO  benchmark_client] Sending sample transaction 690
[2026-09-10T03:42:27.775Z INFO  benchmark_client] Sending sample transaction 691
[2026-09-10T03:42:27.827Z INFO  benchmark_client] Sending sample transaction 692
[2026-09-10T03:42:27.874Z INFO  benchmark_client] Sending sample transaction 693
[2026-09-10T03:42:27.925Z INFO  benchmark_client] Sending sample transaction 694
[2026-09-10T03:42:27.976Z INFO  benchmark_client] Sending sample transaction 695
[2026-09-10T03:42:28.024Z INFO  benchmark_client] Sending sample transaction 696
[2026-09-10T03:42:28.074Z INFO  benchmark_client] Sending sample transaction 697
[2026-09-10T03:42:28.125Z INFO  benchmark_client] Sending sample transaction 698
[2026-09-10T03:42:28.175Z INFO  benchmark_client] Sending sample transaction 699
[2026-09-10T03:42:28.226Z INFO  benchmark_client] Sending sample transaction 700
[2026-09-10T03:42:28.274Z INFO  benchmark_client] Sending sample transaction 701
[2026-09-10T03:42:28.324Z INFO  benchmark_client] Sending sample transaction 702
[2026-09-10T03:42:28.376Z INFO  benchmark_client] Sending sample transaction 703
[2026-09-10T03:42:28.425Z INFO  benchmark_client] Sending sample transaction 704
[2026-09-10T03:42:28.476Z INFO  benchmark_client] Sending sample transaction 705
[2026-09-10T03:42:28.525Z INFO  benchmark_client] Sending sample transaction 706
[2026-09-10T03:42:28.575Z INFO  benchmark_client] Sending sample transaction 707
[2026-09-10T03:42:28.625Z INFO  benchmark_client] Sending sample transaction 708
[2026-09-10T03:42:28.674Z INFO  benchmark_client] Sending sample transaction 709
[2026-09-10T03:42:28.727Z INFO  benchmark_client] Sending sample transaction 710
[2026-09-10T03:42:28.774Z INFO  benchmark_client] Sending sample transaction 711
[2026-09-10T03:42:28.824Z INFO  benchmark_client] Sending sample transaction 712
[2026-09-10T03:42:28.874Z INFO  benchmark_client] Sending sample transaction 713
[2026-09-10T03:42:28.924Z INFO  benchmark_client] Sending sample transaction 714
[2026-09-10T03:42:28.975Z INFO  benchmark_client] Sending sample transaction 715
[2026-09-10T03:42:29.025Z INFO  benchmark_client] Sending sample transaction 716
[2026-09-10T03:42:29.074Z INFO  benchmark_client] Sending sample transaction 717
[2026-09-10T03:42:29.125Z INFO  benchmark_client] Sending sample transaction 718
[2026-09-10T03:42:29.174Z INFO  benchmark_client] Sending sample transaction 719
[2026-09-10T03:42:29.225Z INFO  benchmark_client] Sending sample transaction 720
[2026-09-10T03:42:29.275Z INFO  benchmark_client] Sending sample transaction 721
[2026-09-10T03:42:29.325Z INFO  benchmark_client] Sending sample transaction 722
[2026-09-10T03:42:29.374Z INFO  benchmark_client] Sending sample transaction 723
[2026-09-10T03:42:29.424Z INFO  benchmark_client] Sending sample transaction 724
[2026-09-10T03:42:29.475Z INFO  benchmark_client] Sending sample transaction 725
[2026-09-10T03:42:29.526Z INFO  benchmark_client] Sending sample transaction 726
[2026-09-10T03:42:29.575Z INFO  benchmark_client] Sending sample transaction 727
[2026-09-10T03:42:29.624Z INFO  benchmark_client] Sending sample transaction 728
[2026-09-10T03:42:29.675Z INFO  benchmark_client] Sending sample transaction 729
[2026-09-10T03:42:29.725Z INFO  benchmark_client] Sending sample transaction 730
[2026-09-10T03:42:29.774Z INFO  benchmark_client] Sending sample transaction 731
[2026-09-10T03:42:29.824Z INFO  benchmark_client] Sending sample transaction 732
[2026-09-10T03:42:29.876Z INFO  benchmark_client] Sending sample transaction 733
[2026-09-10T03:42:29.924Z INFO  benchmark_client] Sending sample transaction 734
[2026-09-10T03:42:29.974Z INFO  benchmark_client] Sending sample transaction 735
[2026-09-10T03:42:30.026Z INFO  benchmark_client] Sending sample transaction 736
[2026-09-10T03:42:30.074Z INFO  benchmark_client] Sending sample transaction 737
[2026-09-10T03:42:30.124Z INFO  benchmark_client] Sending sample transaction 738
[2026-09-10T03:42:30.175Z INFO  benchmark_client] Sending sample transaction 739
[2026-09-10T03:42:30.224Z INFO  benchmark_client] Sending sample transaction 740
[2026-09-10T03:42:30.278Z INFO  benchmark_client] Sending sample transaction 741
[2026-09-10T03:42:30.324Z INFO  benchmark_client] Sending sample transaction 742
[2026-09-10T03:42:30.375Z INFO  benchmark_client] Sending sample transaction 743
[2026-09-10T03:42:30.425Z INFO  benchmark_client] Sending sample transaction 744
[2026-09-10T03:42:30.474Z INFO  benchmark_client] Sending sample transaction 745
[2026-09-10T03:42:30.524Z INFO  benchmark_client] Sending sample transaction 746
[2026-09-10T03:42:30.577Z INFO  benchmark_client] Sending sample transaction 747
[2026-09-10T03:42:30.624Z INFO  benchmark_client] Sending sample transaction 748
[2026-09-10T03:42:30.676Z INFO  benchmark_client] Sending sample transaction 749
[2026-09-10T03:42:30.724Z INFO  benchmark_client] Sending sample transaction 750
[2026-09-10T03:42:30.776Z INFO  benchmark_client] Sending sample transaction 751
[2026-09-10T03:42:30.827Z INFO  benchmark_client] Sending sample transaction 752
[2026-09-10T03:42:30.875Z INFO  benchmark_client] Sending sample transaction 753
[2026-09-10T03:42:30.925Z INFO  benchmark_client] Sending sample transaction 754
[2026-09-10T03:42:30.975Z INFO  benchmark_client] Sending sample transaction 755
[2026-09-10T03:42:31.024Z INFO  benchmark_client] Sending sample transaction 756
[2026-09-10T03:42:31.077Z INFO  benchmark_client] Sending sample transaction 757
[2026-09-10T03:42:31.124Z INFO  benchmark_client] Sending sample transaction 758
[2026-09-10T03:42:31.174Z INFO  benchmark_client] Sending sample transaction 759
[2026-09-10T03:42:31.225Z INFO  benchmark_client] Sending sample transaction 760
[2026-09-10T03:42:31.275Z INFO  benchmark_client] Sending sample transaction 761
[2026-09-10T03:42:31.325Z INFO  benchmark_client] Sending sample transaction 762
[2026-09-10T03:42:31.374Z INFO  benchmark_client] Sending sample transaction 763
[2026-09-10T03:42:31.425Z INFO  benchmark_client] Sending sample transaction 764
[2026-09-10T03:42:31.475Z INFO  benchmark_client] Sending sample transaction 765
[2026-09-10T03:42:31.525Z INFO  benchmark_client] Sending sample transaction 766
[2026-09-10T03:42:31.575Z INFO  benchmark_client] Sending sample transaction 767
[2026-09-10T03:42:31.624Z INFO  benchmark_client] Sending sample transaction 768
[2026-09-10T03:42:31.675Z INFO  benchmark_client] Sending sample transaction 769
[2026-09-10T03:42:31.724Z INFO  benchmark_client] Sending sample transaction 770
[2026-09-10T03:42:31.775Z INFO  benchmark_client] Sending sample transaction 771
[2026-09-10T03:42:31.825Z INFO  benchmark_client] Sending sample transaction 772
[2026-09-10T03:42:31.874Z INFO  benchmark_client] Sending sample transaction 773
[2026-09-10T03:42:31.924Z INFO  benchmark_client] Sending sample transaction 774
[2026-09-10T03:42:31.975Z INFO  benchmark_client] Sending sample transaction 775
[2026-09-10T03:42:32.025Z INFO  benchmark_client] Sending sample transaction 776
[2026-09-10T03:42:32.076Z INFO  benchmark_client] Sending sample transaction 777
[2026-09-10T03:42:32.127Z INFO  benchmark_client] Sending sample transaction 778
[2026-09-10T03:42:32.174Z INFO  benchmark_client] Sending sample transaction 779
[2026-09-10T03:42:32.226Z INFO  benchmark_client] Sending sample transaction 780
[2026-09-10T03:42:32.274Z INFO  benchmark_client] Sending sample transaction 781
[2026-09-10T03:42:32.325Z INFO  benchmark_client] Sending sample transaction 782
[2026-09-10T03:42:32.375Z INFO  benchmark_client] Sending sample transaction 783
[2026-09-10T03:42:32.425Z INFO  benchmark_client] Sending sample transaction 784
[2026-09-10T03:42:32.474Z INFO  benchmark_client] Sending sample transaction 785
[2026-09-10T03:42:32.528Z INFO  benchmark_client] Sending sample transaction 786
[2026-09-10T03:42:32.574Z INFO  benchmark_client] Sending sample transaction 787
[2026-09-10T03:42:32.624Z INFO  benchmark_client] Sending sample transaction 788
[2026-09-10T03:42:32.675Z INFO  benchmark_client] Sending sample transaction 789
[2026-09-10T03:42:32.726Z INFO  benchmark_client] Sending sample transaction 790
[2026-09-10T03:42:32.776Z INFO  benchmark_client] Sending sample transaction 791
[2026-09-10T03:42:32.824Z INFO  benchmark_client] Sending sample transaction 792
[2026-09-10T03:42:32.874Z INFO  benchmark_client] Sending sample transaction 793
[2026-09-10T03:42:32.925Z INFO  benchmark_client] Sending sample transaction 794
[2026-09-10T03:42:32.976Z INFO  benchmark_client] Sending sample transaction 795
[2026-09-10T03:42:33.024Z INFO  benchmark_client] Sending sample transaction 796
[2026-09-10T03:42:33.074Z INFO  benchmark_client] Sending sample transaction 797
[2026-09-10T03:42:33.126Z INFO  benchmark_client] Sending sample transaction 798
[2026-09-10T03:42:33.175Z INFO  benchmark_client] Sending sample transaction 799
[2026-09-10T03:42:33.224Z INFO  benchmark_client] Sending sample transaction 800
[2026-09-10T03:42:33.275Z INFO  benchmark_client] Sending sample transaction 801
[2026-09-10T03:42:33.325Z INFO  benchmark_client] Sending sample transaction 802
[2026-09-10T03:42:33.374Z INFO  benchmark_client] Sending sample transaction 803
[2026-09-10T03:42:33.425Z INFO  benchmark_client] Sending sample transaction 804
[2026-09-10T03:42:33.474Z INFO  benchmark_client] Sending sample transaction 805
[2026-09-10T03:42:33.528Z INFO  benchmark_client] Sending sample transaction 806
[2026-09-10T03:42:33.574Z INFO  benchmark_client] Sending sample transaction 807
[2026-09-10T03:42:33.625Z INFO  benchmark_client] Sending sample transaction 808
[2026-09-10T03:42:33.675Z INFO  benchmark_client] Sending sample transaction 809
[2026-09-10T03:42:33.725Z INFO  benchmark_client] Sending sample transaction 810
[2026-09-10T03:42:33.775Z INFO  benchmark_client] Sending sample transaction 811
[2026-09-10T03:42:33.825Z INFO  benchmark_client] Sending sample transaction 812
[2026-09-10T03:42:33.876Z INFO  benchmark_client] Sending sample transaction 813
[2026-09-10T03:42:33.925Z INFO  benchmark_client] Sending sample transaction 814
[2026-09-10T03:42:33.974Z INFO  benchmark_client] Sending sample transaction 815
[2026-09-10T03:42:34.028Z INFO  benchmark_client] Sending sample transaction 816
[2026-09-10T03:42:34.075Z INFO  benchmark_client] Sending sample transaction 817
[2026-09-10T03:42:34.125Z INFO  benchmark_client] Sending sample transaction 818
[2026-09-10T03:42:34.175Z INFO  benchmark_client] Sending sample transaction 819
[2026-09-10T03:42:34.225Z INFO  benchmark_client] Sending sample transaction 820
[2026-09-10T03:42:34.275Z INFO  benchmark_client] Sending sample transaction 821
[2026-09-10T03:42:34.324Z INFO  benchmark_client] Sending sample transaction 822
[2026-09-10T03:42:34.374Z INFO  benchmark_client] Sending sample transaction 823
[2026-09-10T03:42:34.424Z INFO  benchmark_client] Sending sample transaction 824
[2026-09-10T03:42:34.475Z INFO  benchmark_client] Sending sample transaction 825
[2026-09-10T03:42:34.529Z INFO  benchmark_client] Sending sample transaction 826
[2026-09-10T03:42:34.575Z INFO  benchmark_client] Sending sample transaction 827
[2026-09-10T03:42:34.626Z INFO  benchmark_client] Sending sample transaction 828
[2026-09-10T03:42:34.679Z INFO  benchmark_client] Sending sample transaction 829
[2026-09-10T03:42:34.724Z INFO  benchmark_client] Sending sample transaction 830
[2026-09-10T03:42:34.775Z INFO  benchmark_client] Sending sample transaction 831
[2026-09-10T03:42:34.824Z INFO  benchmark_client] Sending sample transaction 832
[2026-09-10T03:42:34.876Z INFO  benchmark_client] Sending sample transaction 833
[2026-09-10T03:42:34.924Z INFO  benchmark_client] Sending sample transaction 834
[2026-09-10T03:42:34.976Z INFO  benchmark_client] Sending sample transaction 835
[2026-09-10T03:42:35.024Z INFO  benchmark_client] Sending sample transaction 836
[2026-09-10T03:42:35.076Z INFO  benchmark_client] Sending sample transaction 837
[2026-09-10T03:42:35.124Z INFO  benchmark_client] Sending sample transaction 838
[2026-09-10T03:42:35.176Z INFO  benchmark_client] Sending sample transaction 839
[2026-09-10T03:42:35.225Z INFO  benchmark_client] Sending sample transaction 840
[2026-09-10T03:42:35.275Z INFO  benchmark_client] Sending sample transaction 841
[2026-09-10T03:42:35.325Z INFO  benchmark_client] Sending sample transaction 842
[2026-09-10T03:42:35.375Z INFO  benchmark_client] Sending sample transaction 843
[2026-09-10T03:42:35.425Z INFO  benchmark_client] Sending sample transaction 844
[2026-09-10T03:42:35.475Z INFO  benchmark_client] Sending sample transaction 845
[2026-09-10T03:42:35.524Z INFO  benchmark_client] Sending sample transaction 846
[2026-09-10T03:42:35.574Z INFO  benchmark_client] Sending sample transaction 847
[2026-09-10T03:42:35.628Z INFO  benchmark_client] Sending sample transaction 848
[2026-09-10T03:42:35.677Z INFO  benchmark_client] Sending sample transaction 849
[2026-09-10T03:42:35.725Z INFO  benchmark_client] Sending sample transaction 850
[2026-09-10T03:42:35.775Z INFO  benchmark_client] Sending sample transaction 851
[2026-09-10T03:42:35.825Z INFO  benchmark_client] Sending sample transaction 852
[2026-09-10T03:42:35.874Z INFO  benchmark_client] Sending sample transaction 853
[2026-09-10T03:42:35.925Z INFO  benchmark_client] Sending sample transaction 854
[2026-09-10T03:42:35.975Z INFO  benchmark_client] Sending sample transaction 855
[2026-09-10T03:42:36.025Z INFO  benchmark_client] Sending sample transaction 856
[2026-09-10T03:42:36.075Z INFO  benchmark_client] Sending sample transaction 857
[2026-09-10T03:42:36.125Z INFO  benchmark_client] Sending sample transaction 858
[2026-09-10T03:42:36.175Z INFO  benchmark_client] Sending sample transaction 859
[2026-09-10T03:42:36.225Z INFO  benchmark_client] Sending sample transaction 860
[2026-09-10T03:42:36.276Z INFO  benchmark_client] Sending sample transaction 861
[2026-09-10T03:42:36.325Z INFO  benchmark_client] Sending sample transaction 862
[2026-09-10T03:42:36.375Z INFO  benchmark_client] Sending sample transaction 863
[2026-09-10T03:42:36.425Z INFO  benchmark_client] Sending sample transaction 864
[2026-09-10T03:42:36.475Z INFO  benchmark_client] Sending sample transaction 865
[2026-09-10T03:42:36.525Z INFO  benchmark_client] Sending sample transaction 866
[2026-09-10T03:42:36.575Z INFO  benchmark_client] Sending sample transaction 867
[2026-09-10T03:42:36.625Z INFO  benchmark_client] Sending sample transaction 868
[2026-09-10T03:42:36.674Z INFO  benchmark_client] Sending sample transaction 869
[2026-09-10T03:42:36.725Z INFO  benchmark_client] Sending sample transaction 870
[2026-09-10T03:42:36.777Z INFO  benchmark_client] Sending sample transaction 871
[2026-09-10T03:42:36.825Z INFO  benchmark_client] Sending sample transaction 872
[2026-09-10T03:42:36.875Z INFO  benchmark_client] Sending sample transaction 873
[2026-09-10T03:42:36.925Z INFO  benchmark_client] Sending sample transaction 874
[2026-09-10T03:42:36.975Z INFO  benchmark_client] Sending sample transaction 875
[2026-09-10T03:42:37.026Z INFO  benchmark_client] Sending sample transaction 876
[2026-09-10T03:42:37.075Z INFO  benchmark_client] Sending sample transaction 877
[2026-09-10T03:42:37.125Z INFO  benchmark_client] Sending sample transaction 878
[2026-09-10T03:42:37.175Z INFO  benchmark_client] Sending sample transaction 879
[2026-09-10T03:42:37.225Z INFO  benchmark_client] Sending sample transaction 880
[2026-09-10T03:42:37.275Z INFO  benchmark_client] Sending sample transaction 881
[2026-09-10T03:42:37.324Z INFO  benchmark_client] Sending sample transaction 882
[2026-09-10T03:42:37.375Z INFO  benchmark_client] Sending sample transaction 883
[2026-09-10T03:42:37.425Z INFO  benchmark_client] Sending sample transaction 884
[2026-09-10T03:42:37.476Z INFO  benchmark_client] Sending sample transaction 885
[2026-09-10T03:42:37.525Z INFO  benchmark_client] Sending sample transaction 886
[2026-09-10T03:42:37.575Z INFO  benchmark_client] Sending sample transaction 887
[2026-09-10T03:42:37.625Z INFO  benchmark_client] Sending sample transaction 888
[2026-09-10T03:42:37.679Z INFO  benchmark_client] Sending sample transaction 889
[2026-09-10T03:42:37.725Z INFO  benchmark_client] Sending sample transaction 890
[2026-09-10T03:42:37.775Z INFO  benchmark_client] Sending sample transaction 891
[2026-09-10T03:42:37.825Z INFO  benchmark_client] Sending sample transaction 892
[2026-09-10T03:42:37.875Z INFO  benchmark_client] Sending sample transaction 893
[2026-09-10T03:42:37.925Z INFO  benchmark_client] Sending sample transaction 894
[2026-09-10T03:42:37.975Z INFO  benchmark_client] Sending sample transaction 895
[2026-09-10T03:42:38.024Z INFO  benchmark_client] Sending sample transaction 896
[2026-09-10T03:42:38.076Z INFO  benchmark_client] Sending sample transaction 897
[2026-09-10T03:42:38.125Z INFO  benchmark_client] Sending sample transaction 898
[2026-09-10T03:42:38.175Z INFO  benchmark_client] Sending sample transaction 899
[2026-09-10T03:42:38.225Z INFO  benchmark_client] Sending sample transaction 900
[2026-09-10T03:42:38.277Z INFO  benchmark_client] Sending sample transaction 901
[2026-09-10T03:42:38.325Z INFO  benchmark_client] Sending sample transaction 902
[2026-09-10T03:42:38.376Z INFO  benchmark_client] Sending sample transaction 903
[2026-09-10T03:42:38.425Z INFO  benchmark_client] Sending sample transaction 904
[2026-09-10T03:42:38.475Z INFO  benchmark_client] Sending sample transaction 905
[2026-09-10T03:42:38.525Z INFO  benchmark_client] Sending sample transaction 906
[2026-09-10T03:42:38.575Z INFO  benchmark_client] Sending sample transaction 907
[2026-09-10T03:42:38.625Z INFO  benchmark_client] Sending sample transaction 908
[2026-09-10T03:42:38.675Z INFO  benchmark_client] Sending sample transaction 909
[2026-09-10T03:42:38.725Z INFO  benchmark_client] Sending sample transaction 910
[2026-09-10T03:42:38.775Z INFO  benchmark_client] Sending sample transaction 911
[2026-09-10T03:42:38.825Z INFO  benchmark_client] Sending sample transaction 912
[2026-09-10T03:42:38.877Z INFO  benchmark_client] Sending sample transaction 913
[2026-09-10T03:42:38.925Z INFO  benchmark_client] Sending sample transaction 914
[2026-09-10T03:42:38.975Z INFO  benchmark_client] Sending sample transaction 915
[2026-09-10T03:42:39.025Z INFO  benchmark_client] Sending sample transaction 916
[2026-09-10T03:42:39.076Z INFO  benchmark_client] Sending sample transaction 917
[2026-09-10T03:42:39.125Z INFO  benchmark_client] Sending sample transaction 918
[2026-09-10T03:42:39.175Z INFO  benchmark_client] Sending sample transaction 919
[2026-09-10T03:42:39.226Z INFO  benchmark_client] Sending sample transaction 920
[2026-09-10T03:42:39.275Z INFO  benchmark_client] Sending sample transaction 921
[2026-09-10T03:42:39.326Z INFO  benchmark_client] Sending sample transaction 922
[2026-09-10T03:42:39.376Z INFO  benchmark_client] Sending sample transaction 923
[2026-09-10T03:42:39.425Z INFO  benchmark_client] Sending sample transaction 924
[2026-09-10T03:42:39.477Z INFO  benchmark_client] Sending sample transaction 925
[2026-09-10T03:42:39.525Z INFO  benchmark_client] Sending sample transaction 926
[2026-09-10T03:42:39.575Z INFO  benchmark_client] Sending sample transaction 927
[2026-09-10T03:42:39.625Z INFO  benchmark_client] Sending sample transaction 928
[2026-09-10T03:42:39.675Z INFO  benchmark_client] Sending sample transaction 929
[2026-09-10T03:42:39.725Z INFO  benchmark_client] Sending sample transaction 930
[2026-09-10T03:42:39.775Z INFO  benchmark_client] Sending sample transaction 931
[2026-09-10T03:42:39.825Z INFO  benchmark_client] Sending sample transaction 932
[2026-09-10T03:42:39.875Z INFO  benchmark_client] Sending sample transaction 933
[2026-09-10T03:42:39.925Z INFO  benchmark_client] Sending sample transaction 934
[2026-09-10T03:42:39.975Z INFO  benchmark_client] Sending sample transaction 935
[2026-09-10T03:42:40.026Z INFO  benchmark_client] Sending sample transaction 936
[2026-09-10T03:42:40.075Z INFO  benchmark_client] Sending sample transaction 937
[2026-09-10T03:42:40.127Z INFO  benchmark_client] Sending sample transaction 938
[2026-09-10T03:42:40.177Z INFO  benchmark_client] Sending sample transaction 939
[2026-09-10T03:42:40.227Z INFO  benchmark_client] Sending sample transaction 940
[2026-09-10T03:42:40.276Z INFO  benchmark_client] Sending sample transaction 941
[2026-09-10T03:42:40.325Z INFO  benchmark_client] Sending sample transaction 942
[2026-09-10T03:42:40.376Z INFO  benchmark_client] Sending sample transaction 943
[2026-09-10T03:42:40.427Z INFO  benchmark_client] Sending sample transaction 944
[2026-09-10T03:42:40.475Z INFO  benchmark_client] Sending sample transaction 945
[2026-09-10T03:42:40.525Z INFO  benchmark_client] Sending sample transaction 946
[2026-09-10T03:42:40.575Z INFO  benchmark_client] Sending sample transaction 947
[2026-09-10T03:42:40.625Z INFO  benchmark_client] Sending sample transaction 948
[2026-09-10T03:42:40.675Z INFO  benchmark_client] Sending sample transaction 949
[2026-09-10T03:42:40.725Z INFO  benchmark_client] Sending sample transaction 950
[2026-09-10T03:42:40.777Z INFO  benchmark_client] Sending sample transaction 951
[2026-09-10T03:42:40.825Z INFO  benchmark_client] Sending sample transaction 952
[2026-09-10T03:42:40.875Z INFO  benchmark_client] Sending sample transaction 953
[2026-09-10T03:42:40.925Z INFO  benchmark_client] Sending sample transaction 954
[2026-09-10T03:42:40.975Z INFO  benchmark_client] Sending sample transaction 955
[2026-09-10T03:42:41.025Z INFO  benchmark_client] Sending sample transaction 956
[2026-09-10T03:42:41.076Z INFO  benchmark_client] Sending sample transaction 957
[2026-09-10T03:42:41.128Z INFO  benchmark_client] Sending sample transaction 958
[2026-09-10T03:42:41.177Z INFO  benchmark_client] Sending sample transaction 959
[2026-09-10T03:42:41.225Z INFO  benchmark_client] Sending sample transaction 960
[2026-09-10T03:42:41.275Z INFO  benchmark_client] Sending sample transaction 961
[2026-09-10T03:42:41.325Z INFO  benchmark_client] Sending sample transaction 962
[2026-09-10T03:42:41.375Z INFO  benchmark_client] Sending sample transaction 963
[2026-09-10T03:42:41.427Z INFO  benchmark_client] Sending sample transaction 964
[2026-09-10T03:42:41.475Z INFO  benchmark_client] Sending sample transaction 965
[2026-09-10T03:42:41.525Z INFO  benchmark_client] Sending sample transaction 966
[2026-09-10T03:42:41.578Z INFO  benchmark_client] Sending sample transaction 967
[2026-09-10T03:42:41.626Z INFO  benchmark_client] Sending sample transaction 968
[2026-09-10T03:42:41.676Z INFO  benchmark_client] Sending sample transaction 969
[2026-09-10T03:42:41.727Z INFO  benchmark_client] Sending sample transaction 970
[2026-09-10T03:42:41.775Z INFO  benchmark_client] Sending sample transaction 971
[2026-09-10T03:42:41.825Z INFO  benchmark_client] Sending sample transaction 972
[2026-09-10T03:42:41.875Z INFO  benchmark_client] Sending sample transaction 973
[2026-09-10T03:42:41.925Z INFO  benchmark_client] Sending sample transaction 974
[2026-09-10T03:42:41.975Z INFO  benchmark_client] Sending sample transaction 975
[2026-09-10T03:42:42.025Z INFO  benchmark_client] Sending sample transaction 976
[2026-09-10T03:42:42.075Z INFO  benchmark_client] Sending sample transaction 977
[2026-09-10T03:42:42.126Z INFO  benchmark_client] Sending sample transaction 978
[2026-09-10T03:42:42.175Z INFO  benchmark_client] Sending sample transaction 979
[2026-09-10T03:42:42.225Z INFO  benchmark_client] Sending sample transaction 980
[2026-09-10T03:42:42.275Z INFO  benchmark_client] Sending sample transaction 981
[2026-09-10T03:42:42.327Z INFO  benchmark_client] Sending sample transaction 982
[2026-09-10T03:42:42.375Z INFO  benchmark_client] Sending sample transaction 983
[2026-09-10T03:42:42.425Z INFO  benchmark_client] Sending sample transaction 984
[2026-09-10T03:42:42.477Z INFO  benchmark_client] Sending sample transaction 985
[2026-09-10T03:42:42.525Z INFO  benchmark_client] Sending sample transaction 986
[2026-09-10T03:42:42.575Z INFO  benchmark_client] Sending sample transaction 987
[2026-09-10T03:42:42.626Z INFO  benchmark_client] Sending sample transaction 988
[2026-09-10T03:42:42.675Z INFO  benchmark_client] Sending sample transaction 989
[2026-09-10T03:42:42.725Z INFO  benchmark_client] Sending sample transaction 990
[2026-09-10T03:42:42.775Z INFO  benchmark_client] Sending sample transaction 991
[2026-09-10T03:42:42.825Z INFO  benchmark_client] Sending sample transaction 992
[2026-09-10T03:42:42.879Z INFO  benchmark_client] Sending sample transaction 993
[2026-09-10T03:42:42.925Z INFO  benchmark_client] Sending sample transaction 994
[2026-09-10T03:42:42.976Z INFO  benchmark_client] Sending sample transaction 995
[2026-09-10T03:42:43.025Z INFO  benchmark_client] Sending sample transaction 996
[2026-09-10T03:42:43.075Z INFO  benchmark_client] Sending sample transaction 997
[2026-09-10T03:42:43.126Z INFO  benchmark_client] Sending sample transaction 998
[2026-09-10T03:42:43.176Z INFO  benchmark_client] Sending sample transaction 999
[2026-09-10T03:42:43.225Z INFO  benchmark_client] Sending sample transaction 1000
[2026-09-10T03:42:43.276Z INFO  benchmark_client] Sending sample transaction 1001
[2026-09-10T03:42:43.325Z INFO  benchmark_client] Sending sample transaction 1002
[2026-09-10T03:42:43.376Z INFO  benchmark_client] Sending sample transaction 1003
[2026-09-10T03:42:43.425Z INFO  benchmark_client] Sending sample transaction 1004
[2026-09-10T03:42:43.474Z INFO  benchmark_client] Sending sample transaction 1005
[2026-09-10T03:42:43.526Z INFO  benchmark_client] Sending sample transaction 1006
[2026-09-10T03:42:43.577Z INFO  benchmark_client] Sending sample transaction 1007
[2026-09-10T03:42:43.629Z INFO  benchmark_client] Sending sample transaction 1008
[2026-09-10T03:42:43.675Z INFO  benchmark_client] Sending sample transaction 1009
[2026-09-10T03:42:43.727Z INFO  benchmark_client] Sending sample transaction 1010
[2026-09-10T03:42:43.775Z INFO  benchmark_client] Sending sample transaction 1011
[2026-09-10T03:42:43.825Z INFO  benchmark_client] Sending sample transaction 1012
[2026-09-10T03:42:43.876Z INFO  benchmark_client] Sending sample transaction 1013
[2026-09-10T03:42:43.926Z INFO  benchmark_client] Sending sample transaction 1014
[2026-09-10T03:42:43.978Z INFO  benchmark_client] Sending sample transaction 1015
[2026-09-10T03:42:44.026Z INFO  benchmark_client] Sending sample transaction 1016
[2026-09-10T03:42:44.075Z INFO  benchmark_client] Sending sample transaction 1017
[2026-09-10T03:42:44.128Z INFO  benchmark_client] Sending sample transaction 1018
[2026-09-10T03:42:44.175Z INFO  benchmark_client] Sending sample transaction 1019
[2026-09-10T03:42:44.225Z INFO  benchmark_client] Sending sample transaction 1020
[2026-09-10T03:42:44.276Z INFO  benchmark_client] Sending sample transaction 1021
[2026-09-10T03:42:44.325Z INFO  benchmark_client] Sending sample transaction 1022
[2026-09-10T03:42:44.375Z INFO  benchmark_client] Sending sample transaction 1023
[2026-09-10T03:42:44.427Z INFO  benchmark_client] Sending sample transaction 1024
[2026-09-10T03:42:44.475Z INFO  benchmark_client] Sending sample transaction 1025
[2026-09-10T03:42:44.525Z INFO  benchmark_client] Sending sample transaction 1026
[2026-09-10T03:42:44.576Z INFO  benchmark_client] Sending sample transaction 1027
[2026-09-10T03:42:44.625Z INFO  benchmark_client] Sending sample transaction 1028
[2026-09-10T03:42:44.675Z INFO  benchmark_client] Sending sample transaction 1029
[2026-09-10T03:42:44.725Z INFO  benchmark_client] Sending sample transaction 1030
[2026-09-10T03:42:44.775Z INFO  benchmark_client] Sending sample transaction 1031
[2026-09-10T03:42:44.826Z INFO  benchmark_client] Sending sample transaction 1032
[2026-09-10T03:42:44.875Z INFO  benchmark_client] Sending sample transaction 1033
[2026-09-10T03:42:44.928Z INFO  benchmark_client] Sending sample transaction 1034
[2026-09-10T03:42:44.975Z INFO  benchmark_client] Sending sample transaction 1035
[2026-09-10T03:42:45.025Z INFO  benchmark_client] Sending sample transaction 1036
[2026-09-10T03:42:45.075Z INFO  benchmark_client] Sending sample transaction 1037
[2026-09-10T03:42:45.127Z INFO  benchmark_client] Sending sample transaction 1038
[2026-09-10T03:42:45.175Z INFO  benchmark_client] Sending sample transaction 1039
[2026-09-10T03:42:45.227Z INFO  benchmark_client] Sending sample transaction 1040
[2026-09-10T03:42:45.275Z INFO  benchmark_client] Sending sample transaction 1041
[2026-09-10T03:42:45.327Z INFO  benchmark_client] Sending sample transaction 1042
[2026-09-10T03:42:45.378Z INFO  benchmark_client] Sending sample transaction 1043
[2026-09-10T03:42:45.427Z INFO  benchmark_client] Sending sample transaction 1044
[2026-09-10T03:42:45.475Z INFO  benchmark_client] Sending sample transaction 1045
[2026-09-10T03:42:45.525Z INFO  benchmark_client] Sending sample transaction 1046
[2026-09-10T03:42:45.577Z INFO  benchmark_client] Sending sample transaction 1047
[2026-09-10T03:42:45.625Z INFO  benchmark_client] Sending sample transaction 1048
[2026-09-10T03:42:45.679Z INFO  benchmark_client] Sending sample transaction 1049
[2026-09-10T03:42:45.725Z INFO  benchmark_client] Sending sample transaction 1050
[2026-09-10T03:42:45.776Z INFO  benchmark_client] Sending sample transaction 1051
[2026-09-10T03:42:45.827Z INFO  benchmark_client] Sending sample transaction 1052
[2026-09-10T03:42:45.877Z INFO  benchmark_client] Sending sample transaction 1053
[2026-09-10T03:42:45.925Z INFO  benchmark_client] Sending sample transaction 1054
[2026-09-10T03:42:45.978Z INFO  benchmark_client] Sending sample transaction 1055
[2026-09-10T03:42:46.029Z INFO  benchmark_client] Sending sample transaction 1056
[2026-09-10T03:42:46.076Z INFO  benchmark_client] Sending sample transaction 1057
[2026-09-10T03:42:46.129Z INFO  benchmark_client] Sending sample transaction 1058
[2026-09-10T03:42:46.177Z INFO  benchmark_client] Sending sample transaction 1059
[2026-09-10T03:42:46.226Z INFO  benchmark_client] Sending sample transaction 1060
[2026-09-10T03:42:46.278Z INFO  benchmark_client] Sending sample transaction 1061
[2026-09-10T03:42:46.325Z INFO  benchmark_client] Sending sample transaction 1062
[2026-09-10T03:42:46.378Z INFO  benchmark_client] Sending sample transaction 1063
[2026-09-10T03:42:46.426Z INFO  benchmark_client] Sending sample transaction 1064
[2026-09-10T03:42:46.475Z INFO  benchmark_client] Sending sample transaction 1065
[2026-09-10T03:42:46.526Z INFO  benchmark_client] Sending sample transaction 1066
[2026-09-10T03:42:46.577Z INFO  benchmark_client] Sending sample transaction 1067
[2026-09-10T03:42:46.625Z INFO  benchmark_client] Sending sample transaction 1068
[2026-09-10T03:42:46.675Z INFO  benchmark_client] Sending sample transaction 1069
[2026-09-10T03:42:46.725Z INFO  benchmark_client] Sending sample transaction 1070
[2026-09-10T03:42:46.776Z INFO  benchmark_client] Sending sample transaction 1071
[2026-09-10T03:42:46.826Z INFO  benchmark_client] Sending sample transaction 1072
[2026-09-10T03:42:46.875Z INFO  benchmark_client] Sending sample transaction 1073
[2026-09-10T03:42:46.926Z INFO  benchmark_client] Sending sample transaction 1074
[2026-09-10T03:42:46.975Z INFO  benchmark_client] Sending sample transaction 1075
[2026-09-10T03:42:47.025Z INFO  benchmark_client] Sending sample transaction 1076
[2026-09-10T03:42:47.075Z INFO  benchmark_client] Sending sample transaction 1077
[2026-09-10T03:42:47.128Z INFO  benchmark_client] Sending sample transaction 1078
[2026-09-10T03:42:47.175Z INFO  benchmark_client] Sending sample transaction 1079
[2026-09-10T03:42:47.228Z INFO  benchmark_client] Sending sample transaction 1080
[2026-09-10T03:42:47.278Z INFO  benchmark_client] Sending sample transaction 1081
[2026-09-10T03:42:47.325Z INFO  benchmark_client] Sending sample transaction 1082
[2026-09-10T03:42:47.377Z INFO  benchmark_client] Sending sample transaction 1083
[2026-09-10T03:42:47.428Z INFO  benchmark_client] Sending sample transaction 1084
[2026-09-10T03:42:47.475Z INFO  benchmark_client] Sending sample transaction 1085
[2026-09-10T03:42:47.527Z INFO  benchmark_client] Sending sample transaction 1086
[2026-09-10T03:42:47.575Z INFO  benchmark_client] Sending sample transaction 1087
[2026-09-10T03:42:47.626Z INFO  benchmark_client] Sending sample transaction 1088
[2026-09-10T03:42:47.676Z INFO  benchmark_client] Sending sample transaction 1089
[2026-09-10T03:42:47.725Z INFO  benchmark_client] Sending sample transaction 1090
[2026-09-10T03:42:47.775Z INFO  benchmark_client] Sending sample transaction 1091
[2026-09-10T03:42:47.825Z INFO  benchmark_client] Sending sample transaction 1092
[2026-09-10T03:42:47.876Z INFO  benchmark_client] Sending sample transaction 1093
[2026-09-10T03:42:47.927Z INFO  benchmark_client] Sending sample transaction 1094
[2026-09-10T03:42:47.975Z INFO  benchmark_client] Sending sample transaction 1095
[2026-09-10T03:42:48.026Z INFO  benchmark_client] Sending sample transaction 1096
[2026-09-10T03:42:48.075Z INFO  benchmark_client] Sending sample transaction 1097
[2026-09-10T03:42:48.126Z INFO  benchmark_client] Sending sample transaction 1098
[2026-09-10T03:42:48.179Z INFO  benchmark_client] Sending sample transaction 1099
[2026-09-10T03:42:48.227Z INFO  benchmark_client] Sending sample transaction 1100
[2026-09-10T03:42:48.281Z INFO  benchmark_client] Sending sample transaction 1101
[2026-09-10T03:42:48.326Z INFO  benchmark_client] Sending sample transaction 1102
[2026-09-10T03:42:48.376Z INFO  benchmark_client] Sending sample transaction 1103
[2026-09-10T03:42:48.428Z INFO  benchmark_client] Sending sample transaction 1104
[2026-09-10T03:42:48.476Z INFO  benchmark_client] Sending sample transaction 1105
[2026-09-10T03:42:48.533Z INFO  benchmark_client] Sending sample transaction 1106
[2026-09-10T03:42:48.575Z INFO  benchmark_client] Sending sample transaction 1107
[2026-09-10T03:42:48.625Z INFO  benchmark_client] Sending sample transaction 1108
[2026-09-10T03:42:48.676Z INFO  benchmark_client] Sending sample transaction 1109
[2026-09-10T03:42:48.725Z INFO  benchmark_client] Sending sample transaction 1110
[2026-09-10T03:42:48.775Z INFO  benchmark_client] Sending sample transaction 1111
[2026-09-10T03:42:48.827Z INFO  benchmark_client] Sending sample transaction 1112
[2026-09-10T03:42:48.875Z INFO  benchmark_client] Sending sample transaction 1113
[2026-09-10T03:42:48.925Z INFO  benchmark_client] Sending sample transaction 1114
[2026-09-10T03:42:48.975Z INFO  benchmark_client] Sending sample transaction 1115
[2026-09-10T03:42:49.025Z INFO  benchmark_client] Sending sample transaction 1116
[2026-09-10T03:42:49.078Z INFO  benchmark_client] Sending sample transaction 1117
[2026-09-10T03:42:49.125Z INFO  benchmark_client] Sending sample transaction 1118
[2026-09-10T03:42:49.176Z INFO  benchmark_client] Sending sample transaction 1119
[2026-09-10T03:42:49.227Z INFO  benchmark_client] Sending sample transaction 1120
[2026-09-10T03:42:49.275Z INFO  benchmark_client] Sending sample transaction 1121
[2026-09-10T03:42:49.328Z INFO  benchmark_client] Sending sample transaction 1122
[2026-09-10T03:42:49.375Z INFO  benchmark_client] Sending sample transaction 1123
[2026-09-10T03:42:49.427Z INFO  benchmark_client] Sending sample transaction 1124
[2026-09-10T03:42:49.477Z INFO  benchmark_client] Sending sample transaction 1125
[2026-09-10T03:42:49.526Z INFO  benchmark_client] Sending sample transaction 1126
[2026-09-10T03:42:49.576Z INFO  benchmark_client] Sending sample transaction 1127
[2026-09-10T03:42:49.626Z INFO  benchmark_client] Sending sample transaction 1128
[2026-09-10T03:42:49.675Z INFO  benchmark_client] Sending sample transaction 1129
[2026-09-10T03:42:49.725Z INFO  benchmark_client] Sending sample transaction 1130
[2026-09-10T03:42:49.775Z INFO  benchmark_client] Sending sample transaction 1131
[2026-09-10T03:42:49.825Z INFO  benchmark_client] Sending sample transaction 1132
[2026-09-10T03:42:49.875Z INFO  benchmark_client] Sending sample transaction 1133
[2026-09-10T03:42:49.925Z INFO  benchmark_client] Sending sample transaction 1134
[2026-09-10T03:42:49.975Z INFO  benchmark_client] Sending sample transaction 1135
[2026-09-10T03:42:50.029Z INFO  benchmark_client] Sending sample transaction 1136
[2026-09-10T03:42:50.075Z INFO  benchmark_client] Sending sample transaction 1137
[2026-09-10T03:42:50.125Z INFO  benchmark_client] Sending sample transaction 1138
[2026-09-10T03:42:50.175Z INFO  benchmark_client] Sending sample transaction 1139
[2026-09-10T03:42:50.226Z INFO  benchmark_client] Sending sample transaction 1140
[2026-09-10T03:42:50.276Z INFO  benchmark_client] Sending sample transaction 1141
[2026-09-10T03:42:50.328Z INFO  benchmark_client] Sending sample transaction 1142
[2026-09-10T03:42:50.377Z INFO  benchmark_client] Sending sample transaction 1143
[2026-09-10T03:42:50.427Z INFO  benchmark_client] Sending sample transaction 1144
[2026-09-10T03:42:50.475Z INFO  benchmark_client] Sending sample transaction 1145
[2026-09-10T03:42:50.527Z INFO  benchmark_client] Sending sample transaction 1146
[2026-09-10T03:42:50.575Z INFO  benchmark_client] Sending sample transaction 1147
[2026-09-10T03:42:50.625Z INFO  benchmark_client] Sending sample transaction 1148
[2026-09-10T03:42:50.678Z INFO  benchmark_client] Sending sample transaction 1149
[2026-09-10T03:42:50.725Z INFO  benchmark_client] Sending sample transaction 1150
[2026-09-10T03:42:50.775Z INFO  benchmark_client] Sending sample transaction 1151
[2026-09-10T03:42:50.825Z INFO  benchmark_client] Sending sample transaction 1152
[2026-09-10T03:42:50.875Z INFO  benchmark_client] Sending sample transaction 1153
[2026-09-10T03:42:50.925Z INFO  benchmark_client] Sending sample transaction 1154
[2026-09-10T03:42:50.975Z INFO  benchmark_client] Sending sample transaction 1155
[2026-09-10T03:42:51.025Z INFO  benchmark_client] Sending sample transaction 1156
[2026-09-10T03:42:51.078Z INFO  benchmark_client] Sending sample transaction 1157
[2026-09-10T03:42:51.126Z INFO  benchmark_client] Sending sample transaction 1158
[2026-09-10T03:42:51.176Z INFO  benchmark_client] Sending sample transaction 1159
[2026-09-10T03:42:51.226Z INFO  benchmark_client] Sending sample transaction 1160
[2026-09-10T03:42:51.275Z INFO  benchmark_client] Sending sample transaction 1161
[2026-09-10T03:42:51.326Z INFO  benchmark_client] Sending sample transaction 1162
[2026-09-10T03:42:51.378Z INFO  benchmark_client] Sending sample transaction 1163
[2026-09-10T03:42:51.426Z INFO  benchmark_client] Sending sample transaction 1164
[2026-09-10T03:42:51.478Z INFO  benchmark_client] Sending sample transaction 1165
[2026-09-10T03:42:51.526Z INFO  benchmark_client] Sending sample transaction 1166
[2026-09-10T03:42:51.575Z INFO  benchmark_client] Sending sample transaction 1167
[2026-09-10T03:42:51.628Z INFO  benchmark_client] Sending sample transaction 1168
[2026-09-10T03:42:51.678Z INFO  benchmark_client] Sending sample transaction 1169
[2026-09-10T03:42:51.726Z INFO  benchmark_client] Sending sample transaction 1170
[2026-09-10T03:42:51.775Z INFO  benchmark_client] Sending sample transaction 1171
[2026-09-10T03:42:51.825Z INFO  benchmark_client] Sending sample transaction 1172
[2026-09-10T03:42:51.875Z INFO  benchmark_client] Sending sample transaction 1173
[2026-09-10T03:42:51.925Z INFO  benchmark_client] Sending sample transaction 1174
[2026-09-10T03:42:51.975Z INFO  benchmark_client] Sending sample transaction 1175
[2026-09-10T03:42:52.027Z INFO  benchmark_client] Sending sample transaction 1176
[2026-09-10T03:42:52.078Z INFO  benchmark_client] Sending sample transaction 1177
[2026-09-10T03:42:52.126Z INFO  benchmark_client] Sending sample transaction 1178
[2026-09-10T03:42:52.176Z INFO  benchmark_client] Sending sample transaction 1179
[2026-09-10T03:42:52.226Z INFO  benchmark_client] Sending sample transaction 1180
[2026-09-10T03:42:52.275Z INFO  benchmark_client] Sending sample transaction 1181
[2026-09-10T03:42:52.326Z INFO  benchmark_client] Sending sample transaction 1182
[2026-09-10T03:42:52.375Z INFO  benchmark_client] Sending sample transaction 1183
[2026-09-10T03:42:52.427Z INFO  benchmark_client] Sending sample transaction 1184
[2026-09-10T03:42:52.476Z INFO  benchmark_client] Sending sample transaction 1185
[2026-09-10T03:42:52.526Z INFO  benchmark_client] Sending sample transaction 1186
[2026-09-10T03:42:52.576Z INFO  benchmark_client] Sending sample transaction 1187
[2026-09-10T03:42:52.626Z INFO  benchmark_client] Sending sample transaction 1188
[2026-09-10T03:42:52.676Z INFO  benchmark_client] Sending sample transaction 1189
[2026-09-10T03:42:52.725Z INFO  benchmark_client] Sending sample transaction 1190
[2026-09-10T03:42:52.775Z INFO  benchmark_client] Sending sample transaction 1191
[2026-09-10T03:42:52.826Z INFO  benchmark_client] Sending sample transaction 1192
[2026-09-10T03:42:52.876Z INFO  benchmark_client] Sending sample transaction 1193
