[2026-09-10T03:41:52.588Z INFO  benchmark_client] Node address: 34.26.232.182:5043
[2026-09-10T03:41:52.588Z INFO  benchmark_client] Transactions size: 512 B
[2026-09-10T03:41:52.588Z INFO  benchmark_client] Transactions rate: 12000 tx/s
[2026-09-10T03:41:52.588Z INFO  benchmark_client] Waiting for all nodes to be online...
[2026-09-10T03:41:52.813Z INFO  benchmark_client] Start sending transactions
[2026-09-10T03:41:52.814Z INFO  benchmark_client] Sending sample transaction 0
[2026-09-10T03:41:52.864Z INFO  benchmark_client] Sending sample transaction 1
[2026-09-10T03:41:52.914Z INFO  benchmark_client] Sending sample transaction 2
[2026-09-10T03:41:52.964Z INFO  benchmark_client] Sending sample transaction 3
[2026-09-10T03:41:53.013Z INFO  benchmark_client] Sending sample transaction 4
[2026-09-10T03:41:53.064Z INFO  benchmark_client] Sending sample transaction 5
[2026-09-10T03:41:53.114Z INFO  benchmark_client] Sending sample transaction 6
[2026-09-10T03:41:53.164Z INFO  benchmark_client] Sending sample transaction 7
[2026-09-10T03:41:53.216Z INFO  benchmark_client] Sending sample transaction 8
[2026-09-10T03:41:53.264Z INFO  benchmark_client] Sending sample transaction 9
[2026-09-10T03:41:53.314Z INFO  benchmark_client] Sending sample transaction 10
[2026-09-10T03:41:53.364Z INFO  benchmark_client] Sending sample transaction 11
[2026-09-10T03:41:53.414Z INFO  benchmark_client] Sending sample transaction 12
[2026-09-10T03:41:53.464Z INFO  benchmark_client] Sending sample transaction 13
[2026-09-10T03:41:53.513Z INFO  benchmark_client] Sending sample transaction 14
[2026-09-10T03:41:53.564Z INFO  benchmark_client] Sending sample transaction 15
[2026-09-10T03:41:53.614Z INFO  benchmark_client] Sending sample transaction 16
[2026-09-10T03:41:53.664Z INFO  benchmark_client] Sending sample transaction 17
[2026-09-10T03:41:53.714Z INFO  benchmark_client] Sending sample transaction 18
[2026-09-10T03:41:53.765Z INFO  benchmark_client] Sending sample transaction 19
[2026-09-10T03:41:53.814Z INFO  benchmark_client] Sending sample transaction 20
[2026-09-10T03:41:53.863Z INFO  benchmark_client] Sending sample transaction 21
[2026-09-10T03:41:53.914Z INFO  benchmark_client] Sending sample transaction 22
[2026-09-10T03:41:53.965Z INFO  benchmark_client] Sending sample transaction 23
[2026-09-10T03:41:54.014Z INFO  benchmark_client] Sending sample transaction 24
[2026-09-10T03:41:54.064Z INFO  benchmark_client] Sending sample transaction 25
[2026-09-10T03:41:54.114Z INFO  benchmark_client] Sending sample transaction 26
[2026-09-10T03:41:54.166Z INFO  benchmark_client] Sending sample transaction 27
[2026-09-10T03:41:54.213Z INFO  benchmark_client] Sending sample transaction 28
[2026-09-10T03:41:54.265Z INFO  benchmark_client] Sending sample transaction 29
[2026-09-10T03:41:54.314Z INFO  benchmark_client] Sending sample transaction 30
[2026-09-10T03:41:54.364Z INFO  benchmark_client] Sending sample transaction 31
[2026-09-10T03:41:54.414Z INFO  benchmark_client] Sending sample transaction 32
[2026-09-10T03:41:54.465Z INFO  benchmark_client] Sending sample transaction 33
[2026-09-10T03:41:54.513Z INFO  benchmark_client] Sending sample transaction 34
[2026-09-10T03:41:54.564Z INFO  benchmark_client] Sending sample transaction 35
[2026-09-10T03:41:54.615Z INFO  benchmark_client] Sending sample transaction 36
[2026-09-10T03:41:54.664Z INFO  benchmark_client] Sending sample transaction 37
[2026-09-10T03:41:54.714Z INFO  benchmark_client] Sending sample transaction 38
[2026-09-10T03:41:54.764Z INFO  benchmark_client] Sending sample transaction 39
[2026-09-10T03:41:54.814Z INFO  benchmark_client] Sending sample transaction 40
[2026-09-10T03:41:54.864Z INFO  benchmark_client] Sending sample transaction 41
[2026-09-10T03:41:54.915Z INFO  benchmark_client] Sending sample transaction 42
[2026-09-10T03:41:54.964Z INFO  benchmark_client] Sending sample transaction 43
[2026-09-10T03:41:55.013Z INFO  benchmark_client] Sending sample transaction 44
[2026-09-10T03:41:55.064Z INFO  benchmark_client] Sending sample transaction 45
[2026-09-10T03:41:55.114Z INFO  benchmark_client] Sending sample transaction 46
[2026-09-10T03:41:55.169Z INFO  benchmark_client] Sending sample transaction 47
[2026-09-10T03:41:55.214Z INFO  benchmark_client] Sending sample transaction 48
[2026-09-10T03:41:55.264Z INFO  benchmark_client] Sending sample transaction 49
[2026-09-10T03:41:55.315Z INFO  benchmark_client] Sending sample transaction 50
[2026-09-10T03:41:55.364Z INFO  benchmark_client] Sending sample transaction 51
[2026-09-10T03:41:55.414Z INFO  benchmark_client] Sending sample transaction 52
[2026-09-10T03:41:55.464Z INFO  benchmark_client] Sending sample transaction 53
[2026-09-10T03:41:55.514Z INFO  benchmark_client] Sending sample transaction 54
[2026-09-10T03:41:55.564Z INFO  benchmark_client] Sending sample transaction 55
[2026-09-10T03:41:55.613Z INFO  benchmark_client] Sending sample transaction 56
[2026-09-10T03:41:55.664Z INFO  benchmark_client] Sending sample transaction 57
[2026-09-10T03:41:55.714Z INFO  benchmark_client] Sending sample transaction 58
[2026-09-10T03:41:55.765Z INFO  benchmark_client] Sending sample transaction 59
[2026-09-10T03:41:55.814Z INFO  benchmark_client] Sending sample transaction 60
[2026-09-10T03:41:55.863Z INFO  benchmark_client] Sending sample transaction 61
[2026-09-10T03:41:55.914Z INFO  benchmark_client] Sending sample transaction 62
[2026-09-10T03:41:55.964Z INFO  benchmark_client] Sending sample transaction 63
[2026-09-10T03:41:56.017Z INFO  benchmark_client] Sending sample transaction 64
[2026-09-10T03:41:56.064Z INFO  benchmark_client] Sending sample transaction 65
[2026-09-10T03:41:56.114Z INFO  benchmark_client] Sending sample transaction 66
[2026-09-10T03:41:56.164Z INFO  benchmark_client] Sending sample transaction 67
[2026-09-10T03:41:56.214Z INFO  benchmark_client] Sending sample transaction 68
[2026-09-10T03:41:56.264Z INFO  benchmark_client] Sending sample transaction 69
[2026-09-10T03:41:56.314Z INFO  benchmark_client] Sending sample transaction 70
[2026-09-10T03:41:56.364Z INFO  benchmark_client] Sending sample transaction 71
[2026-09-10T03:41:56.414Z INFO  benchmark_client] Sending sample transaction 72
[2026-09-10T03:41:56.464Z INFO  benchmark_client] Sending sample transaction 73
[2026-09-10T03:41:56.514Z INFO  benchmark_client] Sending sample transaction 74
[2026-09-10T03:41:56.564Z INFO  benchmark_client] Sending sample transaction 75
[2026-09-10T03:41:56.614Z INFO  benchmark_client] Sending sample transaction 76
[2026-09-10T03:41:56.664Z INFO  benchmark_client] Sending sample transaction 77
[2026-09-10T03:41:56.714Z INFO  benchmark_client] Sending sample transaction 78
[2026-09-10T03:41:56.763Z INFO  benchmark_client] Sending sample transaction 79
[2026-09-10T03:41:56.814Z INFO  benchmark_client] Sending sample transaction 80
[2026-09-10T03:41:56.864Z INFO  benchmark_client] Sending sample transaction 81
[2026-09-10T03:41:56.914Z INFO  benchmark_client] Sending sample transaction 82
[2026-09-10T03:41:56.964Z INFO  benchmark_client] Sending sample transaction 83
[2026-09-10T03:41:57.014Z INFO  benchmark_client] Sending sample transaction 84
[2026-09-10T03:41:57.064Z INFO  benchmark_client] Sending sample transaction 85
[2026-09-10T03:41:57.114Z INFO  benchmark_client] Sending sample transaction 86
[2026-09-10T03:41:57.167Z INFO  benchmark_client] Sending sample transaction 87
[2026-09-10T03:41:57.215Z INFO  benchmark_client] Sending sample transaction 88
[2026-09-10T03:41:57.264Z INFO  benchmark_client] Sending sample transaction 89
[2026-09-10T03:41:57.314Z INFO  benchmark_client] Sending sample transaction 90
[2026-09-10T03:41:57.365Z INFO  benchmark_client] Sending sample transaction 91
[2026-09-10T03:41:57.414Z INFO  benchmark_client] Sending sample transaction 92
[2026-09-10T03:41:57.464Z INFO  benchmark_client] Sending sample transaction 93
[2026-09-10T03:41:57.514Z INFO  benchmark_client] Sending sample transaction 94
[2026-09-10T03:41:57.564Z INFO  benchmark_client] Sending sample transaction 95
[2026-09-10T03:41:57.614Z INFO  benchmark_client] Sending sample transaction 96
[2026-09-10T03:41:57.664Z INFO  benchmark_client] Sending sample transaction 97
[2026-09-10T03:41:57.714Z INFO  benchmark_client] Sending sample transaction 98
[2026-09-10T03:41:57.764Z INFO  benchmark_client] Sending sample transaction 99
[2026-09-10T03:41:57.814Z INFO  benchmark_client] Sending sample transaction 100
[2026-09-10T03:41:57.864Z INFO  benchmark_client] Sending sample transaction 101
[2026-09-10T03:41:57.914Z INFO  benchmark_client] Sending sample transaction 102
[2026-09-10T03:41:57.964Z INFO  benchmark_client] Sending sample transaction 103
[2026-09-10T03:41:58.014Z INFO  benchmark_client] Sending sample transaction 104
[2026-09-10T03:41:58.064Z INFO  benchmark_client] Sending sample transaction 105
[2026-09-10T03:41:58.114Z INFO  benchmark_client] Sending sample transaction 106
[2026-09-10T03:41:58.165Z INFO  benchmark_client] Sending sample transaction 107
[2026-09-10T03:41:58.214Z INFO  benchmark_client] Sending sample transaction 108
[2026-09-10T03:41:58.264Z INFO  benchmark_client] Sending sample transaction 109
[2026-09-10T03:41:58.314Z INFO  benchmark_client] Sending sample transaction 110
[2026-09-10T03:41:58.364Z INFO  benchmark_client] Sending sample transaction 111
[2026-09-10T03:41:58.414Z INFO  benchmark_client] Sending sample transaction 112
[2026-09-10T03:41:58.464Z INFO  benchmark_client] Sending sample transaction 113
[2026-09-10T03:41:58.514Z INFO  benchmark_client] Sending sample transaction 114
[2026-09-10T03:41:58.564Z INFO  benchmark_client] Sending sample transaction 115
[2026-09-10T03:41:58.614Z INFO  benchmark_client] Sending sample transaction 116
[2026-09-10T03:41:58.664Z INFO  benchmark_client] Sending sample transaction 117
[2026-09-10T03:41:58.715Z INFO  benchmark_client] Sending sample transaction 118
[2026-09-10T03:41:58.764Z INFO  benchmark_client] Sending sample transaction 119
[2026-09-10T03:41:58.814Z INFO  benchmark_client] Sending sample transaction 120
[2026-09-10T03:41:58.865Z INFO  benchmark_client] Sending sample transaction 121
[2026-09-10T03:41:58.914Z INFO  benchmark_client] Sending sample transaction 122
[2026-09-10T03:41:58.964Z INFO  benchmark_client] Sending sample transaction 123
[2026-09-10T03:41:59.014Z INFO  benchmark_client] Sending sample transaction 124
[2026-09-10T03:41:59.064Z INFO  benchmark_client] Sending sample transaction 125
[2026-09-10T03:41:59.114Z INFO  benchmark_client] Sending sample transaction 126
[2026-09-10T03:41:59.164Z INFO  benchmark_client] Sending sample transaction 127
[2026-09-10T03:41:59.216Z INFO  benchmark_client] Sending sample transaction 128
[2026-09-10T03:41:59.266Z INFO  benchmark_client] Sending sample transaction 129
[2026-09-10T03:41:59.316Z INFO  benchmark_client] Sending sample transaction 130
[2026-09-10T03:41:59.365Z INFO  benchmark_client] Sending sample transaction 131
[2026-09-10T03:41:59.414Z INFO  benchmark_client] Sending sample transaction 132
[2026-09-10T03:41:59.464Z INFO  benchmark_client] Sending sample transaction 133
[2026-09-10T03:41:59.514Z INFO  benchmark_client] Sending sample transaction 134
[2026-09-10T03:41:59.564Z INFO  benchmark_client] Sending sample transaction 135
[2026-09-10T03:41:59.614Z INFO  benchmark_client] Sending sample transaction 136
[2026-09-10T03:41:59.664Z INFO  benchmark_client] Sending sample transaction 137
[2026-09-10T03:41:59.714Z INFO  benchmark_client] Sending sample transaction 138
[2026-09-10T03:41:59.765Z INFO  benchmark_client] Sending sample transaction 139
[2026-09-10T03:41:59.814Z INFO  benchmark_client] Sending sample transaction 140
[2026-09-10T03:41:59.864Z INFO  benchmark_client] Sending sample transaction 141
[2026-09-10T03:41:59.914Z INFO  benchmark_client] Sending sample transaction 142
[2026-09-10T03:41:59.964Z INFO  benchmark_client] Sending sample transaction 143
[2026-09-10T03:42:00.014Z INFO  benchmark_client] Sending sample transaction 144
[2026-09-10T03:42:00.065Z INFO  benchmark_client] Sending sample transaction 145
[2026-09-10T03:42:00.115Z INFO  benchmark_client] Sending sample transaction 146
[2026-09-10T03:42:00.165Z INFO  benchmark_client] Sending sample transaction 147
[2026-09-10T03:42:00.214Z INFO  benchmark_client] Sending sample transaction 148
[2026-09-10T03:42:00.264Z INFO  benchmark_client] Sending sample transaction 149
[2026-09-10T03:42:00.314Z INFO  benchmark_client] Sending sample transaction 150
[2026-09-10T03:42:00.365Z INFO  benchmark_client] Sending sample transaction 151
[2026-09-10T03:42:00.415Z INFO  benchmark_client] Sending sample transaction 152
[2026-09-10T03:42:00.464Z INFO  benchmark_client] Sending sample transaction 153
[2026-09-10T03:42:00.514Z INFO  benchmark_client] Sending sample transaction 154
[2026-09-10T03:42:00.564Z INFO  benchmark_client] Sending sample transaction 155
[2026-09-10T03:42:00.615Z INFO  benchmark_client] Sending sample transaction 156
[2026-09-10T03:42:00.665Z INFO  benchmark_client] Sending sample transaction 157
[2026-09-10T03:42:00.714Z INFO  benchmark_client] Sending sample transaction 158
[2026-09-10T03:42:00.764Z INFO  benchmark_client] Sending sample transaction 159
[2026-09-10T03:42:00.814Z INFO  benchmark_client] Sending sample transaction 160
[2026-09-10T03:42:00.865Z INFO  benchmark_client] Sending sample transaction 161
[2026-09-10T03:42:00.914Z INFO  benchmark_client] Sending sample transaction 162
[2026-09-10T03:42:00.964Z INFO  benchmark_client] Sending sample transaction 163
[2026-09-10T03:42:01.014Z INFO  benchmark_client] Sending sample transaction 164
[2026-09-10T03:42:01.064Z INFO  benchmark_client] Sending sample transaction 165
[2026-09-10T03:42:01.114Z INFO  benchmark_client] Sending sample transaction 166
[2026-09-10T03:42:01.164Z INFO  benchmark_client] Sending sample transaction 167
[2026-09-10T03:42:01.214Z INFO  benchmark_client] Sending sample transaction 168
[2026-09-10T03:42:01.264Z INFO  benchmark_client] Sending sample transaction 169
[2026-09-10T03:42:01.314Z INFO  benchmark_client] Sending sample transaction 170
[2026-09-10T03:42:01.364Z INFO  benchmark_client] Sending sample transaction 171
[2026-09-10T03:42:01.414Z INFO  benchmark_client] Sending sample transaction 172
[2026-09-10T03:42:01.467Z INFO  benchmark_client] Sending sample transaction 173
[2026-09-10T03:42:01.514Z INFO  benchmark_client] Sending sample transaction 174
[2026-09-10T03:42:01.566Z INFO  benchmark_client] Sending sample transaction 175
[2026-09-10T03:42:01.614Z INFO  benchmark_client] Sending sample transaction 176
[2026-09-10T03:42:01.667Z INFO  benchmark_client] Sending sample transaction 177
[2026-09-10T03:42:01.714Z INFO  benchmark_client] Sending sample transaction 178
[2026-09-10T03:42:01.764Z INFO  benchmark_client] Sending sample transaction 179
[2026-09-10T03:42:01.815Z INFO  benchmark_client] Sending sample transaction 180
[2026-09-10T03:42:01.865Z INFO  benchmark_client] Sending sample transaction 181
[2026-09-10T03:42:01.914Z INFO  benchmark_client] Sending sample transaction 182
[2026-09-10T03:42:01.964Z INFO  benchmark_client] Sending sample transaction 183
[2026-09-10T03:42:02.016Z INFO  benchmark_client] Sending sample transaction 184
[2026-09-10T03:42:02.064Z INFO  benchmark_client] Sending sample transaction 185
[2026-09-10T03:42:02.115Z INFO  benchmark_client] Sending sample transaction 186
[2026-09-10T03:42:02.165Z INFO  benchmark_client] Sending sample transaction 187
[2026-09-10T03:42:02.214Z INFO  benchmark_client] Sending sample transaction 188
[2026-09-10T03:42:02.266Z INFO  benchmark_client] Sending sample transaction 189
[2026-09-10T03:42:02.314Z INFO  benchmark_client] Sending sample transaction 190
[2026-09-10T03:42:02.364Z INFO  benchmark_client] Sending sample transaction 191
[2026-09-10T03:42:02.414Z INFO  benchmark_client] Sending sample transaction 192
[2026-09-10T03:42:02.464Z INFO  benchmark_client] Sending sample transaction 193
[2026-09-10T03:42:02.514Z INFO  benchmark_client] Sending sample transaction 194
[2026-09-10T03:42:02.564Z INFO  benchmark_client] Sending sample transaction 195
[2026-09-10T03:42:02.614Z INFO  benchmark_client] Sending sample transaction 196
[2026-09-10T03:42:02.664Z INFO  benchmark_client] Sending sample transaction 197
[2026-09-10T03:42:02.714Z INFO  benchmark_client] Sending sample transaction 198
[2026-09-10T03:42:02.765Z INFO  benchmark_client] Sending sample transaction 199
[2026-09-10T03:42:02.814Z INFO  benchmark_client] Sending sample transaction 200
[2026-09-10T03:42:02.864Z INFO  benchmark_client] Sending sample transaction 201
[2026-09-10T03:42:02.915Z INFO  benchmark_client] Sending sample transaction 202
[2026-09-10T03:42:02.964Z INFO  benchmark_client] Sending sample transaction 203
[2026-09-10T03:42:03.015Z INFO  benchmark_client] Sending sample transaction 204
[2026-09-10T03:42:03.065Z INFO  benchmark_client] Sending sample transaction 205
[2026-09-10T03:42:03.114Z INFO  benchmark_client] Sending sample transaction 206
[2026-09-10T03:42:03.164Z INFO  benchmark_client] Sending sample transaction 207
[2026-09-10T03:42:03.214Z INFO  benchmark_client] Sending sample transaction 208
[2026-09-10T03:42:03.264Z INFO  benchmark_client] Sending sample transaction 209
[2026-09-10T03:42:03.314Z INFO  benchmark_client] Sending sample transaction 210
[2026-09-10T03:42:03.365Z INFO  benchmark_client] Sending sample transaction 211
[2026-09-10T03:42:03.414Z INFO  benchmark_client] Sending sample transaction 212
[2026-09-10T03:42:03.465Z INFO  benchmark_client] Sending sample transaction 213
[2026-09-10T03:42:03.515Z INFO  benchmark_client] Sending sample transaction 214
[2026-09-10T03:42:03.565Z INFO  benchmark_client] Sending sample transaction 215
[2026-09-10T03:42:03.615Z INFO  benchmark_client] Sending sample transaction 216
[2026-09-10T03:42:03.664Z INFO  benchmark_client] Sending sample transaction 217
[2026-09-10T03:42:03.715Z INFO  benchmark_client] Sending sample transaction 218
[2026-09-10T03:42:03.765Z INFO  benchmark_client] Sending sample transaction 219
[2026-09-10T03:42:03.814Z INFO  benchmark_client] Sending sample transaction 220
[2026-09-10T03:42:03.864Z INFO  benchmark_client] Sending sample transaction 221
[2026-09-10T03:42:03.914Z INFO  benchmark_client] Sending sample transaction 222
[2026-09-10T03:42:03.965Z INFO  benchmark_client] Sending sample transaction 223
[2026-09-10T03:42:04.014Z INFO  benchmark_client] Sending sample transaction 224
[2026-09-10T03:42:04.064Z INFO  benchmark_client] Sending sample transaction 225
[2026-09-10T03:42:04.115Z INFO  benchmark_client] Sending sample transaction 226
[2026-09-10T03:42:04.164Z INFO  benchmark_client] Sending sample transaction 227
[2026-09-10T03:42:04.215Z INFO  benchmark_client] Sending sample transaction 228
[2026-09-10T03:42:04.265Z INFO  benchmark_client] Sending sample transaction 229
[2026-09-10T03:42:04.314Z INFO  benchmark_client] Sending sample transaction 230
[2026-09-10T03:42:04.364Z INFO  benchmark_client] Sending sample transaction 231
[2026-09-10T03:42:04.415Z INFO  benchmark_client] Sending sample transaction 232
[2026-09-10T03:42:04.464Z INFO  benchmark_client] Sending sample transaction 233
[2026-09-10T03:42:04.514Z INFO  benchmark_client] Sending sample transaction 234
[2026-09-10T03:42:04.564Z INFO  benchmark_client] Sending sample transaction 235
[2026-09-10T03:42:04.614Z INFO  benchmark_client] Sending sample transaction 236
[2026-09-10T03:42:04.665Z INFO  benchmark_client] Sending sample transaction 237
[2026-09-10T03:42:04.714Z INFO  benchmark_client] Sending sample transaction 238
[2026-09-10T03:42:04.764Z INFO  benchmark_client] Sending sample transaction 239
[2026-09-10T03:42:04.814Z INFO  benchmark_client] Sending sample transaction 240
[2026-09-10T03:42:04.864Z INFO  benchmark_client] Sending sample transaction 241
[2026-09-10T03:42:04.914Z INFO  benchmark_client] Sending sample transaction 242
[2026-09-10T03:42:04.964Z INFO  benchmark_client] Sending sample transaction 243
[2026-09-10T03:42:05.015Z INFO  benchmark_client] Sending sample transaction 244
[2026-09-10T03:42:05.064Z INFO  benchmark_client] Sending sample transaction 245
[2026-09-10T03:42:05.115Z INFO  benchmark_client] Sending sample transaction 246
[2026-09-10T03:42:05.164Z INFO  benchmark_client] Sending sample transaction 247
[2026-09-10T03:42:05.214Z INFO  benchmark_client] Sending sample transaction 248
[2026-09-10T03:42:05.264Z INFO  benchmark_client] Sending sample transaction 249
[2026-09-10T03:42:05.315Z INFO  benchmark_client] Sending sample transaction 250
[2026-09-10T03:42:05.364Z INFO  benchmark_client] Sending sample transaction 251
[2026-09-10T03:42:05.414Z INFO  benchmark_client] Sending sample transaction 252
[2026-09-10T03:42:05.467Z INFO  benchmark_client] Sending sample transaction 253
[2026-09-10T03:42:05.514Z INFO  benchmark_client] Sending sample transaction 254
[2026-09-10T03:42:05.565Z INFO  benchmark_client] Sending sample transaction 255
[2026-09-10T03:42:05.614Z INFO  benchmark_client] Sending sample transaction 256
[2026-09-10T03:42:05.665Z INFO  benchmark_client] Sending sample transaction 257
[2026-09-10T03:42:05.715Z INFO  benchmark_client] Sending sample transaction 258
[2026-09-10T03:42:05.766Z INFO  benchmark_client] Sending sample transaction 259
[2026-09-10T03:42:05.814Z INFO  benchmark_client] Sending sample transaction 260
[2026-09-10T03:42:05.865Z INFO  benchmark_client] Sending sample transaction 261
[2026-09-10T03:42:05.916Z INFO  benchmark_client] Sending sample transaction 262
[2026-09-10T03:42:05.965Z INFO  benchmark_client] Sending sample transaction 263
[2026-09-10T03:42:06.016Z INFO  benchmark_client] Sending sample transaction 264
[2026-09-10T03:42:06.064Z INFO  benchmark_client] Sending sample transaction 265
[2026-09-10T03:42:06.117Z INFO  benchmark_client] Sending sample transaction 266
[2026-09-10T03:42:06.164Z INFO  benchmark_client] Sending sample transaction 267
[2026-09-10T03:42:06.214Z INFO  benchmark_client] Sending sample transaction 268
[2026-09-10T03:42:06.265Z INFO  benchmark_client] Sending sample transaction 269
[2026-09-10T03:42:06.315Z INFO  benchmark_client] Sending sample transaction 270
[2026-09-10T03:42:06.364Z INFO  benchmark_client] Sending sample transaction 271
[2026-09-10T03:42:06.414Z INFO  benchmark_client] Sending sample transaction 272
[2026-09-10T03:42:06.466Z INFO  benchmark_client] Sending sample transaction 273
[2026-09-10T03:42:06.515Z INFO  benchmark_client] Sending sample transaction 274
[2026-09-10T03:42:06.565Z INFO  benchmark_client] Sending sample transaction 275
[2026-09-10T03:42:06.615Z INFO  benchmark_client] Sending sample transaction 276
[2026-09-10T03:42:06.664Z INFO  benchmark_client] Sending sample transaction 277
[2026-09-10T03:42:06.715Z INFO  benchmark_client] Sending sample transaction 278
[2026-09-10T03:42:06.767Z INFO  benchmark_client] Sending sample transaction 279
[2026-09-10T03:42:06.817Z INFO  benchmark_client] Sending sample transaction 280
[2026-09-10T03:42:06.868Z INFO  benchmark_client] Sending sample transaction 281
[2026-09-10T03:42:06.916Z INFO  benchmark_client] Sending sample transaction 282
[2026-09-10T03:42:06.964Z INFO  benchmark_client] Sending sample transaction 283
[2026-09-10T03:42:07.014Z INFO  benchmark_client] Sending sample transaction 284
[2026-09-10T03:42:07.065Z INFO  benchmark_client] Sending sample transaction 285
[2026-09-10T03:42:07.114Z INFO  benchmark_client] Sending sample transaction 286
[2026-09-10T03:42:07.164Z INFO  benchmark_client] Sending sample transaction 287
[2026-09-10T03:42:07.215Z INFO  benchmark_client] Sending sample transaction 288
[2026-09-10T03:42:07.265Z INFO  benchmark_client] Sending sample transaction 289
[2026-09-10T03:42:07.315Z INFO  benchmark_client] Sending sample transaction 290
[2026-09-10T03:42:07.365Z INFO  benchmark_client] Sending sample transaction 291
[2026-09-10T03:42:07.414Z INFO  benchmark_client] Sending sample transaction 292
[2026-09-10T03:42:07.465Z INFO  benchmark_client] Sending sample transaction 293
[2026-09-10T03:42:07.515Z INFO  benchmark_client] Sending sample transaction 294
[2026-09-10T03:42:07.564Z INFO  benchmark_client] Sending sample transaction 295
[2026-09-10T03:42:07.614Z INFO  benchmark_client] Sending sample transaction 296
[2026-09-10T03:42:07.665Z INFO  benchmark_client] Sending sample transaction 297
[2026-09-10T03:42:07.715Z INFO  benchmark_client] Sending sample transaction 298
[2026-09-10T03:42:07.764Z INFO  benchmark_client] Sending sample transaction 299
[2026-09-10T03:42:07.815Z INFO  benchmark_client] Sending sample transaction 300
[2026-09-10T03:42:07.866Z INFO  benchmark_client] Sending sample transaction 301
[2026-09-10T03:42:07.914Z INFO  benchmark_client] Sending sample transaction 302
[2026-09-10T03:42:07.964Z INFO  benchmark_client] Sending sample transaction 303
[2026-09-10T03:42:08.015Z INFO  benchmark_client] Sending sample transaction 304
[2026-09-10T03:42:08.065Z INFO  benchmark_client] Sending sample transaction 305
[2026-09-10T03:42:08.115Z INFO  benchmark_client] Sending sample transaction 306
[2026-09-10T03:42:08.164Z INFO  benchmark_client] Sending sample transaction 307
[2026-09-10T03:42:08.214Z INFO  benchmark_client] Sending sample transaction 308
[2026-09-10T03:42:08.264Z INFO  benchmark_client] Sending sample transaction 309
[2026-09-10T03:42:08.314Z INFO  benchmark_client] Sending sample transaction 310
[2026-09-10T03:42:08.365Z INFO  benchmark_client] Sending sample transaction 311
[2026-09-10T03:42:08.415Z INFO  benchmark_client] Sending sample transaction 312
[2026-09-10T03:42:08.465Z INFO  benchmark_client] Sending sample transaction 313
[2026-09-10T03:42:08.514Z INFO  benchmark_client] Sending sample transaction 314
[2026-09-10T03:42:08.565Z INFO  benchmark_client] Sending sample transaction 315
[2026-09-10T03:42:08.614Z INFO  benchmark_client] Sending sample transaction 316
[2026-09-10T03:42:08.664Z INFO  benchmark_client] Sending sample transaction 317
[2026-09-10T03:42:08.715Z INFO  benchmark_client] Sending sample transaction 318
[2026-09-10T03:42:08.764Z INFO  benchmark_client] Sending sample transaction 319
[2026-09-10T03:42:08.814Z INFO  benchmark_client] Sending sample transaction 320
[2026-09-10T03:42:08.864Z INFO  benchmark_client] Sending sample transaction 321
[2026-09-10T03:42:08.916Z INFO  benchmark_client] Sending sample transaction 322
[2026-09-10T03:42:08.965Z INFO  benchmark_client] Sending sample transaction 323
[2026-09-10T03:42:09.015Z INFO  benchmark_client] Sending sample transaction 324
[2026-09-10T03:42:09.065Z INFO  benchmark_client] Sending sample transaction 325
[2026-09-10T03:42:09.115Z INFO  benchmark_client] Sending sample transaction 326
[2026-09-10T03:42:09.165Z INFO  benchmark_client] Sending sample transaction 327
[2026-09-10T03:42:09.215Z INFO  benchmark_client] Sending sample transaction 328
[2026-09-10T03:42:09.265Z INFO  benchmark_client] Sending sample transaction 329
[2026-09-10T03:42:09.314Z INFO  benchmark_client] Sending sample transaction 330
[2026-09-10T03:42:09.364Z INFO  benchmark_client] Sending sample transaction 331
[2026-09-10T03:42:09.414Z INFO  benchmark_client] Sending sample transaction 332
[2026-09-10T03:42:09.465Z INFO  benchmark_client] Sending sample transaction 333
[2026-09-10T03:42:09.514Z INFO  benchmark_client] Sending sample transaction 334
[2026-09-10T03:42:09.564Z INFO  benchmark_client] Sending sample transaction 335
[2026-09-10T03:42:09.615Z INFO  benchmark_client] Sending sample transaction 336
[2026-09-10T03:42:09.665Z INFO  benchmark_client] Sending sample transaction 337
[2026-09-10T03:42:09.715Z INFO  benchmark_client] Sending sample transaction 338
[2026-09-10T03:42:09.765Z INFO  benchmark_client] Sending sample transaction 339
[2026-09-10T03:42:09.815Z INFO  benchmark_client] Sending sample transaction 340
[2026-09-10T03:42:09.865Z INFO  benchmark_client] Sending sample transaction 341
[2026-09-10T03:42:09.915Z INFO  benchmark_client] Sending sample transaction 342
[2026-09-10T03:42:09.964Z INFO  benchmark_client] Sending sample transaction 343
[2026-09-10T03:42:10.016Z INFO  benchmark_client] Sending sample transaction 344
[2026-09-10T03:42:10.065Z INFO  benchmark_client] Sending sample transaction 345
[2026-09-10T03:42:10.115Z INFO  benchmark_client] Sending sample transaction 346
[2026-09-10T03:42:10.166Z INFO  benchmark_client] Sending sample transaction 347
[2026-09-10T03:42:10.215Z INFO  benchmark_client] Sending sample transaction 348
[2026-09-10T03:42:10.266Z INFO  benchmark_client] Sending sample transaction 349
[2026-09-10T03:42:10.314Z INFO  benchmark_client] Sending sample transaction 350
[2026-09-10T03:42:10.365Z INFO  benchmark_client] Sending sample transaction 351
[2026-09-10T03:42:10.416Z INFO  benchmark_client] Sending sample transaction 352
[2026-09-10T03:42:10.465Z INFO  benchmark_client] Sending sample transaction 353
[2026-09-10T03:42:10.516Z INFO  benchmark_client] Sending sample transaction 354
[2026-09-10T03:42:10.565Z INFO  benchmark_client] Sending sample transaction 355
[2026-09-10T03:42:10.615Z INFO  benchmark_client] Sending sample transaction 356
[2026-09-10T03:42:10.665Z INFO  benchmark_client] Sending sample transaction 357
[2026-09-10T03:42:10.715Z INFO  benchmark_client] Sending sample transaction 358
[2026-09-10T03:42:10.766Z INFO  benchmark_client] Sending sample transaction 359
[2026-09-10T03:42:10.814Z INFO  benchmark_client] Sending sample transaction 360
[2026-09-10T03:42:10.865Z INFO  benchmark_client] Sending sample transaction 361
[2026-09-10T03:42:10.914Z INFO  benchmark_client] Sending sample transaction 362
[2026-09-10T03:42:10.965Z INFO  benchmark_client] Sending sample transaction 363
[2026-09-10T03:42:11.015Z INFO  benchmark_client] Sending sample transaction 364
[2026-09-10T03:42:11.065Z INFO  benchmark_client] Sending sample transaction 365
[2026-09-10T03:42:11.117Z INFO  benchmark_client] Sending sample transaction 366
[2026-09-10T03:42:11.165Z INFO  benchmark_client] Sending sample transaction 367
[2026-09-10T03:42:11.215Z INFO  benchmark_client] Sending sample transaction 368
[2026-09-10T03:42:11.265Z INFO  benchmark_client] Sending sample transaction 369
[2026-09-10T03:42:11.315Z INFO  benchmark_client] Sending sample transaction 370
[2026-09-10T03:42:11.365Z INFO  benchmark_client] Sending sample transaction 371
[2026-09-10T03:42:11.417Z INFO  benchmark_client] Sending sample transaction 372
[2026-09-10T03:42:11.465Z INFO  benchmark_client] Sending sample transaction 373
[2026-09-10T03:42:11.514Z INFO  benchmark_client] Sending sample transaction 374
[2026-09-10T03:42:11.565Z INFO  benchmark_client] Sending sample transaction 375
[2026-09-10T03:42:11.615Z INFO  benchmark_client] Sending sample transaction 376
[2026-09-10T03:42:11.665Z INFO  benchmark_client] Sending sample transaction 377
[2026-09-10T03:42:11.714Z INFO  benchmark_client] Sending sample transaction 378
[2026-09-10T03:42:11.766Z INFO  benchmark_client] Sending sample transaction 379
[2026-09-10T03:42:11.814Z INFO  benchmark_client] Sending sample transaction 380
[2026-09-10T03:42:11.864Z INFO  benchmark_client] Sending sample transaction 381
[2026-09-10T03:42:11.915Z INFO  benchmark_client] Sending sample transaction 382
[2026-09-10T03:42:11.965Z INFO  benchmark_client] Sending sample transaction 383
[2026-09-10T03:42:12.015Z INFO  benchmark_client] Sending sample transaction 384
[2026-09-10T03:42:12.065Z INFO  benchmark_client] Sending sample transaction 385
[2026-09-10T03:42:12.115Z INFO  benchmark_client] Sending sample transaction 386
[2026-09-10T03:42:12.164Z INFO  benchmark_client] Sending sample transaction 387
[2026-09-10T03:42:12.215Z INFO  benchmark_client] Sending sample transaction 388
[2026-09-10T03:42:12.265Z INFO  benchmark_client] Sending sample transaction 389
[2026-09-10T03:42:12.314Z INFO  benchmark_client] Sending sample transaction 390
[2026-09-10T03:42:12.365Z INFO  benchmark_client] Sending sample transaction 391
[2026-09-10T03:42:12.415Z INFO  benchmark_client] Sending sample transaction 392
[2026-09-10T03:42:12.465Z INFO  benchmark_client] Sending sample transaction 393
[2026-09-10T03:42:12.515Z INFO  benchmark_client] Sending sample transaction 394
[2026-09-10T03:42:12.564Z INFO  benchmark_client] Sending sample transaction 395
[2026-09-10T03:42:12.615Z INFO  benchmark_client] Sending sample transaction 396
[2026-09-10T03:42:12.664Z INFO  benchmark_client] Sending sample transaction 397
[2026-09-10T03:42:12.715Z INFO  benchmark_client] Sending sample transaction 398
[2026-09-10T03:42:12.764Z INFO  benchmark_client] Sending sample transaction 399
[2026-09-10T03:42:12.815Z INFO  benchmark_client] Sending sample transaction 400
[2026-09-10T03:42:12.864Z INFO  benchmark_client] Sending sample transaction 401
[2026-09-10T03:42:12.915Z INFO  benchmark_client] Sending sample transaction 402
[2026-09-10T03:42:12.965Z INFO  benchmark_client] Sending sample transaction 403
[2026-09-10T03:42:13.015Z INFO  benchmark_client] Sending sample transaction 404
[2026-09-10T03:42:13.065Z INFO  benchmark_client] Sending sample transaction 405
[2026-09-10T03:42:13.115Z INFO  benchmark_client] Sending sample transaction 406
[2026-09-10T03:42:13.165Z INFO  benchmark_client] Sending sample transaction 407
[2026-09-10T03:42:13.215Z INFO  benchmark_client] Sending sample transaction 408
[2026-09-10T03:42:13.266Z INFO  benchmark_client] Sending sample transaction 409
[2026-09-10T03:42:13.314Z INFO  benchmark_client] Sending sample transaction 410
[2026-09-10T03:42:13.365Z INFO  benchmark_client] Sending sample transaction 411
[2026-09-10T03:42:13.415Z INFO  benchmark_client] Sending sample transaction 412
[2026-09-10T03:42:13.465Z INFO  benchmark_client] Sending sample transaction 413
[2026-09-10T03:42:13.515Z INFO  benchmark_client] Sending sample transaction 414
[2026-09-10T03:42:13.564Z INFO  benchmark_client] Sending sample transaction 415
[2026-09-10T03:42:13.615Z INFO  benchmark_client] Sending sample transaction 416
[2026-09-10T03:42:13.666Z INFO  benchmark_client] Sending sample transaction 417
[2026-09-10T03:42:13.714Z INFO  benchmark_client] Sending sample transaction 418
[2026-09-10T03:42:13.765Z INFO  benchmark_client] Sending sample transaction 419
[2026-09-10T03:42:13.814Z INFO  benchmark_client] Sending sample transaction 420
[2026-09-10T03:42:13.865Z INFO  benchmark_client] Sending sample transaction 421
[2026-09-10T03:42:13.915Z INFO  benchmark_client] Sending sample transaction 422
[2026-09-10T03:42:13.965Z INFO  benchmark_client] Sending sample transaction 423
[2026-09-10T03:42:14.014Z INFO  benchmark_client] Sending sample transaction 424
[2026-09-10T03:42:14.065Z INFO  benchmark_client] Sending sample transaction 425
[2026-09-10T03:42:14.114Z INFO  benchmark_client] Sending sample transaction 426
[2026-09-10T03:42:14.165Z INFO  benchmark_client] Sending sample transaction 427
[2026-09-10T03:42:14.214Z INFO  benchmark_client] Sending sample transaction 428
[2026-09-10T03:42:14.264Z INFO  benchmark_client] Sending sample transaction 429
[2026-09-10T03:42:14.315Z INFO  benchmark_client] Sending sample transaction 430
[2026-09-10T03:42:14.365Z INFO  benchmark_client] Sending sample transaction 431
[2026-09-10T03:42:14.416Z INFO  benchmark_client] Sending sample transaction 432
[2026-09-10T03:42:14.464Z INFO  benchmark_client] Sending sample transaction 433
[2026-09-10T03:42:14.515Z INFO  benchmark_client] Sending sample transaction 434
[2026-09-10T03:42:14.565Z INFO  benchmark_client] Sending sample transaction 435
[2026-09-10T03:42:14.615Z INFO  benchmark_client] Sending sample transaction 436
[2026-09-10T03:42:14.665Z INFO  benchmark_client] Sending sample transaction 437
[2026-09-10T03:42:14.715Z INFO  benchmark_client] Sending sample transaction 438
[2026-09-10T03:42:14.765Z INFO  benchmark_client] Sending sample transaction 439
[2026-09-10T03:42:14.816Z INFO  benchmark_client] Sending sample transaction 440
[2026-09-10T03:42:14.865Z INFO  benchmark_client] Sending sample transaction 441
[2026-09-10T03:42:14.915Z INFO  benchmark_client] Sending sample transaction 442
[2026-09-10T03:42:14.967Z INFO  benchmark_client] Sending sample transaction 443
[2026-09-10T03:42:15.015Z INFO  benchmark_client] Sending sample transaction 444
[2026-09-10T03:42:15.065Z INFO  benchmark_client] Sending sample transaction 445
[2026-09-10T03:42:15.115Z INFO  benchmark_client] Sending sample transaction 446
[2026-09-10T03:42:15.165Z INFO  benchmark_client] Sending sample transaction 447
[2026-09-10T03:42:15.215Z INFO  benchmark_client] Sending sample transaction 448
[2026-09-10T03:42:15.265Z INFO  benchmark_client] Sending sample transaction 449
[2026-09-10T03:42:15.315Z INFO  benchmark_client] Sending sample transaction 450
[2026-09-10T03:42:15.365Z INFO  benchmark_client] Sending sample transaction 451
[2026-09-10T03:42:15.415Z INFO  benchmark_client] Sending sample transaction 452
[2026-09-10T03:42:15.467Z INFO  benchmark_client] Sending sample transaction 453
[2026-09-10T03:42:15.515Z INFO  benchmark_client] Sending sample transaction 454
[2026-09-10T03:42:15.565Z INFO  benchmark_client] Sending sample transaction 455
[2026-09-10T03:42:15.617Z INFO  benchmark_client] Sending sample transaction 456
[2026-09-10T03:42:15.665Z INFO  benchmark_client] Sending sample transaction 457
[2026-09-10T03:42:15.715Z INFO  benchmark_client] Sending sample transaction 458
[2026-09-10T03:42:15.765Z INFO  benchmark_client] Sending sample transaction 459
[2026-09-10T03:42:15.815Z INFO  benchmark_client] Sending sample transaction 460
[2026-09-10T03:42:15.864Z INFO  benchmark_client] Sending sample transaction 461
[2026-09-10T03:42:15.914Z INFO  benchmark_client] Sending sample transaction 462
[2026-09-10T03:42:15.964Z INFO  benchmark_client] Sending sample transaction 463
[2026-09-10T03:42:16.015Z INFO  benchmark_client] Sending sample transaction 464
[2026-09-10T03:42:16.065Z INFO  benchmark_client] Sending sample transaction 465
[2026-09-10T03:42:16.115Z INFO  benchmark_client] Sending sample transaction 466
[2026-09-10T03:42:16.165Z INFO  benchmark_client] Sending sample transaction 467
[2026-09-10T03:42:16.214Z INFO  benchmark_client] Sending sample transaction 468
[2026-09-10T03:42:16.266Z INFO  benchmark_client] Sending sample transaction 469
[2026-09-10T03:42:16.315Z INFO  benchmark_client] Sending sample transaction 470
[2026-09-10T03:42:16.366Z INFO  benchmark_client] Sending sample transaction 471
[2026-09-10T03:42:16.415Z INFO  benchmark_client] Sending sample transaction 472
[2026-09-10T03:42:16.466Z INFO  benchmark_client] Sending sample transaction 473
[2026-09-10T03:42:16.515Z INFO  benchmark_client] Sending sample transaction 474
[2026-09-10T03:42:16.565Z INFO  benchmark_client] Sending sample transaction 475
[2026-09-10T03:42:16.615Z INFO  benchmark_client] Sending sample transaction 476
[2026-09-10T03:42:16.665Z INFO  benchmark_client] Sending sample transaction 477
[2026-09-10T03:42:16.715Z INFO  benchmark_client] Sending sample transaction 478
[2026-09-10T03:42:16.765Z INFO  benchmark_client] Sending sample transaction 479
[2026-09-10T03:42:16.815Z INFO  benchmark_client] Sending sample transaction 480
[2026-09-10T03:42:16.864Z INFO  benchmark_client] Sending sample transaction 481
[2026-09-10T03:42:16.916Z INFO  benchmark_client] Sending sample transaction 482
[2026-09-10T03:42:16.966Z INFO  benchmark_client] Sending sample transaction 483
[2026-09-10T03:42:17.015Z INFO  benchmark_client] Sending sample transaction 484
[2026-09-10T03:42:17.065Z INFO  benchmark_client] Sending sample transaction 485
[2026-09-10T03:42:17.115Z INFO  benchmark_client] Sending sample transaction 486
[2026-09-10T03:42:17.165Z INFO  benchmark_client] Sending sample transaction 487
[2026-09-10T03:42:17.214Z INFO  benchmark_client] Sending sample transaction 488
[2026-09-10T03:42:17.265Z INFO  benchmark_client] Sending sample transaction 489
[2026-09-10T03:42:17.316Z INFO  benchmark_client] Sending sample transaction 490
[2026-09-10T03:42:17.365Z INFO  benchmark_client] Sending sample transaction 491
[2026-09-10T03:42:17.415Z INFO  benchmark_client] Sending sample transaction 492
[2026-09-10T03:42:17.465Z INFO  benchmark_client] Sending sample transaction 493
[2026-09-10T03:42:17.517Z INFO  benchmark_client] Sending sample transaction 494
[2026-09-10T03:42:17.565Z INFO  benchmark_client] Sending sample transaction 495
[2026-09-10T03:42:17.615Z INFO  benchmark_client] Sending sample transaction 496
[2026-09-10T03:42:17.665Z INFO  benchmark_client] Sending sample transaction 497
[2026-09-10T03:42:17.715Z INFO  benchmark_client] Sending sample transaction 498
[2026-09-10T03:42:17.765Z INFO  benchmark_client] Sending sample transaction 499
[2026-09-10T03:42:17.814Z INFO  benchmark_client] Sending sample transaction 500
[2026-09-10T03:42:17.865Z INFO  benchmark_client] Sending sample transaction 501
[2026-09-10T03:42:17.915Z INFO  benchmark_client] Sending sample transaction 502
[2026-09-10T03:42:17.965Z INFO  benchmark_client] Sending sample transaction 503
[2026-09-10T03:42:18.014Z INFO  benchmark_client] Sending sample transaction 504
[2026-09-10T03:42:18.065Z INFO  benchmark_client] Sending sample transaction 505
[2026-09-10T03:42:18.116Z INFO  benchmark_client] Sending sample transaction 506
[2026-09-10T03:42:18.165Z INFO  benchmark_client] Sending sample transaction 507
[2026-09-10T03:42:18.215Z INFO  benchmark_client] Sending sample transaction 508
[2026-09-10T03:42:18.265Z INFO  benchmark_client] Sending sample transaction 509
[2026-09-10T03:42:18.315Z INFO  benchmark_client] Sending sample transaction 510
[2026-09-10T03:42:18.365Z INFO  benchmark_client] Sending sample transaction 511
[2026-09-10T03:42:18.416Z INFO  benchmark_client] Sending sample transaction 512
[2026-09-10T03:42:18.465Z INFO  benchmark_client] Sending sample transaction 513
[2026-09-10T03:42:18.515Z INFO  benchmark_client] Sending sample transaction 514
[2026-09-10T03:42:18.565Z INFO  benchmark_client] Sending sample transaction 515
[2026-09-10T03:42:18.615Z INFO  benchmark_client] Sending sample transaction 516
[2026-09-10T03:42:18.666Z INFO  benchmark_client] Sending sample transaction 517
[2026-09-10T03:42:18.715Z INFO  benchmark_client] Sending sample transaction 518
[2026-09-10T03:42:18.766Z INFO  benchmark_client] Sending sample transaction 519
[2026-09-10T03:42:18.816Z INFO  benchmark_client] Sending sample transaction 520
[2026-09-10T03:42:18.867Z INFO  benchmark_client] Sending sample transaction 521
[2026-09-10T03:42:18.915Z INFO  benchmark_client] Sending sample transaction 522
[2026-09-10T03:42:18.966Z INFO  benchmark_client] Sending sample transaction 523
[2026-09-10T03:42:19.016Z INFO  benchmark_client] Sending sample transaction 524
[2026-09-10T03:42:19.066Z INFO  benchmark_client] Sending sample transaction 525
[2026-09-10T03:42:19.115Z INFO  benchmark_client] Sending sample transaction 526
[2026-09-10T03:42:19.165Z INFO  benchmark_client] Sending sample transaction 527
[2026-09-10T03:42:19.216Z INFO  benchmark_client] Sending sample transaction 528
[2026-09-10T03:42:19.266Z INFO  benchmark_client] Sending sample transaction 529
[2026-09-10T03:42:19.315Z INFO  benchmark_client] Sending sample transaction 530
[2026-09-10T03:42:19.364Z INFO  benchmark_client] Sending sample transaction 531
[2026-09-10T03:42:19.416Z INFO  benchmark_client] Sending sample transaction 532
[2026-09-10T03:42:19.465Z INFO  benchmark_client] Sending sample transaction 533
[2026-09-10T03:42:19.516Z INFO  benchmark_client] Sending sample transaction 534
[2026-09-10T03:42:19.565Z INFO  benchmark_client] Sending sample transaction 535
[2026-09-10T03:42:19.616Z INFO  benchmark_client] Sending sample transaction 536
[2026-09-10T03:42:19.665Z INFO  benchmark_client] Sending sample transaction 537
[2026-09-10T03:42:19.715Z INFO  benchmark_client] Sending sample transaction 538
[2026-09-10T03:42:19.765Z INFO  benchmark_client] Sending sample transaction 539
[2026-09-10T03:42:19.815Z INFO  benchmark_client] Sending sample transaction 540
[2026-09-10T03:42:19.865Z INFO  benchmark_client] Sending sample transaction 541
[2026-09-10T03:42:19.916Z INFO  benchmark_client] Sending sample transaction 542
[2026-09-10T03:42:19.965Z INFO  benchmark_client] Sending sample transaction 543
[2026-09-10T03:42:20.016Z INFO  benchmark_client] Sending sample transaction 544
[2026-09-10T03:42:20.064Z INFO  benchmark_client] Sending sample transaction 545
[2026-09-10T03:42:20.116Z INFO  benchmark_client] Sending sample transaction 546
[2026-09-10T03:42:20.166Z INFO  benchmark_client] Sending sample transaction 547
[2026-09-10T03:42:20.216Z INFO  benchmark_client] Sending sample transaction 548
[2026-09-10T03:42:20.265Z INFO  benchmark_client] Sending sample transaction 549
[2026-09-10T03:42:20.315Z INFO  benchmark_client] Sending sample transaction 550
[2026-09-10T03:42:20.364Z INFO  benchmark_client] Sending sample transaction 551
[2026-09-10T03:42:20.415Z INFO  benchmark_client] Sending sample transaction 552
[2026-09-10T03:42:20.465Z INFO  benchmark_client] Sending sample transaction 553
[2026-09-10T03:42:20.517Z INFO  benchmark_client] Sending sample transaction 554
[2026-09-10T03:42:20.564Z INFO  benchmark_client] Sending sample transaction 555
[2026-09-10T03:42:20.614Z INFO  benchmark_client] Sending sample transaction 556
[2026-09-10T03:42:20.665Z INFO  benchmark_client] Sending sample transaction 557
[2026-09-10T03:42:20.714Z INFO  benchmark_client] Sending sample transaction 558
[2026-09-10T03:42:20.765Z INFO  benchmark_client] Sending sample transaction 559
[2026-09-10T03:42:20.815Z INFO  benchmark_client] Sending sample transaction 560
[2026-09-10T03:42:20.866Z INFO  benchmark_client] Sending sample transaction 561
[2026-09-10T03:42:20.916Z INFO  benchmark_client] Sending sample transaction 562
[2026-09-10T03:42:20.966Z INFO  benchmark_client] Sending sample transaction 563
[2026-09-10T03:42:21.015Z INFO  benchmark_client] Sending sample transaction 564
[2026-09-10T03:42:21.068Z INFO  benchmark_client] Sending sample transaction 565
[2026-09-10T03:42:21.114Z INFO  benchmark_client] Sending sample transaction 566
[2026-09-10T03:42:21.164Z INFO  benchmark_client] Sending sample transaction 567
[2026-09-10T03:42:21.215Z INFO  benchmark_client] Sending sample transaction 568
[2026-09-10T03:42:21.265Z INFO  benchmark_client] Sending sample transaction 569
[2026-09-10T03:42:21.315Z INFO  benchmark_client] Sending sample transaction 570
[2026-09-10T03:42:21.366Z INFO  benchmark_client] Sending sample transaction 571
[2026-09-10T03:42:21.415Z INFO  benchmark_client] Sending sample transaction 572
[2026-09-10T03:42:21.465Z INFO  benchmark_client] Sending sample transaction 573
[2026-09-10T03:42:21.515Z INFO  benchmark_client] Sending sample transaction 574
[2026-09-10T03:42:21.565Z INFO  benchmark_client] Sending sample transaction 575
[2026-09-10T03:42:21.616Z INFO  benchmark_client] Sending sample transaction 576
[2026-09-10T03:42:21.665Z INFO  benchmark_client] Sending sample transaction 577
[2026-09-10T03:42:21.715Z INFO  benchmark_client] Sending sample transaction 578
[2026-09-10T03:42:21.765Z INFO  benchmark_client] Sending sample transaction 579
[2026-09-10T03:42:21.817Z INFO  benchmark_client] Sending sample transaction 580
[2026-09-10T03:42:21.865Z INFO  benchmark_client] Sending sample transaction 581
[2026-09-10T03:42:21.915Z INFO  benchmark_client] Sending sample transaction 582
[2026-09-10T03:42:21.966Z INFO  benchmark_client] Sending sample transaction 583
[2026-09-10T03:42:22.016Z INFO  benchmark_client] Sending sample transaction 584
[2026-09-10T03:42:22.065Z INFO  benchmark_client] Sending sample transaction 585
[2026-09-10T03:42:22.115Z INFO  benchmark_client] Sending sample transaction 586
[2026-09-10T03:42:22.165Z INFO  benchmark_client] Sending sample transaction 587
[2026-09-10T03:42:22.214Z INFO  benchmark_client] Sending sample transaction 588
[2026-09-10T03:42:22.266Z INFO  benchmark_client] Sending sample transaction 589
[2026-09-10T03:42:22.316Z INFO  benchmark_client] Sending sample transaction 590
[2026-09-10T03:42:22.364Z INFO  benchmark_client] Sending sample transaction 591
[2026-09-10T03:42:22.415Z INFO  benchmark_client] Sending sample transaction 592
[2026-09-10T03:42:22.465Z INFO  benchmark_client] Sending sample transaction 593
[2026-09-10T03:42:22.515Z INFO  benchmark_client] Sending sample transaction 594
[2026-09-10T03:42:22.565Z INFO  benchmark_client] Sending sample transaction 595
[2026-09-10T03:42:22.616Z INFO  benchmark_client] Sending sample transaction 596
[2026-09-10T03:42:22.665Z INFO  benchmark_client] Sending sample transaction 597
[2026-09-10T03:42:22.715Z INFO  benchmark_client] Sending sample transaction 598
[2026-09-10T03:42:22.765Z INFO  benchmark_client] Sending sample transaction 599
[2026-09-10T03:42:22.813Z INFO  benchmark_client] Sending sample transaction 600
[2026-09-10T03:42:22.864Z INFO  benchmark_client] Sending sample transaction 601
[2026-09-10T03:42:22.916Z INFO  benchmark_client] Sending sample transaction 602
[2026-09-10T03:42:22.963Z INFO  benchmark_client] Sending sample transaction 603
[2026-09-10T03:42:23.015Z INFO  benchmark_client] Sending sample transaction 604
[2026-09-10T03:42:23.064Z INFO  benchmark_client] Sending sample transaction 605
[2026-09-10T03:42:23.115Z INFO  benchmark_client] Sending sample transaction 606
[2026-09-10T03:42:23.164Z INFO  benchmark_client] Sending sample transaction 607
[2026-09-10T03:42:23.214Z INFO  benchmark_client] Sending sample transaction 608
[2026-09-10T03:42:23.266Z INFO  benchmark_client] Sending sample transaction 609
[2026-09-10T03:42:23.314Z INFO  benchmark_client] Sending sample transaction 610
[2026-09-10T03:42:23.364Z INFO  benchmark_client] Sending sample transaction 611
[2026-09-10T03:42:23.416Z INFO  benchmark_client] Sending sample transaction 612
[2026-09-10T03:42:23.464Z INFO  benchmark_client] Sending sample transaction 613
[2026-09-10T03:42:23.516Z INFO  benchmark_client] Sending sample transaction 614
[2026-09-10T03:42:23.564Z INFO  benchmark_client] Sending sample transaction 615
[2026-09-10T03:42:23.614Z INFO  benchmark_client] Sending sample transaction 616
[2026-09-10T03:42:23.665Z INFO  benchmark_client] Sending sample transaction 617
[2026-09-10T03:42:23.714Z INFO  benchmark_client] Sending sample transaction 618
[2026-09-10T03:42:23.764Z INFO  benchmark_client] Sending sample transaction 619
[2026-09-10T03:42:23.814Z INFO  benchmark_client] Sending sample transaction 620
[2026-09-10T03:42:23.864Z INFO  benchmark_client] Sending sample transaction 621
[2026-09-10T03:42:23.915Z INFO  benchmark_client] Sending sample transaction 622
[2026-09-10T03:42:23.963Z INFO  benchmark_client] Sending sample transaction 623
[2026-09-10T03:42:24.013Z INFO  benchmark_client] Sending sample transaction 624
[2026-09-10T03:42:24.064Z INFO  benchmark_client] Sending sample transaction 625
[2026-09-10T03:42:24.115Z INFO  benchmark_client] Sending sample transaction 626
[2026-09-10T03:42:24.164Z INFO  benchmark_client] Sending sample transaction 627
[2026-09-10T03:42:24.215Z INFO  benchmark_client] Sending sample transaction 628
[2026-09-10T03:42:24.264Z INFO  benchmark_client] Sending sample transaction 629
[2026-09-10T03:42:24.315Z INFO  benchmark_client] Sending sample transaction 630
[2026-09-10T03:42:24.363Z INFO  benchmark_client] Sending sample transaction 631
[2026-09-10T03:42:24.415Z INFO  benchmark_client] Sending sample transaction 632
[2026-09-10T03:42:24.467Z INFO  benchmark_client] Sending sample transaction 633
[2026-09-10T03:42:24.514Z INFO  benchmark_client] Sending sample transaction 634
[2026-09-10T03:42:24.565Z INFO  benchmark_client] Sending sample transaction 635
[2026-09-10T03:42:24.614Z INFO  benchmark_client] Sending sample transaction 636
[2026-09-10T03:42:24.664Z INFO  benchmark_client] Sending sample transaction 637
[2026-09-10T03:42:24.714Z INFO  benchmark_client] Sending sample transaction 638
[2026-09-10T03:42:24.765Z INFO  benchmark_client] Sending sample transaction 639
[2026-09-10T03:42:24.817Z INFO  benchmark_client] Sending sample transaction 640
[2026-09-10T03:42:24.864Z INFO  benchmark_client] Sending sample transaction 641
[2026-09-10T03:42:24.915Z INFO  benchmark_client] Sending sample transaction 642
[2026-09-10T03:42:24.964Z INFO  benchmark_client] Sending sample transaction 643
[2026-09-10T03:42:25.014Z INFO  benchmark_client] Sending sample transaction 644
[2026-09-10T03:42:25.067Z INFO  benchmark_client] Sending sample transaction 645
[2026-09-10T03:42:25.114Z INFO  benchmark_client] Sending sample transaction 646
[2026-09-10T03:42:25.164Z INFO  benchmark_client] Sending sample transaction 647
[2026-09-10T03:42:25.214Z INFO  benchmark_client] Sending sample transaction 648
[2026-09-10T03:42:25.264Z INFO  benchmark_client] Sending sample transaction 649
[2026-09-10T03:42:25.314Z INFO  benchmark_client] Sending sample transaction 650
[2026-09-10T03:42:25.364Z INFO  benchmark_client] Sending sample transaction 651
[2026-09-10T03:42:25.414Z INFO  benchmark_client] Sending sample transaction 652
[2026-09-10T03:42:25.464Z INFO  benchmark_client] Sending sample transaction 653
[2026-09-10T03:42:25.514Z INFO  benchmark_client] Sending sample transaction 654
[2026-09-10T03:42:25.566Z INFO  benchmark_client] Sending sample transaction 655
[2026-09-10T03:42:25.614Z INFO  benchmark_client] Sending sample transaction 656
[2026-09-10T03:42:25.664Z INFO  benchmark_client] Sending sample transaction 657
[2026-09-10T03:42:25.714Z INFO  benchmark_client] Sending sample transaction 658
[2026-09-10T03:42:25.767Z INFO  benchmark_client] Sending sample transaction 659
[2026-09-10T03:42:25.815Z INFO  benchmark_client] Sending sample transaction 660
[2026-09-10T03:42:25.863Z INFO  benchmark_client] Sending sample transaction 661
[2026-09-10T03:42:25.913Z INFO  benchmark_client] Sending sample transaction 662
[2026-09-10T03:42:25.964Z INFO  benchmark_client] Sending sample transaction 663
[2026-09-10T03:42:26.014Z INFO  benchmark_client] Sending sample transaction 664
[2026-09-10T03:42:26.064Z INFO  benchmark_client] Sending sample transaction 665
[2026-09-10T03:42:26.117Z INFO  benchmark_client] Sending sample transaction 666
[2026-09-10T03:42:26.165Z INFO  benchmark_client] Sending sample transaction 667
[2026-09-10T03:42:26.214Z INFO  benchmark_client] Sending sample transaction 668
[2026-09-10T03:42:26.263Z INFO  benchmark_client] Sending sample transaction 669
[2026-09-10T03:42:26.314Z INFO  benchmark_client] Sending sample transaction 670
[2026-09-10T03:42:26.364Z INFO  benchmark_client] Sending sample transaction 671
[2026-09-10T03:42:26.414Z INFO  benchmark_client] Sending sample transaction 672
[2026-09-10T03:42:26.464Z INFO  benchmark_client] Sending sample transaction 673
[2026-09-10T03:42:26.514Z INFO  benchmark_client] Sending sample transaction 674
[2026-09-10T03:42:26.565Z INFO  benchmark_client] Sending sample transaction 675
[2026-09-10T03:42:26.614Z INFO  benchmark_client] Sending sample transaction 676
[2026-09-10T03:42:26.664Z INFO  benchmark_client] Sending sample transaction 677
[2026-09-10T03:42:26.714Z INFO  benchmark_client] Sending sample transaction 678
[2026-09-10T03:42:26.764Z INFO  benchmark_client] Sending sample transaction 679
[2026-09-10T03:42:26.814Z INFO  benchmark_client] Sending sample transaction 680
[2026-09-10T03:42:26.865Z INFO  benchmark_client] Sending sample transaction 681
[2026-09-10T03:42:26.914Z INFO  benchmark_client] Sending sample transaction 682
[2026-09-10T03:42:26.964Z INFO  benchmark_client] Sending sample transaction 683
[2026-09-10T03:42:27.015Z INFO  benchmark_client] Sending sample transaction 684
[2026-09-10T03:42:27.064Z INFO  benchmark_client] Sending sample transaction 685
[2026-09-10T03:42:27.114Z INFO  benchmark_client] Sending sample transaction 686
[2026-09-10T03:42:27.165Z INFO  benchmark_client] Sending sample transaction 687
[2026-09-10T03:42:27.214Z INFO  benchmark_client] Sending sample transaction 688
[2026-09-10T03:42:27.265Z INFO  benchmark_client] Sending sample transaction 689
[2026-09-10T03:42:27.314Z INFO  benchmark_client] Sending sample transaction 690
[2026-09-10T03:42:27.364Z INFO  benchmark_client] Sending sample transaction 691
[2026-09-10T03:42:27.414Z INFO  benchmark_client] Sending sample transaction 692
[2026-09-10T03:42:27.464Z INFO  benchmark_client] Sending sample transaction 693
[2026-09-10T03:42:27.515Z INFO  benchmark_client] Sending sample transaction 694
[2026-09-10T03:42:27.564Z INFO  benchmark_client] Sending sample transaction 695
[2026-09-10T03:42:27.614Z INFO  benchmark_client] Sending sample transaction 696
[2026-09-10T03:42:27.666Z INFO  benchmark_client] Sending sample transaction 697
[2026-09-10T03:42:27.716Z INFO  benchmark_client] Sending sample transaction 698
[2026-09-10T03:42:27.764Z INFO  benchmark_client] Sending sample transaction 699
[2026-09-10T03:42:27.814Z INFO  benchmark_client] Sending sample transaction 700
[2026-09-10T03:42:27.864Z INFO  benchmark_client] Sending sample transaction 701
[2026-09-10T03:42:27.915Z INFO  benchmark_client] Sending sample transaction 702
[2026-09-10T03:42:27.966Z INFO  benchmark_client] Sending sample transaction 703
[2026-09-10T03:42:28.014Z INFO  benchmark_client] Sending sample transaction 704
[2026-09-10T03:42:28.065Z INFO  benchmark_client] Sending sample transaction 705
[2026-09-10T03:42:28.116Z INFO  benchmark_client] Sending sample transaction 706
[2026-09-10T03:42:28.164Z INFO  benchmark_client] Sending sample transaction 707
[2026-09-10T03:42:28.215Z INFO  benchmark_client] Sending sample transaction 708
[2026-09-10T03:42:28.265Z INFO  benchmark_client] Sending sample transaction 709
[2026-09-10T03:42:28.314Z INFO  benchmark_client] Sending sample transaction 710
[2026-09-10T03:42:28.364Z INFO  benchmark_client] Sending sample transaction 711
[2026-09-10T03:42:28.415Z INFO  benchmark_client] Sending sample transaction 712
[2026-09-10T03:42:28.465Z INFO  benchmark_client] Sending sample transaction 713
[2026-09-10T03:42:28.514Z INFO  benchmark_client] Sending sample transaction 714
[2026-09-10T03:42:28.564Z INFO  benchmark_client] Sending sample transaction 715
[2026-09-10T03:42:28.616Z INFO  benchmark_client] Sending sample transaction 716
[2026-09-10T03:42:28.665Z INFO  benchmark_client] Sending sample transaction 717
[2026-09-10T03:42:28.715Z INFO  benchmark_client] Sending sample transaction 718
[2026-09-10T03:42:28.765Z INFO  benchmark_client] Sending sample transaction 719
[2026-09-10T03:42:28.814Z INFO  benchmark_client] Sending sample transaction 720
[2026-09-10T03:42:28.864Z INFO  benchmark_client] Sending sample transaction 721
[2026-09-10T03:42:28.914Z INFO  benchmark_client] Sending sample transaction 722
[2026-09-10T03:42:28.964Z INFO  benchmark_client] Sending sample transaction 723
[2026-09-10T03:42:29.014Z INFO  benchmark_client] Sending sample transaction 724
[2026-09-10T03:42:29.065Z INFO  benchmark_client] Sending sample transaction 725
[2026-09-10T03:42:29.115Z INFO  benchmark_client] Sending sample transaction 726
[2026-09-10T03:42:29.164Z INFO  benchmark_client] Sending sample transaction 727
[2026-09-10T03:42:29.214Z INFO  benchmark_client] Sending sample transaction 728
[2026-09-10T03:42:29.264Z INFO  benchmark_client] Sending sample transaction 729
[2026-09-10T03:42:29.314Z INFO  benchmark_client] Sending sample transaction 730
[2026-09-10T03:42:29.367Z INFO  benchmark_client] Sending sample transaction 731
[2026-09-10T03:42:29.415Z INFO  benchmark_client] Sending sample transaction 732
[2026-09-10T03:42:29.465Z INFO  benchmark_client] Sending sample transaction 733
[2026-09-10T03:42:29.515Z INFO  benchmark_client] Sending sample transaction 734
[2026-09-10T03:42:29.564Z INFO  benchmark_client] Sending sample transaction 735
[2026-09-10T03:42:29.615Z INFO  benchmark_client] Sending sample transaction 736
[2026-09-10T03:42:29.664Z INFO  benchmark_client] Sending sample transaction 737
[2026-09-10T03:42:29.714Z INFO  benchmark_client] Sending sample transaction 738
[2026-09-10T03:42:29.764Z INFO  benchmark_client] Sending sample transaction 739
[2026-09-10T03:42:29.815Z INFO  benchmark_client] Sending sample transaction 740
[2026-09-10T03:42:29.865Z INFO  benchmark_client] Sending sample transaction 741
[2026-09-10T03:42:29.914Z INFO  benchmark_client] Sending sample transaction 742
[2026-09-10T03:42:29.964Z INFO  benchmark_client] Sending sample transaction 743
[2026-09-10T03:42:30.016Z INFO  benchmark_client] Sending sample transaction 744
[2026-09-10T03:42:30.065Z INFO  benchmark_client] Sending sample transaction 745
[2026-09-10T03:42:30.114Z INFO  benchmark_client] Sending sample transaction 746
[2026-09-10T03:42:30.165Z INFO  benchmark_client] Sending sample transaction 747
[2026-09-10T03:42:30.216Z INFO  benchmark_client] Sending sample transaction 748
[2026-09-10T03:42:30.264Z INFO  benchmark_client] Sending sample transaction 749
[2026-09-10T03:42:30.314Z INFO  benchmark_client] Sending sample transaction 750
[2026-09-10T03:42:30.364Z INFO  benchmark_client] Sending sample transaction 751
[2026-09-10T03:42:30.414Z INFO  benchmark_client] Sending sample transaction 752
[2026-09-10T03:42:30.465Z INFO  benchmark_client] Sending sample transaction 753
[2026-09-10T03:42:30.514Z INFO  benchmark_client] Sending sample transaction 754
[2026-09-10T03:42:30.564Z INFO  benchmark_client] Sending sample transaction 755
[2026-09-10T03:42:30.614Z INFO  benchmark_client] Sending sample transaction 756
[2026-09-10T03:42:30.664Z INFO  benchmark_client] Sending sample transaction 757
[2026-09-10T03:42:30.714Z INFO  benchmark_client] Sending sample transaction 758
[2026-09-10T03:42:30.764Z INFO  benchmark_client] Sending sample transaction 759
[2026-09-10T03:42:30.814Z INFO  benchmark_client] Sending sample transaction 760
[2026-09-10T03:42:30.865Z INFO  benchmark_client] Sending sample transaction 761
[2026-09-10T03:42:30.914Z INFO  benchmark_client] Sending sample transaction 762
[2026-09-10T03:42:30.965Z INFO  benchmark_client] Sending sample transaction 763
[2026-09-10T03:42:31.015Z INFO  benchmark_client] Sending sample transaction 764
[2026-09-10T03:42:31.064Z INFO  benchmark_client] Sending sample transaction 765
[2026-09-10T03:42:31.114Z INFO  benchmark_client] Sending sample transaction 766
[2026-09-10T03:42:31.164Z INFO  benchmark_client] Sending sample transaction 767
[2026-09-10T03:42:31.214Z INFO  benchmark_client] Sending sample transaction 768
[2026-09-10T03:42:31.264Z INFO  benchmark_client] Sending sample transaction 769
[2026-09-10T03:42:31.314Z INFO  benchmark_client] Sending sample transaction 770
[2026-09-10T03:42:31.364Z INFO  benchmark_client] Sending sample transaction 771
[2026-09-10T03:42:31.414Z INFO  benchmark_client] Sending sample transaction 772
[2026-09-10T03:42:31.465Z INFO  benchmark_client] Sending sample transaction 773
[2026-09-10T03:42:31.515Z INFO  benchmark_client] Sending sample transaction 774
[2026-09-10T03:42:31.565Z INFO  benchmark_client] Sending sample transaction 775
[2026-09-10T03:42:31.614Z INFO  benchmark_client] Sending sample transaction 776
[2026-09-10T03:42:31.667Z INFO  benchmark_client] Sending sample transaction 777
[2026-09-10T03:42:31.714Z INFO  benchmark_client] Sending sample transaction 778
[2026-09-10T03:42:31.764Z INFO  benchmark_client] Sending sample transaction 779
[2026-09-10T03:42:31.814Z INFO  benchmark_client] Sending sample transaction 780
[2026-09-10T03:42:31.864Z INFO  benchmark_client] Sending sample transaction 781
[2026-09-10T03:42:31.914Z INFO  benchmark_client] Sending sample transaction 782
[2026-09-10T03:42:31.964Z INFO  benchmark_client] Sending sample transaction 783
[2026-09-10T03:42:32.014Z INFO  benchmark_client] Sending sample transaction 784
[2026-09-10T03:42:32.064Z INFO  benchmark_client] Sending sample transaction 785
[2026-09-10T03:42:32.114Z INFO  benchmark_client] Sending sample transaction 786
[2026-09-10T03:42:32.164Z INFO  benchmark_client] Sending sample transaction 787
[2026-09-10T03:42:32.216Z INFO  benchmark_client] Sending sample transaction 788
[2026-09-10T03:42:32.266Z INFO  benchmark_client] Sending sample transaction 789
[2026-09-10T03:42:32.314Z INFO  benchmark_client] Sending sample transaction 790
[2026-09-10T03:42:32.364Z INFO  benchmark_client] Sending sample transaction 791
[2026-09-10T03:42:32.415Z INFO  benchmark_client] Sending sample transaction 792
[2026-09-10T03:42:32.465Z INFO  benchmark_client] Sending sample transaction 793
[2026-09-10T03:42:32.515Z INFO  benchmark_client] Sending sample transaction 794
[2026-09-10T03:42:32.565Z INFO  benchmark_client] Sending sample transaction 795
[2026-09-10T03:42:32.616Z INFO  benchmark_client] Sending sample transaction 796
[2026-09-10T03:42:32.664Z INFO  benchmark_client] Sending sample transaction 797
[2026-09-10T03:42:32.716Z INFO  benchmark_client] Sending sample transaction 798
[2026-09-10T03:42:32.764Z INFO  benchmark_client] Sending sample transaction 799
[2026-09-10T03:42:32.814Z INFO  benchmark_client] Sending sample transaction 800
[2026-09-10T03:42:32.864Z INFO  benchmark_client] Sending sample transaction 801
[2026-09-10T03:42:32.915Z INFO  benchmark_client] Sending sample transaction 802
[2026-09-10T03:42:32.967Z INFO  benchmark_client] Sending sample transaction 803
[2026-09-10T03:42:33.015Z INFO  benchmark_client] Sending sample transaction 804
[2026-09-10T03:42:33.064Z INFO  benchmark_client] Sending sample transaction 805
[2026-09-10T03:42:33.114Z INFO  benchmark_client] Sending sample transaction 806
[2026-09-10T03:42:33.165Z INFO  benchmark_client] Sending sample transaction 807
[2026-09-10T03:42:33.215Z INFO  benchmark_client] Sending sample transaction 808
[2026-09-10T03:42:33.264Z INFO  benchmark_client] Sending sample transaction 809
[2026-09-10T03:42:33.315Z INFO  benchmark_client] Sending sample transaction 810
[2026-09-10T03:42:33.366Z INFO  benchmark_client] Sending sample transaction 811
[2026-09-10T03:42:33.415Z INFO  benchmark_client] Sending sample transaction 812
[2026-09-10T03:42:33.464Z INFO  benchmark_client] Sending sample transaction 813
[2026-09-10T03:42:33.516Z INFO  benchmark_client] Sending sample transaction 814
[2026-09-10T03:42:33.565Z INFO  benchmark_client] Sending sample transaction 815
[2026-09-10T03:42:33.614Z INFO  benchmark_client] Sending sample transaction 816
[2026-09-10T03:42:33.667Z INFO  benchmark_client] Sending sample transaction 817
[2026-09-10T03:42:33.715Z INFO  benchmark_client] Sending sample transaction 818
[2026-09-10T03:42:33.765Z INFO  benchmark_client] Sending sample transaction 819
[2026-09-10T03:42:33.814Z INFO  benchmark_client] Sending sample transaction 820
[2026-09-10T03:42:33.865Z INFO  benchmark_client] Sending sample transaction 821
[2026-09-10T03:42:33.915Z INFO  benchmark_client] Sending sample transaction 822
[2026-09-10T03:42:33.965Z INFO  benchmark_client] Sending sample transaction 823
[2026-09-10T03:42:34.017Z INFO  benchmark_client] Sending sample transaction 824
[2026-09-10T03:42:34.064Z INFO  benchmark_client] Sending sample transaction 825
[2026-09-10T03:42:34.115Z INFO  benchmark_client] Sending sample transaction 826
[2026-09-10T03:42:34.165Z INFO  benchmark_client] Sending sample transaction 827
[2026-09-10T03:42:34.216Z INFO  benchmark_client] Sending sample transaction 828
[2026-09-10T03:42:34.265Z INFO  benchmark_client] Sending sample transaction 829
[2026-09-10T03:42:34.317Z INFO  benchmark_client] Sending sample transaction 830
[2026-09-10T03:42:34.364Z INFO  benchmark_client] Sending sample transaction 831
[2026-09-10T03:42:34.415Z INFO  benchmark_client] Sending sample transaction 832
[2026-09-10T03:42:34.467Z INFO  benchmark_client] Sending sample transaction 833
[2026-09-10T03:42:34.514Z INFO  benchmark_client] Sending sample transaction 834
[2026-09-10T03:42:34.567Z INFO  benchmark_client] Sending sample transaction 835
[2026-09-10T03:42:34.615Z INFO  benchmark_client] Sending sample transaction 836
[2026-09-10T03:42:34.665Z INFO  benchmark_client] Sending sample transaction 837
[2026-09-10T03:42:34.715Z INFO  benchmark_client] Sending sample transaction 838
[2026-09-10T03:42:34.765Z INFO  benchmark_client] Sending sample transaction 839
[2026-09-10T03:42:34.817Z INFO  benchmark_client] Sending sample transaction 840
[2026-09-10T03:42:34.864Z INFO  benchmark_client] Sending sample transaction 841
[2026-09-10T03:42:34.915Z INFO  benchmark_client] Sending sample transaction 842
[2026-09-10T03:42:34.965Z INFO  benchmark_client] Sending sample transaction 843
[2026-09-10T03:42:35.015Z INFO  benchmark_client] Sending sample transaction 844
[2026-09-10T03:42:35.064Z INFO  benchmark_client] Sending sample transaction 845
[2026-09-10T03:42:35.116Z INFO  benchmark_client] Sending sample transaction 846
[2026-09-10T03:42:35.165Z INFO  benchmark_client] Sending sample transaction 847
[2026-09-10T03:42:35.215Z INFO  benchmark_client] Sending sample transaction 848
[2026-09-10T03:42:35.265Z INFO  benchmark_client] Sending sample transaction 849
[2026-09-10T03:42:35.314Z INFO  benchmark_client] Sending sample transaction 850
[2026-09-10T03:42:35.364Z INFO  benchmark_client] Sending sample transaction 851
[2026-09-10T03:42:35.415Z INFO  benchmark_client] Sending sample transaction 852
[2026-09-10T03:42:35.466Z INFO  benchmark_client] Sending sample transaction 853
[2026-09-10T03:42:35.516Z INFO  benchmark_client] Sending sample transaction 854
[2026-09-10T03:42:35.565Z INFO  benchmark_client] Sending sample transaction 855
[2026-09-10T03:42:35.614Z INFO  benchmark_client] Sending sample transaction 856
[2026-09-10T03:42:35.665Z INFO  benchmark_client] Sending sample transaction 857
[2026-09-10T03:42:35.714Z INFO  benchmark_client] Sending sample transaction 858
[2026-09-10T03:42:35.765Z INFO  benchmark_client] Sending sample transaction 859
[2026-09-10T03:42:35.816Z INFO  benchmark_client] Sending sample transaction 860
[2026-09-10T03:42:35.864Z INFO  benchmark_client] Sending sample transaction 861
[2026-09-10T03:42:35.914Z INFO  benchmark_client] Sending sample transaction 862
[2026-09-10T03:42:35.965Z INFO  benchmark_client] Sending sample transaction 863
[2026-09-10T03:42:36.014Z INFO  benchmark_client] Sending sample transaction 864
[2026-09-10T03:42:36.065Z INFO  benchmark_client] Sending sample transaction 865
[2026-09-10T03:42:36.117Z INFO  benchmark_client] Sending sample transaction 866
[2026-09-10T03:42:36.165Z INFO  benchmark_client] Sending sample transaction 867
[2026-09-10T03:42:36.215Z INFO  benchmark_client] Sending sample transaction 868
[2026-09-10T03:42:36.265Z INFO  benchmark_client] Sending sample transaction 869
[2026-09-10T03:42:36.314Z INFO  benchmark_client] Sending sample transaction 870
[2026-09-10T03:42:36.364Z INFO  benchmark_client] Sending sample transaction 871
[2026-09-10T03:42:36.415Z INFO  benchmark_client] Sending sample transaction 872
[2026-09-10T03:42:36.467Z INFO  benchmark_client] Sending sample transaction 873
[2026-09-10T03:42:36.516Z INFO  benchmark_client] Sending sample transaction 874
[2026-09-10T03:42:36.565Z INFO  benchmark_client] Sending sample transaction 875
[2026-09-10T03:42:36.615Z INFO  benchmark_client] Sending sample transaction 876
[2026-09-10T03:42:36.665Z INFO  benchmark_client] Sending sample transaction 877
[2026-09-10T03:42:36.714Z INFO  benchmark_client] Sending sample transaction 878
[2026-09-10T03:42:36.765Z INFO  benchmark_client] Sending sample transaction 879
[2026-09-10T03:42:36.815Z INFO  benchmark_client] Sending sample transaction 880
[2026-09-10T03:42:36.870Z INFO  benchmark_client] Sending sample transaction 881
[2026-09-10T03:42:36.919Z INFO  benchmark_client] Sending sample transaction 882
[2026-09-10T03:42:36.967Z INFO  benchmark_client] Sending sample transaction 883
[2026-09-10T03:42:37.014Z INFO  benchmark_client] Sending sample transaction 884
[2026-09-10T03:42:37.064Z INFO  benchmark_client] Sending sample transaction 885
[2026-09-10T03:42:37.115Z INFO  benchmark_client] Sending sample transaction 886
[2026-09-10T03:42:37.165Z INFO  benchmark_client] Sending sample transaction 887
[2026-09-10T03:42:37.215Z INFO  benchmark_client] Sending sample transaction 888
[2026-09-10T03:42:37.265Z INFO  benchmark_client] Sending sample transaction 889
[2026-09-10T03:42:37.316Z INFO  benchmark_client] Sending sample transaction 890
[2026-09-10T03:42:37.365Z INFO  benchmark_client] Sending sample transaction 891
[2026-09-10T03:42:37.415Z INFO  benchmark_client] Sending sample transaction 892
[2026-09-10T03:42:37.464Z INFO  benchmark_client] Sending sample transaction 893
[2026-09-10T03:42:37.516Z INFO  benchmark_client] Sending sample transaction 894
[2026-09-10T03:42:37.565Z INFO  benchmark_client] Sending sample transaction 895
[2026-09-10T03:42:37.615Z INFO  benchmark_client] Sending sample transaction 896
[2026-09-10T03:42:37.665Z INFO  benchmark_client] Sending sample transaction 897
[2026-09-10T03:42:37.715Z INFO  benchmark_client] Sending sample transaction 898
[2026-09-10T03:42:37.764Z INFO  benchmark_client] Sending sample transaction 899
[2026-09-10T03:42:37.817Z INFO  benchmark_client] Sending sample transaction 900
[2026-09-10T03:42:37.865Z INFO  benchmark_client] Sending sample transaction 901
[2026-09-10T03:42:37.915Z INFO  benchmark_client] Sending sample transaction 902
[2026-09-10T03:42:37.964Z INFO  benchmark_client] Sending sample transaction 903
[2026-09-10T03:42:38.017Z INFO  benchmark_client] Sending sample transaction 904
[2026-09-10T03:42:38.067Z INFO  benchmark_client] Sending sample transaction 905
[2026-09-10T03:42:38.115Z INFO  benchmark_client] Sending sample transaction 906
[2026-09-10T03:42:38.167Z INFO  benchmark_client] Sending sample transaction 907
[2026-09-10T03:42:38.215Z INFO  benchmark_client] Sending sample transaction 908
[2026-09-10T03:42:38.265Z INFO  benchmark_client] Sending sample transaction 909
[2026-09-10T03:42:38.316Z INFO  benchmark_client] Sending sample transaction 910
[2026-09-10T03:42:38.364Z INFO  benchmark_client] Sending sample transaction 911
[2026-09-10T03:42:38.415Z INFO  benchmark_client] Sending sample transaction 912
[2026-09-10T03:42:38.465Z INFO  benchmark_client] Sending sample transaction 913
[2026-09-10T03:42:38.515Z INFO  benchmark_client] Sending sample transaction 914
[2026-09-10T03:42:38.567Z INFO  benchmark_client] Sending sample transaction 915
[2026-09-10T03:42:38.614Z INFO  benchmark_client] Sending sample transaction 916
[2026-09-10T03:42:38.665Z INFO  benchmark_client] Sending sample transaction 917
[2026-09-10T03:42:38.715Z INFO  benchmark_client] Sending sample transaction 918
[2026-09-10T03:42:38.765Z INFO  benchmark_client] Sending sample transaction 919
[2026-09-10T03:42:38.817Z INFO  benchmark_client] Sending sample transaction 920
[2026-09-10T03:42:38.865Z INFO  benchmark_client] Sending sample transaction 921
[2026-09-10T03:42:38.914Z INFO  benchmark_client] Sending sample transaction 922
[2026-09-10T03:42:38.964Z INFO  benchmark_client] Sending sample transaction 923
[2026-09-10T03:42:39.015Z INFO  benchmark_client] Sending sample transaction 924
[2026-09-10T03:42:39.066Z INFO  benchmark_client] Sending sample transaction 925
[2026-09-10T03:42:39.116Z INFO  benchmark_client] Sending sample transaction 926
[2026-09-10T03:42:39.164Z INFO  benchmark_client] Sending sample transaction 927
[2026-09-10T03:42:39.216Z INFO  benchmark_client] Sending sample transaction 928
[2026-09-10T03:42:39.264Z INFO  benchmark_client] Sending sample transaction 929
[2026-09-10T03:42:39.315Z INFO  benchmark_client] Sending sample transaction 930
[2026-09-10T03:42:39.367Z INFO  benchmark_client] Sending sample transaction 931
[2026-09-10T03:42:39.415Z INFO  benchmark_client] Sending sample transaction 932
[2026-09-10T03:42:39.465Z INFO  benchmark_client] Sending sample transaction 933
[2026-09-10T03:42:39.515Z INFO  benchmark_client] Sending sample transaction 934
[2026-09-10T03:42:39.564Z INFO  benchmark_client] Sending sample transaction 935
[2026-09-10T03:42:39.617Z INFO  benchmark_client] Sending sample transaction 936
[2026-09-10T03:42:39.664Z INFO  benchmark_client] Sending sample transaction 937
[2026-09-10T03:42:39.715Z INFO  benchmark_client] Sending sample transaction 938
[2026-09-10T03:42:39.765Z INFO  benchmark_client] Sending sample transaction 939
[2026-09-10T03:42:39.815Z INFO  benchmark_client] Sending sample transaction 940
[2026-09-10T03:42:39.866Z INFO  benchmark_client] Sending sample transaction 941
[2026-09-10T03:42:39.918Z INFO  benchmark_client] Sending sample transaction 942
[2026-09-10T03:42:39.966Z INFO  benchmark_client] Sending sample transaction 943
[2026-09-10T03:42:40.017Z INFO  benchmark_client] Sending sample transaction 944
[2026-09-10T03:42:40.065Z INFO  benchmark_client] Sending sample transaction 945
[2026-09-10T03:42:40.116Z INFO  benchmark_client] Sending sample transaction 946
[2026-09-10T03:42:40.168Z INFO  benchmark_client] Sending sample transaction 947
[2026-09-10T03:42:40.215Z INFO  benchmark_client] Sending sample transaction 948
[2026-09-10T03:42:40.264Z INFO  benchmark_client] Sending sample transaction 949
[2026-09-10T03:42:40.315Z INFO  benchmark_client] Sending sample transaction 950
[2026-09-10T03:42:40.365Z INFO  benchmark_client] Sending sample transaction 951
[2026-09-10T03:42:40.415Z INFO  benchmark_client] Sending sample transaction 952
[2026-09-10T03:42:40.466Z INFO  benchmark_client] Sending sample transaction 953
[2026-09-10T03:42:40.515Z INFO  benchmark_client] Sending sample transaction 954
[2026-09-10T03:42:40.565Z INFO  benchmark_client] Sending sample transaction 955
[2026-09-10T03:42:40.619Z INFO  benchmark_client] Sending sample transaction 956
[2026-09-10T03:42:40.666Z INFO  benchmark_client] Sending sample transaction 957
[2026-09-10T03:42:40.715Z INFO  benchmark_client] Sending sample transaction 958
[2026-09-10T03:42:40.764Z INFO  benchmark_client] Sending sample transaction 959
[2026-09-10T03:42:40.814Z INFO  benchmark_client] Sending sample transaction 960
[2026-09-10T03:42:40.865Z INFO  benchmark_client] Sending sample transaction 961
[2026-09-10T03:42:40.915Z INFO  benchmark_client] Sending sample transaction 962
[2026-09-10T03:42:40.965Z INFO  benchmark_client] Sending sample transaction 963
[2026-09-10T03:42:41.016Z INFO  benchmark_client] Sending sample transaction 964
[2026-09-10T03:42:41.067Z INFO  benchmark_client] Sending sample transaction 965
[2026-09-10T03:42:41.114Z INFO  benchmark_client] Sending sample transaction 966
[2026-09-10T03:42:41.167Z INFO  benchmark_client] Sending sample transaction 967
[2026-09-10T03:42:41.217Z INFO  benchmark_client] Sending sample transaction 968
[2026-09-10T03:42:41.265Z INFO  benchmark_client] Sending sample transaction 969
[2026-09-10T03:42:41.315Z INFO  benchmark_client] Sending sample transaction 970
[2026-09-10T03:42:41.364Z INFO  benchmark_client] Sending sample transaction 971
[2026-09-10T03:42:41.414Z INFO  benchmark_client] Sending sample transaction 972
[2026-09-10T03:42:41.465Z INFO  benchmark_client] Sending sample transaction 973
[2026-09-10T03:42:41.515Z INFO  benchmark_client] Sending sample transaction 974
[2026-09-10T03:42:41.566Z INFO  benchmark_client] Sending sample transaction 975
[2026-09-10T03:42:41.614Z INFO  benchmark_client] Sending sample transaction 976
[2026-09-10T03:42:41.665Z INFO  benchmark_client] Sending sample transaction 977
[2026-09-10T03:42:41.715Z INFO  benchmark_client] Sending sample transaction 978
[2026-09-10T03:42:41.765Z INFO  benchmark_client] Sending sample transaction 979
[2026-09-10T03:42:41.816Z INFO  benchmark_client] Sending sample transaction 980
[2026-09-10T03:42:41.866Z INFO  benchmark_client] Sending sample transaction 981
[2026-09-10T03:42:41.915Z INFO  benchmark_client] Sending sample transaction 982
[2026-09-10T03:42:41.965Z INFO  benchmark_client] Sending sample transaction 983
[2026-09-10T03:42:42.015Z INFO  benchmark_client] Sending sample transaction 984
[2026-09-10T03:42:42.065Z INFO  benchmark_client] Sending sample transaction 985
[2026-09-10T03:42:42.115Z INFO  benchmark_client] Sending sample transaction 986
[2026-09-10T03:42:42.166Z INFO  benchmark_client] Sending sample transaction 987
[2026-09-10T03:42:42.217Z INFO  benchmark_client] Sending sample transaction 988
[2026-09-10T03:42:42.265Z INFO  benchmark_client] Sending sample transaction 989
[2026-09-10T03:42:42.319Z INFO  benchmark_client] Sending sample transaction 990
[2026-09-10T03:42:42.364Z INFO  benchmark_client] Sending sample transaction 991
[2026-09-10T03:42:42.415Z INFO  benchmark_client] Sending sample transaction 992
[2026-09-10T03:42:42.464Z INFO  benchmark_client] Sending sample transaction 993
[2026-09-10T03:42:42.514Z INFO  benchmark_client] Sending sample transaction 994
[2026-09-10T03:42:42.566Z INFO  benchmark_client] Sending sample transaction 995
[2026-09-10T03:42:42.615Z INFO  benchmark_client] Sending sample transaction 996
[2026-09-10T03:42:42.665Z INFO  benchmark_client] Sending sample transaction 997
[2026-09-10T03:42:42.715Z INFO  benchmark_client] Sending sample transaction 998
[2026-09-10T03:42:42.765Z INFO  benchmark_client] Sending sample transaction 999
[2026-09-10T03:42:42.815Z INFO  benchmark_client] Sending sample transaction 1000
[2026-09-10T03:42:42.865Z INFO  benchmark_client] Sending sample transaction 1001
[2026-09-10T03:42:42.915Z INFO  benchmark_client] Sending sample transaction 1002
[2026-09-10T03:42:42.967Z INFO  benchmark_client] Sending sample transaction 1003
[2026-09-10T03:42:43.015Z INFO  benchmark_client] Sending sample transaction 1004
[2026-09-10T03:42:43.065Z INFO  benchmark_client] Sending sample transaction 1005
[2026-09-10T03:42:43.114Z INFO  benchmark_client] Sending sample transaction 1006
[2026-09-10T03:42:43.165Z INFO  benchmark_client] Sending sample transaction 1007
[2026-09-10T03:42:43.215Z INFO  benchmark_client] Sending sample transaction 1008
[2026-09-10T03:42:43.265Z INFO  benchmark_client] Sending sample transaction 1009
[2026-09-10T03:42:43.315Z INFO  benchmark_client] Sending sample transaction 1010
[2026-09-10T03:42:43.365Z INFO  benchmark_client] Sending sample transaction 1011
[2026-09-10T03:42:43.414Z INFO  benchmark_client] Sending sample transaction 1012
[2026-09-10T03:42:43.467Z INFO  benchmark_client] Sending sample transaction 1013
[2026-09-10T03:42:43.515Z INFO  benchmark_client] Sending sample transaction 1014
[2026-09-10T03:42:43.565Z INFO  benchmark_client] Sending sample transaction 1015
[2026-09-10T03:42:43.616Z INFO  benchmark_client] Sending sample transaction 1016
[2026-09-10T03:42:43.665Z INFO  benchmark_client] Sending sample transaction 1017
[2026-09-10T03:42:43.715Z INFO  benchmark_client] Sending sample transaction 1018
[2026-09-10T03:42:43.765Z INFO  benchmark_client] Sending sample transaction 1019
[2026-09-10T03:42:43.815Z INFO  benchmark_client] Sending sample transaction 1020
[2026-09-10T03:42:43.864Z INFO  benchmark_client] Sending sample transaction 1021
[2026-09-10T03:42:43.915Z INFO  benchmark_client] Sending sample transaction 1022
[2026-09-10T03:42:43.965Z INFO  benchmark_client] Sending sample transaction 1023
[2026-09-10T03:42:44.015Z INFO  benchmark_client] Sending sample transaction 1024
[2026-09-10T03:42:44.065Z INFO  benchmark_client] Sending sample transaction 1025
[2026-09-10T03:42:44.115Z INFO  benchmark_client] Sending sample transaction 1026
[2026-09-10T03:42:44.166Z INFO  benchmark_client] Sending sample transaction 1027
[2026-09-10T03:42:44.214Z INFO  benchmark_client] Sending sample transaction 1028
[2026-09-10T03:42:44.267Z INFO  benchmark_client] Sending sample transaction 1029
[2026-09-10T03:42:44.317Z INFO  benchmark_client] Sending sample transaction 1030
[2026-09-10T03:42:44.365Z INFO  benchmark_client] Sending sample transaction 1031
[2026-09-10T03:42:44.420Z INFO  benchmark_client] Sending sample transaction 1032
[2026-09-10T03:42:44.465Z INFO  benchmark_client] Sending sample transaction 1033
[2026-09-10T03:42:44.515Z INFO  benchmark_client] Sending sample transaction 1034
[2026-09-10T03:42:44.565Z INFO  benchmark_client] Sending sample transaction 1035
[2026-09-10T03:42:44.615Z INFO  benchmark_client] Sending sample transaction 1036
[2026-09-10T03:42:44.666Z INFO  benchmark_client] Sending sample transaction 1037
[2026-09-10T03:42:44.715Z INFO  benchmark_client] Sending sample transaction 1038
[2026-09-10T03:42:44.765Z INFO  benchmark_client] Sending sample transaction 1039
[2026-09-10T03:42:44.815Z INFO  benchmark_client] Sending sample transaction 1040
[2026-09-10T03:42:44.866Z INFO  benchmark_client] Sending sample transaction 1041
[2026-09-10T03:42:44.915Z INFO  benchmark_client] Sending sample transaction 1042
[2026-09-10T03:42:44.965Z INFO  benchmark_client] Sending sample transaction 1043
[2026-09-10T03:42:45.016Z INFO  benchmark_client] Sending sample transaction 1044
[2026-09-10T03:42:45.065Z INFO  benchmark_client] Sending sample transaction 1045
[2026-09-10T03:42:45.115Z INFO  benchmark_client] Sending sample transaction 1046
[2026-09-10T03:42:45.165Z INFO  benchmark_client] Sending sample transaction 1047
[2026-09-10T03:42:45.215Z INFO  benchmark_client] Sending sample transaction 1048
[2026-09-10T03:42:45.265Z INFO  benchmark_client] Sending sample transaction 1049
[2026-09-10T03:42:45.314Z INFO  benchmark_client] Sending sample transaction 1050
[2026-09-10T03:42:45.365Z INFO  benchmark_client] Sending sample transaction 1051
[2026-09-10T03:42:45.415Z INFO  benchmark_client] Sending sample transaction 1052
[2026-09-10T03:42:45.466Z INFO  benchmark_client] Sending sample transaction 1053
[2026-09-10T03:42:45.516Z INFO  benchmark_client] Sending sample transaction 1054
[2026-09-10T03:42:45.564Z INFO  benchmark_client] Sending sample transaction 1055
[2026-09-10T03:42:45.616Z INFO  benchmark_client] Sending sample transaction 1056
[2026-09-10T03:42:45.665Z INFO  benchmark_client] Sending sample transaction 1057
[2026-09-10T03:42:45.715Z INFO  benchmark_client] Sending sample transaction 1058
[2026-09-10T03:42:45.765Z INFO  benchmark_client] Sending sample transaction 1059
[2026-09-10T03:42:45.817Z INFO  benchmark_client] Sending sample transaction 1060
[2026-09-10T03:42:45.866Z INFO  benchmark_client] Sending sample transaction 1061
[2026-09-10T03:42:45.914Z INFO  benchmark_client] Sending sample transaction 1062
[2026-09-10T03:42:45.965Z INFO  benchmark_client] Sending sample transaction 1063
[2026-09-10T03:42:46.015Z INFO  benchmark_client] Sending sample transaction 1064
[2026-09-10T03:42:46.067Z INFO  benchmark_client] Sending sample transaction 1065
[2026-09-10T03:42:46.117Z INFO  benchmark_client] Sending sample transaction 1066
[2026-09-10T03:42:46.164Z INFO  benchmark_client] Sending sample transaction 1067
[2026-09-10T03:42:46.217Z INFO  benchmark_client] Sending sample transaction 1068
[2026-09-10T03:42:46.264Z INFO  benchmark_client] Sending sample transaction 1069
[2026-09-10T03:42:46.316Z INFO  benchmark_client] Sending sample transaction 1070
[2026-09-10T03:42:46.365Z INFO  benchmark_client] Sending sample transaction 1071
[2026-09-10T03:42:46.415Z INFO  benchmark_client] Sending sample transaction 1072
[2026-09-10T03:42:46.467Z INFO  benchmark_client] Sending sample transaction 1073
[2026-09-10T03:42:46.518Z INFO  benchmark_client] Sending sample transaction 1074
[2026-09-10T03:42:46.566Z INFO  benchmark_client] Sending sample transaction 1075
[2026-09-10T03:42:46.617Z INFO  benchmark_client] Sending sample transaction 1076
[2026-09-10T03:42:46.666Z INFO  benchmark_client] Sending sample transaction 1077
[2026-09-10T03:42:46.714Z INFO  benchmark_client] Sending sample transaction 1078
[2026-09-10T03:42:46.764Z INFO  benchmark_client] Sending sample transaction 1079
[2026-09-10T03:42:46.815Z INFO  benchmark_client] Sending sample transaction 1080
[2026-09-10T03:42:46.864Z INFO  benchmark_client] Sending sample transaction 1081
[2026-09-10T03:42:46.915Z INFO  benchmark_client] Sending sample transaction 1082
[2026-09-10T03:42:46.966Z INFO  benchmark_client] Sending sample transaction 1083
[2026-09-10T03:42:47.015Z INFO  benchmark_client] Sending sample transaction 1084
[2026-09-10T03:42:47.065Z INFO  benchmark_client] Sending sample transaction 1085
[2026-09-10T03:42:47.117Z INFO  benchmark_client] Sending sample transaction 1086
[2026-09-10T03:42:47.166Z INFO  benchmark_client] Sending sample transaction 1087
[2026-09-10T03:42:47.214Z INFO  benchmark_client] Sending sample transaction 1088
[2026-09-10T03:42:47.265Z INFO  benchmark_client] Sending sample transaction 1089
[2026-09-10T03:42:47.315Z INFO  benchmark_client] Sending sample transaction 1090
[2026-09-10T03:42:47.366Z INFO  benchmark_client] Sending sample transaction 1091
[2026-09-10T03:42:47.415Z INFO  benchmark_client] Sending sample transaction 1092
[2026-09-10T03:42:47.465Z INFO  benchmark_client] Sending sample transaction 1093
[2026-09-10T03:42:47.516Z INFO  benchmark_client] Sending sample transaction 1094
[2026-09-10T03:42:47.565Z INFO  benchmark_client] Sending sample transaction 1095
[2026-09-10T03:42:47.617Z INFO  benchmark_client] Sending sample transaction 1096
[2026-09-10T03:42:47.665Z INFO  benchmark_client] Sending sample transaction 1097
[2026-09-10T03:42:47.715Z INFO  benchmark_client] Sending sample transaction 1098
[2026-09-10T03:42:47.765Z INFO  benchmark_client] Sending sample transaction 1099
[2026-09-10T03:42:47.815Z INFO  benchmark_client] Sending sample transaction 1100
[2026-09-10T03:42:47.866Z INFO  benchmark_client] Sending sample transaction 1101
[2026-09-10T03:42:47.914Z INFO  benchmark_client] Sending sample transaction 1102
[2026-09-10T03:42:47.965Z INFO  benchmark_client] Sending sample transaction 1103
[2026-09-10T03:42:48.016Z INFO  benchmark_client] Sending sample transaction 1104
[2026-09-10T03:42:48.064Z INFO  benchmark_client] Sending sample transaction 1105
[2026-09-10T03:42:48.117Z INFO  benchmark_client] Sending sample transaction 1106
[2026-09-10T03:42:48.165Z INFO  benchmark_client] Sending sample transaction 1107
[2026-09-10T03:42:48.217Z INFO  benchmark_client] Sending sample transaction 1108
[2026-09-10T03:42:48.265Z INFO  benchmark_client] Sending sample transaction 1109
[2026-09-10T03:42:48.316Z INFO  benchmark_client] Sending sample transaction 1110
[2026-09-10T03:42:48.365Z INFO  benchmark_client] Sending sample transaction 1111
[2026-09-10T03:42:48.415Z INFO  benchmark_client] Sending sample transaction 1112
[2026-09-10T03:42:48.467Z INFO  benchmark_client] Sending sample transaction 1113
[2026-09-10T03:42:48.515Z INFO  benchmark_client] Sending sample transaction 1114
[2026-09-10T03:42:48.565Z INFO  benchmark_client] Sending sample transaction 1115
[2026-09-10T03:42:48.615Z INFO  benchmark_client] Sending sample transaction 1116
[2026-09-10T03:42:48.667Z INFO  benchmark_client] Sending sample transaction 1117
[2026-09-10T03:42:48.715Z INFO  benchmark_client] Sending sample transaction 1118
[2026-09-10T03:42:48.769Z INFO  benchmark_client] Sending sample transaction 1119
[2026-09-10T03:42:48.815Z INFO  benchmark_client] Sending sample transaction 1120
[2026-09-10T03:42:48.864Z INFO  benchmark_client] Sending sample transaction 1121
[2026-09-10T03:42:48.915Z INFO  benchmark_client] Sending sample transaction 1122
[2026-09-10T03:42:48.965Z INFO  benchmark_client] Sending sample transaction 1123
[2026-09-10T03:42:49.014Z INFO  benchmark_client] Sending sample transaction 1124
[2026-09-10T03:42:49.065Z INFO  benchmark_client] Sending sample transaction 1125
[2026-09-10T03:42:49.117Z INFO  benchmark_client] Sending sample transaction 1126
[2026-09-10T03:42:49.164Z INFO  benchmark_client] Sending sample transaction 1127
[2026-09-10T03:42:49.217Z INFO  benchmark_client] Sending sample transaction 1128
[2026-09-10T03:42:49.265Z INFO  benchmark_client] Sending sample transaction 1129
[2026-09-10T03:42:49.315Z INFO  benchmark_client] Sending sample transaction 1130
[2026-09-10T03:42:49.365Z INFO  benchmark_client] Sending sample transaction 1131
[2026-09-10T03:42:49.414Z INFO  benchmark_client] Sending sample transaction 1132
[2026-09-10T03:42:49.465Z INFO  benchmark_client] Sending sample transaction 1133
[2026-09-10T03:42:49.515Z INFO  benchmark_client] Sending sample transaction 1134
[2026-09-10T03:42:49.567Z INFO  benchmark_client] Sending sample transaction 1135
[2026-09-10T03:42:49.615Z INFO  benchmark_client] Sending sample transaction 1136
[2026-09-10T03:42:49.664Z INFO  benchmark_client] Sending sample transaction 1137
[2026-09-10T03:42:49.714Z INFO  benchmark_client] Sending sample transaction 1138
[2026-09-10T03:42:49.767Z INFO  benchmark_client] Sending sample transaction 1139
[2026-09-10T03:42:49.815Z INFO  benchmark_client] Sending sample transaction 1140
[2026-09-10T03:42:49.867Z INFO  benchmark_client] Sending sample transaction 1141
[2026-09-10T03:42:49.915Z INFO  benchmark_client] Sending sample transaction 1142
[2026-09-10T03:42:49.965Z INFO  benchmark_client] Sending sample transaction 1143
[2026-09-10T03:42:50.017Z INFO  benchmark_client] Sending sample transaction 1144
[2026-09-10T03:42:50.065Z INFO  benchmark_client] Sending sample transaction 1145
[2026-09-10T03:42:50.116Z INFO  benchmark_client] Sending sample transaction 1146
[2026-09-10T03:42:50.165Z INFO  benchmark_client] Sending sample transaction 1147
[2026-09-10T03:42:50.215Z INFO  benchmark_client] Sending sample transaction 1148
[2026-09-10T03:42:50.265Z INFO  benchmark_client] Sending sample transaction 1149
[2026-09-10T03:42:50.315Z INFO  benchmark_client] Sending sample transaction 1150
[2026-09-10T03:42:50.365Z INFO  benchmark_client] Sending sample transaction 1151
[2026-09-10T03:42:50.416Z INFO  benchmark_client] Sending sample transaction 1152
[2026-09-10T03:42:50.466Z INFO  benchmark_client] Sending sample transaction 1153
[2026-09-10T03:42:50.515Z INFO  benchmark_client] Sending sample transaction 1154
[2026-09-10T03:42:50.565Z INFO  benchmark_client] Sending sample transaction 1155
[2026-09-10T03:42:50.615Z INFO  benchmark_client] Sending sample transaction 1156
[2026-09-10T03:42:50.667Z INFO  benchmark_client] Sending sample transaction 1157
[2026-09-10T03:42:50.714Z INFO  benchmark_client] Sending sample transaction 1158
[2026-09-10T03:42:50.766Z INFO  benchmark_client] Sending sample transaction 1159
[2026-09-10T03:42:50.816Z INFO  benchmark_client] Sending sample transaction 1160
[2026-09-10T03:42:50.867Z INFO  benchmark_client] Sending sample transaction 1161
[2026-09-10T03:42:50.915Z INFO  benchmark_client] Sending sample transaction 1162
[2026-09-10T03:42:50.968Z INFO  benchmark_client] Sending sample transaction 1163
[2026-09-10T03:42:51.015Z INFO  benchmark_client] Sending sample transaction 1164
[2026-09-10T03:42:51.065Z INFO  benchmark_client] Sending sample transaction 1165
[2026-09-10T03:42:51.117Z INFO  benchmark_client] Sending sample transaction 1166
[2026-09-10T03:42:51.165Z INFO  benchmark_client] Sending sample transaction 1167
[2026-09-10T03:42:51.215Z INFO  benchmark_client] Sending sample transaction 1168
[2026-09-10T03:42:51.265Z INFO  benchmark_client] Sending sample transaction 1169
[2026-09-10T03:42:51.316Z INFO  benchmark_client] Sending sample transaction 1170
[2026-09-10T03:42:51.367Z INFO  benchmark_client] Sending sample transaction 1171
[2026-09-10T03:42:51.416Z INFO  benchmark_client] Sending sample transaction 1172
[2026-09-10T03:42:51.466Z INFO  benchmark_client] Sending sample transaction 1173
[2026-09-10T03:42:51.517Z INFO  benchmark_client] Sending sample transaction 1174
[2026-09-10T03:42:51.566Z INFO  benchmark_client] Sending sample transaction 1175
[2026-09-10T03:42:51.615Z INFO  benchmark_client] Sending sample transaction 1176
[2026-09-10T03:42:51.667Z INFO  benchmark_client] Sending sample transaction 1177
[2026-09-10T03:42:51.716Z INFO  benchmark_client] Sending sample transaction 1178
[2026-09-10T03:42:51.768Z INFO  benchmark_client] Sending sample transaction 1179
[2026-09-10T03:42:51.815Z INFO  benchmark_client] Sending sample transaction 1180
[2026-09-10T03:42:51.867Z INFO  benchmark_client] Sending sample transaction 1181
[2026-09-10T03:42:51.918Z INFO  benchmark_client] Sending sample transaction 1182
[2026-09-10T03:42:51.966Z INFO  benchmark_client] Sending sample transaction 1183
[2026-09-10T03:42:52.015Z INFO  benchmark_client] Sending sample transaction 1184
[2026-09-10T03:42:52.065Z INFO  benchmark_client] Sending sample transaction 1185
[2026-09-10T03:42:52.116Z INFO  benchmark_client] Sending sample transaction 1186
[2026-09-10T03:42:52.164Z INFO  benchmark_client] Sending sample transaction 1187
[2026-09-10T03:42:52.215Z INFO  benchmark_client] Sending sample transaction 1188
[2026-09-10T03:42:52.266Z INFO  benchmark_client] Sending sample transaction 1189
[2026-09-10T03:42:52.316Z INFO  benchmark_client] Sending sample transaction 1190
[2026-09-10T03:42:52.365Z INFO  benchmark_client] Sending sample transaction 1191
[2026-09-10T03:42:52.417Z INFO  benchmark_client] Sending sample transaction 1192
[2026-09-10T03:42:52.467Z INFO  benchmark_client] Sending sample transaction 1193
[2026-09-10T03:42:52.516Z INFO  benchmark_client] Sending sample transaction 1194
[2026-09-10T03:42:52.565Z INFO  benchmark_client] Sending sample transaction 1195
