[2026-09-10T03:41:51.917Z INFO  benchmark_client] Node address: 34.80.243.115:5013
[2026-09-10T03:41:51.917Z INFO  benchmark_client] Transactions size: 512 B
[2026-09-10T03:41:51.917Z INFO  benchmark_client] Transactions rate: 12000 tx/s
[2026-09-10T03:41:51.917Z INFO  benchmark_client] Waiting for all nodes to be online...
[2026-09-10T03:41:52.184Z INFO  benchmark_client] Start sending transactions
[2026-09-10T03:41:52.186Z INFO  benchmark_client] Sending sample transaction 0
[2026-09-10T03:41:52.235Z INFO  benchmark_client] Sending sample transaction 1
[2026-09-10T03:41:52.285Z INFO  benchmark_client] Sending sample transaction 2
[2026-09-10T03:41:52.335Z INFO  benchmark_client] Sending sample transaction 3
[2026-09-10T03:41:52.385Z INFO  benchmark_client] Sending sample transaction 4
[2026-09-10T03:41:52.436Z INFO  benchmark_client] Sending sample transaction 5
[2026-09-10T03:41:52.486Z INFO  benchmark_client] Sending sample transaction 6
[2026-09-10T03:41:52.535Z INFO  benchmark_client] Sending sample transaction 7
[2026-09-10T03:41:52.586Z INFO  benchmark_client] Sending sample transaction 8
[2026-09-10T03:41:52.635Z INFO  benchmark_client] Sending sample transaction 9
[2026-09-10T03:41:52.686Z INFO  benchmark_client] Sending sample transaction 10
[2026-09-10T03:41:52.735Z INFO  benchmark_client] Sending sample transaction 11
[2026-09-10T03:41:52.786Z INFO  benchmark_client] Sending sample transaction 12
[2026-09-10T03:41:52.835Z INFO  benchmark_client] Sending sample transaction 13
[2026-09-10T03:41:52.885Z INFO  benchmark_client] Sending sample transaction 14
[2026-09-10T03:41:52.935Z INFO  benchmark_client] Sending sample transaction 15
[2026-09-10T03:41:52.986Z INFO  benchmark_client] Sending sample transaction 16
[2026-09-10T03:41:53.036Z INFO  benchmark_client] Sending sample transaction 17
[2026-09-10T03:41:53.085Z INFO  benchmark_client] Sending sample transaction 18
[2026-09-10T03:41:53.136Z INFO  benchmark_client] Sending sample transaction 19
[2026-09-10T03:41:53.185Z INFO  benchmark_client] Sending sample transaction 20
[2026-09-10T03:41:53.235Z INFO  benchmark_client] Sending sample transaction 21
[2026-09-10T03:41:53.285Z INFO  benchmark_client] Sending sample transaction 22
[2026-09-10T03:41:53.336Z INFO  benchmark_client] Sending sample transaction 23
[2026-09-10T03:41:53.387Z INFO  benchmark_client] Sending sample transaction 24
[2026-09-10T03:41:53.436Z INFO  benchmark_client] Sending sample transaction 25
[2026-09-10T03:41:53.486Z INFO  benchmark_client] Sending sample transaction 26
[2026-09-10T03:41:53.536Z INFO  benchmark_client] Sending sample transaction 27
[2026-09-10T03:41:53.586Z INFO  benchmark_client] Sending sample transaction 28
[2026-09-10T03:41:53.635Z INFO  benchmark_client] Sending sample transaction 29
[2026-09-10T03:41:53.685Z INFO  benchmark_client] Sending sample transaction 30
[2026-09-10T03:41:53.735Z INFO  benchmark_client] Sending sample transaction 31
[2026-09-10T03:41:53.786Z INFO  benchmark_client] Sending sample transaction 32
[2026-09-10T03:41:53.836Z INFO  benchmark_client] Sending sample transaction 33
[2026-09-10T03:41:53.886Z INFO  benchmark_client] Sending sample transaction 34
[2026-09-10T03:41:53.935Z INFO  benchmark_client] Sending sample transaction 35
[2026-09-10T03:41:53.988Z INFO  benchmark_client] Sending sample transaction 36
[2026-09-10T03:41:54.036Z INFO  benchmark_client] Sending sample transaction 37
[2026-09-10T03:41:54.086Z INFO  benchmark_client] Sending sample transaction 38
[2026-09-10T03:41:54.136Z INFO  benchmark_client] Sending sample transaction 39
[2026-09-10T03:41:54.185Z INFO  benchmark_client] Sending sample transaction 40
[2026-09-10T03:41:54.236Z INFO  benchmark_client] Sending sample transaction 41
[2026-09-10T03:41:54.289Z INFO  benchmark_client] Sending sample transaction 42
[2026-09-10T03:41:54.335Z INFO  benchmark_client] Sending sample transaction 43
[2026-09-10T03:41:54.386Z INFO  benchmark_client] Sending sample transaction 44
[2026-09-10T03:41:54.436Z INFO  benchmark_client] Sending sample transaction 45
[2026-09-10T03:41:54.486Z INFO  benchmark_client] Sending sample transaction 46
[2026-09-10T03:41:54.535Z INFO  benchmark_client] Sending sample transaction 47
[2026-09-10T03:41:54.585Z INFO  benchmark_client] Sending sample transaction 48
[2026-09-10T03:41:54.635Z INFO  benchmark_client] Sending sample transaction 49
[2026-09-10T03:41:54.686Z INFO  benchmark_client] Sending sample transaction 50
[2026-09-10T03:41:54.735Z INFO  benchmark_client] Sending sample transaction 51
[2026-09-10T03:41:54.786Z INFO  benchmark_client] Sending sample transaction 52
[2026-09-10T03:41:54.837Z INFO  benchmark_client] Sending sample transaction 53
[2026-09-10T03:41:54.886Z INFO  benchmark_client] Sending sample transaction 54
[2026-09-10T03:41:54.936Z INFO  benchmark_client] Sending sample transaction 55
[2026-09-10T03:41:54.985Z INFO  benchmark_client] Sending sample transaction 56
[2026-09-10T03:41:55.037Z INFO  benchmark_client] Sending sample transaction 57
[2026-09-10T03:41:55.085Z INFO  benchmark_client] Sending sample transaction 58
[2026-09-10T03:41:55.135Z INFO  benchmark_client] Sending sample transaction 59
[2026-09-10T03:41:55.185Z INFO  benchmark_client] Sending sample transaction 60
[2026-09-10T03:41:55.235Z INFO  benchmark_client] Sending sample transaction 61
[2026-09-10T03:41:55.286Z INFO  benchmark_client] Sending sample transaction 62
[2026-09-10T03:41:55.336Z INFO  benchmark_client] Sending sample transaction 63
[2026-09-10T03:41:55.385Z INFO  benchmark_client] Sending sample transaction 64
[2026-09-10T03:41:55.436Z INFO  benchmark_client] Sending sample transaction 65
[2026-09-10T03:41:55.486Z INFO  benchmark_client] Sending sample transaction 66
[2026-09-10T03:41:55.536Z INFO  benchmark_client] Sending sample transaction 67
[2026-09-10T03:41:55.585Z INFO  benchmark_client] Sending sample transaction 68
[2026-09-10T03:41:55.636Z INFO  benchmark_client] Sending sample transaction 69
[2026-09-10T03:41:55.686Z INFO  benchmark_client] Sending sample transaction 70
[2026-09-10T03:41:55.736Z INFO  benchmark_client] Sending sample transaction 71
[2026-09-10T03:41:55.786Z INFO  benchmark_client] Sending sample transaction 72
[2026-09-10T03:41:55.835Z INFO  benchmark_client] Sending sample transaction 73
[2026-09-10T03:41:55.888Z INFO  benchmark_client] Sending sample transaction 74
[2026-09-10T03:41:55.935Z INFO  benchmark_client] Sending sample transaction 75
[2026-09-10T03:41:55.985Z INFO  benchmark_client] Sending sample transaction 76
[2026-09-10T03:41:56.035Z INFO  benchmark_client] Sending sample transaction 77
[2026-09-10T03:41:56.085Z INFO  benchmark_client] Sending sample transaction 78
[2026-09-10T03:41:56.137Z INFO  benchmark_client] Sending sample transaction 79
[2026-09-10T03:41:56.186Z INFO  benchmark_client] Sending sample transaction 80
[2026-09-10T03:41:56.236Z INFO  benchmark_client] Sending sample transaction 81
[2026-09-10T03:41:56.285Z INFO  benchmark_client] Sending sample transaction 82
[2026-09-10T03:41:56.336Z INFO  benchmark_client] Sending sample transaction 83
[2026-09-10T03:41:56.385Z INFO  benchmark_client] Sending sample transaction 84
[2026-09-10T03:41:56.435Z INFO  benchmark_client] Sending sample transaction 85
[2026-09-10T03:41:56.486Z INFO  benchmark_client] Sending sample transaction 86
[2026-09-10T03:41:56.535Z INFO  benchmark_client] Sending sample transaction 87
[2026-09-10T03:41:56.586Z INFO  benchmark_client] Sending sample transaction 88
[2026-09-10T03:41:56.636Z INFO  benchmark_client] Sending sample transaction 89
[2026-09-10T03:41:56.685Z INFO  benchmark_client] Sending sample transaction 90
[2026-09-10T03:41:56.736Z INFO  benchmark_client] Sending sample transaction 91
[2026-09-10T03:41:56.785Z INFO  benchmark_client] Sending sample transaction 92
[2026-09-10T03:41:56.836Z INFO  benchmark_client] Sending sample transaction 93
[2026-09-10T03:41:56.885Z INFO  benchmark_client] Sending sample transaction 94
[2026-09-10T03:41:56.937Z INFO  benchmark_client] Sending sample transaction 95
[2026-09-10T03:41:56.985Z INFO  benchmark_client] Sending sample transaction 96
[2026-09-10T03:41:57.035Z INFO  benchmark_client] Sending sample transaction 97
[2026-09-10T03:41:57.085Z INFO  benchmark_client] Sending sample transaction 98
[2026-09-10T03:41:57.136Z INFO  benchmark_client] Sending sample transaction 99
[2026-09-10T03:41:57.186Z INFO  benchmark_client] Sending sample transaction 100
[2026-09-10T03:41:57.236Z INFO  benchmark_client] Sending sample transaction 101
[2026-09-10T03:41:57.286Z INFO  benchmark_client] Sending sample transaction 102
[2026-09-10T03:41:57.338Z INFO  benchmark_client] Sending sample transaction 103
[2026-09-10T03:41:57.386Z INFO  benchmark_client] Sending sample transaction 104
[2026-09-10T03:41:57.436Z INFO  benchmark_client] Sending sample transaction 105
[2026-09-10T03:41:57.486Z INFO  benchmark_client] Sending sample transaction 106
[2026-09-10T03:41:57.535Z INFO  benchmark_client] Sending sample transaction 107
[2026-09-10T03:41:57.588Z INFO  benchmark_client] Sending sample transaction 108
[2026-09-10T03:41:57.636Z INFO  benchmark_client] Sending sample transaction 109
[2026-09-10T03:41:57.686Z INFO  benchmark_client] Sending sample transaction 110
[2026-09-10T03:41:57.737Z INFO  benchmark_client] Sending sample transaction 111
[2026-09-10T03:41:57.785Z INFO  benchmark_client] Sending sample transaction 112
[2026-09-10T03:41:57.836Z INFO  benchmark_client] Sending sample transaction 113
[2026-09-10T03:41:57.885Z INFO  benchmark_client] Sending sample transaction 114
[2026-09-10T03:41:57.935Z INFO  benchmark_client] Sending sample transaction 115
[2026-09-10T03:41:57.986Z INFO  benchmark_client] Sending sample transaction 116
[2026-09-10T03:41:58.035Z INFO  benchmark_client] Sending sample transaction 117
[2026-09-10T03:41:58.086Z INFO  benchmark_client] Sending sample transaction 118
[2026-09-10T03:41:58.135Z INFO  benchmark_client] Sending sample transaction 119
[2026-09-10T03:41:58.189Z INFO  benchmark_client] Sending sample transaction 120
[2026-09-10T03:41:58.236Z INFO  benchmark_client] Sending sample transaction 121
[2026-09-10T03:41:58.286Z INFO  benchmark_client] Sending sample transaction 122
[2026-09-10T03:41:58.336Z INFO  benchmark_client] Sending sample transaction 123
[2026-09-10T03:41:58.385Z INFO  benchmark_client] Sending sample transaction 124
[2026-09-10T03:41:58.436Z INFO  benchmark_client] Sending sample transaction 125
[2026-09-10T03:41:58.486Z INFO  benchmark_client] Sending sample transaction 126
[2026-09-10T03:41:58.536Z INFO  benchmark_client] Sending sample transaction 127
[2026-09-10T03:41:58.585Z INFO  benchmark_client] Sending sample transaction 128
[2026-09-10T03:41:58.635Z INFO  benchmark_client] Sending sample transaction 129
[2026-09-10T03:41:58.686Z INFO  benchmark_client] Sending sample transaction 130
[2026-09-10T03:41:58.736Z INFO  benchmark_client] Sending sample transaction 131
[2026-09-10T03:41:58.786Z INFO  benchmark_client] Sending sample transaction 132
[2026-09-10T03:41:58.835Z INFO  benchmark_client] Sending sample transaction 133
[2026-09-10T03:41:58.886Z INFO  benchmark_client] Sending sample transaction 134
[2026-09-10T03:41:58.935Z INFO  benchmark_client] Sending sample transaction 135
[2026-09-10T03:41:58.986Z INFO  benchmark_client] Sending sample transaction 136
[2026-09-10T03:41:59.035Z INFO  benchmark_client] Sending sample transaction 137
[2026-09-10T03:41:59.085Z INFO  benchmark_client] Sending sample transaction 138
[2026-09-10T03:41:59.136Z INFO  benchmark_client] Sending sample transaction 139
[2026-09-10T03:41:59.185Z INFO  benchmark_client] Sending sample transaction 140
[2026-09-10T03:41:59.238Z INFO  benchmark_client] Sending sample transaction 141
[2026-09-10T03:41:59.286Z INFO  benchmark_client] Sending sample transaction 142
[2026-09-10T03:41:59.336Z INFO  benchmark_client] Sending sample transaction 143
[2026-09-10T03:41:59.385Z INFO  benchmark_client] Sending sample transaction 144
[2026-09-10T03:41:59.435Z INFO  benchmark_client] Sending sample transaction 145
[2026-09-10T03:41:59.486Z INFO  benchmark_client] Sending sample transaction 146
[2026-09-10T03:41:59.535Z INFO  benchmark_client] Sending sample transaction 147
[2026-09-10T03:41:59.585Z INFO  benchmark_client] Sending sample transaction 148
[2026-09-10T03:41:59.635Z INFO  benchmark_client] Sending sample transaction 149
[2026-09-10T03:41:59.686Z INFO  benchmark_client] Sending sample transaction 150
[2026-09-10T03:41:59.736Z INFO  benchmark_client] Sending sample transaction 151
[2026-09-10T03:41:59.785Z INFO  benchmark_client] Sending sample transaction 152
[2026-09-10T03:41:59.836Z INFO  benchmark_client] Sending sample transaction 153
[2026-09-10T03:41:59.886Z INFO  benchmark_client] Sending sample transaction 154
[2026-09-10T03:41:59.937Z INFO  benchmark_client] Sending sample transaction 155
[2026-09-10T03:41:59.986Z INFO  benchmark_client] Sending sample transaction 156
[2026-09-10T03:42:00.036Z INFO  benchmark_client] Sending sample transaction 157
[2026-09-10T03:42:00.089Z INFO  benchmark_client] Sending sample transaction 158
[2026-09-10T03:42:00.136Z INFO  benchmark_client] Sending sample transaction 159
[2026-09-10T03:42:00.186Z INFO  benchmark_client] Sending sample transaction 160
[2026-09-10T03:42:00.235Z INFO  benchmark_client] Sending sample transaction 161
[2026-09-10T03:42:00.287Z INFO  benchmark_client] Sending sample transaction 162
[2026-09-10T03:42:00.336Z INFO  benchmark_client] Sending sample transaction 163
[2026-09-10T03:42:00.386Z INFO  benchmark_client] Sending sample transaction 164
[2026-09-10T03:42:00.436Z INFO  benchmark_client] Sending sample transaction 165
[2026-09-10T03:42:00.485Z INFO  benchmark_client] Sending sample transaction 166
[2026-09-10T03:42:00.536Z INFO  benchmark_client] Sending sample transaction 167
[2026-09-10T03:42:00.586Z INFO  benchmark_client] Sending sample transaction 168
[2026-09-10T03:42:00.636Z INFO  benchmark_client] Sending sample transaction 169
[2026-09-10T03:42:00.686Z INFO  benchmark_client] Sending sample transaction 170
[2026-09-10T03:42:00.737Z INFO  benchmark_client] Sending sample transaction 171
[2026-09-10T03:42:00.786Z INFO  benchmark_client] Sending sample transaction 172
[2026-09-10T03:42:00.836Z INFO  benchmark_client] Sending sample transaction 173
[2026-09-10T03:42:00.886Z INFO  benchmark_client] Sending sample transaction 174
[2026-09-10T03:42:00.935Z INFO  benchmark_client] Sending sample transaction 175
[2026-09-10T03:42:00.986Z INFO  benchmark_client] Sending sample transaction 176
[2026-09-10T03:42:01.036Z INFO  benchmark_client] Sending sample transaction 177
[2026-09-10T03:42:01.085Z INFO  benchmark_client] Sending sample transaction 178
[2026-09-10T03:42:01.135Z INFO  benchmark_client] Sending sample transaction 179
[2026-09-10T03:42:01.185Z INFO  benchmark_client] Sending sample transaction 180
[2026-09-10T03:42:01.237Z INFO  benchmark_client] Sending sample transaction 181
[2026-09-10T03:42:01.286Z INFO  benchmark_client] Sending sample transaction 182
[2026-09-10T03:42:01.336Z INFO  benchmark_client] Sending sample transaction 183
[2026-09-10T03:42:01.387Z INFO  benchmark_client] Sending sample transaction 184
[2026-09-10T03:42:01.438Z INFO  benchmark_client] Sending sample transaction 185
[2026-09-10T03:42:01.490Z INFO  benchmark_client] Sending sample transaction 186
[2026-09-10T03:42:01.536Z INFO  benchmark_client] Sending sample transaction 187
[2026-09-10T03:42:01.586Z INFO  benchmark_client] Sending sample transaction 188
[2026-09-10T03:42:01.636Z INFO  benchmark_client] Sending sample transaction 189
[2026-09-10T03:42:01.689Z INFO  benchmark_client] Sending sample transaction 190
[2026-09-10T03:42:01.738Z INFO  benchmark_client] Sending sample transaction 191
[2026-09-10T03:42:01.786Z INFO  benchmark_client] Sending sample transaction 192
[2026-09-10T03:42:01.836Z INFO  benchmark_client] Sending sample transaction 193
[2026-09-10T03:42:01.886Z INFO  benchmark_client] Sending sample transaction 194
[2026-09-10T03:42:01.936Z INFO  benchmark_client] Sending sample transaction 195
[2026-09-10T03:42:01.990Z INFO  benchmark_client] Sending sample transaction 196
[2026-09-10T03:42:02.036Z INFO  benchmark_client] Sending sample transaction 197
[2026-09-10T03:42:02.088Z INFO  benchmark_client] Sending sample transaction 198
[2026-09-10T03:42:02.136Z INFO  benchmark_client] Sending sample transaction 199
[2026-09-10T03:42:02.185Z INFO  benchmark_client] Sending sample transaction 200
[2026-09-10T03:42:02.236Z INFO  benchmark_client] Sending sample transaction 201
[2026-09-10T03:42:02.286Z INFO  benchmark_client] Sending sample transaction 202
[2026-09-10T03:42:02.336Z INFO  benchmark_client] Sending sample transaction 203
[2026-09-10T03:42:02.386Z INFO  benchmark_client] Sending sample transaction 204
[2026-09-10T03:42:02.436Z INFO  benchmark_client] Sending sample transaction 205
[2026-09-10T03:42:02.485Z INFO  benchmark_client] Sending sample transaction 206
[2026-09-10T03:42:02.536Z INFO  benchmark_client] Sending sample transaction 207
[2026-09-10T03:42:02.586Z INFO  benchmark_client] Sending sample transaction 208
[2026-09-10T03:42:02.636Z INFO  benchmark_client] Sending sample transaction 209
[2026-09-10T03:42:02.686Z INFO  benchmark_client] Sending sample transaction 210
[2026-09-10T03:42:02.735Z INFO  benchmark_client] Sending sample transaction 211
[2026-09-10T03:42:02.786Z INFO  benchmark_client] Sending sample transaction 212
[2026-09-10T03:42:02.836Z INFO  benchmark_client] Sending sample transaction 213
[2026-09-10T03:42:02.885Z INFO  benchmark_client] Sending sample transaction 214
[2026-09-10T03:42:02.936Z INFO  benchmark_client] Sending sample transaction 215
[2026-09-10T03:42:02.986Z INFO  benchmark_client] Sending sample transaction 216
[2026-09-10T03:42:03.035Z INFO  benchmark_client] Sending sample transaction 217
[2026-09-10T03:42:03.086Z INFO  benchmark_client] Sending sample transaction 218
[2026-09-10T03:42:03.136Z INFO  benchmark_client] Sending sample transaction 219
[2026-09-10T03:42:03.185Z INFO  benchmark_client] Sending sample transaction 220
[2026-09-10T03:42:03.236Z INFO  benchmark_client] Sending sample transaction 221
[2026-09-10T03:42:03.286Z INFO  benchmark_client] Sending sample transaction 222
[2026-09-10T03:42:03.336Z INFO  benchmark_client] Sending sample transaction 223
[2026-09-10T03:42:03.386Z INFO  benchmark_client] Sending sample transaction 224
[2026-09-10T03:42:03.435Z INFO  benchmark_client] Sending sample transaction 225
[2026-09-10T03:42:03.486Z INFO  benchmark_client] Sending sample transaction 226
[2026-09-10T03:42:03.535Z INFO  benchmark_client] Sending sample transaction 227
[2026-09-10T03:42:03.586Z INFO  benchmark_client] Sending sample transaction 228
[2026-09-10T03:42:03.635Z INFO  benchmark_client] Sending sample transaction 229
[2026-09-10T03:42:03.686Z INFO  benchmark_client] Sending sample transaction 230
[2026-09-10T03:42:03.735Z INFO  benchmark_client] Sending sample transaction 231
[2026-09-10T03:42:03.786Z INFO  benchmark_client] Sending sample transaction 232
[2026-09-10T03:42:03.836Z INFO  benchmark_client] Sending sample transaction 233
[2026-09-10T03:42:03.886Z INFO  benchmark_client] Sending sample transaction 234
[2026-09-10T03:42:03.935Z INFO  benchmark_client] Sending sample transaction 235
[2026-09-10T03:42:03.986Z INFO  benchmark_client] Sending sample transaction 236
[2026-09-10T03:42:04.035Z INFO  benchmark_client] Sending sample transaction 237
[2026-09-10T03:42:04.086Z INFO  benchmark_client] Sending sample transaction 238
[2026-09-10T03:42:04.136Z INFO  benchmark_client] Sending sample transaction 239
[2026-09-10T03:42:04.187Z INFO  benchmark_client] Sending sample transaction 240
[2026-09-10T03:42:04.237Z INFO  benchmark_client] Sending sample transaction 241
[2026-09-10T03:42:04.286Z INFO  benchmark_client] Sending sample transaction 242
[2026-09-10T03:42:04.336Z INFO  benchmark_client] Sending sample transaction 243
[2026-09-10T03:42:04.386Z INFO  benchmark_client] Sending sample transaction 244
[2026-09-10T03:42:04.436Z INFO  benchmark_client] Sending sample transaction 245
[2026-09-10T03:42:04.486Z INFO  benchmark_client] Sending sample transaction 246
[2026-09-10T03:42:04.536Z INFO  benchmark_client] Sending sample transaction 247
[2026-09-10T03:42:04.589Z INFO  benchmark_client] Sending sample transaction 248
[2026-09-10T03:42:04.635Z INFO  benchmark_client] Sending sample transaction 249
[2026-09-10T03:42:04.686Z INFO  benchmark_client] Sending sample transaction 250
[2026-09-10T03:42:04.736Z INFO  benchmark_client] Sending sample transaction 251
[2026-09-10T03:42:04.786Z INFO  benchmark_client] Sending sample transaction 252
[2026-09-10T03:42:04.835Z INFO  benchmark_client] Sending sample transaction 253
[2026-09-10T03:42:04.886Z INFO  benchmark_client] Sending sample transaction 254
[2026-09-10T03:42:04.936Z INFO  benchmark_client] Sending sample transaction 255
[2026-09-10T03:42:04.986Z INFO  benchmark_client] Sending sample transaction 256
[2026-09-10T03:42:05.036Z INFO  benchmark_client] Sending sample transaction 257
[2026-09-10T03:42:05.085Z INFO  benchmark_client] Sending sample transaction 258
[2026-09-10T03:42:05.136Z INFO  benchmark_client] Sending sample transaction 259
[2026-09-10T03:42:05.186Z INFO  benchmark_client] Sending sample transaction 260
[2026-09-10T03:42:05.236Z INFO  benchmark_client] Sending sample transaction 261
[2026-09-10T03:42:05.286Z INFO  benchmark_client] Sending sample transaction 262
[2026-09-10T03:42:05.336Z INFO  benchmark_client] Sending sample transaction 263
[2026-09-10T03:42:05.386Z INFO  benchmark_client] Sending sample transaction 264
[2026-09-10T03:42:05.435Z INFO  benchmark_client] Sending sample transaction 265
[2026-09-10T03:42:05.486Z INFO  benchmark_client] Sending sample transaction 266
[2026-09-10T03:42:05.535Z INFO  benchmark_client] Sending sample transaction 267
[2026-09-10T03:42:05.586Z INFO  benchmark_client] Sending sample transaction 268
[2026-09-10T03:42:05.638Z INFO  benchmark_client] Sending sample transaction 269
[2026-09-10T03:42:05.687Z INFO  benchmark_client] Sending sample transaction 270
[2026-09-10T03:42:05.737Z INFO  benchmark_client] Sending sample transaction 271
[2026-09-10T03:42:05.786Z INFO  benchmark_client] Sending sample transaction 272
[2026-09-10T03:42:05.838Z INFO  benchmark_client] Sending sample transaction 273
[2026-09-10T03:42:05.886Z INFO  benchmark_client] Sending sample transaction 274
[2026-09-10T03:42:05.936Z INFO  benchmark_client] Sending sample transaction 275
[2026-09-10T03:42:05.986Z INFO  benchmark_client] Sending sample transaction 276
[2026-09-10T03:42:06.036Z INFO  benchmark_client] Sending sample transaction 277
[2026-09-10T03:42:06.086Z INFO  benchmark_client] Sending sample transaction 278
[2026-09-10T03:42:06.135Z INFO  benchmark_client] Sending sample transaction 279
[2026-09-10T03:42:06.186Z INFO  benchmark_client] Sending sample transaction 280
[2026-09-10T03:42:06.236Z INFO  benchmark_client] Sending sample transaction 281
[2026-09-10T03:42:06.286Z INFO  benchmark_client] Sending sample transaction 282
[2026-09-10T03:42:06.336Z INFO  benchmark_client] Sending sample transaction 283
[2026-09-10T03:42:06.387Z INFO  benchmark_client] Sending sample transaction 284
[2026-09-10T03:42:06.436Z INFO  benchmark_client] Sending sample transaction 285
[2026-09-10T03:42:06.486Z INFO  benchmark_client] Sending sample transaction 286
[2026-09-10T03:42:06.538Z INFO  benchmark_client] Sending sample transaction 287
[2026-09-10T03:42:06.587Z INFO  benchmark_client] Sending sample transaction 288
[2026-09-10T03:42:06.638Z INFO  benchmark_client] Sending sample transaction 289
[2026-09-10T03:42:06.687Z INFO  benchmark_client] Sending sample transaction 290
[2026-09-10T03:42:06.739Z INFO  benchmark_client] Sending sample transaction 291
[2026-09-10T03:42:06.788Z INFO  benchmark_client] Sending sample transaction 292
[2026-09-10T03:42:06.837Z INFO  benchmark_client] Sending sample transaction 293
[2026-09-10T03:42:06.887Z INFO  benchmark_client] Sending sample transaction 294
[2026-09-10T03:42:06.936Z INFO  benchmark_client] Sending sample transaction 295
[2026-09-10T03:42:06.986Z INFO  benchmark_client] Sending sample transaction 296
[2026-09-10T03:42:07.036Z INFO  benchmark_client] Sending sample transaction 297
[2026-09-10T03:42:07.085Z INFO  benchmark_client] Sending sample transaction 298
[2026-09-10T03:42:07.136Z INFO  benchmark_client] Sending sample transaction 299
[2026-09-10T03:42:07.187Z INFO  benchmark_client] Sending sample transaction 300
[2026-09-10T03:42:07.235Z INFO  benchmark_client] Sending sample transaction 301
[2026-09-10T03:42:07.287Z INFO  benchmark_client] Sending sample transaction 302
[2026-09-10T03:42:07.336Z INFO  benchmark_client] Sending sample transaction 303
[2026-09-10T03:42:07.386Z INFO  benchmark_client] Sending sample transaction 304
[2026-09-10T03:42:07.436Z INFO  benchmark_client] Sending sample transaction 305
[2026-09-10T03:42:07.486Z INFO  benchmark_client] Sending sample transaction 306
[2026-09-10T03:42:07.536Z INFO  benchmark_client] Sending sample transaction 307
[2026-09-10T03:42:07.586Z INFO  benchmark_client] Sending sample transaction 308
[2026-09-10T03:42:07.637Z INFO  benchmark_client] Sending sample transaction 309
[2026-09-10T03:42:07.686Z INFO  benchmark_client] Sending sample transaction 310
[2026-09-10T03:42:07.737Z INFO  benchmark_client] Sending sample transaction 311
[2026-09-10T03:42:07.786Z INFO  benchmark_client] Sending sample transaction 312
[2026-09-10T03:42:07.837Z INFO  benchmark_client] Sending sample transaction 313
[2026-09-10T03:42:07.886Z INFO  benchmark_client] Sending sample transaction 314
[2026-09-10T03:42:07.935Z INFO  benchmark_client] Sending sample transaction 315
[2026-09-10T03:42:07.986Z INFO  benchmark_client] Sending sample transaction 316
[2026-09-10T03:42:08.036Z INFO  benchmark_client] Sending sample transaction 317
[2026-09-10T03:42:08.085Z INFO  benchmark_client] Sending sample transaction 318
[2026-09-10T03:42:08.136Z INFO  benchmark_client] Sending sample transaction 319
[2026-09-10T03:42:08.186Z INFO  benchmark_client] Sending sample transaction 320
[2026-09-10T03:42:08.237Z INFO  benchmark_client] Sending sample transaction 321
[2026-09-10T03:42:08.288Z INFO  benchmark_client] Sending sample transaction 322
[2026-09-10T03:42:08.336Z INFO  benchmark_client] Sending sample transaction 323
[2026-09-10T03:42:08.386Z INFO  benchmark_client] Sending sample transaction 324
[2026-09-10T03:42:08.436Z INFO  benchmark_client] Sending sample transaction 325
[2026-09-10T03:42:08.486Z INFO  benchmark_client] Sending sample transaction 326
[2026-09-10T03:42:08.536Z INFO  benchmark_client] Sending sample transaction 327
[2026-09-10T03:42:08.586Z INFO  benchmark_client] Sending sample transaction 328
[2026-09-10T03:42:08.636Z INFO  benchmark_client] Sending sample transaction 329
[2026-09-10T03:42:08.686Z INFO  benchmark_client] Sending sample transaction 330
[2026-09-10T03:42:08.736Z INFO  benchmark_client] Sending sample transaction 331
[2026-09-10T03:42:08.786Z INFO  benchmark_client] Sending sample transaction 332
[2026-09-10T03:42:08.836Z INFO  benchmark_client] Sending sample transaction 333
[2026-09-10T03:42:08.888Z INFO  benchmark_client] Sending sample transaction 334
[2026-09-10T03:42:08.936Z INFO  benchmark_client] Sending sample transaction 335
[2026-09-10T03:42:08.986Z INFO  benchmark_client] Sending sample transaction 336
[2026-09-10T03:42:09.036Z INFO  benchmark_client] Sending sample transaction 337
[2026-09-10T03:42:09.086Z INFO  benchmark_client] Sending sample transaction 338
[2026-09-10T03:42:09.137Z INFO  benchmark_client] Sending sample transaction 339
[2026-09-10T03:42:09.186Z INFO  benchmark_client] Sending sample transaction 340
[2026-09-10T03:42:09.237Z INFO  benchmark_client] Sending sample transaction 341
[2026-09-10T03:42:09.286Z INFO  benchmark_client] Sending sample transaction 342
[2026-09-10T03:42:09.336Z INFO  benchmark_client] Sending sample transaction 343
[2026-09-10T03:42:09.387Z INFO  benchmark_client] Sending sample transaction 344
[2026-09-10T03:42:09.436Z INFO  benchmark_client] Sending sample transaction 345
[2026-09-10T03:42:09.485Z INFO  benchmark_client] Sending sample transaction 346
[2026-09-10T03:42:09.536Z INFO  benchmark_client] Sending sample transaction 347
[2026-09-10T03:42:09.585Z INFO  benchmark_client] Sending sample transaction 348
[2026-09-10T03:42:09.636Z INFO  benchmark_client] Sending sample transaction 349
[2026-09-10T03:42:09.686Z INFO  benchmark_client] Sending sample transaction 350
[2026-09-10T03:42:09.736Z INFO  benchmark_client] Sending sample transaction 351
[2026-09-10T03:42:09.786Z INFO  benchmark_client] Sending sample transaction 352
[2026-09-10T03:42:09.837Z INFO  benchmark_client] Sending sample transaction 353
[2026-09-10T03:42:09.886Z INFO  benchmark_client] Sending sample transaction 354
[2026-09-10T03:42:09.936Z INFO  benchmark_client] Sending sample transaction 355
[2026-09-10T03:42:09.987Z INFO  benchmark_client] Sending sample transaction 356
[2026-09-10T03:42:10.039Z INFO  benchmark_client] Sending sample transaction 357
[2026-09-10T03:42:10.086Z INFO  benchmark_client] Sending sample transaction 358
[2026-09-10T03:42:10.136Z INFO  benchmark_client] Sending sample transaction 359
[2026-09-10T03:42:10.187Z INFO  benchmark_client] Sending sample transaction 360
[2026-09-10T03:42:10.236Z INFO  benchmark_client] Sending sample transaction 361
[2026-09-10T03:42:10.290Z INFO  benchmark_client] Sending sample transaction 362
[2026-09-10T03:42:10.339Z INFO  benchmark_client] Sending sample transaction 363
[2026-09-10T03:42:10.387Z INFO  benchmark_client] Sending sample transaction 364
[2026-09-10T03:42:10.436Z INFO  benchmark_client] Sending sample transaction 365
[2026-09-10T03:42:10.486Z INFO  benchmark_client] Sending sample transaction 366
[2026-09-10T03:42:10.536Z INFO  benchmark_client] Sending sample transaction 367
[2026-09-10T03:42:10.586Z INFO  benchmark_client] Sending sample transaction 368
[2026-09-10T03:42:10.637Z INFO  benchmark_client] Sending sample transaction 369
[2026-09-10T03:42:10.686Z INFO  benchmark_client] Sending sample transaction 370
[2026-09-10T03:42:10.736Z INFO  benchmark_client] Sending sample transaction 371
[2026-09-10T03:42:10.786Z INFO  benchmark_client] Sending sample transaction 372
[2026-09-10T03:42:10.836Z INFO  benchmark_client] Sending sample transaction 373
[2026-09-10T03:42:10.888Z INFO  benchmark_client] Sending sample transaction 374
[2026-09-10T03:42:10.936Z INFO  benchmark_client] Sending sample transaction 375
[2026-09-10T03:42:10.988Z INFO  benchmark_client] Sending sample transaction 376
[2026-09-10T03:42:11.037Z INFO  benchmark_client] Sending sample transaction 377
[2026-09-10T03:42:11.088Z INFO  benchmark_client] Sending sample transaction 378
[2026-09-10T03:42:11.138Z INFO  benchmark_client] Sending sample transaction 379
[2026-09-10T03:42:11.186Z INFO  benchmark_client] Sending sample transaction 380
[2026-09-10T03:42:11.236Z INFO  benchmark_client] Sending sample transaction 381
[2026-09-10T03:42:11.288Z INFO  benchmark_client] Sending sample transaction 382
[2026-09-10T03:42:11.337Z INFO  benchmark_client] Sending sample transaction 383
[2026-09-10T03:42:11.386Z INFO  benchmark_client] Sending sample transaction 384
[2026-09-10T03:42:11.436Z INFO  benchmark_client] Sending sample transaction 385
[2026-09-10T03:42:11.486Z INFO  benchmark_client] Sending sample transaction 386
[2026-09-10T03:42:11.536Z INFO  benchmark_client] Sending sample transaction 387
[2026-09-10T03:42:11.586Z INFO  benchmark_client] Sending sample transaction 388
[2026-09-10T03:42:11.636Z INFO  benchmark_client] Sending sample transaction 389
[2026-09-10T03:42:11.686Z INFO  benchmark_client] Sending sample transaction 390
[2026-09-10T03:42:11.737Z INFO  benchmark_client] Sending sample transaction 391
[2026-09-10T03:42:11.786Z INFO  benchmark_client] Sending sample transaction 392
[2026-09-10T03:42:11.836Z INFO  benchmark_client] Sending sample transaction 393
[2026-09-10T03:42:11.886Z INFO  benchmark_client] Sending sample transaction 394
[2026-09-10T03:42:11.936Z INFO  benchmark_client] Sending sample transaction 395
[2026-09-10T03:42:11.986Z INFO  benchmark_client] Sending sample transaction 396
[2026-09-10T03:42:12.037Z INFO  benchmark_client] Sending sample transaction 397
[2026-09-10T03:42:12.086Z INFO  benchmark_client] Sending sample transaction 398
[2026-09-10T03:42:12.136Z INFO  benchmark_client] Sending sample transaction 399
[2026-09-10T03:42:12.187Z INFO  benchmark_client] Sending sample transaction 400
[2026-09-10T03:42:12.237Z INFO  benchmark_client] Sending sample transaction 401
[2026-09-10T03:42:12.286Z INFO  benchmark_client] Sending sample transaction 402
[2026-09-10T03:42:12.336Z INFO  benchmark_client] Sending sample transaction 403
[2026-09-10T03:42:12.386Z INFO  benchmark_client] Sending sample transaction 404
[2026-09-10T03:42:12.436Z INFO  benchmark_client] Sending sample transaction 405
[2026-09-10T03:42:12.486Z INFO  benchmark_client] Sending sample transaction 406
[2026-09-10T03:42:12.537Z INFO  benchmark_client] Sending sample transaction 407
[2026-09-10T03:42:12.586Z INFO  benchmark_client] Sending sample transaction 408
[2026-09-10T03:42:12.636Z INFO  benchmark_client] Sending sample transaction 409
[2026-09-10T03:42:12.687Z INFO  benchmark_client] Sending sample transaction 410
[2026-09-10T03:42:12.736Z INFO  benchmark_client] Sending sample transaction 411
[2026-09-10T03:42:12.786Z INFO  benchmark_client] Sending sample transaction 412
[2026-09-10T03:42:12.836Z INFO  benchmark_client] Sending sample transaction 413
[2026-09-10T03:42:12.886Z INFO  benchmark_client] Sending sample transaction 414
[2026-09-10T03:42:12.936Z INFO  benchmark_client] Sending sample transaction 415
[2026-09-10T03:42:12.986Z INFO  benchmark_client] Sending sample transaction 416
[2026-09-10T03:42:13.036Z INFO  benchmark_client] Sending sample transaction 417
[2026-09-10T03:42:13.086Z INFO  benchmark_client] Sending sample transaction 418
[2026-09-10T03:42:13.137Z INFO  benchmark_client] Sending sample transaction 419
[2026-09-10T03:42:13.186Z INFO  benchmark_client] Sending sample transaction 420
[2026-09-10T03:42:13.236Z INFO  benchmark_client] Sending sample transaction 421
[2026-09-10T03:42:13.286Z INFO  benchmark_client] Sending sample transaction 422
[2026-09-10T03:42:13.336Z INFO  benchmark_client] Sending sample transaction 423
[2026-09-10T03:42:13.386Z INFO  benchmark_client] Sending sample transaction 424
[2026-09-10T03:42:13.436Z INFO  benchmark_client] Sending sample transaction 425
[2026-09-10T03:42:13.487Z INFO  benchmark_client] Sending sample transaction 426
[2026-09-10T03:42:13.536Z INFO  benchmark_client] Sending sample transaction 427
[2026-09-10T03:42:13.586Z INFO  benchmark_client] Sending sample transaction 428
[2026-09-10T03:42:13.636Z INFO  benchmark_client] Sending sample transaction 429
[2026-09-10T03:42:13.687Z INFO  benchmark_client] Sending sample transaction 430
[2026-09-10T03:42:13.736Z INFO  benchmark_client] Sending sample transaction 431
[2026-09-10T03:42:13.787Z INFO  benchmark_client] Sending sample transaction 432
[2026-09-10T03:42:13.836Z INFO  benchmark_client] Sending sample transaction 433
[2026-09-10T03:42:13.886Z INFO  benchmark_client] Sending sample transaction 434
[2026-09-10T03:42:13.936Z INFO  benchmark_client] Sending sample transaction 435
[2026-09-10T03:42:13.987Z INFO  benchmark_client] Sending sample transaction 436
[2026-09-10T03:42:14.036Z INFO  benchmark_client] Sending sample transaction 437
[2026-09-10T03:42:14.086Z INFO  benchmark_client] Sending sample transaction 438
[2026-09-10T03:42:14.136Z INFO  benchmark_client] Sending sample transaction 439
[2026-09-10T03:42:14.187Z INFO  benchmark_client] Sending sample transaction 440
[2026-09-10T03:42:14.236Z INFO  benchmark_client] Sending sample transaction 441
[2026-09-10T03:42:14.287Z INFO  benchmark_client] Sending sample transaction 442
[2026-09-10T03:42:14.336Z INFO  benchmark_client] Sending sample transaction 443
[2026-09-10T03:42:14.388Z INFO  benchmark_client] Sending sample transaction 444
[2026-09-10T03:42:14.437Z INFO  benchmark_client] Sending sample transaction 445
[2026-09-10T03:42:14.486Z INFO  benchmark_client] Sending sample transaction 446
[2026-09-10T03:42:14.536Z INFO  benchmark_client] Sending sample transaction 447
[2026-09-10T03:42:14.586Z INFO  benchmark_client] Sending sample transaction 448
[2026-09-10T03:42:14.636Z INFO  benchmark_client] Sending sample transaction 449
[2026-09-10T03:42:14.687Z INFO  benchmark_client] Sending sample transaction 450
[2026-09-10T03:42:14.736Z INFO  benchmark_client] Sending sample transaction 451
[2026-09-10T03:42:14.787Z INFO  benchmark_client] Sending sample transaction 452
[2026-09-10T03:42:14.840Z INFO  benchmark_client] Sending sample transaction 453
[2026-09-10T03:42:14.886Z INFO  benchmark_client] Sending sample transaction 454
[2026-09-10T03:42:14.937Z INFO  benchmark_client] Sending sample transaction 455
[2026-09-10T03:42:14.986Z INFO  benchmark_client] Sending sample transaction 456
[2026-09-10T03:42:15.037Z INFO  benchmark_client] Sending sample transaction 457
[2026-09-10T03:42:15.086Z INFO  benchmark_client] Sending sample transaction 458
[2026-09-10T03:42:15.138Z INFO  benchmark_client] Sending sample transaction 459
[2026-09-10T03:42:15.187Z INFO  benchmark_client] Sending sample transaction 460
[2026-09-10T03:42:15.236Z INFO  benchmark_client] Sending sample transaction 461
[2026-09-10T03:42:15.287Z INFO  benchmark_client] Sending sample transaction 462
[2026-09-10T03:42:15.337Z INFO  benchmark_client] Sending sample transaction 463
[2026-09-10T03:42:15.387Z INFO  benchmark_client] Sending sample transaction 464
[2026-09-10T03:42:15.438Z INFO  benchmark_client] Sending sample transaction 465
[2026-09-10T03:42:15.486Z INFO  benchmark_client] Sending sample transaction 466
[2026-09-10T03:42:15.538Z INFO  benchmark_client] Sending sample transaction 467
[2026-09-10T03:42:15.586Z INFO  benchmark_client] Sending sample transaction 468
[2026-09-10T03:42:15.636Z INFO  benchmark_client] Sending sample transaction 469
[2026-09-10T03:42:15.688Z INFO  benchmark_client] Sending sample transaction 470
[2026-09-10T03:42:15.737Z INFO  benchmark_client] Sending sample transaction 471
[2026-09-10T03:42:15.786Z INFO  benchmark_client] Sending sample transaction 472
[2026-09-10T03:42:15.836Z INFO  benchmark_client] Sending sample transaction 473
[2026-09-10T03:42:15.887Z INFO  benchmark_client] Sending sample transaction 474
[2026-09-10T03:42:15.936Z INFO  benchmark_client] Sending sample transaction 475
[2026-09-10T03:42:15.987Z INFO  benchmark_client] Sending sample transaction 476
[2026-09-10T03:42:16.037Z INFO  benchmark_client] Sending sample transaction 477
[2026-09-10T03:42:16.087Z INFO  benchmark_client] Sending sample transaction 478
[2026-09-10T03:42:16.136Z INFO  benchmark_client] Sending sample transaction 479
[2026-09-10T03:42:16.188Z INFO  benchmark_client] Sending sample transaction 480
[2026-09-10T03:42:16.236Z INFO  benchmark_client] Sending sample transaction 481
[2026-09-10T03:42:16.287Z INFO  benchmark_client] Sending sample transaction 482
[2026-09-10T03:42:16.336Z INFO  benchmark_client] Sending sample transaction 483
[2026-09-10T03:42:16.387Z INFO  benchmark_client] Sending sample transaction 484
[2026-09-10T03:42:16.437Z INFO  benchmark_client] Sending sample transaction 485
[2026-09-10T03:42:16.487Z INFO  benchmark_client] Sending sample transaction 486
[2026-09-10T03:42:16.537Z INFO  benchmark_client] Sending sample transaction 487
[2026-09-10T03:42:16.587Z INFO  benchmark_client] Sending sample transaction 488
[2026-09-10T03:42:16.637Z INFO  benchmark_client] Sending sample transaction 489
[2026-09-10T03:42:16.686Z INFO  benchmark_client] Sending sample transaction 490
[2026-09-10T03:42:16.737Z INFO  benchmark_client] Sending sample transaction 491
[2026-09-10T03:42:16.786Z INFO  benchmark_client] Sending sample transaction 492
[2026-09-10T03:42:16.836Z INFO  benchmark_client] Sending sample transaction 493
[2026-09-10T03:42:16.887Z INFO  benchmark_client] Sending sample transaction 494
[2026-09-10T03:42:16.937Z INFO  benchmark_client] Sending sample transaction 495
[2026-09-10T03:42:16.986Z INFO  benchmark_client] Sending sample transaction 496
[2026-09-10T03:42:17.036Z INFO  benchmark_client] Sending sample transaction 497
[2026-09-10T03:42:17.086Z INFO  benchmark_client] Sending sample transaction 498
[2026-09-10T03:42:17.137Z INFO  benchmark_client] Sending sample transaction 499
[2026-09-10T03:42:17.186Z INFO  benchmark_client] Sending sample transaction 500
[2026-09-10T03:42:17.236Z INFO  benchmark_client] Sending sample transaction 501
[2026-09-10T03:42:17.287Z INFO  benchmark_client] Sending sample transaction 502
[2026-09-10T03:42:17.337Z INFO  benchmark_client] Sending sample transaction 503
[2026-09-10T03:42:17.387Z INFO  benchmark_client] Sending sample transaction 504
[2026-09-10T03:42:17.437Z INFO  benchmark_client] Sending sample transaction 505
[2026-09-10T03:42:17.488Z INFO  benchmark_client] Sending sample transaction 506
[2026-09-10T03:42:17.536Z INFO  benchmark_client] Sending sample transaction 507
[2026-09-10T03:42:17.586Z INFO  benchmark_client] Sending sample transaction 508
[2026-09-10T03:42:17.636Z INFO  benchmark_client] Sending sample transaction 509
[2026-09-10T03:42:17.687Z INFO  benchmark_client] Sending sample transaction 510
[2026-09-10T03:42:17.737Z INFO  benchmark_client] Sending sample transaction 511
[2026-09-10T03:42:17.786Z INFO  benchmark_client] Sending sample transaction 512
[2026-09-10T03:42:17.838Z INFO  benchmark_client] Sending sample transaction 513
[2026-09-10T03:42:17.886Z INFO  benchmark_client] Sending sample transaction 514
[2026-09-10T03:42:17.936Z INFO  benchmark_client] Sending sample transaction 515
[2026-09-10T03:42:17.986Z INFO  benchmark_client] Sending sample transaction 516
[2026-09-10T03:42:18.037Z INFO  benchmark_client] Sending sample transaction 517
[2026-09-10T03:42:18.087Z INFO  benchmark_client] Sending sample transaction 518
[2026-09-10T03:42:18.136Z INFO  benchmark_client] Sending sample transaction 519
[2026-09-10T03:42:18.186Z INFO  benchmark_client] Sending sample transaction 520
[2026-09-10T03:42:18.237Z INFO  benchmark_client] Sending sample transaction 521
[2026-09-10T03:42:18.286Z INFO  benchmark_client] Sending sample transaction 522
[2026-09-10T03:42:18.336Z INFO  benchmark_client] Sending sample transaction 523
[2026-09-10T03:42:18.386Z INFO  benchmark_client] Sending sample transaction 524
[2026-09-10T03:42:18.436Z INFO  benchmark_client] Sending sample transaction 525
[2026-09-10T03:42:18.487Z INFO  benchmark_client] Sending sample transaction 526
[2026-09-10T03:42:18.536Z INFO  benchmark_client] Sending sample transaction 527
[2026-09-10T03:42:18.587Z INFO  benchmark_client] Sending sample transaction 528
[2026-09-10T03:42:18.640Z INFO  benchmark_client] Sending sample transaction 529
[2026-09-10T03:42:18.686Z INFO  benchmark_client] Sending sample transaction 530
[2026-09-10T03:42:18.737Z INFO  benchmark_client] Sending sample transaction 531
[2026-09-10T03:42:18.788Z INFO  benchmark_client] Sending sample transaction 532
[2026-09-10T03:42:18.838Z INFO  benchmark_client] Sending sample transaction 533
[2026-09-10T03:42:18.886Z INFO  benchmark_client] Sending sample transaction 534
[2026-09-10T03:42:18.937Z INFO  benchmark_client] Sending sample transaction 535
[2026-09-10T03:42:18.986Z INFO  benchmark_client] Sending sample transaction 536
[2026-09-10T03:42:19.038Z INFO  benchmark_client] Sending sample transaction 537
[2026-09-10T03:42:19.086Z INFO  benchmark_client] Sending sample transaction 538
[2026-09-10T03:42:19.136Z INFO  benchmark_client] Sending sample transaction 539
[2026-09-10T03:42:19.192Z INFO  benchmark_client] Sending sample transaction 540
[2026-09-10T03:42:19.237Z INFO  benchmark_client] Sending sample transaction 541
[2026-09-10T03:42:19.287Z INFO  benchmark_client] Sending sample transaction 542
[2026-09-10T03:42:19.337Z INFO  benchmark_client] Sending sample transaction 543
[2026-09-10T03:42:19.387Z INFO  benchmark_client] Sending sample transaction 544
[2026-09-10T03:42:19.437Z INFO  benchmark_client] Sending sample transaction 545
[2026-09-10T03:42:19.487Z INFO  benchmark_client] Sending sample transaction 546
[2026-09-10T03:42:19.537Z INFO  benchmark_client] Sending sample transaction 547
[2026-09-10T03:42:19.587Z INFO  benchmark_client] Sending sample transaction 548
[2026-09-10T03:42:19.639Z INFO  benchmark_client] Sending sample transaction 549
[2026-09-10T03:42:19.689Z INFO  benchmark_client] Sending sample transaction 550
[2026-09-10T03:42:19.740Z INFO  benchmark_client] Sending sample transaction 551
[2026-09-10T03:42:19.787Z INFO  benchmark_client] Sending sample transaction 552
[2026-09-10T03:42:19.837Z INFO  benchmark_client] Sending sample transaction 553
[2026-09-10T03:42:19.887Z INFO  benchmark_client] Sending sample transaction 554
[2026-09-10T03:42:19.939Z INFO  benchmark_client] Sending sample transaction 555
[2026-09-10T03:42:19.987Z INFO  benchmark_client] Sending sample transaction 556
[2026-09-10T03:42:20.037Z INFO  benchmark_client] Sending sample transaction 557
[2026-09-10T03:42:20.087Z INFO  benchmark_client] Sending sample transaction 558
[2026-09-10T03:42:20.137Z INFO  benchmark_client] Sending sample transaction 559
[2026-09-10T03:42:20.186Z INFO  benchmark_client] Sending sample transaction 560
[2026-09-10T03:42:20.236Z INFO  benchmark_client] Sending sample transaction 561
[2026-09-10T03:42:20.287Z INFO  benchmark_client] Sending sample transaction 562
[2026-09-10T03:42:20.337Z INFO  benchmark_client] Sending sample transaction 563
[2026-09-10T03:42:20.389Z INFO  benchmark_client] Sending sample transaction 564
[2026-09-10T03:42:20.436Z INFO  benchmark_client] Sending sample transaction 565
[2026-09-10T03:42:20.487Z INFO  benchmark_client] Sending sample transaction 566
[2026-09-10T03:42:20.537Z INFO  benchmark_client] Sending sample transaction 567
[2026-09-10T03:42:20.586Z INFO  benchmark_client] Sending sample transaction 568
[2026-09-10T03:42:20.638Z INFO  benchmark_client] Sending sample transaction 569
[2026-09-10T03:42:20.689Z INFO  benchmark_client] Sending sample transaction 570
[2026-09-10T03:42:20.737Z INFO  benchmark_client] Sending sample transaction 571
[2026-09-10T03:42:20.787Z INFO  benchmark_client] Sending sample transaction 572
[2026-09-10T03:42:20.838Z INFO  benchmark_client] Sending sample transaction 573
[2026-09-10T03:42:20.887Z INFO  benchmark_client] Sending sample transaction 574
[2026-09-10T03:42:20.936Z INFO  benchmark_client] Sending sample transaction 575
[2026-09-10T03:42:20.986Z INFO  benchmark_client] Sending sample transaction 576
[2026-09-10T03:42:21.037Z INFO  benchmark_client] Sending sample transaction 577
[2026-09-10T03:42:21.086Z INFO  benchmark_client] Sending sample transaction 578
[2026-09-10T03:42:21.137Z INFO  benchmark_client] Sending sample transaction 579
[2026-09-10T03:42:21.187Z INFO  benchmark_client] Sending sample transaction 580
[2026-09-10T03:42:21.236Z INFO  benchmark_client] Sending sample transaction 581
[2026-09-10T03:42:21.287Z INFO  benchmark_client] Sending sample transaction 582
[2026-09-10T03:42:21.337Z INFO  benchmark_client] Sending sample transaction 583
[2026-09-10T03:42:21.387Z INFO  benchmark_client] Sending sample transaction 584
[2026-09-10T03:42:21.437Z INFO  benchmark_client] Sending sample transaction 585
[2026-09-10T03:42:21.487Z INFO  benchmark_client] Sending sample transaction 586
[2026-09-10T03:42:21.536Z INFO  benchmark_client] Sending sample transaction 587
[2026-09-10T03:42:21.586Z INFO  benchmark_client] Sending sample transaction 588
[2026-09-10T03:42:21.637Z INFO  benchmark_client] Sending sample transaction 589
[2026-09-10T03:42:21.687Z INFO  benchmark_client] Sending sample transaction 590
[2026-09-10T03:42:21.736Z INFO  benchmark_client] Sending sample transaction 591
[2026-09-10T03:42:21.787Z INFO  benchmark_client] Sending sample transaction 592
[2026-09-10T03:42:21.839Z INFO  benchmark_client] Sending sample transaction 593
[2026-09-10T03:42:21.887Z INFO  benchmark_client] Sending sample transaction 594
[2026-09-10T03:42:21.937Z INFO  benchmark_client] Sending sample transaction 595
[2026-09-10T03:42:21.987Z INFO  benchmark_client] Sending sample transaction 596
[2026-09-10T03:42:22.036Z INFO  benchmark_client] Sending sample transaction 597
[2026-09-10T03:42:22.087Z INFO  benchmark_client] Sending sample transaction 598
[2026-09-10T03:42:22.137Z INFO  benchmark_client] Sending sample transaction 599
[2026-09-10T03:42:22.186Z INFO  benchmark_client] Sending sample transaction 600
[2026-09-10T03:42:22.235Z INFO  benchmark_client] Sending sample transaction 601
[2026-09-10T03:42:22.285Z INFO  benchmark_client] Sending sample transaction 602
[2026-09-10T03:42:22.335Z INFO  benchmark_client] Sending sample transaction 603
[2026-09-10T03:42:22.385Z INFO  benchmark_client] Sending sample transaction 604
[2026-09-10T03:42:22.436Z INFO  benchmark_client] Sending sample transaction 605
[2026-09-10T03:42:22.486Z INFO  benchmark_client] Sending sample transaction 606
[2026-09-10T03:42:22.535Z INFO  benchmark_client] Sending sample transaction 607
[2026-09-10T03:42:22.585Z INFO  benchmark_client] Sending sample transaction 608
[2026-09-10T03:42:22.636Z INFO  benchmark_client] Sending sample transaction 609
[2026-09-10T03:42:22.685Z INFO  benchmark_client] Sending sample transaction 610
[2026-09-10T03:42:22.735Z INFO  benchmark_client] Sending sample transaction 611
[2026-09-10T03:42:22.785Z INFO  benchmark_client] Sending sample transaction 612
[2026-09-10T03:42:22.835Z INFO  benchmark_client] Sending sample transaction 613
[2026-09-10T03:42:22.886Z INFO  benchmark_client] Sending sample transaction 614
[2026-09-10T03:42:22.937Z INFO  benchmark_client] Sending sample transaction 615
[2026-09-10T03:42:22.986Z INFO  benchmark_client] Sending sample transaction 616
[2026-09-10T03:42:23.036Z INFO  benchmark_client] Sending sample transaction 617
[2026-09-10T03:42:23.086Z INFO  benchmark_client] Sending sample transaction 618
[2026-09-10T03:42:23.138Z INFO  benchmark_client] Sending sample transaction 619
[2026-09-10T03:42:23.186Z INFO  benchmark_client] Sending sample transaction 620
[2026-09-10T03:42:23.236Z INFO  benchmark_client] Sending sample transaction 621
[2026-09-10T03:42:23.285Z INFO  benchmark_client] Sending sample transaction 622
[2026-09-10T03:42:23.335Z INFO  benchmark_client] Sending sample transaction 623
[2026-09-10T03:42:23.386Z INFO  benchmark_client] Sending sample transaction 624
[2026-09-10T03:42:23.436Z INFO  benchmark_client] Sending sample transaction 625
[2026-09-10T03:42:23.486Z INFO  benchmark_client] Sending sample transaction 626
[2026-09-10T03:42:23.536Z INFO  benchmark_client] Sending sample transaction 627
[2026-09-10T03:42:23.585Z INFO  benchmark_client] Sending sample transaction 628
[2026-09-10T03:42:23.635Z INFO  benchmark_client] Sending sample transaction 629
[2026-09-10T03:42:23.686Z INFO  benchmark_client] Sending sample transaction 630
[2026-09-10T03:42:23.735Z INFO  benchmark_client] Sending sample transaction 631
[2026-09-10T03:42:23.786Z INFO  benchmark_client] Sending sample transaction 632
[2026-09-10T03:42:23.836Z INFO  benchmark_client] Sending sample transaction 633
[2026-09-10T03:42:23.887Z INFO  benchmark_client] Sending sample transaction 634
[2026-09-10T03:42:23.936Z INFO  benchmark_client] Sending sample transaction 635
[2026-09-10T03:42:23.985Z INFO  benchmark_client] Sending sample transaction 636
[2026-09-10T03:42:24.036Z INFO  benchmark_client] Sending sample transaction 637
[2026-09-10T03:42:24.086Z INFO  benchmark_client] Sending sample transaction 638
[2026-09-10T03:42:24.136Z INFO  benchmark_client] Sending sample transaction 639
[2026-09-10T03:42:24.187Z INFO  benchmark_client] Sending sample transaction 640
[2026-09-10T03:42:24.236Z INFO  benchmark_client] Sending sample transaction 641
[2026-09-10T03:42:24.286Z INFO  benchmark_client] Sending sample transaction 642
[2026-09-10T03:42:24.336Z INFO  benchmark_client] Sending sample transaction 643
[2026-09-10T03:42:24.386Z INFO  benchmark_client] Sending sample transaction 644
[2026-09-10T03:42:24.436Z INFO  benchmark_client] Sending sample transaction 645
[2026-09-10T03:42:24.485Z INFO  benchmark_client] Sending sample transaction 646
[2026-09-10T03:42:24.536Z INFO  benchmark_client] Sending sample transaction 647
[2026-09-10T03:42:24.586Z INFO  benchmark_client] Sending sample transaction 648
[2026-09-10T03:42:24.636Z INFO  benchmark_client] Sending sample transaction 649
[2026-09-10T03:42:24.688Z INFO  benchmark_client] Sending sample transaction 650
[2026-09-10T03:42:24.736Z INFO  benchmark_client] Sending sample transaction 651
[2026-09-10T03:42:24.786Z INFO  benchmark_client] Sending sample transaction 652
[2026-09-10T03:42:24.840Z INFO  benchmark_client] Sending sample transaction 653
[2026-09-10T03:42:24.886Z INFO  benchmark_client] Sending sample transaction 654
[2026-09-10T03:42:24.936Z INFO  benchmark_client] Sending sample transaction 655
[2026-09-10T03:42:24.985Z INFO  benchmark_client] Sending sample transaction 656
[2026-09-10T03:42:25.036Z INFO  benchmark_client] Sending sample transaction 657
[2026-09-10T03:42:25.088Z INFO  benchmark_client] Sending sample transaction 658
[2026-09-10T03:42:25.136Z INFO  benchmark_client] Sending sample transaction 659
[2026-09-10T03:42:25.188Z INFO  benchmark_client] Sending sample transaction 660
[2026-09-10T03:42:25.236Z INFO  benchmark_client] Sending sample transaction 661
[2026-09-10T03:42:25.286Z INFO  benchmark_client] Sending sample transaction 662
[2026-09-10T03:42:25.337Z INFO  benchmark_client] Sending sample transaction 663
[2026-09-10T03:42:25.387Z INFO  benchmark_client] Sending sample transaction 664
[2026-09-10T03:42:25.436Z INFO  benchmark_client] Sending sample transaction 665
[2026-09-10T03:42:25.485Z INFO  benchmark_client] Sending sample transaction 666
[2026-09-10T03:42:25.536Z INFO  benchmark_client] Sending sample transaction 667
[2026-09-10T03:42:25.586Z INFO  benchmark_client] Sending sample transaction 668
[2026-09-10T03:42:25.635Z INFO  benchmark_client] Sending sample transaction 669
[2026-09-10T03:42:25.685Z INFO  benchmark_client] Sending sample transaction 670
[2026-09-10T03:42:25.735Z INFO  benchmark_client] Sending sample transaction 671
[2026-09-10T03:42:25.786Z INFO  benchmark_client] Sending sample transaction 672
[2026-09-10T03:42:25.835Z INFO  benchmark_client] Sending sample transaction 673
[2026-09-10T03:42:25.885Z INFO  benchmark_client] Sending sample transaction 674
[2026-09-10T03:42:25.935Z INFO  benchmark_client] Sending sample transaction 675
[2026-09-10T03:42:25.988Z INFO  benchmark_client] Sending sample transaction 676
[2026-09-10T03:42:26.036Z INFO  benchmark_client] Sending sample transaction 677
[2026-09-10T03:42:26.085Z INFO  benchmark_client] Sending sample transaction 678
[2026-09-10T03:42:26.138Z INFO  benchmark_client] Sending sample transaction 679
[2026-09-10T03:42:26.186Z INFO  benchmark_client] Sending sample transaction 680
[2026-09-10T03:42:26.237Z INFO  benchmark_client] Sending sample transaction 681
[2026-09-10T03:42:26.286Z INFO  benchmark_client] Sending sample transaction 682
[2026-09-10T03:42:26.335Z INFO  benchmark_client] Sending sample transaction 683
[2026-09-10T03:42:26.385Z INFO  benchmark_client] Sending sample transaction 684
[2026-09-10T03:42:26.436Z INFO  benchmark_client] Sending sample transaction 685
[2026-09-10T03:42:26.486Z INFO  benchmark_client] Sending sample transaction 686
[2026-09-10T03:42:26.535Z INFO  benchmark_client] Sending sample transaction 687
[2026-09-10T03:42:26.585Z INFO  benchmark_client] Sending sample transaction 688
[2026-09-10T03:42:26.635Z INFO  benchmark_client] Sending sample transaction 689
[2026-09-10T03:42:26.686Z INFO  benchmark_client] Sending sample transaction 690
[2026-09-10T03:42:26.735Z INFO  benchmark_client] Sending sample transaction 691
[2026-09-10T03:42:26.785Z INFO  benchmark_client] Sending sample transaction 692
[2026-09-10T03:42:26.835Z INFO  benchmark_client] Sending sample transaction 693
[2026-09-10T03:42:26.886Z INFO  benchmark_client] Sending sample transaction 694
[2026-09-10T03:42:26.935Z INFO  benchmark_client] Sending sample transaction 695
[2026-09-10T03:42:26.985Z INFO  benchmark_client] Sending sample transaction 696
[2026-09-10T03:42:27.036Z INFO  benchmark_client] Sending sample transaction 697
[2026-09-10T03:42:27.085Z INFO  benchmark_client] Sending sample transaction 698
[2026-09-10T03:42:27.137Z INFO  benchmark_client] Sending sample transaction 699
[2026-09-10T03:42:27.185Z INFO  benchmark_client] Sending sample transaction 700
[2026-09-10T03:42:27.236Z INFO  benchmark_client] Sending sample transaction 701
[2026-09-10T03:42:27.286Z INFO  benchmark_client] Sending sample transaction 702
[2026-09-10T03:42:27.336Z INFO  benchmark_client] Sending sample transaction 703
[2026-09-10T03:42:27.386Z INFO  benchmark_client] Sending sample transaction 704
[2026-09-10T03:42:27.437Z INFO  benchmark_client] Sending sample transaction 705
[2026-09-10T03:42:27.486Z INFO  benchmark_client] Sending sample transaction 706
[2026-09-10T03:42:27.537Z INFO  benchmark_client] Sending sample transaction 707
[2026-09-10T03:42:27.586Z INFO  benchmark_client] Sending sample transaction 708
[2026-09-10T03:42:27.637Z INFO  benchmark_client] Sending sample transaction 709
[2026-09-10T03:42:27.686Z INFO  benchmark_client] Sending sample transaction 710
[2026-09-10T03:42:27.736Z INFO  benchmark_client] Sending sample transaction 711
[2026-09-10T03:42:27.786Z INFO  benchmark_client] Sending sample transaction 712
[2026-09-10T03:42:27.836Z INFO  benchmark_client] Sending sample transaction 713
[2026-09-10T03:42:27.889Z INFO  benchmark_client] Sending sample transaction 714
[2026-09-10T03:42:27.935Z INFO  benchmark_client] Sending sample transaction 715
[2026-09-10T03:42:27.989Z INFO  benchmark_client] Sending sample transaction 716
[2026-09-10T03:42:28.035Z INFO  benchmark_client] Sending sample transaction 717
[2026-09-10T03:42:28.086Z INFO  benchmark_client] Sending sample transaction 718
[2026-09-10T03:42:28.135Z INFO  benchmark_client] Sending sample transaction 719
[2026-09-10T03:42:28.187Z INFO  benchmark_client] Sending sample transaction 720
[2026-09-10T03:42:28.236Z INFO  benchmark_client] Sending sample transaction 721
[2026-09-10T03:42:28.286Z INFO  benchmark_client] Sending sample transaction 722
[2026-09-10T03:42:28.336Z INFO  benchmark_client] Sending sample transaction 723
[2026-09-10T03:42:28.386Z INFO  benchmark_client] Sending sample transaction 724
[2026-09-10T03:42:28.436Z INFO  benchmark_client] Sending sample transaction 725
[2026-09-10T03:42:28.486Z INFO  benchmark_client] Sending sample transaction 726
[2026-09-10T03:42:28.537Z INFO  benchmark_client] Sending sample transaction 727
[2026-09-10T03:42:28.586Z INFO  benchmark_client] Sending sample transaction 728
[2026-09-10T03:42:28.636Z INFO  benchmark_client] Sending sample transaction 729
[2026-09-10T03:42:28.685Z INFO  benchmark_client] Sending sample transaction 730
[2026-09-10T03:42:28.736Z INFO  benchmark_client] Sending sample transaction 731
[2026-09-10T03:42:28.785Z INFO  benchmark_client] Sending sample transaction 732
[2026-09-10T03:42:28.836Z INFO  benchmark_client] Sending sample transaction 733
[2026-09-10T03:42:28.887Z INFO  benchmark_client] Sending sample transaction 734
[2026-09-10T03:42:28.935Z INFO  benchmark_client] Sending sample transaction 735
[2026-09-10T03:42:28.988Z INFO  benchmark_client] Sending sample transaction 736
[2026-09-10T03:42:29.036Z INFO  benchmark_client] Sending sample transaction 737
[2026-09-10T03:42:29.088Z INFO  benchmark_client] Sending sample transaction 738
[2026-09-10T03:42:29.136Z INFO  benchmark_client] Sending sample transaction 739
[2026-09-10T03:42:29.185Z INFO  benchmark_client] Sending sample transaction 740
[2026-09-10T03:42:29.237Z INFO  benchmark_client] Sending sample transaction 741
[2026-09-10T03:42:29.288Z INFO  benchmark_client] Sending sample transaction 742
[2026-09-10T03:42:29.336Z INFO  benchmark_client] Sending sample transaction 743
[2026-09-10T03:42:29.385Z INFO  benchmark_client] Sending sample transaction 744
[2026-09-10T03:42:29.436Z INFO  benchmark_client] Sending sample transaction 745
[2026-09-10T03:42:29.486Z INFO  benchmark_client] Sending sample transaction 746
[2026-09-10T03:42:29.536Z INFO  benchmark_client] Sending sample transaction 747
[2026-09-10T03:42:29.586Z INFO  benchmark_client] Sending sample transaction 748
[2026-09-10T03:42:29.636Z INFO  benchmark_client] Sending sample transaction 749
[2026-09-10T03:42:29.688Z INFO  benchmark_client] Sending sample transaction 750
[2026-09-10T03:42:29.737Z INFO  benchmark_client] Sending sample transaction 751
[2026-09-10T03:42:29.786Z INFO  benchmark_client] Sending sample transaction 752
[2026-09-10T03:42:29.836Z INFO  benchmark_client] Sending sample transaction 753
[2026-09-10T03:42:29.886Z INFO  benchmark_client] Sending sample transaction 754
[2026-09-10T03:42:29.936Z INFO  benchmark_client] Sending sample transaction 755
[2026-09-10T03:42:29.988Z INFO  benchmark_client] Sending sample transaction 756
[2026-09-10T03:42:30.036Z INFO  benchmark_client] Sending sample transaction 757
[2026-09-10T03:42:30.086Z INFO  benchmark_client] Sending sample transaction 758
[2026-09-10T03:42:30.136Z INFO  benchmark_client] Sending sample transaction 759
[2026-09-10T03:42:30.185Z INFO  benchmark_client] Sending sample transaction 760
[2026-09-10T03:42:30.236Z INFO  benchmark_client] Sending sample transaction 761
[2026-09-10T03:42:30.286Z INFO  benchmark_client] Sending sample transaction 762
[2026-09-10T03:42:30.336Z INFO  benchmark_client] Sending sample transaction 763
[2026-09-10T03:42:30.385Z INFO  benchmark_client] Sending sample transaction 764
[2026-09-10T03:42:30.436Z INFO  benchmark_client] Sending sample transaction 765
[2026-09-10T03:42:30.486Z INFO  benchmark_client] Sending sample transaction 766
[2026-09-10T03:42:30.536Z INFO  benchmark_client] Sending sample transaction 767
[2026-09-10T03:42:30.586Z INFO  benchmark_client] Sending sample transaction 768
[2026-09-10T03:42:30.636Z INFO  benchmark_client] Sending sample transaction 769
[2026-09-10T03:42:30.685Z INFO  benchmark_client] Sending sample transaction 770
[2026-09-10T03:42:30.735Z INFO  benchmark_client] Sending sample transaction 771
[2026-09-10T03:42:30.786Z INFO  benchmark_client] Sending sample transaction 772
[2026-09-10T03:42:30.837Z INFO  benchmark_client] Sending sample transaction 773
[2026-09-10T03:42:30.885Z INFO  benchmark_client] Sending sample transaction 774
[2026-09-10T03:42:30.936Z INFO  benchmark_client] Sending sample transaction 775
[2026-09-10T03:42:30.986Z INFO  benchmark_client] Sending sample transaction 776
[2026-09-10T03:42:31.035Z INFO  benchmark_client] Sending sample transaction 777
[2026-09-10T03:42:31.086Z INFO  benchmark_client] Sending sample transaction 778
[2026-09-10T03:42:31.135Z INFO  benchmark_client] Sending sample transaction 779
[2026-09-10T03:42:31.186Z INFO  benchmark_client] Sending sample transaction 780
[2026-09-10T03:42:31.237Z INFO  benchmark_client] Sending sample transaction 781
[2026-09-10T03:42:31.286Z INFO  benchmark_client] Sending sample transaction 782
[2026-09-10T03:42:31.336Z INFO  benchmark_client] Sending sample transaction 783
[2026-09-10T03:42:31.386Z INFO  benchmark_client] Sending sample transaction 784
[2026-09-10T03:42:31.436Z INFO  benchmark_client] Sending sample transaction 785
[2026-09-10T03:42:31.486Z INFO  benchmark_client] Sending sample transaction 786
[2026-09-10T03:42:31.536Z INFO  benchmark_client] Sending sample transaction 787
[2026-09-10T03:42:31.587Z INFO  benchmark_client] Sending sample transaction 788
[2026-09-10T03:42:31.636Z INFO  benchmark_client] Sending sample transaction 789
[2026-09-10T03:42:31.687Z INFO  benchmark_client] Sending sample transaction 790
[2026-09-10T03:42:31.736Z INFO  benchmark_client] Sending sample transaction 791
[2026-09-10T03:42:31.786Z INFO  benchmark_client] Sending sample transaction 792
[2026-09-10T03:42:31.836Z INFO  benchmark_client] Sending sample transaction 793
[2026-09-10T03:42:31.886Z INFO  benchmark_client] Sending sample transaction 794
[2026-09-10T03:42:31.936Z INFO  benchmark_client] Sending sample transaction 795
[2026-09-10T03:42:31.986Z INFO  benchmark_client] Sending sample transaction 796
[2026-09-10T03:42:32.036Z INFO  benchmark_client] Sending sample transaction 797
[2026-09-10T03:42:32.087Z INFO  benchmark_client] Sending sample transaction 798
[2026-09-10T03:42:32.136Z INFO  benchmark_client] Sending sample transaction 799
[2026-09-10T03:42:32.186Z INFO  benchmark_client] Sending sample transaction 800
[2026-09-10T03:42:32.236Z INFO  benchmark_client] Sending sample transaction 801
[2026-09-10T03:42:32.290Z INFO  benchmark_client] Sending sample transaction 802
[2026-09-10T03:42:32.338Z INFO  benchmark_client] Sending sample transaction 803
[2026-09-10T03:42:32.386Z INFO  benchmark_client] Sending sample transaction 804
[2026-09-10T03:42:32.436Z INFO  benchmark_client] Sending sample transaction 805
[2026-09-10T03:42:32.486Z INFO  benchmark_client] Sending sample transaction 806
[2026-09-10T03:42:32.536Z INFO  benchmark_client] Sending sample transaction 807
[2026-09-10T03:42:32.593Z INFO  benchmark_client] Sending sample transaction 808
[2026-09-10T03:42:32.636Z INFO  benchmark_client] Sending sample transaction 809
[2026-09-10T03:42:32.686Z INFO  benchmark_client] Sending sample transaction 810
[2026-09-10T03:42:32.736Z INFO  benchmark_client] Sending sample transaction 811
[2026-09-10T03:42:32.786Z INFO  benchmark_client] Sending sample transaction 812
[2026-09-10T03:42:32.835Z INFO  benchmark_client] Sending sample transaction 813
[2026-09-10T03:42:32.888Z INFO  benchmark_client] Sending sample transaction 814
[2026-09-10T03:42:32.935Z INFO  benchmark_client] Sending sample transaction 815
[2026-09-10T03:42:32.986Z INFO  benchmark_client] Sending sample transaction 816
[2026-09-10T03:42:33.035Z INFO  benchmark_client] Sending sample transaction 817
[2026-09-10T03:42:33.086Z INFO  benchmark_client] Sending sample transaction 818
[2026-09-10T03:42:33.135Z INFO  benchmark_client] Sending sample transaction 819
[2026-09-10T03:42:33.186Z INFO  benchmark_client] Sending sample transaction 820
[2026-09-10T03:42:33.236Z INFO  benchmark_client] Sending sample transaction 821
[2026-09-10T03:42:33.287Z INFO  benchmark_client] Sending sample transaction 822
[2026-09-10T03:42:33.340Z INFO  benchmark_client] Sending sample transaction 823
[2026-09-10T03:42:33.386Z INFO  benchmark_client] Sending sample transaction 824
[2026-09-10T03:42:33.436Z INFO  benchmark_client] Sending sample transaction 825
[2026-09-10T03:42:33.489Z INFO  benchmark_client] Sending sample transaction 826
[2026-09-10T03:42:33.537Z INFO  benchmark_client] Sending sample transaction 827
[2026-09-10T03:42:33.586Z INFO  benchmark_client] Sending sample transaction 828
[2026-09-10T03:42:33.639Z INFO  benchmark_client] Sending sample transaction 829
[2026-09-10T03:42:33.689Z INFO  benchmark_client] Sending sample transaction 830
[2026-09-10T03:42:33.735Z INFO  benchmark_client] Sending sample transaction 831
[2026-09-10T03:42:33.786Z INFO  benchmark_client] Sending sample transaction 832
[2026-09-10T03:42:33.837Z INFO  benchmark_client] Sending sample transaction 833
[2026-09-10T03:42:33.886Z INFO  benchmark_client] Sending sample transaction 834
[2026-09-10T03:42:33.936Z INFO  benchmark_client] Sending sample transaction 835
[2026-09-10T03:42:33.987Z INFO  benchmark_client] Sending sample transaction 836
[2026-09-10T03:42:34.036Z INFO  benchmark_client] Sending sample transaction 837
[2026-09-10T03:42:34.085Z INFO  benchmark_client] Sending sample transaction 838
[2026-09-10T03:42:34.136Z INFO  benchmark_client] Sending sample transaction 839
[2026-09-10T03:42:34.187Z INFO  benchmark_client] Sending sample transaction 840
[2026-09-10T03:42:34.235Z INFO  benchmark_client] Sending sample transaction 841
[2026-09-10T03:42:34.286Z INFO  benchmark_client] Sending sample transaction 842
[2026-09-10T03:42:34.337Z INFO  benchmark_client] Sending sample transaction 843
[2026-09-10T03:42:34.388Z INFO  benchmark_client] Sending sample transaction 844
[2026-09-10T03:42:34.438Z INFO  benchmark_client] Sending sample transaction 845
[2026-09-10T03:42:34.487Z INFO  benchmark_client] Sending sample transaction 846
[2026-09-10T03:42:34.536Z INFO  benchmark_client] Sending sample transaction 847
[2026-09-10T03:42:34.586Z INFO  benchmark_client] Sending sample transaction 848
[2026-09-10T03:42:34.636Z INFO  benchmark_client] Sending sample transaction 849
[2026-09-10T03:42:34.688Z INFO  benchmark_client] Sending sample transaction 850
[2026-09-10T03:42:34.736Z INFO  benchmark_client] Sending sample transaction 851
[2026-09-10T03:42:34.787Z INFO  benchmark_client] Sending sample transaction 852
[2026-09-10T03:42:34.838Z INFO  benchmark_client] Sending sample transaction 853
[2026-09-10T03:42:34.886Z INFO  benchmark_client] Sending sample transaction 854
[2026-09-10T03:42:34.936Z INFO  benchmark_client] Sending sample transaction 855
[2026-09-10T03:42:34.986Z INFO  benchmark_client] Sending sample transaction 856
[2026-09-10T03:42:35.036Z INFO  benchmark_client] Sending sample transaction 857
[2026-09-10T03:42:35.085Z INFO  benchmark_client] Sending sample transaction 858
[2026-09-10T03:42:35.136Z INFO  benchmark_client] Sending sample transaction 859
[2026-09-10T03:42:35.186Z INFO  benchmark_client] Sending sample transaction 860
[2026-09-10T03:42:35.237Z INFO  benchmark_client] Sending sample transaction 861
[2026-09-10T03:42:35.286Z INFO  benchmark_client] Sending sample transaction 862
[2026-09-10T03:42:35.336Z INFO  benchmark_client] Sending sample transaction 863
[2026-09-10T03:42:35.385Z INFO  benchmark_client] Sending sample transaction 864
[2026-09-10T03:42:35.437Z INFO  benchmark_client] Sending sample transaction 865
[2026-09-10T03:42:35.486Z INFO  benchmark_client] Sending sample transaction 866
[2026-09-10T03:42:35.536Z INFO  benchmark_client] Sending sample transaction 867
[2026-09-10T03:42:35.586Z INFO  benchmark_client] Sending sample transaction 868
[2026-09-10T03:42:35.636Z INFO  benchmark_client] Sending sample transaction 869
[2026-09-10T03:42:35.686Z INFO  benchmark_client] Sending sample transaction 870
[2026-09-10T03:42:35.736Z INFO  benchmark_client] Sending sample transaction 871
[2026-09-10T03:42:35.786Z INFO  benchmark_client] Sending sample transaction 872
[2026-09-10T03:42:35.836Z INFO  benchmark_client] Sending sample transaction 873
[2026-09-10T03:42:35.886Z INFO  benchmark_client] Sending sample transaction 874
[2026-09-10T03:42:35.937Z INFO  benchmark_client] Sending sample transaction 875
[2026-09-10T03:42:35.989Z INFO  benchmark_client] Sending sample transaction 876
[2026-09-10T03:42:36.039Z INFO  benchmark_client] Sending sample transaction 877
[2026-09-10T03:42:36.086Z INFO  benchmark_client] Sending sample transaction 878
[2026-09-10T03:42:36.137Z INFO  benchmark_client] Sending sample transaction 879
[2026-09-10T03:42:36.186Z INFO  benchmark_client] Sending sample transaction 880
[2026-09-10T03:42:36.236Z INFO  benchmark_client] Sending sample transaction 881
[2026-09-10T03:42:36.287Z INFO  benchmark_client] Sending sample transaction 882
[2026-09-10T03:42:36.336Z INFO  benchmark_client] Sending sample transaction 883
[2026-09-10T03:42:36.386Z INFO  benchmark_client] Sending sample transaction 884
[2026-09-10T03:42:36.436Z INFO  benchmark_client] Sending sample transaction 885
[2026-09-10T03:42:36.486Z INFO  benchmark_client] Sending sample transaction 886
[2026-09-10T03:42:36.537Z INFO  benchmark_client] Sending sample transaction 887
[2026-09-10T03:42:36.586Z INFO  benchmark_client] Sending sample transaction 888
[2026-09-10T03:42:36.636Z INFO  benchmark_client] Sending sample transaction 889
[2026-09-10T03:42:36.686Z INFO  benchmark_client] Sending sample transaction 890
[2026-09-10T03:42:36.739Z INFO  benchmark_client] Sending sample transaction 891
[2026-09-10T03:42:36.786Z INFO  benchmark_client] Sending sample transaction 892
[2026-09-10T03:42:36.836Z INFO  benchmark_client] Sending sample transaction 893
[2026-09-10T03:42:36.886Z INFO  benchmark_client] Sending sample transaction 894
[2026-09-10T03:42:36.936Z INFO  benchmark_client] Sending sample transaction 895
[2026-09-10T03:42:36.986Z INFO  benchmark_client] Sending sample transaction 896
[2026-09-10T03:42:37.036Z INFO  benchmark_client] Sending sample transaction 897
[2026-09-10T03:42:37.086Z INFO  benchmark_client] Sending sample transaction 898
[2026-09-10T03:42:37.136Z INFO  benchmark_client] Sending sample transaction 899
[2026-09-10T03:42:37.186Z INFO  benchmark_client] Sending sample transaction 900
[2026-09-10T03:42:37.239Z INFO  benchmark_client] Sending sample transaction 901
[2026-09-10T03:42:37.286Z INFO  benchmark_client] Sending sample transaction 902
[2026-09-10T03:42:37.336Z INFO  benchmark_client] Sending sample transaction 903
[2026-09-10T03:42:37.386Z INFO  benchmark_client] Sending sample transaction 904
[2026-09-10T03:42:37.436Z INFO  benchmark_client] Sending sample transaction 905
[2026-09-10T03:42:37.486Z INFO  benchmark_client] Sending sample transaction 906
[2026-09-10T03:42:37.536Z INFO  benchmark_client] Sending sample transaction 907
[2026-09-10T03:42:37.586Z INFO  benchmark_client] Sending sample transaction 908
[2026-09-10T03:42:37.636Z INFO  benchmark_client] Sending sample transaction 909
[2026-09-10T03:42:37.687Z INFO  benchmark_client] Sending sample transaction 910
[2026-09-10T03:42:37.736Z INFO  benchmark_client] Sending sample transaction 911
[2026-09-10T03:42:37.786Z INFO  benchmark_client] Sending sample transaction 912
[2026-09-10T03:42:37.836Z INFO  benchmark_client] Sending sample transaction 913
[2026-09-10T03:42:37.886Z INFO  benchmark_client] Sending sample transaction 914
[2026-09-10T03:42:37.937Z INFO  benchmark_client] Sending sample transaction 915
[2026-09-10T03:42:37.986Z INFO  benchmark_client] Sending sample transaction 916
[2026-09-10T03:42:38.038Z INFO  benchmark_client] Sending sample transaction 917
[2026-09-10T03:42:38.086Z INFO  benchmark_client] Sending sample transaction 918
[2026-09-10T03:42:38.136Z INFO  benchmark_client] Sending sample transaction 919
[2026-09-10T03:42:38.186Z INFO  benchmark_client] Sending sample transaction 920
[2026-09-10T03:42:38.236Z INFO  benchmark_client] Sending sample transaction 921
[2026-09-10T03:42:38.288Z INFO  benchmark_client] Sending sample transaction 922
[2026-09-10T03:42:38.337Z INFO  benchmark_client] Sending sample transaction 923
[2026-09-10T03:42:38.388Z INFO  benchmark_client] Sending sample transaction 924
[2026-09-10T03:42:38.436Z INFO  benchmark_client] Sending sample transaction 925
[2026-09-10T03:42:38.486Z INFO  benchmark_client] Sending sample transaction 926
[2026-09-10T03:42:38.536Z INFO  benchmark_client] Sending sample transaction 927
[2026-09-10T03:42:38.586Z INFO  benchmark_client] Sending sample transaction 928
[2026-09-10T03:42:38.636Z INFO  benchmark_client] Sending sample transaction 929
[2026-09-10T03:42:38.687Z INFO  benchmark_client] Sending sample transaction 930
[2026-09-10T03:42:38.736Z INFO  benchmark_client] Sending sample transaction 931
[2026-09-10T03:42:38.786Z INFO  benchmark_client] Sending sample transaction 932
[2026-09-10T03:42:38.838Z INFO  benchmark_client] Sending sample transaction 933
[2026-09-10T03:42:38.886Z INFO  benchmark_client] Sending sample transaction 934
[2026-09-10T03:42:38.938Z INFO  benchmark_client] Sending sample transaction 935
[2026-09-10T03:42:38.986Z INFO  benchmark_client] Sending sample transaction 936
[2026-09-10T03:42:39.036Z INFO  benchmark_client] Sending sample transaction 937
[2026-09-10T03:42:39.086Z INFO  benchmark_client] Sending sample transaction 938
[2026-09-10T03:42:39.137Z INFO  benchmark_client] Sending sample transaction 939
[2026-09-10T03:42:39.186Z INFO  benchmark_client] Sending sample transaction 940
[2026-09-10T03:42:39.236Z INFO  benchmark_client] Sending sample transaction 941
[2026-09-10T03:42:39.286Z INFO  benchmark_client] Sending sample transaction 942
[2026-09-10T03:42:39.336Z INFO  benchmark_client] Sending sample transaction 943
[2026-09-10T03:42:39.386Z INFO  benchmark_client] Sending sample transaction 944
[2026-09-10T03:42:39.440Z INFO  benchmark_client] Sending sample transaction 945
[2026-09-10T03:42:39.486Z INFO  benchmark_client] Sending sample transaction 946
[2026-09-10T03:42:39.537Z INFO  benchmark_client] Sending sample transaction 947
[2026-09-10T03:42:39.587Z INFO  benchmark_client] Sending sample transaction 948
[2026-09-10T03:42:39.636Z INFO  benchmark_client] Sending sample transaction 949
[2026-09-10T03:42:39.686Z INFO  benchmark_client] Sending sample transaction 950
[2026-09-10T03:42:39.736Z INFO  benchmark_client] Sending sample transaction 951
[2026-09-10T03:42:39.785Z INFO  benchmark_client] Sending sample transaction 952
[2026-09-10T03:42:39.836Z INFO  benchmark_client] Sending sample transaction 953
[2026-09-10T03:42:39.886Z INFO  benchmark_client] Sending sample transaction 954
[2026-09-10T03:42:39.936Z INFO  benchmark_client] Sending sample transaction 955
[2026-09-10T03:42:39.987Z INFO  benchmark_client] Sending sample transaction 956
[2026-09-10T03:42:40.036Z INFO  benchmark_client] Sending sample transaction 957
[2026-09-10T03:42:40.087Z INFO  benchmark_client] Sending sample transaction 958
[2026-09-10T03:42:40.136Z INFO  benchmark_client] Sending sample transaction 959
[2026-09-10T03:42:40.186Z INFO  benchmark_client] Sending sample transaction 960
[2026-09-10T03:42:40.237Z INFO  benchmark_client] Sending sample transaction 961
[2026-09-10T03:42:40.286Z INFO  benchmark_client] Sending sample transaction 962
[2026-09-10T03:42:40.336Z INFO  benchmark_client] Sending sample transaction 963
[2026-09-10T03:42:40.387Z INFO  benchmark_client] Sending sample transaction 964
[2026-09-10T03:42:40.436Z INFO  benchmark_client] Sending sample transaction 965
[2026-09-10T03:42:40.486Z INFO  benchmark_client] Sending sample transaction 966
[2026-09-10T03:42:40.536Z INFO  benchmark_client] Sending sample transaction 967
[2026-09-10T03:42:40.586Z INFO  benchmark_client] Sending sample transaction 968
[2026-09-10T03:42:40.636Z INFO  benchmark_client] Sending sample transaction 969
[2026-09-10T03:42:40.687Z INFO  benchmark_client] Sending sample transaction 970
[2026-09-10T03:42:40.738Z INFO  benchmark_client] Sending sample transaction 971
[2026-09-10T03:42:40.787Z INFO  benchmark_client] Sending sample transaction 972
[2026-09-10T03:42:40.836Z INFO  benchmark_client] Sending sample transaction 973
[2026-09-10T03:42:40.887Z INFO  benchmark_client] Sending sample transaction 974
[2026-09-10T03:42:40.937Z INFO  benchmark_client] Sending sample transaction 975
[2026-09-10T03:42:40.986Z INFO  benchmark_client] Sending sample transaction 976
[2026-09-10T03:42:41.036Z INFO  benchmark_client] Sending sample transaction 977
[2026-09-10T03:42:41.088Z INFO  benchmark_client] Sending sample transaction 978
[2026-09-10T03:42:41.137Z INFO  benchmark_client] Sending sample transaction 979
[2026-09-10T03:42:41.187Z INFO  benchmark_client] Sending sample transaction 980
[2026-09-10T03:42:41.237Z INFO  benchmark_client] Sending sample transaction 981
[2026-09-10T03:42:41.286Z INFO  benchmark_client] Sending sample transaction 982
[2026-09-10T03:42:41.339Z INFO  benchmark_client] Sending sample transaction 983
[2026-09-10T03:42:41.386Z INFO  benchmark_client] Sending sample transaction 984
[2026-09-10T03:42:41.436Z INFO  benchmark_client] Sending sample transaction 985
[2026-09-10T03:42:41.486Z INFO  benchmark_client] Sending sample transaction 986
[2026-09-10T03:42:41.537Z INFO  benchmark_client] Sending sample transaction 987
[2026-09-10T03:42:41.586Z INFO  benchmark_client] Sending sample transaction 988
[2026-09-10T03:42:41.636Z INFO  benchmark_client] Sending sample transaction 989
[2026-09-10T03:42:41.686Z INFO  benchmark_client] Sending sample transaction 990
[2026-09-10T03:42:41.736Z INFO  benchmark_client] Sending sample transaction 991
[2026-09-10T03:42:41.786Z INFO  benchmark_client] Sending sample transaction 992
[2026-09-10T03:42:41.836Z INFO  benchmark_client] Sending sample transaction 993
[2026-09-10T03:42:41.887Z INFO  benchmark_client] Sending sample transaction 994
[2026-09-10T03:42:41.936Z INFO  benchmark_client] Sending sample transaction 995
[2026-09-10T03:42:41.986Z INFO  benchmark_client] Sending sample transaction 996
[2026-09-10T03:42:42.037Z INFO  benchmark_client] Sending sample transaction 997
[2026-09-10T03:42:42.086Z INFO  benchmark_client] Sending sample transaction 998
[2026-09-10T03:42:42.136Z INFO  benchmark_client] Sending sample transaction 999
[2026-09-10T03:42:42.187Z INFO  benchmark_client] Sending sample transaction 1000
[2026-09-10T03:42:42.237Z INFO  benchmark_client] Sending sample transaction 1001
[2026-09-10T03:42:42.286Z INFO  benchmark_client] Sending sample transaction 1002
[2026-09-10T03:42:42.336Z INFO  benchmark_client] Sending sample transaction 1003
[2026-09-10T03:42:42.386Z INFO  benchmark_client] Sending sample transaction 1004
[2026-09-10T03:42:42.438Z INFO  benchmark_client] Sending sample transaction 1005
[2026-09-10T03:42:42.486Z INFO  benchmark_client] Sending sample transaction 1006
[2026-09-10T03:42:42.536Z INFO  benchmark_client] Sending sample transaction 1007
[2026-09-10T03:42:42.586Z INFO  benchmark_client] Sending sample transaction 1008
[2026-09-10T03:42:42.636Z INFO  benchmark_client] Sending sample transaction 1009
[2026-09-10T03:42:42.689Z INFO  benchmark_client] Sending sample transaction 1010
[2026-09-10T03:42:42.737Z INFO  benchmark_client] Sending sample transaction 1011
[2026-09-10T03:42:42.787Z INFO  benchmark_client] Sending sample transaction 1012
[2026-09-10T03:42:42.836Z INFO  benchmark_client] Sending sample transaction 1013
[2026-09-10T03:42:42.886Z INFO  benchmark_client] Sending sample transaction 1014
[2026-09-10T03:42:42.936Z INFO  benchmark_client] Sending sample transaction 1015
[2026-09-10T03:42:42.988Z INFO  benchmark_client] Sending sample transaction 1016
[2026-09-10T03:42:43.038Z INFO  benchmark_client] Sending sample transaction 1017
[2026-09-10T03:42:43.086Z INFO  benchmark_client] Sending sample transaction 1018
[2026-09-10T03:42:43.136Z INFO  benchmark_client] Sending sample transaction 1019
[2026-09-10T03:42:43.187Z INFO  benchmark_client] Sending sample transaction 1020
[2026-09-10T03:42:43.238Z INFO  benchmark_client] Sending sample transaction 1021
[2026-09-10T03:42:43.287Z INFO  benchmark_client] Sending sample transaction 1022
[2026-09-10T03:42:43.336Z INFO  benchmark_client] Sending sample transaction 1023
[2026-09-10T03:42:43.386Z INFO  benchmark_client] Sending sample transaction 1024
[2026-09-10T03:42:43.436Z INFO  benchmark_client] Sending sample transaction 1025
[2026-09-10T03:42:43.487Z INFO  benchmark_client] Sending sample transaction 1026
[2026-09-10T03:42:43.537Z INFO  benchmark_client] Sending sample transaction 1027
[2026-09-10T03:42:43.586Z INFO  benchmark_client] Sending sample transaction 1028
[2026-09-10T03:42:43.637Z INFO  benchmark_client] Sending sample transaction 1029
[2026-09-10T03:42:43.688Z INFO  benchmark_client] Sending sample transaction 1030
[2026-09-10T03:42:43.737Z INFO  benchmark_client] Sending sample transaction 1031
[2026-09-10T03:42:43.787Z INFO  benchmark_client] Sending sample transaction 1032
[2026-09-10T03:42:43.838Z INFO  benchmark_client] Sending sample transaction 1033
[2026-09-10T03:42:43.888Z INFO  benchmark_client] Sending sample transaction 1034
[2026-09-10T03:42:43.936Z INFO  benchmark_client] Sending sample transaction 1035
[2026-09-10T03:42:43.987Z INFO  benchmark_client] Sending sample transaction 1036
[2026-09-10T03:42:44.038Z INFO  benchmark_client] Sending sample transaction 1037
[2026-09-10T03:42:44.086Z INFO  benchmark_client] Sending sample transaction 1038
[2026-09-10T03:42:44.136Z INFO  benchmark_client] Sending sample transaction 1039
[2026-09-10T03:42:44.186Z INFO  benchmark_client] Sending sample transaction 1040
[2026-09-10T03:42:44.240Z INFO  benchmark_client] Sending sample transaction 1041
[2026-09-10T03:42:44.289Z INFO  benchmark_client] Sending sample transaction 1042
[2026-09-10T03:42:44.336Z INFO  benchmark_client] Sending sample transaction 1043
[2026-09-10T03:42:44.391Z INFO  benchmark_client] Sending sample transaction 1044
[2026-09-10T03:42:44.436Z INFO  benchmark_client] Sending sample transaction 1045
[2026-09-10T03:42:44.487Z INFO  benchmark_client] Sending sample transaction 1046
[2026-09-10T03:42:44.536Z INFO  benchmark_client] Sending sample transaction 1047
[2026-09-10T03:42:44.587Z INFO  benchmark_client] Sending sample transaction 1048
[2026-09-10T03:42:44.636Z INFO  benchmark_client] Sending sample transaction 1049
[2026-09-10T03:42:44.689Z INFO  benchmark_client] Sending sample transaction 1050
[2026-09-10T03:42:44.738Z INFO  benchmark_client] Sending sample transaction 1051
[2026-09-10T03:42:44.789Z INFO  benchmark_client] Sending sample transaction 1052
[2026-09-10T03:42:44.836Z INFO  benchmark_client] Sending sample transaction 1053
[2026-09-10T03:42:44.888Z INFO  benchmark_client] Sending sample transaction 1054
[2026-09-10T03:42:44.937Z INFO  benchmark_client] Sending sample transaction 1055
[2026-09-10T03:42:44.986Z INFO  benchmark_client] Sending sample transaction 1056
[2026-09-10T03:42:45.040Z INFO  benchmark_client] Sending sample transaction 1057
[2026-09-10T03:42:45.086Z INFO  benchmark_client] Sending sample transaction 1058
[2026-09-10T03:42:45.136Z INFO  benchmark_client] Sending sample transaction 1059
[2026-09-10T03:42:45.186Z INFO  benchmark_client] Sending sample transaction 1060
[2026-09-10T03:42:45.236Z INFO  benchmark_client] Sending sample transaction 1061
[2026-09-10T03:42:45.288Z INFO  benchmark_client] Sending sample transaction 1062
[2026-09-10T03:42:45.336Z INFO  benchmark_client] Sending sample transaction 1063
[2026-09-10T03:42:45.388Z INFO  benchmark_client] Sending sample transaction 1064
[2026-09-10T03:42:45.437Z INFO  benchmark_client] Sending sample transaction 1065
[2026-09-10T03:42:45.488Z INFO  benchmark_client] Sending sample transaction 1066
[2026-09-10T03:42:45.539Z INFO  benchmark_client] Sending sample transaction 1067
[2026-09-10T03:42:45.587Z INFO  benchmark_client] Sending sample transaction 1068
[2026-09-10T03:42:45.636Z INFO  benchmark_client] Sending sample transaction 1069
[2026-09-10T03:42:45.687Z INFO  benchmark_client] Sending sample transaction 1070
[2026-09-10T03:42:45.737Z INFO  benchmark_client] Sending sample transaction 1071
[2026-09-10T03:42:45.790Z INFO  benchmark_client] Sending sample transaction 1072
[2026-09-10T03:42:45.837Z INFO  benchmark_client] Sending sample transaction 1073
[2026-09-10T03:42:45.886Z INFO  benchmark_client] Sending sample transaction 1074
[2026-09-10T03:42:45.937Z INFO  benchmark_client] Sending sample transaction 1075
[2026-09-10T03:42:45.986Z INFO  benchmark_client] Sending sample transaction 1076
[2026-09-10T03:42:46.036Z INFO  benchmark_client] Sending sample transaction 1077
[2026-09-10T03:42:46.086Z INFO  benchmark_client] Sending sample transaction 1078
[2026-09-10T03:42:46.136Z INFO  benchmark_client] Sending sample transaction 1079
[2026-09-10T03:42:46.189Z INFO  benchmark_client] Sending sample transaction 1080
[2026-09-10T03:42:46.238Z INFO  benchmark_client] Sending sample transaction 1081
[2026-09-10T03:42:46.287Z INFO  benchmark_client] Sending sample transaction 1082
[2026-09-10T03:42:46.337Z INFO  benchmark_client] Sending sample transaction 1083
[2026-09-10T03:42:46.389Z INFO  benchmark_client] Sending sample transaction 1084
[2026-09-10T03:42:46.436Z INFO  benchmark_client] Sending sample transaction 1085
[2026-09-10T03:42:46.486Z INFO  benchmark_client] Sending sample transaction 1086
[2026-09-10T03:42:46.539Z INFO  benchmark_client] Sending sample transaction 1087
[2026-09-10T03:42:46.587Z INFO  benchmark_client] Sending sample transaction 1088
[2026-09-10T03:42:46.639Z INFO  benchmark_client] Sending sample transaction 1089
[2026-09-10T03:42:46.686Z INFO  benchmark_client] Sending sample transaction 1090
[2026-09-10T03:42:46.736Z INFO  benchmark_client] Sending sample transaction 1091
[2026-09-10T03:42:46.786Z INFO  benchmark_client] Sending sample transaction 1092
[2026-09-10T03:42:46.836Z INFO  benchmark_client] Sending sample transaction 1093
[2026-09-10T03:42:46.887Z INFO  benchmark_client] Sending sample transaction 1094
[2026-09-10T03:42:46.937Z INFO  benchmark_client] Sending sample transaction 1095
[2026-09-10T03:42:46.987Z INFO  benchmark_client] Sending sample transaction 1096
[2026-09-10T03:42:47.038Z INFO  benchmark_client] Sending sample transaction 1097
[2026-09-10T03:42:47.087Z INFO  benchmark_client] Sending sample transaction 1098
[2026-09-10T03:42:47.138Z INFO  benchmark_client] Sending sample transaction 1099
[2026-09-10T03:42:47.187Z INFO  benchmark_client] Sending sample transaction 1100
[2026-09-10T03:42:47.236Z INFO  benchmark_client] Sending sample transaction 1101
[2026-09-10T03:42:47.287Z INFO  benchmark_client] Sending sample transaction 1102
[2026-09-10T03:42:47.336Z INFO  benchmark_client] Sending sample transaction 1103
[2026-09-10T03:42:47.387Z INFO  benchmark_client] Sending sample transaction 1104
[2026-09-10T03:42:47.437Z INFO  benchmark_client] Sending sample transaction 1105
[2026-09-10T03:42:47.486Z INFO  benchmark_client] Sending sample transaction 1106
[2026-09-10T03:42:47.537Z INFO  benchmark_client] Sending sample transaction 1107
[2026-09-10T03:42:47.587Z INFO  benchmark_client] Sending sample transaction 1108
[2026-09-10T03:42:47.636Z INFO  benchmark_client] Sending sample transaction 1109
[2026-09-10T03:42:47.687Z INFO  benchmark_client] Sending sample transaction 1110
[2026-09-10T03:42:47.739Z INFO  benchmark_client] Sending sample transaction 1111
[2026-09-10T03:42:47.787Z INFO  benchmark_client] Sending sample transaction 1112
[2026-09-10T03:42:47.838Z INFO  benchmark_client] Sending sample transaction 1113
[2026-09-10T03:42:47.888Z INFO  benchmark_client] Sending sample transaction 1114
[2026-09-10T03:42:47.937Z INFO  benchmark_client] Sending sample transaction 1115
[2026-09-10T03:42:47.990Z INFO  benchmark_client] Sending sample transaction 1116
[2026-09-10T03:42:48.037Z INFO  benchmark_client] Sending sample transaction 1117
[2026-09-10T03:42:48.086Z INFO  benchmark_client] Sending sample transaction 1118
[2026-09-10T03:42:48.137Z INFO  benchmark_client] Sending sample transaction 1119
[2026-09-10T03:42:48.187Z INFO  benchmark_client] Sending sample transaction 1120
[2026-09-10T03:42:48.237Z INFO  benchmark_client] Sending sample transaction 1121
[2026-09-10T03:42:48.286Z INFO  benchmark_client] Sending sample transaction 1122
[2026-09-10T03:42:48.337Z INFO  benchmark_client] Sending sample transaction 1123
[2026-09-10T03:42:48.387Z INFO  benchmark_client] Sending sample transaction 1124
[2026-09-10T03:42:48.437Z INFO  benchmark_client] Sending sample transaction 1125
[2026-09-10T03:42:48.487Z INFO  benchmark_client] Sending sample transaction 1126
[2026-09-10T03:42:48.537Z INFO  benchmark_client] Sending sample transaction 1127
[2026-09-10T03:42:48.586Z INFO  benchmark_client] Sending sample transaction 1128
[2026-09-10T03:42:48.637Z INFO  benchmark_client] Sending sample transaction 1129
[2026-09-10T03:42:48.689Z INFO  benchmark_client] Sending sample transaction 1130
[2026-09-10T03:42:48.737Z INFO  benchmark_client] Sending sample transaction 1131
[2026-09-10T03:42:48.786Z INFO  benchmark_client] Sending sample transaction 1132
[2026-09-10T03:42:48.836Z INFO  benchmark_client] Sending sample transaction 1133
[2026-09-10T03:42:48.886Z INFO  benchmark_client] Sending sample transaction 1134
[2026-09-10T03:42:48.939Z INFO  benchmark_client] Sending sample transaction 1135
[2026-09-10T03:42:48.987Z INFO  benchmark_client] Sending sample transaction 1136
[2026-09-10T03:42:49.036Z INFO  benchmark_client] Sending sample transaction 1137
[2026-09-10T03:42:49.087Z INFO  benchmark_client] Sending sample transaction 1138
[2026-09-10T03:42:49.137Z INFO  benchmark_client] Sending sample transaction 1139
[2026-09-10T03:42:49.186Z INFO  benchmark_client] Sending sample transaction 1140
[2026-09-10T03:42:49.238Z INFO  benchmark_client] Sending sample transaction 1141
[2026-09-10T03:42:49.287Z INFO  benchmark_client] Sending sample transaction 1142
[2026-09-10T03:42:49.336Z INFO  benchmark_client] Sending sample transaction 1143
[2026-09-10T03:42:49.386Z INFO  benchmark_client] Sending sample transaction 1144
[2026-09-10T03:42:49.436Z INFO  benchmark_client] Sending sample transaction 1145
[2026-09-10T03:42:49.486Z INFO  benchmark_client] Sending sample transaction 1146
[2026-09-10T03:42:49.536Z INFO  benchmark_client] Sending sample transaction 1147
[2026-09-10T03:42:49.586Z INFO  benchmark_client] Sending sample transaction 1148
[2026-09-10T03:42:49.642Z INFO  benchmark_client] Sending sample transaction 1149
[2026-09-10T03:42:49.688Z INFO  benchmark_client] Sending sample transaction 1150
[2026-09-10T03:42:49.738Z INFO  benchmark_client] Sending sample transaction 1151
[2026-09-10T03:42:49.790Z INFO  benchmark_client] Sending sample transaction 1152
[2026-09-10T03:42:49.838Z INFO  benchmark_client] Sending sample transaction 1153
[2026-09-10T03:42:49.887Z INFO  benchmark_client] Sending sample transaction 1154
[2026-09-10T03:42:49.937Z INFO  benchmark_client] Sending sample transaction 1155
[2026-09-10T03:42:49.987Z INFO  benchmark_client] Sending sample transaction 1156
[2026-09-10T03:42:50.037Z INFO  benchmark_client] Sending sample transaction 1157
[2026-09-10T03:42:50.087Z INFO  benchmark_client] Sending sample transaction 1158
[2026-09-10T03:42:50.139Z INFO  benchmark_client] Sending sample transaction 1159
[2026-09-10T03:42:50.187Z INFO  benchmark_client] Sending sample transaction 1160
[2026-09-10T03:42:50.237Z INFO  benchmark_client] Sending sample transaction 1161
[2026-09-10T03:42:50.287Z INFO  benchmark_client] Sending sample transaction 1162
[2026-09-10T03:42:50.337Z INFO  benchmark_client] Sending sample transaction 1163
[2026-09-10T03:42:50.387Z INFO  benchmark_client] Sending sample transaction 1164
[2026-09-10T03:42:50.437Z INFO  benchmark_client] Sending sample transaction 1165
[2026-09-10T03:42:50.487Z INFO  benchmark_client] Sending sample transaction 1166
[2026-09-10T03:42:50.537Z INFO  benchmark_client] Sending sample transaction 1167
[2026-09-10T03:42:50.586Z INFO  benchmark_client] Sending sample transaction 1168
[2026-09-10T03:42:50.637Z INFO  benchmark_client] Sending sample transaction 1169
[2026-09-10T03:42:50.686Z INFO  benchmark_client] Sending sample transaction 1170
[2026-09-10T03:42:50.737Z INFO  benchmark_client] Sending sample transaction 1171
[2026-09-10T03:42:50.790Z INFO  benchmark_client] Sending sample transaction 1172
[2026-09-10T03:42:50.839Z INFO  benchmark_client] Sending sample transaction 1173
[2026-09-10T03:42:50.887Z INFO  benchmark_client] Sending sample transaction 1174
[2026-09-10T03:42:50.939Z INFO  benchmark_client] Sending sample transaction 1175
[2026-09-10T03:42:50.987Z INFO  benchmark_client] Sending sample transaction 1176
[2026-09-10T03:42:51.037Z INFO  benchmark_client] Sending sample transaction 1177
[2026-09-10T03:42:51.087Z INFO  benchmark_client] Sending sample transaction 1178
[2026-09-10T03:42:51.137Z INFO  benchmark_client] Sending sample transaction 1179
[2026-09-10T03:42:51.187Z INFO  benchmark_client] Sending sample transaction 1180
[2026-09-10T03:42:51.236Z INFO  benchmark_client] Sending sample transaction 1181
[2026-09-10T03:42:51.287Z INFO  benchmark_client] Sending sample transaction 1182
[2026-09-10T03:42:51.336Z INFO  benchmark_client] Sending sample transaction 1183
[2026-09-10T03:42:51.389Z INFO  benchmark_client] Sending sample transaction 1184
[2026-09-10T03:42:51.437Z INFO  benchmark_client] Sending sample transaction 1185
[2026-09-10T03:42:51.486Z INFO  benchmark_client] Sending sample transaction 1186
[2026-09-10T03:42:51.537Z INFO  benchmark_client] Sending sample transaction 1187
[2026-09-10T03:42:51.587Z INFO  benchmark_client] Sending sample transaction 1188
[2026-09-10T03:42:51.637Z INFO  benchmark_client] Sending sample transaction 1189
[2026-09-10T03:42:51.687Z INFO  benchmark_client] Sending sample transaction 1190
[2026-09-10T03:42:51.738Z INFO  benchmark_client] Sending sample transaction 1191
[2026-09-10T03:42:51.787Z INFO  benchmark_client] Sending sample transaction 1192
[2026-09-10T03:42:51.837Z INFO  benchmark_client] Sending sample transaction 1193
[2026-09-10T03:42:51.886Z INFO  benchmark_client] Sending sample transaction 1194
