[2026-09-10T03:41:52.424Z INFO  benchmark_client] Node address: 34.124.238.244:5023
[2026-09-10T03:41:52.424Z INFO  benchmark_client] Transactions size: 512 B
[2026-09-10T03:41:52.424Z INFO  benchmark_client] Transactions rate: 12000 tx/s
[2026-09-10T03:41:52.424Z INFO  benchmark_client] Waiting for all nodes to be online...
[2026-09-10T03:41:52.733Z INFO  benchmark_client] Start sending transactions
[2026-09-10T03:41:52.734Z INFO  benchmark_client] Sending sample transaction 0
[2026-09-10T03:41:52.784Z INFO  benchmark_client] Sending sample transaction 1
[2026-09-10T03:41:52.833Z INFO  benchmark_client] Sending sample transaction 2
[2026-09-10T03:41:52.883Z INFO  benchmark_client] Sending sample transaction 3
[2026-09-10T03:41:52.933Z INFO  benchmark_client] Sending sample transaction 4
[2026-09-10T03:41:52.983Z INFO  benchmark_client] Sending sample transaction 5
[2026-09-10T03:41:53.033Z INFO  benchmark_client] Sending sample transaction 6
[2026-09-10T03:41:53.083Z INFO  benchmark_client] Sending sample transaction 7
[2026-09-10T03:41:53.133Z INFO  benchmark_client] Sending sample transaction 8
[2026-09-10T03:41:53.183Z INFO  benchmark_client] Sending sample transaction 9
[2026-09-10T03:41:53.233Z INFO  benchmark_client] Sending sample transaction 10
[2026-09-10T03:41:53.284Z INFO  benchmark_client] Sending sample transaction 11
[2026-09-10T03:41:53.333Z INFO  benchmark_client] Sending sample transaction 12
[2026-09-10T03:41:53.383Z INFO  benchmark_client] Sending sample transaction 13
[2026-09-10T03:41:53.433Z INFO  benchmark_client] Sending sample transaction 14
[2026-09-10T03:41:53.483Z INFO  benchmark_client] Sending sample transaction 15
[2026-09-10T03:41:53.533Z INFO  benchmark_client] Sending sample transaction 16
[2026-09-10T03:41:53.583Z INFO  benchmark_client] Sending sample transaction 17
[2026-09-10T03:41:53.634Z INFO  benchmark_client] Sending sample transaction 18
[2026-09-10T03:41:53.683Z INFO  benchmark_client] Sending sample transaction 19
[2026-09-10T03:41:53.733Z INFO  benchmark_client] Sending sample transaction 20
[2026-09-10T03:41:53.783Z INFO  benchmark_client] Sending sample transaction 21
[2026-09-10T03:41:53.833Z INFO  benchmark_client] Sending sample transaction 22
[2026-09-10T03:41:53.884Z INFO  benchmark_client] Sending sample transaction 23
[2026-09-10T03:41:53.934Z INFO  benchmark_client] Sending sample transaction 24
[2026-09-10T03:41:53.983Z INFO  benchmark_client] Sending sample transaction 25
[2026-09-10T03:41:54.034Z INFO  benchmark_client] Sending sample transaction 26
[2026-09-10T03:41:54.085Z INFO  benchmark_client] Sending sample transaction 27
[2026-09-10T03:41:54.134Z INFO  benchmark_client] Sending sample transaction 28
[2026-09-10T03:41:54.183Z INFO  benchmark_client] Sending sample transaction 29
[2026-09-10T03:41:54.234Z INFO  benchmark_client] Sending sample transaction 30
[2026-09-10T03:41:54.284Z INFO  benchmark_client] Sending sample transaction 31
[2026-09-10T03:41:54.333Z INFO  benchmark_client] Sending sample transaction 32
[2026-09-10T03:41:54.383Z INFO  benchmark_client] Sending sample transaction 33
[2026-09-10T03:41:54.435Z INFO  benchmark_client] Sending sample transaction 34
[2026-09-10T03:41:54.484Z INFO  benchmark_client] Sending sample transaction 35
[2026-09-10T03:41:54.534Z INFO  benchmark_client] Sending sample transaction 36
[2026-09-10T03:41:54.583Z INFO  benchmark_client] Sending sample transaction 37
[2026-09-10T03:41:54.633Z INFO  benchmark_client] Sending sample transaction 38
[2026-09-10T03:41:54.684Z INFO  benchmark_client] Sending sample transaction 39
[2026-09-10T03:41:54.733Z INFO  benchmark_client] Sending sample transaction 40
[2026-09-10T03:41:54.784Z INFO  benchmark_client] Sending sample transaction 41
[2026-09-10T03:41:54.833Z INFO  benchmark_client] Sending sample transaction 42
[2026-09-10T03:41:54.883Z INFO  benchmark_client] Sending sample transaction 43
[2026-09-10T03:41:54.934Z INFO  benchmark_client] Sending sample transaction 44
[2026-09-10T03:41:54.984Z INFO  benchmark_client] Sending sample transaction 45
[2026-09-10T03:41:55.035Z INFO  benchmark_client] Sending sample transaction 46
[2026-09-10T03:41:55.083Z INFO  benchmark_client] Sending sample transaction 47
[2026-09-10T03:41:55.134Z INFO  benchmark_client] Sending sample transaction 48
[2026-09-10T03:41:55.184Z INFO  benchmark_client] Sending sample transaction 49
[2026-09-10T03:41:55.234Z INFO  benchmark_client] Sending sample transaction 50
[2026-09-10T03:41:55.286Z INFO  benchmark_client] Sending sample transaction 51
[2026-09-10T03:41:55.334Z INFO  benchmark_client] Sending sample transaction 52
[2026-09-10T03:41:55.383Z INFO  benchmark_client] Sending sample transaction 53
[2026-09-10T03:41:55.436Z INFO  benchmark_client] Sending sample transaction 54
[2026-09-10T03:41:55.483Z INFO  benchmark_client] Sending sample transaction 55
[2026-09-10T03:41:55.534Z INFO  benchmark_client] Sending sample transaction 56
[2026-09-10T03:41:55.583Z INFO  benchmark_client] Sending sample transaction 57
[2026-09-10T03:41:55.633Z INFO  benchmark_client] Sending sample transaction 58
[2026-09-10T03:41:55.684Z INFO  benchmark_client] Sending sample transaction 59
[2026-09-10T03:41:55.733Z INFO  benchmark_client] Sending sample transaction 60
[2026-09-10T03:41:55.784Z INFO  benchmark_client] Sending sample transaction 61
[2026-09-10T03:41:55.835Z INFO  benchmark_client] Sending sample transaction 62
[2026-09-10T03:41:55.884Z INFO  benchmark_client] Sending sample transaction 63
[2026-09-10T03:41:55.934Z INFO  benchmark_client] Sending sample transaction 64
[2026-09-10T03:41:55.983Z INFO  benchmark_client] Sending sample transaction 65
[2026-09-10T03:41:56.033Z INFO  benchmark_client] Sending sample transaction 66
[2026-09-10T03:41:56.085Z INFO  benchmark_client] Sending sample transaction 67
[2026-09-10T03:41:56.133Z INFO  benchmark_client] Sending sample transaction 68
[2026-09-10T03:41:56.183Z INFO  benchmark_client] Sending sample transaction 69
[2026-09-10T03:41:56.234Z INFO  benchmark_client] Sending sample transaction 70
[2026-09-10T03:41:56.284Z INFO  benchmark_client] Sending sample transaction 71
[2026-09-10T03:41:56.335Z INFO  benchmark_client] Sending sample transaction 72
[2026-09-10T03:41:56.384Z INFO  benchmark_client] Sending sample transaction 73
[2026-09-10T03:41:56.434Z INFO  benchmark_client] Sending sample transaction 74
[2026-09-10T03:41:56.484Z INFO  benchmark_client] Sending sample transaction 75
[2026-09-10T03:41:56.535Z INFO  benchmark_client] Sending sample transaction 76
[2026-09-10T03:41:56.585Z INFO  benchmark_client] Sending sample transaction 77
[2026-09-10T03:41:56.633Z INFO  benchmark_client] Sending sample transaction 78
[2026-09-10T03:41:56.683Z INFO  benchmark_client] Sending sample transaction 79
[2026-09-10T03:41:56.733Z INFO  benchmark_client] Sending sample transaction 80
[2026-09-10T03:41:56.784Z INFO  benchmark_client] Sending sample transaction 81
[2026-09-10T03:41:56.833Z INFO  benchmark_client] Sending sample transaction 82
[2026-09-10T03:41:56.884Z INFO  benchmark_client] Sending sample transaction 83
[2026-09-10T03:41:56.933Z INFO  benchmark_client] Sending sample transaction 84
[2026-09-10T03:41:56.984Z INFO  benchmark_client] Sending sample transaction 85
[2026-09-10T03:41:57.034Z INFO  benchmark_client] Sending sample transaction 86
[2026-09-10T03:41:57.083Z INFO  benchmark_client] Sending sample transaction 87
[2026-09-10T03:41:57.134Z INFO  benchmark_client] Sending sample transaction 88
[2026-09-10T03:41:57.185Z INFO  benchmark_client] Sending sample transaction 89
[2026-09-10T03:41:57.233Z INFO  benchmark_client] Sending sample transaction 90
[2026-09-10T03:41:57.284Z INFO  benchmark_client] Sending sample transaction 91
[2026-09-10T03:41:57.333Z INFO  benchmark_client] Sending sample transaction 92
[2026-09-10T03:41:57.384Z INFO  benchmark_client] Sending sample transaction 93
[2026-09-10T03:41:57.434Z INFO  benchmark_client] Sending sample transaction 94
[2026-09-10T03:41:57.485Z INFO  benchmark_client] Sending sample transaction 95
[2026-09-10T03:41:57.533Z INFO  benchmark_client] Sending sample transaction 96
[2026-09-10T03:41:57.585Z INFO  benchmark_client] Sending sample transaction 97
[2026-09-10T03:41:57.633Z INFO  benchmark_client] Sending sample transaction 98
[2026-09-10T03:41:57.683Z INFO  benchmark_client] Sending sample transaction 99
[2026-09-10T03:41:57.734Z INFO  benchmark_client] Sending sample transaction 100
[2026-09-10T03:41:57.786Z INFO  benchmark_client] Sending sample transaction 101
[2026-09-10T03:41:57.833Z INFO  benchmark_client] Sending sample transaction 102
[2026-09-10T03:41:57.883Z INFO  benchmark_client] Sending sample transaction 103
[2026-09-10T03:41:57.934Z INFO  benchmark_client] Sending sample transaction 104
[2026-09-10T03:41:57.983Z INFO  benchmark_client] Sending sample transaction 105
[2026-09-10T03:41:58.035Z INFO  benchmark_client] Sending sample transaction 106
[2026-09-10T03:41:58.083Z INFO  benchmark_client] Sending sample transaction 107
[2026-09-10T03:41:58.134Z INFO  benchmark_client] Sending sample transaction 108
[2026-09-10T03:41:58.184Z INFO  benchmark_client] Sending sample transaction 109
[2026-09-10T03:41:58.234Z INFO  benchmark_client] Sending sample transaction 110
[2026-09-10T03:41:58.283Z INFO  benchmark_client] Sending sample transaction 111
[2026-09-10T03:41:58.334Z INFO  benchmark_client] Sending sample transaction 112
[2026-09-10T03:41:58.386Z INFO  benchmark_client] Sending sample transaction 113
[2026-09-10T03:41:58.433Z INFO  benchmark_client] Sending sample transaction 114
[2026-09-10T03:41:58.484Z INFO  benchmark_client] Sending sample transaction 115
[2026-09-10T03:41:58.535Z INFO  benchmark_client] Sending sample transaction 116
[2026-09-10T03:41:58.584Z INFO  benchmark_client] Sending sample transaction 117
[2026-09-10T03:41:58.633Z INFO  benchmark_client] Sending sample transaction 118
[2026-09-10T03:41:58.683Z INFO  benchmark_client] Sending sample transaction 119
[2026-09-10T03:41:58.733Z INFO  benchmark_client] Sending sample transaction 120
[2026-09-10T03:41:58.783Z INFO  benchmark_client] Sending sample transaction 121
[2026-09-10T03:41:58.834Z INFO  benchmark_client] Sending sample transaction 122
[2026-09-10T03:41:58.883Z INFO  benchmark_client] Sending sample transaction 123
[2026-09-10T03:41:58.934Z INFO  benchmark_client] Sending sample transaction 124
[2026-09-10T03:41:58.984Z INFO  benchmark_client] Sending sample transaction 125
[2026-09-10T03:41:59.033Z INFO  benchmark_client] Sending sample transaction 126
[2026-09-10T03:41:59.083Z INFO  benchmark_client] Sending sample transaction 127
[2026-09-10T03:41:59.133Z INFO  benchmark_client] Sending sample transaction 128
[2026-09-10T03:41:59.184Z INFO  benchmark_client] Sending sample transaction 129
[2026-09-10T03:41:59.233Z INFO  benchmark_client] Sending sample transaction 130
[2026-09-10T03:41:59.285Z INFO  benchmark_client] Sending sample transaction 131
[2026-09-10T03:41:59.334Z INFO  benchmark_client] Sending sample transaction 132
[2026-09-10T03:41:59.383Z INFO  benchmark_client] Sending sample transaction 133
[2026-09-10T03:41:59.434Z INFO  benchmark_client] Sending sample transaction 134
[2026-09-10T03:41:59.484Z INFO  benchmark_client] Sending sample transaction 135
[2026-09-10T03:41:59.533Z INFO  benchmark_client] Sending sample transaction 136
[2026-09-10T03:41:59.584Z INFO  benchmark_client] Sending sample transaction 137
[2026-09-10T03:41:59.634Z INFO  benchmark_client] Sending sample transaction 138
[2026-09-10T03:41:59.683Z INFO  benchmark_client] Sending sample transaction 139
[2026-09-10T03:41:59.733Z INFO  benchmark_client] Sending sample transaction 140
[2026-09-10T03:41:59.783Z INFO  benchmark_client] Sending sample transaction 141
[2026-09-10T03:41:59.835Z INFO  benchmark_client] Sending sample transaction 142
[2026-09-10T03:41:59.883Z INFO  benchmark_client] Sending sample transaction 143
[2026-09-10T03:41:59.934Z INFO  benchmark_client] Sending sample transaction 144
[2026-09-10T03:41:59.985Z INFO  benchmark_client] Sending sample transaction 145
[2026-09-10T03:42:00.033Z INFO  benchmark_client] Sending sample transaction 146
[2026-09-10T03:42:00.084Z INFO  benchmark_client] Sending sample transaction 147
[2026-09-10T03:42:00.137Z INFO  benchmark_client] Sending sample transaction 148
[2026-09-10T03:42:00.183Z INFO  benchmark_client] Sending sample transaction 149
[2026-09-10T03:42:00.234Z INFO  benchmark_client] Sending sample transaction 150
[2026-09-10T03:42:00.283Z INFO  benchmark_client] Sending sample transaction 151
[2026-09-10T03:42:00.334Z INFO  benchmark_client] Sending sample transaction 152
[2026-09-10T03:42:00.385Z INFO  benchmark_client] Sending sample transaction 153
[2026-09-10T03:42:00.433Z INFO  benchmark_client] Sending sample transaction 154
[2026-09-10T03:42:00.484Z INFO  benchmark_client] Sending sample transaction 155
[2026-09-10T03:42:00.534Z INFO  benchmark_client] Sending sample transaction 156
[2026-09-10T03:42:00.583Z INFO  benchmark_client] Sending sample transaction 157
[2026-09-10T03:42:00.634Z INFO  benchmark_client] Sending sample transaction 158
[2026-09-10T03:42:00.684Z INFO  benchmark_client] Sending sample transaction 159
[2026-09-10T03:42:00.735Z INFO  benchmark_client] Sending sample transaction 160
[2026-09-10T03:42:00.784Z INFO  benchmark_client] Sending sample transaction 161
[2026-09-10T03:42:00.833Z INFO  benchmark_client] Sending sample transaction 162
[2026-09-10T03:42:00.884Z INFO  benchmark_client] Sending sample transaction 163
[2026-09-10T03:42:00.934Z INFO  benchmark_client] Sending sample transaction 164
[2026-09-10T03:42:00.984Z INFO  benchmark_client] Sending sample transaction 165
[2026-09-10T03:42:01.034Z INFO  benchmark_client] Sending sample transaction 166
[2026-09-10T03:42:01.083Z INFO  benchmark_client] Sending sample transaction 167
[2026-09-10T03:42:01.134Z INFO  benchmark_client] Sending sample transaction 168
[2026-09-10T03:42:01.184Z INFO  benchmark_client] Sending sample transaction 169
[2026-09-10T03:42:01.235Z INFO  benchmark_client] Sending sample transaction 170
[2026-09-10T03:42:01.284Z INFO  benchmark_client] Sending sample transaction 171
[2026-09-10T03:42:01.334Z INFO  benchmark_client] Sending sample transaction 172
[2026-09-10T03:42:01.383Z INFO  benchmark_client] Sending sample transaction 173
[2026-09-10T03:42:01.434Z INFO  benchmark_client] Sending sample transaction 174
[2026-09-10T03:42:01.483Z INFO  benchmark_client] Sending sample transaction 175
[2026-09-10T03:42:01.537Z INFO  benchmark_client] Sending sample transaction 176
[2026-09-10T03:42:01.584Z INFO  benchmark_client] Sending sample transaction 177
[2026-09-10T03:42:01.634Z INFO  benchmark_client] Sending sample transaction 178
[2026-09-10T03:42:01.685Z INFO  benchmark_client] Sending sample transaction 179
[2026-09-10T03:42:01.734Z INFO  benchmark_client] Sending sample transaction 180
[2026-09-10T03:42:01.787Z INFO  benchmark_client] Sending sample transaction 181
[2026-09-10T03:42:01.836Z INFO  benchmark_client] Sending sample transaction 182
[2026-09-10T03:42:01.884Z INFO  benchmark_client] Sending sample transaction 183
[2026-09-10T03:42:01.934Z INFO  benchmark_client] Sending sample transaction 184
[2026-09-10T03:42:01.986Z INFO  benchmark_client] Sending sample transaction 185
[2026-09-10T03:42:02.033Z INFO  benchmark_client] Sending sample transaction 186
[2026-09-10T03:42:02.083Z INFO  benchmark_client] Sending sample transaction 187
[2026-09-10T03:42:02.136Z INFO  benchmark_client] Sending sample transaction 188
[2026-09-10T03:42:02.186Z INFO  benchmark_client] Sending sample transaction 189
[2026-09-10T03:42:02.236Z INFO  benchmark_client] Sending sample transaction 190
[2026-09-10T03:42:02.286Z INFO  benchmark_client] Sending sample transaction 191
[2026-09-10T03:42:02.336Z INFO  benchmark_client] Sending sample transaction 192
[2026-09-10T03:42:02.384Z INFO  benchmark_client] Sending sample transaction 193
[2026-09-10T03:42:02.434Z INFO  benchmark_client] Sending sample transaction 194
[2026-09-10T03:42:02.484Z INFO  benchmark_client] Sending sample transaction 195
[2026-09-10T03:42:02.534Z INFO  benchmark_client] Sending sample transaction 196
[2026-09-10T03:42:02.584Z INFO  benchmark_client] Sending sample transaction 197
[2026-09-10T03:42:02.634Z INFO  benchmark_client] Sending sample transaction 198
[2026-09-10T03:42:02.688Z INFO  benchmark_client] Sending sample transaction 199
[2026-09-10T03:42:02.733Z INFO  benchmark_client] Sending sample transaction 200
[2026-09-10T03:42:02.785Z INFO  benchmark_client] Sending sample transaction 201
[2026-09-10T03:42:02.834Z INFO  benchmark_client] Sending sample transaction 202
[2026-09-10T03:42:02.884Z INFO  benchmark_client] Sending sample transaction 203
[2026-09-10T03:42:02.934Z INFO  benchmark_client] Sending sample transaction 204
[2026-09-10T03:42:02.986Z INFO  benchmark_client] Sending sample transaction 205
[2026-09-10T03:42:03.034Z INFO  benchmark_client] Sending sample transaction 206
[2026-09-10T03:42:03.083Z INFO  benchmark_client] Sending sample transaction 207
[2026-09-10T03:42:03.134Z INFO  benchmark_client] Sending sample transaction 208
[2026-09-10T03:42:03.184Z INFO  benchmark_client] Sending sample transaction 209
[2026-09-10T03:42:03.234Z INFO  benchmark_client] Sending sample transaction 210
[2026-09-10T03:42:03.283Z INFO  benchmark_client] Sending sample transaction 211
[2026-09-10T03:42:03.334Z INFO  benchmark_client] Sending sample transaction 212
[2026-09-10T03:42:03.383Z INFO  benchmark_client] Sending sample transaction 213
[2026-09-10T03:42:03.434Z INFO  benchmark_client] Sending sample transaction 214
[2026-09-10T03:42:03.484Z INFO  benchmark_client] Sending sample transaction 215
[2026-09-10T03:42:03.534Z INFO  benchmark_client] Sending sample transaction 216
[2026-09-10T03:42:03.584Z INFO  benchmark_client] Sending sample transaction 217
[2026-09-10T03:42:03.634Z INFO  benchmark_client] Sending sample transaction 218
[2026-09-10T03:42:03.683Z INFO  benchmark_client] Sending sample transaction 219
[2026-09-10T03:42:03.735Z INFO  benchmark_client] Sending sample transaction 220
[2026-09-10T03:42:03.784Z INFO  benchmark_client] Sending sample transaction 221
[2026-09-10T03:42:03.834Z INFO  benchmark_client] Sending sample transaction 222
[2026-09-10T03:42:03.883Z INFO  benchmark_client] Sending sample transaction 223
[2026-09-10T03:42:03.934Z INFO  benchmark_client] Sending sample transaction 224
[2026-09-10T03:42:03.983Z INFO  benchmark_client] Sending sample transaction 225
[2026-09-10T03:42:04.036Z INFO  benchmark_client] Sending sample transaction 226
[2026-09-10T03:42:04.083Z INFO  benchmark_client] Sending sample transaction 227
[2026-09-10T03:42:04.135Z INFO  benchmark_client] Sending sample transaction 228
[2026-09-10T03:42:04.183Z INFO  benchmark_client] Sending sample transaction 229
[2026-09-10T03:42:04.233Z INFO  benchmark_client] Sending sample transaction 230
[2026-09-10T03:42:04.285Z INFO  benchmark_client] Sending sample transaction 231
[2026-09-10T03:42:04.333Z INFO  benchmark_client] Sending sample transaction 232
[2026-09-10T03:42:04.384Z INFO  benchmark_client] Sending sample transaction 233
[2026-09-10T03:42:04.434Z INFO  benchmark_client] Sending sample transaction 234
[2026-09-10T03:42:04.483Z INFO  benchmark_client] Sending sample transaction 235
[2026-09-10T03:42:04.534Z INFO  benchmark_client] Sending sample transaction 236
[2026-09-10T03:42:04.584Z INFO  benchmark_client] Sending sample transaction 237
[2026-09-10T03:42:04.634Z INFO  benchmark_client] Sending sample transaction 238
[2026-09-10T03:42:04.684Z INFO  benchmark_client] Sending sample transaction 239
[2026-09-10T03:42:04.734Z INFO  benchmark_client] Sending sample transaction 240
[2026-09-10T03:42:04.785Z INFO  benchmark_client] Sending sample transaction 241
[2026-09-10T03:42:04.833Z INFO  benchmark_client] Sending sample transaction 242
[2026-09-10T03:42:04.883Z INFO  benchmark_client] Sending sample transaction 243
[2026-09-10T03:42:04.934Z INFO  benchmark_client] Sending sample transaction 244
[2026-09-10T03:42:04.984Z INFO  benchmark_client] Sending sample transaction 245
[2026-09-10T03:42:05.034Z INFO  benchmark_client] Sending sample transaction 246
[2026-09-10T03:42:05.083Z INFO  benchmark_client] Sending sample transaction 247
[2026-09-10T03:42:05.136Z INFO  benchmark_client] Sending sample transaction 248
[2026-09-10T03:42:05.184Z INFO  benchmark_client] Sending sample transaction 249
[2026-09-10T03:42:05.234Z INFO  benchmark_client] Sending sample transaction 250
[2026-09-10T03:42:05.284Z INFO  benchmark_client] Sending sample transaction 251
[2026-09-10T03:42:05.333Z INFO  benchmark_client] Sending sample transaction 252
[2026-09-10T03:42:05.384Z INFO  benchmark_client] Sending sample transaction 253
[2026-09-10T03:42:05.434Z INFO  benchmark_client] Sending sample transaction 254
[2026-09-10T03:42:05.484Z INFO  benchmark_client] Sending sample transaction 255
[2026-09-10T03:42:05.534Z INFO  benchmark_client] Sending sample transaction 256
[2026-09-10T03:42:05.584Z INFO  benchmark_client] Sending sample transaction 257
[2026-09-10T03:42:05.634Z INFO  benchmark_client] Sending sample transaction 258
[2026-09-10T03:42:05.684Z INFO  benchmark_client] Sending sample transaction 259
[2026-09-10T03:42:05.734Z INFO  benchmark_client] Sending sample transaction 260
[2026-09-10T03:42:05.784Z INFO  benchmark_client] Sending sample transaction 261
[2026-09-10T03:42:05.834Z INFO  benchmark_client] Sending sample transaction 262
[2026-09-10T03:42:05.885Z INFO  benchmark_client] Sending sample transaction 263
[2026-09-10T03:42:05.938Z INFO  benchmark_client] Sending sample transaction 264
[2026-09-10T03:42:05.985Z INFO  benchmark_client] Sending sample transaction 265
[2026-09-10T03:42:06.034Z INFO  benchmark_client] Sending sample transaction 266
[2026-09-10T03:42:06.084Z INFO  benchmark_client] Sending sample transaction 267
[2026-09-10T03:42:06.136Z INFO  benchmark_client] Sending sample transaction 268
[2026-09-10T03:42:06.184Z INFO  benchmark_client] Sending sample transaction 269
[2026-09-10T03:42:06.234Z INFO  benchmark_client] Sending sample transaction 270
[2026-09-10T03:42:06.284Z INFO  benchmark_client] Sending sample transaction 271
[2026-09-10T03:42:06.336Z INFO  benchmark_client] Sending sample transaction 272
[2026-09-10T03:42:06.384Z INFO  benchmark_client] Sending sample transaction 273
[2026-09-10T03:42:06.435Z INFO  benchmark_client] Sending sample transaction 274
[2026-09-10T03:42:06.484Z INFO  benchmark_client] Sending sample transaction 275
[2026-09-10T03:42:06.534Z INFO  benchmark_client] Sending sample transaction 276
[2026-09-10T03:42:06.586Z INFO  benchmark_client] Sending sample transaction 277
[2026-09-10T03:42:06.634Z INFO  benchmark_client] Sending sample transaction 278
[2026-09-10T03:42:06.690Z INFO  benchmark_client] Sending sample transaction 279
[2026-09-10T03:42:06.734Z INFO  benchmark_client] Sending sample transaction 280
[2026-09-10T03:42:06.784Z INFO  benchmark_client] Sending sample transaction 281
[2026-09-10T03:42:06.836Z INFO  benchmark_client] Sending sample transaction 282
[2026-09-10T03:42:06.884Z INFO  benchmark_client] Sending sample transaction 283
[2026-09-10T03:42:06.936Z INFO  benchmark_client] Sending sample transaction 284
[2026-09-10T03:42:06.983Z INFO  benchmark_client] Sending sample transaction 285
[2026-09-10T03:42:07.034Z INFO  benchmark_client] Sending sample transaction 286
[2026-09-10T03:42:07.084Z INFO  benchmark_client] Sending sample transaction 287
[2026-09-10T03:42:07.134Z INFO  benchmark_client] Sending sample transaction 288
[2026-09-10T03:42:07.184Z INFO  benchmark_client] Sending sample transaction 289
[2026-09-10T03:42:07.234Z INFO  benchmark_client] Sending sample transaction 290
[2026-09-10T03:42:07.284Z INFO  benchmark_client] Sending sample transaction 291
[2026-09-10T03:42:07.334Z INFO  benchmark_client] Sending sample transaction 292
[2026-09-10T03:42:07.384Z INFO  benchmark_client] Sending sample transaction 293
[2026-09-10T03:42:07.434Z INFO  benchmark_client] Sending sample transaction 294
[2026-09-10T03:42:07.484Z INFO  benchmark_client] Sending sample transaction 295
[2026-09-10T03:42:07.534Z INFO  benchmark_client] Sending sample transaction 296
[2026-09-10T03:42:07.584Z INFO  benchmark_client] Sending sample transaction 297
[2026-09-10T03:42:07.634Z INFO  benchmark_client] Sending sample transaction 298
[2026-09-10T03:42:07.684Z INFO  benchmark_client] Sending sample transaction 299
[2026-09-10T03:42:07.734Z INFO  benchmark_client] Sending sample transaction 300
[2026-09-10T03:42:07.784Z INFO  benchmark_client] Sending sample transaction 301
[2026-09-10T03:42:07.834Z INFO  benchmark_client] Sending sample transaction 302
[2026-09-10T03:42:07.884Z INFO  benchmark_client] Sending sample transaction 303
[2026-09-10T03:42:07.934Z INFO  benchmark_client] Sending sample transaction 304
[2026-09-10T03:42:07.984Z INFO  benchmark_client] Sending sample transaction 305
[2026-09-10T03:42:08.036Z INFO  benchmark_client] Sending sample transaction 306
[2026-09-10T03:42:08.083Z INFO  benchmark_client] Sending sample transaction 307
[2026-09-10T03:42:08.134Z INFO  benchmark_client] Sending sample transaction 308
[2026-09-10T03:42:08.184Z INFO  benchmark_client] Sending sample transaction 309
[2026-09-10T03:42:08.235Z INFO  benchmark_client] Sending sample transaction 310
[2026-09-10T03:42:08.284Z INFO  benchmark_client] Sending sample transaction 311
[2026-09-10T03:42:08.334Z INFO  benchmark_client] Sending sample transaction 312
[2026-09-10T03:42:08.385Z INFO  benchmark_client] Sending sample transaction 313
[2026-09-10T03:42:08.434Z INFO  benchmark_client] Sending sample transaction 314
[2026-09-10T03:42:08.484Z INFO  benchmark_client] Sending sample transaction 315
[2026-09-10T03:42:08.536Z INFO  benchmark_client] Sending sample transaction 316
[2026-09-10T03:42:08.585Z INFO  benchmark_client] Sending sample transaction 317
[2026-09-10T03:42:08.634Z INFO  benchmark_client] Sending sample transaction 318
[2026-09-10T03:42:08.686Z INFO  benchmark_client] Sending sample transaction 319
[2026-09-10T03:42:08.734Z INFO  benchmark_client] Sending sample transaction 320
[2026-09-10T03:42:08.785Z INFO  benchmark_client] Sending sample transaction 321
[2026-09-10T03:42:08.834Z INFO  benchmark_client] Sending sample transaction 322
[2026-09-10T03:42:08.884Z INFO  benchmark_client] Sending sample transaction 323
[2026-09-10T03:42:08.935Z INFO  benchmark_client] Sending sample transaction 324
[2026-09-10T03:42:08.984Z INFO  benchmark_client] Sending sample transaction 325
[2026-09-10T03:42:09.034Z INFO  benchmark_client] Sending sample transaction 326
[2026-09-10T03:42:09.084Z INFO  benchmark_client] Sending sample transaction 327
[2026-09-10T03:42:09.135Z INFO  benchmark_client] Sending sample transaction 328
[2026-09-10T03:42:09.184Z INFO  benchmark_client] Sending sample transaction 329
[2026-09-10T03:42:09.234Z INFO  benchmark_client] Sending sample transaction 330
[2026-09-10T03:42:09.284Z INFO  benchmark_client] Sending sample transaction 331
[2026-09-10T03:42:09.334Z INFO  benchmark_client] Sending sample transaction 332
[2026-09-10T03:42:09.384Z INFO  benchmark_client] Sending sample transaction 333
[2026-09-10T03:42:09.434Z INFO  benchmark_client] Sending sample transaction 334
[2026-09-10T03:42:09.484Z INFO  benchmark_client] Sending sample transaction 335
[2026-09-10T03:42:09.534Z INFO  benchmark_client] Sending sample transaction 336
[2026-09-10T03:42:09.585Z INFO  benchmark_client] Sending sample transaction 337
[2026-09-10T03:42:09.634Z INFO  benchmark_client] Sending sample transaction 338
[2026-09-10T03:42:09.684Z INFO  benchmark_client] Sending sample transaction 339
[2026-09-10T03:42:09.735Z INFO  benchmark_client] Sending sample transaction 340
[2026-09-10T03:42:09.786Z INFO  benchmark_client] Sending sample transaction 341
[2026-09-10T03:42:09.833Z INFO  benchmark_client] Sending sample transaction 342
[2026-09-10T03:42:09.884Z INFO  benchmark_client] Sending sample transaction 343
[2026-09-10T03:42:09.934Z INFO  benchmark_client] Sending sample transaction 344
[2026-09-10T03:42:09.985Z INFO  benchmark_client] Sending sample transaction 345
[2026-09-10T03:42:10.034Z INFO  benchmark_client] Sending sample transaction 346
[2026-09-10T03:42:10.084Z INFO  benchmark_client] Sending sample transaction 347
[2026-09-10T03:42:10.135Z INFO  benchmark_client] Sending sample transaction 348
[2026-09-10T03:42:10.187Z INFO  benchmark_client] Sending sample transaction 349
[2026-09-10T03:42:10.234Z INFO  benchmark_client] Sending sample transaction 350
[2026-09-10T03:42:10.284Z INFO  benchmark_client] Sending sample transaction 351
[2026-09-10T03:42:10.334Z INFO  benchmark_client] Sending sample transaction 352
[2026-09-10T03:42:10.384Z INFO  benchmark_client] Sending sample transaction 353
[2026-09-10T03:42:10.434Z INFO  benchmark_client] Sending sample transaction 354
[2026-09-10T03:42:10.484Z INFO  benchmark_client] Sending sample transaction 355
[2026-09-10T03:42:10.534Z INFO  benchmark_client] Sending sample transaction 356
[2026-09-10T03:42:10.584Z INFO  benchmark_client] Sending sample transaction 357
[2026-09-10T03:42:10.636Z INFO  benchmark_client] Sending sample transaction 358
[2026-09-10T03:42:10.688Z INFO  benchmark_client] Sending sample transaction 359
[2026-09-10T03:42:10.734Z INFO  benchmark_client] Sending sample transaction 360
[2026-09-10T03:42:10.784Z INFO  benchmark_client] Sending sample transaction 361
[2026-09-10T03:42:10.834Z INFO  benchmark_client] Sending sample transaction 362
[2026-09-10T03:42:10.884Z INFO  benchmark_client] Sending sample transaction 363
[2026-09-10T03:42:10.934Z INFO  benchmark_client] Sending sample transaction 364
[2026-09-10T03:42:10.984Z INFO  benchmark_client] Sending sample transaction 365
[2026-09-10T03:42:11.034Z INFO  benchmark_client] Sending sample transaction 366
[2026-09-10T03:42:11.086Z INFO  benchmark_client] Sending sample transaction 367
[2026-09-10T03:42:11.134Z INFO  benchmark_client] Sending sample transaction 368
[2026-09-10T03:42:11.184Z INFO  benchmark_client] Sending sample transaction 369
[2026-09-10T03:42:11.236Z INFO  benchmark_client] Sending sample transaction 370
[2026-09-10T03:42:11.284Z INFO  benchmark_client] Sending sample transaction 371
[2026-09-10T03:42:11.335Z INFO  benchmark_client] Sending sample transaction 372
[2026-09-10T03:42:11.384Z INFO  benchmark_client] Sending sample transaction 373
[2026-09-10T03:42:11.435Z INFO  benchmark_client] Sending sample transaction 374
[2026-09-10T03:42:11.484Z INFO  benchmark_client] Sending sample transaction 375
[2026-09-10T03:42:11.534Z INFO  benchmark_client] Sending sample transaction 376
[2026-09-10T03:42:11.584Z INFO  benchmark_client] Sending sample transaction 377
[2026-09-10T03:42:11.634Z INFO  benchmark_client] Sending sample transaction 378
[2026-09-10T03:42:11.687Z INFO  benchmark_client] Sending sample transaction 379
[2026-09-10T03:42:11.734Z INFO  benchmark_client] Sending sample transaction 380
[2026-09-10T03:42:11.784Z INFO  benchmark_client] Sending sample transaction 381
[2026-09-10T03:42:11.834Z INFO  benchmark_client] Sending sample transaction 382
[2026-09-10T03:42:11.884Z INFO  benchmark_client] Sending sample transaction 383
[2026-09-10T03:42:11.934Z INFO  benchmark_client] Sending sample transaction 384
[2026-09-10T03:42:11.984Z INFO  benchmark_client] Sending sample transaction 385
[2026-09-10T03:42:12.035Z INFO  benchmark_client] Sending sample transaction 386
[2026-09-10T03:42:12.084Z INFO  benchmark_client] Sending sample transaction 387
[2026-09-10T03:42:12.134Z INFO  benchmark_client] Sending sample transaction 388
[2026-09-10T03:42:12.184Z INFO  benchmark_client] Sending sample transaction 389
[2026-09-10T03:42:12.235Z INFO  benchmark_client] Sending sample transaction 390
[2026-09-10T03:42:12.284Z INFO  benchmark_client] Sending sample transaction 391
[2026-09-10T03:42:12.334Z INFO  benchmark_client] Sending sample transaction 392
[2026-09-10T03:42:12.385Z INFO  benchmark_client] Sending sample transaction 393
[2026-09-10T03:42:12.435Z INFO  benchmark_client] Sending sample transaction 394
[2026-09-10T03:42:12.485Z INFO  benchmark_client] Sending sample transaction 395
[2026-09-10T03:42:12.534Z INFO  benchmark_client] Sending sample transaction 396
[2026-09-10T03:42:12.585Z INFO  benchmark_client] Sending sample transaction 397
[2026-09-10T03:42:12.635Z INFO  benchmark_client] Sending sample transaction 398
[2026-09-10T03:42:12.684Z INFO  benchmark_client] Sending sample transaction 399
[2026-09-10T03:42:12.734Z INFO  benchmark_client] Sending sample transaction 400
[2026-09-10T03:42:12.784Z INFO  benchmark_client] Sending sample transaction 401
[2026-09-10T03:42:12.835Z INFO  benchmark_client] Sending sample transaction 402
[2026-09-10T03:42:12.884Z INFO  benchmark_client] Sending sample transaction 403
[2026-09-10T03:42:12.934Z INFO  benchmark_client] Sending sample transaction 404
[2026-09-10T03:42:12.985Z INFO  benchmark_client] Sending sample transaction 405
[2026-09-10T03:42:13.034Z INFO  benchmark_client] Sending sample transaction 406
[2026-09-10T03:42:13.086Z INFO  benchmark_client] Sending sample transaction 407
[2026-09-10T03:42:13.134Z INFO  benchmark_client] Sending sample transaction 408
[2026-09-10T03:42:13.184Z INFO  benchmark_client] Sending sample transaction 409
[2026-09-10T03:42:13.235Z INFO  benchmark_client] Sending sample transaction 410
[2026-09-10T03:42:13.285Z INFO  benchmark_client] Sending sample transaction 411
[2026-09-10T03:42:13.335Z INFO  benchmark_client] Sending sample transaction 412
[2026-09-10T03:42:13.384Z INFO  benchmark_client] Sending sample transaction 413
[2026-09-10T03:42:13.435Z INFO  benchmark_client] Sending sample transaction 414
[2026-09-10T03:42:13.484Z INFO  benchmark_client] Sending sample transaction 415
[2026-09-10T03:42:13.534Z INFO  benchmark_client] Sending sample transaction 416
[2026-09-10T03:42:13.585Z INFO  benchmark_client] Sending sample transaction 417
[2026-09-10T03:42:13.635Z INFO  benchmark_client] Sending sample transaction 418
[2026-09-10T03:42:13.687Z INFO  benchmark_client] Sending sample transaction 419
[2026-09-10T03:42:13.735Z INFO  benchmark_client] Sending sample transaction 420
[2026-09-10T03:42:13.784Z INFO  benchmark_client] Sending sample transaction 421
[2026-09-10T03:42:13.834Z INFO  benchmark_client] Sending sample transaction 422
[2026-09-10T03:42:13.884Z INFO  benchmark_client] Sending sample transaction 423
[2026-09-10T03:42:13.935Z INFO  benchmark_client] Sending sample transaction 424
[2026-09-10T03:42:13.985Z INFO  benchmark_client] Sending sample transaction 425
[2026-09-10T03:42:14.034Z INFO  benchmark_client] Sending sample transaction 426
[2026-09-10T03:42:14.084Z INFO  benchmark_client] Sending sample transaction 427
[2026-09-10T03:42:14.134Z INFO  benchmark_client] Sending sample transaction 428
[2026-09-10T03:42:14.184Z INFO  benchmark_client] Sending sample transaction 429
[2026-09-10T03:42:14.235Z INFO  benchmark_client] Sending sample transaction 430
[2026-09-10T03:42:14.284Z INFO  benchmark_client] Sending sample transaction 431
[2026-09-10T03:42:14.334Z INFO  benchmark_client] Sending sample transaction 432
[2026-09-10T03:42:14.385Z INFO  benchmark_client] Sending sample transaction 433
[2026-09-10T03:42:14.434Z INFO  benchmark_client] Sending sample transaction 434
[2026-09-10T03:42:14.485Z INFO  benchmark_client] Sending sample transaction 435
[2026-09-10T03:42:14.534Z INFO  benchmark_client] Sending sample transaction 436
[2026-09-10T03:42:14.588Z INFO  benchmark_client] Sending sample transaction 437
[2026-09-10T03:42:14.634Z INFO  benchmark_client] Sending sample transaction 438
[2026-09-10T03:42:14.684Z INFO  benchmark_client] Sending sample transaction 439
[2026-09-10T03:42:14.734Z INFO  benchmark_client] Sending sample transaction 440
[2026-09-10T03:42:14.784Z INFO  benchmark_client] Sending sample transaction 441
[2026-09-10T03:42:14.836Z INFO  benchmark_client] Sending sample transaction 442
[2026-09-10T03:42:14.885Z INFO  benchmark_client] Sending sample transaction 443
[2026-09-10T03:42:14.938Z INFO  benchmark_client] Sending sample transaction 444
[2026-09-10T03:42:14.984Z INFO  benchmark_client] Sending sample transaction 445
[2026-09-10T03:42:15.036Z INFO  benchmark_client] Sending sample transaction 446
[2026-09-10T03:42:15.084Z INFO  benchmark_client] Sending sample transaction 447
[2026-09-10T03:42:15.134Z INFO  benchmark_client] Sending sample transaction 448
[2026-09-10T03:42:15.184Z INFO  benchmark_client] Sending sample transaction 449
[2026-09-10T03:42:15.234Z INFO  benchmark_client] Sending sample transaction 450
[2026-09-10T03:42:15.286Z INFO  benchmark_client] Sending sample transaction 451
[2026-09-10T03:42:15.334Z INFO  benchmark_client] Sending sample transaction 452
[2026-09-10T03:42:15.387Z INFO  benchmark_client] Sending sample transaction 453
[2026-09-10T03:42:15.434Z INFO  benchmark_client] Sending sample transaction 454
[2026-09-10T03:42:15.484Z INFO  benchmark_client] Sending sample transaction 455
[2026-09-10T03:42:15.537Z INFO  benchmark_client] Sending sample transaction 456
[2026-09-10T03:42:15.588Z INFO  benchmark_client] Sending sample transaction 457
[2026-09-10T03:42:15.635Z INFO  benchmark_client] Sending sample transaction 458
[2026-09-10T03:42:15.686Z INFO  benchmark_client] Sending sample transaction 459
[2026-09-10T03:42:15.735Z INFO  benchmark_client] Sending sample transaction 460
[2026-09-10T03:42:15.784Z INFO  benchmark_client] Sending sample transaction 461
[2026-09-10T03:42:15.834Z INFO  benchmark_client] Sending sample transaction 462
[2026-09-10T03:42:15.884Z INFO  benchmark_client] Sending sample transaction 463
[2026-09-10T03:42:15.936Z INFO  benchmark_client] Sending sample transaction 464
[2026-09-10T03:42:15.984Z INFO  benchmark_client] Sending sample transaction 465
[2026-09-10T03:42:16.037Z INFO  benchmark_client] Sending sample transaction 466
[2026-09-10T03:42:16.086Z INFO  benchmark_client] Sending sample transaction 467
[2026-09-10T03:42:16.134Z INFO  benchmark_client] Sending sample transaction 468
[2026-09-10T03:42:16.187Z INFO  benchmark_client] Sending sample transaction 469
[2026-09-10T03:42:16.234Z INFO  benchmark_client] Sending sample transaction 470
[2026-09-10T03:42:16.287Z INFO  benchmark_client] Sending sample transaction 471
[2026-09-10T03:42:16.336Z INFO  benchmark_client] Sending sample transaction 472
[2026-09-10T03:42:16.384Z INFO  benchmark_client] Sending sample transaction 473
[2026-09-10T03:42:16.435Z INFO  benchmark_client] Sending sample transaction 474
[2026-09-10T03:42:16.485Z INFO  benchmark_client] Sending sample transaction 475
[2026-09-10T03:42:16.535Z INFO  benchmark_client] Sending sample transaction 476
[2026-09-10T03:42:16.585Z INFO  benchmark_client] Sending sample transaction 477
[2026-09-10T03:42:16.636Z INFO  benchmark_client] Sending sample transaction 478
[2026-09-10T03:42:16.685Z INFO  benchmark_client] Sending sample transaction 479
[2026-09-10T03:42:16.734Z INFO  benchmark_client] Sending sample transaction 480
[2026-09-10T03:42:16.784Z INFO  benchmark_client] Sending sample transaction 481
[2026-09-10T03:42:16.835Z INFO  benchmark_client] Sending sample transaction 482
[2026-09-10T03:42:16.885Z INFO  benchmark_client] Sending sample transaction 483
[2026-09-10T03:42:16.934Z INFO  benchmark_client] Sending sample transaction 484
[2026-09-10T03:42:16.985Z INFO  benchmark_client] Sending sample transaction 485
[2026-09-10T03:42:17.035Z INFO  benchmark_client] Sending sample transaction 486
[2026-09-10T03:42:17.085Z INFO  benchmark_client] Sending sample transaction 487
[2026-09-10T03:42:17.135Z INFO  benchmark_client] Sending sample transaction 488
[2026-09-10T03:42:17.185Z INFO  benchmark_client] Sending sample transaction 489
[2026-09-10T03:42:17.235Z INFO  benchmark_client] Sending sample transaction 490
[2026-09-10T03:42:17.285Z INFO  benchmark_client] Sending sample transaction 491
[2026-09-10T03:42:17.334Z INFO  benchmark_client] Sending sample transaction 492
[2026-09-10T03:42:17.385Z INFO  benchmark_client] Sending sample transaction 493
[2026-09-10T03:42:17.434Z INFO  benchmark_client] Sending sample transaction 494
[2026-09-10T03:42:17.484Z INFO  benchmark_client] Sending sample transaction 495
[2026-09-10T03:42:17.534Z INFO  benchmark_client] Sending sample transaction 496
[2026-09-10T03:42:17.584Z INFO  benchmark_client] Sending sample transaction 497
[2026-09-10T03:42:17.634Z INFO  benchmark_client] Sending sample transaction 498
[2026-09-10T03:42:17.684Z INFO  benchmark_client] Sending sample transaction 499
[2026-09-10T03:42:17.735Z INFO  benchmark_client] Sending sample transaction 500
[2026-09-10T03:42:17.784Z INFO  benchmark_client] Sending sample transaction 501
[2026-09-10T03:42:17.836Z INFO  benchmark_client] Sending sample transaction 502
[2026-09-10T03:42:17.884Z INFO  benchmark_client] Sending sample transaction 503
[2026-09-10T03:42:17.934Z INFO  benchmark_client] Sending sample transaction 504
[2026-09-10T03:42:17.985Z INFO  benchmark_client] Sending sample transaction 505
[2026-09-10T03:42:18.034Z INFO  benchmark_client] Sending sample transaction 506
[2026-09-10T03:42:18.085Z INFO  benchmark_client] Sending sample transaction 507
[2026-09-10T03:42:18.135Z INFO  benchmark_client] Sending sample transaction 508
[2026-09-10T03:42:18.185Z INFO  benchmark_client] Sending sample transaction 509
[2026-09-10T03:42:18.234Z INFO  benchmark_client] Sending sample transaction 510
[2026-09-10T03:42:18.284Z INFO  benchmark_client] Sending sample transaction 511
[2026-09-10T03:42:18.337Z INFO  benchmark_client] Sending sample transaction 512
[2026-09-10T03:42:18.385Z INFO  benchmark_client] Sending sample transaction 513
[2026-09-10T03:42:18.434Z INFO  benchmark_client] Sending sample transaction 514
[2026-09-10T03:42:18.484Z INFO  benchmark_client] Sending sample transaction 515
[2026-09-10T03:42:18.534Z INFO  benchmark_client] Sending sample transaction 516
[2026-09-10T03:42:18.584Z INFO  benchmark_client] Sending sample transaction 517
[2026-09-10T03:42:18.635Z INFO  benchmark_client] Sending sample transaction 518
[2026-09-10T03:42:18.684Z INFO  benchmark_client] Sending sample transaction 519
[2026-09-10T03:42:18.735Z INFO  benchmark_client] Sending sample transaction 520
[2026-09-10T03:42:18.785Z INFO  benchmark_client] Sending sample transaction 521
[2026-09-10T03:42:18.837Z INFO  benchmark_client] Sending sample transaction 522
[2026-09-10T03:42:18.885Z INFO  benchmark_client] Sending sample transaction 523
[2026-09-10T03:42:18.934Z INFO  benchmark_client] Sending sample transaction 524
[2026-09-10T03:42:18.987Z INFO  benchmark_client] Sending sample transaction 525
[2026-09-10T03:42:19.034Z INFO  benchmark_client] Sending sample transaction 526
[2026-09-10T03:42:19.084Z INFO  benchmark_client] Sending sample transaction 527
[2026-09-10T03:42:19.139Z INFO  benchmark_client] Sending sample transaction 528
[2026-09-10T03:42:19.184Z INFO  benchmark_client] Sending sample transaction 529
[2026-09-10T03:42:19.234Z INFO  benchmark_client] Sending sample transaction 530
[2026-09-10T03:42:19.287Z INFO  benchmark_client] Sending sample transaction 531
[2026-09-10T03:42:19.334Z INFO  benchmark_client] Sending sample transaction 532
[2026-09-10T03:42:19.384Z INFO  benchmark_client] Sending sample transaction 533
[2026-09-10T03:42:19.436Z INFO  benchmark_client] Sending sample transaction 534
[2026-09-10T03:42:19.484Z INFO  benchmark_client] Sending sample transaction 535
[2026-09-10T03:42:19.537Z INFO  benchmark_client] Sending sample transaction 536
[2026-09-10T03:42:19.584Z INFO  benchmark_client] Sending sample transaction 537
[2026-09-10T03:42:19.634Z INFO  benchmark_client] Sending sample transaction 538
[2026-09-10T03:42:19.685Z INFO  benchmark_client] Sending sample transaction 539
[2026-09-10T03:42:19.734Z INFO  benchmark_client] Sending sample transaction 540
[2026-09-10T03:42:19.784Z INFO  benchmark_client] Sending sample transaction 541
[2026-09-10T03:42:19.835Z INFO  benchmark_client] Sending sample transaction 542
[2026-09-10T03:42:19.888Z INFO  benchmark_client] Sending sample transaction 543
[2026-09-10T03:42:19.936Z INFO  benchmark_client] Sending sample transaction 544
[2026-09-10T03:42:19.985Z INFO  benchmark_client] Sending sample transaction 545
[2026-09-10T03:42:20.034Z INFO  benchmark_client] Sending sample transaction 546
[2026-09-10T03:42:20.085Z INFO  benchmark_client] Sending sample transaction 547
[2026-09-10T03:42:20.135Z INFO  benchmark_client] Sending sample transaction 548
[2026-09-10T03:42:20.184Z INFO  benchmark_client] Sending sample transaction 549
[2026-09-10T03:42:20.234Z INFO  benchmark_client] Sending sample transaction 550
[2026-09-10T03:42:20.284Z INFO  benchmark_client] Sending sample transaction 551
[2026-09-10T03:42:20.335Z INFO  benchmark_client] Sending sample transaction 552
[2026-09-10T03:42:20.384Z INFO  benchmark_client] Sending sample transaction 553
[2026-09-10T03:42:20.434Z INFO  benchmark_client] Sending sample transaction 554
[2026-09-10T03:42:20.485Z INFO  benchmark_client] Sending sample transaction 555
[2026-09-10T03:42:20.535Z INFO  benchmark_client] Sending sample transaction 556
[2026-09-10T03:42:20.586Z INFO  benchmark_client] Sending sample transaction 557
[2026-09-10T03:42:20.634Z INFO  benchmark_client] Sending sample transaction 558
[2026-09-10T03:42:20.685Z INFO  benchmark_client] Sending sample transaction 559
[2026-09-10T03:42:20.736Z INFO  benchmark_client] Sending sample transaction 560
[2026-09-10T03:42:20.785Z INFO  benchmark_client] Sending sample transaction 561
[2026-09-10T03:42:20.838Z INFO  benchmark_client] Sending sample transaction 562
[2026-09-10T03:42:20.884Z INFO  benchmark_client] Sending sample transaction 563
[2026-09-10T03:42:20.934Z INFO  benchmark_client] Sending sample transaction 564
[2026-09-10T03:42:20.987Z INFO  benchmark_client] Sending sample transaction 565
[2026-09-10T03:42:21.034Z INFO  benchmark_client] Sending sample transaction 566
[2026-09-10T03:42:21.087Z INFO  benchmark_client] Sending sample transaction 567
[2026-09-10T03:42:21.134Z INFO  benchmark_client] Sending sample transaction 568
[2026-09-10T03:42:21.189Z INFO  benchmark_client] Sending sample transaction 569
[2026-09-10T03:42:21.238Z INFO  benchmark_client] Sending sample transaction 570
[2026-09-10T03:42:21.284Z INFO  benchmark_client] Sending sample transaction 571
[2026-09-10T03:42:21.335Z INFO  benchmark_client] Sending sample transaction 572
[2026-09-10T03:42:21.385Z INFO  benchmark_client] Sending sample transaction 573
[2026-09-10T03:42:21.434Z INFO  benchmark_client] Sending sample transaction 574
[2026-09-10T03:42:21.485Z INFO  benchmark_client] Sending sample transaction 575
[2026-09-10T03:42:21.535Z INFO  benchmark_client] Sending sample transaction 576
[2026-09-10T03:42:21.585Z INFO  benchmark_client] Sending sample transaction 577
[2026-09-10T03:42:21.634Z INFO  benchmark_client] Sending sample transaction 578
[2026-09-10T03:42:21.685Z INFO  benchmark_client] Sending sample transaction 579
[2026-09-10T03:42:21.735Z INFO  benchmark_client] Sending sample transaction 580
[2026-09-10T03:42:21.785Z INFO  benchmark_client] Sending sample transaction 581
[2026-09-10T03:42:21.834Z INFO  benchmark_client] Sending sample transaction 582
[2026-09-10T03:42:21.885Z INFO  benchmark_client] Sending sample transaction 583
[2026-09-10T03:42:21.935Z INFO  benchmark_client] Sending sample transaction 584
[2026-09-10T03:42:21.985Z INFO  benchmark_client] Sending sample transaction 585
[2026-09-10T03:42:22.036Z INFO  benchmark_client] Sending sample transaction 586
[2026-09-10T03:42:22.085Z INFO  benchmark_client] Sending sample transaction 587
[2026-09-10T03:42:22.135Z INFO  benchmark_client] Sending sample transaction 588
[2026-09-10T03:42:22.185Z INFO  benchmark_client] Sending sample transaction 589
[2026-09-10T03:42:22.234Z INFO  benchmark_client] Sending sample transaction 590
[2026-09-10T03:42:22.285Z INFO  benchmark_client] Sending sample transaction 591
[2026-09-10T03:42:22.334Z INFO  benchmark_client] Sending sample transaction 592
[2026-09-10T03:42:22.384Z INFO  benchmark_client] Sending sample transaction 593
[2026-09-10T03:42:22.435Z INFO  benchmark_client] Sending sample transaction 594
[2026-09-10T03:42:22.484Z INFO  benchmark_client] Sending sample transaction 595
[2026-09-10T03:42:22.534Z INFO  benchmark_client] Sending sample transaction 596
[2026-09-10T03:42:22.585Z INFO  benchmark_client] Sending sample transaction 597
[2026-09-10T03:42:22.634Z INFO  benchmark_client] Sending sample transaction 598
[2026-09-10T03:42:22.685Z INFO  benchmark_client] Sending sample transaction 599
[2026-09-10T03:42:22.733Z INFO  benchmark_client] Sending sample transaction 600
[2026-09-10T03:42:22.783Z INFO  benchmark_client] Sending sample transaction 601
[2026-09-10T03:42:22.833Z INFO  benchmark_client] Sending sample transaction 602
[2026-09-10T03:42:22.884Z INFO  benchmark_client] Sending sample transaction 603
[2026-09-10T03:42:22.933Z INFO  benchmark_client] Sending sample transaction 604
[2026-09-10T03:42:22.983Z INFO  benchmark_client] Sending sample transaction 605
[2026-09-10T03:42:23.033Z INFO  benchmark_client] Sending sample transaction 606
[2026-09-10T03:42:23.083Z INFO  benchmark_client] Sending sample transaction 607
[2026-09-10T03:42:23.133Z INFO  benchmark_client] Sending sample transaction 608
[2026-09-10T03:42:23.184Z INFO  benchmark_client] Sending sample transaction 609
[2026-09-10T03:42:23.235Z INFO  benchmark_client] Sending sample transaction 610
[2026-09-10T03:42:23.286Z INFO  benchmark_client] Sending sample transaction 611
[2026-09-10T03:42:23.334Z INFO  benchmark_client] Sending sample transaction 612
[2026-09-10T03:42:23.385Z INFO  benchmark_client] Sending sample transaction 613
[2026-09-10T03:42:23.433Z INFO  benchmark_client] Sending sample transaction 614
[2026-09-10T03:42:23.486Z INFO  benchmark_client] Sending sample transaction 615
[2026-09-10T03:42:23.535Z INFO  benchmark_client] Sending sample transaction 616
[2026-09-10T03:42:23.585Z INFO  benchmark_client] Sending sample transaction 617
[2026-09-10T03:42:23.634Z INFO  benchmark_client] Sending sample transaction 618
[2026-09-10T03:42:23.684Z INFO  benchmark_client] Sending sample transaction 619
[2026-09-10T03:42:23.733Z INFO  benchmark_client] Sending sample transaction 620
[2026-09-10T03:42:23.783Z INFO  benchmark_client] Sending sample transaction 621
[2026-09-10T03:42:23.833Z INFO  benchmark_client] Sending sample transaction 622
[2026-09-10T03:42:23.883Z INFO  benchmark_client] Sending sample transaction 623
[2026-09-10T03:42:23.935Z INFO  benchmark_client] Sending sample transaction 624
[2026-09-10T03:42:23.987Z INFO  benchmark_client] Sending sample transaction 625
[2026-09-10T03:42:24.033Z INFO  benchmark_client] Sending sample transaction 626
[2026-09-10T03:42:24.083Z INFO  benchmark_client] Sending sample transaction 627
[2026-09-10T03:42:24.133Z INFO  benchmark_client] Sending sample transaction 628
[2026-09-10T03:42:24.185Z INFO  benchmark_client] Sending sample transaction 629
[2026-09-10T03:42:24.233Z INFO  benchmark_client] Sending sample transaction 630
[2026-09-10T03:42:24.283Z INFO  benchmark_client] Sending sample transaction 631
[2026-09-10T03:42:24.333Z INFO  benchmark_client] Sending sample transaction 632
[2026-09-10T03:42:24.384Z INFO  benchmark_client] Sending sample transaction 633
[2026-09-10T03:42:24.435Z INFO  benchmark_client] Sending sample transaction 634
[2026-09-10T03:42:24.485Z INFO  benchmark_client] Sending sample transaction 635
[2026-09-10T03:42:24.533Z INFO  benchmark_client] Sending sample transaction 636
[2026-09-10T03:42:24.583Z INFO  benchmark_client] Sending sample transaction 637
[2026-09-10T03:42:24.633Z INFO  benchmark_client] Sending sample transaction 638
[2026-09-10T03:42:24.684Z INFO  benchmark_client] Sending sample transaction 639
[2026-09-10T03:42:24.734Z INFO  benchmark_client] Sending sample transaction 640
[2026-09-10T03:42:24.784Z INFO  benchmark_client] Sending sample transaction 641
[2026-09-10T03:42:24.833Z INFO  benchmark_client] Sending sample transaction 642
[2026-09-10T03:42:24.883Z INFO  benchmark_client] Sending sample transaction 643
[2026-09-10T03:42:24.934Z INFO  benchmark_client] Sending sample transaction 644
[2026-09-10T03:42:24.983Z INFO  benchmark_client] Sending sample transaction 645
[2026-09-10T03:42:25.033Z INFO  benchmark_client] Sending sample transaction 646
[2026-09-10T03:42:25.083Z INFO  benchmark_client] Sending sample transaction 647
[2026-09-10T03:42:25.135Z INFO  benchmark_client] Sending sample transaction 648
[2026-09-10T03:42:25.185Z INFO  benchmark_client] Sending sample transaction 649
[2026-09-10T03:42:25.237Z INFO  benchmark_client] Sending sample transaction 650
[2026-09-10T03:42:25.285Z INFO  benchmark_client] Sending sample transaction 651
[2026-09-10T03:42:25.338Z INFO  benchmark_client] Sending sample transaction 652
[2026-09-10T03:42:25.385Z INFO  benchmark_client] Sending sample transaction 653
[2026-09-10T03:42:25.433Z INFO  benchmark_client] Sending sample transaction 654
[2026-09-10T03:42:25.488Z INFO  benchmark_client] Sending sample transaction 655
[2026-09-10T03:42:25.534Z INFO  benchmark_client] Sending sample transaction 656
[2026-09-10T03:42:25.585Z INFO  benchmark_client] Sending sample transaction 657
[2026-09-10T03:42:25.637Z INFO  benchmark_client] Sending sample transaction 658
[2026-09-10T03:42:25.684Z INFO  benchmark_client] Sending sample transaction 659
[2026-09-10T03:42:25.735Z INFO  benchmark_client] Sending sample transaction 660
[2026-09-10T03:42:25.783Z INFO  benchmark_client] Sending sample transaction 661
[2026-09-10T03:42:25.834Z INFO  benchmark_client] Sending sample transaction 662
[2026-09-10T03:42:25.883Z INFO  benchmark_client] Sending sample transaction 663
[2026-09-10T03:42:25.934Z INFO  benchmark_client] Sending sample transaction 664
[2026-09-10T03:42:25.984Z INFO  benchmark_client] Sending sample transaction 665
[2026-09-10T03:42:26.033Z INFO  benchmark_client] Sending sample transaction 666
[2026-09-10T03:42:26.083Z INFO  benchmark_client] Sending sample transaction 667
[2026-09-10T03:42:26.133Z INFO  benchmark_client] Sending sample transaction 668
[2026-09-10T03:42:26.184Z INFO  benchmark_client] Sending sample transaction 669
[2026-09-10T03:42:26.233Z INFO  benchmark_client] Sending sample transaction 670
[2026-09-10T03:42:26.284Z INFO  benchmark_client] Sending sample transaction 671
[2026-09-10T03:42:26.333Z INFO  benchmark_client] Sending sample transaction 672
[2026-09-10T03:42:26.383Z INFO  benchmark_client] Sending sample transaction 673
[2026-09-10T03:42:26.435Z INFO  benchmark_client] Sending sample transaction 674
[2026-09-10T03:42:26.483Z INFO  benchmark_client] Sending sample transaction 675
[2026-09-10T03:42:26.533Z INFO  benchmark_client] Sending sample transaction 676
[2026-09-10T03:42:26.584Z INFO  benchmark_client] Sending sample transaction 677
[2026-09-10T03:42:26.634Z INFO  benchmark_client] Sending sample transaction 678
[2026-09-10T03:42:26.684Z INFO  benchmark_client] Sending sample transaction 679
[2026-09-10T03:42:26.733Z INFO  benchmark_client] Sending sample transaction 680
[2026-09-10T03:42:26.784Z INFO  benchmark_client] Sending sample transaction 681
[2026-09-10T03:42:26.833Z INFO  benchmark_client] Sending sample transaction 682
[2026-09-10T03:42:26.883Z INFO  benchmark_client] Sending sample transaction 683
[2026-09-10T03:42:26.934Z INFO  benchmark_client] Sending sample transaction 684
[2026-09-10T03:42:26.983Z INFO  benchmark_client] Sending sample transaction 685
[2026-09-10T03:42:27.034Z INFO  benchmark_client] Sending sample transaction 686
[2026-09-10T03:42:27.084Z INFO  benchmark_client] Sending sample transaction 687
[2026-09-10T03:42:27.133Z INFO  benchmark_client] Sending sample transaction 688
[2026-09-10T03:42:27.184Z INFO  benchmark_client] Sending sample transaction 689
[2026-09-10T03:42:27.234Z INFO  benchmark_client] Sending sample transaction 690
[2026-09-10T03:42:27.284Z INFO  benchmark_client] Sending sample transaction 691
[2026-09-10T03:42:27.333Z INFO  benchmark_client] Sending sample transaction 692
[2026-09-10T03:42:27.384Z INFO  benchmark_client] Sending sample transaction 693
[2026-09-10T03:42:27.436Z INFO  benchmark_client] Sending sample transaction 694
[2026-09-10T03:42:27.483Z INFO  benchmark_client] Sending sample transaction 695
[2026-09-10T03:42:27.534Z INFO  benchmark_client] Sending sample transaction 696
[2026-09-10T03:42:27.583Z INFO  benchmark_client] Sending sample transaction 697
[2026-09-10T03:42:27.634Z INFO  benchmark_client] Sending sample transaction 698
[2026-09-10T03:42:27.684Z INFO  benchmark_client] Sending sample transaction 699
[2026-09-10T03:42:27.733Z INFO  benchmark_client] Sending sample transaction 700
[2026-09-10T03:42:27.783Z INFO  benchmark_client] Sending sample transaction 701
[2026-09-10T03:42:27.834Z INFO  benchmark_client] Sending sample transaction 702
[2026-09-10T03:42:27.883Z INFO  benchmark_client] Sending sample transaction 703
[2026-09-10T03:42:27.935Z INFO  benchmark_client] Sending sample transaction 704
[2026-09-10T03:42:27.983Z INFO  benchmark_client] Sending sample transaction 705
[2026-09-10T03:42:28.033Z INFO  benchmark_client] Sending sample transaction 706
[2026-09-10T03:42:28.085Z INFO  benchmark_client] Sending sample transaction 707
[2026-09-10T03:42:28.133Z INFO  benchmark_client] Sending sample transaction 708
[2026-09-10T03:42:28.183Z INFO  benchmark_client] Sending sample transaction 709
[2026-09-10T03:42:28.234Z INFO  benchmark_client] Sending sample transaction 710
[2026-09-10T03:42:28.284Z INFO  benchmark_client] Sending sample transaction 711
[2026-09-10T03:42:28.334Z INFO  benchmark_client] Sending sample transaction 712
[2026-09-10T03:42:28.383Z INFO  benchmark_client] Sending sample transaction 713
[2026-09-10T03:42:28.434Z INFO  benchmark_client] Sending sample transaction 714
[2026-09-10T03:42:28.484Z INFO  benchmark_client] Sending sample transaction 715
[2026-09-10T03:42:28.535Z INFO  benchmark_client] Sending sample transaction 716
[2026-09-10T03:42:28.583Z INFO  benchmark_client] Sending sample transaction 717
[2026-09-10T03:42:28.636Z INFO  benchmark_client] Sending sample transaction 718
[2026-09-10T03:42:28.684Z INFO  benchmark_client] Sending sample transaction 719
[2026-09-10T03:42:28.733Z INFO  benchmark_client] Sending sample transaction 720
[2026-09-10T03:42:28.784Z INFO  benchmark_client] Sending sample transaction 721
[2026-09-10T03:42:28.833Z INFO  benchmark_client] Sending sample transaction 722
[2026-09-10T03:42:28.883Z INFO  benchmark_client] Sending sample transaction 723
[2026-09-10T03:42:28.934Z INFO  benchmark_client] Sending sample transaction 724
[2026-09-10T03:42:28.986Z INFO  benchmark_client] Sending sample transaction 725
[2026-09-10T03:42:29.034Z INFO  benchmark_client] Sending sample transaction 726
[2026-09-10T03:42:29.084Z INFO  benchmark_client] Sending sample transaction 727
[2026-09-10T03:42:29.134Z INFO  benchmark_client] Sending sample transaction 728
[2026-09-10T03:42:29.183Z INFO  benchmark_client] Sending sample transaction 729
[2026-09-10T03:42:29.234Z INFO  benchmark_client] Sending sample transaction 730
[2026-09-10T03:42:29.285Z INFO  benchmark_client] Sending sample transaction 731
[2026-09-10T03:42:29.336Z INFO  benchmark_client] Sending sample transaction 732
[2026-09-10T03:42:29.383Z INFO  benchmark_client] Sending sample transaction 733
[2026-09-10T03:42:29.433Z INFO  benchmark_client] Sending sample transaction 734
[2026-09-10T03:42:29.485Z INFO  benchmark_client] Sending sample transaction 735
[2026-09-10T03:42:29.533Z INFO  benchmark_client] Sending sample transaction 736
[2026-09-10T03:42:29.584Z INFO  benchmark_client] Sending sample transaction 737
[2026-09-10T03:42:29.633Z INFO  benchmark_client] Sending sample transaction 738
[2026-09-10T03:42:29.684Z INFO  benchmark_client] Sending sample transaction 739
[2026-09-10T03:42:29.733Z INFO  benchmark_client] Sending sample transaction 740
[2026-09-10T03:42:29.783Z INFO  benchmark_client] Sending sample transaction 741
[2026-09-10T03:42:29.834Z INFO  benchmark_client] Sending sample transaction 742
[2026-09-10T03:42:29.883Z INFO  benchmark_client] Sending sample transaction 743
[2026-09-10T03:42:29.936Z INFO  benchmark_client] Sending sample transaction 744
[2026-09-10T03:42:29.984Z INFO  benchmark_client] Sending sample transaction 745
[2026-09-10T03:42:30.034Z INFO  benchmark_client] Sending sample transaction 746
[2026-09-10T03:42:30.084Z INFO  benchmark_client] Sending sample transaction 747
[2026-09-10T03:42:30.137Z INFO  benchmark_client] Sending sample transaction 748
[2026-09-10T03:42:30.183Z INFO  benchmark_client] Sending sample transaction 749
[2026-09-10T03:42:30.234Z INFO  benchmark_client] Sending sample transaction 750
[2026-09-10T03:42:30.288Z INFO  benchmark_client] Sending sample transaction 751
[2026-09-10T03:42:30.334Z INFO  benchmark_client] Sending sample transaction 752
[2026-09-10T03:42:30.383Z INFO  benchmark_client] Sending sample transaction 753
[2026-09-10T03:42:30.434Z INFO  benchmark_client] Sending sample transaction 754
[2026-09-10T03:42:30.483Z INFO  benchmark_client] Sending sample transaction 755
[2026-09-10T03:42:30.535Z INFO  benchmark_client] Sending sample transaction 756
[2026-09-10T03:42:30.583Z INFO  benchmark_client] Sending sample transaction 757
[2026-09-10T03:42:30.633Z INFO  benchmark_client] Sending sample transaction 758
[2026-09-10T03:42:30.684Z INFO  benchmark_client] Sending sample transaction 759
[2026-09-10T03:42:30.735Z INFO  benchmark_client] Sending sample transaction 760
[2026-09-10T03:42:30.783Z INFO  benchmark_client] Sending sample transaction 761
[2026-09-10T03:42:30.834Z INFO  benchmark_client] Sending sample transaction 762
[2026-09-10T03:42:30.883Z INFO  benchmark_client] Sending sample transaction 763
[2026-09-10T03:42:30.933Z INFO  benchmark_client] Sending sample transaction 764
[2026-09-10T03:42:30.984Z INFO  benchmark_client] Sending sample transaction 765
[2026-09-10T03:42:31.034Z INFO  benchmark_client] Sending sample transaction 766
[2026-09-10T03:42:31.083Z INFO  benchmark_client] Sending sample transaction 767
[2026-09-10T03:42:31.133Z INFO  benchmark_client] Sending sample transaction 768
[2026-09-10T03:42:31.183Z INFO  benchmark_client] Sending sample transaction 769
[2026-09-10T03:42:31.234Z INFO  benchmark_client] Sending sample transaction 770
[2026-09-10T03:42:31.284Z INFO  benchmark_client] Sending sample transaction 771
[2026-09-10T03:42:31.334Z INFO  benchmark_client] Sending sample transaction 772
[2026-09-10T03:42:31.384Z INFO  benchmark_client] Sending sample transaction 773
[2026-09-10T03:42:31.434Z INFO  benchmark_client] Sending sample transaction 774
[2026-09-10T03:42:31.484Z INFO  benchmark_client] Sending sample transaction 775
[2026-09-10T03:42:31.534Z INFO  benchmark_client] Sending sample transaction 776
[2026-09-10T03:42:31.584Z INFO  benchmark_client] Sending sample transaction 777
[2026-09-10T03:42:31.634Z INFO  benchmark_client] Sending sample transaction 778
[2026-09-10T03:42:31.684Z INFO  benchmark_client] Sending sample transaction 779
[2026-09-10T03:42:31.737Z INFO  benchmark_client] Sending sample transaction 780
[2026-09-10T03:42:31.784Z INFO  benchmark_client] Sending sample transaction 781
[2026-09-10T03:42:31.835Z INFO  benchmark_client] Sending sample transaction 782
[2026-09-10T03:42:31.891Z INFO  benchmark_client] Sending sample transaction 783
[2026-09-10T03:42:31.933Z INFO  benchmark_client] Sending sample transaction 784
[2026-09-10T03:42:31.984Z INFO  benchmark_client] Sending sample transaction 785
[2026-09-10T03:42:32.033Z INFO  benchmark_client] Sending sample transaction 786
[2026-09-10T03:42:32.084Z INFO  benchmark_client] Sending sample transaction 787
[2026-09-10T03:42:32.136Z INFO  benchmark_client] Sending sample transaction 788
[2026-09-10T03:42:32.185Z INFO  benchmark_client] Sending sample transaction 789
[2026-09-10T03:42:32.234Z INFO  benchmark_client] Sending sample transaction 790
[2026-09-10T03:42:32.283Z INFO  benchmark_client] Sending sample transaction 791
[2026-09-10T03:42:32.334Z INFO  benchmark_client] Sending sample transaction 792
[2026-09-10T03:42:32.385Z INFO  benchmark_client] Sending sample transaction 793
[2026-09-10T03:42:32.433Z INFO  benchmark_client] Sending sample transaction 794
[2026-09-10T03:42:32.486Z INFO  benchmark_client] Sending sample transaction 795
[2026-09-10T03:42:32.534Z INFO  benchmark_client] Sending sample transaction 796
[2026-09-10T03:42:32.583Z INFO  benchmark_client] Sending sample transaction 797
[2026-09-10T03:42:32.634Z INFO  benchmark_client] Sending sample transaction 798
[2026-09-10T03:42:32.685Z INFO  benchmark_client] Sending sample transaction 799
[2026-09-10T03:42:32.734Z INFO  benchmark_client] Sending sample transaction 800
[2026-09-10T03:42:32.784Z INFO  benchmark_client] Sending sample transaction 801
[2026-09-10T03:42:32.834Z INFO  benchmark_client] Sending sample transaction 802
[2026-09-10T03:42:32.884Z INFO  benchmark_client] Sending sample transaction 803
[2026-09-10T03:42:32.934Z INFO  benchmark_client] Sending sample transaction 804
[2026-09-10T03:42:32.984Z INFO  benchmark_client] Sending sample transaction 805
[2026-09-10T03:42:33.034Z INFO  benchmark_client] Sending sample transaction 806
[2026-09-10T03:42:33.085Z INFO  benchmark_client] Sending sample transaction 807
[2026-09-10T03:42:33.133Z INFO  benchmark_client] Sending sample transaction 808
[2026-09-10T03:42:33.184Z INFO  benchmark_client] Sending sample transaction 809
[2026-09-10T03:42:33.235Z INFO  benchmark_client] Sending sample transaction 810
[2026-09-10T03:42:33.284Z INFO  benchmark_client] Sending sample transaction 811
[2026-09-10T03:42:33.334Z INFO  benchmark_client] Sending sample transaction 812
[2026-09-10T03:42:33.384Z INFO  benchmark_client] Sending sample transaction 813
[2026-09-10T03:42:33.433Z INFO  benchmark_client] Sending sample transaction 814
[2026-09-10T03:42:33.487Z INFO  benchmark_client] Sending sample transaction 815
[2026-09-10T03:42:33.536Z INFO  benchmark_client] Sending sample transaction 816
[2026-09-10T03:42:33.584Z INFO  benchmark_client] Sending sample transaction 817
[2026-09-10T03:42:33.634Z INFO  benchmark_client] Sending sample transaction 818
[2026-09-10T03:42:33.683Z INFO  benchmark_client] Sending sample transaction 819
[2026-09-10T03:42:33.734Z INFO  benchmark_client] Sending sample transaction 820
[2026-09-10T03:42:33.784Z INFO  benchmark_client] Sending sample transaction 821
[2026-09-10T03:42:33.834Z INFO  benchmark_client] Sending sample transaction 822
[2026-09-10T03:42:33.883Z INFO  benchmark_client] Sending sample transaction 823
[2026-09-10T03:42:33.934Z INFO  benchmark_client] Sending sample transaction 824
[2026-09-10T03:42:33.984Z INFO  benchmark_client] Sending sample transaction 825
[2026-09-10T03:42:34.033Z INFO  benchmark_client] Sending sample transaction 826
[2026-09-10T03:42:34.084Z INFO  benchmark_client] Sending sample transaction 827
[2026-09-10T03:42:34.133Z INFO  benchmark_client] Sending sample transaction 828
[2026-09-10T03:42:34.185Z INFO  benchmark_client] Sending sample transaction 829
[2026-09-10T03:42:34.233Z INFO  benchmark_client] Sending sample transaction 830
[2026-09-10T03:42:34.287Z INFO  benchmark_client] Sending sample transaction 831
[2026-09-10T03:42:34.336Z INFO  benchmark_client] Sending sample transaction 832
[2026-09-10T03:42:34.384Z INFO  benchmark_client] Sending sample transaction 833
[2026-09-10T03:42:34.436Z INFO  benchmark_client] Sending sample transaction 834
[2026-09-10T03:42:34.486Z INFO  benchmark_client] Sending sample transaction 835
[2026-09-10T03:42:34.534Z INFO  benchmark_client] Sending sample transaction 836
[2026-09-10T03:42:34.583Z INFO  benchmark_client] Sending sample transaction 837
[2026-09-10T03:42:34.634Z INFO  benchmark_client] Sending sample transaction 838
[2026-09-10T03:42:34.684Z INFO  benchmark_client] Sending sample transaction 839
[2026-09-10T03:42:34.735Z INFO  benchmark_client] Sending sample transaction 840
[2026-09-10T03:42:34.783Z INFO  benchmark_client] Sending sample transaction 841
[2026-09-10T03:42:34.835Z INFO  benchmark_client] Sending sample transaction 842
[2026-09-10T03:42:34.884Z INFO  benchmark_client] Sending sample transaction 843
[2026-09-10T03:42:34.934Z INFO  benchmark_client] Sending sample transaction 844
[2026-09-10T03:42:34.983Z INFO  benchmark_client] Sending sample transaction 845
[2026-09-10T03:42:35.033Z INFO  benchmark_client] Sending sample transaction 846
[2026-09-10T03:42:35.083Z INFO  benchmark_client] Sending sample transaction 847
[2026-09-10T03:42:35.134Z INFO  benchmark_client] Sending sample transaction 848
[2026-09-10T03:42:35.184Z INFO  benchmark_client] Sending sample transaction 849
[2026-09-10T03:42:35.235Z INFO  benchmark_client] Sending sample transaction 850
[2026-09-10T03:42:35.284Z INFO  benchmark_client] Sending sample transaction 851
[2026-09-10T03:42:35.336Z INFO  benchmark_client] Sending sample transaction 852
[2026-09-10T03:42:35.384Z INFO  benchmark_client] Sending sample transaction 853
[2026-09-10T03:42:35.434Z INFO  benchmark_client] Sending sample transaction 854
[2026-09-10T03:42:35.483Z INFO  benchmark_client] Sending sample transaction 855
[2026-09-10T03:42:35.533Z INFO  benchmark_client] Sending sample transaction 856
[2026-09-10T03:42:35.584Z INFO  benchmark_client] Sending sample transaction 857
[2026-09-10T03:42:35.633Z INFO  benchmark_client] Sending sample transaction 858
[2026-09-10T03:42:35.684Z INFO  benchmark_client] Sending sample transaction 859
[2026-09-10T03:42:35.734Z INFO  benchmark_client] Sending sample transaction 860
[2026-09-10T03:42:35.784Z INFO  benchmark_client] Sending sample transaction 861
[2026-09-10T03:42:35.834Z INFO  benchmark_client] Sending sample transaction 862
[2026-09-10T03:42:35.884Z INFO  benchmark_client] Sending sample transaction 863
[2026-09-10T03:42:35.934Z INFO  benchmark_client] Sending sample transaction 864
[2026-09-10T03:42:35.983Z INFO  benchmark_client] Sending sample transaction 865
[2026-09-10T03:42:36.034Z INFO  benchmark_client] Sending sample transaction 866
[2026-09-10T03:42:36.090Z INFO  benchmark_client] Sending sample transaction 867
[2026-09-10T03:42:36.135Z INFO  benchmark_client] Sending sample transaction 868
[2026-09-10T03:42:36.184Z INFO  benchmark_client] Sending sample transaction 869
[2026-09-10T03:42:36.236Z INFO  benchmark_client] Sending sample transaction 870
[2026-09-10T03:42:36.286Z INFO  benchmark_client] Sending sample transaction 871
[2026-09-10T03:42:36.334Z INFO  benchmark_client] Sending sample transaction 872
[2026-09-10T03:42:36.384Z INFO  benchmark_client] Sending sample transaction 873
[2026-09-10T03:42:36.436Z INFO  benchmark_client] Sending sample transaction 874
[2026-09-10T03:42:36.485Z INFO  benchmark_client] Sending sample transaction 875
[2026-09-10T03:42:36.534Z INFO  benchmark_client] Sending sample transaction 876
[2026-09-10T03:42:36.584Z INFO  benchmark_client] Sending sample transaction 877
[2026-09-10T03:42:36.634Z INFO  benchmark_client] Sending sample transaction 878
[2026-09-10T03:42:36.687Z INFO  benchmark_client] Sending sample transaction 879
[2026-09-10T03:42:36.734Z INFO  benchmark_client] Sending sample transaction 880
[2026-09-10T03:42:36.787Z INFO  benchmark_client] Sending sample transaction 881
[2026-09-10T03:42:36.834Z INFO  benchmark_client] Sending sample transaction 882
[2026-09-10T03:42:36.884Z INFO  benchmark_client] Sending sample transaction 883
[2026-09-10T03:42:36.934Z INFO  benchmark_client] Sending sample transaction 884
[2026-09-10T03:42:36.984Z INFO  benchmark_client] Sending sample transaction 885
[2026-09-10T03:42:37.034Z INFO  benchmark_client] Sending sample transaction 886
[2026-09-10T03:42:37.084Z INFO  benchmark_client] Sending sample transaction 887
[2026-09-10T03:42:37.134Z INFO  benchmark_client] Sending sample transaction 888
[2026-09-10T03:42:37.185Z INFO  benchmark_client] Sending sample transaction 889
[2026-09-10T03:42:37.234Z INFO  benchmark_client] Sending sample transaction 890
[2026-09-10T03:42:37.284Z INFO  benchmark_client] Sending sample transaction 891
[2026-09-10T03:42:37.335Z INFO  benchmark_client] Sending sample transaction 892
[2026-09-10T03:42:37.384Z INFO  benchmark_client] Sending sample transaction 893
[2026-09-10T03:42:37.436Z INFO  benchmark_client] Sending sample transaction 894
[2026-09-10T03:42:37.484Z INFO  benchmark_client] Sending sample transaction 895
[2026-09-10T03:42:37.535Z INFO  benchmark_client] Sending sample transaction 896
[2026-09-10T03:42:37.585Z INFO  benchmark_client] Sending sample transaction 897
[2026-09-10T03:42:37.634Z INFO  benchmark_client] Sending sample transaction 898
[2026-09-10T03:42:37.685Z INFO  benchmark_client] Sending sample transaction 899
[2026-09-10T03:42:37.734Z INFO  benchmark_client] Sending sample transaction 900
[2026-09-10T03:42:37.784Z INFO  benchmark_client] Sending sample transaction 901
[2026-09-10T03:42:37.839Z INFO  benchmark_client] Sending sample transaction 902
[2026-09-10T03:42:37.884Z INFO  benchmark_client] Sending sample transaction 903
[2026-09-10T03:42:37.934Z INFO  benchmark_client] Sending sample transaction 904
[2026-09-10T03:42:37.984Z INFO  benchmark_client] Sending sample transaction 905
[2026-09-10T03:42:38.035Z INFO  benchmark_client] Sending sample transaction 906
[2026-09-10T03:42:38.084Z INFO  benchmark_client] Sending sample transaction 907
[2026-09-10T03:42:38.135Z INFO  benchmark_client] Sending sample transaction 908
[2026-09-10T03:42:38.186Z INFO  benchmark_client] Sending sample transaction 909
[2026-09-10T03:42:38.234Z INFO  benchmark_client] Sending sample transaction 910
[2026-09-10T03:42:38.288Z INFO  benchmark_client] Sending sample transaction 911
[2026-09-10T03:42:38.335Z INFO  benchmark_client] Sending sample transaction 912
[2026-09-10T03:42:38.384Z INFO  benchmark_client] Sending sample transaction 913
[2026-09-10T03:42:38.434Z INFO  benchmark_client] Sending sample transaction 914
[2026-09-10T03:42:38.484Z INFO  benchmark_client] Sending sample transaction 915
[2026-09-10T03:42:38.535Z INFO  benchmark_client] Sending sample transaction 916
[2026-09-10T03:42:38.585Z INFO  benchmark_client] Sending sample transaction 917
[2026-09-10T03:42:38.634Z INFO  benchmark_client] Sending sample transaction 918
[2026-09-10T03:42:38.684Z INFO  benchmark_client] Sending sample transaction 919
[2026-09-10T03:42:38.737Z INFO  benchmark_client] Sending sample transaction 920
[2026-09-10T03:42:38.785Z INFO  benchmark_client] Sending sample transaction 921
[2026-09-10T03:42:38.838Z INFO  benchmark_client] Sending sample transaction 922
[2026-09-10T03:42:38.884Z INFO  benchmark_client] Sending sample transaction 923
[2026-09-10T03:42:38.934Z INFO  benchmark_client] Sending sample transaction 924
[2026-09-10T03:42:38.984Z INFO  benchmark_client] Sending sample transaction 925
[2026-09-10T03:42:39.034Z INFO  benchmark_client] Sending sample transaction 926
[2026-09-10T03:42:39.084Z INFO  benchmark_client] Sending sample transaction 927
[2026-09-10T03:42:39.134Z INFO  benchmark_client] Sending sample transaction 928
[2026-09-10T03:42:39.184Z INFO  benchmark_client] Sending sample transaction 929
[2026-09-10T03:42:39.235Z INFO  benchmark_client] Sending sample transaction 930
[2026-09-10T03:42:39.284Z INFO  benchmark_client] Sending sample transaction 931
[2026-09-10T03:42:39.334Z INFO  benchmark_client] Sending sample transaction 932
[2026-09-10T03:42:39.385Z INFO  benchmark_client] Sending sample transaction 933
[2026-09-10T03:42:39.436Z INFO  benchmark_client] Sending sample transaction 934
[2026-09-10T03:42:39.484Z INFO  benchmark_client] Sending sample transaction 935
[2026-09-10T03:42:39.536Z INFO  benchmark_client] Sending sample transaction 936
[2026-09-10T03:42:39.584Z INFO  benchmark_client] Sending sample transaction 937
[2026-09-10T03:42:39.636Z INFO  benchmark_client] Sending sample transaction 938
[2026-09-10T03:42:39.687Z INFO  benchmark_client] Sending sample transaction 939
[2026-09-10T03:42:39.735Z INFO  benchmark_client] Sending sample transaction 940
[2026-09-10T03:42:39.788Z INFO  benchmark_client] Sending sample transaction 941
[2026-09-10T03:42:39.834Z INFO  benchmark_client] Sending sample transaction 942
[2026-09-10T03:42:39.886Z INFO  benchmark_client] Sending sample transaction 943
[2026-09-10T03:42:39.934Z INFO  benchmark_client] Sending sample transaction 944
[2026-09-10T03:42:39.986Z INFO  benchmark_client] Sending sample transaction 945
[2026-09-10T03:42:40.034Z INFO  benchmark_client] Sending sample transaction 946
[2026-09-10T03:42:40.083Z INFO  benchmark_client] Sending sample transaction 947
[2026-09-10T03:42:40.134Z INFO  benchmark_client] Sending sample transaction 948
[2026-09-10T03:42:40.184Z INFO  benchmark_client] Sending sample transaction 949
[2026-09-10T03:42:40.234Z INFO  benchmark_client] Sending sample transaction 950
[2026-09-10T03:42:40.284Z INFO  benchmark_client] Sending sample transaction 951
[2026-09-10T03:42:40.334Z INFO  benchmark_client] Sending sample transaction 952
[2026-09-10T03:42:40.384Z INFO  benchmark_client] Sending sample transaction 953
[2026-09-10T03:42:40.434Z INFO  benchmark_client] Sending sample transaction 954
[2026-09-10T03:42:40.484Z INFO  benchmark_client] Sending sample transaction 955
[2026-09-10T03:42:40.534Z INFO  benchmark_client] Sending sample transaction 956
[2026-09-10T03:42:40.584Z INFO  benchmark_client] Sending sample transaction 957
[2026-09-10T03:42:40.636Z INFO  benchmark_client] Sending sample transaction 958
[2026-09-10T03:42:40.684Z INFO  benchmark_client] Sending sample transaction 959
[2026-09-10T03:42:40.736Z INFO  benchmark_client] Sending sample transaction 960
[2026-09-10T03:42:40.785Z INFO  benchmark_client] Sending sample transaction 961
[2026-09-10T03:42:40.834Z INFO  benchmark_client] Sending sample transaction 962
[2026-09-10T03:42:40.884Z INFO  benchmark_client] Sending sample transaction 963
[2026-09-10T03:42:40.935Z INFO  benchmark_client] Sending sample transaction 964
[2026-09-10T03:42:40.985Z INFO  benchmark_client] Sending sample transaction 965
[2026-09-10T03:42:41.037Z INFO  benchmark_client] Sending sample transaction 966
[2026-09-10T03:42:41.084Z INFO  benchmark_client] Sending sample transaction 967
[2026-09-10T03:42:41.134Z INFO  benchmark_client] Sending sample transaction 968
[2026-09-10T03:42:41.186Z INFO  benchmark_client] Sending sample transaction 969
[2026-09-10T03:42:41.234Z INFO  benchmark_client] Sending sample transaction 970
[2026-09-10T03:42:41.284Z INFO  benchmark_client] Sending sample transaction 971
[2026-09-10T03:42:41.337Z INFO  benchmark_client] Sending sample transaction 972
[2026-09-10T03:42:41.384Z INFO  benchmark_client] Sending sample transaction 973
[2026-09-10T03:42:41.434Z INFO  benchmark_client] Sending sample transaction 974
[2026-09-10T03:42:41.484Z INFO  benchmark_client] Sending sample transaction 975
[2026-09-10T03:42:41.536Z INFO  benchmark_client] Sending sample transaction 976
[2026-09-10T03:42:41.584Z INFO  benchmark_client] Sending sample transaction 977
[2026-09-10T03:42:41.634Z INFO  benchmark_client] Sending sample transaction 978
[2026-09-10T03:42:41.684Z INFO  benchmark_client] Sending sample transaction 979
[2026-09-10T03:42:41.735Z INFO  benchmark_client] Sending sample transaction 980
[2026-09-10T03:42:41.788Z INFO  benchmark_client] Sending sample transaction 981
[2026-09-10T03:42:41.836Z INFO  benchmark_client] Sending sample transaction 982
[2026-09-10T03:42:41.884Z INFO  benchmark_client] Sending sample transaction 983
[2026-09-10T03:42:41.934Z INFO  benchmark_client] Sending sample transaction 984
[2026-09-10T03:42:41.984Z INFO  benchmark_client] Sending sample transaction 985
[2026-09-10T03:42:42.034Z INFO  benchmark_client] Sending sample transaction 986
[2026-09-10T03:42:42.085Z INFO  benchmark_client] Sending sample transaction 987
[2026-09-10T03:42:42.135Z INFO  benchmark_client] Sending sample transaction 988
[2026-09-10T03:42:42.184Z INFO  benchmark_client] Sending sample transaction 989
[2026-09-10T03:42:42.238Z INFO  benchmark_client] Sending sample transaction 990
[2026-09-10T03:42:42.284Z INFO  benchmark_client] Sending sample transaction 991
[2026-09-10T03:42:42.334Z INFO  benchmark_client] Sending sample transaction 992
[2026-09-10T03:42:42.384Z INFO  benchmark_client] Sending sample transaction 993
[2026-09-10T03:42:42.435Z INFO  benchmark_client] Sending sample transaction 994
[2026-09-10T03:42:42.486Z INFO  benchmark_client] Sending sample transaction 995
[2026-09-10T03:42:42.534Z INFO  benchmark_client] Sending sample transaction 996
[2026-09-10T03:42:42.584Z INFO  benchmark_client] Sending sample transaction 997
[2026-09-10T03:42:42.636Z INFO  benchmark_client] Sending sample transaction 998
[2026-09-10T03:42:42.684Z INFO  benchmark_client] Sending sample transaction 999
[2026-09-10T03:42:42.734Z INFO  benchmark_client] Sending sample transaction 1000
[2026-09-10T03:42:42.784Z INFO  benchmark_client] Sending sample transaction 1001
[2026-09-10T03:42:42.835Z INFO  benchmark_client] Sending sample transaction 1002
[2026-09-10T03:42:42.884Z INFO  benchmark_client] Sending sample transaction 1003
[2026-09-10T03:42:42.934Z INFO  benchmark_client] Sending sample transaction 1004
[2026-09-10T03:42:42.988Z INFO  benchmark_client] Sending sample transaction 1005
[2026-09-10T03:42:43.034Z INFO  benchmark_client] Sending sample transaction 1006
[2026-09-10T03:42:43.084Z INFO  benchmark_client] Sending sample transaction 1007
[2026-09-10T03:42:43.136Z INFO  benchmark_client] Sending sample transaction 1008
[2026-09-10T03:42:43.184Z INFO  benchmark_client] Sending sample transaction 1009
[2026-09-10T03:42:43.236Z INFO  benchmark_client] Sending sample transaction 1010
[2026-09-10T03:42:43.284Z INFO  benchmark_client] Sending sample transaction 1011
[2026-09-10T03:42:43.334Z INFO  benchmark_client] Sending sample transaction 1012
[2026-09-10T03:42:43.385Z INFO  benchmark_client] Sending sample transaction 1013
[2026-09-10T03:42:43.434Z INFO  benchmark_client] Sending sample transaction 1014
[2026-09-10T03:42:43.484Z INFO  benchmark_client] Sending sample transaction 1015
[2026-09-10T03:42:43.534Z INFO  benchmark_client] Sending sample transaction 1016
[2026-09-10T03:42:43.584Z INFO  benchmark_client] Sending sample transaction 1017
[2026-09-10T03:42:43.636Z INFO  benchmark_client] Sending sample transaction 1018
[2026-09-10T03:42:43.685Z INFO  benchmark_client] Sending sample transaction 1019
[2026-09-10T03:42:43.734Z INFO  benchmark_client] Sending sample transaction 1020
[2026-09-10T03:42:43.784Z INFO  benchmark_client] Sending sample transaction 1021
[2026-09-10T03:42:43.834Z INFO  benchmark_client] Sending sample transaction 1022
[2026-09-10T03:42:43.885Z INFO  benchmark_client] Sending sample transaction 1023
[2026-09-10T03:42:43.935Z INFO  benchmark_client] Sending sample transaction 1024
[2026-09-10T03:42:43.984Z INFO  benchmark_client] Sending sample transaction 1025
[2026-09-10T03:42:44.037Z INFO  benchmark_client] Sending sample transaction 1026
[2026-09-10T03:42:44.086Z INFO  benchmark_client] Sending sample transaction 1027
[2026-09-10T03:42:44.134Z INFO  benchmark_client] Sending sample transaction 1028
[2026-09-10T03:42:44.184Z INFO  benchmark_client] Sending sample transaction 1029
[2026-09-10T03:42:44.234Z INFO  benchmark_client] Sending sample transaction 1030
[2026-09-10T03:42:44.287Z INFO  benchmark_client] Sending sample transaction 1031
[2026-09-10T03:42:44.335Z INFO  benchmark_client] Sending sample transaction 1032
[2026-09-10T03:42:44.384Z INFO  benchmark_client] Sending sample transaction 1033
[2026-09-10T03:42:44.434Z INFO  benchmark_client] Sending sample transaction 1034
[2026-09-10T03:42:44.484Z INFO  benchmark_client] Sending sample transaction 1035
[2026-09-10T03:42:44.538Z INFO  benchmark_client] Sending sample transaction 1036
[2026-09-10T03:42:44.586Z INFO  benchmark_client] Sending sample transaction 1037
[2026-09-10T03:42:44.637Z INFO  benchmark_client] Sending sample transaction 1038
[2026-09-10T03:42:44.684Z INFO  benchmark_client] Sending sample transaction 1039
[2026-09-10T03:42:44.736Z INFO  benchmark_client] Sending sample transaction 1040
[2026-09-10T03:42:44.784Z INFO  benchmark_client] Sending sample transaction 1041
[2026-09-10T03:42:44.835Z INFO  benchmark_client] Sending sample transaction 1042
[2026-09-10T03:42:44.884Z INFO  benchmark_client] Sending sample transaction 1043
[2026-09-10T03:42:44.935Z INFO  benchmark_client] Sending sample transaction 1044
[2026-09-10T03:42:44.984Z INFO  benchmark_client] Sending sample transaction 1045
[2026-09-10T03:42:45.035Z INFO  benchmark_client] Sending sample transaction 1046
[2026-09-10T03:42:45.084Z INFO  benchmark_client] Sending sample transaction 1047
[2026-09-10T03:42:45.136Z INFO  benchmark_client] Sending sample transaction 1048
[2026-09-10T03:42:45.184Z INFO  benchmark_client] Sending sample transaction 1049
[2026-09-10T03:42:45.234Z INFO  benchmark_client] Sending sample transaction 1050
[2026-09-10T03:42:45.284Z INFO  benchmark_client] Sending sample transaction 1051
[2026-09-10T03:42:45.334Z INFO  benchmark_client] Sending sample transaction 1052
[2026-09-10T03:42:45.385Z INFO  benchmark_client] Sending sample transaction 1053
[2026-09-10T03:42:45.437Z INFO  benchmark_client] Sending sample transaction 1054
[2026-09-10T03:42:45.486Z INFO  benchmark_client] Sending sample transaction 1055
[2026-09-10T03:42:45.534Z INFO  benchmark_client] Sending sample transaction 1056
[2026-09-10T03:42:45.584Z INFO  benchmark_client] Sending sample transaction 1057
[2026-09-10T03:42:45.636Z INFO  benchmark_client] Sending sample transaction 1058
[2026-09-10T03:42:45.684Z INFO  benchmark_client] Sending sample transaction 1059
[2026-09-10T03:42:45.735Z INFO  benchmark_client] Sending sample transaction 1060
[2026-09-10T03:42:45.784Z INFO  benchmark_client] Sending sample transaction 1061
[2026-09-10T03:42:45.834Z INFO  benchmark_client] Sending sample transaction 1062
[2026-09-10T03:42:45.884Z INFO  benchmark_client] Sending sample transaction 1063
[2026-09-10T03:42:45.934Z INFO  benchmark_client] Sending sample transaction 1064
[2026-09-10T03:42:45.984Z INFO  benchmark_client] Sending sample transaction 1065
[2026-09-10T03:42:46.035Z INFO  benchmark_client] Sending sample transaction 1066
[2026-09-10T03:42:46.087Z INFO  benchmark_client] Sending sample transaction 1067
[2026-09-10T03:42:46.135Z INFO  benchmark_client] Sending sample transaction 1068
[2026-09-10T03:42:46.184Z INFO  benchmark_client] Sending sample transaction 1069
[2026-09-10T03:42:46.236Z INFO  benchmark_client] Sending sample transaction 1070
[2026-09-10T03:42:46.284Z INFO  benchmark_client] Sending sample transaction 1071
[2026-09-10T03:42:46.335Z INFO  benchmark_client] Sending sample transaction 1072
[2026-09-10T03:42:46.386Z INFO  benchmark_client] Sending sample transaction 1073
[2026-09-10T03:42:46.434Z INFO  benchmark_client] Sending sample transaction 1074
[2026-09-10T03:42:46.485Z INFO  benchmark_client] Sending sample transaction 1075
[2026-09-10T03:42:46.535Z INFO  benchmark_client] Sending sample transaction 1076
[2026-09-10T03:42:46.585Z INFO  benchmark_client] Sending sample transaction 1077
[2026-09-10T03:42:46.635Z INFO  benchmark_client] Sending sample transaction 1078
[2026-09-10T03:42:46.685Z INFO  benchmark_client] Sending sample transaction 1079
[2026-09-10T03:42:46.737Z INFO  benchmark_client] Sending sample transaction 1080
[2026-09-10T03:42:46.786Z INFO  benchmark_client] Sending sample transaction 1081
[2026-09-10T03:42:46.836Z INFO  benchmark_client] Sending sample transaction 1082
[2026-09-10T03:42:46.885Z INFO  benchmark_client] Sending sample transaction 1083
[2026-09-10T03:42:46.934Z INFO  benchmark_client] Sending sample transaction 1084
[2026-09-10T03:42:46.987Z INFO  benchmark_client] Sending sample transaction 1085
[2026-09-10T03:42:47.036Z INFO  benchmark_client] Sending sample transaction 1086
[2026-09-10T03:42:47.085Z INFO  benchmark_client] Sending sample transaction 1087
[2026-09-10T03:42:47.134Z INFO  benchmark_client] Sending sample transaction 1088
[2026-09-10T03:42:47.184Z INFO  benchmark_client] Sending sample transaction 1089
[2026-09-10T03:42:47.235Z INFO  benchmark_client] Sending sample transaction 1090
[2026-09-10T03:42:47.284Z INFO  benchmark_client] Sending sample transaction 1091
[2026-09-10T03:42:47.334Z INFO  benchmark_client] Sending sample transaction 1092
[2026-09-10T03:42:47.385Z INFO  benchmark_client] Sending sample transaction 1093
[2026-09-10T03:42:47.435Z INFO  benchmark_client] Sending sample transaction 1094
[2026-09-10T03:42:47.487Z INFO  benchmark_client] Sending sample transaction 1095
[2026-09-10T03:42:47.538Z INFO  benchmark_client] Sending sample transaction 1096
[2026-09-10T03:42:47.587Z INFO  benchmark_client] Sending sample transaction 1097
[2026-09-10T03:42:47.636Z INFO  benchmark_client] Sending sample transaction 1098
[2026-09-10T03:42:47.684Z INFO  benchmark_client] Sending sample transaction 1099
[2026-09-10T03:42:47.734Z INFO  benchmark_client] Sending sample transaction 1100
[2026-09-10T03:42:47.788Z INFO  benchmark_client] Sending sample transaction 1101
[2026-09-10T03:42:47.834Z INFO  benchmark_client] Sending sample transaction 1102
[2026-09-10T03:42:47.884Z INFO  benchmark_client] Sending sample transaction 1103
[2026-09-10T03:42:47.935Z INFO  benchmark_client] Sending sample transaction 1104
[2026-09-10T03:42:47.984Z INFO  benchmark_client] Sending sample transaction 1105
[2026-09-10T03:42:48.034Z INFO  benchmark_client] Sending sample transaction 1106
[2026-09-10T03:42:48.084Z INFO  benchmark_client] Sending sample transaction 1107
[2026-09-10T03:42:48.134Z INFO  benchmark_client] Sending sample transaction 1108
[2026-09-10T03:42:48.186Z INFO  benchmark_client] Sending sample transaction 1109
[2026-09-10T03:42:48.235Z INFO  benchmark_client] Sending sample transaction 1110
[2026-09-10T03:42:48.284Z INFO  benchmark_client] Sending sample transaction 1111
[2026-09-10T03:42:48.336Z INFO  benchmark_client] Sending sample transaction 1112
[2026-09-10T03:42:48.385Z INFO  benchmark_client] Sending sample transaction 1113
[2026-09-10T03:42:48.436Z INFO  benchmark_client] Sending sample transaction 1114
[2026-09-10T03:42:48.484Z INFO  benchmark_client] Sending sample transaction 1115
[2026-09-10T03:42:48.534Z INFO  benchmark_client] Sending sample transaction 1116
[2026-09-10T03:42:48.588Z INFO  benchmark_client] Sending sample transaction 1117
[2026-09-10T03:42:48.634Z INFO  benchmark_client] Sending sample transaction 1118
[2026-09-10T03:42:48.687Z INFO  benchmark_client] Sending sample transaction 1119
[2026-09-10T03:42:48.734Z INFO  benchmark_client] Sending sample transaction 1120
[2026-09-10T03:42:48.785Z INFO  benchmark_client] Sending sample transaction 1121
[2026-09-10T03:42:48.839Z INFO  benchmark_client] Sending sample transaction 1122
[2026-09-10T03:42:48.884Z INFO  benchmark_client] Sending sample transaction 1123
[2026-09-10T03:42:48.934Z INFO  benchmark_client] Sending sample transaction 1124
[2026-09-10T03:42:48.984Z INFO  benchmark_client] Sending sample transaction 1125
[2026-09-10T03:42:49.035Z INFO  benchmark_client] Sending sample transaction 1126
[2026-09-10T03:42:49.086Z INFO  benchmark_client] Sending sample transaction 1127
[2026-09-10T03:42:49.134Z INFO  benchmark_client] Sending sample transaction 1128
[2026-09-10T03:42:49.184Z INFO  benchmark_client] Sending sample transaction 1129
[2026-09-10T03:42:49.234Z INFO  benchmark_client] Sending sample transaction 1130
[2026-09-10T03:42:49.284Z INFO  benchmark_client] Sending sample transaction 1131
[2026-09-10T03:42:49.336Z INFO  benchmark_client] Sending sample transaction 1132
[2026-09-10T03:42:49.384Z INFO  benchmark_client] Sending sample transaction 1133
[2026-09-10T03:42:49.435Z INFO  benchmark_client] Sending sample transaction 1134
[2026-09-10T03:42:49.484Z INFO  benchmark_client] Sending sample transaction 1135
[2026-09-10T03:42:49.534Z INFO  benchmark_client] Sending sample transaction 1136
[2026-09-10T03:42:49.586Z INFO  benchmark_client] Sending sample transaction 1137
[2026-09-10T03:42:49.637Z INFO  benchmark_client] Sending sample transaction 1138
[2026-09-10T03:42:49.684Z INFO  benchmark_client] Sending sample transaction 1139
[2026-09-10T03:42:49.735Z INFO  benchmark_client] Sending sample transaction 1140
[2026-09-10T03:42:49.787Z INFO  benchmark_client] Sending sample transaction 1141
[2026-09-10T03:42:49.835Z INFO  benchmark_client] Sending sample transaction 1142
[2026-09-10T03:42:49.885Z INFO  benchmark_client] Sending sample transaction 1143
[2026-09-10T03:42:49.934Z INFO  benchmark_client] Sending sample transaction 1144
[2026-09-10T03:42:49.984Z INFO  benchmark_client] Sending sample transaction 1145
[2026-09-10T03:42:50.036Z INFO  benchmark_client] Sending sample transaction 1146
[2026-09-10T03:42:50.085Z INFO  benchmark_client] Sending sample transaction 1147
[2026-09-10T03:42:50.135Z INFO  benchmark_client] Sending sample transaction 1148
[2026-09-10T03:42:50.185Z INFO  benchmark_client] Sending sample transaction 1149
[2026-09-10T03:42:50.234Z INFO  benchmark_client] Sending sample transaction 1150
[2026-09-10T03:42:50.287Z INFO  benchmark_client] Sending sample transaction 1151
[2026-09-10T03:42:50.334Z INFO  benchmark_client] Sending sample transaction 1152
[2026-09-10T03:42:50.384Z INFO  benchmark_client] Sending sample transaction 1153
[2026-09-10T03:42:50.436Z INFO  benchmark_client] Sending sample transaction 1154
[2026-09-10T03:42:50.485Z INFO  benchmark_client] Sending sample transaction 1155
[2026-09-10T03:42:50.535Z INFO  benchmark_client] Sending sample transaction 1156
[2026-09-10T03:42:50.585Z INFO  benchmark_client] Sending sample transaction 1157
[2026-09-10T03:42:50.635Z INFO  benchmark_client] Sending sample transaction 1158
[2026-09-10T03:42:50.687Z INFO  benchmark_client] Sending sample transaction 1159
[2026-09-10T03:42:50.735Z INFO  benchmark_client] Sending sample transaction 1160
[2026-09-10T03:42:50.786Z INFO  benchmark_client] Sending sample transaction 1161
[2026-09-10T03:42:50.835Z INFO  benchmark_client] Sending sample transaction 1162
[2026-09-10T03:42:50.886Z INFO  benchmark_client] Sending sample transaction 1163
[2026-09-10T03:42:50.936Z INFO  benchmark_client] Sending sample transaction 1164
[2026-09-10T03:42:50.984Z INFO  benchmark_client] Sending sample transaction 1165
[2026-09-10T03:42:51.040Z INFO  benchmark_client] Sending sample transaction 1166
[2026-09-10T03:42:51.085Z INFO  benchmark_client] Sending sample transaction 1167
[2026-09-10T03:42:51.135Z INFO  benchmark_client] Sending sample transaction 1168
[2026-09-10T03:42:51.184Z INFO  benchmark_client] Sending sample transaction 1169
[2026-09-10T03:42:51.235Z INFO  benchmark_client] Sending sample transaction 1170
[2026-09-10T03:42:51.284Z INFO  benchmark_client] Sending sample transaction 1171
[2026-09-10T03:42:51.335Z INFO  benchmark_client] Sending sample transaction 1172
[2026-09-10T03:42:51.385Z INFO  benchmark_client] Sending sample transaction 1173
[2026-09-10T03:42:51.435Z INFO  benchmark_client] Sending sample transaction 1174
[2026-09-10T03:42:51.484Z INFO  benchmark_client] Sending sample transaction 1175
[2026-09-10T03:42:51.534Z INFO  benchmark_client] Sending sample transaction 1176
[2026-09-10T03:42:51.586Z INFO  benchmark_client] Sending sample transaction 1177
[2026-09-10T03:42:51.634Z INFO  benchmark_client] Sending sample transaction 1178
[2026-09-10T03:42:51.685Z INFO  benchmark_client] Sending sample transaction 1179
[2026-09-10T03:42:51.734Z INFO  benchmark_client] Sending sample transaction 1180
[2026-09-10T03:42:51.785Z INFO  benchmark_client] Sending sample transaction 1181
[2026-09-10T03:42:51.838Z INFO  benchmark_client] Sending sample transaction 1182
[2026-09-10T03:42:51.884Z INFO  benchmark_client] Sending sample transaction 1183
[2026-09-10T03:42:51.935Z INFO  benchmark_client] Sending sample transaction 1184
[2026-09-10T03:42:51.984Z INFO  benchmark_client] Sending sample transaction 1185
[2026-09-10T03:42:52.034Z INFO  benchmark_client] Sending sample transaction 1186
[2026-09-10T03:42:52.085Z INFO  benchmark_client] Sending sample transaction 1187
[2026-09-10T03:42:52.137Z INFO  benchmark_client] Sending sample transaction 1188
[2026-09-10T03:42:52.186Z INFO  benchmark_client] Sending sample transaction 1189
[2026-09-10T03:42:52.235Z INFO  benchmark_client] Sending sample transaction 1190
[2026-09-10T03:42:52.284Z INFO  benchmark_client] Sending sample transaction 1191
[2026-09-10T03:42:52.335Z INFO  benchmark_client] Sending sample transaction 1192
[2026-09-10T03:42:52.384Z INFO  benchmark_client] Sending sample transaction 1193
