[2026-09-10T03:41:52.032Z INFO  benchmark_client] Node address: 136.66.4.91:5008
[2026-09-10T03:41:52.032Z INFO  benchmark_client] Transactions size: 512 B
[2026-09-10T03:41:52.032Z INFO  benchmark_client] Transactions rate: 12000 tx/s
[2026-09-10T03:41:52.032Z INFO  benchmark_client] Waiting for all nodes to be online...
[2026-09-10T03:41:52.193Z INFO  benchmark_client] Start sending transactions
[2026-09-10T03:41:52.194Z INFO  benchmark_client] Sending sample transaction 0
[2026-09-10T03:41:52.245Z INFO  benchmark_client] Sending sample transaction 1
[2026-09-10T03:41:52.295Z INFO  benchmark_client] Sending sample transaction 2
[2026-09-10T03:41:52.344Z INFO  benchmark_client] Sending sample transaction 3
[2026-09-10T03:41:52.395Z INFO  benchmark_client] Sending sample transaction 4
[2026-09-10T03:41:52.445Z INFO  benchmark_client] Sending sample transaction 5
[2026-09-10T03:41:52.494Z INFO  benchmark_client] Sending sample transaction 6
[2026-09-10T03:41:52.545Z INFO  benchmark_client] Sending sample transaction 7
[2026-09-10T03:41:52.595Z INFO  benchmark_client] Sending sample transaction 8
[2026-09-10T03:41:52.645Z INFO  benchmark_client] Sending sample transaction 9
[2026-09-10T03:41:52.695Z INFO  benchmark_client] Sending sample transaction 10
[2026-09-10T03:41:52.745Z INFO  benchmark_client] Sending sample transaction 11
[2026-09-10T03:41:52.795Z INFO  benchmark_client] Sending sample transaction 12
[2026-09-10T03:41:52.844Z INFO  benchmark_client] Sending sample transaction 13
[2026-09-10T03:41:52.895Z INFO  benchmark_client] Sending sample transaction 14
[2026-09-10T03:41:52.945Z INFO  benchmark_client] Sending sample transaction 15
[2026-09-10T03:41:52.995Z INFO  benchmark_client] Sending sample transaction 16
[2026-09-10T03:41:53.045Z INFO  benchmark_client] Sending sample transaction 17
[2026-09-10T03:41:53.095Z INFO  benchmark_client] Sending sample transaction 18
[2026-09-10T03:41:53.145Z INFO  benchmark_client] Sending sample transaction 19
[2026-09-10T03:41:53.195Z INFO  benchmark_client] Sending sample transaction 20
[2026-09-10T03:41:53.246Z INFO  benchmark_client] Sending sample transaction 21
[2026-09-10T03:41:53.295Z INFO  benchmark_client] Sending sample transaction 22
[2026-09-10T03:41:53.346Z INFO  benchmark_client] Sending sample transaction 23
[2026-09-10T03:41:53.395Z INFO  benchmark_client] Sending sample transaction 24
[2026-09-10T03:41:53.445Z INFO  benchmark_client] Sending sample transaction 25
[2026-09-10T03:41:53.495Z INFO  benchmark_client] Sending sample transaction 26
[2026-09-10T03:41:53.545Z INFO  benchmark_client] Sending sample transaction 27
[2026-09-10T03:41:53.595Z INFO  benchmark_client] Sending sample transaction 28
[2026-09-10T03:41:53.645Z INFO  benchmark_client] Sending sample transaction 29
[2026-09-10T03:41:53.695Z INFO  benchmark_client] Sending sample transaction 30
[2026-09-10T03:41:53.745Z INFO  benchmark_client] Sending sample transaction 31
[2026-09-10T03:41:53.794Z INFO  benchmark_client] Sending sample transaction 32
[2026-09-10T03:41:53.845Z INFO  benchmark_client] Sending sample transaction 33
[2026-09-10T03:41:53.894Z INFO  benchmark_client] Sending sample transaction 34
[2026-09-10T03:41:53.945Z INFO  benchmark_client] Sending sample transaction 35
[2026-09-10T03:41:53.995Z INFO  benchmark_client] Sending sample transaction 36
[2026-09-10T03:41:54.045Z INFO  benchmark_client] Sending sample transaction 37
[2026-09-10T03:41:54.095Z INFO  benchmark_client] Sending sample transaction 38
[2026-09-10T03:41:54.150Z INFO  benchmark_client] Sending sample transaction 39
[2026-09-10T03:41:54.195Z INFO  benchmark_client] Sending sample transaction 40
[2026-09-10T03:41:54.245Z INFO  benchmark_client] Sending sample transaction 41
[2026-09-10T03:41:54.295Z INFO  benchmark_client] Sending sample transaction 42
[2026-09-10T03:41:54.345Z INFO  benchmark_client] Sending sample transaction 43
[2026-09-10T03:41:54.395Z INFO  benchmark_client] Sending sample transaction 44
[2026-09-10T03:41:54.444Z INFO  benchmark_client] Sending sample transaction 45
[2026-09-10T03:41:54.495Z INFO  benchmark_client] Sending sample transaction 46
[2026-09-10T03:41:54.545Z INFO  benchmark_client] Sending sample transaction 47
[2026-09-10T03:41:54.595Z INFO  benchmark_client] Sending sample transaction 48
[2026-09-10T03:41:54.647Z INFO  benchmark_client] Sending sample transaction 49
[2026-09-10T03:41:54.695Z INFO  benchmark_client] Sending sample transaction 50
[2026-09-10T03:41:54.745Z INFO  benchmark_client] Sending sample transaction 51
[2026-09-10T03:41:54.796Z INFO  benchmark_client] Sending sample transaction 52
[2026-09-10T03:41:54.845Z INFO  benchmark_client] Sending sample transaction 53
[2026-09-10T03:41:54.895Z INFO  benchmark_client] Sending sample transaction 54
[2026-09-10T03:41:54.945Z INFO  benchmark_client] Sending sample transaction 55
[2026-09-10T03:41:54.995Z INFO  benchmark_client] Sending sample transaction 56
[2026-09-10T03:41:55.045Z INFO  benchmark_client] Sending sample transaction 57
[2026-09-10T03:41:55.095Z INFO  benchmark_client] Sending sample transaction 58
[2026-09-10T03:41:55.145Z INFO  benchmark_client] Sending sample transaction 59
[2026-09-10T03:41:55.195Z INFO  benchmark_client] Sending sample transaction 60
[2026-09-10T03:41:55.245Z INFO  benchmark_client] Sending sample transaction 61
[2026-09-10T03:41:55.295Z INFO  benchmark_client] Sending sample transaction 62
[2026-09-10T03:41:55.346Z INFO  benchmark_client] Sending sample transaction 63
[2026-09-10T03:41:55.395Z INFO  benchmark_client] Sending sample transaction 64
[2026-09-10T03:41:55.445Z INFO  benchmark_client] Sending sample transaction 65
[2026-09-10T03:41:55.495Z INFO  benchmark_client] Sending sample transaction 66
[2026-09-10T03:41:55.545Z INFO  benchmark_client] Sending sample transaction 67
[2026-09-10T03:41:55.595Z INFO  benchmark_client] Sending sample transaction 68
[2026-09-10T03:41:55.645Z INFO  benchmark_client] Sending sample transaction 69
[2026-09-10T03:41:55.695Z INFO  benchmark_client] Sending sample transaction 70
[2026-09-10T03:41:55.745Z INFO  benchmark_client] Sending sample transaction 71
[2026-09-10T03:41:55.795Z INFO  benchmark_client] Sending sample transaction 72
[2026-09-10T03:41:55.845Z INFO  benchmark_client] Sending sample transaction 73
[2026-09-10T03:41:55.895Z INFO  benchmark_client] Sending sample transaction 74
[2026-09-10T03:41:55.945Z INFO  benchmark_client] Sending sample transaction 75
[2026-09-10T03:41:55.995Z INFO  benchmark_client] Sending sample transaction 76
[2026-09-10T03:41:56.045Z INFO  benchmark_client] Sending sample transaction 77
[2026-09-10T03:41:56.095Z INFO  benchmark_client] Sending sample transaction 78
[2026-09-10T03:41:56.144Z INFO  benchmark_client] Sending sample transaction 79
[2026-09-10T03:41:56.194Z INFO  benchmark_client] Sending sample transaction 80
[2026-09-10T03:41:56.245Z INFO  benchmark_client] Sending sample transaction 81
[2026-09-10T03:41:56.295Z INFO  benchmark_client] Sending sample transaction 82
[2026-09-10T03:41:56.345Z INFO  benchmark_client] Sending sample transaction 83
[2026-09-10T03:41:56.395Z INFO  benchmark_client] Sending sample transaction 84
[2026-09-10T03:41:56.445Z INFO  benchmark_client] Sending sample transaction 85
[2026-09-10T03:41:56.495Z INFO  benchmark_client] Sending sample transaction 86
[2026-09-10T03:41:56.545Z INFO  benchmark_client] Sending sample transaction 87
[2026-09-10T03:41:56.595Z INFO  benchmark_client] Sending sample transaction 88
[2026-09-10T03:41:56.645Z INFO  benchmark_client] Sending sample transaction 89
[2026-09-10T03:41:56.695Z INFO  benchmark_client] Sending sample transaction 90
[2026-09-10T03:41:56.745Z INFO  benchmark_client] Sending sample transaction 91
[2026-09-10T03:41:56.795Z INFO  benchmark_client] Sending sample transaction 92
[2026-09-10T03:41:56.844Z INFO  benchmark_client] Sending sample transaction 93
[2026-09-10T03:41:56.895Z INFO  benchmark_client] Sending sample transaction 94
[2026-09-10T03:41:56.945Z INFO  benchmark_client] Sending sample transaction 95
[2026-09-10T03:41:56.995Z INFO  benchmark_client] Sending sample transaction 96
[2026-09-10T03:41:57.045Z INFO  benchmark_client] Sending sample transaction 97
[2026-09-10T03:41:57.094Z INFO  benchmark_client] Sending sample transaction 98
[2026-09-10T03:41:57.146Z INFO  benchmark_client] Sending sample transaction 99
[2026-09-10T03:41:57.195Z INFO  benchmark_client] Sending sample transaction 100
[2026-09-10T03:41:57.245Z INFO  benchmark_client] Sending sample transaction 101
[2026-09-10T03:41:57.296Z INFO  benchmark_client] Sending sample transaction 102
[2026-09-10T03:41:57.345Z INFO  benchmark_client] Sending sample transaction 103
[2026-09-10T03:41:57.395Z INFO  benchmark_client] Sending sample transaction 104
[2026-09-10T03:41:57.445Z INFO  benchmark_client] Sending sample transaction 105
[2026-09-10T03:41:57.495Z INFO  benchmark_client] Sending sample transaction 106
[2026-09-10T03:41:57.545Z INFO  benchmark_client] Sending sample transaction 107
[2026-09-10T03:41:57.595Z INFO  benchmark_client] Sending sample transaction 108
[2026-09-10T03:41:57.645Z INFO  benchmark_client] Sending sample transaction 109
[2026-09-10T03:41:57.695Z INFO  benchmark_client] Sending sample transaction 110
[2026-09-10T03:41:57.746Z INFO  benchmark_client] Sending sample transaction 111
[2026-09-10T03:41:57.795Z INFO  benchmark_client] Sending sample transaction 112
[2026-09-10T03:41:57.844Z INFO  benchmark_client] Sending sample transaction 113
[2026-09-10T03:41:57.895Z INFO  benchmark_client] Sending sample transaction 114
[2026-09-10T03:41:57.945Z INFO  benchmark_client] Sending sample transaction 115
[2026-09-10T03:41:57.995Z INFO  benchmark_client] Sending sample transaction 116
[2026-09-10T03:41:58.045Z INFO  benchmark_client] Sending sample transaction 117
[2026-09-10T03:41:58.095Z INFO  benchmark_client] Sending sample transaction 118
[2026-09-10T03:41:58.145Z INFO  benchmark_client] Sending sample transaction 119
[2026-09-10T03:41:58.195Z INFO  benchmark_client] Sending sample transaction 120
[2026-09-10T03:41:58.244Z INFO  benchmark_client] Sending sample transaction 121
[2026-09-10T03:41:58.295Z INFO  benchmark_client] Sending sample transaction 122
[2026-09-10T03:41:58.345Z INFO  benchmark_client] Sending sample transaction 123
[2026-09-10T03:41:58.395Z INFO  benchmark_client] Sending sample transaction 124
[2026-09-10T03:41:58.445Z INFO  benchmark_client] Sending sample transaction 125
[2026-09-10T03:41:58.495Z INFO  benchmark_client] Sending sample transaction 126
[2026-09-10T03:41:58.544Z INFO  benchmark_client] Sending sample transaction 127
[2026-09-10T03:41:58.595Z INFO  benchmark_client] Sending sample transaction 128
[2026-09-10T03:41:58.645Z INFO  benchmark_client] Sending sample transaction 129
[2026-09-10T03:41:58.695Z INFO  benchmark_client] Sending sample transaction 130
[2026-09-10T03:41:58.745Z INFO  benchmark_client] Sending sample transaction 131
[2026-09-10T03:41:58.795Z INFO  benchmark_client] Sending sample transaction 132
[2026-09-10T03:41:58.845Z INFO  benchmark_client] Sending sample transaction 133
[2026-09-10T03:41:58.895Z INFO  benchmark_client] Sending sample transaction 134
[2026-09-10T03:41:58.944Z INFO  benchmark_client] Sending sample transaction 135
[2026-09-10T03:41:58.995Z INFO  benchmark_client] Sending sample transaction 136
[2026-09-10T03:41:59.045Z INFO  benchmark_client] Sending sample transaction 137
[2026-09-10T03:41:59.094Z INFO  benchmark_client] Sending sample transaction 138
[2026-09-10T03:41:59.145Z INFO  benchmark_client] Sending sample transaction 139
[2026-09-10T03:41:59.195Z INFO  benchmark_client] Sending sample transaction 140
[2026-09-10T03:41:59.245Z INFO  benchmark_client] Sending sample transaction 141
[2026-09-10T03:41:59.295Z INFO  benchmark_client] Sending sample transaction 142
[2026-09-10T03:41:59.345Z INFO  benchmark_client] Sending sample transaction 143
[2026-09-10T03:41:59.395Z INFO  benchmark_client] Sending sample transaction 144
[2026-09-10T03:41:59.444Z INFO  benchmark_client] Sending sample transaction 145
[2026-09-10T03:41:59.495Z INFO  benchmark_client] Sending sample transaction 146
[2026-09-10T03:41:59.545Z INFO  benchmark_client] Sending sample transaction 147
[2026-09-10T03:41:59.596Z INFO  benchmark_client] Sending sample transaction 148
[2026-09-10T03:41:59.645Z INFO  benchmark_client] Sending sample transaction 149
[2026-09-10T03:41:59.694Z INFO  benchmark_client] Sending sample transaction 150
[2026-09-10T03:41:59.745Z INFO  benchmark_client] Sending sample transaction 151
[2026-09-10T03:41:59.795Z INFO  benchmark_client] Sending sample transaction 152
[2026-09-10T03:41:59.845Z INFO  benchmark_client] Sending sample transaction 153
[2026-09-10T03:41:59.895Z INFO  benchmark_client] Sending sample transaction 154
[2026-09-10T03:41:59.945Z INFO  benchmark_client] Sending sample transaction 155
[2026-09-10T03:41:59.995Z INFO  benchmark_client] Sending sample transaction 156
[2026-09-10T03:42:00.044Z INFO  benchmark_client] Sending sample transaction 157
[2026-09-10T03:42:00.095Z INFO  benchmark_client] Sending sample transaction 158
[2026-09-10T03:42:00.145Z INFO  benchmark_client] Sending sample transaction 159
[2026-09-10T03:42:00.195Z INFO  benchmark_client] Sending sample transaction 160
[2026-09-10T03:42:00.245Z INFO  benchmark_client] Sending sample transaction 161
[2026-09-10T03:42:00.297Z INFO  benchmark_client] Sending sample transaction 162
[2026-09-10T03:42:00.345Z INFO  benchmark_client] Sending sample transaction 163
[2026-09-10T03:42:00.394Z INFO  benchmark_client] Sending sample transaction 164
[2026-09-10T03:42:00.447Z INFO  benchmark_client] Sending sample transaction 165
[2026-09-10T03:42:00.495Z INFO  benchmark_client] Sending sample transaction 166
[2026-09-10T03:42:00.545Z INFO  benchmark_client] Sending sample transaction 167
[2026-09-10T03:42:00.595Z INFO  benchmark_client] Sending sample transaction 168
[2026-09-10T03:42:00.645Z INFO  benchmark_client] Sending sample transaction 169
[2026-09-10T03:42:00.695Z INFO  benchmark_client] Sending sample transaction 170
[2026-09-10T03:42:00.745Z INFO  benchmark_client] Sending sample transaction 171
[2026-09-10T03:42:00.795Z INFO  benchmark_client] Sending sample transaction 172
[2026-09-10T03:42:00.845Z INFO  benchmark_client] Sending sample transaction 173
[2026-09-10T03:42:00.895Z INFO  benchmark_client] Sending sample transaction 174
[2026-09-10T03:42:00.945Z INFO  benchmark_client] Sending sample transaction 175
[2026-09-10T03:42:00.995Z INFO  benchmark_client] Sending sample transaction 176
[2026-09-10T03:42:01.045Z INFO  benchmark_client] Sending sample transaction 177
[2026-09-10T03:42:01.095Z INFO  benchmark_client] Sending sample transaction 178
[2026-09-10T03:42:01.145Z INFO  benchmark_client] Sending sample transaction 179
[2026-09-10T03:42:01.195Z INFO  benchmark_client] Sending sample transaction 180
[2026-09-10T03:42:01.245Z INFO  benchmark_client] Sending sample transaction 181
[2026-09-10T03:42:01.295Z INFO  benchmark_client] Sending sample transaction 182
[2026-09-10T03:42:01.345Z INFO  benchmark_client] Sending sample transaction 183
[2026-09-10T03:42:01.399Z INFO  benchmark_client] Sending sample transaction 184
[2026-09-10T03:42:01.445Z INFO  benchmark_client] Sending sample transaction 185
[2026-09-10T03:42:01.495Z INFO  benchmark_client] Sending sample transaction 186
[2026-09-10T03:42:01.545Z INFO  benchmark_client] Sending sample transaction 187
[2026-09-10T03:42:01.595Z INFO  benchmark_client] Sending sample transaction 188
[2026-09-10T03:42:01.645Z INFO  benchmark_client] Sending sample transaction 189
[2026-09-10T03:42:01.696Z INFO  benchmark_client] Sending sample transaction 190
[2026-09-10T03:42:01.747Z INFO  benchmark_client] Sending sample transaction 191
[2026-09-10T03:42:01.797Z INFO  benchmark_client] Sending sample transaction 192
[2026-09-10T03:42:01.845Z INFO  benchmark_client] Sending sample transaction 193
[2026-09-10T03:42:01.895Z INFO  benchmark_client] Sending sample transaction 194
[2026-09-10T03:42:01.945Z INFO  benchmark_client] Sending sample transaction 195
[2026-09-10T03:42:01.995Z INFO  benchmark_client] Sending sample transaction 196
[2026-09-10T03:42:02.045Z INFO  benchmark_client] Sending sample transaction 197
[2026-09-10T03:42:02.095Z INFO  benchmark_client] Sending sample transaction 198
[2026-09-10T03:42:02.145Z INFO  benchmark_client] Sending sample transaction 199
[2026-09-10T03:42:02.195Z INFO  benchmark_client] Sending sample transaction 200
[2026-09-10T03:42:02.245Z INFO  benchmark_client] Sending sample transaction 201
[2026-09-10T03:42:02.294Z INFO  benchmark_client] Sending sample transaction 202
[2026-09-10T03:42:02.345Z INFO  benchmark_client] Sending sample transaction 203
[2026-09-10T03:42:02.395Z INFO  benchmark_client] Sending sample transaction 204
[2026-09-10T03:42:02.445Z INFO  benchmark_client] Sending sample transaction 205
[2026-09-10T03:42:02.495Z INFO  benchmark_client] Sending sample transaction 206
[2026-09-10T03:42:02.545Z INFO  benchmark_client] Sending sample transaction 207
[2026-09-10T03:42:02.595Z INFO  benchmark_client] Sending sample transaction 208
[2026-09-10T03:42:02.645Z INFO  benchmark_client] Sending sample transaction 209
[2026-09-10T03:42:02.695Z INFO  benchmark_client] Sending sample transaction 210
[2026-09-10T03:42:02.745Z INFO  benchmark_client] Sending sample transaction 211
[2026-09-10T03:42:02.795Z INFO  benchmark_client] Sending sample transaction 212
[2026-09-10T03:42:02.845Z INFO  benchmark_client] Sending sample transaction 213
[2026-09-10T03:42:02.895Z INFO  benchmark_client] Sending sample transaction 214
[2026-09-10T03:42:02.946Z INFO  benchmark_client] Sending sample transaction 215
[2026-09-10T03:42:02.995Z INFO  benchmark_client] Sending sample transaction 216
[2026-09-10T03:42:03.045Z INFO  benchmark_client] Sending sample transaction 217
[2026-09-10T03:42:03.095Z INFO  benchmark_client] Sending sample transaction 218
[2026-09-10T03:42:03.144Z INFO  benchmark_client] Sending sample transaction 219
[2026-09-10T03:42:03.195Z INFO  benchmark_client] Sending sample transaction 220
[2026-09-10T03:42:03.245Z INFO  benchmark_client] Sending sample transaction 221
[2026-09-10T03:42:03.295Z INFO  benchmark_client] Sending sample transaction 222
[2026-09-10T03:42:03.345Z INFO  benchmark_client] Sending sample transaction 223
[2026-09-10T03:42:03.395Z INFO  benchmark_client] Sending sample transaction 224
[2026-09-10T03:42:03.445Z INFO  benchmark_client] Sending sample transaction 225
[2026-09-10T03:42:03.495Z INFO  benchmark_client] Sending sample transaction 226
[2026-09-10T03:42:03.546Z INFO  benchmark_client] Sending sample transaction 227
[2026-09-10T03:42:03.595Z INFO  benchmark_client] Sending sample transaction 228
[2026-09-10T03:42:03.645Z INFO  benchmark_client] Sending sample transaction 229
[2026-09-10T03:42:03.695Z INFO  benchmark_client] Sending sample transaction 230
[2026-09-10T03:42:03.745Z INFO  benchmark_client] Sending sample transaction 231
[2026-09-10T03:42:03.795Z INFO  benchmark_client] Sending sample transaction 232
[2026-09-10T03:42:03.845Z INFO  benchmark_client] Sending sample transaction 233
[2026-09-10T03:42:03.895Z INFO  benchmark_client] Sending sample transaction 234
[2026-09-10T03:42:03.945Z INFO  benchmark_client] Sending sample transaction 235
[2026-09-10T03:42:03.995Z INFO  benchmark_client] Sending sample transaction 236
[2026-09-10T03:42:04.045Z INFO  benchmark_client] Sending sample transaction 237
[2026-09-10T03:42:04.095Z INFO  benchmark_client] Sending sample transaction 238
[2026-09-10T03:42:04.145Z INFO  benchmark_client] Sending sample transaction 239
[2026-09-10T03:42:04.195Z INFO  benchmark_client] Sending sample transaction 240
[2026-09-10T03:42:04.246Z INFO  benchmark_client] Sending sample transaction 241
[2026-09-10T03:42:04.295Z INFO  benchmark_client] Sending sample transaction 242
[2026-09-10T03:42:04.345Z INFO  benchmark_client] Sending sample transaction 243
[2026-09-10T03:42:04.395Z INFO  benchmark_client] Sending sample transaction 244
[2026-09-10T03:42:04.445Z INFO  benchmark_client] Sending sample transaction 245
[2026-09-10T03:42:04.495Z INFO  benchmark_client] Sending sample transaction 246
[2026-09-10T03:42:04.545Z INFO  benchmark_client] Sending sample transaction 247
[2026-09-10T03:42:04.595Z INFO  benchmark_client] Sending sample transaction 248
[2026-09-10T03:42:04.645Z INFO  benchmark_client] Sending sample transaction 249
[2026-09-10T03:42:04.695Z INFO  benchmark_client] Sending sample transaction 250
[2026-09-10T03:42:04.745Z INFO  benchmark_client] Sending sample transaction 251
[2026-09-10T03:42:04.795Z INFO  benchmark_client] Sending sample transaction 252
[2026-09-10T03:42:04.845Z INFO  benchmark_client] Sending sample transaction 253
[2026-09-10T03:42:04.895Z INFO  benchmark_client] Sending sample transaction 254
[2026-09-10T03:42:04.945Z INFO  benchmark_client] Sending sample transaction 255
[2026-09-10T03:42:04.994Z INFO  benchmark_client] Sending sample transaction 256
[2026-09-10T03:42:05.045Z INFO  benchmark_client] Sending sample transaction 257
[2026-09-10T03:42:05.095Z INFO  benchmark_client] Sending sample transaction 258
[2026-09-10T03:42:05.145Z INFO  benchmark_client] Sending sample transaction 259
[2026-09-10T03:42:05.195Z INFO  benchmark_client] Sending sample transaction 260
[2026-09-10T03:42:05.245Z INFO  benchmark_client] Sending sample transaction 261
[2026-09-10T03:42:05.295Z INFO  benchmark_client] Sending sample transaction 262
[2026-09-10T03:42:05.345Z INFO  benchmark_client] Sending sample transaction 263
[2026-09-10T03:42:05.395Z INFO  benchmark_client] Sending sample transaction 264
[2026-09-10T03:42:05.445Z INFO  benchmark_client] Sending sample transaction 265
[2026-09-10T03:42:05.495Z INFO  benchmark_client] Sending sample transaction 266
[2026-09-10T03:42:05.545Z INFO  benchmark_client] Sending sample transaction 267
[2026-09-10T03:42:05.595Z INFO  benchmark_client] Sending sample transaction 268
[2026-09-10T03:42:05.645Z INFO  benchmark_client] Sending sample transaction 269
[2026-09-10T03:42:05.695Z INFO  benchmark_client] Sending sample transaction 270
[2026-09-10T03:42:05.745Z INFO  benchmark_client] Sending sample transaction 271
[2026-09-10T03:42:05.795Z INFO  benchmark_client] Sending sample transaction 272
[2026-09-10T03:42:05.845Z INFO  benchmark_client] Sending sample transaction 273
[2026-09-10T03:42:05.895Z INFO  benchmark_client] Sending sample transaction 274
[2026-09-10T03:42:05.947Z INFO  benchmark_client] Sending sample transaction 275
[2026-09-10T03:42:05.995Z INFO  benchmark_client] Sending sample transaction 276
[2026-09-10T03:42:06.045Z INFO  benchmark_client] Sending sample transaction 277
[2026-09-10T03:42:06.099Z INFO  benchmark_client] Sending sample transaction 278
[2026-09-10T03:42:06.145Z INFO  benchmark_client] Sending sample transaction 279
[2026-09-10T03:42:06.195Z INFO  benchmark_client] Sending sample transaction 280
[2026-09-10T03:42:06.246Z INFO  benchmark_client] Sending sample transaction 281
[2026-09-10T03:42:06.295Z INFO  benchmark_client] Sending sample transaction 282
[2026-09-10T03:42:06.345Z INFO  benchmark_client] Sending sample transaction 283
[2026-09-10T03:42:06.395Z INFO  benchmark_client] Sending sample transaction 284
[2026-09-10T03:42:06.446Z INFO  benchmark_client] Sending sample transaction 285
[2026-09-10T03:42:06.495Z INFO  benchmark_client] Sending sample transaction 286
[2026-09-10T03:42:06.545Z INFO  benchmark_client] Sending sample transaction 287
[2026-09-10T03:42:06.596Z INFO  benchmark_client] Sending sample transaction 288
[2026-09-10T03:42:06.646Z INFO  benchmark_client] Sending sample transaction 289
[2026-09-10T03:42:06.695Z INFO  benchmark_client] Sending sample transaction 290
[2026-09-10T03:42:06.747Z INFO  benchmark_client] Sending sample transaction 291
[2026-09-10T03:42:06.795Z INFO  benchmark_client] Sending sample transaction 292
[2026-09-10T03:42:06.845Z INFO  benchmark_client] Sending sample transaction 293
[2026-09-10T03:42:06.895Z INFO  benchmark_client] Sending sample transaction 294
[2026-09-10T03:42:06.945Z INFO  benchmark_client] Sending sample transaction 295
[2026-09-10T03:42:06.995Z INFO  benchmark_client] Sending sample transaction 296
[2026-09-10T03:42:07.045Z INFO  benchmark_client] Sending sample transaction 297
[2026-09-10T03:42:07.095Z INFO  benchmark_client] Sending sample transaction 298
[2026-09-10T03:42:07.145Z INFO  benchmark_client] Sending sample transaction 299
[2026-09-10T03:42:07.195Z INFO  benchmark_client] Sending sample transaction 300
[2026-09-10T03:42:07.245Z INFO  benchmark_client] Sending sample transaction 301
[2026-09-10T03:42:07.295Z INFO  benchmark_client] Sending sample transaction 302
[2026-09-10T03:42:07.345Z INFO  benchmark_client] Sending sample transaction 303
[2026-09-10T03:42:07.396Z INFO  benchmark_client] Sending sample transaction 304
[2026-09-10T03:42:07.445Z INFO  benchmark_client] Sending sample transaction 305
[2026-09-10T03:42:07.495Z INFO  benchmark_client] Sending sample transaction 306
[2026-09-10T03:42:07.545Z INFO  benchmark_client] Sending sample transaction 307
[2026-09-10T03:42:07.595Z INFO  benchmark_client] Sending sample transaction 308
[2026-09-10T03:42:07.645Z INFO  benchmark_client] Sending sample transaction 309
[2026-09-10T03:42:07.695Z INFO  benchmark_client] Sending sample transaction 310
[2026-09-10T03:42:07.745Z INFO  benchmark_client] Sending sample transaction 311
[2026-09-10T03:42:07.795Z INFO  benchmark_client] Sending sample transaction 312
[2026-09-10T03:42:07.845Z INFO  benchmark_client] Sending sample transaction 313
[2026-09-10T03:42:07.895Z INFO  benchmark_client] Sending sample transaction 314
[2026-09-10T03:42:07.945Z INFO  benchmark_client] Sending sample transaction 315
[2026-09-10T03:42:07.995Z INFO  benchmark_client] Sending sample transaction 316
[2026-09-10T03:42:08.045Z INFO  benchmark_client] Sending sample transaction 317
[2026-09-10T03:42:08.095Z INFO  benchmark_client] Sending sample transaction 318
[2026-09-10T03:42:08.145Z INFO  benchmark_client] Sending sample transaction 319
[2026-09-10T03:42:08.195Z INFO  benchmark_client] Sending sample transaction 320
[2026-09-10T03:42:08.245Z INFO  benchmark_client] Sending sample transaction 321
[2026-09-10T03:42:08.295Z INFO  benchmark_client] Sending sample transaction 322
[2026-09-10T03:42:08.345Z INFO  benchmark_client] Sending sample transaction 323
[2026-09-10T03:42:08.396Z INFO  benchmark_client] Sending sample transaction 324
[2026-09-10T03:42:08.445Z INFO  benchmark_client] Sending sample transaction 325
[2026-09-10T03:42:08.495Z INFO  benchmark_client] Sending sample transaction 326
[2026-09-10T03:42:08.546Z INFO  benchmark_client] Sending sample transaction 327
[2026-09-10T03:42:08.595Z INFO  benchmark_client] Sending sample transaction 328
[2026-09-10T03:42:08.646Z INFO  benchmark_client] Sending sample transaction 329
[2026-09-10T03:42:08.695Z INFO  benchmark_client] Sending sample transaction 330
[2026-09-10T03:42:08.745Z INFO  benchmark_client] Sending sample transaction 331
[2026-09-10T03:42:08.795Z INFO  benchmark_client] Sending sample transaction 332
[2026-09-10T03:42:08.845Z INFO  benchmark_client] Sending sample transaction 333
[2026-09-10T03:42:08.896Z INFO  benchmark_client] Sending sample transaction 334
[2026-09-10T03:42:08.945Z INFO  benchmark_client] Sending sample transaction 335
[2026-09-10T03:42:08.995Z INFO  benchmark_client] Sending sample transaction 336
[2026-09-10T03:42:09.045Z INFO  benchmark_client] Sending sample transaction 337
[2026-09-10T03:42:09.095Z INFO  benchmark_client] Sending sample transaction 338
[2026-09-10T03:42:09.145Z INFO  benchmark_client] Sending sample transaction 339
[2026-09-10T03:42:09.195Z INFO  benchmark_client] Sending sample transaction 340
[2026-09-10T03:42:09.245Z INFO  benchmark_client] Sending sample transaction 341
[2026-09-10T03:42:09.296Z INFO  benchmark_client] Sending sample transaction 342
[2026-09-10T03:42:09.345Z INFO  benchmark_client] Sending sample transaction 343
[2026-09-10T03:42:09.395Z INFO  benchmark_client] Sending sample transaction 344
[2026-09-10T03:42:09.445Z INFO  benchmark_client] Sending sample transaction 345
[2026-09-10T03:42:09.495Z INFO  benchmark_client] Sending sample transaction 346
[2026-09-10T03:42:09.545Z INFO  benchmark_client] Sending sample transaction 347
[2026-09-10T03:42:09.595Z INFO  benchmark_client] Sending sample transaction 348
[2026-09-10T03:42:09.645Z INFO  benchmark_client] Sending sample transaction 349
[2026-09-10T03:42:09.695Z INFO  benchmark_client] Sending sample transaction 350
[2026-09-10T03:42:09.746Z INFO  benchmark_client] Sending sample transaction 351
[2026-09-10T03:42:09.795Z INFO  benchmark_client] Sending sample transaction 352
[2026-09-10T03:42:09.845Z INFO  benchmark_client] Sending sample transaction 353
[2026-09-10T03:42:09.895Z INFO  benchmark_client] Sending sample transaction 354
[2026-09-10T03:42:09.947Z INFO  benchmark_client] Sending sample transaction 355
[2026-09-10T03:42:09.995Z INFO  benchmark_client] Sending sample transaction 356
[2026-09-10T03:42:10.045Z INFO  benchmark_client] Sending sample transaction 357
[2026-09-10T03:42:10.096Z INFO  benchmark_client] Sending sample transaction 358
[2026-09-10T03:42:10.145Z INFO  benchmark_client] Sending sample transaction 359
[2026-09-10T03:42:10.195Z INFO  benchmark_client] Sending sample transaction 360
[2026-09-10T03:42:10.246Z INFO  benchmark_client] Sending sample transaction 361
[2026-09-10T03:42:10.296Z INFO  benchmark_client] Sending sample transaction 362
[2026-09-10T03:42:10.346Z INFO  benchmark_client] Sending sample transaction 363
[2026-09-10T03:42:10.395Z INFO  benchmark_client] Sending sample transaction 364
[2026-09-10T03:42:10.445Z INFO  benchmark_client] Sending sample transaction 365
[2026-09-10T03:42:10.499Z INFO  benchmark_client] Sending sample transaction 366
[2026-09-10T03:42:10.545Z INFO  benchmark_client] Sending sample transaction 367
[2026-09-10T03:42:10.595Z INFO  benchmark_client] Sending sample transaction 368
[2026-09-10T03:42:10.646Z INFO  benchmark_client] Sending sample transaction 369
[2026-09-10T03:42:10.696Z INFO  benchmark_client] Sending sample transaction 370
[2026-09-10T03:42:10.746Z INFO  benchmark_client] Sending sample transaction 371
[2026-09-10T03:42:10.796Z INFO  benchmark_client] Sending sample transaction 372
[2026-09-10T03:42:10.846Z INFO  benchmark_client] Sending sample transaction 373
[2026-09-10T03:42:10.895Z INFO  benchmark_client] Sending sample transaction 374
[2026-09-10T03:42:10.945Z INFO  benchmark_client] Sending sample transaction 375
[2026-09-10T03:42:10.996Z INFO  benchmark_client] Sending sample transaction 376
[2026-09-10T03:42:11.046Z INFO  benchmark_client] Sending sample transaction 377
[2026-09-10T03:42:11.096Z INFO  benchmark_client] Sending sample transaction 378
[2026-09-10T03:42:11.146Z INFO  benchmark_client] Sending sample transaction 379
[2026-09-10T03:42:11.197Z INFO  benchmark_client] Sending sample transaction 380
[2026-09-10T03:42:11.248Z INFO  benchmark_client] Sending sample transaction 381
[2026-09-10T03:42:11.295Z INFO  benchmark_client] Sending sample transaction 382
[2026-09-10T03:42:11.345Z INFO  benchmark_client] Sending sample transaction 383
[2026-09-10T03:42:11.395Z INFO  benchmark_client] Sending sample transaction 384
[2026-09-10T03:42:11.446Z INFO  benchmark_client] Sending sample transaction 385
[2026-09-10T03:42:11.495Z INFO  benchmark_client] Sending sample transaction 386
[2026-09-10T03:42:11.546Z INFO  benchmark_client] Sending sample transaction 387
[2026-09-10T03:42:11.595Z INFO  benchmark_client] Sending sample transaction 388
[2026-09-10T03:42:11.646Z INFO  benchmark_client] Sending sample transaction 389
[2026-09-10T03:42:11.695Z INFO  benchmark_client] Sending sample transaction 390
[2026-09-10T03:42:11.745Z INFO  benchmark_client] Sending sample transaction 391
[2026-09-10T03:42:11.795Z INFO  benchmark_client] Sending sample transaction 392
[2026-09-10T03:42:11.845Z INFO  benchmark_client] Sending sample transaction 393
[2026-09-10T03:42:11.895Z INFO  benchmark_client] Sending sample transaction 394
[2026-09-10T03:42:11.945Z INFO  benchmark_client] Sending sample transaction 395
[2026-09-10T03:42:11.995Z INFO  benchmark_client] Sending sample transaction 396
[2026-09-10T03:42:12.045Z INFO  benchmark_client] Sending sample transaction 397
[2026-09-10T03:42:12.095Z INFO  benchmark_client] Sending sample transaction 398
[2026-09-10T03:42:12.145Z INFO  benchmark_client] Sending sample transaction 399
[2026-09-10T03:42:12.195Z INFO  benchmark_client] Sending sample transaction 400
[2026-09-10T03:42:12.245Z INFO  benchmark_client] Sending sample transaction 401
[2026-09-10T03:42:12.295Z INFO  benchmark_client] Sending sample transaction 402
[2026-09-10T03:42:12.345Z INFO  benchmark_client] Sending sample transaction 403
[2026-09-10T03:42:12.395Z INFO  benchmark_client] Sending sample transaction 404
[2026-09-10T03:42:12.445Z INFO  benchmark_client] Sending sample transaction 405
[2026-09-10T03:42:12.495Z INFO  benchmark_client] Sending sample transaction 406
[2026-09-10T03:42:12.545Z INFO  benchmark_client] Sending sample transaction 407
[2026-09-10T03:42:12.595Z INFO  benchmark_client] Sending sample transaction 408
[2026-09-10T03:42:12.645Z INFO  benchmark_client] Sending sample transaction 409
[2026-09-10T03:42:12.695Z INFO  benchmark_client] Sending sample transaction 410
[2026-09-10T03:42:12.745Z INFO  benchmark_client] Sending sample transaction 411
[2026-09-10T03:42:12.795Z INFO  benchmark_client] Sending sample transaction 412
[2026-09-10T03:42:12.845Z INFO  benchmark_client] Sending sample transaction 413
[2026-09-10T03:42:12.895Z INFO  benchmark_client] Sending sample transaction 414
[2026-09-10T03:42:12.945Z INFO  benchmark_client] Sending sample transaction 415
[2026-09-10T03:42:12.995Z INFO  benchmark_client] Sending sample transaction 416
[2026-09-10T03:42:13.045Z INFO  benchmark_client] Sending sample transaction 417
[2026-09-10T03:42:13.095Z INFO  benchmark_client] Sending sample transaction 418
[2026-09-10T03:42:13.145Z INFO  benchmark_client] Sending sample transaction 419
[2026-09-10T03:42:13.196Z INFO  benchmark_client] Sending sample transaction 420
[2026-09-10T03:42:13.245Z INFO  benchmark_client] Sending sample transaction 421
[2026-09-10T03:42:13.295Z INFO  benchmark_client] Sending sample transaction 422
[2026-09-10T03:42:13.346Z INFO  benchmark_client] Sending sample transaction 423
[2026-09-10T03:42:13.396Z INFO  benchmark_client] Sending sample transaction 424
[2026-09-10T03:42:13.446Z INFO  benchmark_client] Sending sample transaction 425
[2026-09-10T03:42:13.496Z INFO  benchmark_client] Sending sample transaction 426
[2026-09-10T03:42:13.546Z INFO  benchmark_client] Sending sample transaction 427
[2026-09-10T03:42:13.595Z INFO  benchmark_client] Sending sample transaction 428
[2026-09-10T03:42:13.645Z INFO  benchmark_client] Sending sample transaction 429
[2026-09-10T03:42:13.695Z INFO  benchmark_client] Sending sample transaction 430
[2026-09-10T03:42:13.745Z INFO  benchmark_client] Sending sample transaction 431
[2026-09-10T03:42:13.795Z INFO  benchmark_client] Sending sample transaction 432
[2026-09-10T03:42:13.845Z INFO  benchmark_client] Sending sample transaction 433
[2026-09-10T03:42:13.896Z INFO  benchmark_client] Sending sample transaction 434
[2026-09-10T03:42:13.945Z INFO  benchmark_client] Sending sample transaction 435
[2026-09-10T03:42:13.995Z INFO  benchmark_client] Sending sample transaction 436
[2026-09-10T03:42:14.045Z INFO  benchmark_client] Sending sample transaction 437
[2026-09-10T03:42:14.096Z INFO  benchmark_client] Sending sample transaction 438
[2026-09-10T03:42:14.146Z INFO  benchmark_client] Sending sample transaction 439
[2026-09-10T03:42:14.196Z INFO  benchmark_client] Sending sample transaction 440
[2026-09-10T03:42:14.245Z INFO  benchmark_client] Sending sample transaction 441
[2026-09-10T03:42:14.297Z INFO  benchmark_client] Sending sample transaction 442
[2026-09-10T03:42:14.345Z INFO  benchmark_client] Sending sample transaction 443
[2026-09-10T03:42:14.396Z INFO  benchmark_client] Sending sample transaction 444
[2026-09-10T03:42:14.445Z INFO  benchmark_client] Sending sample transaction 445
[2026-09-10T03:42:14.495Z INFO  benchmark_client] Sending sample transaction 446
[2026-09-10T03:42:14.546Z INFO  benchmark_client] Sending sample transaction 447
[2026-09-10T03:42:14.595Z INFO  benchmark_client] Sending sample transaction 448
[2026-09-10T03:42:14.645Z INFO  benchmark_client] Sending sample transaction 449
[2026-09-10T03:42:14.696Z INFO  benchmark_client] Sending sample transaction 450
[2026-09-10T03:42:14.745Z INFO  benchmark_client] Sending sample transaction 451
[2026-09-10T03:42:14.796Z INFO  benchmark_client] Sending sample transaction 452
[2026-09-10T03:42:14.845Z INFO  benchmark_client] Sending sample transaction 453
[2026-09-10T03:42:14.896Z INFO  benchmark_client] Sending sample transaction 454
[2026-09-10T03:42:14.945Z INFO  benchmark_client] Sending sample transaction 455
[2026-09-10T03:42:14.996Z INFO  benchmark_client] Sending sample transaction 456
[2026-09-10T03:42:15.048Z INFO  benchmark_client] Sending sample transaction 457
[2026-09-10T03:42:15.096Z INFO  benchmark_client] Sending sample transaction 458
[2026-09-10T03:42:15.145Z INFO  benchmark_client] Sending sample transaction 459
[2026-09-10T03:42:15.196Z INFO  benchmark_client] Sending sample transaction 460
[2026-09-10T03:42:15.246Z INFO  benchmark_client] Sending sample transaction 461
[2026-09-10T03:42:15.296Z INFO  benchmark_client] Sending sample transaction 462
[2026-09-10T03:42:15.346Z INFO  benchmark_client] Sending sample transaction 463
[2026-09-10T03:42:15.395Z INFO  benchmark_client] Sending sample transaction 464
[2026-09-10T03:42:15.446Z INFO  benchmark_client] Sending sample transaction 465
[2026-09-10T03:42:15.495Z INFO  benchmark_client] Sending sample transaction 466
[2026-09-10T03:42:15.545Z INFO  benchmark_client] Sending sample transaction 467
[2026-09-10T03:42:15.596Z INFO  benchmark_client] Sending sample transaction 468
[2026-09-10T03:42:15.646Z INFO  benchmark_client] Sending sample transaction 469
[2026-09-10T03:42:15.695Z INFO  benchmark_client] Sending sample transaction 470
[2026-09-10T03:42:15.745Z INFO  benchmark_client] Sending sample transaction 471
[2026-09-10T03:42:15.795Z INFO  benchmark_client] Sending sample transaction 472
[2026-09-10T03:42:15.845Z INFO  benchmark_client] Sending sample transaction 473
[2026-09-10T03:42:15.895Z INFO  benchmark_client] Sending sample transaction 474
[2026-09-10T03:42:15.946Z INFO  benchmark_client] Sending sample transaction 475
[2026-09-10T03:42:15.998Z INFO  benchmark_client] Sending sample transaction 476
[2026-09-10T03:42:16.045Z INFO  benchmark_client] Sending sample transaction 477
[2026-09-10T03:42:16.095Z INFO  benchmark_client] Sending sample transaction 478
[2026-09-10T03:42:16.146Z INFO  benchmark_client] Sending sample transaction 479
[2026-09-10T03:42:16.195Z INFO  benchmark_client] Sending sample transaction 480
[2026-09-10T03:42:16.245Z INFO  benchmark_client] Sending sample transaction 481
[2026-09-10T03:42:16.296Z INFO  benchmark_client] Sending sample transaction 482
[2026-09-10T03:42:16.346Z INFO  benchmark_client] Sending sample transaction 483
[2026-09-10T03:42:16.395Z INFO  benchmark_client] Sending sample transaction 484
[2026-09-10T03:42:16.446Z INFO  benchmark_client] Sending sample transaction 485
[2026-09-10T03:42:16.495Z INFO  benchmark_client] Sending sample transaction 486
[2026-09-10T03:42:16.546Z INFO  benchmark_client] Sending sample transaction 487
[2026-09-10T03:42:16.596Z INFO  benchmark_client] Sending sample transaction 488
[2026-09-10T03:42:16.645Z INFO  benchmark_client] Sending sample transaction 489
[2026-09-10T03:42:16.695Z INFO  benchmark_client] Sending sample transaction 490
[2026-09-10T03:42:16.745Z INFO  benchmark_client] Sending sample transaction 491
[2026-09-10T03:42:16.796Z INFO  benchmark_client] Sending sample transaction 492
[2026-09-10T03:42:16.845Z INFO  benchmark_client] Sending sample transaction 493
[2026-09-10T03:42:16.895Z INFO  benchmark_client] Sending sample transaction 494
[2026-09-10T03:42:16.945Z INFO  benchmark_client] Sending sample transaction 495
[2026-09-10T03:42:16.996Z INFO  benchmark_client] Sending sample transaction 496
[2026-09-10T03:42:17.046Z INFO  benchmark_client] Sending sample transaction 497
[2026-09-10T03:42:17.095Z INFO  benchmark_client] Sending sample transaction 498
[2026-09-10T03:42:17.145Z INFO  benchmark_client] Sending sample transaction 499
[2026-09-10T03:42:17.195Z INFO  benchmark_client] Sending sample transaction 500
[2026-09-10T03:42:17.245Z INFO  benchmark_client] Sending sample transaction 501
[2026-09-10T03:42:17.296Z INFO  benchmark_client] Sending sample transaction 502
[2026-09-10T03:42:17.345Z INFO  benchmark_client] Sending sample transaction 503
[2026-09-10T03:42:17.396Z INFO  benchmark_client] Sending sample transaction 504
[2026-09-10T03:42:17.448Z INFO  benchmark_client] Sending sample transaction 505
[2026-09-10T03:42:17.495Z INFO  benchmark_client] Sending sample transaction 506
[2026-09-10T03:42:17.545Z INFO  benchmark_client] Sending sample transaction 507
[2026-09-10T03:42:17.595Z INFO  benchmark_client] Sending sample transaction 508
[2026-09-10T03:42:17.645Z INFO  benchmark_client] Sending sample transaction 509
[2026-09-10T03:42:17.695Z INFO  benchmark_client] Sending sample transaction 510
[2026-09-10T03:42:17.745Z INFO  benchmark_client] Sending sample transaction 511
[2026-09-10T03:42:17.796Z INFO  benchmark_client] Sending sample transaction 512
[2026-09-10T03:42:17.845Z INFO  benchmark_client] Sending sample transaction 513
[2026-09-10T03:42:17.895Z INFO  benchmark_client] Sending sample transaction 514
[2026-09-10T03:42:17.945Z INFO  benchmark_client] Sending sample transaction 515
[2026-09-10T03:42:17.996Z INFO  benchmark_client] Sending sample transaction 516
[2026-09-10T03:42:18.046Z INFO  benchmark_client] Sending sample transaction 517
[2026-09-10T03:42:18.095Z INFO  benchmark_client] Sending sample transaction 518
[2026-09-10T03:42:18.145Z INFO  benchmark_client] Sending sample transaction 519
[2026-09-10T03:42:18.195Z INFO  benchmark_client] Sending sample transaction 520
[2026-09-10T03:42:18.245Z INFO  benchmark_client] Sending sample transaction 521
[2026-09-10T03:42:18.296Z INFO  benchmark_client] Sending sample transaction 522
[2026-09-10T03:42:18.345Z INFO  benchmark_client] Sending sample transaction 523
[2026-09-10T03:42:18.396Z INFO  benchmark_client] Sending sample transaction 524
[2026-09-10T03:42:18.445Z INFO  benchmark_client] Sending sample transaction 525
[2026-09-10T03:42:18.497Z INFO  benchmark_client] Sending sample transaction 526
[2026-09-10T03:42:18.546Z INFO  benchmark_client] Sending sample transaction 527
[2026-09-10T03:42:18.599Z INFO  benchmark_client] Sending sample transaction 528
[2026-09-10T03:42:18.645Z INFO  benchmark_client] Sending sample transaction 529
[2026-09-10T03:42:18.696Z INFO  benchmark_client] Sending sample transaction 530
[2026-09-10T03:42:18.749Z INFO  benchmark_client] Sending sample transaction 531
[2026-09-10T03:42:18.795Z INFO  benchmark_client] Sending sample transaction 532
[2026-09-10T03:42:18.846Z INFO  benchmark_client] Sending sample transaction 533
[2026-09-10T03:42:18.896Z INFO  benchmark_client] Sending sample transaction 534
[2026-09-10T03:42:18.946Z INFO  benchmark_client] Sending sample transaction 535
[2026-09-10T03:42:18.996Z INFO  benchmark_client] Sending sample transaction 536
[2026-09-10T03:42:19.046Z INFO  benchmark_client] Sending sample transaction 537
[2026-09-10T03:42:19.096Z INFO  benchmark_client] Sending sample transaction 538
[2026-09-10T03:42:19.146Z INFO  benchmark_client] Sending sample transaction 539
[2026-09-10T03:42:19.197Z INFO  benchmark_client] Sending sample transaction 540
[2026-09-10T03:42:19.247Z INFO  benchmark_client] Sending sample transaction 541
[2026-09-10T03:42:19.296Z INFO  benchmark_client] Sending sample transaction 542
[2026-09-10T03:42:19.346Z INFO  benchmark_client] Sending sample transaction 543
[2026-09-10T03:42:19.396Z INFO  benchmark_client] Sending sample transaction 544
[2026-09-10T03:42:19.448Z INFO  benchmark_client] Sending sample transaction 545
[2026-09-10T03:42:19.496Z INFO  benchmark_client] Sending sample transaction 546
[2026-09-10T03:42:19.547Z INFO  benchmark_client] Sending sample transaction 547
[2026-09-10T03:42:19.596Z INFO  benchmark_client] Sending sample transaction 548
[2026-09-10T03:42:19.649Z INFO  benchmark_client] Sending sample transaction 549
[2026-09-10T03:42:19.695Z INFO  benchmark_client] Sending sample transaction 550
[2026-09-10T03:42:19.746Z INFO  benchmark_client] Sending sample transaction 551
[2026-09-10T03:42:19.796Z INFO  benchmark_client] Sending sample transaction 552
[2026-09-10T03:42:19.846Z INFO  benchmark_client] Sending sample transaction 553
[2026-09-10T03:42:19.896Z INFO  benchmark_client] Sending sample transaction 554
[2026-09-10T03:42:19.945Z INFO  benchmark_client] Sending sample transaction 555
[2026-09-10T03:42:19.995Z INFO  benchmark_client] Sending sample transaction 556
[2026-09-10T03:42:20.045Z INFO  benchmark_client] Sending sample transaction 557
[2026-09-10T03:42:20.096Z INFO  benchmark_client] Sending sample transaction 558
[2026-09-10T03:42:20.146Z INFO  benchmark_client] Sending sample transaction 559
[2026-09-10T03:42:20.196Z INFO  benchmark_client] Sending sample transaction 560
[2026-09-10T03:42:20.246Z INFO  benchmark_client] Sending sample transaction 561
[2026-09-10T03:42:20.295Z INFO  benchmark_client] Sending sample transaction 562
[2026-09-10T03:42:20.345Z INFO  benchmark_client] Sending sample transaction 563
[2026-09-10T03:42:20.398Z INFO  benchmark_client] Sending sample transaction 564
[2026-09-10T03:42:20.446Z INFO  benchmark_client] Sending sample transaction 565
[2026-09-10T03:42:20.496Z INFO  benchmark_client] Sending sample transaction 566
[2026-09-10T03:42:20.546Z INFO  benchmark_client] Sending sample transaction 567
[2026-09-10T03:42:20.596Z INFO  benchmark_client] Sending sample transaction 568
[2026-09-10T03:42:20.647Z INFO  benchmark_client] Sending sample transaction 569
[2026-09-10T03:42:20.695Z INFO  benchmark_client] Sending sample transaction 570
[2026-09-10T03:42:20.745Z INFO  benchmark_client] Sending sample transaction 571
[2026-09-10T03:42:20.796Z INFO  benchmark_client] Sending sample transaction 572
[2026-09-10T03:42:20.845Z INFO  benchmark_client] Sending sample transaction 573
[2026-09-10T03:42:20.895Z INFO  benchmark_client] Sending sample transaction 574
[2026-09-10T03:42:20.946Z INFO  benchmark_client] Sending sample transaction 575
[2026-09-10T03:42:20.996Z INFO  benchmark_client] Sending sample transaction 576
[2026-09-10T03:42:21.045Z INFO  benchmark_client] Sending sample transaction 577
[2026-09-10T03:42:21.095Z INFO  benchmark_client] Sending sample transaction 578
[2026-09-10T03:42:21.146Z INFO  benchmark_client] Sending sample transaction 579
[2026-09-10T03:42:21.195Z INFO  benchmark_client] Sending sample transaction 580
[2026-09-10T03:42:21.245Z INFO  benchmark_client] Sending sample transaction 581
[2026-09-10T03:42:21.295Z INFO  benchmark_client] Sending sample transaction 582
[2026-09-10T03:42:21.346Z INFO  benchmark_client] Sending sample transaction 583
[2026-09-10T03:42:21.395Z INFO  benchmark_client] Sending sample transaction 584
[2026-09-10T03:42:21.445Z INFO  benchmark_client] Sending sample transaction 585
[2026-09-10T03:42:21.495Z INFO  benchmark_client] Sending sample transaction 586
[2026-09-10T03:42:21.545Z INFO  benchmark_client] Sending sample transaction 587
[2026-09-10T03:42:21.595Z INFO  benchmark_client] Sending sample transaction 588
[2026-09-10T03:42:21.645Z INFO  benchmark_client] Sending sample transaction 589
[2026-09-10T03:42:21.696Z INFO  benchmark_client] Sending sample transaction 590
[2026-09-10T03:42:21.746Z INFO  benchmark_client] Sending sample transaction 591
[2026-09-10T03:42:21.796Z INFO  benchmark_client] Sending sample transaction 592
[2026-09-10T03:42:21.846Z INFO  benchmark_client] Sending sample transaction 593
[2026-09-10T03:42:21.896Z INFO  benchmark_client] Sending sample transaction 594
[2026-09-10T03:42:21.946Z INFO  benchmark_client] Sending sample transaction 595
[2026-09-10T03:42:21.996Z INFO  benchmark_client] Sending sample transaction 596
[2026-09-10T03:42:22.046Z INFO  benchmark_client] Sending sample transaction 597
[2026-09-10T03:42:22.095Z INFO  benchmark_client] Sending sample transaction 598
[2026-09-10T03:42:22.145Z INFO  benchmark_client] Sending sample transaction 599
[2026-09-10T03:42:22.194Z INFO  benchmark_client] Sending sample transaction 600
[2026-09-10T03:42:22.245Z INFO  benchmark_client] Sending sample transaction 601
[2026-09-10T03:42:22.294Z INFO  benchmark_client] Sending sample transaction 602
[2026-09-10T03:42:22.345Z INFO  benchmark_client] Sending sample transaction 603
[2026-09-10T03:42:22.395Z INFO  benchmark_client] Sending sample transaction 604
[2026-09-10T03:42:22.445Z INFO  benchmark_client] Sending sample transaction 605
[2026-09-10T03:42:22.494Z INFO  benchmark_client] Sending sample transaction 606
[2026-09-10T03:42:22.546Z INFO  benchmark_client] Sending sample transaction 607
[2026-09-10T03:42:22.596Z INFO  benchmark_client] Sending sample transaction 608
[2026-09-10T03:42:22.644Z INFO  benchmark_client] Sending sample transaction 609
[2026-09-10T03:42:22.695Z INFO  benchmark_client] Sending sample transaction 610
[2026-09-10T03:42:22.745Z INFO  benchmark_client] Sending sample transaction 611
[2026-09-10T03:42:22.795Z INFO  benchmark_client] Sending sample transaction 612
[2026-09-10T03:42:22.845Z INFO  benchmark_client] Sending sample transaction 613
[2026-09-10T03:42:22.902Z INFO  benchmark_client] Sending sample transaction 614
[2026-09-10T03:42:22.945Z INFO  benchmark_client] Sending sample transaction 615
[2026-09-10T03:42:22.995Z INFO  benchmark_client] Sending sample transaction 616
[2026-09-10T03:42:23.045Z INFO  benchmark_client] Sending sample transaction 617
[2026-09-10T03:42:23.095Z INFO  benchmark_client] Sending sample transaction 618
[2026-09-10T03:42:23.145Z INFO  benchmark_client] Sending sample transaction 619
[2026-09-10T03:42:23.196Z INFO  benchmark_client] Sending sample transaction 620
[2026-09-10T03:42:23.245Z INFO  benchmark_client] Sending sample transaction 621
[2026-09-10T03:42:23.295Z INFO  benchmark_client] Sending sample transaction 622
[2026-09-10T03:42:23.347Z INFO  benchmark_client] Sending sample transaction 623
[2026-09-10T03:42:23.395Z INFO  benchmark_client] Sending sample transaction 624
[2026-09-10T03:42:23.444Z INFO  benchmark_client] Sending sample transaction 625
[2026-09-10T03:42:23.498Z INFO  benchmark_client] Sending sample transaction 626
[2026-09-10T03:42:23.545Z INFO  benchmark_client] Sending sample transaction 627
[2026-09-10T03:42:23.597Z INFO  benchmark_client] Sending sample transaction 628
[2026-09-10T03:42:23.645Z INFO  benchmark_client] Sending sample transaction 629
[2026-09-10T03:42:23.697Z INFO  benchmark_client] Sending sample transaction 630
[2026-09-10T03:42:23.745Z INFO  benchmark_client] Sending sample transaction 631
[2026-09-10T03:42:23.795Z INFO  benchmark_client] Sending sample transaction 632
[2026-09-10T03:42:23.846Z INFO  benchmark_client] Sending sample transaction 633
[2026-09-10T03:42:23.895Z INFO  benchmark_client] Sending sample transaction 634
[2026-09-10T03:42:23.945Z INFO  benchmark_client] Sending sample transaction 635
[2026-09-10T03:42:23.995Z INFO  benchmark_client] Sending sample transaction 636
[2026-09-10T03:42:24.045Z INFO  benchmark_client] Sending sample transaction 637
[2026-09-10T03:42:24.099Z INFO  benchmark_client] Sending sample transaction 638
[2026-09-10T03:42:24.145Z INFO  benchmark_client] Sending sample transaction 639
[2026-09-10T03:42:24.195Z INFO  benchmark_client] Sending sample transaction 640
[2026-09-10T03:42:24.245Z INFO  benchmark_client] Sending sample transaction 641
[2026-09-10T03:42:24.295Z INFO  benchmark_client] Sending sample transaction 642
[2026-09-10T03:42:24.345Z INFO  benchmark_client] Sending sample transaction 643
[2026-09-10T03:42:24.395Z INFO  benchmark_client] Sending sample transaction 644
[2026-09-10T03:42:24.446Z INFO  benchmark_client] Sending sample transaction 645
[2026-09-10T03:42:24.495Z INFO  benchmark_client] Sending sample transaction 646
[2026-09-10T03:42:24.545Z INFO  benchmark_client] Sending sample transaction 647
[2026-09-10T03:42:24.595Z INFO  benchmark_client] Sending sample transaction 648
[2026-09-10T03:42:24.647Z INFO  benchmark_client] Sending sample transaction 649
[2026-09-10T03:42:24.695Z INFO  benchmark_client] Sending sample transaction 650
[2026-09-10T03:42:24.745Z INFO  benchmark_client] Sending sample transaction 651
[2026-09-10T03:42:24.795Z INFO  benchmark_client] Sending sample transaction 652
[2026-09-10T03:42:24.845Z INFO  benchmark_client] Sending sample transaction 653
[2026-09-10T03:42:24.895Z INFO  benchmark_client] Sending sample transaction 654
[2026-09-10T03:42:24.946Z INFO  benchmark_client] Sending sample transaction 655
[2026-09-10T03:42:24.994Z INFO  benchmark_client] Sending sample transaction 656
[2026-09-10T03:42:25.047Z INFO  benchmark_client] Sending sample transaction 657
[2026-09-10T03:42:25.095Z INFO  benchmark_client] Sending sample transaction 658
[2026-09-10T03:42:25.145Z INFO  benchmark_client] Sending sample transaction 659
[2026-09-10T03:42:25.198Z INFO  benchmark_client] Sending sample transaction 660
[2026-09-10T03:42:25.245Z INFO  benchmark_client] Sending sample transaction 661
[2026-09-10T03:42:25.295Z INFO  benchmark_client] Sending sample transaction 662
[2026-09-10T03:42:25.345Z INFO  benchmark_client] Sending sample transaction 663
[2026-09-10T03:42:25.395Z INFO  benchmark_client] Sending sample transaction 664
[2026-09-10T03:42:25.445Z INFO  benchmark_client] Sending sample transaction 665
[2026-09-10T03:42:25.495Z INFO  benchmark_client] Sending sample transaction 666
[2026-09-10T03:42:25.545Z INFO  benchmark_client] Sending sample transaction 667
[2026-09-10T03:42:25.595Z INFO  benchmark_client] Sending sample transaction 668
[2026-09-10T03:42:25.645Z INFO  benchmark_client] Sending sample transaction 669
[2026-09-10T03:42:25.695Z INFO  benchmark_client] Sending sample transaction 670
[2026-09-10T03:42:25.745Z INFO  benchmark_client] Sending sample transaction 671
[2026-09-10T03:42:25.795Z INFO  benchmark_client] Sending sample transaction 672
[2026-09-10T03:42:25.845Z INFO  benchmark_client] Sending sample transaction 673
[2026-09-10T03:42:25.895Z INFO  benchmark_client] Sending sample transaction 674
[2026-09-10T03:42:25.945Z INFO  benchmark_client] Sending sample transaction 675
[2026-09-10T03:42:25.995Z INFO  benchmark_client] Sending sample transaction 676
[2026-09-10T03:42:26.045Z INFO  benchmark_client] Sending sample transaction 677
[2026-09-10T03:42:26.095Z INFO  benchmark_client] Sending sample transaction 678
[2026-09-10T03:42:26.145Z INFO  benchmark_client] Sending sample transaction 679
[2026-09-10T03:42:26.195Z INFO  benchmark_client] Sending sample transaction 680
[2026-09-10T03:42:26.245Z INFO  benchmark_client] Sending sample transaction 681
[2026-09-10T03:42:26.295Z INFO  benchmark_client] Sending sample transaction 682
[2026-09-10T03:42:26.345Z INFO  benchmark_client] Sending sample transaction 683
[2026-09-10T03:42:26.395Z INFO  benchmark_client] Sending sample transaction 684
[2026-09-10T03:42:26.444Z INFO  benchmark_client] Sending sample transaction 685
[2026-09-10T03:42:26.495Z INFO  benchmark_client] Sending sample transaction 686
[2026-09-10T03:42:26.545Z INFO  benchmark_client] Sending sample transaction 687
[2026-09-10T03:42:26.595Z INFO  benchmark_client] Sending sample transaction 688
[2026-09-10T03:42:26.645Z INFO  benchmark_client] Sending sample transaction 689
[2026-09-10T03:42:26.695Z INFO  benchmark_client] Sending sample transaction 690
[2026-09-10T03:42:26.745Z INFO  benchmark_client] Sending sample transaction 691
[2026-09-10T03:42:26.795Z INFO  benchmark_client] Sending sample transaction 692
[2026-09-10T03:42:26.845Z INFO  benchmark_client] Sending sample transaction 693
[2026-09-10T03:42:26.895Z INFO  benchmark_client] Sending sample transaction 694
[2026-09-10T03:42:26.945Z INFO  benchmark_client] Sending sample transaction 695
[2026-09-10T03:42:26.995Z INFO  benchmark_client] Sending sample transaction 696
[2026-09-10T03:42:27.045Z INFO  benchmark_client] Sending sample transaction 697
[2026-09-10T03:42:27.095Z INFO  benchmark_client] Sending sample transaction 698
[2026-09-10T03:42:27.145Z INFO  benchmark_client] Sending sample transaction 699
[2026-09-10T03:42:27.195Z INFO  benchmark_client] Sending sample transaction 700
[2026-09-10T03:42:27.245Z INFO  benchmark_client] Sending sample transaction 701
[2026-09-10T03:42:27.295Z INFO  benchmark_client] Sending sample transaction 702
[2026-09-10T03:42:27.348Z INFO  benchmark_client] Sending sample transaction 703
[2026-09-10T03:42:27.395Z INFO  benchmark_client] Sending sample transaction 704
[2026-09-10T03:42:27.447Z INFO  benchmark_client] Sending sample transaction 705
[2026-09-10T03:42:27.495Z INFO  benchmark_client] Sending sample transaction 706
[2026-09-10T03:42:27.546Z INFO  benchmark_client] Sending sample transaction 707
[2026-09-10T03:42:27.595Z INFO  benchmark_client] Sending sample transaction 708
[2026-09-10T03:42:27.646Z INFO  benchmark_client] Sending sample transaction 709
[2026-09-10T03:42:27.695Z INFO  benchmark_client] Sending sample transaction 710
[2026-09-10T03:42:27.745Z INFO  benchmark_client] Sending sample transaction 711
[2026-09-10T03:42:27.795Z INFO  benchmark_client] Sending sample transaction 712
[2026-09-10T03:42:27.847Z INFO  benchmark_client] Sending sample transaction 713
[2026-09-10T03:42:27.895Z INFO  benchmark_client] Sending sample transaction 714
[2026-09-10T03:42:27.945Z INFO  benchmark_client] Sending sample transaction 715
[2026-09-10T03:42:27.997Z INFO  benchmark_client] Sending sample transaction 716
[2026-09-10T03:42:28.045Z INFO  benchmark_client] Sending sample transaction 717
[2026-09-10T03:42:28.095Z INFO  benchmark_client] Sending sample transaction 718
[2026-09-10T03:42:28.146Z INFO  benchmark_client] Sending sample transaction 719
[2026-09-10T03:42:28.195Z INFO  benchmark_client] Sending sample transaction 720
[2026-09-10T03:42:28.245Z INFO  benchmark_client] Sending sample transaction 721
[2026-09-10T03:42:28.295Z INFO  benchmark_client] Sending sample transaction 722
[2026-09-10T03:42:28.345Z INFO  benchmark_client] Sending sample transaction 723
[2026-09-10T03:42:28.395Z INFO  benchmark_client] Sending sample transaction 724
[2026-09-10T03:42:28.445Z INFO  benchmark_client] Sending sample transaction 725
[2026-09-10T03:42:28.495Z INFO  benchmark_client] Sending sample transaction 726
[2026-09-10T03:42:28.545Z INFO  benchmark_client] Sending sample transaction 727
[2026-09-10T03:42:28.595Z INFO  benchmark_client] Sending sample transaction 728
[2026-09-10T03:42:28.645Z INFO  benchmark_client] Sending sample transaction 729
[2026-09-10T03:42:28.695Z INFO  benchmark_client] Sending sample transaction 730
[2026-09-10T03:42:28.746Z INFO  benchmark_client] Sending sample transaction 731
[2026-09-10T03:42:28.795Z INFO  benchmark_client] Sending sample transaction 732
[2026-09-10T03:42:28.845Z INFO  benchmark_client] Sending sample transaction 733
[2026-09-10T03:42:28.896Z INFO  benchmark_client] Sending sample transaction 734
[2026-09-10T03:42:28.945Z INFO  benchmark_client] Sending sample transaction 735
[2026-09-10T03:42:28.995Z INFO  benchmark_client] Sending sample transaction 736
[2026-09-10T03:42:29.045Z INFO  benchmark_client] Sending sample transaction 737
[2026-09-10T03:42:29.095Z INFO  benchmark_client] Sending sample transaction 738
[2026-09-10T03:42:29.145Z INFO  benchmark_client] Sending sample transaction 739
[2026-09-10T03:42:29.195Z INFO  benchmark_client] Sending sample transaction 740
[2026-09-10T03:42:29.245Z INFO  benchmark_client] Sending sample transaction 741
[2026-09-10T03:42:29.296Z INFO  benchmark_client] Sending sample transaction 742
[2026-09-10T03:42:29.345Z INFO  benchmark_client] Sending sample transaction 743
[2026-09-10T03:42:29.395Z INFO  benchmark_client] Sending sample transaction 744
[2026-09-10T03:42:29.445Z INFO  benchmark_client] Sending sample transaction 745
[2026-09-10T03:42:29.498Z INFO  benchmark_client] Sending sample transaction 746
[2026-09-10T03:42:29.545Z INFO  benchmark_client] Sending sample transaction 747
[2026-09-10T03:42:29.595Z INFO  benchmark_client] Sending sample transaction 748
[2026-09-10T03:42:29.645Z INFO  benchmark_client] Sending sample transaction 749
[2026-09-10T03:42:29.695Z INFO  benchmark_client] Sending sample transaction 750
[2026-09-10T03:42:29.745Z INFO  benchmark_client] Sending sample transaction 751
[2026-09-10T03:42:29.795Z INFO  benchmark_client] Sending sample transaction 752
[2026-09-10T03:42:29.845Z INFO  benchmark_client] Sending sample transaction 753
[2026-09-10T03:42:29.895Z INFO  benchmark_client] Sending sample transaction 754
[2026-09-10T03:42:29.945Z INFO  benchmark_client] Sending sample transaction 755
[2026-09-10T03:42:29.995Z INFO  benchmark_client] Sending sample transaction 756
[2026-09-10T03:42:30.045Z INFO  benchmark_client] Sending sample transaction 757
[2026-09-10T03:42:30.095Z INFO  benchmark_client] Sending sample transaction 758
[2026-09-10T03:42:30.145Z INFO  benchmark_client] Sending sample transaction 759
[2026-09-10T03:42:30.195Z INFO  benchmark_client] Sending sample transaction 760
[2026-09-10T03:42:30.245Z INFO  benchmark_client] Sending sample transaction 761
[2026-09-10T03:42:30.295Z INFO  benchmark_client] Sending sample transaction 762
[2026-09-10T03:42:30.345Z INFO  benchmark_client] Sending sample transaction 763
[2026-09-10T03:42:30.395Z INFO  benchmark_client] Sending sample transaction 764
[2026-09-10T03:42:30.445Z INFO  benchmark_client] Sending sample transaction 765
[2026-09-10T03:42:30.495Z INFO  benchmark_client] Sending sample transaction 766
[2026-09-10T03:42:30.546Z INFO  benchmark_client] Sending sample transaction 767
[2026-09-10T03:42:30.595Z INFO  benchmark_client] Sending sample transaction 768
[2026-09-10T03:42:30.645Z INFO  benchmark_client] Sending sample transaction 769
[2026-09-10T03:42:30.695Z INFO  benchmark_client] Sending sample transaction 770
[2026-09-10T03:42:30.745Z INFO  benchmark_client] Sending sample transaction 771
[2026-09-10T03:42:30.795Z INFO  benchmark_client] Sending sample transaction 772
[2026-09-10T03:42:30.845Z INFO  benchmark_client] Sending sample transaction 773
[2026-09-10T03:42:30.895Z INFO  benchmark_client] Sending sample transaction 774
[2026-09-10T03:42:30.945Z INFO  benchmark_client] Sending sample transaction 775
[2026-09-10T03:42:30.995Z INFO  benchmark_client] Sending sample transaction 776
[2026-09-10T03:42:31.045Z INFO  benchmark_client] Sending sample transaction 777
[2026-09-10T03:42:31.094Z INFO  benchmark_client] Sending sample transaction 778
[2026-09-10T03:42:31.145Z INFO  benchmark_client] Sending sample transaction 779
[2026-09-10T03:42:31.195Z INFO  benchmark_client] Sending sample transaction 780
[2026-09-10T03:42:31.245Z INFO  benchmark_client] Sending sample transaction 781
[2026-09-10T03:42:31.295Z INFO  benchmark_client] Sending sample transaction 782
[2026-09-10T03:42:31.345Z INFO  benchmark_client] Sending sample transaction 783
[2026-09-10T03:42:31.395Z INFO  benchmark_client] Sending sample transaction 784
[2026-09-10T03:42:31.447Z INFO  benchmark_client] Sending sample transaction 785
[2026-09-10T03:42:31.495Z INFO  benchmark_client] Sending sample transaction 786
[2026-09-10T03:42:31.546Z INFO  benchmark_client] Sending sample transaction 787
[2026-09-10T03:42:31.598Z INFO  benchmark_client] Sending sample transaction 788
[2026-09-10T03:42:31.645Z INFO  benchmark_client] Sending sample transaction 789
[2026-09-10T03:42:31.695Z INFO  benchmark_client] Sending sample transaction 790
[2026-09-10T03:42:31.746Z INFO  benchmark_client] Sending sample transaction 791
[2026-09-10T03:42:31.795Z INFO  benchmark_client] Sending sample transaction 792
[2026-09-10T03:42:31.845Z INFO  benchmark_client] Sending sample transaction 793
[2026-09-10T03:42:31.895Z INFO  benchmark_client] Sending sample transaction 794
[2026-09-10T03:42:31.945Z INFO  benchmark_client] Sending sample transaction 795
[2026-09-10T03:42:31.995Z INFO  benchmark_client] Sending sample transaction 796
[2026-09-10T03:42:32.045Z INFO  benchmark_client] Sending sample transaction 797
[2026-09-10T03:42:32.095Z INFO  benchmark_client] Sending sample transaction 798
[2026-09-10T03:42:32.145Z INFO  benchmark_client] Sending sample transaction 799
[2026-09-10T03:42:32.195Z INFO  benchmark_client] Sending sample transaction 800
[2026-09-10T03:42:32.245Z INFO  benchmark_client] Sending sample transaction 801
[2026-09-10T03:42:32.297Z INFO  benchmark_client] Sending sample transaction 802
[2026-09-10T03:42:32.345Z INFO  benchmark_client] Sending sample transaction 803
[2026-09-10T03:42:32.397Z INFO  benchmark_client] Sending sample transaction 804
[2026-09-10T03:42:32.445Z INFO  benchmark_client] Sending sample transaction 805
[2026-09-10T03:42:32.495Z INFO  benchmark_client] Sending sample transaction 806
[2026-09-10T03:42:32.547Z INFO  benchmark_client] Sending sample transaction 807
[2026-09-10T03:42:32.596Z INFO  benchmark_client] Sending sample transaction 808
[2026-09-10T03:42:32.645Z INFO  benchmark_client] Sending sample transaction 809
[2026-09-10T03:42:32.695Z INFO  benchmark_client] Sending sample transaction 810
[2026-09-10T03:42:32.747Z INFO  benchmark_client] Sending sample transaction 811
[2026-09-10T03:42:32.795Z INFO  benchmark_client] Sending sample transaction 812
[2026-09-10T03:42:32.845Z INFO  benchmark_client] Sending sample transaction 813
[2026-09-10T03:42:32.895Z INFO  benchmark_client] Sending sample transaction 814
[2026-09-10T03:42:32.945Z INFO  benchmark_client] Sending sample transaction 815
[2026-09-10T03:42:32.995Z INFO  benchmark_client] Sending sample transaction 816
[2026-09-10T03:42:33.045Z INFO  benchmark_client] Sending sample transaction 817
[2026-09-10T03:42:33.095Z INFO  benchmark_client] Sending sample transaction 818
[2026-09-10T03:42:33.145Z INFO  benchmark_client] Sending sample transaction 819
[2026-09-10T03:42:33.195Z INFO  benchmark_client] Sending sample transaction 820
[2026-09-10T03:42:33.245Z INFO  benchmark_client] Sending sample transaction 821
[2026-09-10T03:42:33.295Z INFO  benchmark_client] Sending sample transaction 822
[2026-09-10T03:42:33.347Z INFO  benchmark_client] Sending sample transaction 823
[2026-09-10T03:42:33.396Z INFO  benchmark_client] Sending sample transaction 824
[2026-09-10T03:42:33.445Z INFO  benchmark_client] Sending sample transaction 825
[2026-09-10T03:42:33.495Z INFO  benchmark_client] Sending sample transaction 826
[2026-09-10T03:42:33.546Z INFO  benchmark_client] Sending sample transaction 827
[2026-09-10T03:42:33.598Z INFO  benchmark_client] Sending sample transaction 828
[2026-09-10T03:42:33.648Z INFO  benchmark_client] Sending sample transaction 829
[2026-09-10T03:42:33.696Z INFO  benchmark_client] Sending sample transaction 830
[2026-09-10T03:42:33.746Z INFO  benchmark_client] Sending sample transaction 831
[2026-09-10T03:42:33.795Z INFO  benchmark_client] Sending sample transaction 832
[2026-09-10T03:42:33.845Z INFO  benchmark_client] Sending sample transaction 833
[2026-09-10T03:42:33.895Z INFO  benchmark_client] Sending sample transaction 834
[2026-09-10T03:42:33.946Z INFO  benchmark_client] Sending sample transaction 835
[2026-09-10T03:42:33.998Z INFO  benchmark_client] Sending sample transaction 836
[2026-09-10T03:42:34.047Z INFO  benchmark_client] Sending sample transaction 837
[2026-09-10T03:42:34.095Z INFO  benchmark_client] Sending sample transaction 838
[2026-09-10T03:42:34.145Z INFO  benchmark_client] Sending sample transaction 839
[2026-09-10T03:42:34.196Z INFO  benchmark_client] Sending sample transaction 840
[2026-09-10T03:42:34.245Z INFO  benchmark_client] Sending sample transaction 841
[2026-09-10T03:42:34.295Z INFO  benchmark_client] Sending sample transaction 842
[2026-09-10T03:42:34.346Z INFO  benchmark_client] Sending sample transaction 843
[2026-09-10T03:42:34.395Z INFO  benchmark_client] Sending sample transaction 844
[2026-09-10T03:42:34.445Z INFO  benchmark_client] Sending sample transaction 845
[2026-09-10T03:42:34.495Z INFO  benchmark_client] Sending sample transaction 846
[2026-09-10T03:42:34.546Z INFO  benchmark_client] Sending sample transaction 847
[2026-09-10T03:42:34.596Z INFO  benchmark_client] Sending sample transaction 848
[2026-09-10T03:42:34.645Z INFO  benchmark_client] Sending sample transaction 849
[2026-09-10T03:42:34.695Z INFO  benchmark_client] Sending sample transaction 850
[2026-09-10T03:42:34.745Z INFO  benchmark_client] Sending sample transaction 851
[2026-09-10T03:42:34.795Z INFO  benchmark_client] Sending sample transaction 852
[2026-09-10T03:42:34.845Z INFO  benchmark_client] Sending sample transaction 853
[2026-09-10T03:42:34.895Z INFO  benchmark_client] Sending sample transaction 854
[2026-09-10T03:42:34.945Z INFO  benchmark_client] Sending sample transaction 855
[2026-09-10T03:42:34.995Z INFO  benchmark_client] Sending sample transaction 856
[2026-09-10T03:42:35.046Z INFO  benchmark_client] Sending sample transaction 857
[2026-09-10T03:42:35.094Z INFO  benchmark_client] Sending sample transaction 858
[2026-09-10T03:42:35.145Z INFO  benchmark_client] Sending sample transaction 859
[2026-09-10T03:42:35.195Z INFO  benchmark_client] Sending sample transaction 860
[2026-09-10T03:42:35.245Z INFO  benchmark_client] Sending sample transaction 861
[2026-09-10T03:42:35.295Z INFO  benchmark_client] Sending sample transaction 862
[2026-09-10T03:42:35.345Z INFO  benchmark_client] Sending sample transaction 863
[2026-09-10T03:42:35.395Z INFO  benchmark_client] Sending sample transaction 864
[2026-09-10T03:42:35.445Z INFO  benchmark_client] Sending sample transaction 865
[2026-09-10T03:42:35.495Z INFO  benchmark_client] Sending sample transaction 866
[2026-09-10T03:42:35.545Z INFO  benchmark_client] Sending sample transaction 867
[2026-09-10T03:42:35.595Z INFO  benchmark_client] Sending sample transaction 868
[2026-09-10T03:42:35.647Z INFO  benchmark_client] Sending sample transaction 869
[2026-09-10T03:42:35.696Z INFO  benchmark_client] Sending sample transaction 870
[2026-09-10T03:42:35.745Z INFO  benchmark_client] Sending sample transaction 871
[2026-09-10T03:42:35.795Z INFO  benchmark_client] Sending sample transaction 872
[2026-09-10T03:42:35.845Z INFO  benchmark_client] Sending sample transaction 873
[2026-09-10T03:42:35.895Z INFO  benchmark_client] Sending sample transaction 874
[2026-09-10T03:42:35.945Z INFO  benchmark_client] Sending sample transaction 875
[2026-09-10T03:42:35.995Z INFO  benchmark_client] Sending sample transaction 876
[2026-09-10T03:42:36.045Z INFO  benchmark_client] Sending sample transaction 877
[2026-09-10T03:42:36.095Z INFO  benchmark_client] Sending sample transaction 878
[2026-09-10T03:42:36.145Z INFO  benchmark_client] Sending sample transaction 879
[2026-09-10T03:42:36.196Z INFO  benchmark_client] Sending sample transaction 880
[2026-09-10T03:42:36.245Z INFO  benchmark_client] Sending sample transaction 881
[2026-09-10T03:42:36.295Z INFO  benchmark_client] Sending sample transaction 882
[2026-09-10T03:42:36.345Z INFO  benchmark_client] Sending sample transaction 883
[2026-09-10T03:42:36.395Z INFO  benchmark_client] Sending sample transaction 884
[2026-09-10T03:42:36.446Z INFO  benchmark_client] Sending sample transaction 885
[2026-09-10T03:42:36.495Z INFO  benchmark_client] Sending sample transaction 886
[2026-09-10T03:42:36.545Z INFO  benchmark_client] Sending sample transaction 887
[2026-09-10T03:42:36.595Z INFO  benchmark_client] Sending sample transaction 888
[2026-09-10T03:42:36.646Z INFO  benchmark_client] Sending sample transaction 889
[2026-09-10T03:42:36.695Z INFO  benchmark_client] Sending sample transaction 890
[2026-09-10T03:42:36.745Z INFO  benchmark_client] Sending sample transaction 891
[2026-09-10T03:42:36.795Z INFO  benchmark_client] Sending sample transaction 892
[2026-09-10T03:42:36.846Z INFO  benchmark_client] Sending sample transaction 893
[2026-09-10T03:42:36.895Z INFO  benchmark_client] Sending sample transaction 894
[2026-09-10T03:42:36.945Z INFO  benchmark_client] Sending sample transaction 895
[2026-09-10T03:42:36.995Z INFO  benchmark_client] Sending sample transaction 896
[2026-09-10T03:42:37.045Z INFO  benchmark_client] Sending sample transaction 897
[2026-09-10T03:42:37.095Z INFO  benchmark_client] Sending sample transaction 898
[2026-09-10T03:42:37.145Z INFO  benchmark_client] Sending sample transaction 899
[2026-09-10T03:42:37.195Z INFO  benchmark_client] Sending sample transaction 900
[2026-09-10T03:42:37.245Z INFO  benchmark_client] Sending sample transaction 901
[2026-09-10T03:42:37.295Z INFO  benchmark_client] Sending sample transaction 902
[2026-09-10T03:42:37.347Z INFO  benchmark_client] Sending sample transaction 903
[2026-09-10T03:42:37.395Z INFO  benchmark_client] Sending sample transaction 904
[2026-09-10T03:42:37.445Z INFO  benchmark_client] Sending sample transaction 905
[2026-09-10T03:42:37.495Z INFO  benchmark_client] Sending sample transaction 906
[2026-09-10T03:42:37.545Z INFO  benchmark_client] Sending sample transaction 907
[2026-09-10T03:42:37.598Z INFO  benchmark_client] Sending sample transaction 908
[2026-09-10T03:42:37.645Z INFO  benchmark_client] Sending sample transaction 909
[2026-09-10T03:42:37.696Z INFO  benchmark_client] Sending sample transaction 910
[2026-09-10T03:42:37.747Z INFO  benchmark_client] Sending sample transaction 911
[2026-09-10T03:42:37.795Z INFO  benchmark_client] Sending sample transaction 912
[2026-09-10T03:42:37.846Z INFO  benchmark_client] Sending sample transaction 913
[2026-09-10T03:42:37.895Z INFO  benchmark_client] Sending sample transaction 914
[2026-09-10T03:42:37.945Z INFO  benchmark_client] Sending sample transaction 915
[2026-09-10T03:42:37.995Z INFO  benchmark_client] Sending sample transaction 916
[2026-09-10T03:42:38.045Z INFO  benchmark_client] Sending sample transaction 917
[2026-09-10T03:42:38.095Z INFO  benchmark_client] Sending sample transaction 918
[2026-09-10T03:42:38.145Z INFO  benchmark_client] Sending sample transaction 919
[2026-09-10T03:42:38.198Z INFO  benchmark_client] Sending sample transaction 920
[2026-09-10T03:42:38.245Z INFO  benchmark_client] Sending sample transaction 921
[2026-09-10T03:42:38.295Z INFO  benchmark_client] Sending sample transaction 922
[2026-09-10T03:42:38.346Z INFO  benchmark_client] Sending sample transaction 923
[2026-09-10T03:42:38.395Z INFO  benchmark_client] Sending sample transaction 924
[2026-09-10T03:42:38.447Z INFO  benchmark_client] Sending sample transaction 925
[2026-09-10T03:42:38.496Z INFO  benchmark_client] Sending sample transaction 926
[2026-09-10T03:42:38.545Z INFO  benchmark_client] Sending sample transaction 927
[2026-09-10T03:42:38.595Z INFO  benchmark_client] Sending sample transaction 928
[2026-09-10T03:42:38.645Z INFO  benchmark_client] Sending sample transaction 929
[2026-09-10T03:42:38.695Z INFO  benchmark_client] Sending sample transaction 930
[2026-09-10T03:42:38.746Z INFO  benchmark_client] Sending sample transaction 931
[2026-09-10T03:42:38.795Z INFO  benchmark_client] Sending sample transaction 932
[2026-09-10T03:42:38.845Z INFO  benchmark_client] Sending sample transaction 933
[2026-09-10T03:42:38.895Z INFO  benchmark_client] Sending sample transaction 934
[2026-09-10T03:42:38.946Z INFO  benchmark_client] Sending sample transaction 935
[2026-09-10T03:42:38.996Z INFO  benchmark_client] Sending sample transaction 936
[2026-09-10T03:42:39.045Z INFO  benchmark_client] Sending sample transaction 937
[2026-09-10T03:42:39.095Z INFO  benchmark_client] Sending sample transaction 938
[2026-09-10T03:42:39.145Z INFO  benchmark_client] Sending sample transaction 939
[2026-09-10T03:42:39.196Z INFO  benchmark_client] Sending sample transaction 940
[2026-09-10T03:42:39.245Z INFO  benchmark_client] Sending sample transaction 941
[2026-09-10T03:42:39.295Z INFO  benchmark_client] Sending sample transaction 942
[2026-09-10T03:42:39.345Z INFO  benchmark_client] Sending sample transaction 943
[2026-09-10T03:42:39.395Z INFO  benchmark_client] Sending sample transaction 944
[2026-09-10T03:42:39.445Z INFO  benchmark_client] Sending sample transaction 945
[2026-09-10T03:42:39.495Z INFO  benchmark_client] Sending sample transaction 946
[2026-09-10T03:42:39.545Z INFO  benchmark_client] Sending sample transaction 947
[2026-09-10T03:42:39.595Z INFO  benchmark_client] Sending sample transaction 948
[2026-09-10T03:42:39.645Z INFO  benchmark_client] Sending sample transaction 949
[2026-09-10T03:42:39.695Z INFO  benchmark_client] Sending sample transaction 950
[2026-09-10T03:42:39.745Z INFO  benchmark_client] Sending sample transaction 951
[2026-09-10T03:42:39.796Z INFO  benchmark_client] Sending sample transaction 952
[2026-09-10T03:42:39.845Z INFO  benchmark_client] Sending sample transaction 953
[2026-09-10T03:42:39.896Z INFO  benchmark_client] Sending sample transaction 954
[2026-09-10T03:42:39.945Z INFO  benchmark_client] Sending sample transaction 955
[2026-09-10T03:42:39.995Z INFO  benchmark_client] Sending sample transaction 956
[2026-09-10T03:42:40.047Z INFO  benchmark_client] Sending sample transaction 957
[2026-09-10T03:42:40.096Z INFO  benchmark_client] Sending sample transaction 958
[2026-09-10T03:42:40.146Z INFO  benchmark_client] Sending sample transaction 959
[2026-09-10T03:42:40.195Z INFO  benchmark_client] Sending sample transaction 960
[2026-09-10T03:42:40.245Z INFO  benchmark_client] Sending sample transaction 961
[2026-09-10T03:42:40.297Z INFO  benchmark_client] Sending sample transaction 962
[2026-09-10T03:42:40.345Z INFO  benchmark_client] Sending sample transaction 963
[2026-09-10T03:42:40.397Z INFO  benchmark_client] Sending sample transaction 964
[2026-09-10T03:42:40.445Z INFO  benchmark_client] Sending sample transaction 965
[2026-09-10T03:42:40.496Z INFO  benchmark_client] Sending sample transaction 966
[2026-09-10T03:42:40.545Z INFO  benchmark_client] Sending sample transaction 967
[2026-09-10T03:42:40.596Z INFO  benchmark_client] Sending sample transaction 968
[2026-09-10T03:42:40.645Z INFO  benchmark_client] Sending sample transaction 969
[2026-09-10T03:42:40.696Z INFO  benchmark_client] Sending sample transaction 970
[2026-09-10T03:42:40.748Z INFO  benchmark_client] Sending sample transaction 971
[2026-09-10T03:42:40.796Z INFO  benchmark_client] Sending sample transaction 972
[2026-09-10T03:42:40.846Z INFO  benchmark_client] Sending sample transaction 973
[2026-09-10T03:42:40.895Z INFO  benchmark_client] Sending sample transaction 974
[2026-09-10T03:42:40.945Z INFO  benchmark_client] Sending sample transaction 975
[2026-09-10T03:42:40.995Z INFO  benchmark_client] Sending sample transaction 976
[2026-09-10T03:42:41.047Z INFO  benchmark_client] Sending sample transaction 977
[2026-09-10T03:42:41.095Z INFO  benchmark_client] Sending sample transaction 978
[2026-09-10T03:42:41.145Z INFO  benchmark_client] Sending sample transaction 979
[2026-09-10T03:42:41.197Z INFO  benchmark_client] Sending sample transaction 980
[2026-09-10T03:42:41.245Z INFO  benchmark_client] Sending sample transaction 981
[2026-09-10T03:42:41.295Z INFO  benchmark_client] Sending sample transaction 982
[2026-09-10T03:42:41.345Z INFO  benchmark_client] Sending sample transaction 983
[2026-09-10T03:42:41.395Z INFO  benchmark_client] Sending sample transaction 984
[2026-09-10T03:42:41.446Z INFO  benchmark_client] Sending sample transaction 985
[2026-09-10T03:42:41.496Z INFO  benchmark_client] Sending sample transaction 986
[2026-09-10T03:42:41.545Z INFO  benchmark_client] Sending sample transaction 987
[2026-09-10T03:42:41.596Z INFO  benchmark_client] Sending sample transaction 988
[2026-09-10T03:42:41.645Z INFO  benchmark_client] Sending sample transaction 989
[2026-09-10T03:42:41.698Z INFO  benchmark_client] Sending sample transaction 990
[2026-09-10T03:42:41.745Z INFO  benchmark_client] Sending sample transaction 991
[2026-09-10T03:42:41.796Z INFO  benchmark_client] Sending sample transaction 992
[2026-09-10T03:42:41.846Z INFO  benchmark_client] Sending sample transaction 993
[2026-09-10T03:42:41.895Z INFO  benchmark_client] Sending sample transaction 994
[2026-09-10T03:42:41.947Z INFO  benchmark_client] Sending sample transaction 995
[2026-09-10T03:42:41.995Z INFO  benchmark_client] Sending sample transaction 996
[2026-09-10T03:42:42.046Z INFO  benchmark_client] Sending sample transaction 997
[2026-09-10T03:42:42.096Z INFO  benchmark_client] Sending sample transaction 998
[2026-09-10T03:42:42.145Z INFO  benchmark_client] Sending sample transaction 999
[2026-09-10T03:42:42.195Z INFO  benchmark_client] Sending sample transaction 1000
[2026-09-10T03:42:42.246Z INFO  benchmark_client] Sending sample transaction 1001
[2026-09-10T03:42:42.298Z INFO  benchmark_client] Sending sample transaction 1002
[2026-09-10T03:42:42.345Z INFO  benchmark_client] Sending sample transaction 1003
[2026-09-10T03:42:42.396Z INFO  benchmark_client] Sending sample transaction 1004
[2026-09-10T03:42:42.445Z INFO  benchmark_client] Sending sample transaction 1005
[2026-09-10T03:42:42.497Z INFO  benchmark_client] Sending sample transaction 1006
[2026-09-10T03:42:42.545Z INFO  benchmark_client] Sending sample transaction 1007
[2026-09-10T03:42:42.597Z INFO  benchmark_client] Sending sample transaction 1008
[2026-09-10T03:42:42.645Z INFO  benchmark_client] Sending sample transaction 1009
[2026-09-10T03:42:42.695Z INFO  benchmark_client] Sending sample transaction 1010
[2026-09-10T03:42:42.745Z INFO  benchmark_client] Sending sample transaction 1011
[2026-09-10T03:42:42.796Z INFO  benchmark_client] Sending sample transaction 1012
[2026-09-10T03:42:42.846Z INFO  benchmark_client] Sending sample transaction 1013
[2026-09-10T03:42:42.895Z INFO  benchmark_client] Sending sample transaction 1014
[2026-09-10T03:42:42.945Z INFO  benchmark_client] Sending sample transaction 1015
[2026-09-10T03:42:42.995Z INFO  benchmark_client] Sending sample transaction 1016
[2026-09-10T03:42:43.046Z INFO  benchmark_client] Sending sample transaction 1017
[2026-09-10T03:42:43.096Z INFO  benchmark_client] Sending sample transaction 1018
[2026-09-10T03:42:43.145Z INFO  benchmark_client] Sending sample transaction 1019
[2026-09-10T03:42:43.196Z INFO  benchmark_client] Sending sample transaction 1020
[2026-09-10T03:42:43.245Z INFO  benchmark_client] Sending sample transaction 1021
[2026-09-10T03:42:43.295Z INFO  benchmark_client] Sending sample transaction 1022
[2026-09-10T03:42:43.346Z INFO  benchmark_client] Sending sample transaction 1023
[2026-09-10T03:42:43.396Z INFO  benchmark_client] Sending sample transaction 1024
[2026-09-10T03:42:43.445Z INFO  benchmark_client] Sending sample transaction 1025
[2026-09-10T03:42:43.497Z INFO  benchmark_client] Sending sample transaction 1026
[2026-09-10T03:42:43.545Z INFO  benchmark_client] Sending sample transaction 1027
[2026-09-10T03:42:43.595Z INFO  benchmark_client] Sending sample transaction 1028
[2026-09-10T03:42:43.645Z INFO  benchmark_client] Sending sample transaction 1029
[2026-09-10T03:42:43.696Z INFO  benchmark_client] Sending sample transaction 1030
[2026-09-10T03:42:43.745Z INFO  benchmark_client] Sending sample transaction 1031
[2026-09-10T03:42:43.796Z INFO  benchmark_client] Sending sample transaction 1032
[2026-09-10T03:42:43.846Z INFO  benchmark_client] Sending sample transaction 1033
[2026-09-10T03:42:43.895Z INFO  benchmark_client] Sending sample transaction 1034
[2026-09-10T03:42:43.945Z INFO  benchmark_client] Sending sample transaction 1035
[2026-09-10T03:42:43.995Z INFO  benchmark_client] Sending sample transaction 1036
[2026-09-10T03:42:44.046Z INFO  benchmark_client] Sending sample transaction 1037
[2026-09-10T03:42:44.095Z INFO  benchmark_client] Sending sample transaction 1038
[2026-09-10T03:42:44.145Z INFO  benchmark_client] Sending sample transaction 1039
[2026-09-10T03:42:44.196Z INFO  benchmark_client] Sending sample transaction 1040
[2026-09-10T03:42:44.245Z INFO  benchmark_client] Sending sample transaction 1041
[2026-09-10T03:42:44.296Z INFO  benchmark_client] Sending sample transaction 1042
[2026-09-10T03:42:44.346Z INFO  benchmark_client] Sending sample transaction 1043
[2026-09-10T03:42:44.396Z INFO  benchmark_client] Sending sample transaction 1044
[2026-09-10T03:42:44.445Z INFO  benchmark_client] Sending sample transaction 1045
[2026-09-10T03:42:44.496Z INFO  benchmark_client] Sending sample transaction 1046
[2026-09-10T03:42:44.546Z INFO  benchmark_client] Sending sample transaction 1047
[2026-09-10T03:42:44.596Z INFO  benchmark_client] Sending sample transaction 1048
[2026-09-10T03:42:44.646Z INFO  benchmark_client] Sending sample transaction 1049
[2026-09-10T03:42:44.696Z INFO  benchmark_client] Sending sample transaction 1050
[2026-09-10T03:42:44.746Z INFO  benchmark_client] Sending sample transaction 1051
[2026-09-10T03:42:44.795Z INFO  benchmark_client] Sending sample transaction 1052
[2026-09-10T03:42:44.846Z INFO  benchmark_client] Sending sample transaction 1053
[2026-09-10T03:42:44.895Z INFO  benchmark_client] Sending sample transaction 1054
[2026-09-10T03:42:44.946Z INFO  benchmark_client] Sending sample transaction 1055
[2026-09-10T03:42:44.996Z INFO  benchmark_client] Sending sample transaction 1056
[2026-09-10T03:42:45.046Z INFO  benchmark_client] Sending sample transaction 1057
[2026-09-10T03:42:45.096Z INFO  benchmark_client] Sending sample transaction 1058
[2026-09-10T03:42:45.146Z INFO  benchmark_client] Sending sample transaction 1059
[2026-09-10T03:42:45.197Z INFO  benchmark_client] Sending sample transaction 1060
[2026-09-10T03:42:45.246Z INFO  benchmark_client] Sending sample transaction 1061
[2026-09-10T03:42:45.295Z INFO  benchmark_client] Sending sample transaction 1062
[2026-09-10T03:42:45.347Z INFO  benchmark_client] Sending sample transaction 1063
[2026-09-10T03:42:45.395Z INFO  benchmark_client] Sending sample transaction 1064
[2026-09-10T03:42:45.446Z INFO  benchmark_client] Sending sample transaction 1065
[2026-09-10T03:42:45.495Z INFO  benchmark_client] Sending sample transaction 1066
[2026-09-10T03:42:45.545Z INFO  benchmark_client] Sending sample transaction 1067
[2026-09-10T03:42:45.596Z INFO  benchmark_client] Sending sample transaction 1068
[2026-09-10T03:42:45.646Z INFO  benchmark_client] Sending sample transaction 1069
[2026-09-10T03:42:45.695Z INFO  benchmark_client] Sending sample transaction 1070
[2026-09-10T03:42:45.745Z INFO  benchmark_client] Sending sample transaction 1071
[2026-09-10T03:42:45.796Z INFO  benchmark_client] Sending sample transaction 1072
[2026-09-10T03:42:45.845Z INFO  benchmark_client] Sending sample transaction 1073
[2026-09-10T03:42:45.896Z INFO  benchmark_client] Sending sample transaction 1074
[2026-09-10T03:42:45.946Z INFO  benchmark_client] Sending sample transaction 1075
[2026-09-10T03:42:45.997Z INFO  benchmark_client] Sending sample transaction 1076
[2026-09-10T03:42:46.045Z INFO  benchmark_client] Sending sample transaction 1077
[2026-09-10T03:42:46.096Z INFO  benchmark_client] Sending sample transaction 1078
[2026-09-10T03:42:46.145Z INFO  benchmark_client] Sending sample transaction 1079
[2026-09-10T03:42:46.196Z INFO  benchmark_client] Sending sample transaction 1080
[2026-09-10T03:42:46.245Z INFO  benchmark_client] Sending sample transaction 1081
[2026-09-10T03:42:46.296Z INFO  benchmark_client] Sending sample transaction 1082
[2026-09-10T03:42:46.346Z INFO  benchmark_client] Sending sample transaction 1083
[2026-09-10T03:42:46.396Z INFO  benchmark_client] Sending sample transaction 1084
[2026-09-10T03:42:46.448Z INFO  benchmark_client] Sending sample transaction 1085
[2026-09-10T03:42:46.495Z INFO  benchmark_client] Sending sample transaction 1086
[2026-09-10T03:42:46.545Z INFO  benchmark_client] Sending sample transaction 1087
[2026-09-10T03:42:46.595Z INFO  benchmark_client] Sending sample transaction 1088
[2026-09-10T03:42:46.645Z INFO  benchmark_client] Sending sample transaction 1089
[2026-09-10T03:42:46.695Z INFO  benchmark_client] Sending sample transaction 1090
[2026-09-10T03:42:46.745Z INFO  benchmark_client] Sending sample transaction 1091
[2026-09-10T03:42:46.795Z INFO  benchmark_client] Sending sample transaction 1092
[2026-09-10T03:42:46.846Z INFO  benchmark_client] Sending sample transaction 1093
[2026-09-10T03:42:46.895Z INFO  benchmark_client] Sending sample transaction 1094
[2026-09-10T03:42:46.947Z INFO  benchmark_client] Sending sample transaction 1095
[2026-09-10T03:42:46.996Z INFO  benchmark_client] Sending sample transaction 1096
[2026-09-10T03:42:47.046Z INFO  benchmark_client] Sending sample transaction 1097
[2026-09-10T03:42:47.095Z INFO  benchmark_client] Sending sample transaction 1098
[2026-09-10T03:42:47.145Z INFO  benchmark_client] Sending sample transaction 1099
[2026-09-10T03:42:47.196Z INFO  benchmark_client] Sending sample transaction 1100
[2026-09-10T03:42:47.245Z INFO  benchmark_client] Sending sample transaction 1101
[2026-09-10T03:42:47.295Z INFO  benchmark_client] Sending sample transaction 1102
[2026-09-10T03:42:47.345Z INFO  benchmark_client] Sending sample transaction 1103
[2026-09-10T03:42:47.395Z INFO  benchmark_client] Sending sample transaction 1104
[2026-09-10T03:42:47.446Z INFO  benchmark_client] Sending sample transaction 1105
[2026-09-10T03:42:47.496Z INFO  benchmark_client] Sending sample transaction 1106
[2026-09-10T03:42:47.546Z INFO  benchmark_client] Sending sample transaction 1107
[2026-09-10T03:42:47.599Z INFO  benchmark_client] Sending sample transaction 1108
[2026-09-10T03:42:47.645Z INFO  benchmark_client] Sending sample transaction 1109
[2026-09-10T03:42:47.696Z INFO  benchmark_client] Sending sample transaction 1110
[2026-09-10T03:42:47.745Z INFO  benchmark_client] Sending sample transaction 1111
[2026-09-10T03:42:47.795Z INFO  benchmark_client] Sending sample transaction 1112
[2026-09-10T03:42:47.846Z INFO  benchmark_client] Sending sample transaction 1113
[2026-09-10T03:42:47.897Z INFO  benchmark_client] Sending sample transaction 1114
[2026-09-10T03:42:47.945Z INFO  benchmark_client] Sending sample transaction 1115
[2026-09-10T03:42:47.995Z INFO  benchmark_client] Sending sample transaction 1116
[2026-09-10T03:42:48.045Z INFO  benchmark_client] Sending sample transaction 1117
[2026-09-10T03:42:48.096Z INFO  benchmark_client] Sending sample transaction 1118
[2026-09-10T03:42:48.146Z INFO  benchmark_client] Sending sample transaction 1119
[2026-09-10T03:42:48.196Z INFO  benchmark_client] Sending sample transaction 1120
[2026-09-10T03:42:48.248Z INFO  benchmark_client] Sending sample transaction 1121
[2026-09-10T03:42:48.297Z INFO  benchmark_client] Sending sample transaction 1122
[2026-09-10T03:42:48.345Z INFO  benchmark_client] Sending sample transaction 1123
[2026-09-10T03:42:48.397Z INFO  benchmark_client] Sending sample transaction 1124
[2026-09-10T03:42:48.446Z INFO  benchmark_client] Sending sample transaction 1125
[2026-09-10T03:42:48.496Z INFO  benchmark_client] Sending sample transaction 1126
[2026-09-10T03:42:48.545Z INFO  benchmark_client] Sending sample transaction 1127
[2026-09-10T03:42:48.595Z INFO  benchmark_client] Sending sample transaction 1128
[2026-09-10T03:42:48.648Z INFO  benchmark_client] Sending sample transaction 1129
[2026-09-10T03:42:48.696Z INFO  benchmark_client] Sending sample transaction 1130
[2026-09-10T03:42:48.746Z INFO  benchmark_client] Sending sample transaction 1131
[2026-09-10T03:42:48.797Z INFO  benchmark_client] Sending sample transaction 1132
[2026-09-10T03:42:48.846Z INFO  benchmark_client] Sending sample transaction 1133
[2026-09-10T03:42:48.896Z INFO  benchmark_client] Sending sample transaction 1134
[2026-09-10T03:42:48.948Z INFO  benchmark_client] Sending sample transaction 1135
[2026-09-10T03:42:48.995Z INFO  benchmark_client] Sending sample transaction 1136
[2026-09-10T03:42:49.046Z INFO  benchmark_client] Sending sample transaction 1137
[2026-09-10T03:42:49.096Z INFO  benchmark_client] Sending sample transaction 1138
[2026-09-10T03:42:49.146Z INFO  benchmark_client] Sending sample transaction 1139
[2026-09-10T03:42:49.196Z INFO  benchmark_client] Sending sample transaction 1140
[2026-09-10T03:42:49.245Z INFO  benchmark_client] Sending sample transaction 1141
[2026-09-10T03:42:49.296Z INFO  benchmark_client] Sending sample transaction 1142
[2026-09-10T03:42:49.345Z INFO  benchmark_client] Sending sample transaction 1143
[2026-09-10T03:42:49.396Z INFO  benchmark_client] Sending sample transaction 1144
[2026-09-10T03:42:49.446Z INFO  benchmark_client] Sending sample transaction 1145
[2026-09-10T03:42:49.495Z INFO  benchmark_client] Sending sample transaction 1146
[2026-09-10T03:42:49.545Z INFO  benchmark_client] Sending sample transaction 1147
[2026-09-10T03:42:49.596Z INFO  benchmark_client] Sending sample transaction 1148
[2026-09-10T03:42:49.646Z INFO  benchmark_client] Sending sample transaction 1149
[2026-09-10T03:42:49.698Z INFO  benchmark_client] Sending sample transaction 1150
[2026-09-10T03:42:49.747Z INFO  benchmark_client] Sending sample transaction 1151
[2026-09-10T03:42:49.796Z INFO  benchmark_client] Sending sample transaction 1152
[2026-09-10T03:42:49.846Z INFO  benchmark_client] Sending sample transaction 1153
[2026-09-10T03:42:49.897Z INFO  benchmark_client] Sending sample transaction 1154
[2026-09-10T03:42:49.946Z INFO  benchmark_client] Sending sample transaction 1155
[2026-09-10T03:42:49.996Z INFO  benchmark_client] Sending sample transaction 1156
[2026-09-10T03:42:50.045Z INFO  benchmark_client] Sending sample transaction 1157
[2026-09-10T03:42:50.096Z INFO  benchmark_client] Sending sample transaction 1158
[2026-09-10T03:42:50.145Z INFO  benchmark_client] Sending sample transaction 1159
[2026-09-10T03:42:50.195Z INFO  benchmark_client] Sending sample transaction 1160
[2026-09-10T03:42:50.246Z INFO  benchmark_client] Sending sample transaction 1161
[2026-09-10T03:42:50.296Z INFO  benchmark_client] Sending sample transaction 1162
[2026-09-10T03:42:50.346Z INFO  benchmark_client] Sending sample transaction 1163
[2026-09-10T03:42:50.397Z INFO  benchmark_client] Sending sample transaction 1164
[2026-09-10T03:42:50.445Z INFO  benchmark_client] Sending sample transaction 1165
[2026-09-10T03:42:50.498Z INFO  benchmark_client] Sending sample transaction 1166
[2026-09-10T03:42:50.546Z INFO  benchmark_client] Sending sample transaction 1167
[2026-09-10T03:42:50.596Z INFO  benchmark_client] Sending sample transaction 1168
[2026-09-10T03:42:50.648Z INFO  benchmark_client] Sending sample transaction 1169
[2026-09-10T03:42:50.696Z INFO  benchmark_client] Sending sample transaction 1170
[2026-09-10T03:42:50.745Z INFO  benchmark_client] Sending sample transaction 1171
[2026-09-10T03:42:50.795Z INFO  benchmark_client] Sending sample transaction 1172
[2026-09-10T03:42:50.846Z INFO  benchmark_client] Sending sample transaction 1173
[2026-09-10T03:42:50.897Z INFO  benchmark_client] Sending sample transaction 1174
[2026-09-10T03:42:50.946Z INFO  benchmark_client] Sending sample transaction 1175
[2026-09-10T03:42:50.997Z INFO  benchmark_client] Sending sample transaction 1176
[2026-09-10T03:42:51.047Z INFO  benchmark_client] Sending sample transaction 1177
[2026-09-10T03:42:51.096Z INFO  benchmark_client] Sending sample transaction 1178
[2026-09-10T03:42:51.146Z INFO  benchmark_client] Sending sample transaction 1179
[2026-09-10T03:42:51.197Z INFO  benchmark_client] Sending sample transaction 1180
[2026-09-10T03:42:51.245Z INFO  benchmark_client] Sending sample transaction 1181
[2026-09-10T03:42:51.296Z INFO  benchmark_client] Sending sample transaction 1182
[2026-09-10T03:42:51.346Z INFO  benchmark_client] Sending sample transaction 1183
[2026-09-10T03:42:51.396Z INFO  benchmark_client] Sending sample transaction 1184
[2026-09-10T03:42:51.448Z INFO  benchmark_client] Sending sample transaction 1185
[2026-09-10T03:42:51.496Z INFO  benchmark_client] Sending sample transaction 1186
[2026-09-10T03:42:51.546Z INFO  benchmark_client] Sending sample transaction 1187
[2026-09-10T03:42:51.595Z INFO  benchmark_client] Sending sample transaction 1188
[2026-09-10T03:42:51.645Z INFO  benchmark_client] Sending sample transaction 1189
[2026-09-10T03:42:51.698Z INFO  benchmark_client] Sending sample transaction 1190
[2026-09-10T03:42:51.746Z INFO  benchmark_client] Sending sample transaction 1191
[2026-09-10T03:42:51.798Z INFO  benchmark_client] Sending sample transaction 1192
[2026-09-10T03:42:51.846Z INFO  benchmark_client] Sending sample transaction 1193
[2026-09-10T03:42:51.896Z INFO  benchmark_client] Sending sample transaction 1194
[2026-09-10T03:42:51.948Z INFO  benchmark_client] Sending sample transaction 1195
[2026-09-10T03:42:51.996Z INFO  benchmark_client] Sending sample transaction 1196
