[2026-09-10T03:41:52.032Z INFO  benchmark_client] Node address: 136.67.182.4:5033
[2026-09-10T03:41:52.032Z INFO  benchmark_client] Transactions size: 512 B
[2026-09-10T03:41:52.032Z INFO  benchmark_client] Transactions rate: 12000 tx/s
[2026-09-10T03:41:52.032Z INFO  benchmark_client] Waiting for all nodes to be online...
[2026-09-10T03:41:52.193Z INFO  benchmark_client] Start sending transactions
[2026-09-10T03:41:52.194Z INFO  benchmark_client] Sending sample transaction 0
[2026-09-10T03:41:52.244Z INFO  benchmark_client] Sending sample transaction 1
[2026-09-10T03:41:52.294Z INFO  benchmark_client] Sending sample transaction 2
[2026-09-10T03:41:52.344Z INFO  benchmark_client] Sending sample transaction 3
[2026-09-10T03:41:52.394Z INFO  benchmark_client] Sending sample transaction 4
[2026-09-10T03:41:52.444Z INFO  benchmark_client] Sending sample transaction 5
[2026-09-10T03:41:52.494Z INFO  benchmark_client] Sending sample transaction 6
[2026-09-10T03:41:52.544Z INFO  benchmark_client] Sending sample transaction 7
[2026-09-10T03:41:52.594Z INFO  benchmark_client] Sending sample transaction 8
[2026-09-10T03:41:52.644Z INFO  benchmark_client] Sending sample transaction 9
[2026-09-10T03:41:52.694Z INFO  benchmark_client] Sending sample transaction 10
[2026-09-10T03:41:52.744Z INFO  benchmark_client] Sending sample transaction 11
[2026-09-10T03:41:52.794Z INFO  benchmark_client] Sending sample transaction 12
[2026-09-10T03:41:52.844Z INFO  benchmark_client] Sending sample transaction 13
[2026-09-10T03:41:52.894Z INFO  benchmark_client] Sending sample transaction 14
[2026-09-10T03:41:52.944Z INFO  benchmark_client] Sending sample transaction 15
[2026-09-10T03:41:52.994Z INFO  benchmark_client] Sending sample transaction 16
[2026-09-10T03:41:53.044Z INFO  benchmark_client] Sending sample transaction 17
[2026-09-10T03:41:53.094Z INFO  benchmark_client] Sending sample transaction 18
[2026-09-10T03:41:53.144Z INFO  benchmark_client] Sending sample transaction 19
[2026-09-10T03:41:53.195Z INFO  benchmark_client] Sending sample transaction 20
[2026-09-10T03:41:53.244Z INFO  benchmark_client] Sending sample transaction 21
[2026-09-10T03:41:53.294Z INFO  benchmark_client] Sending sample transaction 22
[2026-09-10T03:41:53.345Z INFO  benchmark_client] Sending sample transaction 23
[2026-09-10T03:41:53.394Z INFO  benchmark_client] Sending sample transaction 24
[2026-09-10T03:41:53.444Z INFO  benchmark_client] Sending sample transaction 25
[2026-09-10T03:41:53.494Z INFO  benchmark_client] Sending sample transaction 26
[2026-09-10T03:41:53.544Z INFO  benchmark_client] Sending sample transaction 27
[2026-09-10T03:41:53.594Z INFO  benchmark_client] Sending sample transaction 28
[2026-09-10T03:41:53.644Z INFO  benchmark_client] Sending sample transaction 29
[2026-09-10T03:41:53.695Z INFO  benchmark_client] Sending sample transaction 30
[2026-09-10T03:41:53.744Z INFO  benchmark_client] Sending sample transaction 31
[2026-09-10T03:41:53.794Z INFO  benchmark_client] Sending sample transaction 32
[2026-09-10T03:41:53.845Z INFO  benchmark_client] Sending sample transaction 33
[2026-09-10T03:41:53.894Z INFO  benchmark_client] Sending sample transaction 34
[2026-09-10T03:41:53.944Z INFO  benchmark_client] Sending sample transaction 35
[2026-09-10T03:41:53.995Z INFO  benchmark_client] Sending sample transaction 36
[2026-09-10T03:41:54.044Z INFO  benchmark_client] Sending sample transaction 37
[2026-09-10T03:41:54.094Z INFO  benchmark_client] Sending sample transaction 38
[2026-09-10T03:41:54.144Z INFO  benchmark_client] Sending sample transaction 39
[2026-09-10T03:41:54.194Z INFO  benchmark_client] Sending sample transaction 40
[2026-09-10T03:41:54.244Z INFO  benchmark_client] Sending sample transaction 41
[2026-09-10T03:41:54.294Z INFO  benchmark_client] Sending sample transaction 42
[2026-09-10T03:41:54.344Z INFO  benchmark_client] Sending sample transaction 43
[2026-09-10T03:41:54.394Z INFO  benchmark_client] Sending sample transaction 44
[2026-09-10T03:41:54.444Z INFO  benchmark_client] Sending sample transaction 45
[2026-09-10T03:41:54.497Z INFO  benchmark_client] Sending sample transaction 46
[2026-09-10T03:41:54.544Z INFO  benchmark_client] Sending sample transaction 47
[2026-09-10T03:41:54.595Z INFO  benchmark_client] Sending sample transaction 48
[2026-09-10T03:41:54.645Z INFO  benchmark_client] Sending sample transaction 49
[2026-09-10T03:41:54.694Z INFO  benchmark_client] Sending sample transaction 50
[2026-09-10T03:41:54.744Z INFO  benchmark_client] Sending sample transaction 51
[2026-09-10T03:41:54.794Z INFO  benchmark_client] Sending sample transaction 52
[2026-09-10T03:41:54.844Z INFO  benchmark_client] Sending sample transaction 53
[2026-09-10T03:41:54.894Z INFO  benchmark_client] Sending sample transaction 54
[2026-09-10T03:41:54.947Z INFO  benchmark_client] Sending sample transaction 55
[2026-09-10T03:41:54.994Z INFO  benchmark_client] Sending sample transaction 56
[2026-09-10T03:41:55.044Z INFO  benchmark_client] Sending sample transaction 57
[2026-09-10T03:41:55.094Z INFO  benchmark_client] Sending sample transaction 58
[2026-09-10T03:41:55.144Z INFO  benchmark_client] Sending sample transaction 59
[2026-09-10T03:41:55.194Z INFO  benchmark_client] Sending sample transaction 60
[2026-09-10T03:41:55.244Z INFO  benchmark_client] Sending sample transaction 61
[2026-09-10T03:41:55.294Z INFO  benchmark_client] Sending sample transaction 62
[2026-09-10T03:41:55.344Z INFO  benchmark_client] Sending sample transaction 63
[2026-09-10T03:41:55.394Z INFO  benchmark_client] Sending sample transaction 64
[2026-09-10T03:41:55.444Z INFO  benchmark_client] Sending sample transaction 65
[2026-09-10T03:41:55.494Z INFO  benchmark_client] Sending sample transaction 66
[2026-09-10T03:41:55.544Z INFO  benchmark_client] Sending sample transaction 67
[2026-09-10T03:41:55.594Z INFO  benchmark_client] Sending sample transaction 68
[2026-09-10T03:41:55.644Z INFO  benchmark_client] Sending sample transaction 69
[2026-09-10T03:41:55.694Z INFO  benchmark_client] Sending sample transaction 70
[2026-09-10T03:41:55.744Z INFO  benchmark_client] Sending sample transaction 71
[2026-09-10T03:41:55.794Z INFO  benchmark_client] Sending sample transaction 72
[2026-09-10T03:41:55.844Z INFO  benchmark_client] Sending sample transaction 73
[2026-09-10T03:41:55.894Z INFO  benchmark_client] Sending sample transaction 74
[2026-09-10T03:41:55.945Z INFO  benchmark_client] Sending sample transaction 75
[2026-09-10T03:41:55.994Z INFO  benchmark_client] Sending sample transaction 76
[2026-09-10T03:41:56.044Z INFO  benchmark_client] Sending sample transaction 77
[2026-09-10T03:41:56.094Z INFO  benchmark_client] Sending sample transaction 78
[2026-09-10T03:41:56.144Z INFO  benchmark_client] Sending sample transaction 79
[2026-09-10T03:41:56.194Z INFO  benchmark_client] Sending sample transaction 80
[2026-09-10T03:41:56.244Z INFO  benchmark_client] Sending sample transaction 81
[2026-09-10T03:41:56.295Z INFO  benchmark_client] Sending sample transaction 82
[2026-09-10T03:41:56.345Z INFO  benchmark_client] Sending sample transaction 83
[2026-09-10T03:41:56.394Z INFO  benchmark_client] Sending sample transaction 84
[2026-09-10T03:41:56.444Z INFO  benchmark_client] Sending sample transaction 85
[2026-09-10T03:41:56.494Z INFO  benchmark_client] Sending sample transaction 86
[2026-09-10T03:41:56.545Z INFO  benchmark_client] Sending sample transaction 87
[2026-09-10T03:41:56.595Z INFO  benchmark_client] Sending sample transaction 88
[2026-09-10T03:41:56.644Z INFO  benchmark_client] Sending sample transaction 89
[2026-09-10T03:41:56.694Z INFO  benchmark_client] Sending sample transaction 90
[2026-09-10T03:41:56.745Z INFO  benchmark_client] Sending sample transaction 91
[2026-09-10T03:41:56.794Z INFO  benchmark_client] Sending sample transaction 92
[2026-09-10T03:41:56.844Z INFO  benchmark_client] Sending sample transaction 93
[2026-09-10T03:41:56.894Z INFO  benchmark_client] Sending sample transaction 94
[2026-09-10T03:41:56.944Z INFO  benchmark_client] Sending sample transaction 95
[2026-09-10T03:41:56.994Z INFO  benchmark_client] Sending sample transaction 96
[2026-09-10T03:41:57.046Z INFO  benchmark_client] Sending sample transaction 97
[2026-09-10T03:41:57.097Z INFO  benchmark_client] Sending sample transaction 98
[2026-09-10T03:41:57.145Z INFO  benchmark_client] Sending sample transaction 99
[2026-09-10T03:41:57.195Z INFO  benchmark_client] Sending sample transaction 100
[2026-09-10T03:41:57.247Z INFO  benchmark_client] Sending sample transaction 101
[2026-09-10T03:41:57.294Z INFO  benchmark_client] Sending sample transaction 102
[2026-09-10T03:41:57.345Z INFO  benchmark_client] Sending sample transaction 103
[2026-09-10T03:41:57.394Z INFO  benchmark_client] Sending sample transaction 104
[2026-09-10T03:41:57.444Z INFO  benchmark_client] Sending sample transaction 105
[2026-09-10T03:41:57.495Z INFO  benchmark_client] Sending sample transaction 106
[2026-09-10T03:41:57.544Z INFO  benchmark_client] Sending sample transaction 107
[2026-09-10T03:41:57.594Z INFO  benchmark_client] Sending sample transaction 108
[2026-09-10T03:41:57.644Z INFO  benchmark_client] Sending sample transaction 109
[2026-09-10T03:41:57.694Z INFO  benchmark_client] Sending sample transaction 110
[2026-09-10T03:41:57.744Z INFO  benchmark_client] Sending sample transaction 111
[2026-09-10T03:41:57.794Z INFO  benchmark_client] Sending sample transaction 112
[2026-09-10T03:41:57.844Z INFO  benchmark_client] Sending sample transaction 113
[2026-09-10T03:41:57.895Z INFO  benchmark_client] Sending sample transaction 114
[2026-09-10T03:41:57.945Z INFO  benchmark_client] Sending sample transaction 115
[2026-09-10T03:41:57.994Z INFO  benchmark_client] Sending sample transaction 116
[2026-09-10T03:41:58.044Z INFO  benchmark_client] Sending sample transaction 117
[2026-09-10T03:41:58.094Z INFO  benchmark_client] Sending sample transaction 118
[2026-09-10T03:41:58.144Z INFO  benchmark_client] Sending sample transaction 119
[2026-09-10T03:41:58.195Z INFO  benchmark_client] Sending sample transaction 120
[2026-09-10T03:41:58.244Z INFO  benchmark_client] Sending sample transaction 121
[2026-09-10T03:41:58.295Z INFO  benchmark_client] Sending sample transaction 122
[2026-09-10T03:41:58.344Z INFO  benchmark_client] Sending sample transaction 123
[2026-09-10T03:41:58.394Z INFO  benchmark_client] Sending sample transaction 124
[2026-09-10T03:41:58.444Z INFO  benchmark_client] Sending sample transaction 125
[2026-09-10T03:41:58.495Z INFO  benchmark_client] Sending sample transaction 126
[2026-09-10T03:41:58.544Z INFO  benchmark_client] Sending sample transaction 127
[2026-09-10T03:41:58.594Z INFO  benchmark_client] Sending sample transaction 128
[2026-09-10T03:41:58.644Z INFO  benchmark_client] Sending sample transaction 129
[2026-09-10T03:41:58.694Z INFO  benchmark_client] Sending sample transaction 130
[2026-09-10T03:41:58.744Z INFO  benchmark_client] Sending sample transaction 131
[2026-09-10T03:41:58.794Z INFO  benchmark_client] Sending sample transaction 132
[2026-09-10T03:41:58.844Z INFO  benchmark_client] Sending sample transaction 133
[2026-09-10T03:41:58.894Z INFO  benchmark_client] Sending sample transaction 134
[2026-09-10T03:41:58.944Z INFO  benchmark_client] Sending sample transaction 135
[2026-09-10T03:41:58.994Z INFO  benchmark_client] Sending sample transaction 136
[2026-09-10T03:41:59.045Z INFO  benchmark_client] Sending sample transaction 137
[2026-09-10T03:41:59.095Z INFO  benchmark_client] Sending sample transaction 138
[2026-09-10T03:41:59.145Z INFO  benchmark_client] Sending sample transaction 139
[2026-09-10T03:41:59.194Z INFO  benchmark_client] Sending sample transaction 140
[2026-09-10T03:41:59.245Z INFO  benchmark_client] Sending sample transaction 141
[2026-09-10T03:41:59.294Z INFO  benchmark_client] Sending sample transaction 142
[2026-09-10T03:41:59.347Z INFO  benchmark_client] Sending sample transaction 143
[2026-09-10T03:41:59.394Z INFO  benchmark_client] Sending sample transaction 144
[2026-09-10T03:41:59.445Z INFO  benchmark_client] Sending sample transaction 145
[2026-09-10T03:41:59.494Z INFO  benchmark_client] Sending sample transaction 146
[2026-09-10T03:41:59.544Z INFO  benchmark_client] Sending sample transaction 147
[2026-09-10T03:41:59.594Z INFO  benchmark_client] Sending sample transaction 148
[2026-09-10T03:41:59.644Z INFO  benchmark_client] Sending sample transaction 149
[2026-09-10T03:41:59.694Z INFO  benchmark_client] Sending sample transaction 150
[2026-09-10T03:41:59.744Z INFO  benchmark_client] Sending sample transaction 151
[2026-09-10T03:41:59.794Z INFO  benchmark_client] Sending sample transaction 152
[2026-09-10T03:41:59.845Z INFO  benchmark_client] Sending sample transaction 153
[2026-09-10T03:41:59.894Z INFO  benchmark_client] Sending sample transaction 154
[2026-09-10T03:41:59.944Z INFO  benchmark_client] Sending sample transaction 155
[2026-09-10T03:41:59.994Z INFO  benchmark_client] Sending sample transaction 156
[2026-09-10T03:42:00.044Z INFO  benchmark_client] Sending sample transaction 157
[2026-09-10T03:42:00.094Z INFO  benchmark_client] Sending sample transaction 158
[2026-09-10T03:42:00.145Z INFO  benchmark_client] Sending sample transaction 159
[2026-09-10T03:42:00.195Z INFO  benchmark_client] Sending sample transaction 160
[2026-09-10T03:42:00.244Z INFO  benchmark_client] Sending sample transaction 161
[2026-09-10T03:42:00.298Z INFO  benchmark_client] Sending sample transaction 162
[2026-09-10T03:42:00.344Z INFO  benchmark_client] Sending sample transaction 163
[2026-09-10T03:42:00.394Z INFO  benchmark_client] Sending sample transaction 164
[2026-09-10T03:42:00.445Z INFO  benchmark_client] Sending sample transaction 165
[2026-09-10T03:42:00.495Z INFO  benchmark_client] Sending sample transaction 166
[2026-09-10T03:42:00.545Z INFO  benchmark_client] Sending sample transaction 167
[2026-09-10T03:42:00.595Z INFO  benchmark_client] Sending sample transaction 168
[2026-09-10T03:42:00.644Z INFO  benchmark_client] Sending sample transaction 169
[2026-09-10T03:42:00.694Z INFO  benchmark_client] Sending sample transaction 170
[2026-09-10T03:42:00.744Z INFO  benchmark_client] Sending sample transaction 171
[2026-09-10T03:42:00.794Z INFO  benchmark_client] Sending sample transaction 172
[2026-09-10T03:42:00.844Z INFO  benchmark_client] Sending sample transaction 173
[2026-09-10T03:42:00.894Z INFO  benchmark_client] Sending sample transaction 174
[2026-09-10T03:42:00.944Z INFO  benchmark_client] Sending sample transaction 175
[2026-09-10T03:42:00.994Z INFO  benchmark_client] Sending sample transaction 176
[2026-09-10T03:42:01.044Z INFO  benchmark_client] Sending sample transaction 177
[2026-09-10T03:42:01.094Z INFO  benchmark_client] Sending sample transaction 178
[2026-09-10T03:42:01.144Z INFO  benchmark_client] Sending sample transaction 179
[2026-09-10T03:42:01.194Z INFO  benchmark_client] Sending sample transaction 180
[2026-09-10T03:42:01.244Z INFO  benchmark_client] Sending sample transaction 181
[2026-09-10T03:42:01.295Z INFO  benchmark_client] Sending sample transaction 182
[2026-09-10T03:42:01.344Z INFO  benchmark_client] Sending sample transaction 183
[2026-09-10T03:42:01.395Z INFO  benchmark_client] Sending sample transaction 184
[2026-09-10T03:42:01.446Z INFO  benchmark_client] Sending sample transaction 185
[2026-09-10T03:42:01.495Z INFO  benchmark_client] Sending sample transaction 186
[2026-09-10T03:42:01.544Z INFO  benchmark_client] Sending sample transaction 187
[2026-09-10T03:42:01.594Z INFO  benchmark_client] Sending sample transaction 188
[2026-09-10T03:42:01.645Z INFO  benchmark_client] Sending sample transaction 189
[2026-09-10T03:42:01.695Z INFO  benchmark_client] Sending sample transaction 190
[2026-09-10T03:42:01.745Z INFO  benchmark_client] Sending sample transaction 191
[2026-09-10T03:42:01.797Z INFO  benchmark_client] Sending sample transaction 192
[2026-09-10T03:42:01.845Z INFO  benchmark_client] Sending sample transaction 193
[2026-09-10T03:42:01.895Z INFO  benchmark_client] Sending sample transaction 194
[2026-09-10T03:42:01.946Z INFO  benchmark_client] Sending sample transaction 195
[2026-09-10T03:42:01.994Z INFO  benchmark_client] Sending sample transaction 196
[2026-09-10T03:42:02.044Z INFO  benchmark_client] Sending sample transaction 197
[2026-09-10T03:42:02.095Z INFO  benchmark_client] Sending sample transaction 198
[2026-09-10T03:42:02.145Z INFO  benchmark_client] Sending sample transaction 199
[2026-09-10T03:42:02.195Z INFO  benchmark_client] Sending sample transaction 200
[2026-09-10T03:42:02.244Z INFO  benchmark_client] Sending sample transaction 201
[2026-09-10T03:42:02.295Z INFO  benchmark_client] Sending sample transaction 202
[2026-09-10T03:42:02.345Z INFO  benchmark_client] Sending sample transaction 203
[2026-09-10T03:42:02.395Z INFO  benchmark_client] Sending sample transaction 204
[2026-09-10T03:42:02.446Z INFO  benchmark_client] Sending sample transaction 205
[2026-09-10T03:42:02.494Z INFO  benchmark_client] Sending sample transaction 206
[2026-09-10T03:42:02.545Z INFO  benchmark_client] Sending sample transaction 207
[2026-09-10T03:42:02.596Z INFO  benchmark_client] Sending sample transaction 208
[2026-09-10T03:42:02.644Z INFO  benchmark_client] Sending sample transaction 209
[2026-09-10T03:42:02.695Z INFO  benchmark_client] Sending sample transaction 210
[2026-09-10T03:42:02.745Z INFO  benchmark_client] Sending sample transaction 211
[2026-09-10T03:42:02.794Z INFO  benchmark_client] Sending sample transaction 212
[2026-09-10T03:42:02.844Z INFO  benchmark_client] Sending sample transaction 213
[2026-09-10T03:42:02.894Z INFO  benchmark_client] Sending sample transaction 214
[2026-09-10T03:42:02.944Z INFO  benchmark_client] Sending sample transaction 215
[2026-09-10T03:42:02.995Z INFO  benchmark_client] Sending sample transaction 216
[2026-09-10T03:42:03.044Z INFO  benchmark_client] Sending sample transaction 217
[2026-09-10T03:42:03.094Z INFO  benchmark_client] Sending sample transaction 218
[2026-09-10T03:42:03.145Z INFO  benchmark_client] Sending sample transaction 219
[2026-09-10T03:42:03.194Z INFO  benchmark_client] Sending sample transaction 220
[2026-09-10T03:42:03.244Z INFO  benchmark_client] Sending sample transaction 221
[2026-09-10T03:42:03.294Z INFO  benchmark_client] Sending sample transaction 222
[2026-09-10T03:42:03.344Z INFO  benchmark_client] Sending sample transaction 223
[2026-09-10T03:42:03.394Z INFO  benchmark_client] Sending sample transaction 224
[2026-09-10T03:42:03.444Z INFO  benchmark_client] Sending sample transaction 225
[2026-09-10T03:42:03.494Z INFO  benchmark_client] Sending sample transaction 226
[2026-09-10T03:42:03.548Z INFO  benchmark_client] Sending sample transaction 227
[2026-09-10T03:42:03.595Z INFO  benchmark_client] Sending sample transaction 228
[2026-09-10T03:42:03.645Z INFO  benchmark_client] Sending sample transaction 229
[2026-09-10T03:42:03.694Z INFO  benchmark_client] Sending sample transaction 230
[2026-09-10T03:42:03.745Z INFO  benchmark_client] Sending sample transaction 231
[2026-09-10T03:42:03.795Z INFO  benchmark_client] Sending sample transaction 232
[2026-09-10T03:42:03.845Z INFO  benchmark_client] Sending sample transaction 233
[2026-09-10T03:42:03.894Z INFO  benchmark_client] Sending sample transaction 234
[2026-09-10T03:42:03.944Z INFO  benchmark_client] Sending sample transaction 235
[2026-09-10T03:42:03.994Z INFO  benchmark_client] Sending sample transaction 236
[2026-09-10T03:42:04.045Z INFO  benchmark_client] Sending sample transaction 237
[2026-09-10T03:42:04.095Z INFO  benchmark_client] Sending sample transaction 238
[2026-09-10T03:42:04.144Z INFO  benchmark_client] Sending sample transaction 239
[2026-09-10T03:42:04.195Z INFO  benchmark_client] Sending sample transaction 240
[2026-09-10T03:42:04.244Z INFO  benchmark_client] Sending sample transaction 241
[2026-09-10T03:42:04.294Z INFO  benchmark_client] Sending sample transaction 242
[2026-09-10T03:42:04.344Z INFO  benchmark_client] Sending sample transaction 243
[2026-09-10T03:42:04.394Z INFO  benchmark_client] Sending sample transaction 244
[2026-09-10T03:42:04.444Z INFO  benchmark_client] Sending sample transaction 245
[2026-09-10T03:42:04.495Z INFO  benchmark_client] Sending sample transaction 246
[2026-09-10T03:42:04.544Z INFO  benchmark_client] Sending sample transaction 247
[2026-09-10T03:42:04.594Z INFO  benchmark_client] Sending sample transaction 248
[2026-09-10T03:42:04.645Z INFO  benchmark_client] Sending sample transaction 249
[2026-09-10T03:42:04.695Z INFO  benchmark_client] Sending sample transaction 250
[2026-09-10T03:42:04.745Z INFO  benchmark_client] Sending sample transaction 251
[2026-09-10T03:42:04.794Z INFO  benchmark_client] Sending sample transaction 252
[2026-09-10T03:42:04.844Z INFO  benchmark_client] Sending sample transaction 253
[2026-09-10T03:42:04.895Z INFO  benchmark_client] Sending sample transaction 254
[2026-09-10T03:42:04.944Z INFO  benchmark_client] Sending sample transaction 255
[2026-09-10T03:42:04.994Z INFO  benchmark_client] Sending sample transaction 256
[2026-09-10T03:42:05.045Z INFO  benchmark_client] Sending sample transaction 257
[2026-09-10T03:42:05.094Z INFO  benchmark_client] Sending sample transaction 258
[2026-09-10T03:42:05.145Z INFO  benchmark_client] Sending sample transaction 259
[2026-09-10T03:42:05.195Z INFO  benchmark_client] Sending sample transaction 260
[2026-09-10T03:42:05.244Z INFO  benchmark_client] Sending sample transaction 261
[2026-09-10T03:42:05.294Z INFO  benchmark_client] Sending sample transaction 262
[2026-09-10T03:42:05.344Z INFO  benchmark_client] Sending sample transaction 263
[2026-09-10T03:42:05.395Z INFO  benchmark_client] Sending sample transaction 264
[2026-09-10T03:42:05.444Z INFO  benchmark_client] Sending sample transaction 265
[2026-09-10T03:42:05.494Z INFO  benchmark_client] Sending sample transaction 266
[2026-09-10T03:42:05.545Z INFO  benchmark_client] Sending sample transaction 267
[2026-09-10T03:42:05.595Z INFO  benchmark_client] Sending sample transaction 268
[2026-09-10T03:42:05.645Z INFO  benchmark_client] Sending sample transaction 269
[2026-09-10T03:42:05.698Z INFO  benchmark_client] Sending sample transaction 270
[2026-09-10T03:42:05.744Z INFO  benchmark_client] Sending sample transaction 271
[2026-09-10T03:42:05.795Z INFO  benchmark_client] Sending sample transaction 272
[2026-09-10T03:42:05.845Z INFO  benchmark_client] Sending sample transaction 273
[2026-09-10T03:42:05.895Z INFO  benchmark_client] Sending sample transaction 274
[2026-09-10T03:42:05.945Z INFO  benchmark_client] Sending sample transaction 275
[2026-09-10T03:42:05.995Z INFO  benchmark_client] Sending sample transaction 276
[2026-09-10T03:42:06.045Z INFO  benchmark_client] Sending sample transaction 277
[2026-09-10T03:42:06.095Z INFO  benchmark_client] Sending sample transaction 278
[2026-09-10T03:42:06.144Z INFO  benchmark_client] Sending sample transaction 279
[2026-09-10T03:42:06.195Z INFO  benchmark_client] Sending sample transaction 280
[2026-09-10T03:42:06.245Z INFO  benchmark_client] Sending sample transaction 281
[2026-09-10T03:42:06.295Z INFO  benchmark_client] Sending sample transaction 282
[2026-09-10T03:42:06.345Z INFO  benchmark_client] Sending sample transaction 283
[2026-09-10T03:42:06.396Z INFO  benchmark_client] Sending sample transaction 284
[2026-09-10T03:42:06.447Z INFO  benchmark_client] Sending sample transaction 285
[2026-09-10T03:42:06.494Z INFO  benchmark_client] Sending sample transaction 286
[2026-09-10T03:42:06.544Z INFO  benchmark_client] Sending sample transaction 287
[2026-09-10T03:42:06.594Z INFO  benchmark_client] Sending sample transaction 288
[2026-09-10T03:42:06.644Z INFO  benchmark_client] Sending sample transaction 289
[2026-09-10T03:42:06.694Z INFO  benchmark_client] Sending sample transaction 290
[2026-09-10T03:42:06.744Z INFO  benchmark_client] Sending sample transaction 291
[2026-09-10T03:42:06.795Z INFO  benchmark_client] Sending sample transaction 292
[2026-09-10T03:42:06.844Z INFO  benchmark_client] Sending sample transaction 293
[2026-09-10T03:42:06.894Z INFO  benchmark_client] Sending sample transaction 294
[2026-09-10T03:42:06.944Z INFO  benchmark_client] Sending sample transaction 295
[2026-09-10T03:42:06.995Z INFO  benchmark_client] Sending sample transaction 296
[2026-09-10T03:42:07.045Z INFO  benchmark_client] Sending sample transaction 297
[2026-09-10T03:42:07.095Z INFO  benchmark_client] Sending sample transaction 298
[2026-09-10T03:42:07.144Z INFO  benchmark_client] Sending sample transaction 299
[2026-09-10T03:42:07.194Z INFO  benchmark_client] Sending sample transaction 300
[2026-09-10T03:42:07.245Z INFO  benchmark_client] Sending sample transaction 301
[2026-09-10T03:42:07.295Z INFO  benchmark_client] Sending sample transaction 302
[2026-09-10T03:42:07.344Z INFO  benchmark_client] Sending sample transaction 303
[2026-09-10T03:42:07.395Z INFO  benchmark_client] Sending sample transaction 304
[2026-09-10T03:42:07.445Z INFO  benchmark_client] Sending sample transaction 305
[2026-09-10T03:42:07.495Z INFO  benchmark_client] Sending sample transaction 306
[2026-09-10T03:42:07.544Z INFO  benchmark_client] Sending sample transaction 307
[2026-09-10T03:42:07.594Z INFO  benchmark_client] Sending sample transaction 308
[2026-09-10T03:42:07.644Z INFO  benchmark_client] Sending sample transaction 309
[2026-09-10T03:42:07.695Z INFO  benchmark_client] Sending sample transaction 310
[2026-09-10T03:42:07.744Z INFO  benchmark_client] Sending sample transaction 311
[2026-09-10T03:42:07.794Z INFO  benchmark_client] Sending sample transaction 312
[2026-09-10T03:42:07.845Z INFO  benchmark_client] Sending sample transaction 313
[2026-09-10T03:42:07.894Z INFO  benchmark_client] Sending sample transaction 314
[2026-09-10T03:42:07.944Z INFO  benchmark_client] Sending sample transaction 315
[2026-09-10T03:42:07.995Z INFO  benchmark_client] Sending sample transaction 316
[2026-09-10T03:42:08.045Z INFO  benchmark_client] Sending sample transaction 317
[2026-09-10T03:42:08.095Z INFO  benchmark_client] Sending sample transaction 318
[2026-09-10T03:42:08.144Z INFO  benchmark_client] Sending sample transaction 319
[2026-09-10T03:42:08.194Z INFO  benchmark_client] Sending sample transaction 320
[2026-09-10T03:42:08.245Z INFO  benchmark_client] Sending sample transaction 321
[2026-09-10T03:42:08.294Z INFO  benchmark_client] Sending sample transaction 322
[2026-09-10T03:42:08.344Z INFO  benchmark_client] Sending sample transaction 323
[2026-09-10T03:42:08.396Z INFO  benchmark_client] Sending sample transaction 324
[2026-09-10T03:42:08.445Z INFO  benchmark_client] Sending sample transaction 325
[2026-09-10T03:42:08.494Z INFO  benchmark_client] Sending sample transaction 326
[2026-09-10T03:42:08.545Z INFO  benchmark_client] Sending sample transaction 327
[2026-09-10T03:42:08.595Z INFO  benchmark_client] Sending sample transaction 328
[2026-09-10T03:42:08.645Z INFO  benchmark_client] Sending sample transaction 329
[2026-09-10T03:42:08.694Z INFO  benchmark_client] Sending sample transaction 330
[2026-09-10T03:42:08.744Z INFO  benchmark_client] Sending sample transaction 331
[2026-09-10T03:42:08.795Z INFO  benchmark_client] Sending sample transaction 332
[2026-09-10T03:42:08.845Z INFO  benchmark_client] Sending sample transaction 333
[2026-09-10T03:42:08.894Z INFO  benchmark_client] Sending sample transaction 334
[2026-09-10T03:42:08.945Z INFO  benchmark_client] Sending sample transaction 335
[2026-09-10T03:42:08.995Z INFO  benchmark_client] Sending sample transaction 336
[2026-09-10T03:42:09.045Z INFO  benchmark_client] Sending sample transaction 337
[2026-09-10T03:42:09.095Z INFO  benchmark_client] Sending sample transaction 338
[2026-09-10T03:42:09.145Z INFO  benchmark_client] Sending sample transaction 339
[2026-09-10T03:42:09.194Z INFO  benchmark_client] Sending sample transaction 340
[2026-09-10T03:42:09.246Z INFO  benchmark_client] Sending sample transaction 341
[2026-09-10T03:42:09.295Z INFO  benchmark_client] Sending sample transaction 342
[2026-09-10T03:42:09.344Z INFO  benchmark_client] Sending sample transaction 343
[2026-09-10T03:42:09.395Z INFO  benchmark_client] Sending sample transaction 344
[2026-09-10T03:42:09.445Z INFO  benchmark_client] Sending sample transaction 345
[2026-09-10T03:42:09.495Z INFO  benchmark_client] Sending sample transaction 346
[2026-09-10T03:42:09.544Z INFO  benchmark_client] Sending sample transaction 347
[2026-09-10T03:42:09.594Z INFO  benchmark_client] Sending sample transaction 348
[2026-09-10T03:42:09.645Z INFO  benchmark_client] Sending sample transaction 349
[2026-09-10T03:42:09.694Z INFO  benchmark_client] Sending sample transaction 350
[2026-09-10T03:42:09.745Z INFO  benchmark_client] Sending sample transaction 351
[2026-09-10T03:42:09.794Z INFO  benchmark_client] Sending sample transaction 352
[2026-09-10T03:42:09.844Z INFO  benchmark_client] Sending sample transaction 353
[2026-09-10T03:42:09.894Z INFO  benchmark_client] Sending sample transaction 354
[2026-09-10T03:42:09.946Z INFO  benchmark_client] Sending sample transaction 355
[2026-09-10T03:42:09.996Z INFO  benchmark_client] Sending sample transaction 356
[2026-09-10T03:42:10.045Z INFO  benchmark_client] Sending sample transaction 357
[2026-09-10T03:42:10.096Z INFO  benchmark_client] Sending sample transaction 358
[2026-09-10T03:42:10.144Z INFO  benchmark_client] Sending sample transaction 359
[2026-09-10T03:42:10.194Z INFO  benchmark_client] Sending sample transaction 360
[2026-09-10T03:42:10.245Z INFO  benchmark_client] Sending sample transaction 361
[2026-09-10T03:42:10.294Z INFO  benchmark_client] Sending sample transaction 362
[2026-09-10T03:42:10.345Z INFO  benchmark_client] Sending sample transaction 363
[2026-09-10T03:42:10.394Z INFO  benchmark_client] Sending sample transaction 364
[2026-09-10T03:42:10.445Z INFO  benchmark_client] Sending sample transaction 365
[2026-09-10T03:42:10.495Z INFO  benchmark_client] Sending sample transaction 366
[2026-09-10T03:42:10.546Z INFO  benchmark_client] Sending sample transaction 367
[2026-09-10T03:42:10.594Z INFO  benchmark_client] Sending sample transaction 368
[2026-09-10T03:42:10.645Z INFO  benchmark_client] Sending sample transaction 369
[2026-09-10T03:42:10.695Z INFO  benchmark_client] Sending sample transaction 370
[2026-09-10T03:42:10.747Z INFO  benchmark_client] Sending sample transaction 371
[2026-09-10T03:42:10.797Z INFO  benchmark_client] Sending sample transaction 372
[2026-09-10T03:42:10.844Z INFO  benchmark_client] Sending sample transaction 373
[2026-09-10T03:42:10.894Z INFO  benchmark_client] Sending sample transaction 374
[2026-09-10T03:42:10.946Z INFO  benchmark_client] Sending sample transaction 375
[2026-09-10T03:42:10.996Z INFO  benchmark_client] Sending sample transaction 376
[2026-09-10T03:42:11.045Z INFO  benchmark_client] Sending sample transaction 377
[2026-09-10T03:42:11.095Z INFO  benchmark_client] Sending sample transaction 378
[2026-09-10T03:42:11.145Z INFO  benchmark_client] Sending sample transaction 379
[2026-09-10T03:42:11.195Z INFO  benchmark_client] Sending sample transaction 380
[2026-09-10T03:42:11.244Z INFO  benchmark_client] Sending sample transaction 381
[2026-09-10T03:42:11.294Z INFO  benchmark_client] Sending sample transaction 382
[2026-09-10T03:42:11.344Z INFO  benchmark_client] Sending sample transaction 383
[2026-09-10T03:42:11.394Z INFO  benchmark_client] Sending sample transaction 384
[2026-09-10T03:42:11.445Z INFO  benchmark_client] Sending sample transaction 385
[2026-09-10T03:42:11.495Z INFO  benchmark_client] Sending sample transaction 386
[2026-09-10T03:42:11.545Z INFO  benchmark_client] Sending sample transaction 387
[2026-09-10T03:42:11.594Z INFO  benchmark_client] Sending sample transaction 388
[2026-09-10T03:42:11.645Z INFO  benchmark_client] Sending sample transaction 389
[2026-09-10T03:42:11.695Z INFO  benchmark_client] Sending sample transaction 390
[2026-09-10T03:42:11.745Z INFO  benchmark_client] Sending sample transaction 391
[2026-09-10T03:42:11.795Z INFO  benchmark_client] Sending sample transaction 392
[2026-09-10T03:42:11.844Z INFO  benchmark_client] Sending sample transaction 393
[2026-09-10T03:42:11.894Z INFO  benchmark_client] Sending sample transaction 394
[2026-09-10T03:42:11.945Z INFO  benchmark_client] Sending sample transaction 395
[2026-09-10T03:42:11.995Z INFO  benchmark_client] Sending sample transaction 396
[2026-09-10T03:42:12.044Z INFO  benchmark_client] Sending sample transaction 397
[2026-09-10T03:42:12.098Z INFO  benchmark_client] Sending sample transaction 398
[2026-09-10T03:42:12.145Z INFO  benchmark_client] Sending sample transaction 399
[2026-09-10T03:42:12.195Z INFO  benchmark_client] Sending sample transaction 400
[2026-09-10T03:42:12.245Z INFO  benchmark_client] Sending sample transaction 401
[2026-09-10T03:42:12.295Z INFO  benchmark_client] Sending sample transaction 402
[2026-09-10T03:42:12.347Z INFO  benchmark_client] Sending sample transaction 403
[2026-09-10T03:42:12.395Z INFO  benchmark_client] Sending sample transaction 404
[2026-09-10T03:42:12.445Z INFO  benchmark_client] Sending sample transaction 405
[2026-09-10T03:42:12.494Z INFO  benchmark_client] Sending sample transaction 406
[2026-09-10T03:42:12.545Z INFO  benchmark_client] Sending sample transaction 407
[2026-09-10T03:42:12.595Z INFO  benchmark_client] Sending sample transaction 408
[2026-09-10T03:42:12.644Z INFO  benchmark_client] Sending sample transaction 409
[2026-09-10T03:42:12.695Z INFO  benchmark_client] Sending sample transaction 410
[2026-09-10T03:42:12.744Z INFO  benchmark_client] Sending sample transaction 411
[2026-09-10T03:42:12.794Z INFO  benchmark_client] Sending sample transaction 412
[2026-09-10T03:42:12.845Z INFO  benchmark_client] Sending sample transaction 413
[2026-09-10T03:42:12.895Z INFO  benchmark_client] Sending sample transaction 414
[2026-09-10T03:42:12.944Z INFO  benchmark_client] Sending sample transaction 415
[2026-09-10T03:42:12.994Z INFO  benchmark_client] Sending sample transaction 416
[2026-09-10T03:42:13.045Z INFO  benchmark_client] Sending sample transaction 417
[2026-09-10T03:42:13.096Z INFO  benchmark_client] Sending sample transaction 418
[2026-09-10T03:42:13.145Z INFO  benchmark_client] Sending sample transaction 419
[2026-09-10T03:42:13.197Z INFO  benchmark_client] Sending sample transaction 420
[2026-09-10T03:42:13.245Z INFO  benchmark_client] Sending sample transaction 421
[2026-09-10T03:42:13.295Z INFO  benchmark_client] Sending sample transaction 422
[2026-09-10T03:42:13.345Z INFO  benchmark_client] Sending sample transaction 423
[2026-09-10T03:42:13.395Z INFO  benchmark_client] Sending sample transaction 424
[2026-09-10T03:42:13.444Z INFO  benchmark_client] Sending sample transaction 425
[2026-09-10T03:42:13.494Z INFO  benchmark_client] Sending sample transaction 426
[2026-09-10T03:42:13.545Z INFO  benchmark_client] Sending sample transaction 427
[2026-09-10T03:42:13.594Z INFO  benchmark_client] Sending sample transaction 428
[2026-09-10T03:42:13.645Z INFO  benchmark_client] Sending sample transaction 429
[2026-09-10T03:42:13.694Z INFO  benchmark_client] Sending sample transaction 430
[2026-09-10T03:42:13.744Z INFO  benchmark_client] Sending sample transaction 431
[2026-09-10T03:42:13.795Z INFO  benchmark_client] Sending sample transaction 432
[2026-09-10T03:42:13.845Z INFO  benchmark_client] Sending sample transaction 433
[2026-09-10T03:42:13.895Z INFO  benchmark_client] Sending sample transaction 434
[2026-09-10T03:42:13.944Z INFO  benchmark_client] Sending sample transaction 435
[2026-09-10T03:42:13.994Z INFO  benchmark_client] Sending sample transaction 436
[2026-09-10T03:42:14.045Z INFO  benchmark_client] Sending sample transaction 437
[2026-09-10T03:42:14.095Z INFO  benchmark_client] Sending sample transaction 438
[2026-09-10T03:42:14.145Z INFO  benchmark_client] Sending sample transaction 439
[2026-09-10T03:42:14.195Z INFO  benchmark_client] Sending sample transaction 440
[2026-09-10T03:42:14.244Z INFO  benchmark_client] Sending sample transaction 441
[2026-09-10T03:42:14.296Z INFO  benchmark_client] Sending sample transaction 442
[2026-09-10T03:42:14.345Z INFO  benchmark_client] Sending sample transaction 443
[2026-09-10T03:42:14.395Z INFO  benchmark_client] Sending sample transaction 444
[2026-09-10T03:42:14.445Z INFO  benchmark_client] Sending sample transaction 445
[2026-09-10T03:42:14.495Z INFO  benchmark_client] Sending sample transaction 446
[2026-09-10T03:42:14.545Z INFO  benchmark_client] Sending sample transaction 447
[2026-09-10T03:42:14.595Z INFO  benchmark_client] Sending sample transaction 448
[2026-09-10T03:42:14.645Z INFO  benchmark_client] Sending sample transaction 449
[2026-09-10T03:42:14.695Z INFO  benchmark_client] Sending sample transaction 450
[2026-09-10T03:42:14.745Z INFO  benchmark_client] Sending sample transaction 451
[2026-09-10T03:42:14.795Z INFO  benchmark_client] Sending sample transaction 452
[2026-09-10T03:42:14.845Z INFO  benchmark_client] Sending sample transaction 453
[2026-09-10T03:42:14.895Z INFO  benchmark_client] Sending sample transaction 454
[2026-09-10T03:42:14.945Z INFO  benchmark_client] Sending sample transaction 455
[2026-09-10T03:42:14.994Z INFO  benchmark_client] Sending sample transaction 456
[2026-09-10T03:42:15.046Z INFO  benchmark_client] Sending sample transaction 457
[2026-09-10T03:42:15.096Z INFO  benchmark_client] Sending sample transaction 458
[2026-09-10T03:42:15.145Z INFO  benchmark_client] Sending sample transaction 459
[2026-09-10T03:42:15.195Z INFO  benchmark_client] Sending sample transaction 460
[2026-09-10T03:42:15.244Z INFO  benchmark_client] Sending sample transaction 461
[2026-09-10T03:42:15.295Z INFO  benchmark_client] Sending sample transaction 462
[2026-09-10T03:42:15.345Z INFO  benchmark_client] Sending sample transaction 463
[2026-09-10T03:42:15.395Z INFO  benchmark_client] Sending sample transaction 464
[2026-09-10T03:42:15.447Z INFO  benchmark_client] Sending sample transaction 465
[2026-09-10T03:42:15.494Z INFO  benchmark_client] Sending sample transaction 466
[2026-09-10T03:42:15.547Z INFO  benchmark_client] Sending sample transaction 467
[2026-09-10T03:42:15.594Z INFO  benchmark_client] Sending sample transaction 468
[2026-09-10T03:42:15.645Z INFO  benchmark_client] Sending sample transaction 469
[2026-09-10T03:42:15.694Z INFO  benchmark_client] Sending sample transaction 470
[2026-09-10T03:42:15.745Z INFO  benchmark_client] Sending sample transaction 471
[2026-09-10T03:42:15.795Z INFO  benchmark_client] Sending sample transaction 472
[2026-09-10T03:42:15.845Z INFO  benchmark_client] Sending sample transaction 473
[2026-09-10T03:42:15.896Z INFO  benchmark_client] Sending sample transaction 474
[2026-09-10T03:42:15.945Z INFO  benchmark_client] Sending sample transaction 475
[2026-09-10T03:42:15.995Z INFO  benchmark_client] Sending sample transaction 476
[2026-09-10T03:42:16.044Z INFO  benchmark_client] Sending sample transaction 477
[2026-09-10T03:42:16.095Z INFO  benchmark_client] Sending sample transaction 478
[2026-09-10T03:42:16.144Z INFO  benchmark_client] Sending sample transaction 479
[2026-09-10T03:42:16.194Z INFO  benchmark_client] Sending sample transaction 480
[2026-09-10T03:42:16.244Z INFO  benchmark_client] Sending sample transaction 481
[2026-09-10T03:42:16.295Z INFO  benchmark_client] Sending sample transaction 482
[2026-09-10T03:42:16.344Z INFO  benchmark_client] Sending sample transaction 483
[2026-09-10T03:42:16.395Z INFO  benchmark_client] Sending sample transaction 484
[2026-09-10T03:42:16.445Z INFO  benchmark_client] Sending sample transaction 485
[2026-09-10T03:42:16.495Z INFO  benchmark_client] Sending sample transaction 486
[2026-09-10T03:42:16.545Z INFO  benchmark_client] Sending sample transaction 487
[2026-09-10T03:42:16.595Z INFO  benchmark_client] Sending sample transaction 488
[2026-09-10T03:42:16.645Z INFO  benchmark_client] Sending sample transaction 489
[2026-09-10T03:42:16.694Z INFO  benchmark_client] Sending sample transaction 490
[2026-09-10T03:42:16.744Z INFO  benchmark_client] Sending sample transaction 491
[2026-09-10T03:42:16.794Z INFO  benchmark_client] Sending sample transaction 492
[2026-09-10T03:42:16.845Z INFO  benchmark_client] Sending sample transaction 493
[2026-09-10T03:42:16.894Z INFO  benchmark_client] Sending sample transaction 494
[2026-09-10T03:42:16.944Z INFO  benchmark_client] Sending sample transaction 495
[2026-09-10T03:42:16.994Z INFO  benchmark_client] Sending sample transaction 496
[2026-09-10T03:42:17.045Z INFO  benchmark_client] Sending sample transaction 497
[2026-09-10T03:42:17.094Z INFO  benchmark_client] Sending sample transaction 498
[2026-09-10T03:42:17.145Z INFO  benchmark_client] Sending sample transaction 499
[2026-09-10T03:42:17.195Z INFO  benchmark_client] Sending sample transaction 500
[2026-09-10T03:42:17.244Z INFO  benchmark_client] Sending sample transaction 501
[2026-09-10T03:42:17.294Z INFO  benchmark_client] Sending sample transaction 502
[2026-09-10T03:42:17.345Z INFO  benchmark_client] Sending sample transaction 503
[2026-09-10T03:42:17.394Z INFO  benchmark_client] Sending sample transaction 504
[2026-09-10T03:42:17.444Z INFO  benchmark_client] Sending sample transaction 505
[2026-09-10T03:42:17.494Z INFO  benchmark_client] Sending sample transaction 506
[2026-09-10T03:42:17.544Z INFO  benchmark_client] Sending sample transaction 507
[2026-09-10T03:42:17.594Z INFO  benchmark_client] Sending sample transaction 508
[2026-09-10T03:42:17.644Z INFO  benchmark_client] Sending sample transaction 509
[2026-09-10T03:42:17.695Z INFO  benchmark_client] Sending sample transaction 510
[2026-09-10T03:42:17.744Z INFO  benchmark_client] Sending sample transaction 511
[2026-09-10T03:42:17.794Z INFO  benchmark_client] Sending sample transaction 512
[2026-09-10T03:42:17.844Z INFO  benchmark_client] Sending sample transaction 513
[2026-09-10T03:42:17.895Z INFO  benchmark_client] Sending sample transaction 514
[2026-09-10T03:42:17.944Z INFO  benchmark_client] Sending sample transaction 515
[2026-09-10T03:42:17.995Z INFO  benchmark_client] Sending sample transaction 516
[2026-09-10T03:42:18.044Z INFO  benchmark_client] Sending sample transaction 517
[2026-09-10T03:42:18.095Z INFO  benchmark_client] Sending sample transaction 518
[2026-09-10T03:42:18.145Z INFO  benchmark_client] Sending sample transaction 519
[2026-09-10T03:42:18.195Z INFO  benchmark_client] Sending sample transaction 520
[2026-09-10T03:42:18.245Z INFO  benchmark_client] Sending sample transaction 521
[2026-09-10T03:42:18.295Z INFO  benchmark_client] Sending sample transaction 522
[2026-09-10T03:42:18.344Z INFO  benchmark_client] Sending sample transaction 523
[2026-09-10T03:42:18.394Z INFO  benchmark_client] Sending sample transaction 524
[2026-09-10T03:42:18.445Z INFO  benchmark_client] Sending sample transaction 525
[2026-09-10T03:42:18.495Z INFO  benchmark_client] Sending sample transaction 526
[2026-09-10T03:42:18.545Z INFO  benchmark_client] Sending sample transaction 527
[2026-09-10T03:42:18.594Z INFO  benchmark_client] Sending sample transaction 528
[2026-09-10T03:42:18.647Z INFO  benchmark_client] Sending sample transaction 529
[2026-09-10T03:42:18.695Z INFO  benchmark_client] Sending sample transaction 530
[2026-09-10T03:42:18.745Z INFO  benchmark_client] Sending sample transaction 531
[2026-09-10T03:42:18.794Z INFO  benchmark_client] Sending sample transaction 532
[2026-09-10T03:42:18.845Z INFO  benchmark_client] Sending sample transaction 533
[2026-09-10T03:42:18.895Z INFO  benchmark_client] Sending sample transaction 534
[2026-09-10T03:42:18.946Z INFO  benchmark_client] Sending sample transaction 535
[2026-09-10T03:42:18.995Z INFO  benchmark_client] Sending sample transaction 536
[2026-09-10T03:42:19.045Z INFO  benchmark_client] Sending sample transaction 537
[2026-09-10T03:42:19.096Z INFO  benchmark_client] Sending sample transaction 538
[2026-09-10T03:42:19.145Z INFO  benchmark_client] Sending sample transaction 539
[2026-09-10T03:42:19.195Z INFO  benchmark_client] Sending sample transaction 540
[2026-09-10T03:42:19.244Z INFO  benchmark_client] Sending sample transaction 541
[2026-09-10T03:42:19.297Z INFO  benchmark_client] Sending sample transaction 542
[2026-09-10T03:42:19.345Z INFO  benchmark_client] Sending sample transaction 543
[2026-09-10T03:42:19.395Z INFO  benchmark_client] Sending sample transaction 544
[2026-09-10T03:42:19.446Z INFO  benchmark_client] Sending sample transaction 545
[2026-09-10T03:42:19.497Z INFO  benchmark_client] Sending sample transaction 546
[2026-09-10T03:42:19.545Z INFO  benchmark_client] Sending sample transaction 547
[2026-09-10T03:42:19.595Z INFO  benchmark_client] Sending sample transaction 548
[2026-09-10T03:42:19.645Z INFO  benchmark_client] Sending sample transaction 549
[2026-09-10T03:42:19.699Z INFO  benchmark_client] Sending sample transaction 550
[2026-09-10T03:42:19.744Z INFO  benchmark_client] Sending sample transaction 551
[2026-09-10T03:42:19.797Z INFO  benchmark_client] Sending sample transaction 552
[2026-09-10T03:42:19.845Z INFO  benchmark_client] Sending sample transaction 553
[2026-09-10T03:42:19.894Z INFO  benchmark_client] Sending sample transaction 554
[2026-09-10T03:42:19.945Z INFO  benchmark_client] Sending sample transaction 555
[2026-09-10T03:42:19.995Z INFO  benchmark_client] Sending sample transaction 556
[2026-09-10T03:42:20.044Z INFO  benchmark_client] Sending sample transaction 557
[2026-09-10T03:42:20.096Z INFO  benchmark_client] Sending sample transaction 558
[2026-09-10T03:42:20.146Z INFO  benchmark_client] Sending sample transaction 559
[2026-09-10T03:42:20.195Z INFO  benchmark_client] Sending sample transaction 560
[2026-09-10T03:42:20.246Z INFO  benchmark_client] Sending sample transaction 561
[2026-09-10T03:42:20.294Z INFO  benchmark_client] Sending sample transaction 562
[2026-09-10T03:42:20.345Z INFO  benchmark_client] Sending sample transaction 563
[2026-09-10T03:42:20.395Z INFO  benchmark_client] Sending sample transaction 564
[2026-09-10T03:42:20.445Z INFO  benchmark_client] Sending sample transaction 565
[2026-09-10T03:42:20.495Z INFO  benchmark_client] Sending sample transaction 566
[2026-09-10T03:42:20.545Z INFO  benchmark_client] Sending sample transaction 567
[2026-09-10T03:42:20.595Z INFO  benchmark_client] Sending sample transaction 568
[2026-09-10T03:42:20.645Z INFO  benchmark_client] Sending sample transaction 569
[2026-09-10T03:42:20.695Z INFO  benchmark_client] Sending sample transaction 570
[2026-09-10T03:42:20.745Z INFO  benchmark_client] Sending sample transaction 571
[2026-09-10T03:42:20.795Z INFO  benchmark_client] Sending sample transaction 572
[2026-09-10T03:42:20.845Z INFO  benchmark_client] Sending sample transaction 573
[2026-09-10T03:42:20.895Z INFO  benchmark_client] Sending sample transaction 574
[2026-09-10T03:42:20.946Z INFO  benchmark_client] Sending sample transaction 575
[2026-09-10T03:42:20.995Z INFO  benchmark_client] Sending sample transaction 576
[2026-09-10T03:42:21.045Z INFO  benchmark_client] Sending sample transaction 577
[2026-09-10T03:42:21.095Z INFO  benchmark_client] Sending sample transaction 578
[2026-09-10T03:42:21.145Z INFO  benchmark_client] Sending sample transaction 579
[2026-09-10T03:42:21.195Z INFO  benchmark_client] Sending sample transaction 580
[2026-09-10T03:42:21.245Z INFO  benchmark_client] Sending sample transaction 581
[2026-09-10T03:42:21.295Z INFO  benchmark_client] Sending sample transaction 582
[2026-09-10T03:42:21.347Z INFO  benchmark_client] Sending sample transaction 583
[2026-09-10T03:42:21.395Z INFO  benchmark_client] Sending sample transaction 584
[2026-09-10T03:42:21.445Z INFO  benchmark_client] Sending sample transaction 585
[2026-09-10T03:42:21.495Z INFO  benchmark_client] Sending sample transaction 586
[2026-09-10T03:42:21.544Z INFO  benchmark_client] Sending sample transaction 587
[2026-09-10T03:42:21.595Z INFO  benchmark_client] Sending sample transaction 588
[2026-09-10T03:42:21.644Z INFO  benchmark_client] Sending sample transaction 589
[2026-09-10T03:42:21.694Z INFO  benchmark_client] Sending sample transaction 590
[2026-09-10T03:42:21.744Z INFO  benchmark_client] Sending sample transaction 591
[2026-09-10T03:42:21.795Z INFO  benchmark_client] Sending sample transaction 592
[2026-09-10T03:42:21.845Z INFO  benchmark_client] Sending sample transaction 593
[2026-09-10T03:42:21.895Z INFO  benchmark_client] Sending sample transaction 594
[2026-09-10T03:42:21.945Z INFO  benchmark_client] Sending sample transaction 595
[2026-09-10T03:42:21.995Z INFO  benchmark_client] Sending sample transaction 596
[2026-09-10T03:42:22.045Z INFO  benchmark_client] Sending sample transaction 597
[2026-09-10T03:42:22.095Z INFO  benchmark_client] Sending sample transaction 598
[2026-09-10T03:42:22.145Z INFO  benchmark_client] Sending sample transaction 599
[2026-09-10T03:42:22.194Z INFO  benchmark_client] Sending sample transaction 600
[2026-09-10T03:42:22.244Z INFO  benchmark_client] Sending sample transaction 601
[2026-09-10T03:42:22.294Z INFO  benchmark_client] Sending sample transaction 602
[2026-09-10T03:42:22.344Z INFO  benchmark_client] Sending sample transaction 603
[2026-09-10T03:42:22.395Z INFO  benchmark_client] Sending sample transaction 604
[2026-09-10T03:42:22.444Z INFO  benchmark_client] Sending sample transaction 605
[2026-09-10T03:42:22.494Z INFO  benchmark_client] Sending sample transaction 606
[2026-09-10T03:42:22.544Z INFO  benchmark_client] Sending sample transaction 607
[2026-09-10T03:42:22.594Z INFO  benchmark_client] Sending sample transaction 608
[2026-09-10T03:42:22.644Z INFO  benchmark_client] Sending sample transaction 609
[2026-09-10T03:42:22.694Z INFO  benchmark_client] Sending sample transaction 610
[2026-09-10T03:42:22.744Z INFO  benchmark_client] Sending sample transaction 611
[2026-09-10T03:42:22.794Z INFO  benchmark_client] Sending sample transaction 612
[2026-09-10T03:42:22.845Z INFO  benchmark_client] Sending sample transaction 613
[2026-09-10T03:42:22.898Z INFO  benchmark_client] Sending sample transaction 614
[2026-09-10T03:42:22.944Z INFO  benchmark_client] Sending sample transaction 615
[2026-09-10T03:42:22.995Z INFO  benchmark_client] Sending sample transaction 616
[2026-09-10T03:42:23.044Z INFO  benchmark_client] Sending sample transaction 617
[2026-09-10T03:42:23.094Z INFO  benchmark_client] Sending sample transaction 618
[2026-09-10T03:42:23.144Z INFO  benchmark_client] Sending sample transaction 619
[2026-09-10T03:42:23.194Z INFO  benchmark_client] Sending sample transaction 620
[2026-09-10T03:42:23.245Z INFO  benchmark_client] Sending sample transaction 621
[2026-09-10T03:42:23.294Z INFO  benchmark_client] Sending sample transaction 622
[2026-09-10T03:42:23.345Z INFO  benchmark_client] Sending sample transaction 623
[2026-09-10T03:42:23.394Z INFO  benchmark_client] Sending sample transaction 624
[2026-09-10T03:42:23.445Z INFO  benchmark_client] Sending sample transaction 625
[2026-09-10T03:42:23.494Z INFO  benchmark_client] Sending sample transaction 626
[2026-09-10T03:42:23.547Z INFO  benchmark_client] Sending sample transaction 627
[2026-09-10T03:42:23.594Z INFO  benchmark_client] Sending sample transaction 628
[2026-09-10T03:42:23.645Z INFO  benchmark_client] Sending sample transaction 629
[2026-09-10T03:42:23.695Z INFO  benchmark_client] Sending sample transaction 630
[2026-09-10T03:42:23.745Z INFO  benchmark_client] Sending sample transaction 631
[2026-09-10T03:42:23.795Z INFO  benchmark_client] Sending sample transaction 632
[2026-09-10T03:42:23.844Z INFO  benchmark_client] Sending sample transaction 633
[2026-09-10T03:42:23.895Z INFO  benchmark_client] Sending sample transaction 634
[2026-09-10T03:42:23.944Z INFO  benchmark_client] Sending sample transaction 635
[2026-09-10T03:42:23.994Z INFO  benchmark_client] Sending sample transaction 636
[2026-09-10T03:42:24.044Z INFO  benchmark_client] Sending sample transaction 637
[2026-09-10T03:42:24.094Z INFO  benchmark_client] Sending sample transaction 638
[2026-09-10T03:42:24.145Z INFO  benchmark_client] Sending sample transaction 639
[2026-09-10T03:42:24.194Z INFO  benchmark_client] Sending sample transaction 640
[2026-09-10T03:42:24.244Z INFO  benchmark_client] Sending sample transaction 641
[2026-09-10T03:42:24.294Z INFO  benchmark_client] Sending sample transaction 642
[2026-09-10T03:42:24.345Z INFO  benchmark_client] Sending sample transaction 643
[2026-09-10T03:42:24.394Z INFO  benchmark_client] Sending sample transaction 644
[2026-09-10T03:42:24.444Z INFO  benchmark_client] Sending sample transaction 645
[2026-09-10T03:42:24.495Z INFO  benchmark_client] Sending sample transaction 646
[2026-09-10T03:42:24.545Z INFO  benchmark_client] Sending sample transaction 647
[2026-09-10T03:42:24.594Z INFO  benchmark_client] Sending sample transaction 648
[2026-09-10T03:42:24.646Z INFO  benchmark_client] Sending sample transaction 649
[2026-09-10T03:42:24.695Z INFO  benchmark_client] Sending sample transaction 650
[2026-09-10T03:42:24.746Z INFO  benchmark_client] Sending sample transaction 651
[2026-09-10T03:42:24.794Z INFO  benchmark_client] Sending sample transaction 652
[2026-09-10T03:42:24.844Z INFO  benchmark_client] Sending sample transaction 653
[2026-09-10T03:42:24.894Z INFO  benchmark_client] Sending sample transaction 654
[2026-09-10T03:42:24.944Z INFO  benchmark_client] Sending sample transaction 655
[2026-09-10T03:42:24.994Z INFO  benchmark_client] Sending sample transaction 656
[2026-09-10T03:42:25.045Z INFO  benchmark_client] Sending sample transaction 657
[2026-09-10T03:42:25.094Z INFO  benchmark_client] Sending sample transaction 658
[2026-09-10T03:42:25.144Z INFO  benchmark_client] Sending sample transaction 659
[2026-09-10T03:42:25.197Z INFO  benchmark_client] Sending sample transaction 660
[2026-09-10T03:42:25.245Z INFO  benchmark_client] Sending sample transaction 661
[2026-09-10T03:42:25.294Z INFO  benchmark_client] Sending sample transaction 662
[2026-09-10T03:42:25.344Z INFO  benchmark_client] Sending sample transaction 663
[2026-09-10T03:42:25.394Z INFO  benchmark_client] Sending sample transaction 664
[2026-09-10T03:42:25.444Z INFO  benchmark_client] Sending sample transaction 665
[2026-09-10T03:42:25.495Z INFO  benchmark_client] Sending sample transaction 666
[2026-09-10T03:42:25.545Z INFO  benchmark_client] Sending sample transaction 667
[2026-09-10T03:42:25.594Z INFO  benchmark_client] Sending sample transaction 668
[2026-09-10T03:42:25.645Z INFO  benchmark_client] Sending sample transaction 669
[2026-09-10T03:42:25.695Z INFO  benchmark_client] Sending sample transaction 670
[2026-09-10T03:42:25.744Z INFO  benchmark_client] Sending sample transaction 671
[2026-09-10T03:42:25.794Z INFO  benchmark_client] Sending sample transaction 672
[2026-09-10T03:42:25.845Z INFO  benchmark_client] Sending sample transaction 673
[2026-09-10T03:42:25.894Z INFO  benchmark_client] Sending sample transaction 674
[2026-09-10T03:42:25.946Z INFO  benchmark_client] Sending sample transaction 675
[2026-09-10T03:42:25.994Z INFO  benchmark_client] Sending sample transaction 676
[2026-09-10T03:42:26.044Z INFO  benchmark_client] Sending sample transaction 677
[2026-09-10T03:42:26.096Z INFO  benchmark_client] Sending sample transaction 678
[2026-09-10T03:42:26.145Z INFO  benchmark_client] Sending sample transaction 679
[2026-09-10T03:42:26.194Z INFO  benchmark_client] Sending sample transaction 680
[2026-09-10T03:42:26.244Z INFO  benchmark_client] Sending sample transaction 681
[2026-09-10T03:42:26.295Z INFO  benchmark_client] Sending sample transaction 682
[2026-09-10T03:42:26.345Z INFO  benchmark_client] Sending sample transaction 683
[2026-09-10T03:42:26.395Z INFO  benchmark_client] Sending sample transaction 684
[2026-09-10T03:42:26.444Z INFO  benchmark_client] Sending sample transaction 685
[2026-09-10T03:42:26.494Z INFO  benchmark_client] Sending sample transaction 686
[2026-09-10T03:42:26.544Z INFO  benchmark_client] Sending sample transaction 687
[2026-09-10T03:42:26.595Z INFO  benchmark_client] Sending sample transaction 688
[2026-09-10T03:42:26.644Z INFO  benchmark_client] Sending sample transaction 689
[2026-09-10T03:42:26.694Z INFO  benchmark_client] Sending sample transaction 690
[2026-09-10T03:42:26.744Z INFO  benchmark_client] Sending sample transaction 691
[2026-09-10T03:42:26.794Z INFO  benchmark_client] Sending sample transaction 692
[2026-09-10T03:42:26.844Z INFO  benchmark_client] Sending sample transaction 693
[2026-09-10T03:42:26.894Z INFO  benchmark_client] Sending sample transaction 694
[2026-09-10T03:42:26.944Z INFO  benchmark_client] Sending sample transaction 695
[2026-09-10T03:42:26.994Z INFO  benchmark_client] Sending sample transaction 696
[2026-09-10T03:42:27.044Z INFO  benchmark_client] Sending sample transaction 697
[2026-09-10T03:42:27.094Z INFO  benchmark_client] Sending sample transaction 698
[2026-09-10T03:42:27.145Z INFO  benchmark_client] Sending sample transaction 699
[2026-09-10T03:42:27.198Z INFO  benchmark_client] Sending sample transaction 700
[2026-09-10T03:42:27.244Z INFO  benchmark_client] Sending sample transaction 701
[2026-09-10T03:42:27.296Z INFO  benchmark_client] Sending sample transaction 702
[2026-09-10T03:42:27.344Z INFO  benchmark_client] Sending sample transaction 703
[2026-09-10T03:42:27.398Z INFO  benchmark_client] Sending sample transaction 704
[2026-09-10T03:42:27.445Z INFO  benchmark_client] Sending sample transaction 705
[2026-09-10T03:42:27.494Z INFO  benchmark_client] Sending sample transaction 706
[2026-09-10T03:42:27.545Z INFO  benchmark_client] Sending sample transaction 707
[2026-09-10T03:42:27.594Z INFO  benchmark_client] Sending sample transaction 708
[2026-09-10T03:42:27.647Z INFO  benchmark_client] Sending sample transaction 709
[2026-09-10T03:42:27.694Z INFO  benchmark_client] Sending sample transaction 710
[2026-09-10T03:42:27.745Z INFO  benchmark_client] Sending sample transaction 711
[2026-09-10T03:42:27.794Z INFO  benchmark_client] Sending sample transaction 712
[2026-09-10T03:42:27.844Z INFO  benchmark_client] Sending sample transaction 713
[2026-09-10T03:42:27.895Z INFO  benchmark_client] Sending sample transaction 714
[2026-09-10T03:42:27.946Z INFO  benchmark_client] Sending sample transaction 715
[2026-09-10T03:42:27.994Z INFO  benchmark_client] Sending sample transaction 716
[2026-09-10T03:42:28.044Z INFO  benchmark_client] Sending sample transaction 717
[2026-09-10T03:42:28.095Z INFO  benchmark_client] Sending sample transaction 718
[2026-09-10T03:42:28.144Z INFO  benchmark_client] Sending sample transaction 719
[2026-09-10T03:42:28.194Z INFO  benchmark_client] Sending sample transaction 720
[2026-09-10T03:42:28.246Z INFO  benchmark_client] Sending sample transaction 721
[2026-09-10T03:42:28.298Z INFO  benchmark_client] Sending sample transaction 722
[2026-09-10T03:42:28.345Z INFO  benchmark_client] Sending sample transaction 723
[2026-09-10T03:42:28.394Z INFO  benchmark_client] Sending sample transaction 724
[2026-09-10T03:42:28.445Z INFO  benchmark_client] Sending sample transaction 725
[2026-09-10T03:42:28.494Z INFO  benchmark_client] Sending sample transaction 726
[2026-09-10T03:42:28.547Z INFO  benchmark_client] Sending sample transaction 727
[2026-09-10T03:42:28.595Z INFO  benchmark_client] Sending sample transaction 728
[2026-09-10T03:42:28.645Z INFO  benchmark_client] Sending sample transaction 729
[2026-09-10T03:42:28.695Z INFO  benchmark_client] Sending sample transaction 730
[2026-09-10T03:42:28.744Z INFO  benchmark_client] Sending sample transaction 731
[2026-09-10T03:42:28.794Z INFO  benchmark_client] Sending sample transaction 732
[2026-09-10T03:42:28.844Z INFO  benchmark_client] Sending sample transaction 733
[2026-09-10T03:42:28.894Z INFO  benchmark_client] Sending sample transaction 734
[2026-09-10T03:42:28.946Z INFO  benchmark_client] Sending sample transaction 735
[2026-09-10T03:42:28.994Z INFO  benchmark_client] Sending sample transaction 736
[2026-09-10T03:42:29.045Z INFO  benchmark_client] Sending sample transaction 737
[2026-09-10T03:42:29.094Z INFO  benchmark_client] Sending sample transaction 738
[2026-09-10T03:42:29.144Z INFO  benchmark_client] Sending sample transaction 739
[2026-09-10T03:42:29.195Z INFO  benchmark_client] Sending sample transaction 740
[2026-09-10T03:42:29.244Z INFO  benchmark_client] Sending sample transaction 741
[2026-09-10T03:42:29.295Z INFO  benchmark_client] Sending sample transaction 742
[2026-09-10T03:42:29.345Z INFO  benchmark_client] Sending sample transaction 743
[2026-09-10T03:42:29.395Z INFO  benchmark_client] Sending sample transaction 744
[2026-09-10T03:42:29.445Z INFO  benchmark_client] Sending sample transaction 745
[2026-09-10T03:42:29.496Z INFO  benchmark_client] Sending sample transaction 746
[2026-09-10T03:42:29.544Z INFO  benchmark_client] Sending sample transaction 747
[2026-09-10T03:42:29.595Z INFO  benchmark_client] Sending sample transaction 748
[2026-09-10T03:42:29.648Z INFO  benchmark_client] Sending sample transaction 749
[2026-09-10T03:42:29.695Z INFO  benchmark_client] Sending sample transaction 750
[2026-09-10T03:42:29.744Z INFO  benchmark_client] Sending sample transaction 751
[2026-09-10T03:42:29.795Z INFO  benchmark_client] Sending sample transaction 752
[2026-09-10T03:42:29.844Z INFO  benchmark_client] Sending sample transaction 753
[2026-09-10T03:42:29.894Z INFO  benchmark_client] Sending sample transaction 754
[2026-09-10T03:42:29.945Z INFO  benchmark_client] Sending sample transaction 755
[2026-09-10T03:42:29.994Z INFO  benchmark_client] Sending sample transaction 756
[2026-09-10T03:42:30.044Z INFO  benchmark_client] Sending sample transaction 757
[2026-09-10T03:42:30.094Z INFO  benchmark_client] Sending sample transaction 758
[2026-09-10T03:42:30.145Z INFO  benchmark_client] Sending sample transaction 759
[2026-09-10T03:42:30.195Z INFO  benchmark_client] Sending sample transaction 760
[2026-09-10T03:42:30.245Z INFO  benchmark_client] Sending sample transaction 761
[2026-09-10T03:42:30.294Z INFO  benchmark_client] Sending sample transaction 762
[2026-09-10T03:42:30.344Z INFO  benchmark_client] Sending sample transaction 763
[2026-09-10T03:42:30.395Z INFO  benchmark_client] Sending sample transaction 764
[2026-09-10T03:42:30.446Z INFO  benchmark_client] Sending sample transaction 765
[2026-09-10T03:42:30.495Z INFO  benchmark_client] Sending sample transaction 766
[2026-09-10T03:42:30.545Z INFO  benchmark_client] Sending sample transaction 767
[2026-09-10T03:42:30.595Z INFO  benchmark_client] Sending sample transaction 768
[2026-09-10T03:42:30.644Z INFO  benchmark_client] Sending sample transaction 769
[2026-09-10T03:42:30.694Z INFO  benchmark_client] Sending sample transaction 770
[2026-09-10T03:42:30.745Z INFO  benchmark_client] Sending sample transaction 771
[2026-09-10T03:42:30.794Z INFO  benchmark_client] Sending sample transaction 772
[2026-09-10T03:42:30.844Z INFO  benchmark_client] Sending sample transaction 773
[2026-09-10T03:42:30.894Z INFO  benchmark_client] Sending sample transaction 774
[2026-09-10T03:42:30.944Z INFO  benchmark_client] Sending sample transaction 775
[2026-09-10T03:42:30.994Z INFO  benchmark_client] Sending sample transaction 776
[2026-09-10T03:42:31.044Z INFO  benchmark_client] Sending sample transaction 777
[2026-09-10T03:42:31.095Z INFO  benchmark_client] Sending sample transaction 778
[2026-09-10T03:42:31.144Z INFO  benchmark_client] Sending sample transaction 779
[2026-09-10T03:42:31.195Z INFO  benchmark_client] Sending sample transaction 780
[2026-09-10T03:42:31.244Z INFO  benchmark_client] Sending sample transaction 781
[2026-09-10T03:42:31.294Z INFO  benchmark_client] Sending sample transaction 782
[2026-09-10T03:42:31.344Z INFO  benchmark_client] Sending sample transaction 783
[2026-09-10T03:42:31.394Z INFO  benchmark_client] Sending sample transaction 784
[2026-09-10T03:42:31.444Z INFO  benchmark_client] Sending sample transaction 785
[2026-09-10T03:42:31.495Z INFO  benchmark_client] Sending sample transaction 786
[2026-09-10T03:42:31.545Z INFO  benchmark_client] Sending sample transaction 787
[2026-09-10T03:42:31.595Z INFO  benchmark_client] Sending sample transaction 788
[2026-09-10T03:42:31.645Z INFO  benchmark_client] Sending sample transaction 789
[2026-09-10T03:42:31.695Z INFO  benchmark_client] Sending sample transaction 790
[2026-09-10T03:42:31.746Z INFO  benchmark_client] Sending sample transaction 791
[2026-09-10T03:42:31.796Z INFO  benchmark_client] Sending sample transaction 792
[2026-09-10T03:42:31.845Z INFO  benchmark_client] Sending sample transaction 793
[2026-09-10T03:42:31.895Z INFO  benchmark_client] Sending sample transaction 794
[2026-09-10T03:42:31.945Z INFO  benchmark_client] Sending sample transaction 795
[2026-09-10T03:42:31.995Z INFO  benchmark_client] Sending sample transaction 796
[2026-09-10T03:42:32.044Z INFO  benchmark_client] Sending sample transaction 797
[2026-09-10T03:42:32.094Z INFO  benchmark_client] Sending sample transaction 798
[2026-09-10T03:42:32.145Z INFO  benchmark_client] Sending sample transaction 799
[2026-09-10T03:42:32.197Z INFO  benchmark_client] Sending sample transaction 800
[2026-09-10T03:42:32.244Z INFO  benchmark_client] Sending sample transaction 801
[2026-09-10T03:42:32.295Z INFO  benchmark_client] Sending sample transaction 802
[2026-09-10T03:42:32.345Z INFO  benchmark_client] Sending sample transaction 803
[2026-09-10T03:42:32.395Z INFO  benchmark_client] Sending sample transaction 804
[2026-09-10T03:42:32.445Z INFO  benchmark_client] Sending sample transaction 805
[2026-09-10T03:42:32.495Z INFO  benchmark_client] Sending sample transaction 806
[2026-09-10T03:42:32.545Z INFO  benchmark_client] Sending sample transaction 807
[2026-09-10T03:42:32.595Z INFO  benchmark_client] Sending sample transaction 808
[2026-09-10T03:42:32.648Z INFO  benchmark_client] Sending sample transaction 809
[2026-09-10T03:42:32.695Z INFO  benchmark_client] Sending sample transaction 810
[2026-09-10T03:42:32.744Z INFO  benchmark_client] Sending sample transaction 811
[2026-09-10T03:42:32.795Z INFO  benchmark_client] Sending sample transaction 812
[2026-09-10T03:42:32.844Z INFO  benchmark_client] Sending sample transaction 813
[2026-09-10T03:42:32.895Z INFO  benchmark_client] Sending sample transaction 814
[2026-09-10T03:42:32.945Z INFO  benchmark_client] Sending sample transaction 815
[2026-09-10T03:42:32.997Z INFO  benchmark_client] Sending sample transaction 816
[2026-09-10T03:42:33.045Z INFO  benchmark_client] Sending sample transaction 817
[2026-09-10T03:42:33.094Z INFO  benchmark_client] Sending sample transaction 818
[2026-09-10T03:42:33.144Z INFO  benchmark_client] Sending sample transaction 819
[2026-09-10T03:42:33.194Z INFO  benchmark_client] Sending sample transaction 820
[2026-09-10T03:42:33.244Z INFO  benchmark_client] Sending sample transaction 821
[2026-09-10T03:42:33.295Z INFO  benchmark_client] Sending sample transaction 822
[2026-09-10T03:42:33.345Z INFO  benchmark_client] Sending sample transaction 823
[2026-09-10T03:42:33.395Z INFO  benchmark_client] Sending sample transaction 824
[2026-09-10T03:42:33.445Z INFO  benchmark_client] Sending sample transaction 825
[2026-09-10T03:42:33.494Z INFO  benchmark_client] Sending sample transaction 826
[2026-09-10T03:42:33.547Z INFO  benchmark_client] Sending sample transaction 827
[2026-09-10T03:42:33.595Z INFO  benchmark_client] Sending sample transaction 828
[2026-09-10T03:42:33.645Z INFO  benchmark_client] Sending sample transaction 829
[2026-09-10T03:42:33.695Z INFO  benchmark_client] Sending sample transaction 830
[2026-09-10T03:42:33.745Z INFO  benchmark_client] Sending sample transaction 831
[2026-09-10T03:42:33.794Z INFO  benchmark_client] Sending sample transaction 832
[2026-09-10T03:42:33.844Z INFO  benchmark_client] Sending sample transaction 833
[2026-09-10T03:42:33.894Z INFO  benchmark_client] Sending sample transaction 834
[2026-09-10T03:42:33.945Z INFO  benchmark_client] Sending sample transaction 835
[2026-09-10T03:42:33.994Z INFO  benchmark_client] Sending sample transaction 836
[2026-09-10T03:42:34.044Z INFO  benchmark_client] Sending sample transaction 837
[2026-09-10T03:42:34.095Z INFO  benchmark_client] Sending sample transaction 838
[2026-09-10T03:42:34.146Z INFO  benchmark_client] Sending sample transaction 839
[2026-09-10T03:42:34.195Z INFO  benchmark_client] Sending sample transaction 840
[2026-09-10T03:42:34.245Z INFO  benchmark_client] Sending sample transaction 841
[2026-09-10T03:42:34.294Z INFO  benchmark_client] Sending sample transaction 842
[2026-09-10T03:42:34.344Z INFO  benchmark_client] Sending sample transaction 843
[2026-09-10T03:42:34.395Z INFO  benchmark_client] Sending sample transaction 844
[2026-09-10T03:42:34.445Z INFO  benchmark_client] Sending sample transaction 845
[2026-09-10T03:42:34.495Z INFO  benchmark_client] Sending sample transaction 846
[2026-09-10T03:42:34.544Z INFO  benchmark_client] Sending sample transaction 847
[2026-09-10T03:42:34.595Z INFO  benchmark_client] Sending sample transaction 848
[2026-09-10T03:42:34.644Z INFO  benchmark_client] Sending sample transaction 849
[2026-09-10T03:42:34.696Z INFO  benchmark_client] Sending sample transaction 850
[2026-09-10T03:42:34.745Z INFO  benchmark_client] Sending sample transaction 851
[2026-09-10T03:42:34.795Z INFO  benchmark_client] Sending sample transaction 852
[2026-09-10T03:42:34.844Z INFO  benchmark_client] Sending sample transaction 853
[2026-09-10T03:42:34.894Z INFO  benchmark_client] Sending sample transaction 854
[2026-09-10T03:42:34.944Z INFO  benchmark_client] Sending sample transaction 855
[2026-09-10T03:42:34.997Z INFO  benchmark_client] Sending sample transaction 856
[2026-09-10T03:42:35.044Z INFO  benchmark_client] Sending sample transaction 857
[2026-09-10T03:42:35.094Z INFO  benchmark_client] Sending sample transaction 858
[2026-09-10T03:42:35.144Z INFO  benchmark_client] Sending sample transaction 859
[2026-09-10T03:42:35.194Z INFO  benchmark_client] Sending sample transaction 860
[2026-09-10T03:42:35.244Z INFO  benchmark_client] Sending sample transaction 861
[2026-09-10T03:42:35.295Z INFO  benchmark_client] Sending sample transaction 862
[2026-09-10T03:42:35.344Z INFO  benchmark_client] Sending sample transaction 863
[2026-09-10T03:42:35.394Z INFO  benchmark_client] Sending sample transaction 864
[2026-09-10T03:42:35.444Z INFO  benchmark_client] Sending sample transaction 865
[2026-09-10T03:42:35.494Z INFO  benchmark_client] Sending sample transaction 866
[2026-09-10T03:42:35.545Z INFO  benchmark_client] Sending sample transaction 867
[2026-09-10T03:42:35.594Z INFO  benchmark_client] Sending sample transaction 868
[2026-09-10T03:42:35.645Z INFO  benchmark_client] Sending sample transaction 869
[2026-09-10T03:42:35.694Z INFO  benchmark_client] Sending sample transaction 870
[2026-09-10T03:42:35.745Z INFO  benchmark_client] Sending sample transaction 871
[2026-09-10T03:42:35.795Z INFO  benchmark_client] Sending sample transaction 872
[2026-09-10T03:42:35.845Z INFO  benchmark_client] Sending sample transaction 873
[2026-09-10T03:42:35.896Z INFO  benchmark_client] Sending sample transaction 874
[2026-09-10T03:42:35.945Z INFO  benchmark_client] Sending sample transaction 875
[2026-09-10T03:42:35.995Z INFO  benchmark_client] Sending sample transaction 876
[2026-09-10T03:42:36.044Z INFO  benchmark_client] Sending sample transaction 877
[2026-09-10T03:42:36.096Z INFO  benchmark_client] Sending sample transaction 878
[2026-09-10T03:42:36.145Z INFO  benchmark_client] Sending sample transaction 879
[2026-09-10T03:42:36.194Z INFO  benchmark_client] Sending sample transaction 880
[2026-09-10T03:42:36.244Z INFO  benchmark_client] Sending sample transaction 881
[2026-09-10T03:42:36.296Z INFO  benchmark_client] Sending sample transaction 882
[2026-09-10T03:42:36.345Z INFO  benchmark_client] Sending sample transaction 883
[2026-09-10T03:42:36.396Z INFO  benchmark_client] Sending sample transaction 884
[2026-09-10T03:42:36.445Z INFO  benchmark_client] Sending sample transaction 885
[2026-09-10T03:42:36.495Z INFO  benchmark_client] Sending sample transaction 886
[2026-09-10T03:42:36.545Z INFO  benchmark_client] Sending sample transaction 887
[2026-09-10T03:42:36.595Z INFO  benchmark_client] Sending sample transaction 888
[2026-09-10T03:42:36.644Z INFO  benchmark_client] Sending sample transaction 889
[2026-09-10T03:42:36.694Z INFO  benchmark_client] Sending sample transaction 890
[2026-09-10T03:42:36.746Z INFO  benchmark_client] Sending sample transaction 891
[2026-09-10T03:42:36.794Z INFO  benchmark_client] Sending sample transaction 892
[2026-09-10T03:42:36.850Z INFO  benchmark_client] Sending sample transaction 893
[2026-09-10T03:42:36.895Z INFO  benchmark_client] Sending sample transaction 894
[2026-09-10T03:42:36.944Z INFO  benchmark_client] Sending sample transaction 895
[2026-09-10T03:42:36.995Z INFO  benchmark_client] Sending sample transaction 896
[2026-09-10T03:42:37.044Z INFO  benchmark_client] Sending sample transaction 897
[2026-09-10T03:42:37.094Z INFO  benchmark_client] Sending sample transaction 898
[2026-09-10T03:42:37.145Z INFO  benchmark_client] Sending sample transaction 899
[2026-09-10T03:42:37.195Z INFO  benchmark_client] Sending sample transaction 900
[2026-09-10T03:42:37.244Z INFO  benchmark_client] Sending sample transaction 901
[2026-09-10T03:42:37.295Z INFO  benchmark_client] Sending sample transaction 902
[2026-09-10T03:42:37.344Z INFO  benchmark_client] Sending sample transaction 903
[2026-09-10T03:42:37.396Z INFO  benchmark_client] Sending sample transaction 904
[2026-09-10T03:42:37.445Z INFO  benchmark_client] Sending sample transaction 905
[2026-09-10T03:42:37.495Z INFO  benchmark_client] Sending sample transaction 906
[2026-09-10T03:42:37.545Z INFO  benchmark_client] Sending sample transaction 907
[2026-09-10T03:42:37.596Z INFO  benchmark_client] Sending sample transaction 908
[2026-09-10T03:42:37.645Z INFO  benchmark_client] Sending sample transaction 909
[2026-09-10T03:42:37.694Z INFO  benchmark_client] Sending sample transaction 910
[2026-09-10T03:42:37.744Z INFO  benchmark_client] Sending sample transaction 911
[2026-09-10T03:42:37.796Z INFO  benchmark_client] Sending sample transaction 912
[2026-09-10T03:42:37.844Z INFO  benchmark_client] Sending sample transaction 913
[2026-09-10T03:42:37.895Z INFO  benchmark_client] Sending sample transaction 914
[2026-09-10T03:42:37.947Z INFO  benchmark_client] Sending sample transaction 915
[2026-09-10T03:42:37.994Z INFO  benchmark_client] Sending sample transaction 916
[2026-09-10T03:42:38.045Z INFO  benchmark_client] Sending sample transaction 917
[2026-09-10T03:42:38.096Z INFO  benchmark_client] Sending sample transaction 918
[2026-09-10T03:42:38.145Z INFO  benchmark_client] Sending sample transaction 919
[2026-09-10T03:42:38.194Z INFO  benchmark_client] Sending sample transaction 920
[2026-09-10T03:42:38.245Z INFO  benchmark_client] Sending sample transaction 921
[2026-09-10T03:42:38.295Z INFO  benchmark_client] Sending sample transaction 922
[2026-09-10T03:42:38.347Z INFO  benchmark_client] Sending sample transaction 923
[2026-09-10T03:42:38.395Z INFO  benchmark_client] Sending sample transaction 924
[2026-09-10T03:42:38.445Z INFO  benchmark_client] Sending sample transaction 925
[2026-09-10T03:42:38.495Z INFO  benchmark_client] Sending sample transaction 926
[2026-09-10T03:42:38.545Z INFO  benchmark_client] Sending sample transaction 927
[2026-09-10T03:42:38.595Z INFO  benchmark_client] Sending sample transaction 928
[2026-09-10T03:42:38.644Z INFO  benchmark_client] Sending sample transaction 929
[2026-09-10T03:42:38.695Z INFO  benchmark_client] Sending sample transaction 930
[2026-09-10T03:42:38.746Z INFO  benchmark_client] Sending sample transaction 931
[2026-09-10T03:42:38.796Z INFO  benchmark_client] Sending sample transaction 932
[2026-09-10T03:42:38.844Z INFO  benchmark_client] Sending sample transaction 933
[2026-09-10T03:42:38.894Z INFO  benchmark_client] Sending sample transaction 934
[2026-09-10T03:42:38.946Z INFO  benchmark_client] Sending sample transaction 935
[2026-09-10T03:42:38.998Z INFO  benchmark_client] Sending sample transaction 936
[2026-09-10T03:42:39.044Z INFO  benchmark_client] Sending sample transaction 937
[2026-09-10T03:42:39.095Z INFO  benchmark_client] Sending sample transaction 938
[2026-09-10T03:42:39.144Z INFO  benchmark_client] Sending sample transaction 939
[2026-09-10T03:42:39.194Z INFO  benchmark_client] Sending sample transaction 940
[2026-09-10T03:42:39.245Z INFO  benchmark_client] Sending sample transaction 941
[2026-09-10T03:42:39.294Z INFO  benchmark_client] Sending sample transaction 942
[2026-09-10T03:42:39.344Z INFO  benchmark_client] Sending sample transaction 943
[2026-09-10T03:42:39.394Z INFO  benchmark_client] Sending sample transaction 944
[2026-09-10T03:42:39.445Z INFO  benchmark_client] Sending sample transaction 945
[2026-09-10T03:42:39.495Z INFO  benchmark_client] Sending sample transaction 946
[2026-09-10T03:42:39.545Z INFO  benchmark_client] Sending sample transaction 947
[2026-09-10T03:42:39.594Z INFO  benchmark_client] Sending sample transaction 948
[2026-09-10T03:42:39.644Z INFO  benchmark_client] Sending sample transaction 949
[2026-09-10T03:42:39.694Z INFO  benchmark_client] Sending sample transaction 950
[2026-09-10T03:42:39.744Z INFO  benchmark_client] Sending sample transaction 951
[2026-09-10T03:42:39.795Z INFO  benchmark_client] Sending sample transaction 952
[2026-09-10T03:42:39.844Z INFO  benchmark_client] Sending sample transaction 953
[2026-09-10T03:42:39.894Z INFO  benchmark_client] Sending sample transaction 954
[2026-09-10T03:42:39.944Z INFO  benchmark_client] Sending sample transaction 955
[2026-09-10T03:42:39.994Z INFO  benchmark_client] Sending sample transaction 956
[2026-09-10T03:42:40.045Z INFO  benchmark_client] Sending sample transaction 957
[2026-09-10T03:42:40.097Z INFO  benchmark_client] Sending sample transaction 958
[2026-09-10T03:42:40.144Z INFO  benchmark_client] Sending sample transaction 959
[2026-09-10T03:42:40.195Z INFO  benchmark_client] Sending sample transaction 960
[2026-09-10T03:42:40.245Z INFO  benchmark_client] Sending sample transaction 961
[2026-09-10T03:42:40.294Z INFO  benchmark_client] Sending sample transaction 962
[2026-09-10T03:42:40.345Z INFO  benchmark_client] Sending sample transaction 963
[2026-09-10T03:42:40.394Z INFO  benchmark_client] Sending sample transaction 964
[2026-09-10T03:42:40.445Z INFO  benchmark_client] Sending sample transaction 965
[2026-09-10T03:42:40.494Z INFO  benchmark_client] Sending sample transaction 966
[2026-09-10T03:42:40.544Z INFO  benchmark_client] Sending sample transaction 967
[2026-09-10T03:42:40.595Z INFO  benchmark_client] Sending sample transaction 968
[2026-09-10T03:42:40.645Z INFO  benchmark_client] Sending sample transaction 969
[2026-09-10T03:42:40.695Z INFO  benchmark_client] Sending sample transaction 970
[2026-09-10T03:42:40.745Z INFO  benchmark_client] Sending sample transaction 971
[2026-09-10T03:42:40.795Z INFO  benchmark_client] Sending sample transaction 972
[2026-09-10T03:42:40.845Z INFO  benchmark_client] Sending sample transaction 973
[2026-09-10T03:42:40.895Z INFO  benchmark_client] Sending sample transaction 974
[2026-09-10T03:42:40.945Z INFO  benchmark_client] Sending sample transaction 975
[2026-09-10T03:42:40.995Z INFO  benchmark_client] Sending sample transaction 976
[2026-09-10T03:42:41.044Z INFO  benchmark_client] Sending sample transaction 977
[2026-09-10T03:42:41.094Z INFO  benchmark_client] Sending sample transaction 978
[2026-09-10T03:42:41.145Z INFO  benchmark_client] Sending sample transaction 979
[2026-09-10T03:42:41.195Z INFO  benchmark_client] Sending sample transaction 980
[2026-09-10T03:42:41.245Z INFO  benchmark_client] Sending sample transaction 981
[2026-09-10T03:42:41.295Z INFO  benchmark_client] Sending sample transaction 982
[2026-09-10T03:42:41.345Z INFO  benchmark_client] Sending sample transaction 983
[2026-09-10T03:42:41.396Z INFO  benchmark_client] Sending sample transaction 984
[2026-09-10T03:42:41.445Z INFO  benchmark_client] Sending sample transaction 985
[2026-09-10T03:42:41.495Z INFO  benchmark_client] Sending sample transaction 986
[2026-09-10T03:42:41.544Z INFO  benchmark_client] Sending sample transaction 987
[2026-09-10T03:42:41.595Z INFO  benchmark_client] Sending sample transaction 988
[2026-09-10T03:42:41.645Z INFO  benchmark_client] Sending sample transaction 989
[2026-09-10T03:42:41.694Z INFO  benchmark_client] Sending sample transaction 990
[2026-09-10T03:42:41.745Z INFO  benchmark_client] Sending sample transaction 991
[2026-09-10T03:42:41.795Z INFO  benchmark_client] Sending sample transaction 992
[2026-09-10T03:42:41.844Z INFO  benchmark_client] Sending sample transaction 993
[2026-09-10T03:42:41.895Z INFO  benchmark_client] Sending sample transaction 994
[2026-09-10T03:42:41.945Z INFO  benchmark_client] Sending sample transaction 995
[2026-09-10T03:42:41.996Z INFO  benchmark_client] Sending sample transaction 996
[2026-09-10T03:42:42.044Z INFO  benchmark_client] Sending sample transaction 997
[2026-09-10T03:42:42.095Z INFO  benchmark_client] Sending sample transaction 998
[2026-09-10T03:42:42.146Z INFO  benchmark_client] Sending sample transaction 999
[2026-09-10T03:42:42.194Z INFO  benchmark_client] Sending sample transaction 1000
[2026-09-10T03:42:42.245Z INFO  benchmark_client] Sending sample transaction 1001
[2026-09-10T03:42:42.294Z INFO  benchmark_client] Sending sample transaction 1002
[2026-09-10T03:42:42.346Z INFO  benchmark_client] Sending sample transaction 1003
[2026-09-10T03:42:42.394Z INFO  benchmark_client] Sending sample transaction 1004
[2026-09-10T03:42:42.445Z INFO  benchmark_client] Sending sample transaction 1005
[2026-09-10T03:42:42.495Z INFO  benchmark_client] Sending sample transaction 1006
[2026-09-10T03:42:42.546Z INFO  benchmark_client] Sending sample transaction 1007
[2026-09-10T03:42:42.595Z INFO  benchmark_client] Sending sample transaction 1008
[2026-09-10T03:42:42.645Z INFO  benchmark_client] Sending sample transaction 1009
[2026-09-10T03:42:42.694Z INFO  benchmark_client] Sending sample transaction 1010
[2026-09-10T03:42:42.745Z INFO  benchmark_client] Sending sample transaction 1011
[2026-09-10T03:42:42.795Z INFO  benchmark_client] Sending sample transaction 1012
[2026-09-10T03:42:42.844Z INFO  benchmark_client] Sending sample transaction 1013
[2026-09-10T03:42:42.894Z INFO  benchmark_client] Sending sample transaction 1014
[2026-09-10T03:42:42.944Z INFO  benchmark_client] Sending sample transaction 1015
[2026-09-10T03:42:42.995Z INFO  benchmark_client] Sending sample transaction 1016
[2026-09-10T03:42:43.045Z INFO  benchmark_client] Sending sample transaction 1017
[2026-09-10T03:42:43.096Z INFO  benchmark_client] Sending sample transaction 1018
[2026-09-10T03:42:43.144Z INFO  benchmark_client] Sending sample transaction 1019
[2026-09-10T03:42:43.196Z INFO  benchmark_client] Sending sample transaction 1020
[2026-09-10T03:42:43.247Z INFO  benchmark_client] Sending sample transaction 1021
[2026-09-10T03:42:43.297Z INFO  benchmark_client] Sending sample transaction 1022
[2026-09-10T03:42:43.345Z INFO  benchmark_client] Sending sample transaction 1023
[2026-09-10T03:42:43.395Z INFO  benchmark_client] Sending sample transaction 1024
[2026-09-10T03:42:43.444Z INFO  benchmark_client] Sending sample transaction 1025
[2026-09-10T03:42:43.496Z INFO  benchmark_client] Sending sample transaction 1026
[2026-09-10T03:42:43.545Z INFO  benchmark_client] Sending sample transaction 1027
[2026-09-10T03:42:43.595Z INFO  benchmark_client] Sending sample transaction 1028
[2026-09-10T03:42:43.645Z INFO  benchmark_client] Sending sample transaction 1029
[2026-09-10T03:42:43.696Z INFO  benchmark_client] Sending sample transaction 1030
[2026-09-10T03:42:43.745Z INFO  benchmark_client] Sending sample transaction 1031
[2026-09-10T03:42:43.795Z INFO  benchmark_client] Sending sample transaction 1032
[2026-09-10T03:42:43.845Z INFO  benchmark_client] Sending sample transaction 1033
[2026-09-10T03:42:43.894Z INFO  benchmark_client] Sending sample transaction 1034
[2026-09-10T03:42:43.945Z INFO  benchmark_client] Sending sample transaction 1035
[2026-09-10T03:42:43.995Z INFO  benchmark_client] Sending sample transaction 1036
[2026-09-10T03:42:44.045Z INFO  benchmark_client] Sending sample transaction 1037
[2026-09-10T03:42:44.095Z INFO  benchmark_client] Sending sample transaction 1038
[2026-09-10T03:42:44.144Z INFO  benchmark_client] Sending sample transaction 1039
[2026-09-10T03:42:44.194Z INFO  benchmark_client] Sending sample transaction 1040
[2026-09-10T03:42:44.244Z INFO  benchmark_client] Sending sample transaction 1041
[2026-09-10T03:42:44.295Z INFO  benchmark_client] Sending sample transaction 1042
[2026-09-10T03:42:44.346Z INFO  benchmark_client] Sending sample transaction 1043
[2026-09-10T03:42:44.395Z INFO  benchmark_client] Sending sample transaction 1044
[2026-09-10T03:42:44.445Z INFO  benchmark_client] Sending sample transaction 1045
[2026-09-10T03:42:44.494Z INFO  benchmark_client] Sending sample transaction 1046
[2026-09-10T03:42:44.545Z INFO  benchmark_client] Sending sample transaction 1047
[2026-09-10T03:42:44.595Z INFO  benchmark_client] Sending sample transaction 1048
[2026-09-10T03:42:44.646Z INFO  benchmark_client] Sending sample transaction 1049
[2026-09-10T03:42:44.695Z INFO  benchmark_client] Sending sample transaction 1050
[2026-09-10T03:42:44.745Z INFO  benchmark_client] Sending sample transaction 1051
[2026-09-10T03:42:44.794Z INFO  benchmark_client] Sending sample transaction 1052
[2026-09-10T03:42:44.846Z INFO  benchmark_client] Sending sample transaction 1053
[2026-09-10T03:42:44.895Z INFO  benchmark_client] Sending sample transaction 1054
[2026-09-10T03:42:44.945Z INFO  benchmark_client] Sending sample transaction 1055
[2026-09-10T03:42:44.995Z INFO  benchmark_client] Sending sample transaction 1056
[2026-09-10T03:42:45.045Z INFO  benchmark_client] Sending sample transaction 1057
[2026-09-10T03:42:45.095Z INFO  benchmark_client] Sending sample transaction 1058
[2026-09-10T03:42:45.146Z INFO  benchmark_client] Sending sample transaction 1059
[2026-09-10T03:42:45.195Z INFO  benchmark_client] Sending sample transaction 1060
[2026-09-10T03:42:45.245Z INFO  benchmark_client] Sending sample transaction 1061
[2026-09-10T03:42:45.295Z INFO  benchmark_client] Sending sample transaction 1062
[2026-09-10T03:42:45.346Z INFO  benchmark_client] Sending sample transaction 1063
[2026-09-10T03:42:45.395Z INFO  benchmark_client] Sending sample transaction 1064
[2026-09-10T03:42:45.445Z INFO  benchmark_client] Sending sample transaction 1065
[2026-09-10T03:42:45.498Z INFO  benchmark_client] Sending sample transaction 1066
[2026-09-10T03:42:45.545Z INFO  benchmark_client] Sending sample transaction 1067
[2026-09-10T03:42:45.596Z INFO  benchmark_client] Sending sample transaction 1068
[2026-09-10T03:42:45.645Z INFO  benchmark_client] Sending sample transaction 1069
[2026-09-10T03:42:45.694Z INFO  benchmark_client] Sending sample transaction 1070
[2026-09-10T03:42:45.745Z INFO  benchmark_client] Sending sample transaction 1071
[2026-09-10T03:42:45.795Z INFO  benchmark_client] Sending sample transaction 1072
[2026-09-10T03:42:45.845Z INFO  benchmark_client] Sending sample transaction 1073
[2026-09-10T03:42:45.895Z INFO  benchmark_client] Sending sample transaction 1074
[2026-09-10T03:42:45.945Z INFO  benchmark_client] Sending sample transaction 1075
[2026-09-10T03:42:45.995Z INFO  benchmark_client] Sending sample transaction 1076
[2026-09-10T03:42:46.045Z INFO  benchmark_client] Sending sample transaction 1077
[2026-09-10T03:42:46.094Z INFO  benchmark_client] Sending sample transaction 1078
[2026-09-10T03:42:46.144Z INFO  benchmark_client] Sending sample transaction 1079
[2026-09-10T03:42:46.195Z INFO  benchmark_client] Sending sample transaction 1080
[2026-09-10T03:42:46.246Z INFO  benchmark_client] Sending sample transaction 1081
[2026-09-10T03:42:46.295Z INFO  benchmark_client] Sending sample transaction 1082
[2026-09-10T03:42:46.345Z INFO  benchmark_client] Sending sample transaction 1083
[2026-09-10T03:42:46.395Z INFO  benchmark_client] Sending sample transaction 1084
[2026-09-10T03:42:46.445Z INFO  benchmark_client] Sending sample transaction 1085
[2026-09-10T03:42:46.495Z INFO  benchmark_client] Sending sample transaction 1086
[2026-09-10T03:42:46.545Z INFO  benchmark_client] Sending sample transaction 1087
[2026-09-10T03:42:46.595Z INFO  benchmark_client] Sending sample transaction 1088
[2026-09-10T03:42:46.644Z INFO  benchmark_client] Sending sample transaction 1089
[2026-09-10T03:42:46.696Z INFO  benchmark_client] Sending sample transaction 1090
[2026-09-10T03:42:46.744Z INFO  benchmark_client] Sending sample transaction 1091
[2026-09-10T03:42:46.796Z INFO  benchmark_client] Sending sample transaction 1092
[2026-09-10T03:42:46.845Z INFO  benchmark_client] Sending sample transaction 1093
[2026-09-10T03:42:46.895Z INFO  benchmark_client] Sending sample transaction 1094
[2026-09-10T03:42:46.945Z INFO  benchmark_client] Sending sample transaction 1095
[2026-09-10T03:42:46.996Z INFO  benchmark_client] Sending sample transaction 1096
[2026-09-10T03:42:47.045Z INFO  benchmark_client] Sending sample transaction 1097
[2026-09-10T03:42:47.096Z INFO  benchmark_client] Sending sample transaction 1098
[2026-09-10T03:42:47.144Z INFO  benchmark_client] Sending sample transaction 1099
[2026-09-10T03:42:47.194Z INFO  benchmark_client] Sending sample transaction 1100
[2026-09-10T03:42:47.244Z INFO  benchmark_client] Sending sample transaction 1101
[2026-09-10T03:42:47.295Z INFO  benchmark_client] Sending sample transaction 1102
[2026-09-10T03:42:47.345Z INFO  benchmark_client] Sending sample transaction 1103
[2026-09-10T03:42:47.395Z INFO  benchmark_client] Sending sample transaction 1104
[2026-09-10T03:42:47.444Z INFO  benchmark_client] Sending sample transaction 1105
[2026-09-10T03:42:47.496Z INFO  benchmark_client] Sending sample transaction 1106
[2026-09-10T03:42:47.545Z INFO  benchmark_client] Sending sample transaction 1107
[2026-09-10T03:42:47.598Z INFO  benchmark_client] Sending sample transaction 1108
[2026-09-10T03:42:47.645Z INFO  benchmark_client] Sending sample transaction 1109
[2026-09-10T03:42:47.694Z INFO  benchmark_client] Sending sample transaction 1110
[2026-09-10T03:42:47.744Z INFO  benchmark_client] Sending sample transaction 1111
[2026-09-10T03:42:47.795Z INFO  benchmark_client] Sending sample transaction 1112
[2026-09-10T03:42:47.845Z INFO  benchmark_client] Sending sample transaction 1113
[2026-09-10T03:42:47.894Z INFO  benchmark_client] Sending sample transaction 1114
[2026-09-10T03:42:47.944Z INFO  benchmark_client] Sending sample transaction 1115
[2026-09-10T03:42:47.994Z INFO  benchmark_client] Sending sample transaction 1116
[2026-09-10T03:42:48.044Z INFO  benchmark_client] Sending sample transaction 1117
[2026-09-10T03:42:48.095Z INFO  benchmark_client] Sending sample transaction 1118
[2026-09-10T03:42:48.144Z INFO  benchmark_client] Sending sample transaction 1119
[2026-09-10T03:42:48.195Z INFO  benchmark_client] Sending sample transaction 1120
[2026-09-10T03:42:48.246Z INFO  benchmark_client] Sending sample transaction 1121
[2026-09-10T03:42:48.295Z INFO  benchmark_client] Sending sample transaction 1122
[2026-09-10T03:42:48.345Z INFO  benchmark_client] Sending sample transaction 1123
[2026-09-10T03:42:48.395Z INFO  benchmark_client] Sending sample transaction 1124
[2026-09-10T03:42:48.445Z INFO  benchmark_client] Sending sample transaction 1125
[2026-09-10T03:42:48.495Z INFO  benchmark_client] Sending sample transaction 1126
[2026-09-10T03:42:48.544Z INFO  benchmark_client] Sending sample transaction 1127
[2026-09-10T03:42:48.595Z INFO  benchmark_client] Sending sample transaction 1128
[2026-09-10T03:42:48.645Z INFO  benchmark_client] Sending sample transaction 1129
[2026-09-10T03:42:48.694Z INFO  benchmark_client] Sending sample transaction 1130
[2026-09-10T03:42:48.745Z INFO  benchmark_client] Sending sample transaction 1131
[2026-09-10T03:42:48.796Z INFO  benchmark_client] Sending sample transaction 1132
[2026-09-10T03:42:48.845Z INFO  benchmark_client] Sending sample transaction 1133
[2026-09-10T03:42:48.895Z INFO  benchmark_client] Sending sample transaction 1134
[2026-09-10T03:42:48.945Z INFO  benchmark_client] Sending sample transaction 1135
[2026-09-10T03:42:48.994Z INFO  benchmark_client] Sending sample transaction 1136
[2026-09-10T03:42:49.045Z INFO  benchmark_client] Sending sample transaction 1137
[2026-09-10T03:42:49.094Z INFO  benchmark_client] Sending sample transaction 1138
[2026-09-10T03:42:49.144Z INFO  benchmark_client] Sending sample transaction 1139
[2026-09-10T03:42:49.195Z INFO  benchmark_client] Sending sample transaction 1140
[2026-09-10T03:42:49.245Z INFO  benchmark_client] Sending sample transaction 1141
[2026-09-10T03:42:49.295Z INFO  benchmark_client] Sending sample transaction 1142
[2026-09-10T03:42:49.345Z INFO  benchmark_client] Sending sample transaction 1143
[2026-09-10T03:42:49.395Z INFO  benchmark_client] Sending sample transaction 1144
[2026-09-10T03:42:49.445Z INFO  benchmark_client] Sending sample transaction 1145
[2026-09-10T03:42:49.495Z INFO  benchmark_client] Sending sample transaction 1146
[2026-09-10T03:42:49.544Z INFO  benchmark_client] Sending sample transaction 1147
[2026-09-10T03:42:49.596Z INFO  benchmark_client] Sending sample transaction 1148
[2026-09-10T03:42:49.645Z INFO  benchmark_client] Sending sample transaction 1149
[2026-09-10T03:42:49.695Z INFO  benchmark_client] Sending sample transaction 1150
[2026-09-10T03:42:49.745Z INFO  benchmark_client] Sending sample transaction 1151
[2026-09-10T03:42:49.794Z INFO  benchmark_client] Sending sample transaction 1152
[2026-09-10T03:42:49.845Z INFO  benchmark_client] Sending sample transaction 1153
[2026-09-10T03:42:49.896Z INFO  benchmark_client] Sending sample transaction 1154
[2026-09-10T03:42:49.945Z INFO  benchmark_client] Sending sample transaction 1155
[2026-09-10T03:42:49.995Z INFO  benchmark_client] Sending sample transaction 1156
[2026-09-10T03:42:50.045Z INFO  benchmark_client] Sending sample transaction 1157
[2026-09-10T03:42:50.095Z INFO  benchmark_client] Sending sample transaction 1158
[2026-09-10T03:42:50.145Z INFO  benchmark_client] Sending sample transaction 1159
[2026-09-10T03:42:50.196Z INFO  benchmark_client] Sending sample transaction 1160
[2026-09-10T03:42:50.246Z INFO  benchmark_client] Sending sample transaction 1161
[2026-09-10T03:42:50.294Z INFO  benchmark_client] Sending sample transaction 1162
[2026-09-10T03:42:50.345Z INFO  benchmark_client] Sending sample transaction 1163
[2026-09-10T03:42:50.395Z INFO  benchmark_client] Sending sample transaction 1164
[2026-09-10T03:42:50.445Z INFO  benchmark_client] Sending sample transaction 1165
[2026-09-10T03:42:50.494Z INFO  benchmark_client] Sending sample transaction 1166
[2026-09-10T03:42:50.546Z INFO  benchmark_client] Sending sample transaction 1167
[2026-09-10T03:42:50.595Z INFO  benchmark_client] Sending sample transaction 1168
[2026-09-10T03:42:50.645Z INFO  benchmark_client] Sending sample transaction 1169
[2026-09-10T03:42:50.694Z INFO  benchmark_client] Sending sample transaction 1170
[2026-09-10T03:42:50.744Z INFO  benchmark_client] Sending sample transaction 1171
[2026-09-10T03:42:50.796Z INFO  benchmark_client] Sending sample transaction 1172
[2026-09-10T03:42:50.845Z INFO  benchmark_client] Sending sample transaction 1173
[2026-09-10T03:42:50.895Z INFO  benchmark_client] Sending sample transaction 1174
[2026-09-10T03:42:50.945Z INFO  benchmark_client] Sending sample transaction 1175
[2026-09-10T03:42:50.995Z INFO  benchmark_client] Sending sample transaction 1176
[2026-09-10T03:42:51.047Z INFO  benchmark_client] Sending sample transaction 1177
[2026-09-10T03:42:51.095Z INFO  benchmark_client] Sending sample transaction 1178
[2026-09-10T03:42:51.144Z INFO  benchmark_client] Sending sample transaction 1179
[2026-09-10T03:42:51.196Z INFO  benchmark_client] Sending sample transaction 1180
[2026-09-10T03:42:51.245Z INFO  benchmark_client] Sending sample transaction 1181
[2026-09-10T03:42:51.295Z INFO  benchmark_client] Sending sample transaction 1182
[2026-09-10T03:42:51.345Z INFO  benchmark_client] Sending sample transaction 1183
[2026-09-10T03:42:51.394Z INFO  benchmark_client] Sending sample transaction 1184
[2026-09-10T03:42:51.445Z INFO  benchmark_client] Sending sample transaction 1185
[2026-09-10T03:42:51.495Z INFO  benchmark_client] Sending sample transaction 1186
[2026-09-10T03:42:51.544Z INFO  benchmark_client] Sending sample transaction 1187
[2026-09-10T03:42:51.594Z INFO  benchmark_client] Sending sample transaction 1188
[2026-09-10T03:42:51.645Z INFO  benchmark_client] Sending sample transaction 1189
[2026-09-10T03:42:51.696Z INFO  benchmark_client] Sending sample transaction 1190
[2026-09-10T03:42:51.745Z INFO  benchmark_client] Sending sample transaction 1191
[2026-09-10T03:42:51.795Z INFO  benchmark_client] Sending sample transaction 1192
[2026-09-10T03:42:51.845Z INFO  benchmark_client] Sending sample transaction 1193
[2026-09-10T03:42:51.899Z INFO  benchmark_client] Sending sample transaction 1194
[2026-09-10T03:42:51.945Z INFO  benchmark_client] Sending sample transaction 1195
[2026-09-10T03:42:51.995Z INFO  benchmark_client] Sending sample transaction 1196
