[2026-09-10T03:41:52.190Z INFO  benchmark_client] Node address: 34.143.255.236:5048
[2026-09-10T03:41:52.190Z INFO  benchmark_client] Transactions size: 512 B
[2026-09-10T03:41:52.190Z INFO  benchmark_client] Transactions rate: 12000 tx/s
[2026-09-10T03:41:52.190Z INFO  benchmark_client] Waiting for all nodes to be online...
[2026-09-10T03:41:52.500Z INFO  benchmark_client] Start sending transactions
[2026-09-10T03:41:52.501Z INFO  benchmark_client] Sending sample transaction 0
[2026-09-10T03:41:52.550Z INFO  benchmark_client] Sending sample transaction 1
[2026-09-10T03:41:52.600Z INFO  benchmark_client] Sending sample transaction 2
[2026-09-10T03:41:52.650Z INFO  benchmark_client] Sending sample transaction 3
[2026-09-10T03:41:52.700Z INFO  benchmark_client] Sending sample transaction 4
[2026-09-10T03:41:52.750Z INFO  benchmark_client] Sending sample transaction 5
[2026-09-10T03:41:52.801Z INFO  benchmark_client] Sending sample transaction 6
[2026-09-10T03:41:52.851Z INFO  benchmark_client] Sending sample transaction 7
[2026-09-10T03:41:52.900Z INFO  benchmark_client] Sending sample transaction 8
[2026-09-10T03:41:52.950Z INFO  benchmark_client] Sending sample transaction 9
[2026-09-10T03:41:53.000Z INFO  benchmark_client] Sending sample transaction 10
[2026-09-10T03:41:53.050Z INFO  benchmark_client] Sending sample transaction 11
[2026-09-10T03:41:53.101Z INFO  benchmark_client] Sending sample transaction 12
[2026-09-10T03:41:53.150Z INFO  benchmark_client] Sending sample transaction 13
[2026-09-10T03:41:53.200Z INFO  benchmark_client] Sending sample transaction 14
[2026-09-10T03:41:53.250Z INFO  benchmark_client] Sending sample transaction 15
[2026-09-10T03:41:53.300Z INFO  benchmark_client] Sending sample transaction 16
[2026-09-10T03:41:53.350Z INFO  benchmark_client] Sending sample transaction 17
[2026-09-10T03:41:53.400Z INFO  benchmark_client] Sending sample transaction 18
[2026-09-10T03:41:53.451Z INFO  benchmark_client] Sending sample transaction 19
[2026-09-10T03:41:53.500Z INFO  benchmark_client] Sending sample transaction 20
[2026-09-10T03:41:53.551Z INFO  benchmark_client] Sending sample transaction 21
[2026-09-10T03:41:53.600Z INFO  benchmark_client] Sending sample transaction 22
[2026-09-10T03:41:53.650Z INFO  benchmark_client] Sending sample transaction 23
[2026-09-10T03:41:53.700Z INFO  benchmark_client] Sending sample transaction 24
[2026-09-10T03:41:53.750Z INFO  benchmark_client] Sending sample transaction 25
[2026-09-10T03:41:53.800Z INFO  benchmark_client] Sending sample transaction 26
[2026-09-10T03:41:53.851Z INFO  benchmark_client] Sending sample transaction 27
[2026-09-10T03:41:53.901Z INFO  benchmark_client] Sending sample transaction 28
[2026-09-10T03:41:53.952Z INFO  benchmark_client] Sending sample transaction 29
[2026-09-10T03:41:54.001Z INFO  benchmark_client] Sending sample transaction 30
[2026-09-10T03:41:54.051Z INFO  benchmark_client] Sending sample transaction 31
[2026-09-10T03:41:54.101Z INFO  benchmark_client] Sending sample transaction 32
[2026-09-10T03:41:54.150Z INFO  benchmark_client] Sending sample transaction 33
[2026-09-10T03:41:54.201Z INFO  benchmark_client] Sending sample transaction 34
[2026-09-10T03:41:54.251Z INFO  benchmark_client] Sending sample transaction 35
[2026-09-10T03:41:54.300Z INFO  benchmark_client] Sending sample transaction 36
[2026-09-10T03:41:54.350Z INFO  benchmark_client] Sending sample transaction 37
[2026-09-10T03:41:54.401Z INFO  benchmark_client] Sending sample transaction 38
[2026-09-10T03:41:54.450Z INFO  benchmark_client] Sending sample transaction 39
[2026-09-10T03:41:54.501Z INFO  benchmark_client] Sending sample transaction 40
[2026-09-10T03:41:54.550Z INFO  benchmark_client] Sending sample transaction 41
[2026-09-10T03:41:54.601Z INFO  benchmark_client] Sending sample transaction 42
[2026-09-10T03:41:54.650Z INFO  benchmark_client] Sending sample transaction 43
[2026-09-10T03:41:54.701Z INFO  benchmark_client] Sending sample transaction 44
[2026-09-10T03:41:54.751Z INFO  benchmark_client] Sending sample transaction 45
[2026-09-10T03:41:54.801Z INFO  benchmark_client] Sending sample transaction 46
[2026-09-10T03:41:54.850Z INFO  benchmark_client] Sending sample transaction 47
[2026-09-10T03:41:54.901Z INFO  benchmark_client] Sending sample transaction 48
[2026-09-10T03:41:54.951Z INFO  benchmark_client] Sending sample transaction 49
[2026-09-10T03:41:55.000Z INFO  benchmark_client] Sending sample transaction 50
[2026-09-10T03:41:55.051Z INFO  benchmark_client] Sending sample transaction 51
[2026-09-10T03:41:55.100Z INFO  benchmark_client] Sending sample transaction 52
[2026-09-10T03:41:55.150Z INFO  benchmark_client] Sending sample transaction 53
[2026-09-10T03:41:55.200Z INFO  benchmark_client] Sending sample transaction 54
[2026-09-10T03:41:55.251Z INFO  benchmark_client] Sending sample transaction 55
[2026-09-10T03:41:55.300Z INFO  benchmark_client] Sending sample transaction 56
[2026-09-10T03:41:55.351Z INFO  benchmark_client] Sending sample transaction 57
[2026-09-10T03:41:55.401Z INFO  benchmark_client] Sending sample transaction 58
[2026-09-10T03:41:55.451Z INFO  benchmark_client] Sending sample transaction 59
[2026-09-10T03:41:55.501Z INFO  benchmark_client] Sending sample transaction 60
[2026-09-10T03:41:55.550Z INFO  benchmark_client] Sending sample transaction 61
[2026-09-10T03:41:55.601Z INFO  benchmark_client] Sending sample transaction 62
[2026-09-10T03:41:55.651Z INFO  benchmark_client] Sending sample transaction 63
[2026-09-10T03:41:55.701Z INFO  benchmark_client] Sending sample transaction 64
[2026-09-10T03:41:55.750Z INFO  benchmark_client] Sending sample transaction 65
[2026-09-10T03:41:55.800Z INFO  benchmark_client] Sending sample transaction 66
[2026-09-10T03:41:55.851Z INFO  benchmark_client] Sending sample transaction 67
[2026-09-10T03:41:55.901Z INFO  benchmark_client] Sending sample transaction 68
[2026-09-10T03:41:55.951Z INFO  benchmark_client] Sending sample transaction 69
[2026-09-10T03:41:56.001Z INFO  benchmark_client] Sending sample transaction 70
[2026-09-10T03:41:56.050Z INFO  benchmark_client] Sending sample transaction 71
[2026-09-10T03:41:56.101Z INFO  benchmark_client] Sending sample transaction 72
[2026-09-10T03:41:56.151Z INFO  benchmark_client] Sending sample transaction 73
[2026-09-10T03:41:56.200Z INFO  benchmark_client] Sending sample transaction 74
[2026-09-10T03:41:56.252Z INFO  benchmark_client] Sending sample transaction 75
[2026-09-10T03:41:56.300Z INFO  benchmark_client] Sending sample transaction 76
[2026-09-10T03:41:56.350Z INFO  benchmark_client] Sending sample transaction 77
[2026-09-10T03:41:56.401Z INFO  benchmark_client] Sending sample transaction 78
[2026-09-10T03:41:56.450Z INFO  benchmark_client] Sending sample transaction 79
[2026-09-10T03:41:56.500Z INFO  benchmark_client] Sending sample transaction 80
[2026-09-10T03:41:56.553Z INFO  benchmark_client] Sending sample transaction 81
[2026-09-10T03:41:56.601Z INFO  benchmark_client] Sending sample transaction 82
[2026-09-10T03:41:56.652Z INFO  benchmark_client] Sending sample transaction 83
[2026-09-10T03:41:56.700Z INFO  benchmark_client] Sending sample transaction 84
[2026-09-10T03:41:56.751Z INFO  benchmark_client] Sending sample transaction 85
[2026-09-10T03:41:56.800Z INFO  benchmark_client] Sending sample transaction 86
[2026-09-10T03:41:56.851Z INFO  benchmark_client] Sending sample transaction 87
[2026-09-10T03:41:56.900Z INFO  benchmark_client] Sending sample transaction 88
[2026-09-10T03:41:56.952Z INFO  benchmark_client] Sending sample transaction 89
[2026-09-10T03:41:57.000Z INFO  benchmark_client] Sending sample transaction 90
[2026-09-10T03:41:57.050Z INFO  benchmark_client] Sending sample transaction 91
[2026-09-10T03:41:57.100Z INFO  benchmark_client] Sending sample transaction 92
[2026-09-10T03:41:57.151Z INFO  benchmark_client] Sending sample transaction 93
[2026-09-10T03:41:57.201Z INFO  benchmark_client] Sending sample transaction 94
[2026-09-10T03:41:57.250Z INFO  benchmark_client] Sending sample transaction 95
[2026-09-10T03:41:57.301Z INFO  benchmark_client] Sending sample transaction 96
[2026-09-10T03:41:57.351Z INFO  benchmark_client] Sending sample transaction 97
[2026-09-10T03:41:57.400Z INFO  benchmark_client] Sending sample transaction 98
[2026-09-10T03:41:57.451Z INFO  benchmark_client] Sending sample transaction 99
[2026-09-10T03:41:57.502Z INFO  benchmark_client] Sending sample transaction 100
[2026-09-10T03:41:57.551Z INFO  benchmark_client] Sending sample transaction 101
[2026-09-10T03:41:57.606Z INFO  benchmark_client] Sending sample transaction 102
[2026-09-10T03:41:57.651Z INFO  benchmark_client] Sending sample transaction 103
[2026-09-10T03:41:57.701Z INFO  benchmark_client] Sending sample transaction 104
[2026-09-10T03:41:57.754Z INFO  benchmark_client] Sending sample transaction 105
[2026-09-10T03:41:57.801Z INFO  benchmark_client] Sending sample transaction 106
[2026-09-10T03:41:57.851Z INFO  benchmark_client] Sending sample transaction 107
[2026-09-10T03:41:57.901Z INFO  benchmark_client] Sending sample transaction 108
[2026-09-10T03:41:57.951Z INFO  benchmark_client] Sending sample transaction 109
[2026-09-10T03:41:58.000Z INFO  benchmark_client] Sending sample transaction 110
[2026-09-10T03:41:58.050Z INFO  benchmark_client] Sending sample transaction 111
[2026-09-10T03:41:58.103Z INFO  benchmark_client] Sending sample transaction 112
[2026-09-10T03:41:58.150Z INFO  benchmark_client] Sending sample transaction 113
[2026-09-10T03:41:58.200Z INFO  benchmark_client] Sending sample transaction 114
[2026-09-10T03:41:58.252Z INFO  benchmark_client] Sending sample transaction 115
[2026-09-10T03:41:58.301Z INFO  benchmark_client] Sending sample transaction 116
[2026-09-10T03:41:58.351Z INFO  benchmark_client] Sending sample transaction 117
[2026-09-10T03:41:58.401Z INFO  benchmark_client] Sending sample transaction 118
[2026-09-10T03:41:58.454Z INFO  benchmark_client] Sending sample transaction 119
[2026-09-10T03:41:58.501Z INFO  benchmark_client] Sending sample transaction 120
[2026-09-10T03:41:58.551Z INFO  benchmark_client] Sending sample transaction 121
[2026-09-10T03:41:58.601Z INFO  benchmark_client] Sending sample transaction 122
[2026-09-10T03:41:58.650Z INFO  benchmark_client] Sending sample transaction 123
[2026-09-10T03:41:58.701Z INFO  benchmark_client] Sending sample transaction 124
[2026-09-10T03:41:58.751Z INFO  benchmark_client] Sending sample transaction 125
[2026-09-10T03:41:58.801Z INFO  benchmark_client] Sending sample transaction 126
[2026-09-10T03:41:58.850Z INFO  benchmark_client] Sending sample transaction 127
[2026-09-10T03:41:58.902Z INFO  benchmark_client] Sending sample transaction 128
[2026-09-10T03:41:58.951Z INFO  benchmark_client] Sending sample transaction 129
[2026-09-10T03:41:59.000Z INFO  benchmark_client] Sending sample transaction 130
[2026-09-10T03:41:59.050Z INFO  benchmark_client] Sending sample transaction 131
[2026-09-10T03:41:59.100Z INFO  benchmark_client] Sending sample transaction 132
[2026-09-10T03:41:59.151Z INFO  benchmark_client] Sending sample transaction 133
[2026-09-10T03:41:59.200Z INFO  benchmark_client] Sending sample transaction 134
[2026-09-10T03:41:59.251Z INFO  benchmark_client] Sending sample transaction 135
[2026-09-10T03:41:59.301Z INFO  benchmark_client] Sending sample transaction 136
[2026-09-10T03:41:59.351Z INFO  benchmark_client] Sending sample transaction 137
[2026-09-10T03:41:59.401Z INFO  benchmark_client] Sending sample transaction 138
[2026-09-10T03:41:59.451Z INFO  benchmark_client] Sending sample transaction 139
[2026-09-10T03:41:59.501Z INFO  benchmark_client] Sending sample transaction 140
[2026-09-10T03:41:59.551Z INFO  benchmark_client] Sending sample transaction 141
[2026-09-10T03:41:59.601Z INFO  benchmark_client] Sending sample transaction 142
[2026-09-10T03:41:59.651Z INFO  benchmark_client] Sending sample transaction 143
[2026-09-10T03:41:59.701Z INFO  benchmark_client] Sending sample transaction 144
[2026-09-10T03:41:59.751Z INFO  benchmark_client] Sending sample transaction 145
[2026-09-10T03:41:59.801Z INFO  benchmark_client] Sending sample transaction 146
[2026-09-10T03:41:59.851Z INFO  benchmark_client] Sending sample transaction 147
[2026-09-10T03:41:59.902Z INFO  benchmark_client] Sending sample transaction 148
[2026-09-10T03:41:59.951Z INFO  benchmark_client] Sending sample transaction 149
[2026-09-10T03:42:00.000Z INFO  benchmark_client] Sending sample transaction 150
[2026-09-10T03:42:00.050Z INFO  benchmark_client] Sending sample transaction 151
[2026-09-10T03:42:00.101Z INFO  benchmark_client] Sending sample transaction 152
[2026-09-10T03:42:00.151Z INFO  benchmark_client] Sending sample transaction 153
[2026-09-10T03:42:00.201Z INFO  benchmark_client] Sending sample transaction 154
[2026-09-10T03:42:00.250Z INFO  benchmark_client] Sending sample transaction 155
[2026-09-10T03:42:00.301Z INFO  benchmark_client] Sending sample transaction 156
[2026-09-10T03:42:00.350Z INFO  benchmark_client] Sending sample transaction 157
[2026-09-10T03:42:00.400Z INFO  benchmark_client] Sending sample transaction 158
[2026-09-10T03:42:00.451Z INFO  benchmark_client] Sending sample transaction 159
[2026-09-10T03:42:00.500Z INFO  benchmark_client] Sending sample transaction 160
[2026-09-10T03:42:00.552Z INFO  benchmark_client] Sending sample transaction 161
[2026-09-10T03:42:00.601Z INFO  benchmark_client] Sending sample transaction 162
[2026-09-10T03:42:00.651Z INFO  benchmark_client] Sending sample transaction 163
[2026-09-10T03:42:00.700Z INFO  benchmark_client] Sending sample transaction 164
[2026-09-10T03:42:00.752Z INFO  benchmark_client] Sending sample transaction 165
[2026-09-10T03:42:00.801Z INFO  benchmark_client] Sending sample transaction 166
[2026-09-10T03:42:00.853Z INFO  benchmark_client] Sending sample transaction 167
[2026-09-10T03:42:00.901Z INFO  benchmark_client] Sending sample transaction 168
[2026-09-10T03:42:00.950Z INFO  benchmark_client] Sending sample transaction 169
[2026-09-10T03:42:01.001Z INFO  benchmark_client] Sending sample transaction 170
[2026-09-10T03:42:01.050Z INFO  benchmark_client] Sending sample transaction 171
[2026-09-10T03:42:01.102Z INFO  benchmark_client] Sending sample transaction 172
[2026-09-10T03:42:01.151Z INFO  benchmark_client] Sending sample transaction 173
[2026-09-10T03:42:01.204Z INFO  benchmark_client] Sending sample transaction 174
[2026-09-10T03:42:01.251Z INFO  benchmark_client] Sending sample transaction 175
[2026-09-10T03:42:01.300Z INFO  benchmark_client] Sending sample transaction 176
[2026-09-10T03:42:01.351Z INFO  benchmark_client] Sending sample transaction 177
[2026-09-10T03:42:01.401Z INFO  benchmark_client] Sending sample transaction 178
[2026-09-10T03:42:01.450Z INFO  benchmark_client] Sending sample transaction 179
[2026-09-10T03:42:01.502Z INFO  benchmark_client] Sending sample transaction 180
[2026-09-10T03:42:01.551Z INFO  benchmark_client] Sending sample transaction 181
[2026-09-10T03:42:01.602Z INFO  benchmark_client] Sending sample transaction 182
[2026-09-10T03:42:01.653Z INFO  benchmark_client] Sending sample transaction 183
[2026-09-10T03:42:01.701Z INFO  benchmark_client] Sending sample transaction 184
[2026-09-10T03:42:01.751Z INFO  benchmark_client] Sending sample transaction 185
[2026-09-10T03:42:01.802Z INFO  benchmark_client] Sending sample transaction 186
[2026-09-10T03:42:01.851Z INFO  benchmark_client] Sending sample transaction 187
[2026-09-10T03:42:01.903Z INFO  benchmark_client] Sending sample transaction 188
[2026-09-10T03:42:01.952Z INFO  benchmark_client] Sending sample transaction 189
[2026-09-10T03:42:02.001Z INFO  benchmark_client] Sending sample transaction 190
[2026-09-10T03:42:02.051Z INFO  benchmark_client] Sending sample transaction 191
[2026-09-10T03:42:02.101Z INFO  benchmark_client] Sending sample transaction 192
[2026-09-10T03:42:02.152Z INFO  benchmark_client] Sending sample transaction 193
[2026-09-10T03:42:02.201Z INFO  benchmark_client] Sending sample transaction 194
[2026-09-10T03:42:02.253Z INFO  benchmark_client] Sending sample transaction 195
[2026-09-10T03:42:02.302Z INFO  benchmark_client] Sending sample transaction 196
[2026-09-10T03:42:02.351Z INFO  benchmark_client] Sending sample transaction 197
[2026-09-10T03:42:02.401Z INFO  benchmark_client] Sending sample transaction 198
[2026-09-10T03:42:02.451Z INFO  benchmark_client] Sending sample transaction 199
[2026-09-10T03:42:02.501Z INFO  benchmark_client] Sending sample transaction 200
[2026-09-10T03:42:02.550Z INFO  benchmark_client] Sending sample transaction 201
[2026-09-10T03:42:02.601Z INFO  benchmark_client] Sending sample transaction 202
[2026-09-10T03:42:02.651Z INFO  benchmark_client] Sending sample transaction 203
[2026-09-10T03:42:02.701Z INFO  benchmark_client] Sending sample transaction 204
[2026-09-10T03:42:02.750Z INFO  benchmark_client] Sending sample transaction 205
[2026-09-10T03:42:02.801Z INFO  benchmark_client] Sending sample transaction 206
[2026-09-10T03:42:02.851Z INFO  benchmark_client] Sending sample transaction 207
[2026-09-10T03:42:02.901Z INFO  benchmark_client] Sending sample transaction 208
[2026-09-10T03:42:02.951Z INFO  benchmark_client] Sending sample transaction 209
[2026-09-10T03:42:03.002Z INFO  benchmark_client] Sending sample transaction 210
[2026-09-10T03:42:03.051Z INFO  benchmark_client] Sending sample transaction 211
[2026-09-10T03:42:03.101Z INFO  benchmark_client] Sending sample transaction 212
[2026-09-10T03:42:03.151Z INFO  benchmark_client] Sending sample transaction 213
[2026-09-10T03:42:03.201Z INFO  benchmark_client] Sending sample transaction 214
[2026-09-10T03:42:03.251Z INFO  benchmark_client] Sending sample transaction 215
[2026-09-10T03:42:03.303Z INFO  benchmark_client] Sending sample transaction 216
[2026-09-10T03:42:03.351Z INFO  benchmark_client] Sending sample transaction 217
[2026-09-10T03:42:03.401Z INFO  benchmark_client] Sending sample transaction 218
[2026-09-10T03:42:03.453Z INFO  benchmark_client] Sending sample transaction 219
[2026-09-10T03:42:03.500Z INFO  benchmark_client] Sending sample transaction 220
[2026-09-10T03:42:03.551Z INFO  benchmark_client] Sending sample transaction 221
[2026-09-10T03:42:03.601Z INFO  benchmark_client] Sending sample transaction 222
[2026-09-10T03:42:03.651Z INFO  benchmark_client] Sending sample transaction 223
[2026-09-10T03:42:03.701Z INFO  benchmark_client] Sending sample transaction 224
[2026-09-10T03:42:03.751Z INFO  benchmark_client] Sending sample transaction 225
[2026-09-10T03:42:03.801Z INFO  benchmark_client] Sending sample transaction 226
[2026-09-10T03:42:03.851Z INFO  benchmark_client] Sending sample transaction 227
[2026-09-10T03:42:03.901Z INFO  benchmark_client] Sending sample transaction 228
[2026-09-10T03:42:03.951Z INFO  benchmark_client] Sending sample transaction 229
[2026-09-10T03:42:04.001Z INFO  benchmark_client] Sending sample transaction 230
[2026-09-10T03:42:04.051Z INFO  benchmark_client] Sending sample transaction 231
[2026-09-10T03:42:04.101Z INFO  benchmark_client] Sending sample transaction 232
[2026-09-10T03:42:04.151Z INFO  benchmark_client] Sending sample transaction 233
[2026-09-10T03:42:04.201Z INFO  benchmark_client] Sending sample transaction 234
[2026-09-10T03:42:04.251Z INFO  benchmark_client] Sending sample transaction 235
[2026-09-10T03:42:04.302Z INFO  benchmark_client] Sending sample transaction 236
[2026-09-10T03:42:04.351Z INFO  benchmark_client] Sending sample transaction 237
[2026-09-10T03:42:04.401Z INFO  benchmark_client] Sending sample transaction 238
[2026-09-10T03:42:04.451Z INFO  benchmark_client] Sending sample transaction 239
[2026-09-10T03:42:04.500Z INFO  benchmark_client] Sending sample transaction 240
[2026-09-10T03:42:04.552Z INFO  benchmark_client] Sending sample transaction 241
[2026-09-10T03:42:04.601Z INFO  benchmark_client] Sending sample transaction 242
[2026-09-10T03:42:04.651Z INFO  benchmark_client] Sending sample transaction 243
[2026-09-10T03:42:04.701Z INFO  benchmark_client] Sending sample transaction 244
[2026-09-10T03:42:04.753Z INFO  benchmark_client] Sending sample transaction 245
[2026-09-10T03:42:04.801Z INFO  benchmark_client] Sending sample transaction 246
[2026-09-10T03:42:04.852Z INFO  benchmark_client] Sending sample transaction 247
[2026-09-10T03:42:04.901Z INFO  benchmark_client] Sending sample transaction 248
[2026-09-10T03:42:04.951Z INFO  benchmark_client] Sending sample transaction 249
[2026-09-10T03:42:05.001Z INFO  benchmark_client] Sending sample transaction 250
[2026-09-10T03:42:05.051Z INFO  benchmark_client] Sending sample transaction 251
[2026-09-10T03:42:05.101Z INFO  benchmark_client] Sending sample transaction 252
[2026-09-10T03:42:05.151Z INFO  benchmark_client] Sending sample transaction 253
[2026-09-10T03:42:05.200Z INFO  benchmark_client] Sending sample transaction 254
[2026-09-10T03:42:05.251Z INFO  benchmark_client] Sending sample transaction 255
[2026-09-10T03:42:05.301Z INFO  benchmark_client] Sending sample transaction 256
[2026-09-10T03:42:05.351Z INFO  benchmark_client] Sending sample transaction 257
[2026-09-10T03:42:05.401Z INFO  benchmark_client] Sending sample transaction 258
[2026-09-10T03:42:05.451Z INFO  benchmark_client] Sending sample transaction 259
[2026-09-10T03:42:05.500Z INFO  benchmark_client] Sending sample transaction 260
[2026-09-10T03:42:05.550Z INFO  benchmark_client] Sending sample transaction 261
[2026-09-10T03:42:05.601Z INFO  benchmark_client] Sending sample transaction 262
[2026-09-10T03:42:05.651Z INFO  benchmark_client] Sending sample transaction 263
[2026-09-10T03:42:05.701Z INFO  benchmark_client] Sending sample transaction 264
[2026-09-10T03:42:05.751Z INFO  benchmark_client] Sending sample transaction 265
[2026-09-10T03:42:05.801Z INFO  benchmark_client] Sending sample transaction 266
[2026-09-10T03:42:05.851Z INFO  benchmark_client] Sending sample transaction 267
[2026-09-10T03:42:05.901Z INFO  benchmark_client] Sending sample transaction 268
[2026-09-10T03:42:05.951Z INFO  benchmark_client] Sending sample transaction 269
[2026-09-10T03:42:06.006Z INFO  benchmark_client] Sending sample transaction 270
[2026-09-10T03:42:06.051Z INFO  benchmark_client] Sending sample transaction 271
[2026-09-10T03:42:06.103Z INFO  benchmark_client] Sending sample transaction 272
[2026-09-10T03:42:06.154Z INFO  benchmark_client] Sending sample transaction 273
[2026-09-10T03:42:06.201Z INFO  benchmark_client] Sending sample transaction 274
[2026-09-10T03:42:06.254Z INFO  benchmark_client] Sending sample transaction 275
[2026-09-10T03:42:06.304Z INFO  benchmark_client] Sending sample transaction 276
[2026-09-10T03:42:06.354Z INFO  benchmark_client] Sending sample transaction 277
[2026-09-10T03:42:06.401Z INFO  benchmark_client] Sending sample transaction 278
[2026-09-10T03:42:06.451Z INFO  benchmark_client] Sending sample transaction 279
[2026-09-10T03:42:06.500Z INFO  benchmark_client] Sending sample transaction 280
[2026-09-10T03:42:06.555Z INFO  benchmark_client] Sending sample transaction 281
[2026-09-10T03:42:06.600Z INFO  benchmark_client] Sending sample transaction 282
[2026-09-10T03:42:06.651Z INFO  benchmark_client] Sending sample transaction 283
[2026-09-10T03:42:06.701Z INFO  benchmark_client] Sending sample transaction 284
[2026-09-10T03:42:06.750Z INFO  benchmark_client] Sending sample transaction 285
[2026-09-10T03:42:06.801Z INFO  benchmark_client] Sending sample transaction 286
[2026-09-10T03:42:06.851Z INFO  benchmark_client] Sending sample transaction 287
[2026-09-10T03:42:06.901Z INFO  benchmark_client] Sending sample transaction 288
[2026-09-10T03:42:06.951Z INFO  benchmark_client] Sending sample transaction 289
[2026-09-10T03:42:07.001Z INFO  benchmark_client] Sending sample transaction 290
[2026-09-10T03:42:07.054Z INFO  benchmark_client] Sending sample transaction 291
[2026-09-10T03:42:07.101Z INFO  benchmark_client] Sending sample transaction 292
[2026-09-10T03:42:07.151Z INFO  benchmark_client] Sending sample transaction 293
[2026-09-10T03:42:07.201Z INFO  benchmark_client] Sending sample transaction 294
[2026-09-10T03:42:07.251Z INFO  benchmark_client] Sending sample transaction 295
[2026-09-10T03:42:07.302Z INFO  benchmark_client] Sending sample transaction 296
[2026-09-10T03:42:07.351Z INFO  benchmark_client] Sending sample transaction 297
[2026-09-10T03:42:07.401Z INFO  benchmark_client] Sending sample transaction 298
[2026-09-10T03:42:07.451Z INFO  benchmark_client] Sending sample transaction 299
[2026-09-10T03:42:07.500Z INFO  benchmark_client] Sending sample transaction 300
[2026-09-10T03:42:07.551Z INFO  benchmark_client] Sending sample transaction 301
[2026-09-10T03:42:07.602Z INFO  benchmark_client] Sending sample transaction 302
[2026-09-10T03:42:07.651Z INFO  benchmark_client] Sending sample transaction 303
[2026-09-10T03:42:07.701Z INFO  benchmark_client] Sending sample transaction 304
[2026-09-10T03:42:07.751Z INFO  benchmark_client] Sending sample transaction 305
[2026-09-10T03:42:07.801Z INFO  benchmark_client] Sending sample transaction 306
[2026-09-10T03:42:07.851Z INFO  benchmark_client] Sending sample transaction 307
[2026-09-10T03:42:07.901Z INFO  benchmark_client] Sending sample transaction 308
[2026-09-10T03:42:07.952Z INFO  benchmark_client] Sending sample transaction 309
[2026-09-10T03:42:08.001Z INFO  benchmark_client] Sending sample transaction 310
[2026-09-10T03:42:08.055Z INFO  benchmark_client] Sending sample transaction 311
[2026-09-10T03:42:08.102Z INFO  benchmark_client] Sending sample transaction 312
[2026-09-10T03:42:08.151Z INFO  benchmark_client] Sending sample transaction 313
[2026-09-10T03:42:08.201Z INFO  benchmark_client] Sending sample transaction 314
[2026-09-10T03:42:08.251Z INFO  benchmark_client] Sending sample transaction 315
[2026-09-10T03:42:08.301Z INFO  benchmark_client] Sending sample transaction 316
[2026-09-10T03:42:08.351Z INFO  benchmark_client] Sending sample transaction 317
[2026-09-10T03:42:08.401Z INFO  benchmark_client] Sending sample transaction 318
[2026-09-10T03:42:08.451Z INFO  benchmark_client] Sending sample transaction 319
[2026-09-10T03:42:08.501Z INFO  benchmark_client] Sending sample transaction 320
[2026-09-10T03:42:08.551Z INFO  benchmark_client] Sending sample transaction 321
[2026-09-10T03:42:08.601Z INFO  benchmark_client] Sending sample transaction 322
[2026-09-10T03:42:08.652Z INFO  benchmark_client] Sending sample transaction 323
[2026-09-10T03:42:08.701Z INFO  benchmark_client] Sending sample transaction 324
[2026-09-10T03:42:08.750Z INFO  benchmark_client] Sending sample transaction 325
[2026-09-10T03:42:08.801Z INFO  benchmark_client] Sending sample transaction 326
[2026-09-10T03:42:08.851Z INFO  benchmark_client] Sending sample transaction 327
[2026-09-10T03:42:08.901Z INFO  benchmark_client] Sending sample transaction 328
[2026-09-10T03:42:08.952Z INFO  benchmark_client] Sending sample transaction 329
[2026-09-10T03:42:09.002Z INFO  benchmark_client] Sending sample transaction 330
[2026-09-10T03:42:09.052Z INFO  benchmark_client] Sending sample transaction 331
[2026-09-10T03:42:09.101Z INFO  benchmark_client] Sending sample transaction 332
[2026-09-10T03:42:09.151Z INFO  benchmark_client] Sending sample transaction 333
[2026-09-10T03:42:09.201Z INFO  benchmark_client] Sending sample transaction 334
[2026-09-10T03:42:09.251Z INFO  benchmark_client] Sending sample transaction 335
[2026-09-10T03:42:09.301Z INFO  benchmark_client] Sending sample transaction 336
[2026-09-10T03:42:09.351Z INFO  benchmark_client] Sending sample transaction 337
[2026-09-10T03:42:09.402Z INFO  benchmark_client] Sending sample transaction 338
[2026-09-10T03:42:09.451Z INFO  benchmark_client] Sending sample transaction 339
[2026-09-10T03:42:09.501Z INFO  benchmark_client] Sending sample transaction 340
[2026-09-10T03:42:09.551Z INFO  benchmark_client] Sending sample transaction 341
[2026-09-10T03:42:09.601Z INFO  benchmark_client] Sending sample transaction 342
[2026-09-10T03:42:09.651Z INFO  benchmark_client] Sending sample transaction 343
[2026-09-10T03:42:09.701Z INFO  benchmark_client] Sending sample transaction 344
[2026-09-10T03:42:09.751Z INFO  benchmark_client] Sending sample transaction 345
[2026-09-10T03:42:09.801Z INFO  benchmark_client] Sending sample transaction 346
[2026-09-10T03:42:09.852Z INFO  benchmark_client] Sending sample transaction 347
[2026-09-10T03:42:09.901Z INFO  benchmark_client] Sending sample transaction 348
[2026-09-10T03:42:09.951Z INFO  benchmark_client] Sending sample transaction 349
[2026-09-10T03:42:10.001Z INFO  benchmark_client] Sending sample transaction 350
[2026-09-10T03:42:10.051Z INFO  benchmark_client] Sending sample transaction 351
[2026-09-10T03:42:10.101Z INFO  benchmark_client] Sending sample transaction 352
[2026-09-10T03:42:10.151Z INFO  benchmark_client] Sending sample transaction 353
[2026-09-10T03:42:10.201Z INFO  benchmark_client] Sending sample transaction 354
[2026-09-10T03:42:10.251Z INFO  benchmark_client] Sending sample transaction 355
[2026-09-10T03:42:10.303Z INFO  benchmark_client] Sending sample transaction 356
[2026-09-10T03:42:10.351Z INFO  benchmark_client] Sending sample transaction 357
[2026-09-10T03:42:10.401Z INFO  benchmark_client] Sending sample transaction 358
[2026-09-10T03:42:10.451Z INFO  benchmark_client] Sending sample transaction 359
[2026-09-10T03:42:10.503Z INFO  benchmark_client] Sending sample transaction 360
[2026-09-10T03:42:10.552Z INFO  benchmark_client] Sending sample transaction 361
[2026-09-10T03:42:10.602Z INFO  benchmark_client] Sending sample transaction 362
[2026-09-10T03:42:10.653Z INFO  benchmark_client] Sending sample transaction 363
[2026-09-10T03:42:10.702Z INFO  benchmark_client] Sending sample transaction 364
[2026-09-10T03:42:10.753Z INFO  benchmark_client] Sending sample transaction 365
[2026-09-10T03:42:10.801Z INFO  benchmark_client] Sending sample transaction 366
[2026-09-10T03:42:10.851Z INFO  benchmark_client] Sending sample transaction 367
[2026-09-10T03:42:10.901Z INFO  benchmark_client] Sending sample transaction 368
[2026-09-10T03:42:10.951Z INFO  benchmark_client] Sending sample transaction 369
[2026-09-10T03:42:11.001Z INFO  benchmark_client] Sending sample transaction 370
[2026-09-10T03:42:11.051Z INFO  benchmark_client] Sending sample transaction 371
[2026-09-10T03:42:11.101Z INFO  benchmark_client] Sending sample transaction 372
[2026-09-10T03:42:11.151Z INFO  benchmark_client] Sending sample transaction 373
[2026-09-10T03:42:11.201Z INFO  benchmark_client] Sending sample transaction 374
[2026-09-10T03:42:11.251Z INFO  benchmark_client] Sending sample transaction 375
[2026-09-10T03:42:11.304Z INFO  benchmark_client] Sending sample transaction 376
[2026-09-10T03:42:11.357Z INFO  benchmark_client] Sending sample transaction 377
[2026-09-10T03:42:11.403Z INFO  benchmark_client] Sending sample transaction 378
[2026-09-10T03:42:11.451Z INFO  benchmark_client] Sending sample transaction 379
[2026-09-10T03:42:11.501Z INFO  benchmark_client] Sending sample transaction 380
[2026-09-10T03:42:11.551Z INFO  benchmark_client] Sending sample transaction 381
[2026-09-10T03:42:11.601Z INFO  benchmark_client] Sending sample transaction 382
[2026-09-10T03:42:11.651Z INFO  benchmark_client] Sending sample transaction 383
[2026-09-10T03:42:11.701Z INFO  benchmark_client] Sending sample transaction 384
[2026-09-10T03:42:11.751Z INFO  benchmark_client] Sending sample transaction 385
[2026-09-10T03:42:11.801Z INFO  benchmark_client] Sending sample transaction 386
[2026-09-10T03:42:11.851Z INFO  benchmark_client] Sending sample transaction 387
[2026-09-10T03:42:11.901Z INFO  benchmark_client] Sending sample transaction 388
[2026-09-10T03:42:11.951Z INFO  benchmark_client] Sending sample transaction 389
[2026-09-10T03:42:12.001Z INFO  benchmark_client] Sending sample transaction 390
[2026-09-10T03:42:12.051Z INFO  benchmark_client] Sending sample transaction 391
[2026-09-10T03:42:12.101Z INFO  benchmark_client] Sending sample transaction 392
[2026-09-10T03:42:12.151Z INFO  benchmark_client] Sending sample transaction 393
[2026-09-10T03:42:12.201Z INFO  benchmark_client] Sending sample transaction 394
[2026-09-10T03:42:12.251Z INFO  benchmark_client] Sending sample transaction 395
[2026-09-10T03:42:12.301Z INFO  benchmark_client] Sending sample transaction 396
[2026-09-10T03:42:12.351Z INFO  benchmark_client] Sending sample transaction 397
[2026-09-10T03:42:12.403Z INFO  benchmark_client] Sending sample transaction 398
[2026-09-10T03:42:12.451Z INFO  benchmark_client] Sending sample transaction 399
[2026-09-10T03:42:12.501Z INFO  benchmark_client] Sending sample transaction 400
[2026-09-10T03:42:12.551Z INFO  benchmark_client] Sending sample transaction 401
[2026-09-10T03:42:12.601Z INFO  benchmark_client] Sending sample transaction 402
[2026-09-10T03:42:12.651Z INFO  benchmark_client] Sending sample transaction 403
[2026-09-10T03:42:12.702Z INFO  benchmark_client] Sending sample transaction 404
[2026-09-10T03:42:12.751Z INFO  benchmark_client] Sending sample transaction 405
[2026-09-10T03:42:12.802Z INFO  benchmark_client] Sending sample transaction 406
[2026-09-10T03:42:12.851Z INFO  benchmark_client] Sending sample transaction 407
[2026-09-10T03:42:12.901Z INFO  benchmark_client] Sending sample transaction 408
[2026-09-10T03:42:12.952Z INFO  benchmark_client] Sending sample transaction 409
[2026-09-10T03:42:13.001Z INFO  benchmark_client] Sending sample transaction 410
[2026-09-10T03:42:13.052Z INFO  benchmark_client] Sending sample transaction 411
[2026-09-10T03:42:13.102Z INFO  benchmark_client] Sending sample transaction 412
[2026-09-10T03:42:13.151Z INFO  benchmark_client] Sending sample transaction 413
[2026-09-10T03:42:13.202Z INFO  benchmark_client] Sending sample transaction 414
[2026-09-10T03:42:13.252Z INFO  benchmark_client] Sending sample transaction 415
[2026-09-10T03:42:13.301Z INFO  benchmark_client] Sending sample transaction 416
[2026-09-10T03:42:13.352Z INFO  benchmark_client] Sending sample transaction 417
[2026-09-10T03:42:13.401Z INFO  benchmark_client] Sending sample transaction 418
[2026-09-10T03:42:13.452Z INFO  benchmark_client] Sending sample transaction 419
[2026-09-10T03:42:13.501Z INFO  benchmark_client] Sending sample transaction 420
[2026-09-10T03:42:13.551Z INFO  benchmark_client] Sending sample transaction 421
[2026-09-10T03:42:13.601Z INFO  benchmark_client] Sending sample transaction 422
[2026-09-10T03:42:13.651Z INFO  benchmark_client] Sending sample transaction 423
[2026-09-10T03:42:13.701Z INFO  benchmark_client] Sending sample transaction 424
[2026-09-10T03:42:13.751Z INFO  benchmark_client] Sending sample transaction 425
[2026-09-10T03:42:13.802Z INFO  benchmark_client] Sending sample transaction 426
[2026-09-10T03:42:13.851Z INFO  benchmark_client] Sending sample transaction 427
[2026-09-10T03:42:13.901Z INFO  benchmark_client] Sending sample transaction 428
[2026-09-10T03:42:13.951Z INFO  benchmark_client] Sending sample transaction 429
[2026-09-10T03:42:14.001Z INFO  benchmark_client] Sending sample transaction 430
[2026-09-10T03:42:14.051Z INFO  benchmark_client] Sending sample transaction 431
[2026-09-10T03:42:14.101Z INFO  benchmark_client] Sending sample transaction 432
[2026-09-10T03:42:14.151Z INFO  benchmark_client] Sending sample transaction 433
[2026-09-10T03:42:14.201Z INFO  benchmark_client] Sending sample transaction 434
[2026-09-10T03:42:14.251Z INFO  benchmark_client] Sending sample transaction 435
[2026-09-10T03:42:14.301Z INFO  benchmark_client] Sending sample transaction 436
[2026-09-10T03:42:14.352Z INFO  benchmark_client] Sending sample transaction 437
[2026-09-10T03:42:14.401Z INFO  benchmark_client] Sending sample transaction 438
[2026-09-10T03:42:14.451Z INFO  benchmark_client] Sending sample transaction 439
[2026-09-10T03:42:14.503Z INFO  benchmark_client] Sending sample transaction 440
[2026-09-10T03:42:14.551Z INFO  benchmark_client] Sending sample transaction 441
[2026-09-10T03:42:14.601Z INFO  benchmark_client] Sending sample transaction 442
[2026-09-10T03:42:14.652Z INFO  benchmark_client] Sending sample transaction 443
[2026-09-10T03:42:14.703Z INFO  benchmark_client] Sending sample transaction 444
[2026-09-10T03:42:14.751Z INFO  benchmark_client] Sending sample transaction 445
[2026-09-10T03:42:14.801Z INFO  benchmark_client] Sending sample transaction 446
[2026-09-10T03:42:14.851Z INFO  benchmark_client] Sending sample transaction 447
[2026-09-10T03:42:14.901Z INFO  benchmark_client] Sending sample transaction 448
[2026-09-10T03:42:14.952Z INFO  benchmark_client] Sending sample transaction 449
[2026-09-10T03:42:15.002Z INFO  benchmark_client] Sending sample transaction 450
[2026-09-10T03:42:15.052Z INFO  benchmark_client] Sending sample transaction 451
[2026-09-10T03:42:15.102Z INFO  benchmark_client] Sending sample transaction 452
[2026-09-10T03:42:15.152Z INFO  benchmark_client] Sending sample transaction 453
[2026-09-10T03:42:15.203Z INFO  benchmark_client] Sending sample transaction 454
[2026-09-10T03:42:15.251Z INFO  benchmark_client] Sending sample transaction 455
[2026-09-10T03:42:15.302Z INFO  benchmark_client] Sending sample transaction 456
[2026-09-10T03:42:15.354Z INFO  benchmark_client] Sending sample transaction 457
[2026-09-10T03:42:15.402Z INFO  benchmark_client] Sending sample transaction 458
[2026-09-10T03:42:15.452Z INFO  benchmark_client] Sending sample transaction 459
[2026-09-10T03:42:15.503Z INFO  benchmark_client] Sending sample transaction 460
[2026-09-10T03:42:15.552Z INFO  benchmark_client] Sending sample transaction 461
[2026-09-10T03:42:15.602Z INFO  benchmark_client] Sending sample transaction 462
[2026-09-10T03:42:15.654Z INFO  benchmark_client] Sending sample transaction 463
[2026-09-10T03:42:15.702Z INFO  benchmark_client] Sending sample transaction 464
[2026-09-10T03:42:15.753Z INFO  benchmark_client] Sending sample transaction 465
[2026-09-10T03:42:15.801Z INFO  benchmark_client] Sending sample transaction 466
[2026-09-10T03:42:15.853Z INFO  benchmark_client] Sending sample transaction 467
[2026-09-10T03:42:15.903Z INFO  benchmark_client] Sending sample transaction 468
[2026-09-10T03:42:15.953Z INFO  benchmark_client] Sending sample transaction 469
[2026-09-10T03:42:16.007Z INFO  benchmark_client] Sending sample transaction 470
[2026-09-10T03:42:16.051Z INFO  benchmark_client] Sending sample transaction 471
[2026-09-10T03:42:16.101Z INFO  benchmark_client] Sending sample transaction 472
[2026-09-10T03:42:16.151Z INFO  benchmark_client] Sending sample transaction 473
[2026-09-10T03:42:16.202Z INFO  benchmark_client] Sending sample transaction 474
[2026-09-10T03:42:16.252Z INFO  benchmark_client] Sending sample transaction 475
[2026-09-10T03:42:16.303Z INFO  benchmark_client] Sending sample transaction 476
[2026-09-10T03:42:16.354Z INFO  benchmark_client] Sending sample transaction 477
[2026-09-10T03:42:16.402Z INFO  benchmark_client] Sending sample transaction 478
[2026-09-10T03:42:16.453Z INFO  benchmark_client] Sending sample transaction 479
[2026-09-10T03:42:16.505Z INFO  benchmark_client] Sending sample transaction 480
[2026-09-10T03:42:16.551Z INFO  benchmark_client] Sending sample transaction 481
[2026-09-10T03:42:16.602Z INFO  benchmark_client] Sending sample transaction 482
[2026-09-10T03:42:16.652Z INFO  benchmark_client] Sending sample transaction 483
[2026-09-10T03:42:16.702Z INFO  benchmark_client] Sending sample transaction 484
[2026-09-10T03:42:16.757Z INFO  benchmark_client] Sending sample transaction 485
[2026-09-10T03:42:16.801Z INFO  benchmark_client] Sending sample transaction 486
[2026-09-10T03:42:16.851Z INFO  benchmark_client] Sending sample transaction 487
[2026-09-10T03:42:16.901Z INFO  benchmark_client] Sending sample transaction 488
[2026-09-10T03:42:16.952Z INFO  benchmark_client] Sending sample transaction 489
[2026-09-10T03:42:17.001Z INFO  benchmark_client] Sending sample transaction 490
[2026-09-10T03:42:17.052Z INFO  benchmark_client] Sending sample transaction 491
[2026-09-10T03:42:17.101Z INFO  benchmark_client] Sending sample transaction 492
[2026-09-10T03:42:17.152Z INFO  benchmark_client] Sending sample transaction 493
[2026-09-10T03:42:17.201Z INFO  benchmark_client] Sending sample transaction 494
[2026-09-10T03:42:17.251Z INFO  benchmark_client] Sending sample transaction 495
[2026-09-10T03:42:17.302Z INFO  benchmark_client] Sending sample transaction 496
[2026-09-10T03:42:17.352Z INFO  benchmark_client] Sending sample transaction 497
[2026-09-10T03:42:17.401Z INFO  benchmark_client] Sending sample transaction 498
[2026-09-10T03:42:17.452Z INFO  benchmark_client] Sending sample transaction 499
[2026-09-10T03:42:17.502Z INFO  benchmark_client] Sending sample transaction 500
[2026-09-10T03:42:17.551Z INFO  benchmark_client] Sending sample transaction 501
[2026-09-10T03:42:17.602Z INFO  benchmark_client] Sending sample transaction 502
[2026-09-10T03:42:17.651Z INFO  benchmark_client] Sending sample transaction 503
[2026-09-10T03:42:17.702Z INFO  benchmark_client] Sending sample transaction 504
[2026-09-10T03:42:17.752Z INFO  benchmark_client] Sending sample transaction 505
[2026-09-10T03:42:17.802Z INFO  benchmark_client] Sending sample transaction 506
[2026-09-10T03:42:17.851Z INFO  benchmark_client] Sending sample transaction 507
[2026-09-10T03:42:17.902Z INFO  benchmark_client] Sending sample transaction 508
[2026-09-10T03:42:17.952Z INFO  benchmark_client] Sending sample transaction 509
[2026-09-10T03:42:18.001Z INFO  benchmark_client] Sending sample transaction 510
[2026-09-10T03:42:18.051Z INFO  benchmark_client] Sending sample transaction 511
[2026-09-10T03:42:18.101Z INFO  benchmark_client] Sending sample transaction 512
[2026-09-10T03:42:18.151Z INFO  benchmark_client] Sending sample transaction 513
[2026-09-10T03:42:18.202Z INFO  benchmark_client] Sending sample transaction 514
[2026-09-10T03:42:18.252Z INFO  benchmark_client] Sending sample transaction 515
[2026-09-10T03:42:18.301Z INFO  benchmark_client] Sending sample transaction 516
[2026-09-10T03:42:18.351Z INFO  benchmark_client] Sending sample transaction 517
[2026-09-10T03:42:18.402Z INFO  benchmark_client] Sending sample transaction 518
[2026-09-10T03:42:18.452Z INFO  benchmark_client] Sending sample transaction 519
[2026-09-10T03:42:18.502Z INFO  benchmark_client] Sending sample transaction 520
[2026-09-10T03:42:18.552Z INFO  benchmark_client] Sending sample transaction 521
[2026-09-10T03:42:18.602Z INFO  benchmark_client] Sending sample transaction 522
[2026-09-10T03:42:18.652Z INFO  benchmark_client] Sending sample transaction 523
[2026-09-10T03:42:18.701Z INFO  benchmark_client] Sending sample transaction 524
[2026-09-10T03:42:18.751Z INFO  benchmark_client] Sending sample transaction 525
[2026-09-10T03:42:18.801Z INFO  benchmark_client] Sending sample transaction 526
[2026-09-10T03:42:18.851Z INFO  benchmark_client] Sending sample transaction 527
[2026-09-10T03:42:18.902Z INFO  benchmark_client] Sending sample transaction 528
[2026-09-10T03:42:18.953Z INFO  benchmark_client] Sending sample transaction 529
[2026-09-10T03:42:19.003Z INFO  benchmark_client] Sending sample transaction 530
[2026-09-10T03:42:19.053Z INFO  benchmark_client] Sending sample transaction 531
[2026-09-10T03:42:19.103Z INFO  benchmark_client] Sending sample transaction 532
[2026-09-10T03:42:19.151Z INFO  benchmark_client] Sending sample transaction 533
[2026-09-10T03:42:19.202Z INFO  benchmark_client] Sending sample transaction 534
[2026-09-10T03:42:19.253Z INFO  benchmark_client] Sending sample transaction 535
[2026-09-10T03:42:19.301Z INFO  benchmark_client] Sending sample transaction 536
[2026-09-10T03:42:19.352Z INFO  benchmark_client] Sending sample transaction 537
[2026-09-10T03:42:19.401Z INFO  benchmark_client] Sending sample transaction 538
[2026-09-10T03:42:19.452Z INFO  benchmark_client] Sending sample transaction 539
[2026-09-10T03:42:19.503Z INFO  benchmark_client] Sending sample transaction 540
[2026-09-10T03:42:19.552Z INFO  benchmark_client] Sending sample transaction 541
[2026-09-10T03:42:19.604Z INFO  benchmark_client] Sending sample transaction 542
[2026-09-10T03:42:19.654Z INFO  benchmark_client] Sending sample transaction 543
[2026-09-10T03:42:19.702Z INFO  benchmark_client] Sending sample transaction 544
[2026-09-10T03:42:19.754Z INFO  benchmark_client] Sending sample transaction 545
[2026-09-10T03:42:19.802Z INFO  benchmark_client] Sending sample transaction 546
[2026-09-10T03:42:19.852Z INFO  benchmark_client] Sending sample transaction 547
[2026-09-10T03:42:19.904Z INFO  benchmark_client] Sending sample transaction 548
[2026-09-10T03:42:19.956Z INFO  benchmark_client] Sending sample transaction 549
[2026-09-10T03:42:20.003Z INFO  benchmark_client] Sending sample transaction 550
[2026-09-10T03:42:20.052Z INFO  benchmark_client] Sending sample transaction 551
[2026-09-10T03:42:20.104Z INFO  benchmark_client] Sending sample transaction 552
[2026-09-10T03:42:20.152Z INFO  benchmark_client] Sending sample transaction 553
[2026-09-10T03:42:20.202Z INFO  benchmark_client] Sending sample transaction 554
[2026-09-10T03:42:20.254Z INFO  benchmark_client] Sending sample transaction 555
[2026-09-10T03:42:20.301Z INFO  benchmark_client] Sending sample transaction 556
[2026-09-10T03:42:20.353Z INFO  benchmark_client] Sending sample transaction 557
[2026-09-10T03:42:20.401Z INFO  benchmark_client] Sending sample transaction 558
[2026-09-10T03:42:20.452Z INFO  benchmark_client] Sending sample transaction 559
[2026-09-10T03:42:20.501Z INFO  benchmark_client] Sending sample transaction 560
[2026-09-10T03:42:20.552Z INFO  benchmark_client] Sending sample transaction 561
[2026-09-10T03:42:20.603Z INFO  benchmark_client] Sending sample transaction 562
[2026-09-10T03:42:20.652Z INFO  benchmark_client] Sending sample transaction 563
[2026-09-10T03:42:20.706Z INFO  benchmark_client] Sending sample transaction 564
[2026-09-10T03:42:20.751Z INFO  benchmark_client] Sending sample transaction 565
[2026-09-10T03:42:20.803Z INFO  benchmark_client] Sending sample transaction 566
[2026-09-10T03:42:20.852Z INFO  benchmark_client] Sending sample transaction 567
[2026-09-10T03:42:20.903Z INFO  benchmark_client] Sending sample transaction 568
[2026-09-10T03:42:20.952Z INFO  benchmark_client] Sending sample transaction 569
[2026-09-10T03:42:21.003Z INFO  benchmark_client] Sending sample transaction 570
[2026-09-10T03:42:21.053Z INFO  benchmark_client] Sending sample transaction 571
[2026-09-10T03:42:21.102Z INFO  benchmark_client] Sending sample transaction 572
[2026-09-10T03:42:21.151Z INFO  benchmark_client] Sending sample transaction 573
[2026-09-10T03:42:21.202Z INFO  benchmark_client] Sending sample transaction 574
[2026-09-10T03:42:21.255Z INFO  benchmark_client] Sending sample transaction 575
[2026-09-10T03:42:21.302Z INFO  benchmark_client] Sending sample transaction 576
[2026-09-10T03:42:21.351Z INFO  benchmark_client] Sending sample transaction 577
[2026-09-10T03:42:21.401Z INFO  benchmark_client] Sending sample transaction 578
[2026-09-10T03:42:21.452Z INFO  benchmark_client] Sending sample transaction 579
[2026-09-10T03:42:21.501Z INFO  benchmark_client] Sending sample transaction 580
[2026-09-10T03:42:21.552Z INFO  benchmark_client] Sending sample transaction 581
[2026-09-10T03:42:21.602Z INFO  benchmark_client] Sending sample transaction 582
[2026-09-10T03:42:21.651Z INFO  benchmark_client] Sending sample transaction 583
[2026-09-10T03:42:21.702Z INFO  benchmark_client] Sending sample transaction 584
[2026-09-10T03:42:21.752Z INFO  benchmark_client] Sending sample transaction 585
[2026-09-10T03:42:21.801Z INFO  benchmark_client] Sending sample transaction 586
[2026-09-10T03:42:21.853Z INFO  benchmark_client] Sending sample transaction 587
[2026-09-10T03:42:21.901Z INFO  benchmark_client] Sending sample transaction 588
[2026-09-10T03:42:21.952Z INFO  benchmark_client] Sending sample transaction 589
[2026-09-10T03:42:22.001Z INFO  benchmark_client] Sending sample transaction 590
[2026-09-10T03:42:22.053Z INFO  benchmark_client] Sending sample transaction 591
[2026-09-10T03:42:22.102Z INFO  benchmark_client] Sending sample transaction 592
[2026-09-10T03:42:22.151Z INFO  benchmark_client] Sending sample transaction 593
[2026-09-10T03:42:22.202Z INFO  benchmark_client] Sending sample transaction 594
[2026-09-10T03:42:22.252Z INFO  benchmark_client] Sending sample transaction 595
[2026-09-10T03:42:22.303Z INFO  benchmark_client] Sending sample transaction 596
[2026-09-10T03:42:22.352Z INFO  benchmark_client] Sending sample transaction 597
[2026-09-10T03:42:22.401Z INFO  benchmark_client] Sending sample transaction 598
[2026-09-10T03:42:22.452Z INFO  benchmark_client] Sending sample transaction 599
[2026-09-10T03:42:22.500Z INFO  benchmark_client] Sending sample transaction 600
[2026-09-10T03:42:22.551Z INFO  benchmark_client] Sending sample transaction 601
[2026-09-10T03:42:22.600Z INFO  benchmark_client] Sending sample transaction 602
[2026-09-10T03:42:22.650Z INFO  benchmark_client] Sending sample transaction 603
[2026-09-10T03:42:22.700Z INFO  benchmark_client] Sending sample transaction 604
[2026-09-10T03:42:22.750Z INFO  benchmark_client] Sending sample transaction 605
[2026-09-10T03:42:22.800Z INFO  benchmark_client] Sending sample transaction 606
[2026-09-10T03:42:22.851Z INFO  benchmark_client] Sending sample transaction 607
[2026-09-10T03:42:22.900Z INFO  benchmark_client] Sending sample transaction 608
[2026-09-10T03:42:22.951Z INFO  benchmark_client] Sending sample transaction 609
[2026-09-10T03:42:23.000Z INFO  benchmark_client] Sending sample transaction 610
[2026-09-10T03:42:23.050Z INFO  benchmark_client] Sending sample transaction 611
[2026-09-10T03:42:23.100Z INFO  benchmark_client] Sending sample transaction 612
[2026-09-10T03:42:23.151Z INFO  benchmark_client] Sending sample transaction 613
[2026-09-10T03:42:23.200Z INFO  benchmark_client] Sending sample transaction 614
[2026-09-10T03:42:23.251Z INFO  benchmark_client] Sending sample transaction 615
[2026-09-10T03:42:23.301Z INFO  benchmark_client] Sending sample transaction 616
[2026-09-10T03:42:23.351Z INFO  benchmark_client] Sending sample transaction 617
[2026-09-10T03:42:23.401Z INFO  benchmark_client] Sending sample transaction 618
[2026-09-10T03:42:23.451Z INFO  benchmark_client] Sending sample transaction 619
[2026-09-10T03:42:23.501Z INFO  benchmark_client] Sending sample transaction 620
[2026-09-10T03:42:23.550Z INFO  benchmark_client] Sending sample transaction 621
[2026-09-10T03:42:23.603Z INFO  benchmark_client] Sending sample transaction 622
[2026-09-10T03:42:23.652Z INFO  benchmark_client] Sending sample transaction 623
[2026-09-10T03:42:23.701Z INFO  benchmark_client] Sending sample transaction 624
[2026-09-10T03:42:23.750Z INFO  benchmark_client] Sending sample transaction 625
[2026-09-10T03:42:23.801Z INFO  benchmark_client] Sending sample transaction 626
[2026-09-10T03:42:23.851Z INFO  benchmark_client] Sending sample transaction 627
[2026-09-10T03:42:23.900Z INFO  benchmark_client] Sending sample transaction 628
[2026-09-10T03:42:23.951Z INFO  benchmark_client] Sending sample transaction 629
[2026-09-10T03:42:24.000Z INFO  benchmark_client] Sending sample transaction 630
[2026-09-10T03:42:24.050Z INFO  benchmark_client] Sending sample transaction 631
[2026-09-10T03:42:24.100Z INFO  benchmark_client] Sending sample transaction 632
[2026-09-10T03:42:24.153Z INFO  benchmark_client] Sending sample transaction 633
[2026-09-10T03:42:24.201Z INFO  benchmark_client] Sending sample transaction 634
[2026-09-10T03:42:24.252Z INFO  benchmark_client] Sending sample transaction 635
[2026-09-10T03:42:24.301Z INFO  benchmark_client] Sending sample transaction 636
[2026-09-10T03:42:24.350Z INFO  benchmark_client] Sending sample transaction 637
[2026-09-10T03:42:24.402Z INFO  benchmark_client] Sending sample transaction 638
[2026-09-10T03:42:24.451Z INFO  benchmark_client] Sending sample transaction 639
[2026-09-10T03:42:24.501Z INFO  benchmark_client] Sending sample transaction 640
[2026-09-10T03:42:24.552Z INFO  benchmark_client] Sending sample transaction 641
[2026-09-10T03:42:24.602Z INFO  benchmark_client] Sending sample transaction 642
[2026-09-10T03:42:24.651Z INFO  benchmark_client] Sending sample transaction 643
[2026-09-10T03:42:24.700Z INFO  benchmark_client] Sending sample transaction 644
[2026-09-10T03:42:24.751Z INFO  benchmark_client] Sending sample transaction 645
[2026-09-10T03:42:24.800Z INFO  benchmark_client] Sending sample transaction 646
[2026-09-10T03:42:24.850Z INFO  benchmark_client] Sending sample transaction 647
[2026-09-10T03:42:24.901Z INFO  benchmark_client] Sending sample transaction 648
[2026-09-10T03:42:24.950Z INFO  benchmark_client] Sending sample transaction 649
[2026-09-10T03:42:25.002Z INFO  benchmark_client] Sending sample transaction 650
[2026-09-10T03:42:25.051Z INFO  benchmark_client] Sending sample transaction 651
[2026-09-10T03:42:25.102Z INFO  benchmark_client] Sending sample transaction 652
[2026-09-10T03:42:25.151Z INFO  benchmark_client] Sending sample transaction 653
[2026-09-10T03:42:25.200Z INFO  benchmark_client] Sending sample transaction 654
[2026-09-10T03:42:25.250Z INFO  benchmark_client] Sending sample transaction 655
[2026-09-10T03:42:25.301Z INFO  benchmark_client] Sending sample transaction 656
[2026-09-10T03:42:25.351Z INFO  benchmark_client] Sending sample transaction 657
[2026-09-10T03:42:25.401Z INFO  benchmark_client] Sending sample transaction 658
[2026-09-10T03:42:25.450Z INFO  benchmark_client] Sending sample transaction 659
[2026-09-10T03:42:25.501Z INFO  benchmark_client] Sending sample transaction 660
[2026-09-10T03:42:25.551Z INFO  benchmark_client] Sending sample transaction 661
[2026-09-10T03:42:25.602Z INFO  benchmark_client] Sending sample transaction 662
[2026-09-10T03:42:25.651Z INFO  benchmark_client] Sending sample transaction 663
[2026-09-10T03:42:25.702Z INFO  benchmark_client] Sending sample transaction 664
[2026-09-10T03:42:25.750Z INFO  benchmark_client] Sending sample transaction 665
[2026-09-10T03:42:25.801Z INFO  benchmark_client] Sending sample transaction 666
[2026-09-10T03:42:25.851Z INFO  benchmark_client] Sending sample transaction 667
[2026-09-10T03:42:25.900Z INFO  benchmark_client] Sending sample transaction 668
[2026-09-10T03:42:25.951Z INFO  benchmark_client] Sending sample transaction 669
[2026-09-10T03:42:26.000Z INFO  benchmark_client] Sending sample transaction 670
[2026-09-10T03:42:26.051Z INFO  benchmark_client] Sending sample transaction 671
[2026-09-10T03:42:26.101Z INFO  benchmark_client] Sending sample transaction 672
[2026-09-10T03:42:26.150Z INFO  benchmark_client] Sending sample transaction 673
[2026-09-10T03:42:26.200Z INFO  benchmark_client] Sending sample transaction 674
[2026-09-10T03:42:26.252Z INFO  benchmark_client] Sending sample transaction 675
[2026-09-10T03:42:26.300Z INFO  benchmark_client] Sending sample transaction 676
[2026-09-10T03:42:26.352Z INFO  benchmark_client] Sending sample transaction 677
[2026-09-10T03:42:26.401Z INFO  benchmark_client] Sending sample transaction 678
[2026-09-10T03:42:26.450Z INFO  benchmark_client] Sending sample transaction 679
[2026-09-10T03:42:26.501Z INFO  benchmark_client] Sending sample transaction 680
[2026-09-10T03:42:26.551Z INFO  benchmark_client] Sending sample transaction 681
[2026-09-10T03:42:26.601Z INFO  benchmark_client] Sending sample transaction 682
[2026-09-10T03:42:26.650Z INFO  benchmark_client] Sending sample transaction 683
[2026-09-10T03:42:26.700Z INFO  benchmark_client] Sending sample transaction 684
[2026-09-10T03:42:26.751Z INFO  benchmark_client] Sending sample transaction 685
[2026-09-10T03:42:26.801Z INFO  benchmark_client] Sending sample transaction 686
[2026-09-10T03:42:26.850Z INFO  benchmark_client] Sending sample transaction 687
[2026-09-10T03:42:26.901Z INFO  benchmark_client] Sending sample transaction 688
[2026-09-10T03:42:26.951Z INFO  benchmark_client] Sending sample transaction 689
[2026-09-10T03:42:27.001Z INFO  benchmark_client] Sending sample transaction 690
[2026-09-10T03:42:27.051Z INFO  benchmark_client] Sending sample transaction 691
[2026-09-10T03:42:27.101Z INFO  benchmark_client] Sending sample transaction 692
[2026-09-10T03:42:27.150Z INFO  benchmark_client] Sending sample transaction 693
[2026-09-10T03:42:27.200Z INFO  benchmark_client] Sending sample transaction 694
[2026-09-10T03:42:27.251Z INFO  benchmark_client] Sending sample transaction 695
[2026-09-10T03:42:27.301Z INFO  benchmark_client] Sending sample transaction 696
[2026-09-10T03:42:27.351Z INFO  benchmark_client] Sending sample transaction 697
[2026-09-10T03:42:27.401Z INFO  benchmark_client] Sending sample transaction 698
[2026-09-10T03:42:27.450Z INFO  benchmark_client] Sending sample transaction 699
[2026-09-10T03:42:27.504Z INFO  benchmark_client] Sending sample transaction 700
[2026-09-10T03:42:27.551Z INFO  benchmark_client] Sending sample transaction 701
[2026-09-10T03:42:27.601Z INFO  benchmark_client] Sending sample transaction 702
[2026-09-10T03:42:27.651Z INFO  benchmark_client] Sending sample transaction 703
[2026-09-10T03:42:27.701Z INFO  benchmark_client] Sending sample transaction 704
[2026-09-10T03:42:27.751Z INFO  benchmark_client] Sending sample transaction 705
[2026-09-10T03:42:27.802Z INFO  benchmark_client] Sending sample transaction 706
[2026-09-10T03:42:27.851Z INFO  benchmark_client] Sending sample transaction 707
[2026-09-10T03:42:27.900Z INFO  benchmark_client] Sending sample transaction 708
[2026-09-10T03:42:27.950Z INFO  benchmark_client] Sending sample transaction 709
[2026-09-10T03:42:28.002Z INFO  benchmark_client] Sending sample transaction 710
[2026-09-10T03:42:28.050Z INFO  benchmark_client] Sending sample transaction 711
[2026-09-10T03:42:28.101Z INFO  benchmark_client] Sending sample transaction 712
[2026-09-10T03:42:28.154Z INFO  benchmark_client] Sending sample transaction 713
[2026-09-10T03:42:28.201Z INFO  benchmark_client] Sending sample transaction 714
[2026-09-10T03:42:28.255Z INFO  benchmark_client] Sending sample transaction 715
[2026-09-10T03:42:28.302Z INFO  benchmark_client] Sending sample transaction 716
[2026-09-10T03:42:28.351Z INFO  benchmark_client] Sending sample transaction 717
[2026-09-10T03:42:28.400Z INFO  benchmark_client] Sending sample transaction 718
[2026-09-10T03:42:28.451Z INFO  benchmark_client] Sending sample transaction 719
[2026-09-10T03:42:28.503Z INFO  benchmark_client] Sending sample transaction 720
[2026-09-10T03:42:28.555Z INFO  benchmark_client] Sending sample transaction 721
[2026-09-10T03:42:28.601Z INFO  benchmark_client] Sending sample transaction 722
[2026-09-10T03:42:28.653Z INFO  benchmark_client] Sending sample transaction 723
[2026-09-10T03:42:28.701Z INFO  benchmark_client] Sending sample transaction 724
[2026-09-10T03:42:28.751Z INFO  benchmark_client] Sending sample transaction 725
[2026-09-10T03:42:28.800Z INFO  benchmark_client] Sending sample transaction 726
[2026-09-10T03:42:28.852Z INFO  benchmark_client] Sending sample transaction 727
[2026-09-10T03:42:28.901Z INFO  benchmark_client] Sending sample transaction 728
[2026-09-10T03:42:28.953Z INFO  benchmark_client] Sending sample transaction 729
[2026-09-10T03:42:29.001Z INFO  benchmark_client] Sending sample transaction 730
[2026-09-10T03:42:29.051Z INFO  benchmark_client] Sending sample transaction 731
[2026-09-10T03:42:29.103Z INFO  benchmark_client] Sending sample transaction 732
[2026-09-10T03:42:29.150Z INFO  benchmark_client] Sending sample transaction 733
[2026-09-10T03:42:29.202Z INFO  benchmark_client] Sending sample transaction 734
[2026-09-10T03:42:29.251Z INFO  benchmark_client] Sending sample transaction 735
[2026-09-10T03:42:29.301Z INFO  benchmark_client] Sending sample transaction 736
[2026-09-10T03:42:29.353Z INFO  benchmark_client] Sending sample transaction 737
[2026-09-10T03:42:29.401Z INFO  benchmark_client] Sending sample transaction 738
[2026-09-10T03:42:29.451Z INFO  benchmark_client] Sending sample transaction 739
[2026-09-10T03:42:29.500Z INFO  benchmark_client] Sending sample transaction 740
[2026-09-10T03:42:29.552Z INFO  benchmark_client] Sending sample transaction 741
[2026-09-10T03:42:29.603Z INFO  benchmark_client] Sending sample transaction 742
[2026-09-10T03:42:29.651Z INFO  benchmark_client] Sending sample transaction 743
[2026-09-10T03:42:29.701Z INFO  benchmark_client] Sending sample transaction 744
[2026-09-10T03:42:29.751Z INFO  benchmark_client] Sending sample transaction 745
[2026-09-10T03:42:29.801Z INFO  benchmark_client] Sending sample transaction 746
[2026-09-10T03:42:29.854Z INFO  benchmark_client] Sending sample transaction 747
[2026-09-10T03:42:29.901Z INFO  benchmark_client] Sending sample transaction 748
[2026-09-10T03:42:29.952Z INFO  benchmark_client] Sending sample transaction 749
[2026-09-10T03:42:30.001Z INFO  benchmark_client] Sending sample transaction 750
[2026-09-10T03:42:30.052Z INFO  benchmark_client] Sending sample transaction 751
[2026-09-10T03:42:30.102Z INFO  benchmark_client] Sending sample transaction 752
[2026-09-10T03:42:30.153Z INFO  benchmark_client] Sending sample transaction 753
[2026-09-10T03:42:30.201Z INFO  benchmark_client] Sending sample transaction 754
[2026-09-10T03:42:30.251Z INFO  benchmark_client] Sending sample transaction 755
[2026-09-10T03:42:30.301Z INFO  benchmark_client] Sending sample transaction 756
[2026-09-10T03:42:30.353Z INFO  benchmark_client] Sending sample transaction 757
[2026-09-10T03:42:30.401Z INFO  benchmark_client] Sending sample transaction 758
[2026-09-10T03:42:30.451Z INFO  benchmark_client] Sending sample transaction 759
[2026-09-10T03:42:30.501Z INFO  benchmark_client] Sending sample transaction 760
[2026-09-10T03:42:30.551Z INFO  benchmark_client] Sending sample transaction 761
[2026-09-10T03:42:30.600Z INFO  benchmark_client] Sending sample transaction 762
[2026-09-10T03:42:30.653Z INFO  benchmark_client] Sending sample transaction 763
[2026-09-10T03:42:30.701Z INFO  benchmark_client] Sending sample transaction 764
[2026-09-10T03:42:30.751Z INFO  benchmark_client] Sending sample transaction 765
[2026-09-10T03:42:30.801Z INFO  benchmark_client] Sending sample transaction 766
[2026-09-10T03:42:30.851Z INFO  benchmark_client] Sending sample transaction 767
[2026-09-10T03:42:30.900Z INFO  benchmark_client] Sending sample transaction 768
[2026-09-10T03:42:30.951Z INFO  benchmark_client] Sending sample transaction 769
[2026-09-10T03:42:31.001Z INFO  benchmark_client] Sending sample transaction 770
[2026-09-10T03:42:31.051Z INFO  benchmark_client] Sending sample transaction 771
[2026-09-10T03:42:31.101Z INFO  benchmark_client] Sending sample transaction 772
[2026-09-10T03:42:31.150Z INFO  benchmark_client] Sending sample transaction 773
[2026-09-10T03:42:31.201Z INFO  benchmark_client] Sending sample transaction 774
[2026-09-10T03:42:31.251Z INFO  benchmark_client] Sending sample transaction 775
[2026-09-10T03:42:31.300Z INFO  benchmark_client] Sending sample transaction 776
[2026-09-10T03:42:31.351Z INFO  benchmark_client] Sending sample transaction 777
[2026-09-10T03:42:31.401Z INFO  benchmark_client] Sending sample transaction 778
[2026-09-10T03:42:31.451Z INFO  benchmark_client] Sending sample transaction 779
[2026-09-10T03:42:31.501Z INFO  benchmark_client] Sending sample transaction 780
[2026-09-10T03:42:31.550Z INFO  benchmark_client] Sending sample transaction 781
[2026-09-10T03:42:31.602Z INFO  benchmark_client] Sending sample transaction 782
[2026-09-10T03:42:31.651Z INFO  benchmark_client] Sending sample transaction 783
[2026-09-10T03:42:31.701Z INFO  benchmark_client] Sending sample transaction 784
[2026-09-10T03:42:31.751Z INFO  benchmark_client] Sending sample transaction 785
[2026-09-10T03:42:31.802Z INFO  benchmark_client] Sending sample transaction 786
[2026-09-10T03:42:31.851Z INFO  benchmark_client] Sending sample transaction 787
[2026-09-10T03:42:31.902Z INFO  benchmark_client] Sending sample transaction 788
[2026-09-10T03:42:31.954Z INFO  benchmark_client] Sending sample transaction 789
[2026-09-10T03:42:32.000Z INFO  benchmark_client] Sending sample transaction 790
[2026-09-10T03:42:32.052Z INFO  benchmark_client] Sending sample transaction 791
[2026-09-10T03:42:32.101Z INFO  benchmark_client] Sending sample transaction 792
[2026-09-10T03:42:32.153Z INFO  benchmark_client] Sending sample transaction 793
[2026-09-10T03:42:32.204Z INFO  benchmark_client] Sending sample transaction 794
[2026-09-10T03:42:32.251Z INFO  benchmark_client] Sending sample transaction 795
[2026-09-10T03:42:32.301Z INFO  benchmark_client] Sending sample transaction 796
[2026-09-10T03:42:32.353Z INFO  benchmark_client] Sending sample transaction 797
[2026-09-10T03:42:32.402Z INFO  benchmark_client] Sending sample transaction 798
[2026-09-10T03:42:32.453Z INFO  benchmark_client] Sending sample transaction 799
[2026-09-10T03:42:32.502Z INFO  benchmark_client] Sending sample transaction 800
[2026-09-10T03:42:32.554Z INFO  benchmark_client] Sending sample transaction 801
[2026-09-10T03:42:32.603Z INFO  benchmark_client] Sending sample transaction 802
[2026-09-10T03:42:32.653Z INFO  benchmark_client] Sending sample transaction 803
[2026-09-10T03:42:32.701Z INFO  benchmark_client] Sending sample transaction 804
[2026-09-10T03:42:32.751Z INFO  benchmark_client] Sending sample transaction 805
[2026-09-10T03:42:32.806Z INFO  benchmark_client] Sending sample transaction 806
[2026-09-10T03:42:32.853Z INFO  benchmark_client] Sending sample transaction 807
[2026-09-10T03:42:32.903Z INFO  benchmark_client] Sending sample transaction 808
[2026-09-10T03:42:32.952Z INFO  benchmark_client] Sending sample transaction 809
[2026-09-10T03:42:33.001Z INFO  benchmark_client] Sending sample transaction 810
[2026-09-10T03:42:33.050Z INFO  benchmark_client] Sending sample transaction 811
[2026-09-10T03:42:33.102Z INFO  benchmark_client] Sending sample transaction 812
[2026-09-10T03:42:33.151Z INFO  benchmark_client] Sending sample transaction 813
[2026-09-10T03:42:33.203Z INFO  benchmark_client] Sending sample transaction 814
[2026-09-10T03:42:33.251Z INFO  benchmark_client] Sending sample transaction 815
[2026-09-10T03:42:33.301Z INFO  benchmark_client] Sending sample transaction 816
[2026-09-10T03:42:33.350Z INFO  benchmark_client] Sending sample transaction 817
[2026-09-10T03:42:33.401Z INFO  benchmark_client] Sending sample transaction 818
[2026-09-10T03:42:33.452Z INFO  benchmark_client] Sending sample transaction 819
[2026-09-10T03:42:33.504Z INFO  benchmark_client] Sending sample transaction 820
[2026-09-10T03:42:33.550Z INFO  benchmark_client] Sending sample transaction 821
[2026-09-10T03:42:33.601Z INFO  benchmark_client] Sending sample transaction 822
[2026-09-10T03:42:33.651Z INFO  benchmark_client] Sending sample transaction 823
[2026-09-10T03:42:33.703Z INFO  benchmark_client] Sending sample transaction 824
[2026-09-10T03:42:33.751Z INFO  benchmark_client] Sending sample transaction 825
[2026-09-10T03:42:33.801Z INFO  benchmark_client] Sending sample transaction 826
[2026-09-10T03:42:33.852Z INFO  benchmark_client] Sending sample transaction 827
[2026-09-10T03:42:33.903Z INFO  benchmark_client] Sending sample transaction 828
[2026-09-10T03:42:33.953Z INFO  benchmark_client] Sending sample transaction 829
[2026-09-10T03:42:34.002Z INFO  benchmark_client] Sending sample transaction 830
[2026-09-10T03:42:34.051Z INFO  benchmark_client] Sending sample transaction 831
[2026-09-10T03:42:34.104Z INFO  benchmark_client] Sending sample transaction 832
[2026-09-10T03:42:34.151Z INFO  benchmark_client] Sending sample transaction 833
[2026-09-10T03:42:34.201Z INFO  benchmark_client] Sending sample transaction 834
[2026-09-10T03:42:34.253Z INFO  benchmark_client] Sending sample transaction 835
[2026-09-10T03:42:34.301Z INFO  benchmark_client] Sending sample transaction 836
[2026-09-10T03:42:34.353Z INFO  benchmark_client] Sending sample transaction 837
[2026-09-10T03:42:34.401Z INFO  benchmark_client] Sending sample transaction 838
[2026-09-10T03:42:34.454Z INFO  benchmark_client] Sending sample transaction 839
[2026-09-10T03:42:34.501Z INFO  benchmark_client] Sending sample transaction 840
[2026-09-10T03:42:34.552Z INFO  benchmark_client] Sending sample transaction 841
[2026-09-10T03:42:34.601Z INFO  benchmark_client] Sending sample transaction 842
[2026-09-10T03:42:34.653Z INFO  benchmark_client] Sending sample transaction 843
[2026-09-10T03:42:34.701Z INFO  benchmark_client] Sending sample transaction 844
[2026-09-10T03:42:34.751Z INFO  benchmark_client] Sending sample transaction 845
[2026-09-10T03:42:34.801Z INFO  benchmark_client] Sending sample transaction 846
[2026-09-10T03:42:34.851Z INFO  benchmark_client] Sending sample transaction 847
[2026-09-10T03:42:34.902Z INFO  benchmark_client] Sending sample transaction 848
[2026-09-10T03:42:34.951Z INFO  benchmark_client] Sending sample transaction 849
[2026-09-10T03:42:35.001Z INFO  benchmark_client] Sending sample transaction 850
[2026-09-10T03:42:35.053Z INFO  benchmark_client] Sending sample transaction 851
[2026-09-10T03:42:35.102Z INFO  benchmark_client] Sending sample transaction 852
[2026-09-10T03:42:35.153Z INFO  benchmark_client] Sending sample transaction 853
[2026-09-10T03:42:35.201Z INFO  benchmark_client] Sending sample transaction 854
[2026-09-10T03:42:35.251Z INFO  benchmark_client] Sending sample transaction 855
[2026-09-10T03:42:35.307Z INFO  benchmark_client] Sending sample transaction 856
[2026-09-10T03:42:35.351Z INFO  benchmark_client] Sending sample transaction 857
[2026-09-10T03:42:35.401Z INFO  benchmark_client] Sending sample transaction 858
[2026-09-10T03:42:35.453Z INFO  benchmark_client] Sending sample transaction 859
[2026-09-10T03:42:35.501Z INFO  benchmark_client] Sending sample transaction 860
[2026-09-10T03:42:35.552Z INFO  benchmark_client] Sending sample transaction 861
[2026-09-10T03:42:35.601Z INFO  benchmark_client] Sending sample transaction 862
[2026-09-10T03:42:35.650Z INFO  benchmark_client] Sending sample transaction 863
[2026-09-10T03:42:35.701Z INFO  benchmark_client] Sending sample transaction 864
[2026-09-10T03:42:35.750Z INFO  benchmark_client] Sending sample transaction 865
[2026-09-10T03:42:35.801Z INFO  benchmark_client] Sending sample transaction 866
[2026-09-10T03:42:35.851Z INFO  benchmark_client] Sending sample transaction 867
[2026-09-10T03:42:35.900Z INFO  benchmark_client] Sending sample transaction 868
[2026-09-10T03:42:35.951Z INFO  benchmark_client] Sending sample transaction 869
[2026-09-10T03:42:36.001Z INFO  benchmark_client] Sending sample transaction 870
[2026-09-10T03:42:36.052Z INFO  benchmark_client] Sending sample transaction 871
[2026-09-10T03:42:36.101Z INFO  benchmark_client] Sending sample transaction 872
[2026-09-10T03:42:36.151Z INFO  benchmark_client] Sending sample transaction 873
[2026-09-10T03:42:36.201Z INFO  benchmark_client] Sending sample transaction 874
[2026-09-10T03:42:36.252Z INFO  benchmark_client] Sending sample transaction 875
[2026-09-10T03:42:36.305Z INFO  benchmark_client] Sending sample transaction 876
[2026-09-10T03:42:36.351Z INFO  benchmark_client] Sending sample transaction 877
[2026-09-10T03:42:36.403Z INFO  benchmark_client] Sending sample transaction 878
[2026-09-10T03:42:36.452Z INFO  benchmark_client] Sending sample transaction 879
[2026-09-10T03:42:36.501Z INFO  benchmark_client] Sending sample transaction 880
[2026-09-10T03:42:36.554Z INFO  benchmark_client] Sending sample transaction 881
[2026-09-10T03:42:36.601Z INFO  benchmark_client] Sending sample transaction 882
[2026-09-10T03:42:36.652Z INFO  benchmark_client] Sending sample transaction 883
[2026-09-10T03:42:36.701Z INFO  benchmark_client] Sending sample transaction 884
[2026-09-10T03:42:36.751Z INFO  benchmark_client] Sending sample transaction 885
[2026-09-10T03:42:36.801Z INFO  benchmark_client] Sending sample transaction 886
[2026-09-10T03:42:36.851Z INFO  benchmark_client] Sending sample transaction 887
[2026-09-10T03:42:36.903Z INFO  benchmark_client] Sending sample transaction 888
[2026-09-10T03:42:36.951Z INFO  benchmark_client] Sending sample transaction 889
[2026-09-10T03:42:37.001Z INFO  benchmark_client] Sending sample transaction 890
[2026-09-10T03:42:37.051Z INFO  benchmark_client] Sending sample transaction 891
[2026-09-10T03:42:37.101Z INFO  benchmark_client] Sending sample transaction 892
[2026-09-10T03:42:37.153Z INFO  benchmark_client] Sending sample transaction 893
[2026-09-10T03:42:37.200Z INFO  benchmark_client] Sending sample transaction 894
[2026-09-10T03:42:37.253Z INFO  benchmark_client] Sending sample transaction 895
[2026-09-10T03:42:37.301Z INFO  benchmark_client] Sending sample transaction 896
[2026-09-10T03:42:37.353Z INFO  benchmark_client] Sending sample transaction 897
[2026-09-10T03:42:37.401Z INFO  benchmark_client] Sending sample transaction 898
[2026-09-10T03:42:37.452Z INFO  benchmark_client] Sending sample transaction 899
[2026-09-10T03:42:37.501Z INFO  benchmark_client] Sending sample transaction 900
[2026-09-10T03:42:37.551Z INFO  benchmark_client] Sending sample transaction 901
[2026-09-10T03:42:37.602Z INFO  benchmark_client] Sending sample transaction 902
[2026-09-10T03:42:37.651Z INFO  benchmark_client] Sending sample transaction 903
[2026-09-10T03:42:37.701Z INFO  benchmark_client] Sending sample transaction 904
[2026-09-10T03:42:37.751Z INFO  benchmark_client] Sending sample transaction 905
[2026-09-10T03:42:37.801Z INFO  benchmark_client] Sending sample transaction 906
[2026-09-10T03:42:37.853Z INFO  benchmark_client] Sending sample transaction 907
[2026-09-10T03:42:37.901Z INFO  benchmark_client] Sending sample transaction 908
[2026-09-10T03:42:37.951Z INFO  benchmark_client] Sending sample transaction 909
[2026-09-10T03:42:38.007Z INFO  benchmark_client] Sending sample transaction 910
[2026-09-10T03:42:38.053Z INFO  benchmark_client] Sending sample transaction 911
[2026-09-10T03:42:38.102Z INFO  benchmark_client] Sending sample transaction 912
[2026-09-10T03:42:38.153Z INFO  benchmark_client] Sending sample transaction 913
[2026-09-10T03:42:38.202Z INFO  benchmark_client] Sending sample transaction 914
[2026-09-10T03:42:38.252Z INFO  benchmark_client] Sending sample transaction 915
[2026-09-10T03:42:38.302Z INFO  benchmark_client] Sending sample transaction 916
[2026-09-10T03:42:38.352Z INFO  benchmark_client] Sending sample transaction 917
[2026-09-10T03:42:38.401Z INFO  benchmark_client] Sending sample transaction 918
[2026-09-10T03:42:38.451Z INFO  benchmark_client] Sending sample transaction 919
[2026-09-10T03:42:38.502Z INFO  benchmark_client] Sending sample transaction 920
[2026-09-10T03:42:38.555Z INFO  benchmark_client] Sending sample transaction 921
[2026-09-10T03:42:38.602Z INFO  benchmark_client] Sending sample transaction 922
[2026-09-10T03:42:38.651Z INFO  benchmark_client] Sending sample transaction 923
[2026-09-10T03:42:38.701Z INFO  benchmark_client] Sending sample transaction 924
[2026-09-10T03:42:38.754Z INFO  benchmark_client] Sending sample transaction 925
[2026-09-10T03:42:38.801Z INFO  benchmark_client] Sending sample transaction 926
[2026-09-10T03:42:38.851Z INFO  benchmark_client] Sending sample transaction 927
[2026-09-10T03:42:38.901Z INFO  benchmark_client] Sending sample transaction 928
[2026-09-10T03:42:38.955Z INFO  benchmark_client] Sending sample transaction 929
[2026-09-10T03:42:39.001Z INFO  benchmark_client] Sending sample transaction 930
[2026-09-10T03:42:39.051Z INFO  benchmark_client] Sending sample transaction 931
[2026-09-10T03:42:39.101Z INFO  benchmark_client] Sending sample transaction 932
[2026-09-10T03:42:39.151Z INFO  benchmark_client] Sending sample transaction 933
[2026-09-10T03:42:39.203Z INFO  benchmark_client] Sending sample transaction 934
[2026-09-10T03:42:39.251Z INFO  benchmark_client] Sending sample transaction 935
[2026-09-10T03:42:39.302Z INFO  benchmark_client] Sending sample transaction 936
[2026-09-10T03:42:39.351Z INFO  benchmark_client] Sending sample transaction 937
[2026-09-10T03:42:39.401Z INFO  benchmark_client] Sending sample transaction 938
[2026-09-10T03:42:39.451Z INFO  benchmark_client] Sending sample transaction 939
[2026-09-10T03:42:39.502Z INFO  benchmark_client] Sending sample transaction 940
[2026-09-10T03:42:39.551Z INFO  benchmark_client] Sending sample transaction 941
[2026-09-10T03:42:39.601Z INFO  benchmark_client] Sending sample transaction 942
[2026-09-10T03:42:39.651Z INFO  benchmark_client] Sending sample transaction 943
[2026-09-10T03:42:39.703Z INFO  benchmark_client] Sending sample transaction 944
[2026-09-10T03:42:39.752Z INFO  benchmark_client] Sending sample transaction 945
[2026-09-10T03:42:39.801Z INFO  benchmark_client] Sending sample transaction 946
[2026-09-10T03:42:39.851Z INFO  benchmark_client] Sending sample transaction 947
[2026-09-10T03:42:39.901Z INFO  benchmark_client] Sending sample transaction 948
[2026-09-10T03:42:39.952Z INFO  benchmark_client] Sending sample transaction 949
[2026-09-10T03:42:40.001Z INFO  benchmark_client] Sending sample transaction 950
[2026-09-10T03:42:40.053Z INFO  benchmark_client] Sending sample transaction 951
[2026-09-10T03:42:40.103Z INFO  benchmark_client] Sending sample transaction 952
[2026-09-10T03:42:40.151Z INFO  benchmark_client] Sending sample transaction 953
[2026-09-10T03:42:40.201Z INFO  benchmark_client] Sending sample transaction 954
[2026-09-10T03:42:40.251Z INFO  benchmark_client] Sending sample transaction 955
[2026-09-10T03:42:40.302Z INFO  benchmark_client] Sending sample transaction 956
[2026-09-10T03:42:40.352Z INFO  benchmark_client] Sending sample transaction 957
[2026-09-10T03:42:40.401Z INFO  benchmark_client] Sending sample transaction 958
[2026-09-10T03:42:40.454Z INFO  benchmark_client] Sending sample transaction 959
[2026-09-10T03:42:40.501Z INFO  benchmark_client] Sending sample transaction 960
[2026-09-10T03:42:40.551Z INFO  benchmark_client] Sending sample transaction 961
[2026-09-10T03:42:40.602Z INFO  benchmark_client] Sending sample transaction 962
[2026-09-10T03:42:40.653Z INFO  benchmark_client] Sending sample transaction 963
[2026-09-10T03:42:40.705Z INFO  benchmark_client] Sending sample transaction 964
[2026-09-10T03:42:40.751Z INFO  benchmark_client] Sending sample transaction 965
[2026-09-10T03:42:40.801Z INFO  benchmark_client] Sending sample transaction 966
[2026-09-10T03:42:40.852Z INFO  benchmark_client] Sending sample transaction 967
[2026-09-10T03:42:40.901Z INFO  benchmark_client] Sending sample transaction 968
[2026-09-10T03:42:40.952Z INFO  benchmark_client] Sending sample transaction 969
[2026-09-10T03:42:41.001Z INFO  benchmark_client] Sending sample transaction 970
[2026-09-10T03:42:41.051Z INFO  benchmark_client] Sending sample transaction 971
[2026-09-10T03:42:41.106Z INFO  benchmark_client] Sending sample transaction 972
[2026-09-10T03:42:41.153Z INFO  benchmark_client] Sending sample transaction 973
[2026-09-10T03:42:41.202Z INFO  benchmark_client] Sending sample transaction 974
[2026-09-10T03:42:41.251Z INFO  benchmark_client] Sending sample transaction 975
[2026-09-10T03:42:41.302Z INFO  benchmark_client] Sending sample transaction 976
[2026-09-10T03:42:41.351Z INFO  benchmark_client] Sending sample transaction 977
[2026-09-10T03:42:41.402Z INFO  benchmark_client] Sending sample transaction 978
[2026-09-10T03:42:41.451Z INFO  benchmark_client] Sending sample transaction 979
[2026-09-10T03:42:41.501Z INFO  benchmark_client] Sending sample transaction 980
[2026-09-10T03:42:41.552Z INFO  benchmark_client] Sending sample transaction 981
[2026-09-10T03:42:41.602Z INFO  benchmark_client] Sending sample transaction 982
[2026-09-10T03:42:41.652Z INFO  benchmark_client] Sending sample transaction 983
[2026-09-10T03:42:41.701Z INFO  benchmark_client] Sending sample transaction 984
[2026-09-10T03:42:41.752Z INFO  benchmark_client] Sending sample transaction 985
[2026-09-10T03:42:41.801Z INFO  benchmark_client] Sending sample transaction 986
[2026-09-10T03:42:41.852Z INFO  benchmark_client] Sending sample transaction 987
[2026-09-10T03:42:41.903Z INFO  benchmark_client] Sending sample transaction 988
[2026-09-10T03:42:41.951Z INFO  benchmark_client] Sending sample transaction 989
[2026-09-10T03:42:42.001Z INFO  benchmark_client] Sending sample transaction 990
[2026-09-10T03:42:42.053Z INFO  benchmark_client] Sending sample transaction 991
[2026-09-10T03:42:42.101Z INFO  benchmark_client] Sending sample transaction 992
[2026-09-10T03:42:42.153Z INFO  benchmark_client] Sending sample transaction 993
[2026-09-10T03:42:42.203Z INFO  benchmark_client] Sending sample transaction 994
[2026-09-10T03:42:42.252Z INFO  benchmark_client] Sending sample transaction 995
[2026-09-10T03:42:42.305Z INFO  benchmark_client] Sending sample transaction 996
[2026-09-10T03:42:42.351Z INFO  benchmark_client] Sending sample transaction 997
[2026-09-10T03:42:42.405Z INFO  benchmark_client] Sending sample transaction 998
[2026-09-10T03:42:42.451Z INFO  benchmark_client] Sending sample transaction 999
[2026-09-10T03:42:42.505Z INFO  benchmark_client] Sending sample transaction 1000
[2026-09-10T03:42:42.551Z INFO  benchmark_client] Sending sample transaction 1001
[2026-09-10T03:42:42.601Z INFO  benchmark_client] Sending sample transaction 1002
[2026-09-10T03:42:42.651Z INFO  benchmark_client] Sending sample transaction 1003
[2026-09-10T03:42:42.701Z INFO  benchmark_client] Sending sample transaction 1004
[2026-09-10T03:42:42.751Z INFO  benchmark_client] Sending sample transaction 1005
[2026-09-10T03:42:42.801Z INFO  benchmark_client] Sending sample transaction 1006
[2026-09-10T03:42:42.852Z INFO  benchmark_client] Sending sample transaction 1007
[2026-09-10T03:42:42.901Z INFO  benchmark_client] Sending sample transaction 1008
[2026-09-10T03:42:42.954Z INFO  benchmark_client] Sending sample transaction 1009
[2026-09-10T03:42:43.001Z INFO  benchmark_client] Sending sample transaction 1010
[2026-09-10T03:42:43.052Z INFO  benchmark_client] Sending sample transaction 1011
[2026-09-10T03:42:43.102Z INFO  benchmark_client] Sending sample transaction 1012
[2026-09-10T03:42:43.152Z INFO  benchmark_client] Sending sample transaction 1013
[2026-09-10T03:42:43.203Z INFO  benchmark_client] Sending sample transaction 1014
[2026-09-10T03:42:43.251Z INFO  benchmark_client] Sending sample transaction 1015
[2026-09-10T03:42:43.305Z INFO  benchmark_client] Sending sample transaction 1016
[2026-09-10T03:42:43.352Z INFO  benchmark_client] Sending sample transaction 1017
[2026-09-10T03:42:43.402Z INFO  benchmark_client] Sending sample transaction 1018
[2026-09-10T03:42:43.452Z INFO  benchmark_client] Sending sample transaction 1019
[2026-09-10T03:42:43.502Z INFO  benchmark_client] Sending sample transaction 1020
[2026-09-10T03:42:43.553Z INFO  benchmark_client] Sending sample transaction 1021
[2026-09-10T03:42:43.602Z INFO  benchmark_client] Sending sample transaction 1022
[2026-09-10T03:42:43.652Z INFO  benchmark_client] Sending sample transaction 1023
[2026-09-10T03:42:43.702Z INFO  benchmark_client] Sending sample transaction 1024
[2026-09-10T03:42:43.753Z INFO  benchmark_client] Sending sample transaction 1025
[2026-09-10T03:42:43.803Z INFO  benchmark_client] Sending sample transaction 1026
[2026-09-10T03:42:43.852Z INFO  benchmark_client] Sending sample transaction 1027
[2026-09-10T03:42:43.901Z INFO  benchmark_client] Sending sample transaction 1028
[2026-09-10T03:42:43.952Z INFO  benchmark_client] Sending sample transaction 1029
[2026-09-10T03:42:44.001Z INFO  benchmark_client] Sending sample transaction 1030
[2026-09-10T03:42:44.052Z INFO  benchmark_client] Sending sample transaction 1031
[2026-09-10T03:42:44.103Z INFO  benchmark_client] Sending sample transaction 1032
[2026-09-10T03:42:44.151Z INFO  benchmark_client] Sending sample transaction 1033
[2026-09-10T03:42:44.202Z INFO  benchmark_client] Sending sample transaction 1034
[2026-09-10T03:42:44.251Z INFO  benchmark_client] Sending sample transaction 1035
[2026-09-10T03:42:44.302Z INFO  benchmark_client] Sending sample transaction 1036
[2026-09-10T03:42:44.354Z INFO  benchmark_client] Sending sample transaction 1037
[2026-09-10T03:42:44.401Z INFO  benchmark_client] Sending sample transaction 1038
[2026-09-10T03:42:44.451Z INFO  benchmark_client] Sending sample transaction 1039
[2026-09-10T03:42:44.505Z INFO  benchmark_client] Sending sample transaction 1040
[2026-09-10T03:42:44.551Z INFO  benchmark_client] Sending sample transaction 1041
[2026-09-10T03:42:44.602Z INFO  benchmark_client] Sending sample transaction 1042
[2026-09-10T03:42:44.651Z INFO  benchmark_client] Sending sample transaction 1043
[2026-09-10T03:42:44.701Z INFO  benchmark_client] Sending sample transaction 1044
[2026-09-10T03:42:44.752Z INFO  benchmark_client] Sending sample transaction 1045
[2026-09-10T03:42:44.802Z INFO  benchmark_client] Sending sample transaction 1046
[2026-09-10T03:42:44.852Z INFO  benchmark_client] Sending sample transaction 1047
[2026-09-10T03:42:44.902Z INFO  benchmark_client] Sending sample transaction 1048
[2026-09-10T03:42:44.951Z INFO  benchmark_client] Sending sample transaction 1049
[2026-09-10T03:42:45.006Z INFO  benchmark_client] Sending sample transaction 1050
[2026-09-10T03:42:45.052Z INFO  benchmark_client] Sending sample transaction 1051
[2026-09-10T03:42:45.105Z INFO  benchmark_client] Sending sample transaction 1052
[2026-09-10T03:42:45.153Z INFO  benchmark_client] Sending sample transaction 1053
[2026-09-10T03:42:45.201Z INFO  benchmark_client] Sending sample transaction 1054
[2026-09-10T03:42:45.253Z INFO  benchmark_client] Sending sample transaction 1055
[2026-09-10T03:42:45.304Z INFO  benchmark_client] Sending sample transaction 1056
[2026-09-10T03:42:45.352Z INFO  benchmark_client] Sending sample transaction 1057
[2026-09-10T03:42:45.402Z INFO  benchmark_client] Sending sample transaction 1058
[2026-09-10T03:42:45.451Z INFO  benchmark_client] Sending sample transaction 1059
[2026-09-10T03:42:45.501Z INFO  benchmark_client] Sending sample transaction 1060
[2026-09-10T03:42:45.552Z INFO  benchmark_client] Sending sample transaction 1061
[2026-09-10T03:42:45.602Z INFO  benchmark_client] Sending sample transaction 1062
[2026-09-10T03:42:45.654Z INFO  benchmark_client] Sending sample transaction 1063
[2026-09-10T03:42:45.702Z INFO  benchmark_client] Sending sample transaction 1064
[2026-09-10T03:42:45.755Z INFO  benchmark_client] Sending sample transaction 1065
[2026-09-10T03:42:45.801Z INFO  benchmark_client] Sending sample transaction 1066
[2026-09-10T03:42:45.854Z INFO  benchmark_client] Sending sample transaction 1067
[2026-09-10T03:42:45.902Z INFO  benchmark_client] Sending sample transaction 1068
[2026-09-10T03:42:45.952Z INFO  benchmark_client] Sending sample transaction 1069
[2026-09-10T03:42:46.002Z INFO  benchmark_client] Sending sample transaction 1070
[2026-09-10T03:42:46.053Z INFO  benchmark_client] Sending sample transaction 1071
[2026-09-10T03:42:46.104Z INFO  benchmark_client] Sending sample transaction 1072
[2026-09-10T03:42:46.151Z INFO  benchmark_client] Sending sample transaction 1073
[2026-09-10T03:42:46.202Z INFO  benchmark_client] Sending sample transaction 1074
[2026-09-10T03:42:46.251Z INFO  benchmark_client] Sending sample transaction 1075
[2026-09-10T03:42:46.304Z INFO  benchmark_client] Sending sample transaction 1076
[2026-09-10T03:42:46.351Z INFO  benchmark_client] Sending sample transaction 1077
[2026-09-10T03:42:46.402Z INFO  benchmark_client] Sending sample transaction 1078
[2026-09-10T03:42:46.451Z INFO  benchmark_client] Sending sample transaction 1079
[2026-09-10T03:42:46.504Z INFO  benchmark_client] Sending sample transaction 1080
[2026-09-10T03:42:46.551Z INFO  benchmark_client] Sending sample transaction 1081
[2026-09-10T03:42:46.602Z INFO  benchmark_client] Sending sample transaction 1082
[2026-09-10T03:42:46.653Z INFO  benchmark_client] Sending sample transaction 1083
[2026-09-10T03:42:46.702Z INFO  benchmark_client] Sending sample transaction 1084
[2026-09-10T03:42:46.752Z INFO  benchmark_client] Sending sample transaction 1085
[2026-09-10T03:42:46.802Z INFO  benchmark_client] Sending sample transaction 1086
[2026-09-10T03:42:46.855Z INFO  benchmark_client] Sending sample transaction 1087
[2026-09-10T03:42:46.903Z INFO  benchmark_client] Sending sample transaction 1088
[2026-09-10T03:42:46.954Z INFO  benchmark_client] Sending sample transaction 1089
[2026-09-10T03:42:47.003Z INFO  benchmark_client] Sending sample transaction 1090
[2026-09-10T03:42:47.052Z INFO  benchmark_client] Sending sample transaction 1091
[2026-09-10T03:42:47.101Z INFO  benchmark_client] Sending sample transaction 1092
[2026-09-10T03:42:47.152Z INFO  benchmark_client] Sending sample transaction 1093
[2026-09-10T03:42:47.206Z INFO  benchmark_client] Sending sample transaction 1094
[2026-09-10T03:42:47.254Z INFO  benchmark_client] Sending sample transaction 1095
[2026-09-10T03:42:47.305Z INFO  benchmark_client] Sending sample transaction 1096
[2026-09-10T03:42:47.351Z INFO  benchmark_client] Sending sample transaction 1097
[2026-09-10T03:42:47.405Z INFO  benchmark_client] Sending sample transaction 1098
[2026-09-10T03:42:47.452Z INFO  benchmark_client] Sending sample transaction 1099
[2026-09-10T03:42:47.501Z INFO  benchmark_client] Sending sample transaction 1100
[2026-09-10T03:42:47.551Z INFO  benchmark_client] Sending sample transaction 1101
[2026-09-10T03:42:47.601Z INFO  benchmark_client] Sending sample transaction 1102
[2026-09-10T03:42:47.651Z INFO  benchmark_client] Sending sample transaction 1103
[2026-09-10T03:42:47.702Z INFO  benchmark_client] Sending sample transaction 1104
[2026-09-10T03:42:47.754Z INFO  benchmark_client] Sending sample transaction 1105
[2026-09-10T03:42:47.801Z INFO  benchmark_client] Sending sample transaction 1106
[2026-09-10T03:42:47.852Z INFO  benchmark_client] Sending sample transaction 1107
[2026-09-10T03:42:47.901Z INFO  benchmark_client] Sending sample transaction 1108
[2026-09-10T03:42:47.952Z INFO  benchmark_client] Sending sample transaction 1109
[2026-09-10T03:42:48.001Z INFO  benchmark_client] Sending sample transaction 1110
[2026-09-10T03:42:48.051Z INFO  benchmark_client] Sending sample transaction 1111
[2026-09-10T03:42:48.101Z INFO  benchmark_client] Sending sample transaction 1112
[2026-09-10T03:42:48.153Z INFO  benchmark_client] Sending sample transaction 1113
[2026-09-10T03:42:48.201Z INFO  benchmark_client] Sending sample transaction 1114
[2026-09-10T03:42:48.252Z INFO  benchmark_client] Sending sample transaction 1115
[2026-09-10T03:42:48.301Z INFO  benchmark_client] Sending sample transaction 1116
[2026-09-10T03:42:48.352Z INFO  benchmark_client] Sending sample transaction 1117
[2026-09-10T03:42:48.403Z INFO  benchmark_client] Sending sample transaction 1118
[2026-09-10T03:42:48.452Z INFO  benchmark_client] Sending sample transaction 1119
[2026-09-10T03:42:48.502Z INFO  benchmark_client] Sending sample transaction 1120
[2026-09-10T03:42:48.552Z INFO  benchmark_client] Sending sample transaction 1121
[2026-09-10T03:42:48.602Z INFO  benchmark_client] Sending sample transaction 1122
[2026-09-10T03:42:48.653Z INFO  benchmark_client] Sending sample transaction 1123
[2026-09-10T03:42:48.702Z INFO  benchmark_client] Sending sample transaction 1124
[2026-09-10T03:42:48.753Z INFO  benchmark_client] Sending sample transaction 1125
[2026-09-10T03:42:48.802Z INFO  benchmark_client] Sending sample transaction 1126
[2026-09-10T03:42:48.852Z INFO  benchmark_client] Sending sample transaction 1127
[2026-09-10T03:42:48.902Z INFO  benchmark_client] Sending sample transaction 1128
[2026-09-10T03:42:48.953Z INFO  benchmark_client] Sending sample transaction 1129
[2026-09-10T03:42:49.002Z INFO  benchmark_client] Sending sample transaction 1130
[2026-09-10T03:42:49.051Z INFO  benchmark_client] Sending sample transaction 1131
[2026-09-10T03:42:49.102Z INFO  benchmark_client] Sending sample transaction 1132
[2026-09-10T03:42:49.156Z INFO  benchmark_client] Sending sample transaction 1133
[2026-09-10T03:42:49.201Z INFO  benchmark_client] Sending sample transaction 1134
[2026-09-10T03:42:49.253Z INFO  benchmark_client] Sending sample transaction 1135
[2026-09-10T03:42:49.306Z INFO  benchmark_client] Sending sample transaction 1136
[2026-09-10T03:42:49.352Z INFO  benchmark_client] Sending sample transaction 1137
[2026-09-10T03:42:49.401Z INFO  benchmark_client] Sending sample transaction 1138
[2026-09-10T03:42:49.452Z INFO  benchmark_client] Sending sample transaction 1139
[2026-09-10T03:42:49.501Z INFO  benchmark_client] Sending sample transaction 1140
[2026-09-10T03:42:49.552Z INFO  benchmark_client] Sending sample transaction 1141
[2026-09-10T03:42:49.601Z INFO  benchmark_client] Sending sample transaction 1142
[2026-09-10T03:42:49.651Z INFO  benchmark_client] Sending sample transaction 1143
[2026-09-10T03:42:49.701Z INFO  benchmark_client] Sending sample transaction 1144
[2026-09-10T03:42:49.754Z INFO  benchmark_client] Sending sample transaction 1145
[2026-09-10T03:42:49.801Z INFO  benchmark_client] Sending sample transaction 1146
[2026-09-10T03:42:49.853Z INFO  benchmark_client] Sending sample transaction 1147
[2026-09-10T03:42:49.902Z INFO  benchmark_client] Sending sample transaction 1148
[2026-09-10T03:42:49.952Z INFO  benchmark_client] Sending sample transaction 1149
[2026-09-10T03:42:50.003Z INFO  benchmark_client] Sending sample transaction 1150
[2026-09-10T03:42:50.052Z INFO  benchmark_client] Sending sample transaction 1151
[2026-09-10T03:42:50.104Z INFO  benchmark_client] Sending sample transaction 1152
[2026-09-10T03:42:50.152Z INFO  benchmark_client] Sending sample transaction 1153
[2026-09-10T03:42:50.202Z INFO  benchmark_client] Sending sample transaction 1154
[2026-09-10T03:42:50.252Z INFO  benchmark_client] Sending sample transaction 1155
[2026-09-10T03:42:50.302Z INFO  benchmark_client] Sending sample transaction 1156
[2026-09-10T03:42:50.352Z INFO  benchmark_client] Sending sample transaction 1157
[2026-09-10T03:42:50.403Z INFO  benchmark_client] Sending sample transaction 1158
[2026-09-10T03:42:50.452Z INFO  benchmark_client] Sending sample transaction 1159
[2026-09-10T03:42:50.502Z INFO  benchmark_client] Sending sample transaction 1160
[2026-09-10T03:42:50.556Z INFO  benchmark_client] Sending sample transaction 1161
[2026-09-10T03:42:50.602Z INFO  benchmark_client] Sending sample transaction 1162
[2026-09-10T03:42:50.652Z INFO  benchmark_client] Sending sample transaction 1163
[2026-09-10T03:42:50.702Z INFO  benchmark_client] Sending sample transaction 1164
[2026-09-10T03:42:50.752Z INFO  benchmark_client] Sending sample transaction 1165
[2026-09-10T03:42:50.803Z INFO  benchmark_client] Sending sample transaction 1166
[2026-09-10T03:42:50.852Z INFO  benchmark_client] Sending sample transaction 1167
[2026-09-10T03:42:50.902Z INFO  benchmark_client] Sending sample transaction 1168
[2026-09-10T03:42:50.953Z INFO  benchmark_client] Sending sample transaction 1169
[2026-09-10T03:42:51.002Z INFO  benchmark_client] Sending sample transaction 1170
[2026-09-10T03:42:51.052Z INFO  benchmark_client] Sending sample transaction 1171
[2026-09-10T03:42:51.102Z INFO  benchmark_client] Sending sample transaction 1172
[2026-09-10T03:42:51.153Z INFO  benchmark_client] Sending sample transaction 1173
[2026-09-10T03:42:51.203Z INFO  benchmark_client] Sending sample transaction 1174
[2026-09-10T03:42:51.251Z INFO  benchmark_client] Sending sample transaction 1175
[2026-09-10T03:42:51.302Z INFO  benchmark_client] Sending sample transaction 1176
[2026-09-10T03:42:51.352Z INFO  benchmark_client] Sending sample transaction 1177
[2026-09-10T03:42:51.402Z INFO  benchmark_client] Sending sample transaction 1178
[2026-09-10T03:42:51.452Z INFO  benchmark_client] Sending sample transaction 1179
[2026-09-10T03:42:51.502Z INFO  benchmark_client] Sending sample transaction 1180
[2026-09-10T03:42:51.554Z INFO  benchmark_client] Sending sample transaction 1181
[2026-09-10T03:42:51.605Z INFO  benchmark_client] Sending sample transaction 1182
[2026-09-10T03:42:51.652Z INFO  benchmark_client] Sending sample transaction 1183
[2026-09-10T03:42:51.703Z INFO  benchmark_client] Sending sample transaction 1184
[2026-09-10T03:42:51.752Z INFO  benchmark_client] Sending sample transaction 1185
[2026-09-10T03:42:51.801Z INFO  benchmark_client] Sending sample transaction 1186
[2026-09-10T03:42:51.852Z INFO  benchmark_client] Sending sample transaction 1187
[2026-09-10T03:42:51.901Z INFO  benchmark_client] Sending sample transaction 1188
[2026-09-10T03:42:51.953Z INFO  benchmark_client] Sending sample transaction 1189
[2026-09-10T03:42:52.002Z INFO  benchmark_client] Sending sample transaction 1190
[2026-09-10T03:42:52.051Z INFO  benchmark_client] Sending sample transaction 1191
[2026-09-10T03:42:52.101Z INFO  benchmark_client] Sending sample transaction 1192
[2026-09-10T03:42:52.152Z INFO  benchmark_client] Sending sample transaction 1193
