[2026-09-10T00:02:18.613Z INFO  benchmark_client] Node address: 207.175.55.162:5028
[2026-09-10T00:02:18.613Z INFO  benchmark_client] Transactions size: 512 B
[2026-09-10T00:02:18.613Z INFO  benchmark_client] Transactions rate: 12000 tx/s
[2026-09-10T00:02:18.613Z INFO  benchmark_client] Waiting for all nodes to be online...
[2026-09-10T00:02:18.921Z INFO  benchmark_client] Start sending transactions
[2026-09-10T00:02:18.922Z INFO  benchmark_client] Sending sample transaction 0
[2026-09-10T00:02:18.972Z INFO  benchmark_client] Sending sample transaction 1
[2026-09-10T00:02:19.022Z INFO  benchmark_client] Sending sample transaction 2
[2026-09-10T00:02:19.072Z INFO  benchmark_client] Sending sample transaction 3
[2026-09-10T00:02:19.123Z INFO  benchmark_client] Sending sample transaction 4
[2026-09-10T00:02:19.173Z INFO  benchmark_client] Sending sample transaction 5
[2026-09-10T00:02:19.223Z INFO  benchmark_client] Sending sample transaction 6
[2026-09-10T00:02:19.276Z INFO  benchmark_client] Sending sample transaction 7
[2026-09-10T00:02:19.322Z INFO  benchmark_client] Sending sample transaction 8
[2026-09-10T00:02:19.372Z INFO  benchmark_client] Sending sample transaction 9
[2026-09-10T00:02:19.422Z INFO  benchmark_client] Sending sample transaction 10
[2026-09-10T00:02:19.473Z INFO  benchmark_client] Sending sample transaction 11
[2026-09-10T00:02:19.522Z INFO  benchmark_client] Sending sample transaction 12
[2026-09-10T00:02:19.572Z INFO  benchmark_client] Sending sample transaction 13
[2026-09-10T00:02:19.622Z INFO  benchmark_client] Sending sample transaction 14
[2026-09-10T00:02:19.673Z INFO  benchmark_client] Sending sample transaction 15
[2026-09-10T00:02:19.722Z INFO  benchmark_client] Sending sample transaction 16
[2026-09-10T00:02:19.772Z INFO  benchmark_client] Sending sample transaction 17
[2026-09-10T00:02:19.822Z INFO  benchmark_client] Sending sample transaction 18
[2026-09-10T00:02:19.872Z INFO  benchmark_client] Sending sample transaction 19
[2026-09-10T00:02:19.922Z INFO  benchmark_client] Sending sample transaction 20
[2026-09-10T00:02:19.972Z INFO  benchmark_client] Sending sample transaction 21
[2026-09-10T00:02:20.022Z INFO  benchmark_client] Sending sample transaction 22
[2026-09-10T00:02:20.072Z INFO  benchmark_client] Sending sample transaction 23
[2026-09-10T00:02:20.122Z INFO  benchmark_client] Sending sample transaction 24
[2026-09-10T00:02:20.172Z INFO  benchmark_client] Sending sample transaction 25
[2026-09-10T00:02:20.222Z INFO  benchmark_client] Sending sample transaction 26
[2026-09-10T00:02:20.272Z INFO  benchmark_client] Sending sample transaction 27
[2026-09-10T00:02:20.322Z INFO  benchmark_client] Sending sample transaction 28
[2026-09-10T00:02:20.373Z INFO  benchmark_client] Sending sample transaction 29
[2026-09-10T00:02:20.422Z INFO  benchmark_client] Sending sample transaction 30
[2026-09-10T00:02:20.472Z INFO  benchmark_client] Sending sample transaction 31
[2026-09-10T00:02:20.522Z INFO  benchmark_client] Sending sample transaction 32
[2026-09-10T00:02:20.572Z INFO  benchmark_client] Sending sample transaction 33
[2026-09-10T00:02:20.622Z INFO  benchmark_client] Sending sample transaction 34
[2026-09-10T00:02:20.672Z INFO  benchmark_client] Sending sample transaction 35
[2026-09-10T00:02:20.722Z INFO  benchmark_client] Sending sample transaction 36
[2026-09-10T00:02:20.774Z INFO  benchmark_client] Sending sample transaction 37
[2026-09-10T00:02:20.822Z INFO  benchmark_client] Sending sample transaction 38
[2026-09-10T00:02:20.872Z INFO  benchmark_client] Sending sample transaction 39
[2026-09-10T00:02:20.922Z INFO  benchmark_client] Sending sample transaction 40
[2026-09-10T00:02:20.972Z INFO  benchmark_client] Sending sample transaction 41
[2026-09-10T00:02:21.022Z INFO  benchmark_client] Sending sample transaction 42
[2026-09-10T00:02:21.072Z INFO  benchmark_client] Sending sample transaction 43
[2026-09-10T00:02:21.122Z INFO  benchmark_client] Sending sample transaction 44
[2026-09-10T00:02:21.172Z INFO  benchmark_client] Sending sample transaction 45
[2026-09-10T00:02:21.223Z INFO  benchmark_client] Sending sample transaction 46
[2026-09-10T00:02:21.272Z INFO  benchmark_client] Sending sample transaction 47
[2026-09-10T00:02:21.322Z INFO  benchmark_client] Sending sample transaction 48
[2026-09-10T00:02:21.372Z INFO  benchmark_client] Sending sample transaction 49
[2026-09-10T00:02:21.422Z INFO  benchmark_client] Sending sample transaction 50
[2026-09-10T00:02:21.472Z INFO  benchmark_client] Sending sample transaction 51
[2026-09-10T00:02:21.523Z INFO  benchmark_client] Sending sample transaction 52
[2026-09-10T00:02:21.572Z INFO  benchmark_client] Sending sample transaction 53
[2026-09-10T00:02:21.623Z INFO  benchmark_client] Sending sample transaction 54
[2026-09-10T00:02:21.672Z INFO  benchmark_client] Sending sample transaction 55
[2026-09-10T00:02:21.722Z INFO  benchmark_client] Sending sample transaction 56
[2026-09-10T00:02:21.772Z INFO  benchmark_client] Sending sample transaction 57
[2026-09-10T00:02:21.824Z INFO  benchmark_client] Sending sample transaction 58
[2026-09-10T00:02:21.872Z INFO  benchmark_client] Sending sample transaction 59
[2026-09-10T00:02:21.922Z INFO  benchmark_client] Sending sample transaction 60
[2026-09-10T00:02:21.972Z INFO  benchmark_client] Sending sample transaction 61
[2026-09-10T00:02:22.022Z INFO  benchmark_client] Sending sample transaction 62
[2026-09-10T00:02:22.072Z INFO  benchmark_client] Sending sample transaction 63
[2026-09-10T00:02:22.123Z INFO  benchmark_client] Sending sample transaction 64
[2026-09-10T00:02:22.172Z INFO  benchmark_client] Sending sample transaction 65
[2026-09-10T00:02:22.222Z INFO  benchmark_client] Sending sample transaction 66
[2026-09-10T00:02:22.272Z INFO  benchmark_client] Sending sample transaction 67
[2026-09-10T00:02:22.322Z INFO  benchmark_client] Sending sample transaction 68
[2026-09-10T00:02:22.372Z INFO  benchmark_client] Sending sample transaction 69
[2026-09-10T00:02:22.422Z INFO  benchmark_client] Sending sample transaction 70
[2026-09-10T00:02:22.472Z INFO  benchmark_client] Sending sample transaction 71
[2026-09-10T00:02:22.522Z INFO  benchmark_client] Sending sample transaction 72
[2026-09-10T00:02:22.572Z INFO  benchmark_client] Sending sample transaction 73
[2026-09-10T00:02:22.622Z INFO  benchmark_client] Sending sample transaction 74
[2026-09-10T00:02:22.672Z INFO  benchmark_client] Sending sample transaction 75
[2026-09-10T00:02:22.722Z INFO  benchmark_client] Sending sample transaction 76
[2026-09-10T00:02:22.772Z INFO  benchmark_client] Sending sample transaction 77
[2026-09-10T00:02:22.822Z INFO  benchmark_client] Sending sample transaction 78
[2026-09-10T00:02:22.872Z INFO  benchmark_client] Sending sample transaction 79
[2026-09-10T00:02:22.922Z INFO  benchmark_client] Sending sample transaction 80
[2026-09-10T00:02:22.972Z INFO  benchmark_client] Sending sample transaction 81
[2026-09-10T00:02:23.023Z INFO  benchmark_client] Sending sample transaction 82
[2026-09-10T00:02:23.072Z INFO  benchmark_client] Sending sample transaction 83
[2026-09-10T00:02:23.122Z INFO  benchmark_client] Sending sample transaction 84
[2026-09-10T00:02:23.172Z INFO  benchmark_client] Sending sample transaction 85
[2026-09-10T00:02:23.223Z INFO  benchmark_client] Sending sample transaction 86
[2026-09-10T00:02:23.272Z INFO  benchmark_client] Sending sample transaction 87
[2026-09-10T00:02:23.323Z INFO  benchmark_client] Sending sample transaction 88
[2026-09-10T00:02:23.375Z INFO  benchmark_client] Sending sample transaction 89
[2026-09-10T00:02:23.423Z INFO  benchmark_client] Sending sample transaction 90
[2026-09-10T00:02:23.472Z INFO  benchmark_client] Sending sample transaction 91
[2026-09-10T00:02:23.525Z INFO  benchmark_client] Sending sample transaction 92
[2026-09-10T00:02:23.572Z INFO  benchmark_client] Sending sample transaction 93
[2026-09-10T00:02:23.625Z INFO  benchmark_client] Sending sample transaction 94
[2026-09-10T00:02:23.672Z INFO  benchmark_client] Sending sample transaction 95
[2026-09-10T00:02:23.722Z INFO  benchmark_client] Sending sample transaction 96
[2026-09-10T00:02:23.772Z INFO  benchmark_client] Sending sample transaction 97
[2026-09-10T00:02:23.825Z INFO  benchmark_client] Sending sample transaction 98
[2026-09-10T00:02:23.872Z INFO  benchmark_client] Sending sample transaction 99
[2026-09-10T00:02:23.923Z INFO  benchmark_client] Sending sample transaction 100
[2026-09-10T00:02:23.973Z INFO  benchmark_client] Sending sample transaction 101
[2026-09-10T00:02:24.022Z INFO  benchmark_client] Sending sample transaction 102
[2026-09-10T00:02:24.072Z INFO  benchmark_client] Sending sample transaction 103
[2026-09-10T00:02:24.123Z INFO  benchmark_client] Sending sample transaction 104
[2026-09-10T00:02:24.172Z INFO  benchmark_client] Sending sample transaction 105
[2026-09-10T00:02:24.223Z INFO  benchmark_client] Sending sample transaction 106
[2026-09-10T00:02:24.273Z INFO  benchmark_client] Sending sample transaction 107
[2026-09-10T00:02:24.322Z INFO  benchmark_client] Sending sample transaction 108
[2026-09-10T00:02:24.372Z INFO  benchmark_client] Sending sample transaction 109
[2026-09-10T00:02:24.424Z INFO  benchmark_client] Sending sample transaction 110
[2026-09-10T00:02:24.472Z INFO  benchmark_client] Sending sample transaction 111
[2026-09-10T00:02:24.522Z INFO  benchmark_client] Sending sample transaction 112
[2026-09-10T00:02:24.572Z INFO  benchmark_client] Sending sample transaction 113
[2026-09-10T00:02:24.622Z INFO  benchmark_client] Sending sample transaction 114
[2026-09-10T00:02:24.672Z INFO  benchmark_client] Sending sample transaction 115
[2026-09-10T00:02:24.722Z INFO  benchmark_client] Sending sample transaction 116
[2026-09-10T00:02:24.772Z INFO  benchmark_client] Sending sample transaction 117
[2026-09-10T00:02:24.823Z INFO  benchmark_client] Sending sample transaction 118
[2026-09-10T00:02:24.872Z INFO  benchmark_client] Sending sample transaction 119
[2026-09-10T00:02:24.922Z INFO  benchmark_client] Sending sample transaction 120
[2026-09-10T00:02:24.972Z INFO  benchmark_client] Sending sample transaction 121
[2026-09-10T00:02:25.022Z INFO  benchmark_client] Sending sample transaction 122
[2026-09-10T00:02:25.072Z INFO  benchmark_client] Sending sample transaction 123
[2026-09-10T00:02:25.122Z INFO  benchmark_client] Sending sample transaction 124
[2026-09-10T00:02:25.173Z INFO  benchmark_client] Sending sample transaction 125
[2026-09-10T00:02:25.222Z INFO  benchmark_client] Sending sample transaction 126
[2026-09-10T00:02:25.272Z INFO  benchmark_client] Sending sample transaction 127
[2026-09-10T00:02:25.322Z INFO  benchmark_client] Sending sample transaction 128
[2026-09-10T00:02:25.372Z INFO  benchmark_client] Sending sample transaction 129
[2026-09-10T00:02:25.423Z INFO  benchmark_client] Sending sample transaction 130
[2026-09-10T00:02:25.472Z INFO  benchmark_client] Sending sample transaction 131
[2026-09-10T00:02:25.522Z INFO  benchmark_client] Sending sample transaction 132
[2026-09-10T00:02:25.572Z INFO  benchmark_client] Sending sample transaction 133
[2026-09-10T00:02:25.622Z INFO  benchmark_client] Sending sample transaction 134
[2026-09-10T00:02:25.672Z INFO  benchmark_client] Sending sample transaction 135
[2026-09-10T00:02:25.722Z INFO  benchmark_client] Sending sample transaction 136
[2026-09-10T00:02:25.772Z INFO  benchmark_client] Sending sample transaction 137
[2026-09-10T00:02:25.823Z INFO  benchmark_client] Sending sample transaction 138
[2026-09-10T00:02:25.872Z INFO  benchmark_client] Sending sample transaction 139
[2026-09-10T00:02:25.923Z INFO  benchmark_client] Sending sample transaction 140
[2026-09-10T00:02:25.973Z INFO  benchmark_client] Sending sample transaction 141
[2026-09-10T00:02:26.023Z INFO  benchmark_client] Sending sample transaction 142
[2026-09-10T00:02:26.073Z INFO  benchmark_client] Sending sample transaction 143
[2026-09-10T00:02:26.122Z INFO  benchmark_client] Sending sample transaction 144
[2026-09-10T00:02:26.173Z INFO  benchmark_client] Sending sample transaction 145
[2026-09-10T00:02:26.222Z INFO  benchmark_client] Sending sample transaction 146
[2026-09-10T00:02:26.272Z INFO  benchmark_client] Sending sample transaction 147
[2026-09-10T00:02:26.324Z INFO  benchmark_client] Sending sample transaction 148
[2026-09-10T00:02:26.372Z INFO  benchmark_client] Sending sample transaction 149
[2026-09-10T00:02:26.423Z INFO  benchmark_client] Sending sample transaction 150
[2026-09-10T00:02:26.472Z INFO  benchmark_client] Sending sample transaction 151
[2026-09-10T00:02:26.522Z INFO  benchmark_client] Sending sample transaction 152
[2026-09-10T00:02:26.572Z INFO  benchmark_client] Sending sample transaction 153
[2026-09-10T00:02:26.624Z INFO  benchmark_client] Sending sample transaction 154
[2026-09-10T00:02:26.672Z INFO  benchmark_client] Sending sample transaction 155
[2026-09-10T00:02:26.722Z INFO  benchmark_client] Sending sample transaction 156
[2026-09-10T00:02:26.772Z INFO  benchmark_client] Sending sample transaction 157
[2026-09-10T00:02:26.822Z INFO  benchmark_client] Sending sample transaction 158
[2026-09-10T00:02:26.872Z INFO  benchmark_client] Sending sample transaction 159
[2026-09-10T00:02:26.922Z INFO  benchmark_client] Sending sample transaction 160
[2026-09-10T00:02:26.973Z INFO  benchmark_client] Sending sample transaction 161
[2026-09-10T00:02:27.022Z INFO  benchmark_client] Sending sample transaction 162
[2026-09-10T00:02:27.072Z INFO  benchmark_client] Sending sample transaction 163
[2026-09-10T00:02:27.123Z INFO  benchmark_client] Sending sample transaction 164
[2026-09-10T00:02:27.172Z INFO  benchmark_client] Sending sample transaction 165
[2026-09-10T00:02:27.222Z INFO  benchmark_client] Sending sample transaction 166
[2026-09-10T00:02:27.272Z INFO  benchmark_client] Sending sample transaction 167
[2026-09-10T00:02:27.322Z INFO  benchmark_client] Sending sample transaction 168
[2026-09-10T00:02:27.372Z INFO  benchmark_client] Sending sample transaction 169
[2026-09-10T00:02:27.423Z INFO  benchmark_client] Sending sample transaction 170
[2026-09-10T00:02:27.472Z INFO  benchmark_client] Sending sample transaction 171
[2026-09-10T00:02:27.522Z INFO  benchmark_client] Sending sample transaction 172
[2026-09-10T00:02:27.572Z INFO  benchmark_client] Sending sample transaction 173
[2026-09-10T00:02:27.622Z INFO  benchmark_client] Sending sample transaction 174
[2026-09-10T00:02:27.673Z INFO  benchmark_client] Sending sample transaction 175
[2026-09-10T00:02:27.722Z INFO  benchmark_client] Sending sample transaction 176
[2026-09-10T00:02:27.772Z INFO  benchmark_client] Sending sample transaction 177
[2026-09-10T00:02:27.824Z INFO  benchmark_client] Sending sample transaction 178
[2026-09-10T00:02:27.872Z INFO  benchmark_client] Sending sample transaction 179
[2026-09-10T00:02:27.922Z INFO  benchmark_client] Sending sample transaction 180
[2026-09-10T00:02:27.973Z INFO  benchmark_client] Sending sample transaction 181
[2026-09-10T00:02:28.022Z INFO  benchmark_client] Sending sample transaction 182
[2026-09-10T00:02:28.072Z INFO  benchmark_client] Sending sample transaction 183
[2026-09-10T00:02:28.122Z INFO  benchmark_client] Sending sample transaction 184
[2026-09-10T00:02:28.172Z INFO  benchmark_client] Sending sample transaction 185
[2026-09-10T00:02:28.225Z INFO  benchmark_client] Sending sample transaction 186
[2026-09-10T00:02:28.275Z INFO  benchmark_client] Sending sample transaction 187
[2026-09-10T00:02:28.323Z INFO  benchmark_client] Sending sample transaction 188
[2026-09-10T00:02:28.372Z INFO  benchmark_client] Sending sample transaction 189
[2026-09-10T00:02:28.423Z INFO  benchmark_client] Sending sample transaction 190
[2026-09-10T00:02:28.473Z INFO  benchmark_client] Sending sample transaction 191
[2026-09-10T00:02:28.523Z INFO  benchmark_client] Sending sample transaction 192
[2026-09-10T00:02:28.572Z INFO  benchmark_client] Sending sample transaction 193
[2026-09-10T00:02:28.622Z INFO  benchmark_client] Sending sample transaction 194
[2026-09-10T00:02:28.673Z INFO  benchmark_client] Sending sample transaction 195
[2026-09-10T00:02:28.723Z INFO  benchmark_client] Sending sample transaction 196
[2026-09-10T00:02:28.772Z INFO  benchmark_client] Sending sample transaction 197
[2026-09-10T00:02:28.822Z INFO  benchmark_client] Sending sample transaction 198
[2026-09-10T00:02:28.872Z INFO  benchmark_client] Sending sample transaction 199
[2026-09-10T00:02:28.924Z INFO  benchmark_client] Sending sample transaction 200
[2026-09-10T00:02:28.972Z INFO  benchmark_client] Sending sample transaction 201
[2026-09-10T00:02:29.022Z INFO  benchmark_client] Sending sample transaction 202
[2026-09-10T00:02:29.072Z INFO  benchmark_client] Sending sample transaction 203
[2026-09-10T00:02:29.123Z INFO  benchmark_client] Sending sample transaction 204
[2026-09-10T00:02:29.172Z INFO  benchmark_client] Sending sample transaction 205
[2026-09-10T00:02:29.224Z INFO  benchmark_client] Sending sample transaction 206
[2026-09-10T00:02:29.272Z INFO  benchmark_client] Sending sample transaction 207
[2026-09-10T00:02:29.323Z INFO  benchmark_client] Sending sample transaction 208
[2026-09-10T00:02:29.373Z INFO  benchmark_client] Sending sample transaction 209
[2026-09-10T00:02:29.422Z INFO  benchmark_client] Sending sample transaction 210
[2026-09-10T00:02:29.472Z INFO  benchmark_client] Sending sample transaction 211
[2026-09-10T00:02:29.523Z INFO  benchmark_client] Sending sample transaction 212
[2026-09-10T00:02:29.572Z INFO  benchmark_client] Sending sample transaction 213
[2026-09-10T00:02:29.623Z INFO  benchmark_client] Sending sample transaction 214
[2026-09-10T00:02:29.673Z INFO  benchmark_client] Sending sample transaction 215
[2026-09-10T00:02:29.723Z INFO  benchmark_client] Sending sample transaction 216
[2026-09-10T00:02:29.777Z INFO  benchmark_client] Sending sample transaction 217
[2026-09-10T00:02:29.823Z INFO  benchmark_client] Sending sample transaction 218
[2026-09-10T00:02:29.873Z INFO  benchmark_client] Sending sample transaction 219
[2026-09-10T00:02:29.922Z INFO  benchmark_client] Sending sample transaction 220
[2026-09-10T00:02:29.973Z INFO  benchmark_client] Sending sample transaction 221
[2026-09-10T00:02:30.023Z INFO  benchmark_client] Sending sample transaction 222
[2026-09-10T00:02:30.073Z INFO  benchmark_client] Sending sample transaction 223
[2026-09-10T00:02:30.123Z INFO  benchmark_client] Sending sample transaction 224
[2026-09-10T00:02:30.172Z INFO  benchmark_client] Sending sample transaction 225
[2026-09-10T00:02:30.223Z INFO  benchmark_client] Sending sample transaction 226
[2026-09-10T00:02:30.274Z INFO  benchmark_client] Sending sample transaction 227
[2026-09-10T00:02:30.322Z INFO  benchmark_client] Sending sample transaction 228
[2026-09-10T00:02:30.372Z INFO  benchmark_client] Sending sample transaction 229
[2026-09-10T00:02:30.422Z INFO  benchmark_client] Sending sample transaction 230
[2026-09-10T00:02:30.472Z INFO  benchmark_client] Sending sample transaction 231
[2026-09-10T00:02:30.523Z INFO  benchmark_client] Sending sample transaction 232
[2026-09-10T00:02:30.572Z INFO  benchmark_client] Sending sample transaction 233
[2026-09-10T00:02:30.623Z INFO  benchmark_client] Sending sample transaction 234
[2026-09-10T00:02:30.672Z INFO  benchmark_client] Sending sample transaction 235
[2026-09-10T00:02:30.724Z INFO  benchmark_client] Sending sample transaction 236
[2026-09-10T00:02:30.772Z INFO  benchmark_client] Sending sample transaction 237
[2026-09-10T00:02:30.823Z INFO  benchmark_client] Sending sample transaction 238
[2026-09-10T00:02:30.873Z INFO  benchmark_client] Sending sample transaction 239
[2026-09-10T00:02:30.922Z INFO  benchmark_client] Sending sample transaction 240
[2026-09-10T00:02:30.973Z INFO  benchmark_client] Sending sample transaction 241
[2026-09-10T00:02:31.022Z INFO  benchmark_client] Sending sample transaction 242
[2026-09-10T00:02:31.073Z INFO  benchmark_client] Sending sample transaction 243
[2026-09-10T00:02:31.122Z INFO  benchmark_client] Sending sample transaction 244
[2026-09-10T00:02:31.172Z INFO  benchmark_client] Sending sample transaction 245
[2026-09-10T00:02:31.223Z INFO  benchmark_client] Sending sample transaction 246
[2026-09-10T00:02:31.273Z INFO  benchmark_client] Sending sample transaction 247
[2026-09-10T00:02:31.322Z INFO  benchmark_client] Sending sample transaction 248
[2026-09-10T00:02:31.373Z INFO  benchmark_client] Sending sample transaction 249
[2026-09-10T00:02:31.423Z INFO  benchmark_client] Sending sample transaction 250
[2026-09-10T00:02:31.472Z INFO  benchmark_client] Sending sample transaction 251
[2026-09-10T00:02:31.522Z INFO  benchmark_client] Sending sample transaction 252
[2026-09-10T00:02:31.573Z INFO  benchmark_client] Sending sample transaction 253
[2026-09-10T00:02:31.623Z INFO  benchmark_client] Sending sample transaction 254
[2026-09-10T00:02:31.672Z INFO  benchmark_client] Sending sample transaction 255
[2026-09-10T00:02:31.722Z INFO  benchmark_client] Sending sample transaction 256
[2026-09-10T00:02:31.772Z INFO  benchmark_client] Sending sample transaction 257
[2026-09-10T00:02:31.823Z INFO  benchmark_client] Sending sample transaction 258
[2026-09-10T00:02:31.873Z INFO  benchmark_client] Sending sample transaction 259
[2026-09-10T00:02:31.922Z INFO  benchmark_client] Sending sample transaction 260
[2026-09-10T00:02:31.977Z INFO  benchmark_client] Sending sample transaction 261
[2026-09-10T00:02:32.022Z INFO  benchmark_client] Sending sample transaction 262
[2026-09-10T00:02:32.072Z INFO  benchmark_client] Sending sample transaction 263
[2026-09-10T00:02:32.122Z INFO  benchmark_client] Sending sample transaction 264
[2026-09-10T00:02:32.173Z INFO  benchmark_client] Sending sample transaction 265
[2026-09-10T00:02:32.223Z INFO  benchmark_client] Sending sample transaction 266
[2026-09-10T00:02:32.273Z INFO  benchmark_client] Sending sample transaction 267
[2026-09-10T00:02:32.322Z INFO  benchmark_client] Sending sample transaction 268
[2026-09-10T00:02:32.373Z INFO  benchmark_client] Sending sample transaction 269
[2026-09-10T00:02:32.422Z INFO  benchmark_client] Sending sample transaction 270
[2026-09-10T00:02:32.473Z INFO  benchmark_client] Sending sample transaction 271
[2026-09-10T00:02:32.523Z INFO  benchmark_client] Sending sample transaction 272
[2026-09-10T00:02:32.576Z INFO  benchmark_client] Sending sample transaction 273
[2026-09-10T00:02:32.623Z INFO  benchmark_client] Sending sample transaction 274
[2026-09-10T00:02:32.673Z INFO  benchmark_client] Sending sample transaction 275
[2026-09-10T00:02:32.723Z INFO  benchmark_client] Sending sample transaction 276
[2026-09-10T00:02:32.773Z INFO  benchmark_client] Sending sample transaction 277
[2026-09-10T00:02:32.825Z INFO  benchmark_client] Sending sample transaction 278
[2026-09-10T00:02:32.873Z INFO  benchmark_client] Sending sample transaction 279
[2026-09-10T00:02:32.923Z INFO  benchmark_client] Sending sample transaction 280
[2026-09-10T00:02:32.973Z INFO  benchmark_client] Sending sample transaction 281
[2026-09-10T00:02:33.022Z INFO  benchmark_client] Sending sample transaction 282
[2026-09-10T00:02:33.073Z INFO  benchmark_client] Sending sample transaction 283
[2026-09-10T00:02:33.122Z INFO  benchmark_client] Sending sample transaction 284
[2026-09-10T00:02:33.172Z INFO  benchmark_client] Sending sample transaction 285
[2026-09-10T00:02:33.223Z INFO  benchmark_client] Sending sample transaction 286
[2026-09-10T00:02:33.275Z INFO  benchmark_client] Sending sample transaction 287
[2026-09-10T00:02:33.323Z INFO  benchmark_client] Sending sample transaction 288
[2026-09-10T00:02:33.372Z INFO  benchmark_client] Sending sample transaction 289
[2026-09-10T00:02:33.422Z INFO  benchmark_client] Sending sample transaction 290
[2026-09-10T00:02:33.473Z INFO  benchmark_client] Sending sample transaction 291
[2026-09-10T00:02:33.522Z INFO  benchmark_client] Sending sample transaction 292
[2026-09-10T00:02:33.572Z INFO  benchmark_client] Sending sample transaction 293
[2026-09-10T00:02:33.623Z INFO  benchmark_client] Sending sample transaction 294
[2026-09-10T00:02:33.672Z INFO  benchmark_client] Sending sample transaction 295
[2026-09-10T00:02:33.723Z INFO  benchmark_client] Sending sample transaction 296
[2026-09-10T00:02:33.773Z INFO  benchmark_client] Sending sample transaction 297
[2026-09-10T00:02:33.822Z INFO  benchmark_client] Sending sample transaction 298
[2026-09-10T00:02:33.873Z INFO  benchmark_client] Sending sample transaction 299
[2026-09-10T00:02:33.922Z INFO  benchmark_client] Sending sample transaction 300
[2026-09-10T00:02:33.973Z INFO  benchmark_client] Sending sample transaction 301
[2026-09-10T00:02:34.022Z INFO  benchmark_client] Sending sample transaction 302
[2026-09-10T00:02:34.072Z INFO  benchmark_client] Sending sample transaction 303
[2026-09-10T00:02:34.123Z INFO  benchmark_client] Sending sample transaction 304
[2026-09-10T00:02:34.172Z INFO  benchmark_client] Sending sample transaction 305
[2026-09-10T00:02:34.222Z INFO  benchmark_client] Sending sample transaction 306
[2026-09-10T00:02:34.273Z INFO  benchmark_client] Sending sample transaction 307
[2026-09-10T00:02:34.323Z INFO  benchmark_client] Sending sample transaction 308
[2026-09-10T00:02:34.372Z INFO  benchmark_client] Sending sample transaction 309
[2026-09-10T00:02:34.422Z INFO  benchmark_client] Sending sample transaction 310
[2026-09-10T00:02:34.473Z INFO  benchmark_client] Sending sample transaction 311
[2026-09-10T00:02:34.522Z INFO  benchmark_client] Sending sample transaction 312
[2026-09-10T00:02:34.573Z INFO  benchmark_client] Sending sample transaction 313
[2026-09-10T00:02:34.623Z INFO  benchmark_client] Sending sample transaction 314
[2026-09-10T00:02:34.673Z INFO  benchmark_client] Sending sample transaction 315
[2026-09-10T00:02:34.722Z INFO  benchmark_client] Sending sample transaction 316
[2026-09-10T00:02:34.772Z INFO  benchmark_client] Sending sample transaction 317
[2026-09-10T00:02:34.823Z INFO  benchmark_client] Sending sample transaction 318
[2026-09-10T00:02:34.872Z INFO  benchmark_client] Sending sample transaction 319
[2026-09-10T00:02:34.922Z INFO  benchmark_client] Sending sample transaction 320
[2026-09-10T00:02:34.973Z INFO  benchmark_client] Sending sample transaction 321
[2026-09-10T00:02:35.023Z INFO  benchmark_client] Sending sample transaction 322
[2026-09-10T00:02:35.072Z INFO  benchmark_client] Sending sample transaction 323
[2026-09-10T00:02:35.124Z INFO  benchmark_client] Sending sample transaction 324
[2026-09-10T00:02:35.172Z INFO  benchmark_client] Sending sample transaction 325
[2026-09-10T00:02:35.223Z INFO  benchmark_client] Sending sample transaction 326
[2026-09-10T00:02:35.273Z INFO  benchmark_client] Sending sample transaction 327
[2026-09-10T00:02:35.322Z INFO  benchmark_client] Sending sample transaction 328
[2026-09-10T00:02:35.374Z INFO  benchmark_client] Sending sample transaction 329
[2026-09-10T00:02:35.422Z INFO  benchmark_client] Sending sample transaction 330
[2026-09-10T00:02:35.473Z INFO  benchmark_client] Sending sample transaction 331
[2026-09-10T00:02:35.523Z INFO  benchmark_client] Sending sample transaction 332
[2026-09-10T00:02:35.573Z INFO  benchmark_client] Sending sample transaction 333
[2026-09-10T00:02:35.622Z INFO  benchmark_client] Sending sample transaction 334
[2026-09-10T00:02:35.673Z INFO  benchmark_client] Sending sample transaction 335
[2026-09-10T00:02:35.722Z INFO  benchmark_client] Sending sample transaction 336
[2026-09-10T00:02:35.772Z INFO  benchmark_client] Sending sample transaction 337
[2026-09-10T00:02:35.823Z INFO  benchmark_client] Sending sample transaction 338
[2026-09-10T00:02:35.873Z INFO  benchmark_client] Sending sample transaction 339
[2026-09-10T00:02:35.922Z INFO  benchmark_client] Sending sample transaction 340
[2026-09-10T00:02:35.973Z INFO  benchmark_client] Sending sample transaction 341
[2026-09-10T00:02:36.024Z INFO  benchmark_client] Sending sample transaction 342
[2026-09-10T00:02:36.072Z INFO  benchmark_client] Sending sample transaction 343
[2026-09-10T00:02:36.123Z INFO  benchmark_client] Sending sample transaction 344
[2026-09-10T00:02:36.172Z INFO  benchmark_client] Sending sample transaction 345
[2026-09-10T00:02:36.223Z INFO  benchmark_client] Sending sample transaction 346
[2026-09-10T00:02:36.273Z INFO  benchmark_client] Sending sample transaction 347
[2026-09-10T00:02:36.323Z INFO  benchmark_client] Sending sample transaction 348
[2026-09-10T00:02:36.373Z INFO  benchmark_client] Sending sample transaction 349
[2026-09-10T00:02:36.423Z INFO  benchmark_client] Sending sample transaction 350
[2026-09-10T00:02:36.473Z INFO  benchmark_client] Sending sample transaction 351
[2026-09-10T00:02:36.523Z INFO  benchmark_client] Sending sample transaction 352
[2026-09-10T00:02:36.576Z INFO  benchmark_client] Sending sample transaction 353
[2026-09-10T00:02:36.625Z INFO  benchmark_client] Sending sample transaction 354
[2026-09-10T00:02:36.673Z INFO  benchmark_client] Sending sample transaction 355
[2026-09-10T00:02:36.723Z INFO  benchmark_client] Sending sample transaction 356
[2026-09-10T00:02:36.773Z INFO  benchmark_client] Sending sample transaction 357
[2026-09-10T00:02:36.823Z INFO  benchmark_client] Sending sample transaction 358
[2026-09-10T00:02:36.873Z INFO  benchmark_client] Sending sample transaction 359
[2026-09-10T00:02:36.927Z INFO  benchmark_client] Sending sample transaction 360
[2026-09-10T00:02:36.973Z INFO  benchmark_client] Sending sample transaction 361
[2026-09-10T00:02:37.023Z INFO  benchmark_client] Sending sample transaction 362
[2026-09-10T00:02:37.075Z INFO  benchmark_client] Sending sample transaction 363
[2026-09-10T00:02:37.123Z INFO  benchmark_client] Sending sample transaction 364
[2026-09-10T00:02:37.173Z INFO  benchmark_client] Sending sample transaction 365
[2026-09-10T00:02:37.223Z INFO  benchmark_client] Sending sample transaction 366
[2026-09-10T00:02:37.273Z INFO  benchmark_client] Sending sample transaction 367
[2026-09-10T00:02:37.322Z INFO  benchmark_client] Sending sample transaction 368
[2026-09-10T00:02:37.373Z INFO  benchmark_client] Sending sample transaction 369
[2026-09-10T00:02:37.423Z INFO  benchmark_client] Sending sample transaction 370
[2026-09-10T00:02:37.473Z INFO  benchmark_client] Sending sample transaction 371
[2026-09-10T00:02:37.522Z INFO  benchmark_client] Sending sample transaction 372
[2026-09-10T00:02:37.573Z INFO  benchmark_client] Sending sample transaction 373
[2026-09-10T00:02:37.623Z INFO  benchmark_client] Sending sample transaction 374
[2026-09-10T00:02:37.674Z INFO  benchmark_client] Sending sample transaction 375
[2026-09-10T00:02:37.726Z INFO  benchmark_client] Sending sample transaction 376
[2026-09-10T00:02:37.772Z INFO  benchmark_client] Sending sample transaction 377
[2026-09-10T00:02:37.826Z INFO  benchmark_client] Sending sample transaction 378
[2026-09-10T00:02:37.872Z INFO  benchmark_client] Sending sample transaction 379
[2026-09-10T00:02:37.923Z INFO  benchmark_client] Sending sample transaction 380
[2026-09-10T00:02:37.973Z INFO  benchmark_client] Sending sample transaction 381
[2026-09-10T00:02:38.022Z INFO  benchmark_client] Sending sample transaction 382
[2026-09-10T00:02:38.073Z INFO  benchmark_client] Sending sample transaction 383
[2026-09-10T00:02:38.122Z INFO  benchmark_client] Sending sample transaction 384
[2026-09-10T00:02:38.173Z INFO  benchmark_client] Sending sample transaction 385
[2026-09-10T00:02:38.224Z INFO  benchmark_client] Sending sample transaction 386
[2026-09-10T00:02:38.273Z INFO  benchmark_client] Sending sample transaction 387
[2026-09-10T00:02:38.322Z INFO  benchmark_client] Sending sample transaction 388
[2026-09-10T00:02:38.373Z INFO  benchmark_client] Sending sample transaction 389
[2026-09-10T00:02:38.423Z INFO  benchmark_client] Sending sample transaction 390
[2026-09-10T00:02:38.473Z INFO  benchmark_client] Sending sample transaction 391
[2026-09-10T00:02:38.523Z INFO  benchmark_client] Sending sample transaction 392
[2026-09-10T00:02:38.573Z INFO  benchmark_client] Sending sample transaction 393
[2026-09-10T00:02:38.623Z INFO  benchmark_client] Sending sample transaction 394
[2026-09-10T00:02:38.673Z INFO  benchmark_client] Sending sample transaction 395
[2026-09-10T00:02:38.723Z INFO  benchmark_client] Sending sample transaction 396
[2026-09-10T00:02:38.773Z INFO  benchmark_client] Sending sample transaction 397
[2026-09-10T00:02:38.823Z INFO  benchmark_client] Sending sample transaction 398
[2026-09-10T00:02:38.874Z INFO  benchmark_client] Sending sample transaction 399
[2026-09-10T00:02:38.923Z INFO  benchmark_client] Sending sample transaction 400
[2026-09-10T00:02:38.974Z INFO  benchmark_client] Sending sample transaction 401
[2026-09-10T00:02:39.022Z INFO  benchmark_client] Sending sample transaction 402
[2026-09-10T00:02:39.073Z INFO  benchmark_client] Sending sample transaction 403
[2026-09-10T00:02:39.123Z INFO  benchmark_client] Sending sample transaction 404
[2026-09-10T00:02:39.173Z INFO  benchmark_client] Sending sample transaction 405
[2026-09-10T00:02:39.223Z INFO  benchmark_client] Sending sample transaction 406
[2026-09-10T00:02:39.273Z INFO  benchmark_client] Sending sample transaction 407
[2026-09-10T00:02:39.324Z INFO  benchmark_client] Sending sample transaction 408
[2026-09-10T00:02:39.374Z INFO  benchmark_client] Sending sample transaction 409
[2026-09-10T00:02:39.424Z INFO  benchmark_client] Sending sample transaction 410
[2026-09-10T00:02:39.473Z INFO  benchmark_client] Sending sample transaction 411
[2026-09-10T00:02:39.523Z INFO  benchmark_client] Sending sample transaction 412
[2026-09-10T00:02:39.573Z INFO  benchmark_client] Sending sample transaction 413
[2026-09-10T00:02:39.623Z INFO  benchmark_client] Sending sample transaction 414
[2026-09-10T00:02:39.673Z INFO  benchmark_client] Sending sample transaction 415
[2026-09-10T00:02:39.723Z INFO  benchmark_client] Sending sample transaction 416
[2026-09-10T00:02:39.773Z INFO  benchmark_client] Sending sample transaction 417
[2026-09-10T00:02:39.822Z INFO  benchmark_client] Sending sample transaction 418
[2026-09-10T00:02:39.872Z INFO  benchmark_client] Sending sample transaction 419
[2026-09-10T00:02:39.923Z INFO  benchmark_client] Sending sample transaction 420
[2026-09-10T00:02:39.973Z INFO  benchmark_client] Sending sample transaction 421
[2026-09-10T00:02:40.023Z INFO  benchmark_client] Sending sample transaction 422
[2026-09-10T00:02:40.073Z INFO  benchmark_client] Sending sample transaction 423
[2026-09-10T00:02:40.124Z INFO  benchmark_client] Sending sample transaction 424
[2026-09-10T00:02:40.173Z INFO  benchmark_client] Sending sample transaction 425
[2026-09-10T00:02:40.223Z INFO  benchmark_client] Sending sample transaction 426
[2026-09-10T00:02:40.272Z INFO  benchmark_client] Sending sample transaction 427
[2026-09-10T00:02:40.324Z INFO  benchmark_client] Sending sample transaction 428
[2026-09-10T00:02:40.372Z INFO  benchmark_client] Sending sample transaction 429
[2026-09-10T00:02:40.423Z INFO  benchmark_client] Sending sample transaction 430
[2026-09-10T00:02:40.474Z INFO  benchmark_client] Sending sample transaction 431
[2026-09-10T00:02:40.525Z INFO  benchmark_client] Sending sample transaction 432
[2026-09-10T00:02:40.573Z INFO  benchmark_client] Sending sample transaction 433
[2026-09-10T00:02:40.623Z INFO  benchmark_client] Sending sample transaction 434
[2026-09-10T00:02:40.675Z INFO  benchmark_client] Sending sample transaction 435
[2026-09-10T00:02:40.728Z INFO  benchmark_client] Sending sample transaction 436
[2026-09-10T00:02:40.773Z INFO  benchmark_client] Sending sample transaction 437
[2026-09-10T00:02:40.824Z INFO  benchmark_client] Sending sample transaction 438
[2026-09-10T00:02:40.874Z INFO  benchmark_client] Sending sample transaction 439
[2026-09-10T00:02:40.925Z INFO  benchmark_client] Sending sample transaction 440
[2026-09-10T00:02:40.975Z INFO  benchmark_client] Sending sample transaction 441
[2026-09-10T00:02:41.023Z INFO  benchmark_client] Sending sample transaction 442
[2026-09-10T00:02:41.074Z INFO  benchmark_client] Sending sample transaction 443
[2026-09-10T00:02:41.124Z INFO  benchmark_client] Sending sample transaction 444
[2026-09-10T00:02:41.174Z INFO  benchmark_client] Sending sample transaction 445
[2026-09-10T00:02:41.227Z INFO  benchmark_client] Sending sample transaction 446
[2026-09-10T00:02:41.273Z INFO  benchmark_client] Sending sample transaction 447
[2026-09-10T00:02:41.323Z INFO  benchmark_client] Sending sample transaction 448
[2026-09-10T00:02:41.373Z INFO  benchmark_client] Sending sample transaction 449
[2026-09-10T00:02:41.424Z INFO  benchmark_client] Sending sample transaction 450
[2026-09-10T00:02:41.473Z INFO  benchmark_client] Sending sample transaction 451
[2026-09-10T00:02:41.522Z INFO  benchmark_client] Sending sample transaction 452
[2026-09-10T00:02:41.575Z INFO  benchmark_client] Sending sample transaction 453
[2026-09-10T00:02:41.629Z INFO  benchmark_client] Sending sample transaction 454
[2026-09-10T00:02:41.673Z INFO  benchmark_client] Sending sample transaction 455
[2026-09-10T00:02:41.726Z INFO  benchmark_client] Sending sample transaction 456
[2026-09-10T00:02:41.774Z INFO  benchmark_client] Sending sample transaction 457
[2026-09-10T00:02:41.823Z INFO  benchmark_client] Sending sample transaction 458
[2026-09-10T00:02:41.875Z INFO  benchmark_client] Sending sample transaction 459
[2026-09-10T00:02:41.923Z INFO  benchmark_client] Sending sample transaction 460
[2026-09-10T00:02:41.973Z INFO  benchmark_client] Sending sample transaction 461
[2026-09-10T00:02:42.023Z INFO  benchmark_client] Sending sample transaction 462
[2026-09-10T00:02:42.073Z INFO  benchmark_client] Sending sample transaction 463
[2026-09-10T00:02:42.123Z INFO  benchmark_client] Sending sample transaction 464
[2026-09-10T00:02:42.173Z INFO  benchmark_client] Sending sample transaction 465
[2026-09-10T00:02:42.224Z INFO  benchmark_client] Sending sample transaction 466
[2026-09-10T00:02:42.277Z INFO  benchmark_client] Sending sample transaction 467
[2026-09-10T00:02:42.325Z INFO  benchmark_client] Sending sample transaction 468
[2026-09-10T00:02:42.376Z INFO  benchmark_client] Sending sample transaction 469
[2026-09-10T00:02:42.423Z INFO  benchmark_client] Sending sample transaction 470
[2026-09-10T00:02:42.474Z INFO  benchmark_client] Sending sample transaction 471
[2026-09-10T00:02:42.522Z INFO  benchmark_client] Sending sample transaction 472
[2026-09-10T00:02:42.573Z INFO  benchmark_client] Sending sample transaction 473
[2026-09-10T00:02:42.622Z INFO  benchmark_client] Sending sample transaction 474
[2026-09-10T00:02:42.675Z INFO  benchmark_client] Sending sample transaction 475
[2026-09-10T00:02:42.723Z INFO  benchmark_client] Sending sample transaction 476
[2026-09-10T00:02:42.773Z INFO  benchmark_client] Sending sample transaction 477
[2026-09-10T00:02:42.823Z INFO  benchmark_client] Sending sample transaction 478
[2026-09-10T00:02:42.873Z INFO  benchmark_client] Sending sample transaction 479
[2026-09-10T00:02:42.924Z INFO  benchmark_client] Sending sample transaction 480
[2026-09-10T00:02:42.972Z INFO  benchmark_client] Sending sample transaction 481
[2026-09-10T00:02:43.023Z INFO  benchmark_client] Sending sample transaction 482
[2026-09-10T00:02:43.072Z INFO  benchmark_client] Sending sample transaction 483
[2026-09-10T00:02:43.123Z INFO  benchmark_client] Sending sample transaction 484
[2026-09-10T00:02:43.172Z INFO  benchmark_client] Sending sample transaction 485
[2026-09-10T00:02:43.223Z INFO  benchmark_client] Sending sample transaction 486
[2026-09-10T00:02:43.273Z INFO  benchmark_client] Sending sample transaction 487
[2026-09-10T00:02:43.323Z INFO  benchmark_client] Sending sample transaction 488
[2026-09-10T00:02:43.373Z INFO  benchmark_client] Sending sample transaction 489
[2026-09-10T00:02:43.424Z INFO  benchmark_client] Sending sample transaction 490
[2026-09-10T00:02:43.473Z INFO  benchmark_client] Sending sample transaction 491
[2026-09-10T00:02:43.523Z INFO  benchmark_client] Sending sample transaction 492
[2026-09-10T00:02:43.573Z INFO  benchmark_client] Sending sample transaction 493
[2026-09-10T00:02:43.623Z INFO  benchmark_client] Sending sample transaction 494
[2026-09-10T00:02:43.673Z INFO  benchmark_client] Sending sample transaction 495
[2026-09-10T00:02:43.727Z INFO  benchmark_client] Sending sample transaction 496
[2026-09-10T00:02:43.776Z INFO  benchmark_client] Sending sample transaction 497
[2026-09-10T00:02:43.823Z INFO  benchmark_client] Sending sample transaction 498
[2026-09-10T00:02:43.873Z INFO  benchmark_client] Sending sample transaction 499
[2026-09-10T00:02:43.923Z INFO  benchmark_client] Sending sample transaction 500
[2026-09-10T00:02:43.973Z INFO  benchmark_client] Sending sample transaction 501
[2026-09-10T00:02:44.023Z INFO  benchmark_client] Sending sample transaction 502
[2026-09-10T00:02:44.072Z INFO  benchmark_client] Sending sample transaction 503
[2026-09-10T00:02:44.123Z INFO  benchmark_client] Sending sample transaction 504
[2026-09-10T00:02:44.174Z INFO  benchmark_client] Sending sample transaction 505
[2026-09-10T00:02:44.223Z INFO  benchmark_client] Sending sample transaction 506
[2026-09-10T00:02:44.273Z INFO  benchmark_client] Sending sample transaction 507
[2026-09-10T00:02:44.323Z INFO  benchmark_client] Sending sample transaction 508
[2026-09-10T00:02:44.373Z INFO  benchmark_client] Sending sample transaction 509
[2026-09-10T00:02:44.423Z INFO  benchmark_client] Sending sample transaction 510
[2026-09-10T00:02:44.473Z INFO  benchmark_client] Sending sample transaction 511
[2026-09-10T00:02:44.523Z INFO  benchmark_client] Sending sample transaction 512
[2026-09-10T00:02:44.573Z INFO  benchmark_client] Sending sample transaction 513
[2026-09-10T00:02:44.623Z INFO  benchmark_client] Sending sample transaction 514
[2026-09-10T00:02:44.673Z INFO  benchmark_client] Sending sample transaction 515
[2026-09-10T00:02:44.723Z INFO  benchmark_client] Sending sample transaction 516
[2026-09-10T00:02:44.773Z INFO  benchmark_client] Sending sample transaction 517
[2026-09-10T00:02:44.823Z INFO  benchmark_client] Sending sample transaction 518
[2026-09-10T00:02:44.873Z INFO  benchmark_client] Sending sample transaction 519
[2026-09-10T00:02:44.924Z INFO  benchmark_client] Sending sample transaction 520
[2026-09-10T00:02:44.973Z INFO  benchmark_client] Sending sample transaction 521
[2026-09-10T00:02:45.025Z INFO  benchmark_client] Sending sample transaction 522
[2026-09-10T00:02:45.073Z INFO  benchmark_client] Sending sample transaction 523
[2026-09-10T00:02:45.124Z INFO  benchmark_client] Sending sample transaction 524
[2026-09-10T00:02:45.173Z INFO  benchmark_client] Sending sample transaction 525
[2026-09-10T00:02:45.223Z INFO  benchmark_client] Sending sample transaction 526
[2026-09-10T00:02:45.273Z INFO  benchmark_client] Sending sample transaction 527
[2026-09-10T00:02:45.323Z INFO  benchmark_client] Sending sample transaction 528
[2026-09-10T00:02:45.376Z INFO  benchmark_client] Sending sample transaction 529
[2026-09-10T00:02:45.423Z INFO  benchmark_client] Sending sample transaction 530
[2026-09-10T00:02:45.473Z INFO  benchmark_client] Sending sample transaction 531
[2026-09-10T00:02:45.523Z INFO  benchmark_client] Sending sample transaction 532
[2026-09-10T00:02:45.573Z INFO  benchmark_client] Sending sample transaction 533
[2026-09-10T00:02:45.626Z INFO  benchmark_client] Sending sample transaction 534
[2026-09-10T00:02:45.673Z INFO  benchmark_client] Sending sample transaction 535
[2026-09-10T00:02:45.723Z INFO  benchmark_client] Sending sample transaction 536
[2026-09-10T00:02:45.776Z INFO  benchmark_client] Sending sample transaction 537
[2026-09-10T00:02:45.823Z INFO  benchmark_client] Sending sample transaction 538
[2026-09-10T00:02:45.873Z INFO  benchmark_client] Sending sample transaction 539
[2026-09-10T00:02:45.923Z INFO  benchmark_client] Sending sample transaction 540
[2026-09-10T00:02:45.973Z INFO  benchmark_client] Sending sample transaction 541
[2026-09-10T00:02:46.023Z INFO  benchmark_client] Sending sample transaction 542
[2026-09-10T00:02:46.073Z INFO  benchmark_client] Sending sample transaction 543
[2026-09-10T00:02:46.123Z INFO  benchmark_client] Sending sample transaction 544
[2026-09-10T00:02:46.174Z INFO  benchmark_client] Sending sample transaction 545
[2026-09-10T00:02:46.223Z INFO  benchmark_client] Sending sample transaction 546
[2026-09-10T00:02:46.274Z INFO  benchmark_client] Sending sample transaction 547
[2026-09-10T00:02:46.323Z INFO  benchmark_client] Sending sample transaction 548
[2026-09-10T00:02:46.373Z INFO  benchmark_client] Sending sample transaction 549
[2026-09-10T00:02:46.424Z INFO  benchmark_client] Sending sample transaction 550
[2026-09-10T00:02:46.473Z INFO  benchmark_client] Sending sample transaction 551
[2026-09-10T00:02:46.523Z INFO  benchmark_client] Sending sample transaction 552
[2026-09-10T00:02:46.574Z INFO  benchmark_client] Sending sample transaction 553
[2026-09-10T00:02:46.623Z INFO  benchmark_client] Sending sample transaction 554
[2026-09-10T00:02:46.673Z INFO  benchmark_client] Sending sample transaction 555
[2026-09-10T00:02:46.727Z INFO  benchmark_client] Sending sample transaction 556
[2026-09-10T00:02:46.773Z INFO  benchmark_client] Sending sample transaction 557
[2026-09-10T00:02:46.823Z INFO  benchmark_client] Sending sample transaction 558
[2026-09-10T00:02:46.873Z INFO  benchmark_client] Sending sample transaction 559
[2026-09-10T00:02:46.925Z INFO  benchmark_client] Sending sample transaction 560
[2026-09-10T00:02:46.976Z INFO  benchmark_client] Sending sample transaction 561
[2026-09-10T00:02:47.027Z INFO  benchmark_client] Sending sample transaction 562
[2026-09-10T00:02:47.076Z INFO  benchmark_client] Sending sample transaction 563
[2026-09-10T00:02:47.123Z INFO  benchmark_client] Sending sample transaction 564
[2026-09-10T00:02:47.174Z INFO  benchmark_client] Sending sample transaction 565
[2026-09-10T00:02:47.223Z INFO  benchmark_client] Sending sample transaction 566
[2026-09-10T00:02:47.273Z INFO  benchmark_client] Sending sample transaction 567
[2026-09-10T00:02:47.323Z INFO  benchmark_client] Sending sample transaction 568
[2026-09-10T00:02:47.374Z INFO  benchmark_client] Sending sample transaction 569
[2026-09-10T00:02:47.423Z INFO  benchmark_client] Sending sample transaction 570
[2026-09-10T00:02:47.473Z INFO  benchmark_client] Sending sample transaction 571
[2026-09-10T00:02:47.524Z INFO  benchmark_client] Sending sample transaction 572
[2026-09-10T00:02:47.574Z INFO  benchmark_client] Sending sample transaction 573
[2026-09-10T00:02:47.623Z INFO  benchmark_client] Sending sample transaction 574
[2026-09-10T00:02:47.674Z INFO  benchmark_client] Sending sample transaction 575
[2026-09-10T00:02:47.723Z INFO  benchmark_client] Sending sample transaction 576
[2026-09-10T00:02:47.773Z INFO  benchmark_client] Sending sample transaction 577
[2026-09-10T00:02:47.823Z INFO  benchmark_client] Sending sample transaction 578
[2026-09-10T00:02:47.874Z INFO  benchmark_client] Sending sample transaction 579
[2026-09-10T00:02:47.925Z INFO  benchmark_client] Sending sample transaction 580
[2026-09-10T00:02:47.973Z INFO  benchmark_client] Sending sample transaction 581
[2026-09-10T00:02:48.025Z INFO  benchmark_client] Sending sample transaction 582
[2026-09-10T00:02:48.073Z INFO  benchmark_client] Sending sample transaction 583
[2026-09-10T00:02:48.124Z INFO  benchmark_client] Sending sample transaction 584
[2026-09-10T00:02:48.173Z INFO  benchmark_client] Sending sample transaction 585
[2026-09-10T00:02:48.223Z INFO  benchmark_client] Sending sample transaction 586
[2026-09-10T00:02:48.274Z INFO  benchmark_client] Sending sample transaction 587
[2026-09-10T00:02:48.325Z INFO  benchmark_client] Sending sample transaction 588
[2026-09-10T00:02:48.374Z INFO  benchmark_client] Sending sample transaction 589
[2026-09-10T00:02:48.425Z INFO  benchmark_client] Sending sample transaction 590
[2026-09-10T00:02:48.473Z INFO  benchmark_client] Sending sample transaction 591
[2026-09-10T00:02:48.523Z INFO  benchmark_client] Sending sample transaction 592
[2026-09-10T00:02:48.574Z INFO  benchmark_client] Sending sample transaction 593
[2026-09-10T00:02:48.623Z INFO  benchmark_client] Sending sample transaction 594
[2026-09-10T00:02:48.673Z INFO  benchmark_client] Sending sample transaction 595
[2026-09-10T00:02:48.723Z INFO  benchmark_client] Sending sample transaction 596
[2026-09-10T00:02:48.773Z INFO  benchmark_client] Sending sample transaction 597
[2026-09-10T00:02:48.823Z INFO  benchmark_client] Sending sample transaction 598
[2026-09-10T00:02:48.873Z INFO  benchmark_client] Sending sample transaction 599
[2026-09-10T00:02:48.922Z INFO  benchmark_client] Sending sample transaction 600
[2026-09-10T00:02:48.972Z INFO  benchmark_client] Sending sample transaction 601
[2026-09-10T00:02:49.022Z INFO  benchmark_client] Sending sample transaction 602
[2026-09-10T00:02:49.072Z INFO  benchmark_client] Sending sample transaction 603
[2026-09-10T00:02:49.124Z INFO  benchmark_client] Sending sample transaction 604
[2026-09-10T00:02:49.172Z INFO  benchmark_client] Sending sample transaction 605
[2026-09-10T00:02:49.223Z INFO  benchmark_client] Sending sample transaction 606
[2026-09-10T00:02:49.272Z INFO  benchmark_client] Sending sample transaction 607
[2026-09-10T00:02:49.322Z INFO  benchmark_client] Sending sample transaction 608
[2026-09-10T00:02:49.372Z INFO  benchmark_client] Sending sample transaction 609
[2026-09-10T00:02:49.422Z INFO  benchmark_client] Sending sample transaction 610
[2026-09-10T00:02:49.472Z INFO  benchmark_client] Sending sample transaction 611
[2026-09-10T00:02:49.522Z INFO  benchmark_client] Sending sample transaction 612
[2026-09-10T00:02:49.572Z INFO  benchmark_client] Sending sample transaction 613
[2026-09-10T00:02:49.622Z INFO  benchmark_client] Sending sample transaction 614
[2026-09-10T00:02:49.672Z INFO  benchmark_client] Sending sample transaction 615
[2026-09-10T00:02:49.722Z INFO  benchmark_client] Sending sample transaction 616
[2026-09-10T00:02:49.772Z INFO  benchmark_client] Sending sample transaction 617
[2026-09-10T00:02:49.822Z INFO  benchmark_client] Sending sample transaction 618
[2026-09-10T00:02:49.872Z INFO  benchmark_client] Sending sample transaction 619
[2026-09-10T00:02:49.923Z INFO  benchmark_client] Sending sample transaction 620
[2026-09-10T00:02:49.972Z INFO  benchmark_client] Sending sample transaction 621
[2026-09-10T00:02:50.023Z INFO  benchmark_client] Sending sample transaction 622
[2026-09-10T00:02:50.075Z INFO  benchmark_client] Sending sample transaction 623
[2026-09-10T00:02:50.122Z INFO  benchmark_client] Sending sample transaction 624
[2026-09-10T00:02:50.172Z INFO  benchmark_client] Sending sample transaction 625
[2026-09-10T00:02:50.224Z INFO  benchmark_client] Sending sample transaction 626
[2026-09-10T00:02:50.272Z INFO  benchmark_client] Sending sample transaction 627
[2026-09-10T00:02:50.322Z INFO  benchmark_client] Sending sample transaction 628
[2026-09-10T00:02:50.372Z INFO  benchmark_client] Sending sample transaction 629
[2026-09-10T00:02:50.422Z INFO  benchmark_client] Sending sample transaction 630
[2026-09-10T00:02:50.472Z INFO  benchmark_client] Sending sample transaction 631
[2026-09-10T00:02:50.523Z INFO  benchmark_client] Sending sample transaction 632
[2026-09-10T00:02:50.574Z INFO  benchmark_client] Sending sample transaction 633
[2026-09-10T00:02:50.623Z INFO  benchmark_client] Sending sample transaction 634
[2026-09-10T00:02:50.672Z INFO  benchmark_client] Sending sample transaction 635
[2026-09-10T00:02:50.722Z INFO  benchmark_client] Sending sample transaction 636
[2026-09-10T00:02:50.772Z INFO  benchmark_client] Sending sample transaction 637
[2026-09-10T00:02:50.822Z INFO  benchmark_client] Sending sample transaction 638
[2026-09-10T00:02:50.873Z INFO  benchmark_client] Sending sample transaction 639
[2026-09-10T00:02:50.922Z INFO  benchmark_client] Sending sample transaction 640
[2026-09-10T00:02:50.973Z INFO  benchmark_client] Sending sample transaction 641
[2026-09-10T00:02:51.022Z INFO  benchmark_client] Sending sample transaction 642
[2026-09-10T00:02:51.072Z INFO  benchmark_client] Sending sample transaction 643
[2026-09-10T00:02:51.126Z INFO  benchmark_client] Sending sample transaction 644
[2026-09-10T00:02:51.172Z INFO  benchmark_client] Sending sample transaction 645
[2026-09-10T00:02:51.222Z INFO  benchmark_client] Sending sample transaction 646
[2026-09-10T00:02:51.274Z INFO  benchmark_client] Sending sample transaction 647
[2026-09-10T00:02:51.322Z INFO  benchmark_client] Sending sample transaction 648
[2026-09-10T00:02:51.373Z INFO  benchmark_client] Sending sample transaction 649
[2026-09-10T00:02:51.422Z INFO  benchmark_client] Sending sample transaction 650
[2026-09-10T00:02:51.472Z INFO  benchmark_client] Sending sample transaction 651
[2026-09-10T00:02:51.523Z INFO  benchmark_client] Sending sample transaction 652
[2026-09-10T00:02:51.572Z INFO  benchmark_client] Sending sample transaction 653
[2026-09-10T00:02:51.622Z INFO  benchmark_client] Sending sample transaction 654
[2026-09-10T00:02:51.672Z INFO  benchmark_client] Sending sample transaction 655
[2026-09-10T00:02:51.722Z INFO  benchmark_client] Sending sample transaction 656
[2026-09-10T00:02:51.772Z INFO  benchmark_client] Sending sample transaction 657
[2026-09-10T00:02:51.822Z INFO  benchmark_client] Sending sample transaction 658
[2026-09-10T00:02:51.872Z INFO  benchmark_client] Sending sample transaction 659
[2026-09-10T00:02:51.923Z INFO  benchmark_client] Sending sample transaction 660
[2026-09-10T00:02:51.973Z INFO  benchmark_client] Sending sample transaction 661
[2026-09-10T00:02:52.022Z INFO  benchmark_client] Sending sample transaction 662
[2026-09-10T00:02:52.073Z INFO  benchmark_client] Sending sample transaction 663
[2026-09-10T00:02:52.122Z INFO  benchmark_client] Sending sample transaction 664
[2026-09-10T00:02:52.172Z INFO  benchmark_client] Sending sample transaction 665
[2026-09-10T00:02:52.222Z INFO  benchmark_client] Sending sample transaction 666
[2026-09-10T00:02:52.272Z INFO  benchmark_client] Sending sample transaction 667
[2026-09-10T00:02:52.322Z INFO  benchmark_client] Sending sample transaction 668
[2026-09-10T00:02:52.374Z INFO  benchmark_client] Sending sample transaction 669
[2026-09-10T00:02:52.422Z INFO  benchmark_client] Sending sample transaction 670
[2026-09-10T00:02:52.473Z INFO  benchmark_client] Sending sample transaction 671
[2026-09-10T00:02:52.522Z INFO  benchmark_client] Sending sample transaction 672
[2026-09-10T00:02:52.572Z INFO  benchmark_client] Sending sample transaction 673
[2026-09-10T00:02:52.623Z INFO  benchmark_client] Sending sample transaction 674
[2026-09-10T00:02:52.673Z INFO  benchmark_client] Sending sample transaction 675
[2026-09-10T00:02:52.723Z INFO  benchmark_client] Sending sample transaction 676
[2026-09-10T00:02:52.772Z INFO  benchmark_client] Sending sample transaction 677
[2026-09-10T00:02:52.822Z INFO  benchmark_client] Sending sample transaction 678
[2026-09-10T00:02:52.872Z INFO  benchmark_client] Sending sample transaction 679
[2026-09-10T00:02:52.922Z INFO  benchmark_client] Sending sample transaction 680
[2026-09-10T00:02:52.972Z INFO  benchmark_client] Sending sample transaction 681
[2026-09-10T00:02:53.022Z INFO  benchmark_client] Sending sample transaction 682
[2026-09-10T00:02:53.072Z INFO  benchmark_client] Sending sample transaction 683
[2026-09-10T00:02:53.123Z INFO  benchmark_client] Sending sample transaction 684
[2026-09-10T00:02:53.173Z INFO  benchmark_client] Sending sample transaction 685
[2026-09-10T00:02:53.224Z INFO  benchmark_client] Sending sample transaction 686
[2026-09-10T00:02:53.272Z INFO  benchmark_client] Sending sample transaction 687
[2026-09-10T00:02:53.322Z INFO  benchmark_client] Sending sample transaction 688
[2026-09-10T00:02:53.372Z INFO  benchmark_client] Sending sample transaction 689
[2026-09-10T00:02:53.422Z INFO  benchmark_client] Sending sample transaction 690
[2026-09-10T00:02:53.472Z INFO  benchmark_client] Sending sample transaction 691
[2026-09-10T00:02:53.523Z INFO  benchmark_client] Sending sample transaction 692
[2026-09-10T00:02:53.573Z INFO  benchmark_client] Sending sample transaction 693
[2026-09-10T00:02:53.622Z INFO  benchmark_client] Sending sample transaction 694
[2026-09-10T00:02:53.672Z INFO  benchmark_client] Sending sample transaction 695
[2026-09-10T00:02:53.722Z INFO  benchmark_client] Sending sample transaction 696
[2026-09-10T00:02:53.774Z INFO  benchmark_client] Sending sample transaction 697
[2026-09-10T00:02:53.823Z INFO  benchmark_client] Sending sample transaction 698
[2026-09-10T00:02:53.874Z INFO  benchmark_client] Sending sample transaction 699
[2026-09-10T00:02:53.924Z INFO  benchmark_client] Sending sample transaction 700
[2026-09-10T00:02:53.974Z INFO  benchmark_client] Sending sample transaction 701
[2026-09-10T00:02:54.022Z INFO  benchmark_client] Sending sample transaction 702
[2026-09-10T00:02:54.074Z INFO  benchmark_client] Sending sample transaction 703
[2026-09-10T00:02:54.123Z INFO  benchmark_client] Sending sample transaction 704
[2026-09-10T00:02:54.172Z INFO  benchmark_client] Sending sample transaction 705
[2026-09-10T00:02:54.222Z INFO  benchmark_client] Sending sample transaction 706
[2026-09-10T00:02:54.272Z INFO  benchmark_client] Sending sample transaction 707
[2026-09-10T00:02:54.322Z INFO  benchmark_client] Sending sample transaction 708
[2026-09-10T00:02:54.372Z INFO  benchmark_client] Sending sample transaction 709
[2026-09-10T00:02:54.423Z INFO  benchmark_client] Sending sample transaction 710
[2026-09-10T00:02:54.472Z INFO  benchmark_client] Sending sample transaction 711
[2026-09-10T00:02:54.524Z INFO  benchmark_client] Sending sample transaction 712
[2026-09-10T00:02:54.572Z INFO  benchmark_client] Sending sample transaction 713
[2026-09-10T00:02:54.622Z INFO  benchmark_client] Sending sample transaction 714
[2026-09-10T00:02:54.672Z INFO  benchmark_client] Sending sample transaction 715
[2026-09-10T00:02:54.723Z INFO  benchmark_client] Sending sample transaction 716
[2026-09-10T00:02:54.775Z INFO  benchmark_client] Sending sample transaction 717
[2026-09-10T00:02:54.822Z INFO  benchmark_client] Sending sample transaction 718
[2026-09-10T00:02:54.872Z INFO  benchmark_client] Sending sample transaction 719
[2026-09-10T00:02:54.922Z INFO  benchmark_client] Sending sample transaction 720
[2026-09-10T00:02:54.974Z INFO  benchmark_client] Sending sample transaction 721
[2026-09-10T00:02:55.022Z INFO  benchmark_client] Sending sample transaction 722
[2026-09-10T00:02:55.072Z INFO  benchmark_client] Sending sample transaction 723
[2026-09-10T00:02:55.122Z INFO  benchmark_client] Sending sample transaction 724
[2026-09-10T00:02:55.172Z INFO  benchmark_client] Sending sample transaction 725
[2026-09-10T00:02:55.223Z INFO  benchmark_client] Sending sample transaction 726
[2026-09-10T00:02:55.273Z INFO  benchmark_client] Sending sample transaction 727
[2026-09-10T00:02:55.324Z INFO  benchmark_client] Sending sample transaction 728
[2026-09-10T00:02:55.373Z INFO  benchmark_client] Sending sample transaction 729
[2026-09-10T00:02:55.422Z INFO  benchmark_client] Sending sample transaction 730
[2026-09-10T00:02:55.472Z INFO  benchmark_client] Sending sample transaction 731
[2026-09-10T00:02:55.523Z INFO  benchmark_client] Sending sample transaction 732
[2026-09-10T00:02:55.572Z INFO  benchmark_client] Sending sample transaction 733
[2026-09-10T00:02:55.625Z INFO  benchmark_client] Sending sample transaction 734
[2026-09-10T00:02:55.673Z INFO  benchmark_client] Sending sample transaction 735
[2026-09-10T00:02:55.722Z INFO  benchmark_client] Sending sample transaction 736
[2026-09-10T00:02:55.773Z INFO  benchmark_client] Sending sample transaction 737
[2026-09-10T00:02:55.825Z INFO  benchmark_client] Sending sample transaction 738
[2026-09-10T00:02:55.872Z INFO  benchmark_client] Sending sample transaction 739
[2026-09-10T00:02:55.922Z INFO  benchmark_client] Sending sample transaction 740
[2026-09-10T00:02:55.972Z INFO  benchmark_client] Sending sample transaction 741
[2026-09-10T00:02:56.025Z INFO  benchmark_client] Sending sample transaction 742
[2026-09-10T00:02:56.074Z INFO  benchmark_client] Sending sample transaction 743
[2026-09-10T00:02:56.125Z INFO  benchmark_client] Sending sample transaction 744
[2026-09-10T00:02:56.173Z INFO  benchmark_client] Sending sample transaction 745
[2026-09-10T00:02:56.222Z INFO  benchmark_client] Sending sample transaction 746
[2026-09-10T00:02:56.274Z INFO  benchmark_client] Sending sample transaction 747
[2026-09-10T00:02:56.324Z INFO  benchmark_client] Sending sample transaction 748
[2026-09-10T00:02:56.372Z INFO  benchmark_client] Sending sample transaction 749
[2026-09-10T00:02:56.423Z INFO  benchmark_client] Sending sample transaction 750
[2026-09-10T00:02:56.473Z INFO  benchmark_client] Sending sample transaction 751
[2026-09-10T00:02:56.522Z INFO  benchmark_client] Sending sample transaction 752
[2026-09-10T00:02:56.573Z INFO  benchmark_client] Sending sample transaction 753
[2026-09-10T00:02:56.622Z INFO  benchmark_client] Sending sample transaction 754
[2026-09-10T00:02:56.672Z INFO  benchmark_client] Sending sample transaction 755
[2026-09-10T00:02:56.722Z INFO  benchmark_client] Sending sample transaction 756
[2026-09-10T00:02:56.777Z INFO  benchmark_client] Sending sample transaction 757
[2026-09-10T00:02:56.822Z INFO  benchmark_client] Sending sample transaction 758
[2026-09-10T00:02:56.873Z INFO  benchmark_client] Sending sample transaction 759
[2026-09-10T00:02:56.925Z INFO  benchmark_client] Sending sample transaction 760
[2026-09-10T00:02:56.972Z INFO  benchmark_client] Sending sample transaction 761
[2026-09-10T00:02:57.023Z INFO  benchmark_client] Sending sample transaction 762
[2026-09-10T00:02:57.073Z INFO  benchmark_client] Sending sample transaction 763
[2026-09-10T00:02:57.122Z INFO  benchmark_client] Sending sample transaction 764
[2026-09-10T00:02:57.173Z INFO  benchmark_client] Sending sample transaction 765
[2026-09-10T00:02:57.222Z INFO  benchmark_client] Sending sample transaction 766
[2026-09-10T00:02:57.272Z INFO  benchmark_client] Sending sample transaction 767
[2026-09-10T00:02:57.322Z INFO  benchmark_client] Sending sample transaction 768
[2026-09-10T00:02:57.372Z INFO  benchmark_client] Sending sample transaction 769
[2026-09-10T00:02:57.422Z INFO  benchmark_client] Sending sample transaction 770
[2026-09-10T00:02:57.472Z INFO  benchmark_client] Sending sample transaction 771
[2026-09-10T00:02:57.522Z INFO  benchmark_client] Sending sample transaction 772
[2026-09-10T00:02:57.573Z INFO  benchmark_client] Sending sample transaction 773
[2026-09-10T00:02:57.622Z INFO  benchmark_client] Sending sample transaction 774
[2026-09-10T00:02:57.672Z INFO  benchmark_client] Sending sample transaction 775
[2026-09-10T00:02:57.725Z INFO  benchmark_client] Sending sample transaction 776
[2026-09-10T00:02:57.772Z INFO  benchmark_client] Sending sample transaction 777
[2026-09-10T00:02:57.822Z INFO  benchmark_client] Sending sample transaction 778
[2026-09-10T00:02:57.874Z INFO  benchmark_client] Sending sample transaction 779
[2026-09-10T00:02:57.922Z INFO  benchmark_client] Sending sample transaction 780
[2026-09-10T00:02:57.972Z INFO  benchmark_client] Sending sample transaction 781
[2026-09-10T00:02:58.026Z INFO  benchmark_client] Sending sample transaction 782
[2026-09-10T00:02:58.073Z INFO  benchmark_client] Sending sample transaction 783
[2026-09-10T00:02:58.123Z INFO  benchmark_client] Sending sample transaction 784
[2026-09-10T00:02:58.172Z INFO  benchmark_client] Sending sample transaction 785
[2026-09-10T00:02:58.224Z INFO  benchmark_client] Sending sample transaction 786
[2026-09-10T00:02:58.272Z INFO  benchmark_client] Sending sample transaction 787
[2026-09-10T00:02:58.325Z INFO  benchmark_client] Sending sample transaction 788
[2026-09-10T00:02:58.374Z INFO  benchmark_client] Sending sample transaction 789
[2026-09-10T00:02:58.422Z INFO  benchmark_client] Sending sample transaction 790
[2026-09-10T00:02:58.475Z INFO  benchmark_client] Sending sample transaction 791
[2026-09-10T00:02:58.523Z INFO  benchmark_client] Sending sample transaction 792
[2026-09-10T00:02:58.572Z INFO  benchmark_client] Sending sample transaction 793
[2026-09-10T00:02:58.622Z INFO  benchmark_client] Sending sample transaction 794
[2026-09-10T00:02:58.672Z INFO  benchmark_client] Sending sample transaction 795
[2026-09-10T00:02:58.723Z INFO  benchmark_client] Sending sample transaction 796
[2026-09-10T00:02:58.772Z INFO  benchmark_client] Sending sample transaction 797
[2026-09-10T00:02:58.823Z INFO  benchmark_client] Sending sample transaction 798
[2026-09-10T00:02:58.872Z INFO  benchmark_client] Sending sample transaction 799
[2026-09-10T00:02:58.922Z INFO  benchmark_client] Sending sample transaction 800
[2026-09-10T00:02:58.974Z INFO  benchmark_client] Sending sample transaction 801
[2026-09-10T00:02:59.023Z INFO  benchmark_client] Sending sample transaction 802
[2026-09-10T00:02:59.072Z INFO  benchmark_client] Sending sample transaction 803
[2026-09-10T00:02:59.122Z INFO  benchmark_client] Sending sample transaction 804
[2026-09-10T00:02:59.172Z INFO  benchmark_client] Sending sample transaction 805
[2026-09-10T00:02:59.223Z INFO  benchmark_client] Sending sample transaction 806
[2026-09-10T00:02:59.275Z INFO  benchmark_client] Sending sample transaction 807
[2026-09-10T00:02:59.322Z INFO  benchmark_client] Sending sample transaction 808
[2026-09-10T00:02:59.373Z INFO  benchmark_client] Sending sample transaction 809
[2026-09-10T00:02:59.422Z INFO  benchmark_client] Sending sample transaction 810
[2026-09-10T00:02:59.473Z INFO  benchmark_client] Sending sample transaction 811
[2026-09-10T00:02:59.522Z INFO  benchmark_client] Sending sample transaction 812
[2026-09-10T00:02:59.573Z INFO  benchmark_client] Sending sample transaction 813
[2026-09-10T00:02:59.623Z INFO  benchmark_client] Sending sample transaction 814
[2026-09-10T00:02:59.673Z INFO  benchmark_client] Sending sample transaction 815
[2026-09-10T00:02:59.722Z INFO  benchmark_client] Sending sample transaction 816
[2026-09-10T00:02:59.774Z INFO  benchmark_client] Sending sample transaction 817
[2026-09-10T00:02:59.822Z INFO  benchmark_client] Sending sample transaction 818
[2026-09-10T00:02:59.875Z INFO  benchmark_client] Sending sample transaction 819
[2026-09-10T00:02:59.922Z INFO  benchmark_client] Sending sample transaction 820
[2026-09-10T00:02:59.973Z INFO  benchmark_client] Sending sample transaction 821
[2026-09-10T00:03:00.023Z INFO  benchmark_client] Sending sample transaction 822
[2026-09-10T00:03:00.073Z INFO  benchmark_client] Sending sample transaction 823
[2026-09-10T00:03:00.123Z INFO  benchmark_client] Sending sample transaction 824
[2026-09-10T00:03:00.174Z INFO  benchmark_client] Sending sample transaction 825
[2026-09-10T00:03:00.224Z INFO  benchmark_client] Sending sample transaction 826
[2026-09-10T00:03:00.272Z INFO  benchmark_client] Sending sample transaction 827
[2026-09-10T00:03:00.322Z INFO  benchmark_client] Sending sample transaction 828
[2026-09-10T00:03:00.373Z INFO  benchmark_client] Sending sample transaction 829
[2026-09-10T00:03:00.423Z INFO  benchmark_client] Sending sample transaction 830
[2026-09-10T00:03:00.472Z INFO  benchmark_client] Sending sample transaction 831
[2026-09-10T00:03:00.523Z INFO  benchmark_client] Sending sample transaction 832
[2026-09-10T00:03:00.573Z INFO  benchmark_client] Sending sample transaction 833
[2026-09-10T00:03:00.623Z INFO  benchmark_client] Sending sample transaction 834
[2026-09-10T00:03:00.672Z INFO  benchmark_client] Sending sample transaction 835
[2026-09-10T00:03:00.723Z INFO  benchmark_client] Sending sample transaction 836
[2026-09-10T00:03:00.772Z INFO  benchmark_client] Sending sample transaction 837
[2026-09-10T00:03:00.824Z INFO  benchmark_client] Sending sample transaction 838
[2026-09-10T00:03:00.872Z INFO  benchmark_client] Sending sample transaction 839
[2026-09-10T00:03:00.923Z INFO  benchmark_client] Sending sample transaction 840
[2026-09-10T00:03:00.974Z INFO  benchmark_client] Sending sample transaction 841
[2026-09-10T00:03:01.022Z INFO  benchmark_client] Sending sample transaction 842
[2026-09-10T00:03:01.073Z INFO  benchmark_client] Sending sample transaction 843
[2026-09-10T00:03:01.123Z INFO  benchmark_client] Sending sample transaction 844
[2026-09-10T00:03:01.176Z INFO  benchmark_client] Sending sample transaction 845
[2026-09-10T00:03:01.224Z INFO  benchmark_client] Sending sample transaction 846
[2026-09-10T00:03:01.274Z INFO  benchmark_client] Sending sample transaction 847
[2026-09-10T00:03:01.322Z INFO  benchmark_client] Sending sample transaction 848
[2026-09-10T00:03:01.374Z INFO  benchmark_client] Sending sample transaction 849
[2026-09-10T00:03:01.422Z INFO  benchmark_client] Sending sample transaction 850
[2026-09-10T00:03:01.473Z INFO  benchmark_client] Sending sample transaction 851
[2026-09-10T00:03:01.522Z INFO  benchmark_client] Sending sample transaction 852
[2026-09-10T00:03:01.573Z INFO  benchmark_client] Sending sample transaction 853
[2026-09-10T00:03:01.622Z INFO  benchmark_client] Sending sample transaction 854
[2026-09-10T00:03:01.673Z INFO  benchmark_client] Sending sample transaction 855
[2026-09-10T00:03:01.723Z INFO  benchmark_client] Sending sample transaction 856
[2026-09-10T00:03:01.773Z INFO  benchmark_client] Sending sample transaction 857
[2026-09-10T00:03:01.823Z INFO  benchmark_client] Sending sample transaction 858
[2026-09-10T00:03:01.875Z INFO  benchmark_client] Sending sample transaction 859
[2026-09-10T00:03:01.922Z INFO  benchmark_client] Sending sample transaction 860
[2026-09-10T00:03:01.972Z INFO  benchmark_client] Sending sample transaction 861
[2026-09-10T00:03:02.023Z INFO  benchmark_client] Sending sample transaction 862
[2026-09-10T00:03:02.072Z INFO  benchmark_client] Sending sample transaction 863
[2026-09-10T00:03:02.125Z INFO  benchmark_client] Sending sample transaction 864
[2026-09-10T00:03:02.173Z INFO  benchmark_client] Sending sample transaction 865
[2026-09-10T00:03:02.223Z INFO  benchmark_client] Sending sample transaction 866
[2026-09-10T00:03:02.272Z INFO  benchmark_client] Sending sample transaction 867
[2026-09-10T00:03:02.322Z INFO  benchmark_client] Sending sample transaction 868
[2026-09-10T00:03:02.372Z INFO  benchmark_client] Sending sample transaction 869
[2026-09-10T00:03:02.423Z INFO  benchmark_client] Sending sample transaction 870
[2026-09-10T00:03:02.473Z INFO  benchmark_client] Sending sample transaction 871
[2026-09-10T00:03:02.522Z INFO  benchmark_client] Sending sample transaction 872
[2026-09-10T00:03:02.574Z INFO  benchmark_client] Sending sample transaction 873
[2026-09-10T00:03:02.624Z INFO  benchmark_client] Sending sample transaction 874
[2026-09-10T00:03:02.674Z INFO  benchmark_client] Sending sample transaction 875
[2026-09-10T00:03:02.722Z INFO  benchmark_client] Sending sample transaction 876
[2026-09-10T00:03:02.773Z INFO  benchmark_client] Sending sample transaction 877
[2026-09-10T00:03:02.824Z INFO  benchmark_client] Sending sample transaction 878
[2026-09-10T00:03:02.872Z INFO  benchmark_client] Sending sample transaction 879
[2026-09-10T00:03:02.924Z INFO  benchmark_client] Sending sample transaction 880
[2026-09-10T00:03:02.973Z INFO  benchmark_client] Sending sample transaction 881
[2026-09-10T00:03:03.024Z INFO  benchmark_client] Sending sample transaction 882
[2026-09-10T00:03:03.072Z INFO  benchmark_client] Sending sample transaction 883
[2026-09-10T00:03:03.123Z INFO  benchmark_client] Sending sample transaction 884
[2026-09-10T00:03:03.173Z INFO  benchmark_client] Sending sample transaction 885
[2026-09-10T00:03:03.223Z INFO  benchmark_client] Sending sample transaction 886
[2026-09-10T00:03:03.276Z INFO  benchmark_client] Sending sample transaction 887
[2026-09-10T00:03:03.322Z INFO  benchmark_client] Sending sample transaction 888
[2026-09-10T00:03:03.374Z INFO  benchmark_client] Sending sample transaction 889
[2026-09-10T00:03:03.423Z INFO  benchmark_client] Sending sample transaction 890
[2026-09-10T00:03:03.473Z INFO  benchmark_client] Sending sample transaction 891
[2026-09-10T00:03:03.522Z INFO  benchmark_client] Sending sample transaction 892
[2026-09-10T00:03:03.572Z INFO  benchmark_client] Sending sample transaction 893
[2026-09-10T00:03:03.622Z INFO  benchmark_client] Sending sample transaction 894
[2026-09-10T00:03:03.673Z INFO  benchmark_client] Sending sample transaction 895
[2026-09-10T00:03:03.724Z INFO  benchmark_client] Sending sample transaction 896
[2026-09-10T00:03:03.775Z INFO  benchmark_client] Sending sample transaction 897
[2026-09-10T00:03:03.822Z INFO  benchmark_client] Sending sample transaction 898
[2026-09-10T00:03:03.872Z INFO  benchmark_client] Sending sample transaction 899
[2026-09-10T00:03:03.923Z INFO  benchmark_client] Sending sample transaction 900
[2026-09-10T00:03:03.973Z INFO  benchmark_client] Sending sample transaction 901
[2026-09-10T00:03:04.023Z INFO  benchmark_client] Sending sample transaction 902
[2026-09-10T00:03:04.072Z INFO  benchmark_client] Sending sample transaction 903
[2026-09-10T00:03:04.123Z INFO  benchmark_client] Sending sample transaction 904
[2026-09-10T00:03:04.174Z INFO  benchmark_client] Sending sample transaction 905
[2026-09-10T00:03:04.223Z INFO  benchmark_client] Sending sample transaction 906
[2026-09-10T00:03:04.274Z INFO  benchmark_client] Sending sample transaction 907
[2026-09-10T00:03:04.324Z INFO  benchmark_client] Sending sample transaction 908
[2026-09-10T00:03:04.373Z INFO  benchmark_client] Sending sample transaction 909
[2026-09-10T00:03:04.423Z INFO  benchmark_client] Sending sample transaction 910
[2026-09-10T00:03:04.473Z INFO  benchmark_client] Sending sample transaction 911
[2026-09-10T00:03:04.523Z INFO  benchmark_client] Sending sample transaction 912
[2026-09-10T00:03:04.572Z INFO  benchmark_client] Sending sample transaction 913
[2026-09-10T00:03:04.622Z INFO  benchmark_client] Sending sample transaction 914
[2026-09-10T00:03:04.673Z INFO  benchmark_client] Sending sample transaction 915
[2026-09-10T00:03:04.727Z INFO  benchmark_client] Sending sample transaction 916
[2026-09-10T00:03:04.772Z INFO  benchmark_client] Sending sample transaction 917
[2026-09-10T00:03:04.823Z INFO  benchmark_client] Sending sample transaction 918
[2026-09-10T00:03:04.874Z INFO  benchmark_client] Sending sample transaction 919
[2026-09-10T00:03:04.922Z INFO  benchmark_client] Sending sample transaction 920
[2026-09-10T00:03:04.973Z INFO  benchmark_client] Sending sample transaction 921
[2026-09-10T00:03:05.022Z INFO  benchmark_client] Sending sample transaction 922
[2026-09-10T00:03:05.072Z INFO  benchmark_client] Sending sample transaction 923
[2026-09-10T00:03:05.124Z INFO  benchmark_client] Sending sample transaction 924
[2026-09-10T00:03:05.173Z INFO  benchmark_client] Sending sample transaction 925
[2026-09-10T00:03:05.222Z INFO  benchmark_client] Sending sample transaction 926
[2026-09-10T00:03:05.273Z INFO  benchmark_client] Sending sample transaction 927
[2026-09-10T00:03:05.323Z INFO  benchmark_client] Sending sample transaction 928
[2026-09-10T00:03:05.375Z INFO  benchmark_client] Sending sample transaction 929
[2026-09-10T00:03:05.424Z INFO  benchmark_client] Sending sample transaction 930
[2026-09-10T00:03:05.474Z INFO  benchmark_client] Sending sample transaction 931
[2026-09-10T00:03:05.523Z INFO  benchmark_client] Sending sample transaction 932
[2026-09-10T00:03:05.573Z INFO  benchmark_client] Sending sample transaction 933
[2026-09-10T00:03:05.623Z INFO  benchmark_client] Sending sample transaction 934
[2026-09-10T00:03:05.673Z INFO  benchmark_client] Sending sample transaction 935
[2026-09-10T00:03:05.722Z INFO  benchmark_client] Sending sample transaction 936
[2026-09-10T00:03:05.773Z INFO  benchmark_client] Sending sample transaction 937
[2026-09-10T00:03:05.823Z INFO  benchmark_client] Sending sample transaction 938
[2026-09-10T00:03:05.873Z INFO  benchmark_client] Sending sample transaction 939
[2026-09-10T00:03:05.923Z INFO  benchmark_client] Sending sample transaction 940
[2026-09-10T00:03:05.973Z INFO  benchmark_client] Sending sample transaction 941
[2026-09-10T00:03:06.023Z INFO  benchmark_client] Sending sample transaction 942
[2026-09-10T00:03:06.073Z INFO  benchmark_client] Sending sample transaction 943
[2026-09-10T00:03:06.122Z INFO  benchmark_client] Sending sample transaction 944
[2026-09-10T00:03:06.174Z INFO  benchmark_client] Sending sample transaction 945
[2026-09-10T00:03:06.222Z INFO  benchmark_client] Sending sample transaction 946
[2026-09-10T00:03:06.273Z INFO  benchmark_client] Sending sample transaction 947
[2026-09-10T00:03:06.323Z INFO  benchmark_client] Sending sample transaction 948
[2026-09-10T00:03:06.373Z INFO  benchmark_client] Sending sample transaction 949
[2026-09-10T00:03:06.422Z INFO  benchmark_client] Sending sample transaction 950
[2026-09-10T00:03:06.473Z INFO  benchmark_client] Sending sample transaction 951
[2026-09-10T00:03:06.523Z INFO  benchmark_client] Sending sample transaction 952
[2026-09-10T00:03:06.575Z INFO  benchmark_client] Sending sample transaction 953
[2026-09-10T00:03:06.623Z INFO  benchmark_client] Sending sample transaction 954
[2026-09-10T00:03:06.675Z INFO  benchmark_client] Sending sample transaction 955
[2026-09-10T00:03:06.722Z INFO  benchmark_client] Sending sample transaction 956
[2026-09-10T00:03:06.774Z INFO  benchmark_client] Sending sample transaction 957
[2026-09-10T00:03:06.826Z INFO  benchmark_client] Sending sample transaction 958
[2026-09-10T00:03:06.873Z INFO  benchmark_client] Sending sample transaction 959
[2026-09-10T00:03:06.923Z INFO  benchmark_client] Sending sample transaction 960
[2026-09-10T00:03:06.973Z INFO  benchmark_client] Sending sample transaction 961
[2026-09-10T00:03:07.025Z INFO  benchmark_client] Sending sample transaction 962
[2026-09-10T00:03:07.073Z INFO  benchmark_client] Sending sample transaction 963
[2026-09-10T00:03:07.123Z INFO  benchmark_client] Sending sample transaction 964
[2026-09-10T00:03:07.175Z INFO  benchmark_client] Sending sample transaction 965
[2026-09-10T00:03:07.223Z INFO  benchmark_client] Sending sample transaction 966
[2026-09-10T00:03:07.275Z INFO  benchmark_client] Sending sample transaction 967
[2026-09-10T00:03:07.327Z INFO  benchmark_client] Sending sample transaction 968
[2026-09-10T00:03:07.373Z INFO  benchmark_client] Sending sample transaction 969
[2026-09-10T00:03:07.429Z INFO  benchmark_client] Sending sample transaction 970
[2026-09-10T00:03:07.473Z INFO  benchmark_client] Sending sample transaction 971
[2026-09-10T00:03:07.526Z INFO  benchmark_client] Sending sample transaction 972
[2026-09-10T00:03:07.572Z INFO  benchmark_client] Sending sample transaction 973
[2026-09-10T00:03:07.623Z INFO  benchmark_client] Sending sample transaction 974
[2026-09-10T00:03:07.673Z INFO  benchmark_client] Sending sample transaction 975
[2026-09-10T00:03:07.724Z INFO  benchmark_client] Sending sample transaction 976
[2026-09-10T00:03:07.774Z INFO  benchmark_client] Sending sample transaction 977
[2026-09-10T00:03:07.823Z INFO  benchmark_client] Sending sample transaction 978
[2026-09-10T00:03:07.873Z INFO  benchmark_client] Sending sample transaction 979
[2026-09-10T00:03:07.923Z INFO  benchmark_client] Sending sample transaction 980
[2026-09-10T00:03:07.972Z INFO  benchmark_client] Sending sample transaction 981
[2026-09-10T00:03:08.023Z INFO  benchmark_client] Sending sample transaction 982
[2026-09-10T00:03:08.075Z INFO  benchmark_client] Sending sample transaction 983
[2026-09-10T00:03:08.123Z INFO  benchmark_client] Sending sample transaction 984
[2026-09-10T00:03:08.173Z INFO  benchmark_client] Sending sample transaction 985
[2026-09-10T00:03:08.223Z INFO  benchmark_client] Sending sample transaction 986
[2026-09-10T00:03:08.273Z INFO  benchmark_client] Sending sample transaction 987
[2026-09-10T00:03:08.323Z INFO  benchmark_client] Sending sample transaction 988
[2026-09-10T00:03:08.373Z INFO  benchmark_client] Sending sample transaction 989
[2026-09-10T00:03:08.423Z INFO  benchmark_client] Sending sample transaction 990
[2026-09-10T00:03:08.475Z INFO  benchmark_client] Sending sample transaction 991
[2026-09-10T00:03:08.525Z INFO  benchmark_client] Sending sample transaction 992
[2026-09-10T00:03:08.573Z INFO  benchmark_client] Sending sample transaction 993
[2026-09-10T00:03:08.623Z INFO  benchmark_client] Sending sample transaction 994
[2026-09-10T00:03:08.674Z INFO  benchmark_client] Sending sample transaction 995
[2026-09-10T00:03:08.723Z INFO  benchmark_client] Sending sample transaction 996
[2026-09-10T00:03:08.777Z INFO  benchmark_client] Sending sample transaction 997
[2026-09-10T00:03:08.823Z INFO  benchmark_client] Sending sample transaction 998
[2026-09-10T00:03:08.875Z INFO  benchmark_client] Sending sample transaction 999
[2026-09-10T00:03:08.923Z INFO  benchmark_client] Sending sample transaction 1000
[2026-09-10T00:03:08.976Z INFO  benchmark_client] Sending sample transaction 1001
[2026-09-10T00:03:09.023Z INFO  benchmark_client] Sending sample transaction 1002
[2026-09-10T00:03:09.073Z INFO  benchmark_client] Sending sample transaction 1003
[2026-09-10T00:03:09.123Z INFO  benchmark_client] Sending sample transaction 1004
[2026-09-10T00:03:09.173Z INFO  benchmark_client] Sending sample transaction 1005
[2026-09-10T00:03:09.224Z INFO  benchmark_client] Sending sample transaction 1006
[2026-09-10T00:03:09.273Z INFO  benchmark_client] Sending sample transaction 1007
[2026-09-10T00:03:09.324Z INFO  benchmark_client] Sending sample transaction 1008
[2026-09-10T00:03:09.373Z INFO  benchmark_client] Sending sample transaction 1009
[2026-09-10T00:03:09.423Z INFO  benchmark_client] Sending sample transaction 1010
[2026-09-10T00:03:09.474Z INFO  benchmark_client] Sending sample transaction 1011
[2026-09-10T00:03:09.523Z INFO  benchmark_client] Sending sample transaction 1012
[2026-09-10T00:03:09.573Z INFO  benchmark_client] Sending sample transaction 1013
[2026-09-10T00:03:09.623Z INFO  benchmark_client] Sending sample transaction 1014
[2026-09-10T00:03:09.673Z INFO  benchmark_client] Sending sample transaction 1015
[2026-09-10T00:03:09.723Z INFO  benchmark_client] Sending sample transaction 1016
[2026-09-10T00:03:09.776Z INFO  benchmark_client] Sending sample transaction 1017
[2026-09-10T00:03:09.824Z INFO  benchmark_client] Sending sample transaction 1018
[2026-09-10T00:03:09.874Z INFO  benchmark_client] Sending sample transaction 1019
[2026-09-10T00:03:09.923Z INFO  benchmark_client] Sending sample transaction 1020
[2026-09-10T00:03:09.974Z INFO  benchmark_client] Sending sample transaction 1021
[2026-09-10T00:03:10.024Z INFO  benchmark_client] Sending sample transaction 1022
[2026-09-10T00:03:10.074Z INFO  benchmark_client] Sending sample transaction 1023
[2026-09-10T00:03:10.127Z INFO  benchmark_client] Sending sample transaction 1024
[2026-09-10T00:03:10.173Z INFO  benchmark_client] Sending sample transaction 1025
[2026-09-10T00:03:10.223Z INFO  benchmark_client] Sending sample transaction 1026
[2026-09-10T00:03:10.275Z INFO  benchmark_client] Sending sample transaction 1027
[2026-09-10T00:03:10.323Z INFO  benchmark_client] Sending sample transaction 1028
[2026-09-10T00:03:10.373Z INFO  benchmark_client] Sending sample transaction 1029
[2026-09-10T00:03:10.423Z INFO  benchmark_client] Sending sample transaction 1030
[2026-09-10T00:03:10.473Z INFO  benchmark_client] Sending sample transaction 1031
[2026-09-10T00:03:10.523Z INFO  benchmark_client] Sending sample transaction 1032
[2026-09-10T00:03:10.575Z INFO  benchmark_client] Sending sample transaction 1033
[2026-09-10T00:03:10.623Z INFO  benchmark_client] Sending sample transaction 1034
[2026-09-10T00:03:10.673Z INFO  benchmark_client] Sending sample transaction 1035
[2026-09-10T00:03:10.723Z INFO  benchmark_client] Sending sample transaction 1036
[2026-09-10T00:03:10.773Z INFO  benchmark_client] Sending sample transaction 1037
[2026-09-10T00:03:10.823Z INFO  benchmark_client] Sending sample transaction 1038
[2026-09-10T00:03:10.873Z INFO  benchmark_client] Sending sample transaction 1039
[2026-09-10T00:03:10.923Z INFO  benchmark_client] Sending sample transaction 1040
[2026-09-10T00:03:10.973Z INFO  benchmark_client] Sending sample transaction 1041
[2026-09-10T00:03:11.023Z INFO  benchmark_client] Sending sample transaction 1042
[2026-09-10T00:03:11.073Z INFO  benchmark_client] Sending sample transaction 1043
[2026-09-10T00:03:11.123Z INFO  benchmark_client] Sending sample transaction 1044
[2026-09-10T00:03:11.175Z INFO  benchmark_client] Sending sample transaction 1045
[2026-09-10T00:03:11.225Z INFO  benchmark_client] Sending sample transaction 1046
[2026-09-10T00:03:11.273Z INFO  benchmark_client] Sending sample transaction 1047
[2026-09-10T00:03:11.327Z INFO  benchmark_client] Sending sample transaction 1048
[2026-09-10T00:03:11.373Z INFO  benchmark_client] Sending sample transaction 1049
[2026-09-10T00:03:11.423Z INFO  benchmark_client] Sending sample transaction 1050
[2026-09-10T00:03:11.473Z INFO  benchmark_client] Sending sample transaction 1051
[2026-09-10T00:03:11.523Z INFO  benchmark_client] Sending sample transaction 1052
[2026-09-10T00:03:11.573Z INFO  benchmark_client] Sending sample transaction 1053
[2026-09-10T00:03:11.623Z INFO  benchmark_client] Sending sample transaction 1054
[2026-09-10T00:03:11.673Z INFO  benchmark_client] Sending sample transaction 1055
[2026-09-10T00:03:11.726Z INFO  benchmark_client] Sending sample transaction 1056
[2026-09-10T00:03:11.776Z INFO  benchmark_client] Sending sample transaction 1057
[2026-09-10T00:03:11.824Z INFO  benchmark_client] Sending sample transaction 1058
[2026-09-10T00:03:11.876Z INFO  benchmark_client] Sending sample transaction 1059
[2026-09-10T00:03:11.923Z INFO  benchmark_client] Sending sample transaction 1060
[2026-09-10T00:03:11.973Z INFO  benchmark_client] Sending sample transaction 1061
[2026-09-10T00:03:12.023Z INFO  benchmark_client] Sending sample transaction 1062
[2026-09-10T00:03:12.073Z INFO  benchmark_client] Sending sample transaction 1063
[2026-09-10T00:03:12.123Z INFO  benchmark_client] Sending sample transaction 1064
[2026-09-10T00:03:12.173Z INFO  benchmark_client] Sending sample transaction 1065
[2026-09-10T00:03:12.223Z INFO  benchmark_client] Sending sample transaction 1066
[2026-09-10T00:03:12.274Z INFO  benchmark_client] Sending sample transaction 1067
[2026-09-10T00:03:12.326Z INFO  benchmark_client] Sending sample transaction 1068
[2026-09-10T00:03:12.373Z INFO  benchmark_client] Sending sample transaction 1069
[2026-09-10T00:03:12.424Z INFO  benchmark_client] Sending sample transaction 1070
[2026-09-10T00:03:12.474Z INFO  benchmark_client] Sending sample transaction 1071
[2026-09-10T00:03:12.526Z INFO  benchmark_client] Sending sample transaction 1072
[2026-09-10T00:03:12.573Z INFO  benchmark_client] Sending sample transaction 1073
[2026-09-10T00:03:12.623Z INFO  benchmark_client] Sending sample transaction 1074
[2026-09-10T00:03:12.675Z INFO  benchmark_client] Sending sample transaction 1075
[2026-09-10T00:03:12.723Z INFO  benchmark_client] Sending sample transaction 1076
[2026-09-10T00:03:12.779Z INFO  benchmark_client] Sending sample transaction 1077
[2026-09-10T00:03:12.823Z INFO  benchmark_client] Sending sample transaction 1078
[2026-09-10T00:03:12.873Z INFO  benchmark_client] Sending sample transaction 1079
[2026-09-10T00:03:12.923Z INFO  benchmark_client] Sending sample transaction 1080
[2026-09-10T00:03:12.974Z INFO  benchmark_client] Sending sample transaction 1081
[2026-09-10T00:03:13.029Z INFO  benchmark_client] Sending sample transaction 1082
[2026-09-10T00:03:13.073Z INFO  benchmark_client] Sending sample transaction 1083
[2026-09-10T00:03:13.123Z INFO  benchmark_client] Sending sample transaction 1084
[2026-09-10T00:03:13.173Z INFO  benchmark_client] Sending sample transaction 1085
[2026-09-10T00:03:13.225Z INFO  benchmark_client] Sending sample transaction 1086
[2026-09-10T00:03:13.276Z INFO  benchmark_client] Sending sample transaction 1087
[2026-09-10T00:03:13.326Z INFO  benchmark_client] Sending sample transaction 1088
[2026-09-10T00:03:13.373Z INFO  benchmark_client] Sending sample transaction 1089
[2026-09-10T00:03:13.423Z INFO  benchmark_client] Sending sample transaction 1090
[2026-09-10T00:03:13.473Z INFO  benchmark_client] Sending sample transaction 1091
[2026-09-10T00:03:13.523Z INFO  benchmark_client] Sending sample transaction 1092
[2026-09-10T00:03:13.573Z INFO  benchmark_client] Sending sample transaction 1093
[2026-09-10T00:03:13.623Z INFO  benchmark_client] Sending sample transaction 1094
[2026-09-10T00:03:13.673Z INFO  benchmark_client] Sending sample transaction 1095
[2026-09-10T00:03:13.723Z INFO  benchmark_client] Sending sample transaction 1096
[2026-09-10T00:03:13.775Z INFO  benchmark_client] Sending sample transaction 1097
[2026-09-10T00:03:13.823Z INFO  benchmark_client] Sending sample transaction 1098
[2026-09-10T00:03:13.873Z INFO  benchmark_client] Sending sample transaction 1099
[2026-09-10T00:03:13.923Z INFO  benchmark_client] Sending sample transaction 1100
[2026-09-10T00:03:13.973Z INFO  benchmark_client] Sending sample transaction 1101
[2026-09-10T00:03:14.023Z INFO  benchmark_client] Sending sample transaction 1102
[2026-09-10T00:03:14.073Z INFO  benchmark_client] Sending sample transaction 1103
[2026-09-10T00:03:14.123Z INFO  benchmark_client] Sending sample transaction 1104
[2026-09-10T00:03:14.173Z INFO  benchmark_client] Sending sample transaction 1105
[2026-09-10T00:03:14.223Z INFO  benchmark_client] Sending sample transaction 1106
[2026-09-10T00:03:14.273Z INFO  benchmark_client] Sending sample transaction 1107
[2026-09-10T00:03:14.323Z INFO  benchmark_client] Sending sample transaction 1108
[2026-09-10T00:03:14.377Z INFO  benchmark_client] Sending sample transaction 1109
[2026-09-10T00:03:14.423Z INFO  benchmark_client] Sending sample transaction 1110
[2026-09-10T00:03:14.476Z INFO  benchmark_client] Sending sample transaction 1111
[2026-09-10T00:03:14.524Z INFO  benchmark_client] Sending sample transaction 1112
[2026-09-10T00:03:14.573Z INFO  benchmark_client] Sending sample transaction 1113
[2026-09-10T00:03:14.624Z INFO  benchmark_client] Sending sample transaction 1114
[2026-09-10T00:03:14.673Z INFO  benchmark_client] Sending sample transaction 1115
[2026-09-10T00:03:14.723Z INFO  benchmark_client] Sending sample transaction 1116
[2026-09-10T00:03:14.773Z INFO  benchmark_client] Sending sample transaction 1117
[2026-09-10T00:03:14.824Z INFO  benchmark_client] Sending sample transaction 1118
[2026-09-10T00:03:14.873Z INFO  benchmark_client] Sending sample transaction 1119
[2026-09-10T00:03:14.930Z INFO  benchmark_client] Sending sample transaction 1120
[2026-09-10T00:03:14.973Z INFO  benchmark_client] Sending sample transaction 1121
[2026-09-10T00:03:15.025Z INFO  benchmark_client] Sending sample transaction 1122
[2026-09-10T00:03:15.073Z INFO  benchmark_client] Sending sample transaction 1123
[2026-09-10T00:03:15.123Z INFO  benchmark_client] Sending sample transaction 1124
[2026-09-10T00:03:15.174Z INFO  benchmark_client] Sending sample transaction 1125
[2026-09-10T00:03:15.223Z INFO  benchmark_client] Sending sample transaction 1126
[2026-09-10T00:03:15.273Z INFO  benchmark_client] Sending sample transaction 1127
[2026-09-10T00:03:15.323Z INFO  benchmark_client] Sending sample transaction 1128
[2026-09-10T00:03:15.375Z INFO  benchmark_client] Sending sample transaction 1129
[2026-09-10T00:03:15.423Z INFO  benchmark_client] Sending sample transaction 1130
[2026-09-10T00:03:15.473Z INFO  benchmark_client] Sending sample transaction 1131
[2026-09-10T00:03:15.523Z INFO  benchmark_client] Sending sample transaction 1132
[2026-09-10T00:03:15.574Z INFO  benchmark_client] Sending sample transaction 1133
[2026-09-10T00:03:15.624Z INFO  benchmark_client] Sending sample transaction 1134
[2026-09-10T00:03:15.673Z INFO  benchmark_client] Sending sample transaction 1135
[2026-09-10T00:03:15.725Z INFO  benchmark_client] Sending sample transaction 1136
[2026-09-10T00:03:15.773Z INFO  benchmark_client] Sending sample transaction 1137
[2026-09-10T00:03:15.823Z INFO  benchmark_client] Sending sample transaction 1138
[2026-09-10T00:03:15.874Z INFO  benchmark_client] Sending sample transaction 1139
[2026-09-10T00:03:15.923Z INFO  benchmark_client] Sending sample transaction 1140
[2026-09-10T00:03:15.975Z INFO  benchmark_client] Sending sample transaction 1141
[2026-09-10T00:03:16.023Z INFO  benchmark_client] Sending sample transaction 1142
[2026-09-10T00:03:16.073Z INFO  benchmark_client] Sending sample transaction 1143
[2026-09-10T00:03:16.123Z INFO  benchmark_client] Sending sample transaction 1144
[2026-09-10T00:03:16.175Z INFO  benchmark_client] Sending sample transaction 1145
[2026-09-10T00:03:16.225Z INFO  benchmark_client] Sending sample transaction 1146
[2026-09-10T00:03:16.273Z INFO  benchmark_client] Sending sample transaction 1147
[2026-09-10T00:03:16.325Z INFO  benchmark_client] Sending sample transaction 1148
[2026-09-10T00:03:16.373Z INFO  benchmark_client] Sending sample transaction 1149
[2026-09-10T00:03:16.424Z INFO  benchmark_client] Sending sample transaction 1150
[2026-09-10T00:03:16.475Z INFO  benchmark_client] Sending sample transaction 1151
[2026-09-10T00:03:16.524Z INFO  benchmark_client] Sending sample transaction 1152
[2026-09-10T00:03:16.573Z INFO  benchmark_client] Sending sample transaction 1153
[2026-09-10T00:03:16.623Z INFO  benchmark_client] Sending sample transaction 1154
[2026-09-10T00:03:16.673Z INFO  benchmark_client] Sending sample transaction 1155
[2026-09-10T00:03:16.723Z INFO  benchmark_client] Sending sample transaction 1156
[2026-09-10T00:03:16.773Z INFO  benchmark_client] Sending sample transaction 1157
[2026-09-10T00:03:16.823Z INFO  benchmark_client] Sending sample transaction 1158
[2026-09-10T00:03:16.873Z INFO  benchmark_client] Sending sample transaction 1159
[2026-09-10T00:03:16.926Z INFO  benchmark_client] Sending sample transaction 1160
[2026-09-10T00:03:16.973Z INFO  benchmark_client] Sending sample transaction 1161
[2026-09-10T00:03:17.024Z INFO  benchmark_client] Sending sample transaction 1162
[2026-09-10T00:03:17.077Z INFO  benchmark_client] Sending sample transaction 1163
[2026-09-10T00:03:17.123Z INFO  benchmark_client] Sending sample transaction 1164
[2026-09-10T00:03:17.174Z INFO  benchmark_client] Sending sample transaction 1165
[2026-09-10T00:03:17.223Z INFO  benchmark_client] Sending sample transaction 1166
[2026-09-10T00:03:17.273Z INFO  benchmark_client] Sending sample transaction 1167
[2026-09-10T00:03:17.323Z INFO  benchmark_client] Sending sample transaction 1168
[2026-09-10T00:03:17.374Z INFO  benchmark_client] Sending sample transaction 1169
[2026-09-10T00:03:17.424Z INFO  benchmark_client] Sending sample transaction 1170
[2026-09-10T00:03:17.473Z INFO  benchmark_client] Sending sample transaction 1171
[2026-09-10T00:03:17.525Z INFO  benchmark_client] Sending sample transaction 1172
[2026-09-10T00:03:17.576Z INFO  benchmark_client] Sending sample transaction 1173
[2026-09-10T00:03:17.623Z INFO  benchmark_client] Sending sample transaction 1174
[2026-09-10T00:03:17.673Z INFO  benchmark_client] Sending sample transaction 1175
[2026-09-10T00:03:17.723Z INFO  benchmark_client] Sending sample transaction 1176
[2026-09-10T00:03:17.773Z INFO  benchmark_client] Sending sample transaction 1177
[2026-09-10T00:03:17.823Z INFO  benchmark_client] Sending sample transaction 1178
[2026-09-10T00:03:17.873Z INFO  benchmark_client] Sending sample transaction 1179
[2026-09-10T00:03:17.926Z INFO  benchmark_client] Sending sample transaction 1180
[2026-09-10T00:03:17.973Z INFO  benchmark_client] Sending sample transaction 1181
[2026-09-10T00:03:18.023Z INFO  benchmark_client] Sending sample transaction 1182
[2026-09-10T00:03:18.073Z INFO  benchmark_client] Sending sample transaction 1183
[2026-09-10T00:03:18.123Z INFO  benchmark_client] Sending sample transaction 1184
[2026-09-10T00:03:18.173Z INFO  benchmark_client] Sending sample transaction 1185
[2026-09-10T00:03:18.223Z INFO  benchmark_client] Sending sample transaction 1186
[2026-09-10T00:03:18.275Z INFO  benchmark_client] Sending sample transaction 1187
[2026-09-10T00:03:18.323Z INFO  benchmark_client] Sending sample transaction 1188
[2026-09-10T00:03:18.375Z INFO  benchmark_client] Sending sample transaction 1189
[2026-09-10T00:03:18.423Z INFO  benchmark_client] Sending sample transaction 1190
[2026-09-10T00:03:18.474Z INFO  benchmark_client] Sending sample transaction 1191
[2026-09-10T00:03:18.525Z INFO  benchmark_client] Sending sample transaction 1192
[2026-09-10T00:03:18.573Z INFO  benchmark_client] Sending sample transaction 1193
