[2026-09-10T00:02:17.721Z INFO  benchmark_client] Node address: 8.231.142.195:5033
[2026-09-10T00:02:17.721Z INFO  benchmark_client] Transactions size: 512 B
[2026-09-10T00:02:17.721Z INFO  benchmark_client] Transactions rate: 12000 tx/s
[2026-09-10T00:02:17.721Z INFO  benchmark_client] Waiting for all nodes to be online...
[2026-09-10T00:02:17.881Z INFO  benchmark_client] Start sending transactions
[2026-09-10T00:02:17.882Z INFO  benchmark_client] Sending sample transaction 0
[2026-09-10T00:02:17.932Z INFO  benchmark_client] Sending sample transaction 1
[2026-09-10T00:02:17.983Z INFO  benchmark_client] Sending sample transaction 2
[2026-09-10T00:02:18.033Z INFO  benchmark_client] Sending sample transaction 3
[2026-09-10T00:02:18.082Z INFO  benchmark_client] Sending sample transaction 4
[2026-09-10T00:02:18.132Z INFO  benchmark_client] Sending sample transaction 5
[2026-09-10T00:02:18.183Z INFO  benchmark_client] Sending sample transaction 6
[2026-09-10T00:02:18.232Z INFO  benchmark_client] Sending sample transaction 7
[2026-09-10T00:02:18.282Z INFO  benchmark_client] Sending sample transaction 8
[2026-09-10T00:02:18.333Z INFO  benchmark_client] Sending sample transaction 9
[2026-09-10T00:02:18.382Z INFO  benchmark_client] Sending sample transaction 10
[2026-09-10T00:02:18.433Z INFO  benchmark_client] Sending sample transaction 11
[2026-09-10T00:02:18.483Z INFO  benchmark_client] Sending sample transaction 12
[2026-09-10T00:02:18.533Z INFO  benchmark_client] Sending sample transaction 13
[2026-09-10T00:02:18.583Z INFO  benchmark_client] Sending sample transaction 14
[2026-09-10T00:02:18.632Z INFO  benchmark_client] Sending sample transaction 15
[2026-09-10T00:02:18.683Z INFO  benchmark_client] Sending sample transaction 16
[2026-09-10T00:02:18.732Z INFO  benchmark_client] Sending sample transaction 17
[2026-09-10T00:02:18.782Z INFO  benchmark_client] Sending sample transaction 18
[2026-09-10T00:02:18.832Z INFO  benchmark_client] Sending sample transaction 19
[2026-09-10T00:02:18.882Z INFO  benchmark_client] Sending sample transaction 20
[2026-09-10T00:02:18.933Z INFO  benchmark_client] Sending sample transaction 21
[2026-09-10T00:02:18.983Z INFO  benchmark_client] Sending sample transaction 22
[2026-09-10T00:02:19.032Z INFO  benchmark_client] Sending sample transaction 23
[2026-09-10T00:02:19.084Z INFO  benchmark_client] Sending sample transaction 24
[2026-09-10T00:02:19.133Z INFO  benchmark_client] Sending sample transaction 25
[2026-09-10T00:02:19.182Z INFO  benchmark_client] Sending sample transaction 26
[2026-09-10T00:02:19.233Z INFO  benchmark_client] Sending sample transaction 27
[2026-09-10T00:02:19.282Z INFO  benchmark_client] Sending sample transaction 28
[2026-09-10T00:02:19.333Z INFO  benchmark_client] Sending sample transaction 29
[2026-09-10T00:02:19.382Z INFO  benchmark_client] Sending sample transaction 30
[2026-09-10T00:02:19.434Z INFO  benchmark_client] Sending sample transaction 31
[2026-09-10T00:02:19.483Z INFO  benchmark_client] Sending sample transaction 32
[2026-09-10T00:02:19.532Z INFO  benchmark_client] Sending sample transaction 33
[2026-09-10T00:02:19.582Z INFO  benchmark_client] Sending sample transaction 34
[2026-09-10T00:02:19.633Z INFO  benchmark_client] Sending sample transaction 35
[2026-09-10T00:02:19.682Z INFO  benchmark_client] Sending sample transaction 36
[2026-09-10T00:02:19.732Z INFO  benchmark_client] Sending sample transaction 37
[2026-09-10T00:02:19.783Z INFO  benchmark_client] Sending sample transaction 38
[2026-09-10T00:02:19.833Z INFO  benchmark_client] Sending sample transaction 39
[2026-09-10T00:02:19.882Z INFO  benchmark_client] Sending sample transaction 40
[2026-09-10T00:02:19.932Z INFO  benchmark_client] Sending sample transaction 41
[2026-09-10T00:02:19.982Z INFO  benchmark_client] Sending sample transaction 42
[2026-09-10T00:02:20.034Z INFO  benchmark_client] Sending sample transaction 43
[2026-09-10T00:02:20.083Z INFO  benchmark_client] Sending sample transaction 44
[2026-09-10T00:02:20.133Z INFO  benchmark_client] Sending sample transaction 45
[2026-09-10T00:02:20.183Z INFO  benchmark_client] Sending sample transaction 46
[2026-09-10T00:02:20.234Z INFO  benchmark_client] Sending sample transaction 47
[2026-09-10T00:02:20.282Z INFO  benchmark_client] Sending sample transaction 48
[2026-09-10T00:02:20.333Z INFO  benchmark_client] Sending sample transaction 49
[2026-09-10T00:02:20.383Z INFO  benchmark_client] Sending sample transaction 50
[2026-09-10T00:02:20.433Z INFO  benchmark_client] Sending sample transaction 51
[2026-09-10T00:02:20.484Z INFO  benchmark_client] Sending sample transaction 52
[2026-09-10T00:02:20.532Z INFO  benchmark_client] Sending sample transaction 53
[2026-09-10T00:02:20.583Z INFO  benchmark_client] Sending sample transaction 54
[2026-09-10T00:02:20.633Z INFO  benchmark_client] Sending sample transaction 55
[2026-09-10T00:02:20.683Z INFO  benchmark_client] Sending sample transaction 56
[2026-09-10T00:02:20.733Z INFO  benchmark_client] Sending sample transaction 57
[2026-09-10T00:02:20.783Z INFO  benchmark_client] Sending sample transaction 58
[2026-09-10T00:02:20.833Z INFO  benchmark_client] Sending sample transaction 59
[2026-09-10T00:02:20.884Z INFO  benchmark_client] Sending sample transaction 60
[2026-09-10T00:02:20.935Z INFO  benchmark_client] Sending sample transaction 61
[2026-09-10T00:02:20.983Z INFO  benchmark_client] Sending sample transaction 62
[2026-09-10T00:02:21.032Z INFO  benchmark_client] Sending sample transaction 63
[2026-09-10T00:02:21.082Z INFO  benchmark_client] Sending sample transaction 64
[2026-09-10T00:02:21.132Z INFO  benchmark_client] Sending sample transaction 65
[2026-09-10T00:02:21.182Z INFO  benchmark_client] Sending sample transaction 66
[2026-09-10T00:02:21.232Z INFO  benchmark_client] Sending sample transaction 67
[2026-09-10T00:02:21.282Z INFO  benchmark_client] Sending sample transaction 68
[2026-09-10T00:02:21.332Z INFO  benchmark_client] Sending sample transaction 69
[2026-09-10T00:02:21.382Z INFO  benchmark_client] Sending sample transaction 70
[2026-09-10T00:02:21.433Z INFO  benchmark_client] Sending sample transaction 71
[2026-09-10T00:02:21.483Z INFO  benchmark_client] Sending sample transaction 72
[2026-09-10T00:02:21.532Z INFO  benchmark_client] Sending sample transaction 73
[2026-09-10T00:02:21.582Z INFO  benchmark_client] Sending sample transaction 74
[2026-09-10T00:02:21.632Z INFO  benchmark_client] Sending sample transaction 75
[2026-09-10T00:02:21.682Z INFO  benchmark_client] Sending sample transaction 76
[2026-09-10T00:02:21.732Z INFO  benchmark_client] Sending sample transaction 77
[2026-09-10T00:02:21.782Z INFO  benchmark_client] Sending sample transaction 78
[2026-09-10T00:02:21.832Z INFO  benchmark_client] Sending sample transaction 79
[2026-09-10T00:02:21.882Z INFO  benchmark_client] Sending sample transaction 80
[2026-09-10T00:02:21.932Z INFO  benchmark_client] Sending sample transaction 81
[2026-09-10T00:02:21.983Z INFO  benchmark_client] Sending sample transaction 82
[2026-09-10T00:02:22.033Z INFO  benchmark_client] Sending sample transaction 83
[2026-09-10T00:02:22.083Z INFO  benchmark_client] Sending sample transaction 84
[2026-09-10T00:02:22.133Z INFO  benchmark_client] Sending sample transaction 85
[2026-09-10T00:02:22.185Z INFO  benchmark_client] Sending sample transaction 86
[2026-09-10T00:02:22.233Z INFO  benchmark_client] Sending sample transaction 87
[2026-09-10T00:02:22.283Z INFO  benchmark_client] Sending sample transaction 88
[2026-09-10T00:02:22.333Z INFO  benchmark_client] Sending sample transaction 89
[2026-09-10T00:02:22.383Z INFO  benchmark_client] Sending sample transaction 90
[2026-09-10T00:02:22.432Z INFO  benchmark_client] Sending sample transaction 91
[2026-09-10T00:02:22.483Z INFO  benchmark_client] Sending sample transaction 92
[2026-09-10T00:02:22.533Z INFO  benchmark_client] Sending sample transaction 93
[2026-09-10T00:02:22.583Z INFO  benchmark_client] Sending sample transaction 94
[2026-09-10T00:02:22.633Z INFO  benchmark_client] Sending sample transaction 95
[2026-09-10T00:02:22.684Z INFO  benchmark_client] Sending sample transaction 96
[2026-09-10T00:02:22.733Z INFO  benchmark_client] Sending sample transaction 97
[2026-09-10T00:02:22.782Z INFO  benchmark_client] Sending sample transaction 98
[2026-09-10T00:02:22.833Z INFO  benchmark_client] Sending sample transaction 99
[2026-09-10T00:02:22.883Z INFO  benchmark_client] Sending sample transaction 100
[2026-09-10T00:02:22.933Z INFO  benchmark_client] Sending sample transaction 101
[2026-09-10T00:02:22.983Z INFO  benchmark_client] Sending sample transaction 102
[2026-09-10T00:02:23.034Z INFO  benchmark_client] Sending sample transaction 103
[2026-09-10T00:02:23.083Z INFO  benchmark_client] Sending sample transaction 104
[2026-09-10T00:02:23.133Z INFO  benchmark_client] Sending sample transaction 105
[2026-09-10T00:02:23.183Z INFO  benchmark_client] Sending sample transaction 106
[2026-09-10T00:02:23.233Z INFO  benchmark_client] Sending sample transaction 107
[2026-09-10T00:02:23.282Z INFO  benchmark_client] Sending sample transaction 108
[2026-09-10T00:02:23.333Z INFO  benchmark_client] Sending sample transaction 109
[2026-09-10T00:02:23.383Z INFO  benchmark_client] Sending sample transaction 110
[2026-09-10T00:02:23.433Z INFO  benchmark_client] Sending sample transaction 111
[2026-09-10T00:02:23.482Z INFO  benchmark_client] Sending sample transaction 112
[2026-09-10T00:02:23.532Z INFO  benchmark_client] Sending sample transaction 113
[2026-09-10T00:02:23.583Z INFO  benchmark_client] Sending sample transaction 114
[2026-09-10T00:02:23.633Z INFO  benchmark_client] Sending sample transaction 115
[2026-09-10T00:02:23.683Z INFO  benchmark_client] Sending sample transaction 116
[2026-09-10T00:02:23.735Z INFO  benchmark_client] Sending sample transaction 117
[2026-09-10T00:02:23.783Z INFO  benchmark_client] Sending sample transaction 118
[2026-09-10T00:02:23.833Z INFO  benchmark_client] Sending sample transaction 119
[2026-09-10T00:02:23.882Z INFO  benchmark_client] Sending sample transaction 120
[2026-09-10T00:02:23.932Z INFO  benchmark_client] Sending sample transaction 121
[2026-09-10T00:02:23.983Z INFO  benchmark_client] Sending sample transaction 122
[2026-09-10T00:02:24.032Z INFO  benchmark_client] Sending sample transaction 123
[2026-09-10T00:02:24.082Z INFO  benchmark_client] Sending sample transaction 124
[2026-09-10T00:02:24.134Z INFO  benchmark_client] Sending sample transaction 125
[2026-09-10T00:02:24.183Z INFO  benchmark_client] Sending sample transaction 126
[2026-09-10T00:02:24.232Z INFO  benchmark_client] Sending sample transaction 127
[2026-09-10T00:02:24.282Z INFO  benchmark_client] Sending sample transaction 128
[2026-09-10T00:02:24.333Z INFO  benchmark_client] Sending sample transaction 129
[2026-09-10T00:02:24.382Z INFO  benchmark_client] Sending sample transaction 130
[2026-09-10T00:02:24.433Z INFO  benchmark_client] Sending sample transaction 131
[2026-09-10T00:02:24.483Z INFO  benchmark_client] Sending sample transaction 132
[2026-09-10T00:02:24.532Z INFO  benchmark_client] Sending sample transaction 133
[2026-09-10T00:02:24.583Z INFO  benchmark_client] Sending sample transaction 134
[2026-09-10T00:02:24.633Z INFO  benchmark_client] Sending sample transaction 135
[2026-09-10T00:02:24.683Z INFO  benchmark_client] Sending sample transaction 136
[2026-09-10T00:02:24.733Z INFO  benchmark_client] Sending sample transaction 137
[2026-09-10T00:02:24.782Z INFO  benchmark_client] Sending sample transaction 138
[2026-09-10T00:02:24.833Z INFO  benchmark_client] Sending sample transaction 139
[2026-09-10T00:02:24.883Z INFO  benchmark_client] Sending sample transaction 140
[2026-09-10T00:02:24.933Z INFO  benchmark_client] Sending sample transaction 141
[2026-09-10T00:02:24.983Z INFO  benchmark_client] Sending sample transaction 142
[2026-09-10T00:02:25.033Z INFO  benchmark_client] Sending sample transaction 143
[2026-09-10T00:02:25.083Z INFO  benchmark_client] Sending sample transaction 144
[2026-09-10T00:02:25.133Z INFO  benchmark_client] Sending sample transaction 145
[2026-09-10T00:02:25.183Z INFO  benchmark_client] Sending sample transaction 146
[2026-09-10T00:02:25.232Z INFO  benchmark_client] Sending sample transaction 147
[2026-09-10T00:02:25.283Z INFO  benchmark_client] Sending sample transaction 148
[2026-09-10T00:02:25.333Z INFO  benchmark_client] Sending sample transaction 149
[2026-09-10T00:02:25.382Z INFO  benchmark_client] Sending sample transaction 150
[2026-09-10T00:02:25.433Z INFO  benchmark_client] Sending sample transaction 151
[2026-09-10T00:02:25.483Z INFO  benchmark_client] Sending sample transaction 152
[2026-09-10T00:02:25.533Z INFO  benchmark_client] Sending sample transaction 153
[2026-09-10T00:02:25.583Z INFO  benchmark_client] Sending sample transaction 154
[2026-09-10T00:02:25.632Z INFO  benchmark_client] Sending sample transaction 155
[2026-09-10T00:02:25.682Z INFO  benchmark_client] Sending sample transaction 156
[2026-09-10T00:02:25.733Z INFO  benchmark_client] Sending sample transaction 157
[2026-09-10T00:02:25.783Z INFO  benchmark_client] Sending sample transaction 158
[2026-09-10T00:02:25.833Z INFO  benchmark_client] Sending sample transaction 159
[2026-09-10T00:02:25.882Z INFO  benchmark_client] Sending sample transaction 160
[2026-09-10T00:02:25.933Z INFO  benchmark_client] Sending sample transaction 161
[2026-09-10T00:02:25.983Z INFO  benchmark_client] Sending sample transaction 162
[2026-09-10T00:02:26.033Z INFO  benchmark_client] Sending sample transaction 163
[2026-09-10T00:02:26.083Z INFO  benchmark_client] Sending sample transaction 164
[2026-09-10T00:02:26.133Z INFO  benchmark_client] Sending sample transaction 165
[2026-09-10T00:02:26.183Z INFO  benchmark_client] Sending sample transaction 166
[2026-09-10T00:02:26.233Z INFO  benchmark_client] Sending sample transaction 167
[2026-09-10T00:02:26.283Z INFO  benchmark_client] Sending sample transaction 168
[2026-09-10T00:02:26.334Z INFO  benchmark_client] Sending sample transaction 169
[2026-09-10T00:02:26.382Z INFO  benchmark_client] Sending sample transaction 170
[2026-09-10T00:02:26.433Z INFO  benchmark_client] Sending sample transaction 171
[2026-09-10T00:02:26.483Z INFO  benchmark_client] Sending sample transaction 172
[2026-09-10T00:02:26.533Z INFO  benchmark_client] Sending sample transaction 173
[2026-09-10T00:02:26.582Z INFO  benchmark_client] Sending sample transaction 174
[2026-09-10T00:02:26.633Z INFO  benchmark_client] Sending sample transaction 175
[2026-09-10T00:02:26.683Z INFO  benchmark_client] Sending sample transaction 176
[2026-09-10T00:02:26.734Z INFO  benchmark_client] Sending sample transaction 177
[2026-09-10T00:02:26.783Z INFO  benchmark_client] Sending sample transaction 178
[2026-09-10T00:02:26.834Z INFO  benchmark_client] Sending sample transaction 179
[2026-09-10T00:02:26.883Z INFO  benchmark_client] Sending sample transaction 180
[2026-09-10T00:02:26.933Z INFO  benchmark_client] Sending sample transaction 181
[2026-09-10T00:02:26.982Z INFO  benchmark_client] Sending sample transaction 182
[2026-09-10T00:02:27.032Z INFO  benchmark_client] Sending sample transaction 183
[2026-09-10T00:02:27.083Z INFO  benchmark_client] Sending sample transaction 184
[2026-09-10T00:02:27.135Z INFO  benchmark_client] Sending sample transaction 185
[2026-09-10T00:02:27.183Z INFO  benchmark_client] Sending sample transaction 186
[2026-09-10T00:02:27.234Z INFO  benchmark_client] Sending sample transaction 187
[2026-09-10T00:02:27.285Z INFO  benchmark_client] Sending sample transaction 188
[2026-09-10T00:02:27.333Z INFO  benchmark_client] Sending sample transaction 189
[2026-09-10T00:02:27.383Z INFO  benchmark_client] Sending sample transaction 190
[2026-09-10T00:02:27.433Z INFO  benchmark_client] Sending sample transaction 191
[2026-09-10T00:02:27.483Z INFO  benchmark_client] Sending sample transaction 192
[2026-09-10T00:02:27.533Z INFO  benchmark_client] Sending sample transaction 193
[2026-09-10T00:02:27.583Z INFO  benchmark_client] Sending sample transaction 194
[2026-09-10T00:02:27.633Z INFO  benchmark_client] Sending sample transaction 195
[2026-09-10T00:02:27.683Z INFO  benchmark_client] Sending sample transaction 196
[2026-09-10T00:02:27.733Z INFO  benchmark_client] Sending sample transaction 197
[2026-09-10T00:02:27.782Z INFO  benchmark_client] Sending sample transaction 198
[2026-09-10T00:02:27.832Z INFO  benchmark_client] Sending sample transaction 199
[2026-09-10T00:02:27.882Z INFO  benchmark_client] Sending sample transaction 200
[2026-09-10T00:02:27.932Z INFO  benchmark_client] Sending sample transaction 201
[2026-09-10T00:02:27.982Z INFO  benchmark_client] Sending sample transaction 202
[2026-09-10T00:02:28.032Z INFO  benchmark_client] Sending sample transaction 203
[2026-09-10T00:02:28.082Z INFO  benchmark_client] Sending sample transaction 204
[2026-09-10T00:02:28.133Z INFO  benchmark_client] Sending sample transaction 205
[2026-09-10T00:02:28.183Z INFO  benchmark_client] Sending sample transaction 206
[2026-09-10T00:02:28.232Z INFO  benchmark_client] Sending sample transaction 207
[2026-09-10T00:02:28.282Z INFO  benchmark_client] Sending sample transaction 208
[2026-09-10T00:02:28.333Z INFO  benchmark_client] Sending sample transaction 209
[2026-09-10T00:02:28.383Z INFO  benchmark_client] Sending sample transaction 210
[2026-09-10T00:02:28.433Z INFO  benchmark_client] Sending sample transaction 211
[2026-09-10T00:02:28.483Z INFO  benchmark_client] Sending sample transaction 212
[2026-09-10T00:02:28.533Z INFO  benchmark_client] Sending sample transaction 213
[2026-09-10T00:02:28.583Z INFO  benchmark_client] Sending sample transaction 214
[2026-09-10T00:02:28.633Z INFO  benchmark_client] Sending sample transaction 215
[2026-09-10T00:02:28.682Z INFO  benchmark_client] Sending sample transaction 216
[2026-09-10T00:02:28.732Z INFO  benchmark_client] Sending sample transaction 217
[2026-09-10T00:02:28.784Z INFO  benchmark_client] Sending sample transaction 218
[2026-09-10T00:02:28.833Z INFO  benchmark_client] Sending sample transaction 219
[2026-09-10T00:02:28.883Z INFO  benchmark_client] Sending sample transaction 220
[2026-09-10T00:02:28.933Z INFO  benchmark_client] Sending sample transaction 221
[2026-09-10T00:02:28.983Z INFO  benchmark_client] Sending sample transaction 222
[2026-09-10T00:02:29.033Z INFO  benchmark_client] Sending sample transaction 223
[2026-09-10T00:02:29.083Z INFO  benchmark_client] Sending sample transaction 224
[2026-09-10T00:02:29.133Z INFO  benchmark_client] Sending sample transaction 225
[2026-09-10T00:02:29.183Z INFO  benchmark_client] Sending sample transaction 226
[2026-09-10T00:02:29.233Z INFO  benchmark_client] Sending sample transaction 227
[2026-09-10T00:02:29.283Z INFO  benchmark_client] Sending sample transaction 228
[2026-09-10T00:02:29.333Z INFO  benchmark_client] Sending sample transaction 229
[2026-09-10T00:02:29.383Z INFO  benchmark_client] Sending sample transaction 230
[2026-09-10T00:02:29.433Z INFO  benchmark_client] Sending sample transaction 231
[2026-09-10T00:02:29.482Z INFO  benchmark_client] Sending sample transaction 232
[2026-09-10T00:02:29.532Z INFO  benchmark_client] Sending sample transaction 233
[2026-09-10T00:02:29.583Z INFO  benchmark_client] Sending sample transaction 234
[2026-09-10T00:02:29.632Z INFO  benchmark_client] Sending sample transaction 235
[2026-09-10T00:02:29.682Z INFO  benchmark_client] Sending sample transaction 236
[2026-09-10T00:02:29.732Z INFO  benchmark_client] Sending sample transaction 237
[2026-09-10T00:02:29.783Z INFO  benchmark_client] Sending sample transaction 238
[2026-09-10T00:02:29.833Z INFO  benchmark_client] Sending sample transaction 239
[2026-09-10T00:02:29.883Z INFO  benchmark_client] Sending sample transaction 240
[2026-09-10T00:02:29.933Z INFO  benchmark_client] Sending sample transaction 241
[2026-09-10T00:02:29.983Z INFO  benchmark_client] Sending sample transaction 242
[2026-09-10T00:02:30.033Z INFO  benchmark_client] Sending sample transaction 243
[2026-09-10T00:02:30.083Z INFO  benchmark_client] Sending sample transaction 244
[2026-09-10T00:02:30.133Z INFO  benchmark_client] Sending sample transaction 245
[2026-09-10T00:02:30.183Z INFO  benchmark_client] Sending sample transaction 246
[2026-09-10T00:02:30.233Z INFO  benchmark_client] Sending sample transaction 247
[2026-09-10T00:02:30.285Z INFO  benchmark_client] Sending sample transaction 248
[2026-09-10T00:02:30.333Z INFO  benchmark_client] Sending sample transaction 249
[2026-09-10T00:02:30.383Z INFO  benchmark_client] Sending sample transaction 250
[2026-09-10T00:02:30.433Z INFO  benchmark_client] Sending sample transaction 251
[2026-09-10T00:02:30.483Z INFO  benchmark_client] Sending sample transaction 252
[2026-09-10T00:02:30.533Z INFO  benchmark_client] Sending sample transaction 253
[2026-09-10T00:02:30.583Z INFO  benchmark_client] Sending sample transaction 254
[2026-09-10T00:02:30.632Z INFO  benchmark_client] Sending sample transaction 255
[2026-09-10T00:02:30.683Z INFO  benchmark_client] Sending sample transaction 256
[2026-09-10T00:02:30.734Z INFO  benchmark_client] Sending sample transaction 257
[2026-09-10T00:02:30.783Z INFO  benchmark_client] Sending sample transaction 258
[2026-09-10T00:02:30.833Z INFO  benchmark_client] Sending sample transaction 259
[2026-09-10T00:02:30.883Z INFO  benchmark_client] Sending sample transaction 260
[2026-09-10T00:02:30.933Z INFO  benchmark_client] Sending sample transaction 261
[2026-09-10T00:02:30.983Z INFO  benchmark_client] Sending sample transaction 262
[2026-09-10T00:02:31.033Z INFO  benchmark_client] Sending sample transaction 263
[2026-09-10T00:02:31.083Z INFO  benchmark_client] Sending sample transaction 264
[2026-09-10T00:02:31.133Z INFO  benchmark_client] Sending sample transaction 265
[2026-09-10T00:02:31.183Z INFO  benchmark_client] Sending sample transaction 266
[2026-09-10T00:02:31.232Z INFO  benchmark_client] Sending sample transaction 267
[2026-09-10T00:02:31.283Z INFO  benchmark_client] Sending sample transaction 268
[2026-09-10T00:02:31.333Z INFO  benchmark_client] Sending sample transaction 269
[2026-09-10T00:02:31.384Z INFO  benchmark_client] Sending sample transaction 270
[2026-09-10T00:02:31.433Z INFO  benchmark_client] Sending sample transaction 271
[2026-09-10T00:02:31.484Z INFO  benchmark_client] Sending sample transaction 272
[2026-09-10T00:02:31.533Z INFO  benchmark_client] Sending sample transaction 273
[2026-09-10T00:02:31.583Z INFO  benchmark_client] Sending sample transaction 274
[2026-09-10T00:02:31.635Z INFO  benchmark_client] Sending sample transaction 275
[2026-09-10T00:02:31.683Z INFO  benchmark_client] Sending sample transaction 276
[2026-09-10T00:02:31.732Z INFO  benchmark_client] Sending sample transaction 277
[2026-09-10T00:02:31.783Z INFO  benchmark_client] Sending sample transaction 278
[2026-09-10T00:02:31.833Z INFO  benchmark_client] Sending sample transaction 279
[2026-09-10T00:02:31.882Z INFO  benchmark_client] Sending sample transaction 280
[2026-09-10T00:02:31.933Z INFO  benchmark_client] Sending sample transaction 281
[2026-09-10T00:02:31.983Z INFO  benchmark_client] Sending sample transaction 282
[2026-09-10T00:02:32.033Z INFO  benchmark_client] Sending sample transaction 283
[2026-09-10T00:02:32.083Z INFO  benchmark_client] Sending sample transaction 284
[2026-09-10T00:02:32.133Z INFO  benchmark_client] Sending sample transaction 285
[2026-09-10T00:02:32.183Z INFO  benchmark_client] Sending sample transaction 286
[2026-09-10T00:02:32.233Z INFO  benchmark_client] Sending sample transaction 287
[2026-09-10T00:02:32.283Z INFO  benchmark_client] Sending sample transaction 288
[2026-09-10T00:02:32.333Z INFO  benchmark_client] Sending sample transaction 289
[2026-09-10T00:02:32.383Z INFO  benchmark_client] Sending sample transaction 290
[2026-09-10T00:02:32.434Z INFO  benchmark_client] Sending sample transaction 291
[2026-09-10T00:02:32.483Z INFO  benchmark_client] Sending sample transaction 292
[2026-09-10T00:02:32.532Z INFO  benchmark_client] Sending sample transaction 293
[2026-09-10T00:02:32.583Z INFO  benchmark_client] Sending sample transaction 294
[2026-09-10T00:02:32.633Z INFO  benchmark_client] Sending sample transaction 295
[2026-09-10T00:02:32.683Z INFO  benchmark_client] Sending sample transaction 296
[2026-09-10T00:02:32.732Z INFO  benchmark_client] Sending sample transaction 297
[2026-09-10T00:02:32.783Z INFO  benchmark_client] Sending sample transaction 298
[2026-09-10T00:02:32.833Z INFO  benchmark_client] Sending sample transaction 299
[2026-09-10T00:02:32.882Z INFO  benchmark_client] Sending sample transaction 300
[2026-09-10T00:02:32.935Z INFO  benchmark_client] Sending sample transaction 301
[2026-09-10T00:02:32.983Z INFO  benchmark_client] Sending sample transaction 302
[2026-09-10T00:02:33.033Z INFO  benchmark_client] Sending sample transaction 303
[2026-09-10T00:02:33.083Z INFO  benchmark_client] Sending sample transaction 304
[2026-09-10T00:02:33.133Z INFO  benchmark_client] Sending sample transaction 305
[2026-09-10T00:02:33.182Z INFO  benchmark_client] Sending sample transaction 306
[2026-09-10T00:02:33.233Z INFO  benchmark_client] Sending sample transaction 307
[2026-09-10T00:02:33.283Z INFO  benchmark_client] Sending sample transaction 308
[2026-09-10T00:02:33.334Z INFO  benchmark_client] Sending sample transaction 309
[2026-09-10T00:02:33.383Z INFO  benchmark_client] Sending sample transaction 310
[2026-09-10T00:02:33.433Z INFO  benchmark_client] Sending sample transaction 311
[2026-09-10T00:02:33.483Z INFO  benchmark_client] Sending sample transaction 312
[2026-09-10T00:02:33.533Z INFO  benchmark_client] Sending sample transaction 313
[2026-09-10T00:02:33.583Z INFO  benchmark_client] Sending sample transaction 314
[2026-09-10T00:02:33.633Z INFO  benchmark_client] Sending sample transaction 315
[2026-09-10T00:02:33.682Z INFO  benchmark_client] Sending sample transaction 316
[2026-09-10T00:02:33.733Z INFO  benchmark_client] Sending sample transaction 317
[2026-09-10T00:02:33.783Z INFO  benchmark_client] Sending sample transaction 318
[2026-09-10T00:02:33.833Z INFO  benchmark_client] Sending sample transaction 319
[2026-09-10T00:02:33.883Z INFO  benchmark_client] Sending sample transaction 320
[2026-09-10T00:02:33.933Z INFO  benchmark_client] Sending sample transaction 321
[2026-09-10T00:02:33.983Z INFO  benchmark_client] Sending sample transaction 322
[2026-09-10T00:02:34.033Z INFO  benchmark_client] Sending sample transaction 323
[2026-09-10T00:02:34.083Z INFO  benchmark_client] Sending sample transaction 324
[2026-09-10T00:02:34.133Z INFO  benchmark_client] Sending sample transaction 325
[2026-09-10T00:02:34.182Z INFO  benchmark_client] Sending sample transaction 326
[2026-09-10T00:02:34.233Z INFO  benchmark_client] Sending sample transaction 327
[2026-09-10T00:02:34.283Z INFO  benchmark_client] Sending sample transaction 328
[2026-09-10T00:02:34.333Z INFO  benchmark_client] Sending sample transaction 329
[2026-09-10T00:02:34.382Z INFO  benchmark_client] Sending sample transaction 330
[2026-09-10T00:02:34.432Z INFO  benchmark_client] Sending sample transaction 331
[2026-09-10T00:02:34.482Z INFO  benchmark_client] Sending sample transaction 332
[2026-09-10T00:02:34.532Z INFO  benchmark_client] Sending sample transaction 333
[2026-09-10T00:02:34.586Z INFO  benchmark_client] Sending sample transaction 334
[2026-09-10T00:02:34.632Z INFO  benchmark_client] Sending sample transaction 335
[2026-09-10T00:02:34.683Z INFO  benchmark_client] Sending sample transaction 336
[2026-09-10T00:02:34.732Z INFO  benchmark_client] Sending sample transaction 337
[2026-09-10T00:02:34.783Z INFO  benchmark_client] Sending sample transaction 338
[2026-09-10T00:02:34.833Z INFO  benchmark_client] Sending sample transaction 339
[2026-09-10T00:02:34.883Z INFO  benchmark_client] Sending sample transaction 340
[2026-09-10T00:02:34.933Z INFO  benchmark_client] Sending sample transaction 341
[2026-09-10T00:02:34.983Z INFO  benchmark_client] Sending sample transaction 342
[2026-09-10T00:02:35.033Z INFO  benchmark_client] Sending sample transaction 343
[2026-09-10T00:02:35.083Z INFO  benchmark_client] Sending sample transaction 344
[2026-09-10T00:02:35.133Z INFO  benchmark_client] Sending sample transaction 345
[2026-09-10T00:02:35.183Z INFO  benchmark_client] Sending sample transaction 346
[2026-09-10T00:02:35.233Z INFO  benchmark_client] Sending sample transaction 347
[2026-09-10T00:02:35.284Z INFO  benchmark_client] Sending sample transaction 348
[2026-09-10T00:02:35.333Z INFO  benchmark_client] Sending sample transaction 349
[2026-09-10T00:02:35.385Z INFO  benchmark_client] Sending sample transaction 350
[2026-09-10T00:02:35.433Z INFO  benchmark_client] Sending sample transaction 351
[2026-09-10T00:02:35.483Z INFO  benchmark_client] Sending sample transaction 352
[2026-09-10T00:02:35.533Z INFO  benchmark_client] Sending sample transaction 353
[2026-09-10T00:02:35.583Z INFO  benchmark_client] Sending sample transaction 354
[2026-09-10T00:02:35.634Z INFO  benchmark_client] Sending sample transaction 355
[2026-09-10T00:02:35.683Z INFO  benchmark_client] Sending sample transaction 356
[2026-09-10T00:02:35.733Z INFO  benchmark_client] Sending sample transaction 357
[2026-09-10T00:02:35.783Z INFO  benchmark_client] Sending sample transaction 358
[2026-09-10T00:02:35.833Z INFO  benchmark_client] Sending sample transaction 359
[2026-09-10T00:02:35.883Z INFO  benchmark_client] Sending sample transaction 360
[2026-09-10T00:02:35.933Z INFO  benchmark_client] Sending sample transaction 361
[2026-09-10T00:02:35.985Z INFO  benchmark_client] Sending sample transaction 362
[2026-09-10T00:02:36.033Z INFO  benchmark_client] Sending sample transaction 363
[2026-09-10T00:02:36.083Z INFO  benchmark_client] Sending sample transaction 364
[2026-09-10T00:02:36.133Z INFO  benchmark_client] Sending sample transaction 365
[2026-09-10T00:02:36.183Z INFO  benchmark_client] Sending sample transaction 366
[2026-09-10T00:02:36.232Z INFO  benchmark_client] Sending sample transaction 367
[2026-09-10T00:02:36.284Z INFO  benchmark_client] Sending sample transaction 368
[2026-09-10T00:02:36.333Z INFO  benchmark_client] Sending sample transaction 369
[2026-09-10T00:02:36.383Z INFO  benchmark_client] Sending sample transaction 370
[2026-09-10T00:02:36.433Z INFO  benchmark_client] Sending sample transaction 371
[2026-09-10T00:02:36.485Z INFO  benchmark_client] Sending sample transaction 372
[2026-09-10T00:02:36.533Z INFO  benchmark_client] Sending sample transaction 373
[2026-09-10T00:02:36.583Z INFO  benchmark_client] Sending sample transaction 374
[2026-09-10T00:02:36.633Z INFO  benchmark_client] Sending sample transaction 375
[2026-09-10T00:02:36.683Z INFO  benchmark_client] Sending sample transaction 376
[2026-09-10T00:02:36.734Z INFO  benchmark_client] Sending sample transaction 377
[2026-09-10T00:02:36.784Z INFO  benchmark_client] Sending sample transaction 378
[2026-09-10T00:02:36.833Z INFO  benchmark_client] Sending sample transaction 379
[2026-09-10T00:02:36.883Z INFO  benchmark_client] Sending sample transaction 380
[2026-09-10T00:02:36.933Z INFO  benchmark_client] Sending sample transaction 381
[2026-09-10T00:02:36.982Z INFO  benchmark_client] Sending sample transaction 382
[2026-09-10T00:02:37.032Z INFO  benchmark_client] Sending sample transaction 383
[2026-09-10T00:02:37.082Z INFO  benchmark_client] Sending sample transaction 384
[2026-09-10T00:02:37.133Z INFO  benchmark_client] Sending sample transaction 385
[2026-09-10T00:02:37.184Z INFO  benchmark_client] Sending sample transaction 386
[2026-09-10T00:02:37.233Z INFO  benchmark_client] Sending sample transaction 387
[2026-09-10T00:02:37.283Z INFO  benchmark_client] Sending sample transaction 388
[2026-09-10T00:02:37.334Z INFO  benchmark_client] Sending sample transaction 389
[2026-09-10T00:02:37.383Z INFO  benchmark_client] Sending sample transaction 390
[2026-09-10T00:02:37.433Z INFO  benchmark_client] Sending sample transaction 391
[2026-09-10T00:02:37.483Z INFO  benchmark_client] Sending sample transaction 392
[2026-09-10T00:02:37.533Z INFO  benchmark_client] Sending sample transaction 393
[2026-09-10T00:02:37.583Z INFO  benchmark_client] Sending sample transaction 394
[2026-09-10T00:02:37.633Z INFO  benchmark_client] Sending sample transaction 395
[2026-09-10T00:02:37.683Z INFO  benchmark_client] Sending sample transaction 396
[2026-09-10T00:02:37.733Z INFO  benchmark_client] Sending sample transaction 397
[2026-09-10T00:02:37.783Z INFO  benchmark_client] Sending sample transaction 398
[2026-09-10T00:02:37.833Z INFO  benchmark_client] Sending sample transaction 399
[2026-09-10T00:02:37.885Z INFO  benchmark_client] Sending sample transaction 400
[2026-09-10T00:02:37.932Z INFO  benchmark_client] Sending sample transaction 401
[2026-09-10T00:02:37.983Z INFO  benchmark_client] Sending sample transaction 402
[2026-09-10T00:02:38.033Z INFO  benchmark_client] Sending sample transaction 403
[2026-09-10T00:02:38.082Z INFO  benchmark_client] Sending sample transaction 404
[2026-09-10T00:02:38.134Z INFO  benchmark_client] Sending sample transaction 405
[2026-09-10T00:02:38.183Z INFO  benchmark_client] Sending sample transaction 406
[2026-09-10T00:02:38.233Z INFO  benchmark_client] Sending sample transaction 407
[2026-09-10T00:02:38.283Z INFO  benchmark_client] Sending sample transaction 408
[2026-09-10T00:02:38.333Z INFO  benchmark_client] Sending sample transaction 409
[2026-09-10T00:02:38.383Z INFO  benchmark_client] Sending sample transaction 410
[2026-09-10T00:02:38.433Z INFO  benchmark_client] Sending sample transaction 411
[2026-09-10T00:02:38.483Z INFO  benchmark_client] Sending sample transaction 412
[2026-09-10T00:02:38.533Z INFO  benchmark_client] Sending sample transaction 413
[2026-09-10T00:02:38.582Z INFO  benchmark_client] Sending sample transaction 414
[2026-09-10T00:02:38.633Z INFO  benchmark_client] Sending sample transaction 415
[2026-09-10T00:02:38.683Z INFO  benchmark_client] Sending sample transaction 416
[2026-09-10T00:02:38.733Z INFO  benchmark_client] Sending sample transaction 417
[2026-09-10T00:02:38.782Z INFO  benchmark_client] Sending sample transaction 418
[2026-09-10T00:02:38.832Z INFO  benchmark_client] Sending sample transaction 419
[2026-09-10T00:02:38.882Z INFO  benchmark_client] Sending sample transaction 420
[2026-09-10T00:02:38.933Z INFO  benchmark_client] Sending sample transaction 421
[2026-09-10T00:02:38.983Z INFO  benchmark_client] Sending sample transaction 422
[2026-09-10T00:02:39.033Z INFO  benchmark_client] Sending sample transaction 423
[2026-09-10T00:02:39.083Z INFO  benchmark_client] Sending sample transaction 424
[2026-09-10T00:02:39.133Z INFO  benchmark_client] Sending sample transaction 425
[2026-09-10T00:02:39.183Z INFO  benchmark_client] Sending sample transaction 426
[2026-09-10T00:02:39.233Z INFO  benchmark_client] Sending sample transaction 427
[2026-09-10T00:02:39.283Z INFO  benchmark_client] Sending sample transaction 428
[2026-09-10T00:02:39.333Z INFO  benchmark_client] Sending sample transaction 429
[2026-09-10T00:02:39.383Z INFO  benchmark_client] Sending sample transaction 430
[2026-09-10T00:02:39.433Z INFO  benchmark_client] Sending sample transaction 431
[2026-09-10T00:02:39.483Z INFO  benchmark_client] Sending sample transaction 432
[2026-09-10T00:02:39.533Z INFO  benchmark_client] Sending sample transaction 433
[2026-09-10T00:02:39.582Z INFO  benchmark_client] Sending sample transaction 434
[2026-09-10T00:02:39.632Z INFO  benchmark_client] Sending sample transaction 435
[2026-09-10T00:02:39.682Z INFO  benchmark_client] Sending sample transaction 436
[2026-09-10T00:02:39.733Z INFO  benchmark_client] Sending sample transaction 437
[2026-09-10T00:02:39.782Z INFO  benchmark_client] Sending sample transaction 438
[2026-09-10T00:02:39.832Z INFO  benchmark_client] Sending sample transaction 439
[2026-09-10T00:02:39.882Z INFO  benchmark_client] Sending sample transaction 440
[2026-09-10T00:02:39.933Z INFO  benchmark_client] Sending sample transaction 441
[2026-09-10T00:02:39.984Z INFO  benchmark_client] Sending sample transaction 442
[2026-09-10T00:02:40.033Z INFO  benchmark_client] Sending sample transaction 443
[2026-09-10T00:02:40.083Z INFO  benchmark_client] Sending sample transaction 444
[2026-09-10T00:02:40.134Z INFO  benchmark_client] Sending sample transaction 445
[2026-09-10T00:02:40.183Z INFO  benchmark_client] Sending sample transaction 446
[2026-09-10T00:02:40.233Z INFO  benchmark_client] Sending sample transaction 447
[2026-09-10T00:02:40.283Z INFO  benchmark_client] Sending sample transaction 448
[2026-09-10T00:02:40.333Z INFO  benchmark_client] Sending sample transaction 449
[2026-09-10T00:02:40.383Z INFO  benchmark_client] Sending sample transaction 450
[2026-09-10T00:02:40.433Z INFO  benchmark_client] Sending sample transaction 451
[2026-09-10T00:02:40.483Z INFO  benchmark_client] Sending sample transaction 452
[2026-09-10T00:02:40.533Z INFO  benchmark_client] Sending sample transaction 453
[2026-09-10T00:02:40.583Z INFO  benchmark_client] Sending sample transaction 454
[2026-09-10T00:02:40.632Z INFO  benchmark_client] Sending sample transaction 455
[2026-09-10T00:02:40.683Z INFO  benchmark_client] Sending sample transaction 456
[2026-09-10T00:02:40.733Z INFO  benchmark_client] Sending sample transaction 457
[2026-09-10T00:02:40.783Z INFO  benchmark_client] Sending sample transaction 458
[2026-09-10T00:02:40.832Z INFO  benchmark_client] Sending sample transaction 459
[2026-09-10T00:02:40.883Z INFO  benchmark_client] Sending sample transaction 460
[2026-09-10T00:02:40.933Z INFO  benchmark_client] Sending sample transaction 461
[2026-09-10T00:02:40.984Z INFO  benchmark_client] Sending sample transaction 462
[2026-09-10T00:02:41.033Z INFO  benchmark_client] Sending sample transaction 463
[2026-09-10T00:02:41.084Z INFO  benchmark_client] Sending sample transaction 464
[2026-09-10T00:02:41.133Z INFO  benchmark_client] Sending sample transaction 465
[2026-09-10T00:02:41.183Z INFO  benchmark_client] Sending sample transaction 466
[2026-09-10T00:02:41.233Z INFO  benchmark_client] Sending sample transaction 467
[2026-09-10T00:02:41.283Z INFO  benchmark_client] Sending sample transaction 468
[2026-09-10T00:02:41.333Z INFO  benchmark_client] Sending sample transaction 469
[2026-09-10T00:02:41.383Z INFO  benchmark_client] Sending sample transaction 470
[2026-09-10T00:02:41.432Z INFO  benchmark_client] Sending sample transaction 471
[2026-09-10T00:02:41.483Z INFO  benchmark_client] Sending sample transaction 472
[2026-09-10T00:02:41.532Z INFO  benchmark_client] Sending sample transaction 473
[2026-09-10T00:02:41.584Z INFO  benchmark_client] Sending sample transaction 474
[2026-09-10T00:02:41.633Z INFO  benchmark_client] Sending sample transaction 475
[2026-09-10T00:02:41.682Z INFO  benchmark_client] Sending sample transaction 476
[2026-09-10T00:02:41.733Z INFO  benchmark_client] Sending sample transaction 477
[2026-09-10T00:02:41.783Z INFO  benchmark_client] Sending sample transaction 478
[2026-09-10T00:02:41.833Z INFO  benchmark_client] Sending sample transaction 479
[2026-09-10T00:02:41.883Z INFO  benchmark_client] Sending sample transaction 480
[2026-09-10T00:02:41.933Z INFO  benchmark_client] Sending sample transaction 481
[2026-09-10T00:02:41.983Z INFO  benchmark_client] Sending sample transaction 482
[2026-09-10T00:02:42.033Z INFO  benchmark_client] Sending sample transaction 483
[2026-09-10T00:02:42.083Z INFO  benchmark_client] Sending sample transaction 484
[2026-09-10T00:02:42.133Z INFO  benchmark_client] Sending sample transaction 485
[2026-09-10T00:02:42.183Z INFO  benchmark_client] Sending sample transaction 486
[2026-09-10T00:02:42.233Z INFO  benchmark_client] Sending sample transaction 487
[2026-09-10T00:02:42.283Z INFO  benchmark_client] Sending sample transaction 488
[2026-09-10T00:02:42.333Z INFO  benchmark_client] Sending sample transaction 489
[2026-09-10T00:02:42.383Z INFO  benchmark_client] Sending sample transaction 490
[2026-09-10T00:02:42.433Z INFO  benchmark_client] Sending sample transaction 491
[2026-09-10T00:02:42.483Z INFO  benchmark_client] Sending sample transaction 492
[2026-09-10T00:02:42.535Z INFO  benchmark_client] Sending sample transaction 493
[2026-09-10T00:02:42.583Z INFO  benchmark_client] Sending sample transaction 494
[2026-09-10T00:02:42.634Z INFO  benchmark_client] Sending sample transaction 495
[2026-09-10T00:02:42.683Z INFO  benchmark_client] Sending sample transaction 496
[2026-09-10T00:02:42.733Z INFO  benchmark_client] Sending sample transaction 497
[2026-09-10T00:02:42.783Z INFO  benchmark_client] Sending sample transaction 498
[2026-09-10T00:02:42.833Z INFO  benchmark_client] Sending sample transaction 499
[2026-09-10T00:02:42.882Z INFO  benchmark_client] Sending sample transaction 500
[2026-09-10T00:02:42.934Z INFO  benchmark_client] Sending sample transaction 501
[2026-09-10T00:02:42.983Z INFO  benchmark_client] Sending sample transaction 502
[2026-09-10T00:02:43.033Z INFO  benchmark_client] Sending sample transaction 503
[2026-09-10T00:02:43.083Z INFO  benchmark_client] Sending sample transaction 504
[2026-09-10T00:02:43.134Z INFO  benchmark_client] Sending sample transaction 505
[2026-09-10T00:02:43.183Z INFO  benchmark_client] Sending sample transaction 506
[2026-09-10T00:02:43.233Z INFO  benchmark_client] Sending sample transaction 507
[2026-09-10T00:02:43.283Z INFO  benchmark_client] Sending sample transaction 508
[2026-09-10T00:02:43.333Z INFO  benchmark_client] Sending sample transaction 509
[2026-09-10T00:02:43.383Z INFO  benchmark_client] Sending sample transaction 510
[2026-09-10T00:02:43.433Z INFO  benchmark_client] Sending sample transaction 511
[2026-09-10T00:02:43.484Z INFO  benchmark_client] Sending sample transaction 512
[2026-09-10T00:02:43.533Z INFO  benchmark_client] Sending sample transaction 513
[2026-09-10T00:02:43.583Z INFO  benchmark_client] Sending sample transaction 514
[2026-09-10T00:02:43.633Z INFO  benchmark_client] Sending sample transaction 515
[2026-09-10T00:02:43.684Z INFO  benchmark_client] Sending sample transaction 516
[2026-09-10T00:02:43.732Z INFO  benchmark_client] Sending sample transaction 517
[2026-09-10T00:02:43.783Z INFO  benchmark_client] Sending sample transaction 518
[2026-09-10T00:02:43.833Z INFO  benchmark_client] Sending sample transaction 519
[2026-09-10T00:02:43.883Z INFO  benchmark_client] Sending sample transaction 520
[2026-09-10T00:02:43.933Z INFO  benchmark_client] Sending sample transaction 521
[2026-09-10T00:02:43.983Z INFO  benchmark_client] Sending sample transaction 522
[2026-09-10T00:02:44.033Z INFO  benchmark_client] Sending sample transaction 523
[2026-09-10T00:02:44.083Z INFO  benchmark_client] Sending sample transaction 524
[2026-09-10T00:02:44.133Z INFO  benchmark_client] Sending sample transaction 525
[2026-09-10T00:02:44.183Z INFO  benchmark_client] Sending sample transaction 526
[2026-09-10T00:02:44.235Z INFO  benchmark_client] Sending sample transaction 527
[2026-09-10T00:02:44.283Z INFO  benchmark_client] Sending sample transaction 528
[2026-09-10T00:02:44.333Z INFO  benchmark_client] Sending sample transaction 529
[2026-09-10T00:02:44.383Z INFO  benchmark_client] Sending sample transaction 530
[2026-09-10T00:02:44.433Z INFO  benchmark_client] Sending sample transaction 531
[2026-09-10T00:02:44.483Z INFO  benchmark_client] Sending sample transaction 532
[2026-09-10T00:02:44.533Z INFO  benchmark_client] Sending sample transaction 533
[2026-09-10T00:02:44.584Z INFO  benchmark_client] Sending sample transaction 534
[2026-09-10T00:02:44.633Z INFO  benchmark_client] Sending sample transaction 535
[2026-09-10T00:02:44.683Z INFO  benchmark_client] Sending sample transaction 536
[2026-09-10T00:02:44.732Z INFO  benchmark_client] Sending sample transaction 537
[2026-09-10T00:02:44.783Z INFO  benchmark_client] Sending sample transaction 538
[2026-09-10T00:02:44.833Z INFO  benchmark_client] Sending sample transaction 539
[2026-09-10T00:02:44.883Z INFO  benchmark_client] Sending sample transaction 540
[2026-09-10T00:02:44.933Z INFO  benchmark_client] Sending sample transaction 541
[2026-09-10T00:02:44.983Z INFO  benchmark_client] Sending sample transaction 542
[2026-09-10T00:02:45.033Z INFO  benchmark_client] Sending sample transaction 543
[2026-09-10T00:02:45.085Z INFO  benchmark_client] Sending sample transaction 544
[2026-09-10T00:02:45.134Z INFO  benchmark_client] Sending sample transaction 545
[2026-09-10T00:02:45.184Z INFO  benchmark_client] Sending sample transaction 546
[2026-09-10T00:02:45.233Z INFO  benchmark_client] Sending sample transaction 547
[2026-09-10T00:02:45.283Z INFO  benchmark_client] Sending sample transaction 548
[2026-09-10T00:02:45.335Z INFO  benchmark_client] Sending sample transaction 549
[2026-09-10T00:02:45.386Z INFO  benchmark_client] Sending sample transaction 550
[2026-09-10T00:02:45.433Z INFO  benchmark_client] Sending sample transaction 551
[2026-09-10T00:02:45.484Z INFO  benchmark_client] Sending sample transaction 552
[2026-09-10T00:02:45.535Z INFO  benchmark_client] Sending sample transaction 553
[2026-09-10T00:02:45.583Z INFO  benchmark_client] Sending sample transaction 554
[2026-09-10T00:02:45.635Z INFO  benchmark_client] Sending sample transaction 555
[2026-09-10T00:02:45.684Z INFO  benchmark_client] Sending sample transaction 556
[2026-09-10T00:02:45.733Z INFO  benchmark_client] Sending sample transaction 557
[2026-09-10T00:02:45.784Z INFO  benchmark_client] Sending sample transaction 558
[2026-09-10T00:02:45.834Z INFO  benchmark_client] Sending sample transaction 559
[2026-09-10T00:02:45.883Z INFO  benchmark_client] Sending sample transaction 560
[2026-09-10T00:02:45.935Z INFO  benchmark_client] Sending sample transaction 561
[2026-09-10T00:02:45.983Z INFO  benchmark_client] Sending sample transaction 562
[2026-09-10T00:02:46.034Z INFO  benchmark_client] Sending sample transaction 563
[2026-09-10T00:02:46.083Z INFO  benchmark_client] Sending sample transaction 564
[2026-09-10T00:02:46.133Z INFO  benchmark_client] Sending sample transaction 565
[2026-09-10T00:02:46.184Z INFO  benchmark_client] Sending sample transaction 566
[2026-09-10T00:02:46.233Z INFO  benchmark_client] Sending sample transaction 567
[2026-09-10T00:02:46.283Z INFO  benchmark_client] Sending sample transaction 568
[2026-09-10T00:02:46.333Z INFO  benchmark_client] Sending sample transaction 569
[2026-09-10T00:02:46.384Z INFO  benchmark_client] Sending sample transaction 570
[2026-09-10T00:02:46.435Z INFO  benchmark_client] Sending sample transaction 571
[2026-09-10T00:02:46.482Z INFO  benchmark_client] Sending sample transaction 572
[2026-09-10T00:02:46.533Z INFO  benchmark_client] Sending sample transaction 573
[2026-09-10T00:02:46.583Z INFO  benchmark_client] Sending sample transaction 574
[2026-09-10T00:02:46.633Z INFO  benchmark_client] Sending sample transaction 575
[2026-09-10T00:02:46.683Z INFO  benchmark_client] Sending sample transaction 576
[2026-09-10T00:02:46.732Z INFO  benchmark_client] Sending sample transaction 577
[2026-09-10T00:02:46.783Z INFO  benchmark_client] Sending sample transaction 578
[2026-09-10T00:02:46.833Z INFO  benchmark_client] Sending sample transaction 579
[2026-09-10T00:02:46.883Z INFO  benchmark_client] Sending sample transaction 580
[2026-09-10T00:02:46.933Z INFO  benchmark_client] Sending sample transaction 581
[2026-09-10T00:02:46.983Z INFO  benchmark_client] Sending sample transaction 582
[2026-09-10T00:02:47.033Z INFO  benchmark_client] Sending sample transaction 583
[2026-09-10T00:02:47.083Z INFO  benchmark_client] Sending sample transaction 584
[2026-09-10T00:02:47.133Z INFO  benchmark_client] Sending sample transaction 585
[2026-09-10T00:02:47.183Z INFO  benchmark_client] Sending sample transaction 586
[2026-09-10T00:02:47.233Z INFO  benchmark_client] Sending sample transaction 587
[2026-09-10T00:02:47.283Z INFO  benchmark_client] Sending sample transaction 588
[2026-09-10T00:02:47.333Z INFO  benchmark_client] Sending sample transaction 589
[2026-09-10T00:02:47.383Z INFO  benchmark_client] Sending sample transaction 590
[2026-09-10T00:02:47.433Z INFO  benchmark_client] Sending sample transaction 591
[2026-09-10T00:02:47.484Z INFO  benchmark_client] Sending sample transaction 592
[2026-09-10T00:02:47.533Z INFO  benchmark_client] Sending sample transaction 593
[2026-09-10T00:02:47.583Z INFO  benchmark_client] Sending sample transaction 594
[2026-09-10T00:02:47.633Z INFO  benchmark_client] Sending sample transaction 595
[2026-09-10T00:02:47.683Z INFO  benchmark_client] Sending sample transaction 596
[2026-09-10T00:02:47.733Z INFO  benchmark_client] Sending sample transaction 597
[2026-09-10T00:02:47.783Z INFO  benchmark_client] Sending sample transaction 598
[2026-09-10T00:02:47.833Z INFO  benchmark_client] Sending sample transaction 599
[2026-09-10T00:02:47.882Z INFO  benchmark_client] Sending sample transaction 600
[2026-09-10T00:02:47.932Z INFO  benchmark_client] Sending sample transaction 601
[2026-09-10T00:02:47.983Z INFO  benchmark_client] Sending sample transaction 602
[2026-09-10T00:02:48.033Z INFO  benchmark_client] Sending sample transaction 603
[2026-09-10T00:02:48.083Z INFO  benchmark_client] Sending sample transaction 604
[2026-09-10T00:02:48.133Z INFO  benchmark_client] Sending sample transaction 605
[2026-09-10T00:02:48.182Z INFO  benchmark_client] Sending sample transaction 606
[2026-09-10T00:02:48.235Z INFO  benchmark_client] Sending sample transaction 607
[2026-09-10T00:02:48.282Z INFO  benchmark_client] Sending sample transaction 608
[2026-09-10T00:02:48.332Z INFO  benchmark_client] Sending sample transaction 609
[2026-09-10T00:02:48.383Z INFO  benchmark_client] Sending sample transaction 610
[2026-09-10T00:02:48.432Z INFO  benchmark_client] Sending sample transaction 611
[2026-09-10T00:02:48.485Z INFO  benchmark_client] Sending sample transaction 612
[2026-09-10T00:02:48.534Z INFO  benchmark_client] Sending sample transaction 613
[2026-09-10T00:02:48.582Z INFO  benchmark_client] Sending sample transaction 614
[2026-09-10T00:02:48.633Z INFO  benchmark_client] Sending sample transaction 615
[2026-09-10T00:02:48.683Z INFO  benchmark_client] Sending sample transaction 616
[2026-09-10T00:02:48.733Z INFO  benchmark_client] Sending sample transaction 617
[2026-09-10T00:02:48.783Z INFO  benchmark_client] Sending sample transaction 618
[2026-09-10T00:02:48.833Z INFO  benchmark_client] Sending sample transaction 619
[2026-09-10T00:02:48.883Z INFO  benchmark_client] Sending sample transaction 620
[2026-09-10T00:02:48.933Z INFO  benchmark_client] Sending sample transaction 621
[2026-09-10T00:02:48.983Z INFO  benchmark_client] Sending sample transaction 622
[2026-09-10T00:02:49.033Z INFO  benchmark_client] Sending sample transaction 623
[2026-09-10T00:02:49.083Z INFO  benchmark_client] Sending sample transaction 624
[2026-09-10T00:02:49.132Z INFO  benchmark_client] Sending sample transaction 625
[2026-09-10T00:02:49.182Z INFO  benchmark_client] Sending sample transaction 626
[2026-09-10T00:02:49.232Z INFO  benchmark_client] Sending sample transaction 627
[2026-09-10T00:02:49.283Z INFO  benchmark_client] Sending sample transaction 628
[2026-09-10T00:02:49.333Z INFO  benchmark_client] Sending sample transaction 629
[2026-09-10T00:02:49.383Z INFO  benchmark_client] Sending sample transaction 630
[2026-09-10T00:02:49.433Z INFO  benchmark_client] Sending sample transaction 631
[2026-09-10T00:02:49.482Z INFO  benchmark_client] Sending sample transaction 632
[2026-09-10T00:02:49.533Z INFO  benchmark_client] Sending sample transaction 633
[2026-09-10T00:02:49.584Z INFO  benchmark_client] Sending sample transaction 634
[2026-09-10T00:02:49.633Z INFO  benchmark_client] Sending sample transaction 635
[2026-09-10T00:02:49.683Z INFO  benchmark_client] Sending sample transaction 636
[2026-09-10T00:02:49.733Z INFO  benchmark_client] Sending sample transaction 637
[2026-09-10T00:02:49.782Z INFO  benchmark_client] Sending sample transaction 638
[2026-09-10T00:02:49.832Z INFO  benchmark_client] Sending sample transaction 639
[2026-09-10T00:02:49.882Z INFO  benchmark_client] Sending sample transaction 640
[2026-09-10T00:02:49.933Z INFO  benchmark_client] Sending sample transaction 641
[2026-09-10T00:02:49.983Z INFO  benchmark_client] Sending sample transaction 642
[2026-09-10T00:02:50.033Z INFO  benchmark_client] Sending sample transaction 643
[2026-09-10T00:02:50.083Z INFO  benchmark_client] Sending sample transaction 644
[2026-09-10T00:02:50.133Z INFO  benchmark_client] Sending sample transaction 645
[2026-09-10T00:02:50.183Z INFO  benchmark_client] Sending sample transaction 646
[2026-09-10T00:02:50.234Z INFO  benchmark_client] Sending sample transaction 647
[2026-09-10T00:02:50.282Z INFO  benchmark_client] Sending sample transaction 648
[2026-09-10T00:02:50.332Z INFO  benchmark_client] Sending sample transaction 649
[2026-09-10T00:02:50.382Z INFO  benchmark_client] Sending sample transaction 650
[2026-09-10T00:02:50.433Z INFO  benchmark_client] Sending sample transaction 651
[2026-09-10T00:02:50.483Z INFO  benchmark_client] Sending sample transaction 652
[2026-09-10T00:02:50.532Z INFO  benchmark_client] Sending sample transaction 653
[2026-09-10T00:02:50.585Z INFO  benchmark_client] Sending sample transaction 654
[2026-09-10T00:02:50.632Z INFO  benchmark_client] Sending sample transaction 655
[2026-09-10T00:02:50.683Z INFO  benchmark_client] Sending sample transaction 656
[2026-09-10T00:02:50.733Z INFO  benchmark_client] Sending sample transaction 657
[2026-09-10T00:02:50.783Z INFO  benchmark_client] Sending sample transaction 658
[2026-09-10T00:02:50.832Z INFO  benchmark_client] Sending sample transaction 659
[2026-09-10T00:02:50.882Z INFO  benchmark_client] Sending sample transaction 660
[2026-09-10T00:02:50.933Z INFO  benchmark_client] Sending sample transaction 661
[2026-09-10T00:02:50.983Z INFO  benchmark_client] Sending sample transaction 662
[2026-09-10T00:02:51.033Z INFO  benchmark_client] Sending sample transaction 663
[2026-09-10T00:02:51.082Z INFO  benchmark_client] Sending sample transaction 664
[2026-09-10T00:02:51.132Z INFO  benchmark_client] Sending sample transaction 665
[2026-09-10T00:02:51.182Z INFO  benchmark_client] Sending sample transaction 666
[2026-09-10T00:02:51.233Z INFO  benchmark_client] Sending sample transaction 667
[2026-09-10T00:02:51.282Z INFO  benchmark_client] Sending sample transaction 668
[2026-09-10T00:02:51.333Z INFO  benchmark_client] Sending sample transaction 669
[2026-09-10T00:02:51.383Z INFO  benchmark_client] Sending sample transaction 670
[2026-09-10T00:02:51.433Z INFO  benchmark_client] Sending sample transaction 671
[2026-09-10T00:02:51.483Z INFO  benchmark_client] Sending sample transaction 672
[2026-09-10T00:02:51.533Z INFO  benchmark_client] Sending sample transaction 673
[2026-09-10T00:02:51.583Z INFO  benchmark_client] Sending sample transaction 674
[2026-09-10T00:02:51.633Z INFO  benchmark_client] Sending sample transaction 675
[2026-09-10T00:02:51.683Z INFO  benchmark_client] Sending sample transaction 676
[2026-09-10T00:02:51.734Z INFO  benchmark_client] Sending sample transaction 677
[2026-09-10T00:02:51.783Z INFO  benchmark_client] Sending sample transaction 678
[2026-09-10T00:02:51.833Z INFO  benchmark_client] Sending sample transaction 679
[2026-09-10T00:02:51.882Z INFO  benchmark_client] Sending sample transaction 680
[2026-09-10T00:02:51.933Z INFO  benchmark_client] Sending sample transaction 681
[2026-09-10T00:02:51.984Z INFO  benchmark_client] Sending sample transaction 682
[2026-09-10T00:02:52.032Z INFO  benchmark_client] Sending sample transaction 683
[2026-09-10T00:02:52.083Z INFO  benchmark_client] Sending sample transaction 684
[2026-09-10T00:02:52.133Z INFO  benchmark_client] Sending sample transaction 685
[2026-09-10T00:02:52.183Z INFO  benchmark_client] Sending sample transaction 686
[2026-09-10T00:02:52.234Z INFO  benchmark_client] Sending sample transaction 687
[2026-09-10T00:02:52.283Z INFO  benchmark_client] Sending sample transaction 688
[2026-09-10T00:02:52.333Z INFO  benchmark_client] Sending sample transaction 689
[2026-09-10T00:02:52.383Z INFO  benchmark_client] Sending sample transaction 690
[2026-09-10T00:02:52.432Z INFO  benchmark_client] Sending sample transaction 691
[2026-09-10T00:02:52.482Z INFO  benchmark_client] Sending sample transaction 692
[2026-09-10T00:02:52.533Z INFO  benchmark_client] Sending sample transaction 693
[2026-09-10T00:02:52.583Z INFO  benchmark_client] Sending sample transaction 694
[2026-09-10T00:02:52.632Z INFO  benchmark_client] Sending sample transaction 695
[2026-09-10T00:02:52.682Z INFO  benchmark_client] Sending sample transaction 696
[2026-09-10T00:02:52.732Z INFO  benchmark_client] Sending sample transaction 697
[2026-09-10T00:02:52.782Z INFO  benchmark_client] Sending sample transaction 698
[2026-09-10T00:02:52.834Z INFO  benchmark_client] Sending sample transaction 699
[2026-09-10T00:02:52.883Z INFO  benchmark_client] Sending sample transaction 700
[2026-09-10T00:02:52.933Z INFO  benchmark_client] Sending sample transaction 701
[2026-09-10T00:02:52.983Z INFO  benchmark_client] Sending sample transaction 702
[2026-09-10T00:02:53.034Z INFO  benchmark_client] Sending sample transaction 703
[2026-09-10T00:02:53.083Z INFO  benchmark_client] Sending sample transaction 704
[2026-09-10T00:02:53.135Z INFO  benchmark_client] Sending sample transaction 705
[2026-09-10T00:02:53.182Z INFO  benchmark_client] Sending sample transaction 706
[2026-09-10T00:02:53.233Z INFO  benchmark_client] Sending sample transaction 707
[2026-09-10T00:02:53.282Z INFO  benchmark_client] Sending sample transaction 708
[2026-09-10T00:02:53.333Z INFO  benchmark_client] Sending sample transaction 709
[2026-09-10T00:02:53.383Z INFO  benchmark_client] Sending sample transaction 710
[2026-09-10T00:02:53.433Z INFO  benchmark_client] Sending sample transaction 711
[2026-09-10T00:02:53.483Z INFO  benchmark_client] Sending sample transaction 712
[2026-09-10T00:02:53.535Z INFO  benchmark_client] Sending sample transaction 713
[2026-09-10T00:02:53.584Z INFO  benchmark_client] Sending sample transaction 714
[2026-09-10T00:02:53.632Z INFO  benchmark_client] Sending sample transaction 715
[2026-09-10T00:02:53.683Z INFO  benchmark_client] Sending sample transaction 716
[2026-09-10T00:02:53.733Z INFO  benchmark_client] Sending sample transaction 717
[2026-09-10T00:02:53.783Z INFO  benchmark_client] Sending sample transaction 718
[2026-09-10T00:02:53.838Z INFO  benchmark_client] Sending sample transaction 719
[2026-09-10T00:02:53.883Z INFO  benchmark_client] Sending sample transaction 720
[2026-09-10T00:02:53.932Z INFO  benchmark_client] Sending sample transaction 721
[2026-09-10T00:02:53.983Z INFO  benchmark_client] Sending sample transaction 722
[2026-09-10T00:02:54.033Z INFO  benchmark_client] Sending sample transaction 723
[2026-09-10T00:02:54.083Z INFO  benchmark_client] Sending sample transaction 724
[2026-09-10T00:02:54.133Z INFO  benchmark_client] Sending sample transaction 725
[2026-09-10T00:02:54.183Z INFO  benchmark_client] Sending sample transaction 726
[2026-09-10T00:02:54.233Z INFO  benchmark_client] Sending sample transaction 727
[2026-09-10T00:02:54.283Z INFO  benchmark_client] Sending sample transaction 728
[2026-09-10T00:02:54.333Z INFO  benchmark_client] Sending sample transaction 729
[2026-09-10T00:02:54.383Z INFO  benchmark_client] Sending sample transaction 730
[2026-09-10T00:02:54.435Z INFO  benchmark_client] Sending sample transaction 731
[2026-09-10T00:02:54.482Z INFO  benchmark_client] Sending sample transaction 732
[2026-09-10T00:02:54.537Z INFO  benchmark_client] Sending sample transaction 733
[2026-09-10T00:02:54.584Z INFO  benchmark_client] Sending sample transaction 734
[2026-09-10T00:02:54.633Z INFO  benchmark_client] Sending sample transaction 735
[2026-09-10T00:02:54.683Z INFO  benchmark_client] Sending sample transaction 736
[2026-09-10T00:02:54.733Z INFO  benchmark_client] Sending sample transaction 737
[2026-09-10T00:02:54.785Z INFO  benchmark_client] Sending sample transaction 738
[2026-09-10T00:02:54.833Z INFO  benchmark_client] Sending sample transaction 739
[2026-09-10T00:02:54.887Z INFO  benchmark_client] Sending sample transaction 740
[2026-09-10T00:02:54.933Z INFO  benchmark_client] Sending sample transaction 741
[2026-09-10T00:02:54.983Z INFO  benchmark_client] Sending sample transaction 742
[2026-09-10T00:02:55.033Z INFO  benchmark_client] Sending sample transaction 743
[2026-09-10T00:02:55.085Z INFO  benchmark_client] Sending sample transaction 744
[2026-09-10T00:02:55.132Z INFO  benchmark_client] Sending sample transaction 745
[2026-09-10T00:02:55.183Z INFO  benchmark_client] Sending sample transaction 746
[2026-09-10T00:02:55.232Z INFO  benchmark_client] Sending sample transaction 747
[2026-09-10T00:02:55.283Z INFO  benchmark_client] Sending sample transaction 748
[2026-09-10T00:02:55.333Z INFO  benchmark_client] Sending sample transaction 749
[2026-09-10T00:02:55.384Z INFO  benchmark_client] Sending sample transaction 750
[2026-09-10T00:02:55.432Z INFO  benchmark_client] Sending sample transaction 751
[2026-09-10T00:02:55.482Z INFO  benchmark_client] Sending sample transaction 752
[2026-09-10T00:02:55.533Z INFO  benchmark_client] Sending sample transaction 753
[2026-09-10T00:02:55.583Z INFO  benchmark_client] Sending sample transaction 754
[2026-09-10T00:02:55.632Z INFO  benchmark_client] Sending sample transaction 755
[2026-09-10T00:02:55.682Z INFO  benchmark_client] Sending sample transaction 756
[2026-09-10T00:02:55.732Z INFO  benchmark_client] Sending sample transaction 757
[2026-09-10T00:02:55.782Z INFO  benchmark_client] Sending sample transaction 758
[2026-09-10T00:02:55.832Z INFO  benchmark_client] Sending sample transaction 759
[2026-09-10T00:02:55.882Z INFO  benchmark_client] Sending sample transaction 760
[2026-09-10T00:02:55.932Z INFO  benchmark_client] Sending sample transaction 761
[2026-09-10T00:02:55.983Z INFO  benchmark_client] Sending sample transaction 762
[2026-09-10T00:02:56.033Z INFO  benchmark_client] Sending sample transaction 763
[2026-09-10T00:02:56.082Z INFO  benchmark_client] Sending sample transaction 764
[2026-09-10T00:02:56.132Z INFO  benchmark_client] Sending sample transaction 765
[2026-09-10T00:02:56.183Z INFO  benchmark_client] Sending sample transaction 766
[2026-09-10T00:02:56.233Z INFO  benchmark_client] Sending sample transaction 767
[2026-09-10T00:02:56.284Z INFO  benchmark_client] Sending sample transaction 768
[2026-09-10T00:02:56.332Z INFO  benchmark_client] Sending sample transaction 769
[2026-09-10T00:02:56.383Z INFO  benchmark_client] Sending sample transaction 770
[2026-09-10T00:02:56.433Z INFO  benchmark_client] Sending sample transaction 771
[2026-09-10T00:02:56.483Z INFO  benchmark_client] Sending sample transaction 772
[2026-09-10T00:02:56.532Z INFO  benchmark_client] Sending sample transaction 773
[2026-09-10T00:02:56.583Z INFO  benchmark_client] Sending sample transaction 774
[2026-09-10T00:02:56.632Z INFO  benchmark_client] Sending sample transaction 775
[2026-09-10T00:02:56.682Z INFO  benchmark_client] Sending sample transaction 776
[2026-09-10T00:02:56.732Z INFO  benchmark_client] Sending sample transaction 777
[2026-09-10T00:02:56.782Z INFO  benchmark_client] Sending sample transaction 778
[2026-09-10T00:02:56.832Z INFO  benchmark_client] Sending sample transaction 779
[2026-09-10T00:02:56.883Z INFO  benchmark_client] Sending sample transaction 780
[2026-09-10T00:02:56.933Z INFO  benchmark_client] Sending sample transaction 781
[2026-09-10T00:02:56.983Z INFO  benchmark_client] Sending sample transaction 782
[2026-09-10T00:02:57.033Z INFO  benchmark_client] Sending sample transaction 783
[2026-09-10T00:02:57.082Z INFO  benchmark_client] Sending sample transaction 784
[2026-09-10T00:02:57.133Z INFO  benchmark_client] Sending sample transaction 785
[2026-09-10T00:02:57.183Z INFO  benchmark_client] Sending sample transaction 786
[2026-09-10T00:02:57.233Z INFO  benchmark_client] Sending sample transaction 787
[2026-09-10T00:02:57.283Z INFO  benchmark_client] Sending sample transaction 788
[2026-09-10T00:02:57.335Z INFO  benchmark_client] Sending sample transaction 789
[2026-09-10T00:02:57.383Z INFO  benchmark_client] Sending sample transaction 790
[2026-09-10T00:02:57.435Z INFO  benchmark_client] Sending sample transaction 791
[2026-09-10T00:02:57.484Z INFO  benchmark_client] Sending sample transaction 792
[2026-09-10T00:02:57.533Z INFO  benchmark_client] Sending sample transaction 793
[2026-09-10T00:02:57.583Z INFO  benchmark_client] Sending sample transaction 794
[2026-09-10T00:02:57.633Z INFO  benchmark_client] Sending sample transaction 795
[2026-09-10T00:02:57.683Z INFO  benchmark_client] Sending sample transaction 796
[2026-09-10T00:02:57.732Z INFO  benchmark_client] Sending sample transaction 797
[2026-09-10T00:02:57.782Z INFO  benchmark_client] Sending sample transaction 798
[2026-09-10T00:02:57.834Z INFO  benchmark_client] Sending sample transaction 799
[2026-09-10T00:02:57.887Z INFO  benchmark_client] Sending sample transaction 800
[2026-09-10T00:02:57.933Z INFO  benchmark_client] Sending sample transaction 801
[2026-09-10T00:02:57.983Z INFO  benchmark_client] Sending sample transaction 802
[2026-09-10T00:02:58.033Z INFO  benchmark_client] Sending sample transaction 803
[2026-09-10T00:02:58.082Z INFO  benchmark_client] Sending sample transaction 804
[2026-09-10T00:02:58.133Z INFO  benchmark_client] Sending sample transaction 805
[2026-09-10T00:02:58.182Z INFO  benchmark_client] Sending sample transaction 806
[2026-09-10T00:02:58.236Z INFO  benchmark_client] Sending sample transaction 807
[2026-09-10T00:02:58.283Z INFO  benchmark_client] Sending sample transaction 808
[2026-09-10T00:02:58.333Z INFO  benchmark_client] Sending sample transaction 809
[2026-09-10T00:02:58.384Z INFO  benchmark_client] Sending sample transaction 810
[2026-09-10T00:02:58.433Z INFO  benchmark_client] Sending sample transaction 811
[2026-09-10T00:02:58.483Z INFO  benchmark_client] Sending sample transaction 812
[2026-09-10T00:02:58.533Z INFO  benchmark_client] Sending sample transaction 813
[2026-09-10T00:02:58.584Z INFO  benchmark_client] Sending sample transaction 814
[2026-09-10T00:02:58.632Z INFO  benchmark_client] Sending sample transaction 815
[2026-09-10T00:02:58.683Z INFO  benchmark_client] Sending sample transaction 816
[2026-09-10T00:02:58.737Z INFO  benchmark_client] Sending sample transaction 817
[2026-09-10T00:02:58.783Z INFO  benchmark_client] Sending sample transaction 818
[2026-09-10T00:02:58.836Z INFO  benchmark_client] Sending sample transaction 819
[2026-09-10T00:02:58.883Z INFO  benchmark_client] Sending sample transaction 820
[2026-09-10T00:02:58.933Z INFO  benchmark_client] Sending sample transaction 821
[2026-09-10T00:02:58.982Z INFO  benchmark_client] Sending sample transaction 822
[2026-09-10T00:02:59.033Z INFO  benchmark_client] Sending sample transaction 823
[2026-09-10T00:02:59.084Z INFO  benchmark_client] Sending sample transaction 824
[2026-09-10T00:02:59.133Z INFO  benchmark_client] Sending sample transaction 825
[2026-09-10T00:02:59.182Z INFO  benchmark_client] Sending sample transaction 826
[2026-09-10T00:02:59.235Z INFO  benchmark_client] Sending sample transaction 827
[2026-09-10T00:02:59.283Z INFO  benchmark_client] Sending sample transaction 828
[2026-09-10T00:02:59.333Z INFO  benchmark_client] Sending sample transaction 829
[2026-09-10T00:02:59.382Z INFO  benchmark_client] Sending sample transaction 830
[2026-09-10T00:02:59.432Z INFO  benchmark_client] Sending sample transaction 831
[2026-09-10T00:02:59.482Z INFO  benchmark_client] Sending sample transaction 832
[2026-09-10T00:02:59.535Z INFO  benchmark_client] Sending sample transaction 833
[2026-09-10T00:02:59.584Z INFO  benchmark_client] Sending sample transaction 834
[2026-09-10T00:02:59.632Z INFO  benchmark_client] Sending sample transaction 835
[2026-09-10T00:02:59.682Z INFO  benchmark_client] Sending sample transaction 836
[2026-09-10T00:02:59.732Z INFO  benchmark_client] Sending sample transaction 837
[2026-09-10T00:02:59.785Z INFO  benchmark_client] Sending sample transaction 838
[2026-09-10T00:02:59.833Z INFO  benchmark_client] Sending sample transaction 839
[2026-09-10T00:02:59.883Z INFO  benchmark_client] Sending sample transaction 840
[2026-09-10T00:02:59.933Z INFO  benchmark_client] Sending sample transaction 841
[2026-09-10T00:02:59.983Z INFO  benchmark_client] Sending sample transaction 842
[2026-09-10T00:03:00.033Z INFO  benchmark_client] Sending sample transaction 843
[2026-09-10T00:03:00.083Z INFO  benchmark_client] Sending sample transaction 844
[2026-09-10T00:03:00.135Z INFO  benchmark_client] Sending sample transaction 845
[2026-09-10T00:03:00.183Z INFO  benchmark_client] Sending sample transaction 846
[2026-09-10T00:03:00.232Z INFO  benchmark_client] Sending sample transaction 847
[2026-09-10T00:03:00.289Z INFO  benchmark_client] Sending sample transaction 848
[2026-09-10T00:03:00.333Z INFO  benchmark_client] Sending sample transaction 849
[2026-09-10T00:03:00.384Z INFO  benchmark_client] Sending sample transaction 850
[2026-09-10T00:03:00.433Z INFO  benchmark_client] Sending sample transaction 851
[2026-09-10T00:03:00.483Z INFO  benchmark_client] Sending sample transaction 852
[2026-09-10T00:03:00.533Z INFO  benchmark_client] Sending sample transaction 853
[2026-09-10T00:03:00.583Z INFO  benchmark_client] Sending sample transaction 854
[2026-09-10T00:03:00.632Z INFO  benchmark_client] Sending sample transaction 855
[2026-09-10T00:03:00.682Z INFO  benchmark_client] Sending sample transaction 856
[2026-09-10T00:03:00.733Z INFO  benchmark_client] Sending sample transaction 857
[2026-09-10T00:03:00.783Z INFO  benchmark_client] Sending sample transaction 858
[2026-09-10T00:03:00.832Z INFO  benchmark_client] Sending sample transaction 859
[2026-09-10T00:03:00.883Z INFO  benchmark_client] Sending sample transaction 860
[2026-09-10T00:03:00.934Z INFO  benchmark_client] Sending sample transaction 861
[2026-09-10T00:03:00.983Z INFO  benchmark_client] Sending sample transaction 862
[2026-09-10T00:03:01.033Z INFO  benchmark_client] Sending sample transaction 863
[2026-09-10T00:03:01.082Z INFO  benchmark_client] Sending sample transaction 864
[2026-09-10T00:03:01.132Z INFO  benchmark_client] Sending sample transaction 865
[2026-09-10T00:03:01.182Z INFO  benchmark_client] Sending sample transaction 866
[2026-09-10T00:03:01.233Z INFO  benchmark_client] Sending sample transaction 867
[2026-09-10T00:03:01.283Z INFO  benchmark_client] Sending sample transaction 868
[2026-09-10T00:03:01.333Z INFO  benchmark_client] Sending sample transaction 869
[2026-09-10T00:03:01.383Z INFO  benchmark_client] Sending sample transaction 870
[2026-09-10T00:03:01.433Z INFO  benchmark_client] Sending sample transaction 871
[2026-09-10T00:03:01.483Z INFO  benchmark_client] Sending sample transaction 872
[2026-09-10T00:03:01.532Z INFO  benchmark_client] Sending sample transaction 873
[2026-09-10T00:03:01.583Z INFO  benchmark_client] Sending sample transaction 874
[2026-09-10T00:03:01.633Z INFO  benchmark_client] Sending sample transaction 875
[2026-09-10T00:03:01.683Z INFO  benchmark_client] Sending sample transaction 876
[2026-09-10T00:03:01.733Z INFO  benchmark_client] Sending sample transaction 877
[2026-09-10T00:03:01.783Z INFO  benchmark_client] Sending sample transaction 878
[2026-09-10T00:03:01.834Z INFO  benchmark_client] Sending sample transaction 879
[2026-09-10T00:03:01.883Z INFO  benchmark_client] Sending sample transaction 880
[2026-09-10T00:03:01.932Z INFO  benchmark_client] Sending sample transaction 881
[2026-09-10T00:03:01.983Z INFO  benchmark_client] Sending sample transaction 882
[2026-09-10T00:03:02.033Z INFO  benchmark_client] Sending sample transaction 883
[2026-09-10T00:03:02.082Z INFO  benchmark_client] Sending sample transaction 884
[2026-09-10T00:03:02.132Z INFO  benchmark_client] Sending sample transaction 885
[2026-09-10T00:03:02.183Z INFO  benchmark_client] Sending sample transaction 886
[2026-09-10T00:03:02.233Z INFO  benchmark_client] Sending sample transaction 887
[2026-09-10T00:03:02.283Z INFO  benchmark_client] Sending sample transaction 888
[2026-09-10T00:03:02.333Z INFO  benchmark_client] Sending sample transaction 889
[2026-09-10T00:03:02.382Z INFO  benchmark_client] Sending sample transaction 890
[2026-09-10T00:03:02.433Z INFO  benchmark_client] Sending sample transaction 891
[2026-09-10T00:03:02.483Z INFO  benchmark_client] Sending sample transaction 892
[2026-09-10T00:03:02.533Z INFO  benchmark_client] Sending sample transaction 893
[2026-09-10T00:03:02.583Z INFO  benchmark_client] Sending sample transaction 894
[2026-09-10T00:03:02.633Z INFO  benchmark_client] Sending sample transaction 895
[2026-09-10T00:03:02.683Z INFO  benchmark_client] Sending sample transaction 896
[2026-09-10T00:03:02.733Z INFO  benchmark_client] Sending sample transaction 897
[2026-09-10T00:03:02.783Z INFO  benchmark_client] Sending sample transaction 898
[2026-09-10T00:03:02.832Z INFO  benchmark_client] Sending sample transaction 899
[2026-09-10T00:03:02.883Z INFO  benchmark_client] Sending sample transaction 900
[2026-09-10T00:03:02.933Z INFO  benchmark_client] Sending sample transaction 901
[2026-09-10T00:03:02.982Z INFO  benchmark_client] Sending sample transaction 902
[2026-09-10T00:03:03.032Z INFO  benchmark_client] Sending sample transaction 903
[2026-09-10T00:03:03.082Z INFO  benchmark_client] Sending sample transaction 904
[2026-09-10T00:03:03.133Z INFO  benchmark_client] Sending sample transaction 905
[2026-09-10T00:03:03.184Z INFO  benchmark_client] Sending sample transaction 906
[2026-09-10T00:03:03.234Z INFO  benchmark_client] Sending sample transaction 907
[2026-09-10T00:03:03.283Z INFO  benchmark_client] Sending sample transaction 908
[2026-09-10T00:03:03.334Z INFO  benchmark_client] Sending sample transaction 909
[2026-09-10T00:03:03.383Z INFO  benchmark_client] Sending sample transaction 910
[2026-09-10T00:03:03.433Z INFO  benchmark_client] Sending sample transaction 911
[2026-09-10T00:03:03.483Z INFO  benchmark_client] Sending sample transaction 912
[2026-09-10T00:03:03.532Z INFO  benchmark_client] Sending sample transaction 913
[2026-09-10T00:03:03.584Z INFO  benchmark_client] Sending sample transaction 914
[2026-09-10T00:03:03.633Z INFO  benchmark_client] Sending sample transaction 915
[2026-09-10T00:03:03.683Z INFO  benchmark_client] Sending sample transaction 916
[2026-09-10T00:03:03.733Z INFO  benchmark_client] Sending sample transaction 917
[2026-09-10T00:03:03.783Z INFO  benchmark_client] Sending sample transaction 918
[2026-09-10T00:03:03.833Z INFO  benchmark_client] Sending sample transaction 919
[2026-09-10T00:03:03.883Z INFO  benchmark_client] Sending sample transaction 920
[2026-09-10T00:03:03.935Z INFO  benchmark_client] Sending sample transaction 921
[2026-09-10T00:03:03.983Z INFO  benchmark_client] Sending sample transaction 922
[2026-09-10T00:03:04.035Z INFO  benchmark_client] Sending sample transaction 923
[2026-09-10T00:03:04.083Z INFO  benchmark_client] Sending sample transaction 924
[2026-09-10T00:03:04.132Z INFO  benchmark_client] Sending sample transaction 925
[2026-09-10T00:03:04.182Z INFO  benchmark_client] Sending sample transaction 926
[2026-09-10T00:03:04.233Z INFO  benchmark_client] Sending sample transaction 927
[2026-09-10T00:03:04.283Z INFO  benchmark_client] Sending sample transaction 928
[2026-09-10T00:03:04.333Z INFO  benchmark_client] Sending sample transaction 929
[2026-09-10T00:03:04.383Z INFO  benchmark_client] Sending sample transaction 930
[2026-09-10T00:03:04.434Z INFO  benchmark_client] Sending sample transaction 931
[2026-09-10T00:03:04.483Z INFO  benchmark_client] Sending sample transaction 932
[2026-09-10T00:03:04.534Z INFO  benchmark_client] Sending sample transaction 933
[2026-09-10T00:03:04.582Z INFO  benchmark_client] Sending sample transaction 934
[2026-09-10T00:03:04.632Z INFO  benchmark_client] Sending sample transaction 935
[2026-09-10T00:03:04.686Z INFO  benchmark_client] Sending sample transaction 936
[2026-09-10T00:03:04.733Z INFO  benchmark_client] Sending sample transaction 937
[2026-09-10T00:03:04.783Z INFO  benchmark_client] Sending sample transaction 938
[2026-09-10T00:03:04.833Z INFO  benchmark_client] Sending sample transaction 939
[2026-09-10T00:03:04.882Z INFO  benchmark_client] Sending sample transaction 940
[2026-09-10T00:03:04.936Z INFO  benchmark_client] Sending sample transaction 941
[2026-09-10T00:03:04.983Z INFO  benchmark_client] Sending sample transaction 942
[2026-09-10T00:03:05.034Z INFO  benchmark_client] Sending sample transaction 943
[2026-09-10T00:03:05.085Z INFO  benchmark_client] Sending sample transaction 944
[2026-09-10T00:03:05.132Z INFO  benchmark_client] Sending sample transaction 945
[2026-09-10T00:03:05.182Z INFO  benchmark_client] Sending sample transaction 946
[2026-09-10T00:03:05.233Z INFO  benchmark_client] Sending sample transaction 947
[2026-09-10T00:03:05.283Z INFO  benchmark_client] Sending sample transaction 948
[2026-09-10T00:03:05.333Z INFO  benchmark_client] Sending sample transaction 949
[2026-09-10T00:03:05.384Z INFO  benchmark_client] Sending sample transaction 950
[2026-09-10T00:03:05.433Z INFO  benchmark_client] Sending sample transaction 951
[2026-09-10T00:03:05.483Z INFO  benchmark_client] Sending sample transaction 952
[2026-09-10T00:03:05.533Z INFO  benchmark_client] Sending sample transaction 953
[2026-09-10T00:03:05.583Z INFO  benchmark_client] Sending sample transaction 954
[2026-09-10T00:03:05.633Z INFO  benchmark_client] Sending sample transaction 955
[2026-09-10T00:03:05.683Z INFO  benchmark_client] Sending sample transaction 956
[2026-09-10T00:03:05.734Z INFO  benchmark_client] Sending sample transaction 957
[2026-09-10T00:03:05.783Z INFO  benchmark_client] Sending sample transaction 958
[2026-09-10T00:03:05.833Z INFO  benchmark_client] Sending sample transaction 959
[2026-09-10T00:03:05.883Z INFO  benchmark_client] Sending sample transaction 960
[2026-09-10T00:03:05.933Z INFO  benchmark_client] Sending sample transaction 961
[2026-09-10T00:03:05.984Z INFO  benchmark_client] Sending sample transaction 962
[2026-09-10T00:03:06.033Z INFO  benchmark_client] Sending sample transaction 963
[2026-09-10T00:03:06.083Z INFO  benchmark_client] Sending sample transaction 964
[2026-09-10T00:03:06.133Z INFO  benchmark_client] Sending sample transaction 965
[2026-09-10T00:03:06.183Z INFO  benchmark_client] Sending sample transaction 966
[2026-09-10T00:03:06.233Z INFO  benchmark_client] Sending sample transaction 967
[2026-09-10T00:03:06.283Z INFO  benchmark_client] Sending sample transaction 968
[2026-09-10T00:03:06.332Z INFO  benchmark_client] Sending sample transaction 969
[2026-09-10T00:03:06.384Z INFO  benchmark_client] Sending sample transaction 970
[2026-09-10T00:03:06.433Z INFO  benchmark_client] Sending sample transaction 971
[2026-09-10T00:03:06.483Z INFO  benchmark_client] Sending sample transaction 972
[2026-09-10T00:03:06.532Z INFO  benchmark_client] Sending sample transaction 973
[2026-09-10T00:03:06.583Z INFO  benchmark_client] Sending sample transaction 974
[2026-09-10T00:03:06.633Z INFO  benchmark_client] Sending sample transaction 975
[2026-09-10T00:03:06.683Z INFO  benchmark_client] Sending sample transaction 976
[2026-09-10T00:03:06.733Z INFO  benchmark_client] Sending sample transaction 977
[2026-09-10T00:03:06.783Z INFO  benchmark_client] Sending sample transaction 978
[2026-09-10T00:03:06.833Z INFO  benchmark_client] Sending sample transaction 979
[2026-09-10T00:03:06.883Z INFO  benchmark_client] Sending sample transaction 980
[2026-09-10T00:03:06.932Z INFO  benchmark_client] Sending sample transaction 981
[2026-09-10T00:03:06.984Z INFO  benchmark_client] Sending sample transaction 982
[2026-09-10T00:03:07.034Z INFO  benchmark_client] Sending sample transaction 983
[2026-09-10T00:03:07.083Z INFO  benchmark_client] Sending sample transaction 984
[2026-09-10T00:03:07.132Z INFO  benchmark_client] Sending sample transaction 985
[2026-09-10T00:03:07.183Z INFO  benchmark_client] Sending sample transaction 986
[2026-09-10T00:03:07.233Z INFO  benchmark_client] Sending sample transaction 987
[2026-09-10T00:03:07.282Z INFO  benchmark_client] Sending sample transaction 988
[2026-09-10T00:03:07.332Z INFO  benchmark_client] Sending sample transaction 989
[2026-09-10T00:03:07.382Z INFO  benchmark_client] Sending sample transaction 990
[2026-09-10T00:03:07.433Z INFO  benchmark_client] Sending sample transaction 991
[2026-09-10T00:03:07.483Z INFO  benchmark_client] Sending sample transaction 992
[2026-09-10T00:03:07.533Z INFO  benchmark_client] Sending sample transaction 993
[2026-09-10T00:03:07.582Z INFO  benchmark_client] Sending sample transaction 994
[2026-09-10T00:03:07.632Z INFO  benchmark_client] Sending sample transaction 995
[2026-09-10T00:03:07.683Z INFO  benchmark_client] Sending sample transaction 996
[2026-09-10T00:03:07.732Z INFO  benchmark_client] Sending sample transaction 997
[2026-09-10T00:03:07.783Z INFO  benchmark_client] Sending sample transaction 998
[2026-09-10T00:03:07.833Z INFO  benchmark_client] Sending sample transaction 999
[2026-09-10T00:03:07.885Z INFO  benchmark_client] Sending sample transaction 1000
[2026-09-10T00:03:07.934Z INFO  benchmark_client] Sending sample transaction 1001
[2026-09-10T00:03:07.983Z INFO  benchmark_client] Sending sample transaction 1002
[2026-09-10T00:03:08.034Z INFO  benchmark_client] Sending sample transaction 1003
[2026-09-10T00:03:08.084Z INFO  benchmark_client] Sending sample transaction 1004
[2026-09-10T00:03:08.133Z INFO  benchmark_client] Sending sample transaction 1005
[2026-09-10T00:03:08.182Z INFO  benchmark_client] Sending sample transaction 1006
[2026-09-10T00:03:08.234Z INFO  benchmark_client] Sending sample transaction 1007
[2026-09-10T00:03:08.283Z INFO  benchmark_client] Sending sample transaction 1008
[2026-09-10T00:03:08.334Z INFO  benchmark_client] Sending sample transaction 1009
[2026-09-10T00:03:08.383Z INFO  benchmark_client] Sending sample transaction 1010
[2026-09-10T00:03:08.433Z INFO  benchmark_client] Sending sample transaction 1011
[2026-09-10T00:03:08.483Z INFO  benchmark_client] Sending sample transaction 1012
[2026-09-10T00:03:08.533Z INFO  benchmark_client] Sending sample transaction 1013
[2026-09-10T00:03:08.583Z INFO  benchmark_client] Sending sample transaction 1014
[2026-09-10T00:03:08.633Z INFO  benchmark_client] Sending sample transaction 1015
[2026-09-10T00:03:08.683Z INFO  benchmark_client] Sending sample transaction 1016
[2026-09-10T00:03:08.733Z INFO  benchmark_client] Sending sample transaction 1017
[2026-09-10T00:03:08.783Z INFO  benchmark_client] Sending sample transaction 1018
[2026-09-10T00:03:08.834Z INFO  benchmark_client] Sending sample transaction 1019
[2026-09-10T00:03:08.883Z INFO  benchmark_client] Sending sample transaction 1020
[2026-09-10T00:03:08.933Z INFO  benchmark_client] Sending sample transaction 1021
[2026-09-10T00:03:08.982Z INFO  benchmark_client] Sending sample transaction 1022
[2026-09-10T00:03:09.033Z INFO  benchmark_client] Sending sample transaction 1023
[2026-09-10T00:03:09.083Z INFO  benchmark_client] Sending sample transaction 1024
[2026-09-10T00:03:09.133Z INFO  benchmark_client] Sending sample transaction 1025
[2026-09-10T00:03:09.183Z INFO  benchmark_client] Sending sample transaction 1026
[2026-09-10T00:03:09.233Z INFO  benchmark_client] Sending sample transaction 1027
[2026-09-10T00:03:09.283Z INFO  benchmark_client] Sending sample transaction 1028
[2026-09-10T00:03:09.333Z INFO  benchmark_client] Sending sample transaction 1029
[2026-09-10T00:03:09.385Z INFO  benchmark_client] Sending sample transaction 1030
[2026-09-10T00:03:09.434Z INFO  benchmark_client] Sending sample transaction 1031
[2026-09-10T00:03:09.483Z INFO  benchmark_client] Sending sample transaction 1032
[2026-09-10T00:03:09.533Z INFO  benchmark_client] Sending sample transaction 1033
[2026-09-10T00:03:09.582Z INFO  benchmark_client] Sending sample transaction 1034
[2026-09-10T00:03:09.632Z INFO  benchmark_client] Sending sample transaction 1035
[2026-09-10T00:03:09.682Z INFO  benchmark_client] Sending sample transaction 1036
[2026-09-10T00:03:09.732Z INFO  benchmark_client] Sending sample transaction 1037
[2026-09-10T00:03:09.783Z INFO  benchmark_client] Sending sample transaction 1038
[2026-09-10T00:03:09.833Z INFO  benchmark_client] Sending sample transaction 1039
[2026-09-10T00:03:09.882Z INFO  benchmark_client] Sending sample transaction 1040
[2026-09-10T00:03:09.932Z INFO  benchmark_client] Sending sample transaction 1041
[2026-09-10T00:03:09.982Z INFO  benchmark_client] Sending sample transaction 1042
[2026-09-10T00:03:10.035Z INFO  benchmark_client] Sending sample transaction 1043
[2026-09-10T00:03:10.083Z INFO  benchmark_client] Sending sample transaction 1044
[2026-09-10T00:03:10.134Z INFO  benchmark_client] Sending sample transaction 1045
[2026-09-10T00:03:10.183Z INFO  benchmark_client] Sending sample transaction 1046
[2026-09-10T00:03:10.234Z INFO  benchmark_client] Sending sample transaction 1047
[2026-09-10T00:03:10.285Z INFO  benchmark_client] Sending sample transaction 1048
[2026-09-10T00:03:10.333Z INFO  benchmark_client] Sending sample transaction 1049
[2026-09-10T00:03:10.383Z INFO  benchmark_client] Sending sample transaction 1050
[2026-09-10T00:03:10.433Z INFO  benchmark_client] Sending sample transaction 1051
[2026-09-10T00:03:10.483Z INFO  benchmark_client] Sending sample transaction 1052
[2026-09-10T00:03:10.533Z INFO  benchmark_client] Sending sample transaction 1053
[2026-09-10T00:03:10.584Z INFO  benchmark_client] Sending sample transaction 1054
[2026-09-10T00:03:10.633Z INFO  benchmark_client] Sending sample transaction 1055
[2026-09-10T00:03:10.683Z INFO  benchmark_client] Sending sample transaction 1056
[2026-09-10T00:03:10.733Z INFO  benchmark_client] Sending sample transaction 1057
[2026-09-10T00:03:10.783Z INFO  benchmark_client] Sending sample transaction 1058
[2026-09-10T00:03:10.834Z INFO  benchmark_client] Sending sample transaction 1059
[2026-09-10T00:03:10.883Z INFO  benchmark_client] Sending sample transaction 1060
[2026-09-10T00:03:10.933Z INFO  benchmark_client] Sending sample transaction 1061
[2026-09-10T00:03:10.983Z INFO  benchmark_client] Sending sample transaction 1062
[2026-09-10T00:03:11.033Z INFO  benchmark_client] Sending sample transaction 1063
[2026-09-10T00:03:11.083Z INFO  benchmark_client] Sending sample transaction 1064
[2026-09-10T00:03:11.133Z INFO  benchmark_client] Sending sample transaction 1065
[2026-09-10T00:03:11.184Z INFO  benchmark_client] Sending sample transaction 1066
[2026-09-10T00:03:11.233Z INFO  benchmark_client] Sending sample transaction 1067
[2026-09-10T00:03:11.283Z INFO  benchmark_client] Sending sample transaction 1068
[2026-09-10T00:03:11.333Z INFO  benchmark_client] Sending sample transaction 1069
[2026-09-10T00:03:11.382Z INFO  benchmark_client] Sending sample transaction 1070
[2026-09-10T00:03:11.433Z INFO  benchmark_client] Sending sample transaction 1071
[2026-09-10T00:03:11.483Z INFO  benchmark_client] Sending sample transaction 1072
[2026-09-10T00:03:11.533Z INFO  benchmark_client] Sending sample transaction 1073
[2026-09-10T00:03:11.586Z INFO  benchmark_client] Sending sample transaction 1074
[2026-09-10T00:03:11.633Z INFO  benchmark_client] Sending sample transaction 1075
[2026-09-10T00:03:11.685Z INFO  benchmark_client] Sending sample transaction 1076
[2026-09-10T00:03:11.733Z INFO  benchmark_client] Sending sample transaction 1077
[2026-09-10T00:03:11.783Z INFO  benchmark_client] Sending sample transaction 1078
[2026-09-10T00:03:11.834Z INFO  benchmark_client] Sending sample transaction 1079
[2026-09-10T00:03:11.885Z INFO  benchmark_client] Sending sample transaction 1080
[2026-09-10T00:03:11.933Z INFO  benchmark_client] Sending sample transaction 1081
[2026-09-10T00:03:11.983Z INFO  benchmark_client] Sending sample transaction 1082
[2026-09-10T00:03:12.033Z INFO  benchmark_client] Sending sample transaction 1083
[2026-09-10T00:03:12.083Z INFO  benchmark_client] Sending sample transaction 1084
[2026-09-10T00:03:12.133Z INFO  benchmark_client] Sending sample transaction 1085
[2026-09-10T00:03:12.183Z INFO  benchmark_client] Sending sample transaction 1086
[2026-09-10T00:03:12.233Z INFO  benchmark_client] Sending sample transaction 1087
[2026-09-10T00:03:12.283Z INFO  benchmark_client] Sending sample transaction 1088
[2026-09-10T00:03:12.334Z INFO  benchmark_client] Sending sample transaction 1089
[2026-09-10T00:03:12.384Z INFO  benchmark_client] Sending sample transaction 1090
[2026-09-10T00:03:12.433Z INFO  benchmark_client] Sending sample transaction 1091
[2026-09-10T00:03:12.483Z INFO  benchmark_client] Sending sample transaction 1092
[2026-09-10T00:03:12.534Z INFO  benchmark_client] Sending sample transaction 1093
[2026-09-10T00:03:12.582Z INFO  benchmark_client] Sending sample transaction 1094
[2026-09-10T00:03:12.633Z INFO  benchmark_client] Sending sample transaction 1095
[2026-09-10T00:03:12.683Z INFO  benchmark_client] Sending sample transaction 1096
[2026-09-10T00:03:12.735Z INFO  benchmark_client] Sending sample transaction 1097
[2026-09-10T00:03:12.783Z INFO  benchmark_client] Sending sample transaction 1098
[2026-09-10T00:03:12.833Z INFO  benchmark_client] Sending sample transaction 1099
[2026-09-10T00:03:12.882Z INFO  benchmark_client] Sending sample transaction 1100
[2026-09-10T00:03:12.932Z INFO  benchmark_client] Sending sample transaction 1101
[2026-09-10T00:03:12.982Z INFO  benchmark_client] Sending sample transaction 1102
[2026-09-10T00:03:13.033Z INFO  benchmark_client] Sending sample transaction 1103
[2026-09-10T00:03:13.083Z INFO  benchmark_client] Sending sample transaction 1104
[2026-09-10T00:03:13.133Z INFO  benchmark_client] Sending sample transaction 1105
[2026-09-10T00:03:13.184Z INFO  benchmark_client] Sending sample transaction 1106
[2026-09-10T00:03:13.233Z INFO  benchmark_client] Sending sample transaction 1107
[2026-09-10T00:03:13.283Z INFO  benchmark_client] Sending sample transaction 1108
[2026-09-10T00:03:13.334Z INFO  benchmark_client] Sending sample transaction 1109
[2026-09-10T00:03:13.384Z INFO  benchmark_client] Sending sample transaction 1110
[2026-09-10T00:03:13.433Z INFO  benchmark_client] Sending sample transaction 1111
[2026-09-10T00:03:13.483Z INFO  benchmark_client] Sending sample transaction 1112
[2026-09-10T00:03:13.535Z INFO  benchmark_client] Sending sample transaction 1113
[2026-09-10T00:03:13.583Z INFO  benchmark_client] Sending sample transaction 1114
[2026-09-10T00:03:13.633Z INFO  benchmark_client] Sending sample transaction 1115
[2026-09-10T00:03:13.686Z INFO  benchmark_client] Sending sample transaction 1116
[2026-09-10T00:03:13.733Z INFO  benchmark_client] Sending sample transaction 1117
[2026-09-10T00:03:13.784Z INFO  benchmark_client] Sending sample transaction 1118
[2026-09-10T00:03:13.833Z INFO  benchmark_client] Sending sample transaction 1119
[2026-09-10T00:03:13.882Z INFO  benchmark_client] Sending sample transaction 1120
[2026-09-10T00:03:13.936Z INFO  benchmark_client] Sending sample transaction 1121
[2026-09-10T00:03:13.983Z INFO  benchmark_client] Sending sample transaction 1122
[2026-09-10T00:03:14.033Z INFO  benchmark_client] Sending sample transaction 1123
[2026-09-10T00:03:14.084Z INFO  benchmark_client] Sending sample transaction 1124
[2026-09-10T00:03:14.135Z INFO  benchmark_client] Sending sample transaction 1125
[2026-09-10T00:03:14.183Z INFO  benchmark_client] Sending sample transaction 1126
[2026-09-10T00:03:14.233Z INFO  benchmark_client] Sending sample transaction 1127
[2026-09-10T00:03:14.284Z INFO  benchmark_client] Sending sample transaction 1128
[2026-09-10T00:03:14.334Z INFO  benchmark_client] Sending sample transaction 1129
[2026-09-10T00:03:14.384Z INFO  benchmark_client] Sending sample transaction 1130
[2026-09-10T00:03:14.433Z INFO  benchmark_client] Sending sample transaction 1131
[2026-09-10T00:03:14.485Z INFO  benchmark_client] Sending sample transaction 1132
[2026-09-10T00:03:14.533Z INFO  benchmark_client] Sending sample transaction 1133
[2026-09-10T00:03:14.583Z INFO  benchmark_client] Sending sample transaction 1134
[2026-09-10T00:03:14.633Z INFO  benchmark_client] Sending sample transaction 1135
[2026-09-10T00:03:14.683Z INFO  benchmark_client] Sending sample transaction 1136
[2026-09-10T00:03:14.733Z INFO  benchmark_client] Sending sample transaction 1137
[2026-09-10T00:03:14.784Z INFO  benchmark_client] Sending sample transaction 1138
[2026-09-10T00:03:14.833Z INFO  benchmark_client] Sending sample transaction 1139
[2026-09-10T00:03:14.883Z INFO  benchmark_client] Sending sample transaction 1140
[2026-09-10T00:03:14.933Z INFO  benchmark_client] Sending sample transaction 1141
[2026-09-10T00:03:14.983Z INFO  benchmark_client] Sending sample transaction 1142
[2026-09-10T00:03:15.035Z INFO  benchmark_client] Sending sample transaction 1143
[2026-09-10T00:03:15.083Z INFO  benchmark_client] Sending sample transaction 1144
[2026-09-10T00:03:15.134Z INFO  benchmark_client] Sending sample transaction 1145
[2026-09-10T00:03:15.183Z INFO  benchmark_client] Sending sample transaction 1146
[2026-09-10T00:03:15.233Z INFO  benchmark_client] Sending sample transaction 1147
[2026-09-10T00:03:15.283Z INFO  benchmark_client] Sending sample transaction 1148
[2026-09-10T00:03:15.333Z INFO  benchmark_client] Sending sample transaction 1149
[2026-09-10T00:03:15.383Z INFO  benchmark_client] Sending sample transaction 1150
[2026-09-10T00:03:15.435Z INFO  benchmark_client] Sending sample transaction 1151
[2026-09-10T00:03:15.483Z INFO  benchmark_client] Sending sample transaction 1152
[2026-09-10T00:03:15.533Z INFO  benchmark_client] Sending sample transaction 1153
[2026-09-10T00:03:15.583Z INFO  benchmark_client] Sending sample transaction 1154
[2026-09-10T00:03:15.635Z INFO  benchmark_client] Sending sample transaction 1155
[2026-09-10T00:03:15.683Z INFO  benchmark_client] Sending sample transaction 1156
[2026-09-10T00:03:15.735Z INFO  benchmark_client] Sending sample transaction 1157
[2026-09-10T00:03:15.783Z INFO  benchmark_client] Sending sample transaction 1158
[2026-09-10T00:03:15.833Z INFO  benchmark_client] Sending sample transaction 1159
[2026-09-10T00:03:15.884Z INFO  benchmark_client] Sending sample transaction 1160
[2026-09-10T00:03:15.933Z INFO  benchmark_client] Sending sample transaction 1161
[2026-09-10T00:03:15.986Z INFO  benchmark_client] Sending sample transaction 1162
[2026-09-10T00:03:16.033Z INFO  benchmark_client] Sending sample transaction 1163
[2026-09-10T00:03:16.083Z INFO  benchmark_client] Sending sample transaction 1164
[2026-09-10T00:03:16.133Z INFO  benchmark_client] Sending sample transaction 1165
[2026-09-10T00:03:16.184Z INFO  benchmark_client] Sending sample transaction 1166
[2026-09-10T00:03:16.233Z INFO  benchmark_client] Sending sample transaction 1167
[2026-09-10T00:03:16.284Z INFO  benchmark_client] Sending sample transaction 1168
[2026-09-10T00:03:16.333Z INFO  benchmark_client] Sending sample transaction 1169
[2026-09-10T00:03:16.383Z INFO  benchmark_client] Sending sample transaction 1170
[2026-09-10T00:03:16.433Z INFO  benchmark_client] Sending sample transaction 1171
[2026-09-10T00:03:16.483Z INFO  benchmark_client] Sending sample transaction 1172
[2026-09-10T00:03:16.533Z INFO  benchmark_client] Sending sample transaction 1173
[2026-09-10T00:03:16.585Z INFO  benchmark_client] Sending sample transaction 1174
[2026-09-10T00:03:16.633Z INFO  benchmark_client] Sending sample transaction 1175
[2026-09-10T00:03:16.685Z INFO  benchmark_client] Sending sample transaction 1176
[2026-09-10T00:03:16.733Z INFO  benchmark_client] Sending sample transaction 1177
[2026-09-10T00:03:16.784Z INFO  benchmark_client] Sending sample transaction 1178
[2026-09-10T00:03:16.833Z INFO  benchmark_client] Sending sample transaction 1179
[2026-09-10T00:03:16.883Z INFO  benchmark_client] Sending sample transaction 1180
[2026-09-10T00:03:16.933Z INFO  benchmark_client] Sending sample transaction 1181
[2026-09-10T00:03:16.983Z INFO  benchmark_client] Sending sample transaction 1182
[2026-09-10T00:03:17.033Z INFO  benchmark_client] Sending sample transaction 1183
[2026-09-10T00:03:17.083Z INFO  benchmark_client] Sending sample transaction 1184
[2026-09-10T00:03:17.133Z INFO  benchmark_client] Sending sample transaction 1185
[2026-09-10T00:03:17.183Z INFO  benchmark_client] Sending sample transaction 1186
[2026-09-10T00:03:17.233Z INFO  benchmark_client] Sending sample transaction 1187
[2026-09-10T00:03:17.283Z INFO  benchmark_client] Sending sample transaction 1188
[2026-09-10T00:03:17.333Z INFO  benchmark_client] Sending sample transaction 1189
[2026-09-10T00:03:17.385Z INFO  benchmark_client] Sending sample transaction 1190
[2026-09-10T00:03:17.433Z INFO  benchmark_client] Sending sample transaction 1191
[2026-09-10T00:03:17.483Z INFO  benchmark_client] Sending sample transaction 1192
[2026-09-10T00:03:17.535Z INFO  benchmark_client] Sending sample transaction 1193
[2026-09-10T00:03:17.583Z INFO  benchmark_client] Sending sample transaction 1194
[2026-09-10T00:03:17.633Z INFO  benchmark_client] Sending sample transaction 1195
[2026-09-10T00:03:17.683Z INFO  benchmark_client] Sending sample transaction 1196
