[2026-09-10T00:02:18.296Z INFO  benchmark_client] Node address: 34.139.250.57:5018
[2026-09-10T00:02:18.296Z INFO  benchmark_client] Transactions size: 512 B
[2026-09-10T00:02:18.296Z INFO  benchmark_client] Transactions rate: 12000 tx/s
[2026-09-10T00:02:18.296Z INFO  benchmark_client] Waiting for all nodes to be online...
[2026-09-10T00:02:18.519Z INFO  benchmark_client] Start sending transactions
[2026-09-10T00:02:18.520Z INFO  benchmark_client] Sending sample transaction 0
[2026-09-10T00:02:18.571Z INFO  benchmark_client] Sending sample transaction 1
[2026-09-10T00:02:18.620Z INFO  benchmark_client] Sending sample transaction 2
[2026-09-10T00:02:18.670Z INFO  benchmark_client] Sending sample transaction 3
[2026-09-10T00:02:18.721Z INFO  benchmark_client] Sending sample transaction 4
[2026-09-10T00:02:18.771Z INFO  benchmark_client] Sending sample transaction 5
[2026-09-10T00:02:18.821Z INFO  benchmark_client] Sending sample transaction 6
[2026-09-10T00:02:18.871Z INFO  benchmark_client] Sending sample transaction 7
[2026-09-10T00:02:18.921Z INFO  benchmark_client] Sending sample transaction 8
[2026-09-10T00:02:18.971Z INFO  benchmark_client] Sending sample transaction 9
[2026-09-10T00:02:19.020Z INFO  benchmark_client] Sending sample transaction 10
[2026-09-10T00:02:19.071Z INFO  benchmark_client] Sending sample transaction 11
[2026-09-10T00:02:19.121Z INFO  benchmark_client] Sending sample transaction 12
[2026-09-10T00:02:19.171Z INFO  benchmark_client] Sending sample transaction 13
[2026-09-10T00:02:19.220Z INFO  benchmark_client] Sending sample transaction 14
[2026-09-10T00:02:19.271Z INFO  benchmark_client] Sending sample transaction 15
[2026-09-10T00:02:19.321Z INFO  benchmark_client] Sending sample transaction 16
[2026-09-10T00:02:19.371Z INFO  benchmark_client] Sending sample transaction 17
[2026-09-10T00:02:19.421Z INFO  benchmark_client] Sending sample transaction 18
[2026-09-10T00:02:19.470Z INFO  benchmark_client] Sending sample transaction 19
[2026-09-10T00:02:19.522Z INFO  benchmark_client] Sending sample transaction 20
[2026-09-10T00:02:19.571Z INFO  benchmark_client] Sending sample transaction 21
[2026-09-10T00:02:19.621Z INFO  benchmark_client] Sending sample transaction 22
[2026-09-10T00:02:19.671Z INFO  benchmark_client] Sending sample transaction 23
[2026-09-10T00:02:19.722Z INFO  benchmark_client] Sending sample transaction 24
[2026-09-10T00:02:19.771Z INFO  benchmark_client] Sending sample transaction 25
[2026-09-10T00:02:19.820Z INFO  benchmark_client] Sending sample transaction 26
[2026-09-10T00:02:19.874Z INFO  benchmark_client] Sending sample transaction 27
[2026-09-10T00:02:19.924Z INFO  benchmark_client] Sending sample transaction 28
[2026-09-10T00:02:19.971Z INFO  benchmark_client] Sending sample transaction 29
[2026-09-10T00:02:20.021Z INFO  benchmark_client] Sending sample transaction 30
[2026-09-10T00:02:20.070Z INFO  benchmark_client] Sending sample transaction 31
[2026-09-10T00:02:20.121Z INFO  benchmark_client] Sending sample transaction 32
[2026-09-10T00:02:20.171Z INFO  benchmark_client] Sending sample transaction 33
[2026-09-10T00:02:20.220Z INFO  benchmark_client] Sending sample transaction 34
[2026-09-10T00:02:20.271Z INFO  benchmark_client] Sending sample transaction 35
[2026-09-10T00:02:20.321Z INFO  benchmark_client] Sending sample transaction 36
[2026-09-10T00:02:20.371Z INFO  benchmark_client] Sending sample transaction 37
[2026-09-10T00:02:20.422Z INFO  benchmark_client] Sending sample transaction 38
[2026-09-10T00:02:20.470Z INFO  benchmark_client] Sending sample transaction 39
[2026-09-10T00:02:20.521Z INFO  benchmark_client] Sending sample transaction 40
[2026-09-10T00:02:20.571Z INFO  benchmark_client] Sending sample transaction 41
[2026-09-10T00:02:20.621Z INFO  benchmark_client] Sending sample transaction 42
[2026-09-10T00:02:20.670Z INFO  benchmark_client] Sending sample transaction 43
[2026-09-10T00:02:20.721Z INFO  benchmark_client] Sending sample transaction 44
[2026-09-10T00:02:20.770Z INFO  benchmark_client] Sending sample transaction 45
[2026-09-10T00:02:20.821Z INFO  benchmark_client] Sending sample transaction 46
[2026-09-10T00:02:20.872Z INFO  benchmark_client] Sending sample transaction 47
[2026-09-10T00:02:20.921Z INFO  benchmark_client] Sending sample transaction 48
[2026-09-10T00:02:20.971Z INFO  benchmark_client] Sending sample transaction 49
[2026-09-10T00:02:21.021Z INFO  benchmark_client] Sending sample transaction 50
[2026-09-10T00:02:21.071Z INFO  benchmark_client] Sending sample transaction 51
[2026-09-10T00:02:21.121Z INFO  benchmark_client] Sending sample transaction 52
[2026-09-10T00:02:21.171Z INFO  benchmark_client] Sending sample transaction 53
[2026-09-10T00:02:21.221Z INFO  benchmark_client] Sending sample transaction 54
[2026-09-10T00:02:21.271Z INFO  benchmark_client] Sending sample transaction 55
[2026-09-10T00:02:21.322Z INFO  benchmark_client] Sending sample transaction 56
[2026-09-10T00:02:21.371Z INFO  benchmark_client] Sending sample transaction 57
[2026-09-10T00:02:21.421Z INFO  benchmark_client] Sending sample transaction 58
[2026-09-10T00:02:21.471Z INFO  benchmark_client] Sending sample transaction 59
[2026-09-10T00:02:21.520Z INFO  benchmark_client] Sending sample transaction 60
[2026-09-10T00:02:21.570Z INFO  benchmark_client] Sending sample transaction 61
[2026-09-10T00:02:21.621Z INFO  benchmark_client] Sending sample transaction 62
[2026-09-10T00:02:21.670Z INFO  benchmark_client] Sending sample transaction 63
[2026-09-10T00:02:21.721Z INFO  benchmark_client] Sending sample transaction 64
[2026-09-10T00:02:21.771Z INFO  benchmark_client] Sending sample transaction 65
[2026-09-10T00:02:21.820Z INFO  benchmark_client] Sending sample transaction 66
[2026-09-10T00:02:21.870Z INFO  benchmark_client] Sending sample transaction 67
[2026-09-10T00:02:21.920Z INFO  benchmark_client] Sending sample transaction 68
[2026-09-10T00:02:21.970Z INFO  benchmark_client] Sending sample transaction 69
[2026-09-10T00:02:22.021Z INFO  benchmark_client] Sending sample transaction 70
[2026-09-10T00:02:22.070Z INFO  benchmark_client] Sending sample transaction 71
[2026-09-10T00:02:22.121Z INFO  benchmark_client] Sending sample transaction 72
[2026-09-10T00:02:22.172Z INFO  benchmark_client] Sending sample transaction 73
[2026-09-10T00:02:22.222Z INFO  benchmark_client] Sending sample transaction 74
[2026-09-10T00:02:22.270Z INFO  benchmark_client] Sending sample transaction 75
[2026-09-10T00:02:22.321Z INFO  benchmark_client] Sending sample transaction 76
[2026-09-10T00:02:22.371Z INFO  benchmark_client] Sending sample transaction 77
[2026-09-10T00:02:22.420Z INFO  benchmark_client] Sending sample transaction 78
[2026-09-10T00:02:22.470Z INFO  benchmark_client] Sending sample transaction 79
[2026-09-10T00:02:22.520Z INFO  benchmark_client] Sending sample transaction 80
[2026-09-10T00:02:22.571Z INFO  benchmark_client] Sending sample transaction 81
[2026-09-10T00:02:22.620Z INFO  benchmark_client] Sending sample transaction 82
[2026-09-10T00:02:22.670Z INFO  benchmark_client] Sending sample transaction 83
[2026-09-10T00:02:22.721Z INFO  benchmark_client] Sending sample transaction 84
[2026-09-10T00:02:22.772Z INFO  benchmark_client] Sending sample transaction 85
[2026-09-10T00:02:22.821Z INFO  benchmark_client] Sending sample transaction 86
[2026-09-10T00:02:22.870Z INFO  benchmark_client] Sending sample transaction 87
[2026-09-10T00:02:22.921Z INFO  benchmark_client] Sending sample transaction 88
[2026-09-10T00:02:22.970Z INFO  benchmark_client] Sending sample transaction 89
[2026-09-10T00:02:23.025Z INFO  benchmark_client] Sending sample transaction 90
[2026-09-10T00:02:23.070Z INFO  benchmark_client] Sending sample transaction 91
[2026-09-10T00:02:23.121Z INFO  benchmark_client] Sending sample transaction 92
[2026-09-10T00:02:23.171Z INFO  benchmark_client] Sending sample transaction 93
[2026-09-10T00:02:23.221Z INFO  benchmark_client] Sending sample transaction 94
[2026-09-10T00:02:23.270Z INFO  benchmark_client] Sending sample transaction 95
[2026-09-10T00:02:23.321Z INFO  benchmark_client] Sending sample transaction 96
[2026-09-10T00:02:23.371Z INFO  benchmark_client] Sending sample transaction 97
[2026-09-10T00:02:23.421Z INFO  benchmark_client] Sending sample transaction 98
[2026-09-10T00:02:23.471Z INFO  benchmark_client] Sending sample transaction 99
[2026-09-10T00:02:23.520Z INFO  benchmark_client] Sending sample transaction 100
[2026-09-10T00:02:23.571Z INFO  benchmark_client] Sending sample transaction 101
[2026-09-10T00:02:23.620Z INFO  benchmark_client] Sending sample transaction 102
[2026-09-10T00:02:23.671Z INFO  benchmark_client] Sending sample transaction 103
[2026-09-10T00:02:23.720Z INFO  benchmark_client] Sending sample transaction 104
[2026-09-10T00:02:23.771Z INFO  benchmark_client] Sending sample transaction 105
[2026-09-10T00:02:23.821Z INFO  benchmark_client] Sending sample transaction 106
[2026-09-10T00:02:23.871Z INFO  benchmark_client] Sending sample transaction 107
[2026-09-10T00:02:23.921Z INFO  benchmark_client] Sending sample transaction 108
[2026-09-10T00:02:23.970Z INFO  benchmark_client] Sending sample transaction 109
[2026-09-10T00:02:24.022Z INFO  benchmark_client] Sending sample transaction 110
[2026-09-10T00:02:24.070Z INFO  benchmark_client] Sending sample transaction 111
[2026-09-10T00:02:24.121Z INFO  benchmark_client] Sending sample transaction 112
[2026-09-10T00:02:24.171Z INFO  benchmark_client] Sending sample transaction 113
[2026-09-10T00:02:24.221Z INFO  benchmark_client] Sending sample transaction 114
[2026-09-10T00:02:24.271Z INFO  benchmark_client] Sending sample transaction 115
[2026-09-10T00:02:24.321Z INFO  benchmark_client] Sending sample transaction 116
[2026-09-10T00:02:24.371Z INFO  benchmark_client] Sending sample transaction 117
[2026-09-10T00:02:24.421Z INFO  benchmark_client] Sending sample transaction 118
[2026-09-10T00:02:24.471Z INFO  benchmark_client] Sending sample transaction 119
[2026-09-10T00:02:24.520Z INFO  benchmark_client] Sending sample transaction 120
[2026-09-10T00:02:24.571Z INFO  benchmark_client] Sending sample transaction 121
[2026-09-10T00:02:24.621Z INFO  benchmark_client] Sending sample transaction 122
[2026-09-10T00:02:24.670Z INFO  benchmark_client] Sending sample transaction 123
[2026-09-10T00:02:24.721Z INFO  benchmark_client] Sending sample transaction 124
[2026-09-10T00:02:24.770Z INFO  benchmark_client] Sending sample transaction 125
[2026-09-10T00:02:24.820Z INFO  benchmark_client] Sending sample transaction 126
[2026-09-10T00:02:24.871Z INFO  benchmark_client] Sending sample transaction 127
[2026-09-10T00:02:24.922Z INFO  benchmark_client] Sending sample transaction 128
[2026-09-10T00:02:24.971Z INFO  benchmark_client] Sending sample transaction 129
[2026-09-10T00:02:25.021Z INFO  benchmark_client] Sending sample transaction 130
[2026-09-10T00:02:25.070Z INFO  benchmark_client] Sending sample transaction 131
[2026-09-10T00:02:25.121Z INFO  benchmark_client] Sending sample transaction 132
[2026-09-10T00:02:25.171Z INFO  benchmark_client] Sending sample transaction 133
[2026-09-10T00:02:25.221Z INFO  benchmark_client] Sending sample transaction 134
[2026-09-10T00:02:25.270Z INFO  benchmark_client] Sending sample transaction 135
[2026-09-10T00:02:25.320Z INFO  benchmark_client] Sending sample transaction 136
[2026-09-10T00:02:25.370Z INFO  benchmark_client] Sending sample transaction 137
[2026-09-10T00:02:25.421Z INFO  benchmark_client] Sending sample transaction 138
[2026-09-10T00:02:25.471Z INFO  benchmark_client] Sending sample transaction 139
[2026-09-10T00:02:25.521Z INFO  benchmark_client] Sending sample transaction 140
[2026-09-10T00:02:25.571Z INFO  benchmark_client] Sending sample transaction 141
[2026-09-10T00:02:25.620Z INFO  benchmark_client] Sending sample transaction 142
[2026-09-10T00:02:25.671Z INFO  benchmark_client] Sending sample transaction 143
[2026-09-10T00:02:25.721Z INFO  benchmark_client] Sending sample transaction 144
[2026-09-10T00:02:25.771Z INFO  benchmark_client] Sending sample transaction 145
[2026-09-10T00:02:25.821Z INFO  benchmark_client] Sending sample transaction 146
[2026-09-10T00:02:25.871Z INFO  benchmark_client] Sending sample transaction 147
[2026-09-10T00:02:25.921Z INFO  benchmark_client] Sending sample transaction 148
[2026-09-10T00:02:25.972Z INFO  benchmark_client] Sending sample transaction 149
[2026-09-10T00:02:26.020Z INFO  benchmark_client] Sending sample transaction 150
[2026-09-10T00:02:26.070Z INFO  benchmark_client] Sending sample transaction 151
[2026-09-10T00:02:26.120Z INFO  benchmark_client] Sending sample transaction 152
[2026-09-10T00:02:26.171Z INFO  benchmark_client] Sending sample transaction 153
[2026-09-10T00:02:26.221Z INFO  benchmark_client] Sending sample transaction 154
[2026-09-10T00:02:26.270Z INFO  benchmark_client] Sending sample transaction 155
[2026-09-10T00:02:26.321Z INFO  benchmark_client] Sending sample transaction 156
[2026-09-10T00:02:26.371Z INFO  benchmark_client] Sending sample transaction 157
[2026-09-10T00:02:26.421Z INFO  benchmark_client] Sending sample transaction 158
[2026-09-10T00:02:26.471Z INFO  benchmark_client] Sending sample transaction 159
[2026-09-10T00:02:26.521Z INFO  benchmark_client] Sending sample transaction 160
[2026-09-10T00:02:26.571Z INFO  benchmark_client] Sending sample transaction 161
[2026-09-10T00:02:26.621Z INFO  benchmark_client] Sending sample transaction 162
[2026-09-10T00:02:26.671Z INFO  benchmark_client] Sending sample transaction 163
[2026-09-10T00:02:26.721Z INFO  benchmark_client] Sending sample transaction 164
[2026-09-10T00:02:26.771Z INFO  benchmark_client] Sending sample transaction 165
[2026-09-10T00:02:26.820Z INFO  benchmark_client] Sending sample transaction 166
[2026-09-10T00:02:26.871Z INFO  benchmark_client] Sending sample transaction 167
[2026-09-10T00:02:26.921Z INFO  benchmark_client] Sending sample transaction 168
[2026-09-10T00:02:26.971Z INFO  benchmark_client] Sending sample transaction 169
[2026-09-10T00:02:27.021Z INFO  benchmark_client] Sending sample transaction 170
[2026-09-10T00:02:27.073Z INFO  benchmark_client] Sending sample transaction 171
[2026-09-10T00:02:27.121Z INFO  benchmark_client] Sending sample transaction 172
[2026-09-10T00:02:27.171Z INFO  benchmark_client] Sending sample transaction 173
[2026-09-10T00:02:27.221Z INFO  benchmark_client] Sending sample transaction 174
[2026-09-10T00:02:27.271Z INFO  benchmark_client] Sending sample transaction 175
[2026-09-10T00:02:27.320Z INFO  benchmark_client] Sending sample transaction 176
[2026-09-10T00:02:27.371Z INFO  benchmark_client] Sending sample transaction 177
[2026-09-10T00:02:27.421Z INFO  benchmark_client] Sending sample transaction 178
[2026-09-10T00:02:27.471Z INFO  benchmark_client] Sending sample transaction 179
[2026-09-10T00:02:27.522Z INFO  benchmark_client] Sending sample transaction 180
[2026-09-10T00:02:27.571Z INFO  benchmark_client] Sending sample transaction 181
[2026-09-10T00:02:27.621Z INFO  benchmark_client] Sending sample transaction 182
[2026-09-10T00:02:27.672Z INFO  benchmark_client] Sending sample transaction 183
[2026-09-10T00:02:27.721Z INFO  benchmark_client] Sending sample transaction 184
[2026-09-10T00:02:27.771Z INFO  benchmark_client] Sending sample transaction 185
[2026-09-10T00:02:27.821Z INFO  benchmark_client] Sending sample transaction 186
[2026-09-10T00:02:27.871Z INFO  benchmark_client] Sending sample transaction 187
[2026-09-10T00:02:27.921Z INFO  benchmark_client] Sending sample transaction 188
[2026-09-10T00:02:27.971Z INFO  benchmark_client] Sending sample transaction 189
[2026-09-10T00:02:28.020Z INFO  benchmark_client] Sending sample transaction 190
[2026-09-10T00:02:28.071Z INFO  benchmark_client] Sending sample transaction 191
[2026-09-10T00:02:28.121Z INFO  benchmark_client] Sending sample transaction 192
[2026-09-10T00:02:28.171Z INFO  benchmark_client] Sending sample transaction 193
[2026-09-10T00:02:28.220Z INFO  benchmark_client] Sending sample transaction 194
[2026-09-10T00:02:28.271Z INFO  benchmark_client] Sending sample transaction 195
[2026-09-10T00:02:28.321Z INFO  benchmark_client] Sending sample transaction 196
[2026-09-10T00:02:28.370Z INFO  benchmark_client] Sending sample transaction 197
[2026-09-10T00:02:28.420Z INFO  benchmark_client] Sending sample transaction 198
[2026-09-10T00:02:28.471Z INFO  benchmark_client] Sending sample transaction 199
[2026-09-10T00:02:28.521Z INFO  benchmark_client] Sending sample transaction 200
[2026-09-10T00:02:28.571Z INFO  benchmark_client] Sending sample transaction 201
[2026-09-10T00:02:28.621Z INFO  benchmark_client] Sending sample transaction 202
[2026-09-10T00:02:28.670Z INFO  benchmark_client] Sending sample transaction 203
[2026-09-10T00:02:28.721Z INFO  benchmark_client] Sending sample transaction 204
[2026-09-10T00:02:28.770Z INFO  benchmark_client] Sending sample transaction 205
[2026-09-10T00:02:28.822Z INFO  benchmark_client] Sending sample transaction 206
[2026-09-10T00:02:28.871Z INFO  benchmark_client] Sending sample transaction 207
[2026-09-10T00:02:28.920Z INFO  benchmark_client] Sending sample transaction 208
[2026-09-10T00:02:28.970Z INFO  benchmark_client] Sending sample transaction 209
[2026-09-10T00:02:29.022Z INFO  benchmark_client] Sending sample transaction 210
[2026-09-10T00:02:29.071Z INFO  benchmark_client] Sending sample transaction 211
[2026-09-10T00:02:29.121Z INFO  benchmark_client] Sending sample transaction 212
[2026-09-10T00:02:29.171Z INFO  benchmark_client] Sending sample transaction 213
[2026-09-10T00:02:29.221Z INFO  benchmark_client] Sending sample transaction 214
[2026-09-10T00:02:29.271Z INFO  benchmark_client] Sending sample transaction 215
[2026-09-10T00:02:29.321Z INFO  benchmark_client] Sending sample transaction 216
[2026-09-10T00:02:29.371Z INFO  benchmark_client] Sending sample transaction 217
[2026-09-10T00:02:29.421Z INFO  benchmark_client] Sending sample transaction 218
[2026-09-10T00:02:29.471Z INFO  benchmark_client] Sending sample transaction 219
[2026-09-10T00:02:29.520Z INFO  benchmark_client] Sending sample transaction 220
[2026-09-10T00:02:29.571Z INFO  benchmark_client] Sending sample transaction 221
[2026-09-10T00:02:29.620Z INFO  benchmark_client] Sending sample transaction 222
[2026-09-10T00:02:29.671Z INFO  benchmark_client] Sending sample transaction 223
[2026-09-10T00:02:29.721Z INFO  benchmark_client] Sending sample transaction 224
[2026-09-10T00:02:29.771Z INFO  benchmark_client] Sending sample transaction 225
[2026-09-10T00:02:29.821Z INFO  benchmark_client] Sending sample transaction 226
[2026-09-10T00:02:29.871Z INFO  benchmark_client] Sending sample transaction 227
[2026-09-10T00:02:29.921Z INFO  benchmark_client] Sending sample transaction 228
[2026-09-10T00:02:29.971Z INFO  benchmark_client] Sending sample transaction 229
[2026-09-10T00:02:30.021Z INFO  benchmark_client] Sending sample transaction 230
[2026-09-10T00:02:30.071Z INFO  benchmark_client] Sending sample transaction 231
[2026-09-10T00:02:30.121Z INFO  benchmark_client] Sending sample transaction 232
[2026-09-10T00:02:30.171Z INFO  benchmark_client] Sending sample transaction 233
[2026-09-10T00:02:30.221Z INFO  benchmark_client] Sending sample transaction 234
[2026-09-10T00:02:30.272Z INFO  benchmark_client] Sending sample transaction 235
[2026-09-10T00:02:30.320Z INFO  benchmark_client] Sending sample transaction 236
[2026-09-10T00:02:30.371Z INFO  benchmark_client] Sending sample transaction 237
[2026-09-10T00:02:30.421Z INFO  benchmark_client] Sending sample transaction 238
[2026-09-10T00:02:30.471Z INFO  benchmark_client] Sending sample transaction 239
[2026-09-10T00:02:30.521Z INFO  benchmark_client] Sending sample transaction 240
[2026-09-10T00:02:30.571Z INFO  benchmark_client] Sending sample transaction 241
[2026-09-10T00:02:30.621Z INFO  benchmark_client] Sending sample transaction 242
[2026-09-10T00:02:30.671Z INFO  benchmark_client] Sending sample transaction 243
[2026-09-10T00:02:30.721Z INFO  benchmark_client] Sending sample transaction 244
[2026-09-10T00:02:30.771Z INFO  benchmark_client] Sending sample transaction 245
[2026-09-10T00:02:30.821Z INFO  benchmark_client] Sending sample transaction 246
[2026-09-10T00:02:30.871Z INFO  benchmark_client] Sending sample transaction 247
[2026-09-10T00:02:30.921Z INFO  benchmark_client] Sending sample transaction 248
[2026-09-10T00:02:30.971Z INFO  benchmark_client] Sending sample transaction 249
[2026-09-10T00:02:31.021Z INFO  benchmark_client] Sending sample transaction 250
[2026-09-10T00:02:31.071Z INFO  benchmark_client] Sending sample transaction 251
[2026-09-10T00:02:31.121Z INFO  benchmark_client] Sending sample transaction 252
[2026-09-10T00:02:31.171Z INFO  benchmark_client] Sending sample transaction 253
[2026-09-10T00:02:31.221Z INFO  benchmark_client] Sending sample transaction 254
[2026-09-10T00:02:31.271Z INFO  benchmark_client] Sending sample transaction 255
[2026-09-10T00:02:31.321Z INFO  benchmark_client] Sending sample transaction 256
[2026-09-10T00:02:31.370Z INFO  benchmark_client] Sending sample transaction 257
[2026-09-10T00:02:31.421Z INFO  benchmark_client] Sending sample transaction 258
[2026-09-10T00:02:31.471Z INFO  benchmark_client] Sending sample transaction 259
[2026-09-10T00:02:31.521Z INFO  benchmark_client] Sending sample transaction 260
[2026-09-10T00:02:31.572Z INFO  benchmark_client] Sending sample transaction 261
[2026-09-10T00:02:31.620Z INFO  benchmark_client] Sending sample transaction 262
[2026-09-10T00:02:31.672Z INFO  benchmark_client] Sending sample transaction 263
[2026-09-10T00:02:31.721Z INFO  benchmark_client] Sending sample transaction 264
[2026-09-10T00:02:31.771Z INFO  benchmark_client] Sending sample transaction 265
[2026-09-10T00:02:31.821Z INFO  benchmark_client] Sending sample transaction 266
[2026-09-10T00:02:31.871Z INFO  benchmark_client] Sending sample transaction 267
[2026-09-10T00:02:31.921Z INFO  benchmark_client] Sending sample transaction 268
[2026-09-10T00:02:31.971Z INFO  benchmark_client] Sending sample transaction 269
[2026-09-10T00:02:32.021Z INFO  benchmark_client] Sending sample transaction 270
[2026-09-10T00:02:32.072Z INFO  benchmark_client] Sending sample transaction 271
[2026-09-10T00:02:32.121Z INFO  benchmark_client] Sending sample transaction 272
[2026-09-10T00:02:32.172Z INFO  benchmark_client] Sending sample transaction 273
[2026-09-10T00:02:32.221Z INFO  benchmark_client] Sending sample transaction 274
[2026-09-10T00:02:32.271Z INFO  benchmark_client] Sending sample transaction 275
[2026-09-10T00:02:32.321Z INFO  benchmark_client] Sending sample transaction 276
[2026-09-10T00:02:32.371Z INFO  benchmark_client] Sending sample transaction 277
[2026-09-10T00:02:32.423Z INFO  benchmark_client] Sending sample transaction 278
[2026-09-10T00:02:32.471Z INFO  benchmark_client] Sending sample transaction 279
[2026-09-10T00:02:32.521Z INFO  benchmark_client] Sending sample transaction 280
[2026-09-10T00:02:32.571Z INFO  benchmark_client] Sending sample transaction 281
[2026-09-10T00:02:32.620Z INFO  benchmark_client] Sending sample transaction 282
[2026-09-10T00:02:32.671Z INFO  benchmark_client] Sending sample transaction 283
[2026-09-10T00:02:32.721Z INFO  benchmark_client] Sending sample transaction 284
[2026-09-10T00:02:32.771Z INFO  benchmark_client] Sending sample transaction 285
[2026-09-10T00:02:32.821Z INFO  benchmark_client] Sending sample transaction 286
[2026-09-10T00:02:32.871Z INFO  benchmark_client] Sending sample transaction 287
[2026-09-10T00:02:32.921Z INFO  benchmark_client] Sending sample transaction 288
[2026-09-10T00:02:32.971Z INFO  benchmark_client] Sending sample transaction 289
[2026-09-10T00:02:33.021Z INFO  benchmark_client] Sending sample transaction 290
[2026-09-10T00:02:33.071Z INFO  benchmark_client] Sending sample transaction 291
[2026-09-10T00:02:33.121Z INFO  benchmark_client] Sending sample transaction 292
[2026-09-10T00:02:33.171Z INFO  benchmark_client] Sending sample transaction 293
[2026-09-10T00:02:33.221Z INFO  benchmark_client] Sending sample transaction 294
[2026-09-10T00:02:33.271Z INFO  benchmark_client] Sending sample transaction 295
[2026-09-10T00:02:33.321Z INFO  benchmark_client] Sending sample transaction 296
[2026-09-10T00:02:33.371Z INFO  benchmark_client] Sending sample transaction 297
[2026-09-10T00:02:33.421Z INFO  benchmark_client] Sending sample transaction 298
[2026-09-10T00:02:33.471Z INFO  benchmark_client] Sending sample transaction 299
[2026-09-10T00:02:33.520Z INFO  benchmark_client] Sending sample transaction 300
[2026-09-10T00:02:33.571Z INFO  benchmark_client] Sending sample transaction 301
[2026-09-10T00:02:33.621Z INFO  benchmark_client] Sending sample transaction 302
[2026-09-10T00:02:33.671Z INFO  benchmark_client] Sending sample transaction 303
[2026-09-10T00:02:33.721Z INFO  benchmark_client] Sending sample transaction 304
[2026-09-10T00:02:33.770Z INFO  benchmark_client] Sending sample transaction 305
[2026-09-10T00:02:33.821Z INFO  benchmark_client] Sending sample transaction 306
[2026-09-10T00:02:33.871Z INFO  benchmark_client] Sending sample transaction 307
[2026-09-10T00:02:33.920Z INFO  benchmark_client] Sending sample transaction 308
[2026-09-10T00:02:33.971Z INFO  benchmark_client] Sending sample transaction 309
[2026-09-10T00:02:34.020Z INFO  benchmark_client] Sending sample transaction 310
[2026-09-10T00:02:34.071Z INFO  benchmark_client] Sending sample transaction 311
[2026-09-10T00:02:34.121Z INFO  benchmark_client] Sending sample transaction 312
[2026-09-10T00:02:34.170Z INFO  benchmark_client] Sending sample transaction 313
[2026-09-10T00:02:34.221Z INFO  benchmark_client] Sending sample transaction 314
[2026-09-10T00:02:34.271Z INFO  benchmark_client] Sending sample transaction 315
[2026-09-10T00:02:34.321Z INFO  benchmark_client] Sending sample transaction 316
[2026-09-10T00:02:34.372Z INFO  benchmark_client] Sending sample transaction 317
[2026-09-10T00:02:34.420Z INFO  benchmark_client] Sending sample transaction 318
[2026-09-10T00:02:34.471Z INFO  benchmark_client] Sending sample transaction 319
[2026-09-10T00:02:34.521Z INFO  benchmark_client] Sending sample transaction 320
[2026-09-10T00:02:34.570Z INFO  benchmark_client] Sending sample transaction 321
[2026-09-10T00:02:34.621Z INFO  benchmark_client] Sending sample transaction 322
[2026-09-10T00:02:34.671Z INFO  benchmark_client] Sending sample transaction 323
[2026-09-10T00:02:34.721Z INFO  benchmark_client] Sending sample transaction 324
[2026-09-10T00:02:34.771Z INFO  benchmark_client] Sending sample transaction 325
[2026-09-10T00:02:34.821Z INFO  benchmark_client] Sending sample transaction 326
[2026-09-10T00:02:34.872Z INFO  benchmark_client] Sending sample transaction 327
[2026-09-10T00:02:34.921Z INFO  benchmark_client] Sending sample transaction 328
[2026-09-10T00:02:34.970Z INFO  benchmark_client] Sending sample transaction 329
[2026-09-10T00:02:35.020Z INFO  benchmark_client] Sending sample transaction 330
[2026-09-10T00:02:35.071Z INFO  benchmark_client] Sending sample transaction 331
[2026-09-10T00:02:35.121Z INFO  benchmark_client] Sending sample transaction 332
[2026-09-10T00:02:35.171Z INFO  benchmark_client] Sending sample transaction 333
[2026-09-10T00:02:35.221Z INFO  benchmark_client] Sending sample transaction 334
[2026-09-10T00:02:35.271Z INFO  benchmark_client] Sending sample transaction 335
[2026-09-10T00:02:35.321Z INFO  benchmark_client] Sending sample transaction 336
[2026-09-10T00:02:35.371Z INFO  benchmark_client] Sending sample transaction 337
[2026-09-10T00:02:35.421Z INFO  benchmark_client] Sending sample transaction 338
[2026-09-10T00:02:35.470Z INFO  benchmark_client] Sending sample transaction 339
[2026-09-10T00:02:35.521Z INFO  benchmark_client] Sending sample transaction 340
[2026-09-10T00:02:35.571Z INFO  benchmark_client] Sending sample transaction 341
[2026-09-10T00:02:35.621Z INFO  benchmark_client] Sending sample transaction 342
[2026-09-10T00:02:35.671Z INFO  benchmark_client] Sending sample transaction 343
[2026-09-10T00:02:35.720Z INFO  benchmark_client] Sending sample transaction 344
[2026-09-10T00:02:35.772Z INFO  benchmark_client] Sending sample transaction 345
[2026-09-10T00:02:35.821Z INFO  benchmark_client] Sending sample transaction 346
[2026-09-10T00:02:35.871Z INFO  benchmark_client] Sending sample transaction 347
[2026-09-10T00:02:35.921Z INFO  benchmark_client] Sending sample transaction 348
[2026-09-10T00:02:35.971Z INFO  benchmark_client] Sending sample transaction 349
[2026-09-10T00:02:36.021Z INFO  benchmark_client] Sending sample transaction 350
[2026-09-10T00:02:36.071Z INFO  benchmark_client] Sending sample transaction 351
[2026-09-10T00:02:36.121Z INFO  benchmark_client] Sending sample transaction 352
[2026-09-10T00:02:36.174Z INFO  benchmark_client] Sending sample transaction 353
[2026-09-10T00:02:36.222Z INFO  benchmark_client] Sending sample transaction 354
[2026-09-10T00:02:36.272Z INFO  benchmark_client] Sending sample transaction 355
[2026-09-10T00:02:36.321Z INFO  benchmark_client] Sending sample transaction 356
[2026-09-10T00:02:36.373Z INFO  benchmark_client] Sending sample transaction 357
[2026-09-10T00:02:36.422Z INFO  benchmark_client] Sending sample transaction 358
[2026-09-10T00:02:36.474Z INFO  benchmark_client] Sending sample transaction 359
[2026-09-10T00:02:36.521Z INFO  benchmark_client] Sending sample transaction 360
[2026-09-10T00:02:36.571Z INFO  benchmark_client] Sending sample transaction 361
[2026-09-10T00:02:36.621Z INFO  benchmark_client] Sending sample transaction 362
[2026-09-10T00:02:36.672Z INFO  benchmark_client] Sending sample transaction 363
[2026-09-10T00:02:36.726Z INFO  benchmark_client] Sending sample transaction 364
[2026-09-10T00:02:36.771Z INFO  benchmark_client] Sending sample transaction 365
[2026-09-10T00:02:36.821Z INFO  benchmark_client] Sending sample transaction 366
[2026-09-10T00:02:36.871Z INFO  benchmark_client] Sending sample transaction 367
[2026-09-10T00:02:36.921Z INFO  benchmark_client] Sending sample transaction 368
[2026-09-10T00:02:36.973Z INFO  benchmark_client] Sending sample transaction 369
[2026-09-10T00:02:37.021Z INFO  benchmark_client] Sending sample transaction 370
[2026-09-10T00:02:37.071Z INFO  benchmark_client] Sending sample transaction 371
[2026-09-10T00:02:37.121Z INFO  benchmark_client] Sending sample transaction 372
[2026-09-10T00:02:37.171Z INFO  benchmark_client] Sending sample transaction 373
[2026-09-10T00:02:37.221Z INFO  benchmark_client] Sending sample transaction 374
[2026-09-10T00:02:37.271Z INFO  benchmark_client] Sending sample transaction 375
[2026-09-10T00:02:37.321Z INFO  benchmark_client] Sending sample transaction 376
[2026-09-10T00:02:37.371Z INFO  benchmark_client] Sending sample transaction 377
[2026-09-10T00:02:37.421Z INFO  benchmark_client] Sending sample transaction 378
[2026-09-10T00:02:37.471Z INFO  benchmark_client] Sending sample transaction 379
[2026-09-10T00:02:37.520Z INFO  benchmark_client] Sending sample transaction 380
[2026-09-10T00:02:37.571Z INFO  benchmark_client] Sending sample transaction 381
[2026-09-10T00:02:37.620Z INFO  benchmark_client] Sending sample transaction 382
[2026-09-10T00:02:37.671Z INFO  benchmark_client] Sending sample transaction 383
[2026-09-10T00:02:37.721Z INFO  benchmark_client] Sending sample transaction 384
[2026-09-10T00:02:37.771Z INFO  benchmark_client] Sending sample transaction 385
[2026-09-10T00:02:37.821Z INFO  benchmark_client] Sending sample transaction 386
[2026-09-10T00:02:37.872Z INFO  benchmark_client] Sending sample transaction 387
[2026-09-10T00:02:37.921Z INFO  benchmark_client] Sending sample transaction 388
[2026-09-10T00:02:37.971Z INFO  benchmark_client] Sending sample transaction 389
[2026-09-10T00:02:38.021Z INFO  benchmark_client] Sending sample transaction 390
[2026-09-10T00:02:38.071Z INFO  benchmark_client] Sending sample transaction 391
[2026-09-10T00:02:38.121Z INFO  benchmark_client] Sending sample transaction 392
[2026-09-10T00:02:38.171Z INFO  benchmark_client] Sending sample transaction 393
[2026-09-10T00:02:38.221Z INFO  benchmark_client] Sending sample transaction 394
[2026-09-10T00:02:38.271Z INFO  benchmark_client] Sending sample transaction 395
[2026-09-10T00:02:38.322Z INFO  benchmark_client] Sending sample transaction 396
[2026-09-10T00:02:38.372Z INFO  benchmark_client] Sending sample transaction 397
[2026-09-10T00:02:38.421Z INFO  benchmark_client] Sending sample transaction 398
[2026-09-10T00:02:38.471Z INFO  benchmark_client] Sending sample transaction 399
[2026-09-10T00:02:38.521Z INFO  benchmark_client] Sending sample transaction 400
[2026-09-10T00:02:38.571Z INFO  benchmark_client] Sending sample transaction 401
[2026-09-10T00:02:38.621Z INFO  benchmark_client] Sending sample transaction 402
[2026-09-10T00:02:38.673Z INFO  benchmark_client] Sending sample transaction 403
[2026-09-10T00:02:38.721Z INFO  benchmark_client] Sending sample transaction 404
[2026-09-10T00:02:38.771Z INFO  benchmark_client] Sending sample transaction 405
[2026-09-10T00:02:38.821Z INFO  benchmark_client] Sending sample transaction 406
[2026-09-10T00:02:38.872Z INFO  benchmark_client] Sending sample transaction 407
[2026-09-10T00:02:38.921Z INFO  benchmark_client] Sending sample transaction 408
[2026-09-10T00:02:38.971Z INFO  benchmark_client] Sending sample transaction 409
[2026-09-10T00:02:39.021Z INFO  benchmark_client] Sending sample transaction 410
[2026-09-10T00:02:39.071Z INFO  benchmark_client] Sending sample transaction 411
[2026-09-10T00:02:39.122Z INFO  benchmark_client] Sending sample transaction 412
[2026-09-10T00:02:39.171Z INFO  benchmark_client] Sending sample transaction 413
[2026-09-10T00:02:39.222Z INFO  benchmark_client] Sending sample transaction 414
[2026-09-10T00:02:39.271Z INFO  benchmark_client] Sending sample transaction 415
[2026-09-10T00:02:39.321Z INFO  benchmark_client] Sending sample transaction 416
[2026-09-10T00:02:39.371Z INFO  benchmark_client] Sending sample transaction 417
[2026-09-10T00:02:39.421Z INFO  benchmark_client] Sending sample transaction 418
[2026-09-10T00:02:39.471Z INFO  benchmark_client] Sending sample transaction 419
[2026-09-10T00:02:39.521Z INFO  benchmark_client] Sending sample transaction 420
[2026-09-10T00:02:39.571Z INFO  benchmark_client] Sending sample transaction 421
[2026-09-10T00:02:39.621Z INFO  benchmark_client] Sending sample transaction 422
[2026-09-10T00:02:39.671Z INFO  benchmark_client] Sending sample transaction 423
[2026-09-10T00:02:39.721Z INFO  benchmark_client] Sending sample transaction 424
[2026-09-10T00:02:39.771Z INFO  benchmark_client] Sending sample transaction 425
[2026-09-10T00:02:39.821Z INFO  benchmark_client] Sending sample transaction 426
[2026-09-10T00:02:39.870Z INFO  benchmark_client] Sending sample transaction 427
[2026-09-10T00:02:39.920Z INFO  benchmark_client] Sending sample transaction 428
[2026-09-10T00:02:39.971Z INFO  benchmark_client] Sending sample transaction 429
[2026-09-10T00:02:40.021Z INFO  benchmark_client] Sending sample transaction 430
[2026-09-10T00:02:40.072Z INFO  benchmark_client] Sending sample transaction 431
[2026-09-10T00:02:40.121Z INFO  benchmark_client] Sending sample transaction 432
[2026-09-10T00:02:40.171Z INFO  benchmark_client] Sending sample transaction 433
[2026-09-10T00:02:40.221Z INFO  benchmark_client] Sending sample transaction 434
[2026-09-10T00:02:40.272Z INFO  benchmark_client] Sending sample transaction 435
[2026-09-10T00:02:40.322Z INFO  benchmark_client] Sending sample transaction 436
[2026-09-10T00:02:40.372Z INFO  benchmark_client] Sending sample transaction 437
[2026-09-10T00:02:40.421Z INFO  benchmark_client] Sending sample transaction 438
[2026-09-10T00:02:40.471Z INFO  benchmark_client] Sending sample transaction 439
[2026-09-10T00:02:40.522Z INFO  benchmark_client] Sending sample transaction 440
[2026-09-10T00:02:40.572Z INFO  benchmark_client] Sending sample transaction 441
[2026-09-10T00:02:40.622Z INFO  benchmark_client] Sending sample transaction 442
[2026-09-10T00:02:40.671Z INFO  benchmark_client] Sending sample transaction 443
[2026-09-10T00:02:40.722Z INFO  benchmark_client] Sending sample transaction 444
[2026-09-10T00:02:40.772Z INFO  benchmark_client] Sending sample transaction 445
[2026-09-10T00:02:40.821Z INFO  benchmark_client] Sending sample transaction 446
[2026-09-10T00:02:40.872Z INFO  benchmark_client] Sending sample transaction 447
[2026-09-10T00:02:40.921Z INFO  benchmark_client] Sending sample transaction 448
[2026-09-10T00:02:40.971Z INFO  benchmark_client] Sending sample transaction 449
[2026-09-10T00:02:41.023Z INFO  benchmark_client] Sending sample transaction 450
[2026-09-10T00:02:41.071Z INFO  benchmark_client] Sending sample transaction 451
[2026-09-10T00:02:41.121Z INFO  benchmark_client] Sending sample transaction 452
[2026-09-10T00:02:41.171Z INFO  benchmark_client] Sending sample transaction 453
[2026-09-10T00:02:41.222Z INFO  benchmark_client] Sending sample transaction 454
[2026-09-10T00:02:41.272Z INFO  benchmark_client] Sending sample transaction 455
[2026-09-10T00:02:41.321Z INFO  benchmark_client] Sending sample transaction 456
[2026-09-10T00:02:41.371Z INFO  benchmark_client] Sending sample transaction 457
[2026-09-10T00:02:41.421Z INFO  benchmark_client] Sending sample transaction 458
[2026-09-10T00:02:41.472Z INFO  benchmark_client] Sending sample transaction 459
[2026-09-10T00:02:41.521Z INFO  benchmark_client] Sending sample transaction 460
[2026-09-10T00:02:41.572Z INFO  benchmark_client] Sending sample transaction 461
[2026-09-10T00:02:41.622Z INFO  benchmark_client] Sending sample transaction 462
[2026-09-10T00:02:41.671Z INFO  benchmark_client] Sending sample transaction 463
[2026-09-10T00:02:41.722Z INFO  benchmark_client] Sending sample transaction 464
[2026-09-10T00:02:41.771Z INFO  benchmark_client] Sending sample transaction 465
[2026-09-10T00:02:41.822Z INFO  benchmark_client] Sending sample transaction 466
[2026-09-10T00:02:41.872Z INFO  benchmark_client] Sending sample transaction 467
[2026-09-10T00:02:41.921Z INFO  benchmark_client] Sending sample transaction 468
[2026-09-10T00:02:41.971Z INFO  benchmark_client] Sending sample transaction 469
[2026-09-10T00:02:42.021Z INFO  benchmark_client] Sending sample transaction 470
[2026-09-10T00:02:42.072Z INFO  benchmark_client] Sending sample transaction 471
[2026-09-10T00:02:42.122Z INFO  benchmark_client] Sending sample transaction 472
[2026-09-10T00:02:42.171Z INFO  benchmark_client] Sending sample transaction 473
[2026-09-10T00:02:42.221Z INFO  benchmark_client] Sending sample transaction 474
[2026-09-10T00:02:42.271Z INFO  benchmark_client] Sending sample transaction 475
[2026-09-10T00:02:42.322Z INFO  benchmark_client] Sending sample transaction 476
[2026-09-10T00:02:42.372Z INFO  benchmark_client] Sending sample transaction 477
[2026-09-10T00:02:42.422Z INFO  benchmark_client] Sending sample transaction 478
[2026-09-10T00:02:42.471Z INFO  benchmark_client] Sending sample transaction 479
[2026-09-10T00:02:42.521Z INFO  benchmark_client] Sending sample transaction 480
[2026-09-10T00:02:42.570Z INFO  benchmark_client] Sending sample transaction 481
[2026-09-10T00:02:42.621Z INFO  benchmark_client] Sending sample transaction 482
[2026-09-10T00:02:42.671Z INFO  benchmark_client] Sending sample transaction 483
[2026-09-10T00:02:42.721Z INFO  benchmark_client] Sending sample transaction 484
[2026-09-10T00:02:42.772Z INFO  benchmark_client] Sending sample transaction 485
[2026-09-10T00:02:42.821Z INFO  benchmark_client] Sending sample transaction 486
[2026-09-10T00:02:42.871Z INFO  benchmark_client] Sending sample transaction 487
[2026-09-10T00:02:42.921Z INFO  benchmark_client] Sending sample transaction 488
[2026-09-10T00:02:42.971Z INFO  benchmark_client] Sending sample transaction 489
[2026-09-10T00:02:43.021Z INFO  benchmark_client] Sending sample transaction 490
[2026-09-10T00:02:43.072Z INFO  benchmark_client] Sending sample transaction 491
[2026-09-10T00:02:43.121Z INFO  benchmark_client] Sending sample transaction 492
[2026-09-10T00:02:43.172Z INFO  benchmark_client] Sending sample transaction 493
[2026-09-10T00:02:43.221Z INFO  benchmark_client] Sending sample transaction 494
[2026-09-10T00:02:43.271Z INFO  benchmark_client] Sending sample transaction 495
[2026-09-10T00:02:43.321Z INFO  benchmark_client] Sending sample transaction 496
[2026-09-10T00:02:43.371Z INFO  benchmark_client] Sending sample transaction 497
[2026-09-10T00:02:43.421Z INFO  benchmark_client] Sending sample transaction 498
[2026-09-10T00:02:43.471Z INFO  benchmark_client] Sending sample transaction 499
[2026-09-10T00:02:43.521Z INFO  benchmark_client] Sending sample transaction 500
[2026-09-10T00:02:43.571Z INFO  benchmark_client] Sending sample transaction 501
[2026-09-10T00:02:43.621Z INFO  benchmark_client] Sending sample transaction 502
[2026-09-10T00:02:43.671Z INFO  benchmark_client] Sending sample transaction 503
[2026-09-10T00:02:43.721Z INFO  benchmark_client] Sending sample transaction 504
[2026-09-10T00:02:43.771Z INFO  benchmark_client] Sending sample transaction 505
[2026-09-10T00:02:43.822Z INFO  benchmark_client] Sending sample transaction 506
[2026-09-10T00:02:43.871Z INFO  benchmark_client] Sending sample transaction 507
[2026-09-10T00:02:43.921Z INFO  benchmark_client] Sending sample transaction 508
[2026-09-10T00:02:43.971Z INFO  benchmark_client] Sending sample transaction 509
[2026-09-10T00:02:44.021Z INFO  benchmark_client] Sending sample transaction 510
[2026-09-10T00:02:44.071Z INFO  benchmark_client] Sending sample transaction 511
[2026-09-10T00:02:44.121Z INFO  benchmark_client] Sending sample transaction 512
[2026-09-10T00:02:44.172Z INFO  benchmark_client] Sending sample transaction 513
[2026-09-10T00:02:44.221Z INFO  benchmark_client] Sending sample transaction 514
[2026-09-10T00:02:44.271Z INFO  benchmark_client] Sending sample transaction 515
[2026-09-10T00:02:44.321Z INFO  benchmark_client] Sending sample transaction 516
[2026-09-10T00:02:44.372Z INFO  benchmark_client] Sending sample transaction 517
[2026-09-10T00:02:44.421Z INFO  benchmark_client] Sending sample transaction 518
[2026-09-10T00:02:44.471Z INFO  benchmark_client] Sending sample transaction 519
[2026-09-10T00:02:44.521Z INFO  benchmark_client] Sending sample transaction 520
[2026-09-10T00:02:44.571Z INFO  benchmark_client] Sending sample transaction 521
[2026-09-10T00:02:44.620Z INFO  benchmark_client] Sending sample transaction 522
[2026-09-10T00:02:44.671Z INFO  benchmark_client] Sending sample transaction 523
[2026-09-10T00:02:44.722Z INFO  benchmark_client] Sending sample transaction 524
[2026-09-10T00:02:44.772Z INFO  benchmark_client] Sending sample transaction 525
[2026-09-10T00:02:44.824Z INFO  benchmark_client] Sending sample transaction 526
[2026-09-10T00:02:44.871Z INFO  benchmark_client] Sending sample transaction 527
[2026-09-10T00:02:44.922Z INFO  benchmark_client] Sending sample transaction 528
[2026-09-10T00:02:44.973Z INFO  benchmark_client] Sending sample transaction 529
[2026-09-10T00:02:45.022Z INFO  benchmark_client] Sending sample transaction 530
[2026-09-10T00:02:45.071Z INFO  benchmark_client] Sending sample transaction 531
[2026-09-10T00:02:45.121Z INFO  benchmark_client] Sending sample transaction 532
[2026-09-10T00:02:45.172Z INFO  benchmark_client] Sending sample transaction 533
[2026-09-10T00:02:45.222Z INFO  benchmark_client] Sending sample transaction 534
[2026-09-10T00:02:45.273Z INFO  benchmark_client] Sending sample transaction 535
[2026-09-10T00:02:45.321Z INFO  benchmark_client] Sending sample transaction 536
[2026-09-10T00:02:45.371Z INFO  benchmark_client] Sending sample transaction 537
[2026-09-10T00:02:45.422Z INFO  benchmark_client] Sending sample transaction 538
[2026-09-10T00:02:45.471Z INFO  benchmark_client] Sending sample transaction 539
[2026-09-10T00:02:45.522Z INFO  benchmark_client] Sending sample transaction 540
[2026-09-10T00:02:45.571Z INFO  benchmark_client] Sending sample transaction 541
[2026-09-10T00:02:45.622Z INFO  benchmark_client] Sending sample transaction 542
[2026-09-10T00:02:45.671Z INFO  benchmark_client] Sending sample transaction 543
[2026-09-10T00:02:45.721Z INFO  benchmark_client] Sending sample transaction 544
[2026-09-10T00:02:45.773Z INFO  benchmark_client] Sending sample transaction 545
[2026-09-10T00:02:45.823Z INFO  benchmark_client] Sending sample transaction 546
[2026-09-10T00:02:45.874Z INFO  benchmark_client] Sending sample transaction 547
[2026-09-10T00:02:45.922Z INFO  benchmark_client] Sending sample transaction 548
[2026-09-10T00:02:45.972Z INFO  benchmark_client] Sending sample transaction 549
[2026-09-10T00:02:46.021Z INFO  benchmark_client] Sending sample transaction 550
[2026-09-10T00:02:46.074Z INFO  benchmark_client] Sending sample transaction 551
[2026-09-10T00:02:46.121Z INFO  benchmark_client] Sending sample transaction 552
[2026-09-10T00:02:46.172Z INFO  benchmark_client] Sending sample transaction 553
[2026-09-10T00:02:46.222Z INFO  benchmark_client] Sending sample transaction 554
[2026-09-10T00:02:46.271Z INFO  benchmark_client] Sending sample transaction 555
[2026-09-10T00:02:46.321Z INFO  benchmark_client] Sending sample transaction 556
[2026-09-10T00:02:46.372Z INFO  benchmark_client] Sending sample transaction 557
[2026-09-10T00:02:46.421Z INFO  benchmark_client] Sending sample transaction 558
[2026-09-10T00:02:46.471Z INFO  benchmark_client] Sending sample transaction 559
[2026-09-10T00:02:46.522Z INFO  benchmark_client] Sending sample transaction 560
[2026-09-10T00:02:46.571Z INFO  benchmark_client] Sending sample transaction 561
[2026-09-10T00:02:46.621Z INFO  benchmark_client] Sending sample transaction 562
[2026-09-10T00:02:46.671Z INFO  benchmark_client] Sending sample transaction 563
[2026-09-10T00:02:46.721Z INFO  benchmark_client] Sending sample transaction 564
[2026-09-10T00:02:46.771Z INFO  benchmark_client] Sending sample transaction 565
[2026-09-10T00:02:46.822Z INFO  benchmark_client] Sending sample transaction 566
[2026-09-10T00:02:46.871Z INFO  benchmark_client] Sending sample transaction 567
[2026-09-10T00:02:46.921Z INFO  benchmark_client] Sending sample transaction 568
[2026-09-10T00:02:46.971Z INFO  benchmark_client] Sending sample transaction 569
[2026-09-10T00:02:47.022Z INFO  benchmark_client] Sending sample transaction 570
[2026-09-10T00:02:47.071Z INFO  benchmark_client] Sending sample transaction 571
[2026-09-10T00:02:47.121Z INFO  benchmark_client] Sending sample transaction 572
[2026-09-10T00:02:47.171Z INFO  benchmark_client] Sending sample transaction 573
[2026-09-10T00:02:47.221Z INFO  benchmark_client] Sending sample transaction 574
[2026-09-10T00:02:47.271Z INFO  benchmark_client] Sending sample transaction 575
[2026-09-10T00:02:47.322Z INFO  benchmark_client] Sending sample transaction 576
[2026-09-10T00:02:47.371Z INFO  benchmark_client] Sending sample transaction 577
[2026-09-10T00:02:47.421Z INFO  benchmark_client] Sending sample transaction 578
[2026-09-10T00:02:47.471Z INFO  benchmark_client] Sending sample transaction 579
[2026-09-10T00:02:47.521Z INFO  benchmark_client] Sending sample transaction 580
[2026-09-10T00:02:47.572Z INFO  benchmark_client] Sending sample transaction 581
[2026-09-10T00:02:47.621Z INFO  benchmark_client] Sending sample transaction 582
[2026-09-10T00:02:47.671Z INFO  benchmark_client] Sending sample transaction 583
[2026-09-10T00:02:47.722Z INFO  benchmark_client] Sending sample transaction 584
[2026-09-10T00:02:47.771Z INFO  benchmark_client] Sending sample transaction 585
[2026-09-10T00:02:47.821Z INFO  benchmark_client] Sending sample transaction 586
[2026-09-10T00:02:47.871Z INFO  benchmark_client] Sending sample transaction 587
[2026-09-10T00:02:47.921Z INFO  benchmark_client] Sending sample transaction 588
[2026-09-10T00:02:47.971Z INFO  benchmark_client] Sending sample transaction 589
[2026-09-10T00:02:48.021Z INFO  benchmark_client] Sending sample transaction 590
[2026-09-10T00:02:48.072Z INFO  benchmark_client] Sending sample transaction 591
[2026-09-10T00:02:48.121Z INFO  benchmark_client] Sending sample transaction 592
[2026-09-10T00:02:48.172Z INFO  benchmark_client] Sending sample transaction 593
[2026-09-10T00:02:48.221Z INFO  benchmark_client] Sending sample transaction 594
[2026-09-10T00:02:48.272Z INFO  benchmark_client] Sending sample transaction 595
[2026-09-10T00:02:48.321Z INFO  benchmark_client] Sending sample transaction 596
[2026-09-10T00:02:48.371Z INFO  benchmark_client] Sending sample transaction 597
[2026-09-10T00:02:48.421Z INFO  benchmark_client] Sending sample transaction 598
[2026-09-10T00:02:48.473Z INFO  benchmark_client] Sending sample transaction 599
[2026-09-10T00:02:48.520Z INFO  benchmark_client] Sending sample transaction 600
[2026-09-10T00:02:48.573Z INFO  benchmark_client] Sending sample transaction 601
[2026-09-10T00:02:48.621Z INFO  benchmark_client] Sending sample transaction 602
[2026-09-10T00:02:48.672Z INFO  benchmark_client] Sending sample transaction 603
[2026-09-10T00:02:48.721Z INFO  benchmark_client] Sending sample transaction 604
[2026-09-10T00:02:48.775Z INFO  benchmark_client] Sending sample transaction 605
[2026-09-10T00:02:48.821Z INFO  benchmark_client] Sending sample transaction 606
[2026-09-10T00:02:48.871Z INFO  benchmark_client] Sending sample transaction 607
[2026-09-10T00:02:48.920Z INFO  benchmark_client] Sending sample transaction 608
[2026-09-10T00:02:48.971Z INFO  benchmark_client] Sending sample transaction 609
[2026-09-10T00:02:49.021Z INFO  benchmark_client] Sending sample transaction 610
[2026-09-10T00:02:49.071Z INFO  benchmark_client] Sending sample transaction 611
[2026-09-10T00:02:49.120Z INFO  benchmark_client] Sending sample transaction 612
[2026-09-10T00:02:49.171Z INFO  benchmark_client] Sending sample transaction 613
[2026-09-10T00:02:49.221Z INFO  benchmark_client] Sending sample transaction 614
[2026-09-10T00:02:49.271Z INFO  benchmark_client] Sending sample transaction 615
[2026-09-10T00:02:49.323Z INFO  benchmark_client] Sending sample transaction 616
[2026-09-10T00:02:49.371Z INFO  benchmark_client] Sending sample transaction 617
[2026-09-10T00:02:49.422Z INFO  benchmark_client] Sending sample transaction 618
[2026-09-10T00:02:49.471Z INFO  benchmark_client] Sending sample transaction 619
[2026-09-10T00:02:49.521Z INFO  benchmark_client] Sending sample transaction 620
[2026-09-10T00:02:49.570Z INFO  benchmark_client] Sending sample transaction 621
[2026-09-10T00:02:49.622Z INFO  benchmark_client] Sending sample transaction 622
[2026-09-10T00:02:49.670Z INFO  benchmark_client] Sending sample transaction 623
[2026-09-10T00:02:49.721Z INFO  benchmark_client] Sending sample transaction 624
[2026-09-10T00:02:49.770Z INFO  benchmark_client] Sending sample transaction 625
[2026-09-10T00:02:49.821Z INFO  benchmark_client] Sending sample transaction 626
[2026-09-10T00:02:49.871Z INFO  benchmark_client] Sending sample transaction 627
[2026-09-10T00:02:49.920Z INFO  benchmark_client] Sending sample transaction 628
[2026-09-10T00:02:49.970Z INFO  benchmark_client] Sending sample transaction 629
[2026-09-10T00:02:50.021Z INFO  benchmark_client] Sending sample transaction 630
[2026-09-10T00:02:50.070Z INFO  benchmark_client] Sending sample transaction 631
[2026-09-10T00:02:50.121Z INFO  benchmark_client] Sending sample transaction 632
[2026-09-10T00:02:50.172Z INFO  benchmark_client] Sending sample transaction 633
[2026-09-10T00:02:50.221Z INFO  benchmark_client] Sending sample transaction 634
[2026-09-10T00:02:50.271Z INFO  benchmark_client] Sending sample transaction 635
[2026-09-10T00:02:50.321Z INFO  benchmark_client] Sending sample transaction 636
[2026-09-10T00:02:50.370Z INFO  benchmark_client] Sending sample transaction 637
[2026-09-10T00:02:50.421Z INFO  benchmark_client] Sending sample transaction 638
[2026-09-10T00:02:50.475Z INFO  benchmark_client] Sending sample transaction 639
[2026-09-10T00:02:50.520Z INFO  benchmark_client] Sending sample transaction 640
[2026-09-10T00:02:50.573Z INFO  benchmark_client] Sending sample transaction 641
[2026-09-10T00:02:50.621Z INFO  benchmark_client] Sending sample transaction 642
[2026-09-10T00:02:50.671Z INFO  benchmark_client] Sending sample transaction 643
[2026-09-10T00:02:50.721Z INFO  benchmark_client] Sending sample transaction 644
[2026-09-10T00:02:50.773Z INFO  benchmark_client] Sending sample transaction 645
[2026-09-10T00:02:50.821Z INFO  benchmark_client] Sending sample transaction 646
[2026-09-10T00:02:50.871Z INFO  benchmark_client] Sending sample transaction 647
[2026-09-10T00:02:50.921Z INFO  benchmark_client] Sending sample transaction 648
[2026-09-10T00:02:50.971Z INFO  benchmark_client] Sending sample transaction 649
[2026-09-10T00:02:51.020Z INFO  benchmark_client] Sending sample transaction 650
[2026-09-10T00:02:51.072Z INFO  benchmark_client] Sending sample transaction 651
[2026-09-10T00:02:51.123Z INFO  benchmark_client] Sending sample transaction 652
[2026-09-10T00:02:51.171Z INFO  benchmark_client] Sending sample transaction 653
[2026-09-10T00:02:51.220Z INFO  benchmark_client] Sending sample transaction 654
[2026-09-10T00:02:51.271Z INFO  benchmark_client] Sending sample transaction 655
[2026-09-10T00:02:51.320Z INFO  benchmark_client] Sending sample transaction 656
[2026-09-10T00:02:51.371Z INFO  benchmark_client] Sending sample transaction 657
[2026-09-10T00:02:51.421Z INFO  benchmark_client] Sending sample transaction 658
[2026-09-10T00:02:51.472Z INFO  benchmark_client] Sending sample transaction 659
[2026-09-10T00:02:51.521Z INFO  benchmark_client] Sending sample transaction 660
[2026-09-10T00:02:51.571Z INFO  benchmark_client] Sending sample transaction 661
[2026-09-10T00:02:51.621Z INFO  benchmark_client] Sending sample transaction 662
[2026-09-10T00:02:51.670Z INFO  benchmark_client] Sending sample transaction 663
[2026-09-10T00:02:51.720Z INFO  benchmark_client] Sending sample transaction 664
[2026-09-10T00:02:51.772Z INFO  benchmark_client] Sending sample transaction 665
[2026-09-10T00:02:51.820Z INFO  benchmark_client] Sending sample transaction 666
[2026-09-10T00:02:51.870Z INFO  benchmark_client] Sending sample transaction 667
[2026-09-10T00:02:51.921Z INFO  benchmark_client] Sending sample transaction 668
[2026-09-10T00:02:51.971Z INFO  benchmark_client] Sending sample transaction 669
[2026-09-10T00:02:52.020Z INFO  benchmark_client] Sending sample transaction 670
[2026-09-10T00:02:52.070Z INFO  benchmark_client] Sending sample transaction 671
[2026-09-10T00:02:52.120Z INFO  benchmark_client] Sending sample transaction 672
[2026-09-10T00:02:52.171Z INFO  benchmark_client] Sending sample transaction 673
[2026-09-10T00:02:52.221Z INFO  benchmark_client] Sending sample transaction 674
[2026-09-10T00:02:52.271Z INFO  benchmark_client] Sending sample transaction 675
[2026-09-10T00:02:52.321Z INFO  benchmark_client] Sending sample transaction 676
[2026-09-10T00:02:52.370Z INFO  benchmark_client] Sending sample transaction 677
[2026-09-10T00:02:52.421Z INFO  benchmark_client] Sending sample transaction 678
[2026-09-10T00:02:52.471Z INFO  benchmark_client] Sending sample transaction 679
[2026-09-10T00:02:52.522Z INFO  benchmark_client] Sending sample transaction 680
[2026-09-10T00:02:52.571Z INFO  benchmark_client] Sending sample transaction 681
[2026-09-10T00:02:52.621Z INFO  benchmark_client] Sending sample transaction 682
[2026-09-10T00:02:52.671Z INFO  benchmark_client] Sending sample transaction 683
[2026-09-10T00:02:52.720Z INFO  benchmark_client] Sending sample transaction 684
[2026-09-10T00:02:52.771Z INFO  benchmark_client] Sending sample transaction 685
[2026-09-10T00:02:52.821Z INFO  benchmark_client] Sending sample transaction 686
[2026-09-10T00:02:52.872Z INFO  benchmark_client] Sending sample transaction 687
[2026-09-10T00:02:52.921Z INFO  benchmark_client] Sending sample transaction 688
[2026-09-10T00:02:52.972Z INFO  benchmark_client] Sending sample transaction 689
[2026-09-10T00:02:53.021Z INFO  benchmark_client] Sending sample transaction 690
[2026-09-10T00:02:53.071Z INFO  benchmark_client] Sending sample transaction 691
[2026-09-10T00:02:53.120Z INFO  benchmark_client] Sending sample transaction 692
[2026-09-10T00:02:53.173Z INFO  benchmark_client] Sending sample transaction 693
[2026-09-10T00:02:53.221Z INFO  benchmark_client] Sending sample transaction 694
[2026-09-10T00:02:53.271Z INFO  benchmark_client] Sending sample transaction 695
[2026-09-10T00:02:53.321Z INFO  benchmark_client] Sending sample transaction 696
[2026-09-10T00:02:53.371Z INFO  benchmark_client] Sending sample transaction 697
[2026-09-10T00:02:53.423Z INFO  benchmark_client] Sending sample transaction 698
[2026-09-10T00:02:53.470Z INFO  benchmark_client] Sending sample transaction 699
[2026-09-10T00:02:53.522Z INFO  benchmark_client] Sending sample transaction 700
[2026-09-10T00:02:53.571Z INFO  benchmark_client] Sending sample transaction 701
[2026-09-10T00:02:53.621Z INFO  benchmark_client] Sending sample transaction 702
[2026-09-10T00:02:53.671Z INFO  benchmark_client] Sending sample transaction 703
[2026-09-10T00:02:53.721Z INFO  benchmark_client] Sending sample transaction 704
[2026-09-10T00:02:53.771Z INFO  benchmark_client] Sending sample transaction 705
[2026-09-10T00:02:53.823Z INFO  benchmark_client] Sending sample transaction 706
[2026-09-10T00:02:53.871Z INFO  benchmark_client] Sending sample transaction 707
[2026-09-10T00:02:53.921Z INFO  benchmark_client] Sending sample transaction 708
[2026-09-10T00:02:53.971Z INFO  benchmark_client] Sending sample transaction 709
[2026-09-10T00:02:54.024Z INFO  benchmark_client] Sending sample transaction 710
[2026-09-10T00:02:54.071Z INFO  benchmark_client] Sending sample transaction 711
[2026-09-10T00:02:54.120Z INFO  benchmark_client] Sending sample transaction 712
[2026-09-10T00:02:54.171Z INFO  benchmark_client] Sending sample transaction 713
[2026-09-10T00:02:54.221Z INFO  benchmark_client] Sending sample transaction 714
[2026-09-10T00:02:54.271Z INFO  benchmark_client] Sending sample transaction 715
[2026-09-10T00:02:54.321Z INFO  benchmark_client] Sending sample transaction 716
[2026-09-10T00:02:54.372Z INFO  benchmark_client] Sending sample transaction 717
[2026-09-10T00:02:54.420Z INFO  benchmark_client] Sending sample transaction 718
[2026-09-10T00:02:54.471Z INFO  benchmark_client] Sending sample transaction 719
[2026-09-10T00:02:54.520Z INFO  benchmark_client] Sending sample transaction 720
[2026-09-10T00:02:54.570Z INFO  benchmark_client] Sending sample transaction 721
[2026-09-10T00:02:54.621Z INFO  benchmark_client] Sending sample transaction 722
[2026-09-10T00:02:54.671Z INFO  benchmark_client] Sending sample transaction 723
[2026-09-10T00:02:54.721Z INFO  benchmark_client] Sending sample transaction 724
[2026-09-10T00:02:54.771Z INFO  benchmark_client] Sending sample transaction 725
[2026-09-10T00:02:54.821Z INFO  benchmark_client] Sending sample transaction 726
[2026-09-10T00:02:54.871Z INFO  benchmark_client] Sending sample transaction 727
[2026-09-10T00:02:54.921Z INFO  benchmark_client] Sending sample transaction 728
[2026-09-10T00:02:54.971Z INFO  benchmark_client] Sending sample transaction 729
[2026-09-10T00:02:55.025Z INFO  benchmark_client] Sending sample transaction 730
[2026-09-10T00:02:55.073Z INFO  benchmark_client] Sending sample transaction 731
[2026-09-10T00:02:55.121Z INFO  benchmark_client] Sending sample transaction 732
[2026-09-10T00:02:55.172Z INFO  benchmark_client] Sending sample transaction 733
[2026-09-10T00:02:55.221Z INFO  benchmark_client] Sending sample transaction 734
[2026-09-10T00:02:55.271Z INFO  benchmark_client] Sending sample transaction 735
[2026-09-10T00:02:55.321Z INFO  benchmark_client] Sending sample transaction 736
[2026-09-10T00:02:55.371Z INFO  benchmark_client] Sending sample transaction 737
[2026-09-10T00:02:55.420Z INFO  benchmark_client] Sending sample transaction 738
[2026-09-10T00:02:55.470Z INFO  benchmark_client] Sending sample transaction 739
[2026-09-10T00:02:55.521Z INFO  benchmark_client] Sending sample transaction 740
[2026-09-10T00:02:55.571Z INFO  benchmark_client] Sending sample transaction 741
[2026-09-10T00:02:55.620Z INFO  benchmark_client] Sending sample transaction 742
[2026-09-10T00:02:55.670Z INFO  benchmark_client] Sending sample transaction 743
[2026-09-10T00:02:55.721Z INFO  benchmark_client] Sending sample transaction 744
[2026-09-10T00:02:55.771Z INFO  benchmark_client] Sending sample transaction 745
[2026-09-10T00:02:55.821Z INFO  benchmark_client] Sending sample transaction 746
[2026-09-10T00:02:55.871Z INFO  benchmark_client] Sending sample transaction 747
[2026-09-10T00:02:55.921Z INFO  benchmark_client] Sending sample transaction 748
[2026-09-10T00:02:55.971Z INFO  benchmark_client] Sending sample transaction 749
[2026-09-10T00:02:56.021Z INFO  benchmark_client] Sending sample transaction 750
[2026-09-10T00:02:56.071Z INFO  benchmark_client] Sending sample transaction 751
[2026-09-10T00:02:56.121Z INFO  benchmark_client] Sending sample transaction 752
[2026-09-10T00:02:56.170Z INFO  benchmark_client] Sending sample transaction 753
[2026-09-10T00:02:56.221Z INFO  benchmark_client] Sending sample transaction 754
[2026-09-10T00:02:56.271Z INFO  benchmark_client] Sending sample transaction 755
[2026-09-10T00:02:56.321Z INFO  benchmark_client] Sending sample transaction 756
[2026-09-10T00:02:56.371Z INFO  benchmark_client] Sending sample transaction 757
[2026-09-10T00:02:56.421Z INFO  benchmark_client] Sending sample transaction 758
[2026-09-10T00:02:56.471Z INFO  benchmark_client] Sending sample transaction 759
[2026-09-10T00:02:56.521Z INFO  benchmark_client] Sending sample transaction 760
[2026-09-10T00:02:56.571Z INFO  benchmark_client] Sending sample transaction 761
[2026-09-10T00:02:56.621Z INFO  benchmark_client] Sending sample transaction 762
[2026-09-10T00:02:56.670Z INFO  benchmark_client] Sending sample transaction 763
[2026-09-10T00:02:56.721Z INFO  benchmark_client] Sending sample transaction 764
[2026-09-10T00:02:56.770Z INFO  benchmark_client] Sending sample transaction 765
[2026-09-10T00:02:56.820Z INFO  benchmark_client] Sending sample transaction 766
[2026-09-10T00:02:56.870Z INFO  benchmark_client] Sending sample transaction 767
[2026-09-10T00:02:56.920Z INFO  benchmark_client] Sending sample transaction 768
[2026-09-10T00:02:56.971Z INFO  benchmark_client] Sending sample transaction 769
[2026-09-10T00:02:57.021Z INFO  benchmark_client] Sending sample transaction 770
[2026-09-10T00:02:57.070Z INFO  benchmark_client] Sending sample transaction 771
[2026-09-10T00:02:57.120Z INFO  benchmark_client] Sending sample transaction 772
[2026-09-10T00:02:57.171Z INFO  benchmark_client] Sending sample transaction 773
[2026-09-10T00:02:57.221Z INFO  benchmark_client] Sending sample transaction 774
[2026-09-10T00:02:57.271Z INFO  benchmark_client] Sending sample transaction 775
[2026-09-10T00:02:57.321Z INFO  benchmark_client] Sending sample transaction 776
[2026-09-10T00:02:57.371Z INFO  benchmark_client] Sending sample transaction 777
[2026-09-10T00:02:57.421Z INFO  benchmark_client] Sending sample transaction 778
[2026-09-10T00:02:57.470Z INFO  benchmark_client] Sending sample transaction 779
[2026-09-10T00:02:57.521Z INFO  benchmark_client] Sending sample transaction 780
[2026-09-10T00:02:57.570Z INFO  benchmark_client] Sending sample transaction 781
[2026-09-10T00:02:57.621Z INFO  benchmark_client] Sending sample transaction 782
[2026-09-10T00:02:57.673Z INFO  benchmark_client] Sending sample transaction 783
[2026-09-10T00:02:57.721Z INFO  benchmark_client] Sending sample transaction 784
[2026-09-10T00:02:57.773Z INFO  benchmark_client] Sending sample transaction 785
[2026-09-10T00:02:57.821Z INFO  benchmark_client] Sending sample transaction 786
[2026-09-10T00:02:57.872Z INFO  benchmark_client] Sending sample transaction 787
[2026-09-10T00:02:57.921Z INFO  benchmark_client] Sending sample transaction 788
[2026-09-10T00:02:57.971Z INFO  benchmark_client] Sending sample transaction 789
[2026-09-10T00:02:58.021Z INFO  benchmark_client] Sending sample transaction 790
[2026-09-10T00:02:58.071Z INFO  benchmark_client] Sending sample transaction 791
[2026-09-10T00:02:58.121Z INFO  benchmark_client] Sending sample transaction 792
[2026-09-10T00:02:58.171Z INFO  benchmark_client] Sending sample transaction 793
[2026-09-10T00:02:58.224Z INFO  benchmark_client] Sending sample transaction 794
[2026-09-10T00:02:58.271Z INFO  benchmark_client] Sending sample transaction 795
[2026-09-10T00:02:58.321Z INFO  benchmark_client] Sending sample transaction 796
[2026-09-10T00:02:58.371Z INFO  benchmark_client] Sending sample transaction 797
[2026-09-10T00:02:58.421Z INFO  benchmark_client] Sending sample transaction 798
[2026-09-10T00:02:58.471Z INFO  benchmark_client] Sending sample transaction 799
[2026-09-10T00:02:58.520Z INFO  benchmark_client] Sending sample transaction 800
[2026-09-10T00:02:58.570Z INFO  benchmark_client] Sending sample transaction 801
[2026-09-10T00:02:58.621Z INFO  benchmark_client] Sending sample transaction 802
[2026-09-10T00:02:58.672Z INFO  benchmark_client] Sending sample transaction 803
[2026-09-10T00:02:58.721Z INFO  benchmark_client] Sending sample transaction 804
[2026-09-10T00:02:58.771Z INFO  benchmark_client] Sending sample transaction 805
[2026-09-10T00:02:58.821Z INFO  benchmark_client] Sending sample transaction 806
[2026-09-10T00:02:58.873Z INFO  benchmark_client] Sending sample transaction 807
[2026-09-10T00:02:58.921Z INFO  benchmark_client] Sending sample transaction 808
[2026-09-10T00:02:58.970Z INFO  benchmark_client] Sending sample transaction 809
[2026-09-10T00:02:59.021Z INFO  benchmark_client] Sending sample transaction 810
[2026-09-10T00:02:59.072Z INFO  benchmark_client] Sending sample transaction 811
[2026-09-10T00:02:59.121Z INFO  benchmark_client] Sending sample transaction 812
[2026-09-10T00:02:59.171Z INFO  benchmark_client] Sending sample transaction 813
[2026-09-10T00:02:59.221Z INFO  benchmark_client] Sending sample transaction 814
[2026-09-10T00:02:59.272Z INFO  benchmark_client] Sending sample transaction 815
[2026-09-10T00:02:59.321Z INFO  benchmark_client] Sending sample transaction 816
[2026-09-10T00:02:59.371Z INFO  benchmark_client] Sending sample transaction 817
[2026-09-10T00:02:59.421Z INFO  benchmark_client] Sending sample transaction 818
[2026-09-10T00:02:59.471Z INFO  benchmark_client] Sending sample transaction 819
[2026-09-10T00:02:59.521Z INFO  benchmark_client] Sending sample transaction 820
[2026-09-10T00:02:59.571Z INFO  benchmark_client] Sending sample transaction 821
[2026-09-10T00:02:59.621Z INFO  benchmark_client] Sending sample transaction 822
[2026-09-10T00:02:59.671Z INFO  benchmark_client] Sending sample transaction 823
[2026-09-10T00:02:59.720Z INFO  benchmark_client] Sending sample transaction 824
[2026-09-10T00:02:59.770Z INFO  benchmark_client] Sending sample transaction 825
[2026-09-10T00:02:59.821Z INFO  benchmark_client] Sending sample transaction 826
[2026-09-10T00:02:59.871Z INFO  benchmark_client] Sending sample transaction 827
[2026-09-10T00:02:59.921Z INFO  benchmark_client] Sending sample transaction 828
[2026-09-10T00:02:59.971Z INFO  benchmark_client] Sending sample transaction 829
[2026-09-10T00:03:00.021Z INFO  benchmark_client] Sending sample transaction 830
[2026-09-10T00:03:00.071Z INFO  benchmark_client] Sending sample transaction 831
[2026-09-10T00:03:00.122Z INFO  benchmark_client] Sending sample transaction 832
[2026-09-10T00:03:00.170Z INFO  benchmark_client] Sending sample transaction 833
[2026-09-10T00:03:00.223Z INFO  benchmark_client] Sending sample transaction 834
[2026-09-10T00:03:00.273Z INFO  benchmark_client] Sending sample transaction 835
[2026-09-10T00:03:00.321Z INFO  benchmark_client] Sending sample transaction 836
[2026-09-10T00:03:00.371Z INFO  benchmark_client] Sending sample transaction 837
[2026-09-10T00:03:00.421Z INFO  benchmark_client] Sending sample transaction 838
[2026-09-10T00:03:00.471Z INFO  benchmark_client] Sending sample transaction 839
[2026-09-10T00:03:00.520Z INFO  benchmark_client] Sending sample transaction 840
[2026-09-10T00:03:00.571Z INFO  benchmark_client] Sending sample transaction 841
[2026-09-10T00:03:00.620Z INFO  benchmark_client] Sending sample transaction 842
[2026-09-10T00:03:00.670Z INFO  benchmark_client] Sending sample transaction 843
[2026-09-10T00:03:00.721Z INFO  benchmark_client] Sending sample transaction 844
[2026-09-10T00:03:00.771Z INFO  benchmark_client] Sending sample transaction 845
[2026-09-10T00:03:00.821Z INFO  benchmark_client] Sending sample transaction 846
[2026-09-10T00:03:00.871Z INFO  benchmark_client] Sending sample transaction 847
[2026-09-10T00:03:00.920Z INFO  benchmark_client] Sending sample transaction 848
[2026-09-10T00:03:00.971Z INFO  benchmark_client] Sending sample transaction 849
[2026-09-10T00:03:01.021Z INFO  benchmark_client] Sending sample transaction 850
[2026-09-10T00:03:01.071Z INFO  benchmark_client] Sending sample transaction 851
[2026-09-10T00:03:01.121Z INFO  benchmark_client] Sending sample transaction 852
[2026-09-10T00:03:01.171Z INFO  benchmark_client] Sending sample transaction 853
[2026-09-10T00:03:01.221Z INFO  benchmark_client] Sending sample transaction 854
[2026-09-10T00:03:01.271Z INFO  benchmark_client] Sending sample transaction 855
[2026-09-10T00:03:01.321Z INFO  benchmark_client] Sending sample transaction 856
[2026-09-10T00:03:01.372Z INFO  benchmark_client] Sending sample transaction 857
[2026-09-10T00:03:01.421Z INFO  benchmark_client] Sending sample transaction 858
[2026-09-10T00:03:01.472Z INFO  benchmark_client] Sending sample transaction 859
[2026-09-10T00:03:01.521Z INFO  benchmark_client] Sending sample transaction 860
[2026-09-10T00:03:01.571Z INFO  benchmark_client] Sending sample transaction 861
[2026-09-10T00:03:01.620Z INFO  benchmark_client] Sending sample transaction 862
[2026-09-10T00:03:01.671Z INFO  benchmark_client] Sending sample transaction 863
[2026-09-10T00:03:01.721Z INFO  benchmark_client] Sending sample transaction 864
[2026-09-10T00:03:01.771Z INFO  benchmark_client] Sending sample transaction 865
[2026-09-10T00:03:01.821Z INFO  benchmark_client] Sending sample transaction 866
[2026-09-10T00:03:01.873Z INFO  benchmark_client] Sending sample transaction 867
[2026-09-10T00:03:01.922Z INFO  benchmark_client] Sending sample transaction 868
[2026-09-10T00:03:01.971Z INFO  benchmark_client] Sending sample transaction 869
[2026-09-10T00:03:02.021Z INFO  benchmark_client] Sending sample transaction 870
[2026-09-10T00:03:02.072Z INFO  benchmark_client] Sending sample transaction 871
[2026-09-10T00:03:02.121Z INFO  benchmark_client] Sending sample transaction 872
[2026-09-10T00:03:02.171Z INFO  benchmark_client] Sending sample transaction 873
[2026-09-10T00:03:02.220Z INFO  benchmark_client] Sending sample transaction 874
[2026-09-10T00:03:02.271Z INFO  benchmark_client] Sending sample transaction 875
[2026-09-10T00:03:02.321Z INFO  benchmark_client] Sending sample transaction 876
[2026-09-10T00:03:02.372Z INFO  benchmark_client] Sending sample transaction 877
[2026-09-10T00:03:02.420Z INFO  benchmark_client] Sending sample transaction 878
[2026-09-10T00:03:02.471Z INFO  benchmark_client] Sending sample transaction 879
[2026-09-10T00:03:02.523Z INFO  benchmark_client] Sending sample transaction 880
[2026-09-10T00:03:02.571Z INFO  benchmark_client] Sending sample transaction 881
[2026-09-10T00:03:02.622Z INFO  benchmark_client] Sending sample transaction 882
[2026-09-10T00:03:02.673Z INFO  benchmark_client] Sending sample transaction 883
[2026-09-10T00:03:02.721Z INFO  benchmark_client] Sending sample transaction 884
[2026-09-10T00:03:02.771Z INFO  benchmark_client] Sending sample transaction 885
[2026-09-10T00:03:02.821Z INFO  benchmark_client] Sending sample transaction 886
[2026-09-10T00:03:02.871Z INFO  benchmark_client] Sending sample transaction 887
[2026-09-10T00:03:02.921Z INFO  benchmark_client] Sending sample transaction 888
[2026-09-10T00:03:02.971Z INFO  benchmark_client] Sending sample transaction 889
[2026-09-10T00:03:03.021Z INFO  benchmark_client] Sending sample transaction 890
[2026-09-10T00:03:03.071Z INFO  benchmark_client] Sending sample transaction 891
[2026-09-10T00:03:03.121Z INFO  benchmark_client] Sending sample transaction 892
[2026-09-10T00:03:03.171Z INFO  benchmark_client] Sending sample transaction 893
[2026-09-10T00:03:03.221Z INFO  benchmark_client] Sending sample transaction 894
[2026-09-10T00:03:03.271Z INFO  benchmark_client] Sending sample transaction 895
[2026-09-10T00:03:03.321Z INFO  benchmark_client] Sending sample transaction 896
[2026-09-10T00:03:03.371Z INFO  benchmark_client] Sending sample transaction 897
[2026-09-10T00:03:03.422Z INFO  benchmark_client] Sending sample transaction 898
[2026-09-10T00:03:03.471Z INFO  benchmark_client] Sending sample transaction 899
[2026-09-10T00:03:03.522Z INFO  benchmark_client] Sending sample transaction 900
[2026-09-10T00:03:03.571Z INFO  benchmark_client] Sending sample transaction 901
[2026-09-10T00:03:03.621Z INFO  benchmark_client] Sending sample transaction 902
[2026-09-10T00:03:03.672Z INFO  benchmark_client] Sending sample transaction 903
[2026-09-10T00:03:03.721Z INFO  benchmark_client] Sending sample transaction 904
[2026-09-10T00:03:03.771Z INFO  benchmark_client] Sending sample transaction 905
[2026-09-10T00:03:03.821Z INFO  benchmark_client] Sending sample transaction 906
[2026-09-10T00:03:03.871Z INFO  benchmark_client] Sending sample transaction 907
[2026-09-10T00:03:03.923Z INFO  benchmark_client] Sending sample transaction 908
[2026-09-10T00:03:03.971Z INFO  benchmark_client] Sending sample transaction 909
[2026-09-10T00:03:04.021Z INFO  benchmark_client] Sending sample transaction 910
[2026-09-10T00:03:04.071Z INFO  benchmark_client] Sending sample transaction 911
[2026-09-10T00:03:04.121Z INFO  benchmark_client] Sending sample transaction 912
[2026-09-10T00:03:04.171Z INFO  benchmark_client] Sending sample transaction 913
[2026-09-10T00:03:04.222Z INFO  benchmark_client] Sending sample transaction 914
[2026-09-10T00:03:04.270Z INFO  benchmark_client] Sending sample transaction 915
[2026-09-10T00:03:04.321Z INFO  benchmark_client] Sending sample transaction 916
[2026-09-10T00:03:04.371Z INFO  benchmark_client] Sending sample transaction 917
[2026-09-10T00:03:04.421Z INFO  benchmark_client] Sending sample transaction 918
[2026-09-10T00:03:04.470Z INFO  benchmark_client] Sending sample transaction 919
[2026-09-10T00:03:04.521Z INFO  benchmark_client] Sending sample transaction 920
[2026-09-10T00:03:04.571Z INFO  benchmark_client] Sending sample transaction 921
[2026-09-10T00:03:04.621Z INFO  benchmark_client] Sending sample transaction 922
[2026-09-10T00:03:04.672Z INFO  benchmark_client] Sending sample transaction 923
[2026-09-10T00:03:04.722Z INFO  benchmark_client] Sending sample transaction 924
[2026-09-10T00:03:04.772Z INFO  benchmark_client] Sending sample transaction 925
[2026-09-10T00:03:04.823Z INFO  benchmark_client] Sending sample transaction 926
[2026-09-10T00:03:04.872Z INFO  benchmark_client] Sending sample transaction 927
[2026-09-10T00:03:04.921Z INFO  benchmark_client] Sending sample transaction 928
[2026-09-10T00:03:04.971Z INFO  benchmark_client] Sending sample transaction 929
[2026-09-10T00:03:05.021Z INFO  benchmark_client] Sending sample transaction 930
[2026-09-10T00:03:05.071Z INFO  benchmark_client] Sending sample transaction 931
[2026-09-10T00:03:05.121Z INFO  benchmark_client] Sending sample transaction 932
[2026-09-10T00:03:05.171Z INFO  benchmark_client] Sending sample transaction 933
[2026-09-10T00:03:05.221Z INFO  benchmark_client] Sending sample transaction 934
[2026-09-10T00:03:05.273Z INFO  benchmark_client] Sending sample transaction 935
[2026-09-10T00:03:05.321Z INFO  benchmark_client] Sending sample transaction 936
[2026-09-10T00:03:05.371Z INFO  benchmark_client] Sending sample transaction 937
[2026-09-10T00:03:05.421Z INFO  benchmark_client] Sending sample transaction 938
[2026-09-10T00:03:05.470Z INFO  benchmark_client] Sending sample transaction 939
[2026-09-10T00:03:05.521Z INFO  benchmark_client] Sending sample transaction 940
[2026-09-10T00:03:05.571Z INFO  benchmark_client] Sending sample transaction 941
[2026-09-10T00:03:05.621Z INFO  benchmark_client] Sending sample transaction 942
[2026-09-10T00:03:05.671Z INFO  benchmark_client] Sending sample transaction 943
[2026-09-10T00:03:05.720Z INFO  benchmark_client] Sending sample transaction 944
[2026-09-10T00:03:05.771Z INFO  benchmark_client] Sending sample transaction 945
[2026-09-10T00:03:05.821Z INFO  benchmark_client] Sending sample transaction 946
[2026-09-10T00:03:05.872Z INFO  benchmark_client] Sending sample transaction 947
[2026-09-10T00:03:05.921Z INFO  benchmark_client] Sending sample transaction 948
[2026-09-10T00:03:05.971Z INFO  benchmark_client] Sending sample transaction 949
[2026-09-10T00:03:06.021Z INFO  benchmark_client] Sending sample transaction 950
[2026-09-10T00:03:06.071Z INFO  benchmark_client] Sending sample transaction 951
[2026-09-10T00:03:06.121Z INFO  benchmark_client] Sending sample transaction 952
[2026-09-10T00:03:06.170Z INFO  benchmark_client] Sending sample transaction 953
[2026-09-10T00:03:06.222Z INFO  benchmark_client] Sending sample transaction 954
[2026-09-10T00:03:06.271Z INFO  benchmark_client] Sending sample transaction 955
[2026-09-10T00:03:06.321Z INFO  benchmark_client] Sending sample transaction 956
[2026-09-10T00:03:06.371Z INFO  benchmark_client] Sending sample transaction 957
[2026-09-10T00:03:06.421Z INFO  benchmark_client] Sending sample transaction 958
[2026-09-10T00:03:06.472Z INFO  benchmark_client] Sending sample transaction 959
[2026-09-10T00:03:06.521Z INFO  benchmark_client] Sending sample transaction 960
[2026-09-10T00:03:06.571Z INFO  benchmark_client] Sending sample transaction 961
[2026-09-10T00:03:06.621Z INFO  benchmark_client] Sending sample transaction 962
[2026-09-10T00:03:06.672Z INFO  benchmark_client] Sending sample transaction 963
[2026-09-10T00:03:06.721Z INFO  benchmark_client] Sending sample transaction 964
[2026-09-10T00:03:06.771Z INFO  benchmark_client] Sending sample transaction 965
[2026-09-10T00:03:06.822Z INFO  benchmark_client] Sending sample transaction 966
[2026-09-10T00:03:06.872Z INFO  benchmark_client] Sending sample transaction 967
[2026-09-10T00:03:06.921Z INFO  benchmark_client] Sending sample transaction 968
[2026-09-10T00:03:06.971Z INFO  benchmark_client] Sending sample transaction 969
[2026-09-10T00:03:07.022Z INFO  benchmark_client] Sending sample transaction 970
[2026-09-10T00:03:07.071Z INFO  benchmark_client] Sending sample transaction 971
[2026-09-10T00:03:07.122Z INFO  benchmark_client] Sending sample transaction 972
[2026-09-10T00:03:07.171Z INFO  benchmark_client] Sending sample transaction 973
[2026-09-10T00:03:07.221Z INFO  benchmark_client] Sending sample transaction 974
[2026-09-10T00:03:07.272Z INFO  benchmark_client] Sending sample transaction 975
[2026-09-10T00:03:07.321Z INFO  benchmark_client] Sending sample transaction 976
[2026-09-10T00:03:07.372Z INFO  benchmark_client] Sending sample transaction 977
[2026-09-10T00:03:07.421Z INFO  benchmark_client] Sending sample transaction 978
[2026-09-10T00:03:07.471Z INFO  benchmark_client] Sending sample transaction 979
[2026-09-10T00:03:07.522Z INFO  benchmark_client] Sending sample transaction 980
[2026-09-10T00:03:07.571Z INFO  benchmark_client] Sending sample transaction 981
[2026-09-10T00:03:07.622Z INFO  benchmark_client] Sending sample transaction 982
[2026-09-10T00:03:07.672Z INFO  benchmark_client] Sending sample transaction 983
[2026-09-10T00:03:07.722Z INFO  benchmark_client] Sending sample transaction 984
[2026-09-10T00:03:07.771Z INFO  benchmark_client] Sending sample transaction 985
[2026-09-10T00:03:07.822Z INFO  benchmark_client] Sending sample transaction 986
[2026-09-10T00:03:07.871Z INFO  benchmark_client] Sending sample transaction 987
[2026-09-10T00:03:07.921Z INFO  benchmark_client] Sending sample transaction 988
[2026-09-10T00:03:07.973Z INFO  benchmark_client] Sending sample transaction 989
[2026-09-10T00:03:08.021Z INFO  benchmark_client] Sending sample transaction 990
[2026-09-10T00:03:08.071Z INFO  benchmark_client] Sending sample transaction 991
[2026-09-10T00:03:08.121Z INFO  benchmark_client] Sending sample transaction 992
[2026-09-10T00:03:08.171Z INFO  benchmark_client] Sending sample transaction 993
[2026-09-10T00:03:08.221Z INFO  benchmark_client] Sending sample transaction 994
[2026-09-10T00:03:08.271Z INFO  benchmark_client] Sending sample transaction 995
[2026-09-10T00:03:08.324Z INFO  benchmark_client] Sending sample transaction 996
[2026-09-10T00:03:08.371Z INFO  benchmark_client] Sending sample transaction 997
[2026-09-10T00:03:08.422Z INFO  benchmark_client] Sending sample transaction 998
[2026-09-10T00:03:08.471Z INFO  benchmark_client] Sending sample transaction 999
[2026-09-10T00:03:08.521Z INFO  benchmark_client] Sending sample transaction 1000
[2026-09-10T00:03:08.571Z INFO  benchmark_client] Sending sample transaction 1001
[2026-09-10T00:03:08.621Z INFO  benchmark_client] Sending sample transaction 1002
[2026-09-10T00:03:08.671Z INFO  benchmark_client] Sending sample transaction 1003
[2026-09-10T00:03:08.723Z INFO  benchmark_client] Sending sample transaction 1004
[2026-09-10T00:03:08.771Z INFO  benchmark_client] Sending sample transaction 1005
[2026-09-10T00:03:08.821Z INFO  benchmark_client] Sending sample transaction 1006
[2026-09-10T00:03:08.871Z INFO  benchmark_client] Sending sample transaction 1007
[2026-09-10T00:03:08.921Z INFO  benchmark_client] Sending sample transaction 1008
[2026-09-10T00:03:08.972Z INFO  benchmark_client] Sending sample transaction 1009
[2026-09-10T00:03:09.021Z INFO  benchmark_client] Sending sample transaction 1010
[2026-09-10T00:03:09.071Z INFO  benchmark_client] Sending sample transaction 1011
[2026-09-10T00:03:09.121Z INFO  benchmark_client] Sending sample transaction 1012
[2026-09-10T00:03:09.171Z INFO  benchmark_client] Sending sample transaction 1013
[2026-09-10T00:03:09.222Z INFO  benchmark_client] Sending sample transaction 1014
[2026-09-10T00:03:09.272Z INFO  benchmark_client] Sending sample transaction 1015
[2026-09-10T00:03:09.321Z INFO  benchmark_client] Sending sample transaction 1016
[2026-09-10T00:03:09.371Z INFO  benchmark_client] Sending sample transaction 1017
[2026-09-10T00:03:09.421Z INFO  benchmark_client] Sending sample transaction 1018
[2026-09-10T00:03:09.472Z INFO  benchmark_client] Sending sample transaction 1019
[2026-09-10T00:03:09.521Z INFO  benchmark_client] Sending sample transaction 1020
[2026-09-10T00:03:09.572Z INFO  benchmark_client] Sending sample transaction 1021
[2026-09-10T00:03:09.621Z INFO  benchmark_client] Sending sample transaction 1022
[2026-09-10T00:03:09.671Z INFO  benchmark_client] Sending sample transaction 1023
[2026-09-10T00:03:09.721Z INFO  benchmark_client] Sending sample transaction 1024
[2026-09-10T00:03:09.771Z INFO  benchmark_client] Sending sample transaction 1025
[2026-09-10T00:03:09.820Z INFO  benchmark_client] Sending sample transaction 1026
[2026-09-10T00:03:09.872Z INFO  benchmark_client] Sending sample transaction 1027
[2026-09-10T00:03:09.921Z INFO  benchmark_client] Sending sample transaction 1028
[2026-09-10T00:03:09.972Z INFO  benchmark_client] Sending sample transaction 1029
[2026-09-10T00:03:10.021Z INFO  benchmark_client] Sending sample transaction 1030
[2026-09-10T00:03:10.072Z INFO  benchmark_client] Sending sample transaction 1031
[2026-09-10T00:03:10.121Z INFO  benchmark_client] Sending sample transaction 1032
[2026-09-10T00:03:10.171Z INFO  benchmark_client] Sending sample transaction 1033
[2026-09-10T00:03:10.221Z INFO  benchmark_client] Sending sample transaction 1034
[2026-09-10T00:03:10.271Z INFO  benchmark_client] Sending sample transaction 1035
[2026-09-10T00:03:10.323Z INFO  benchmark_client] Sending sample transaction 1036
[2026-09-10T00:03:10.371Z INFO  benchmark_client] Sending sample transaction 1037
[2026-09-10T00:03:10.422Z INFO  benchmark_client] Sending sample transaction 1038
[2026-09-10T00:03:10.471Z INFO  benchmark_client] Sending sample transaction 1039
[2026-09-10T00:03:10.522Z INFO  benchmark_client] Sending sample transaction 1040
[2026-09-10T00:03:10.571Z INFO  benchmark_client] Sending sample transaction 1041
[2026-09-10T00:03:10.621Z INFO  benchmark_client] Sending sample transaction 1042
[2026-09-10T00:03:10.671Z INFO  benchmark_client] Sending sample transaction 1043
[2026-09-10T00:03:10.722Z INFO  benchmark_client] Sending sample transaction 1044
[2026-09-10T00:03:10.771Z INFO  benchmark_client] Sending sample transaction 1045
[2026-09-10T00:03:10.824Z INFO  benchmark_client] Sending sample transaction 1046
[2026-09-10T00:03:10.871Z INFO  benchmark_client] Sending sample transaction 1047
[2026-09-10T00:03:10.921Z INFO  benchmark_client] Sending sample transaction 1048
[2026-09-10T00:03:10.971Z INFO  benchmark_client] Sending sample transaction 1049
[2026-09-10T00:03:11.022Z INFO  benchmark_client] Sending sample transaction 1050
[2026-09-10T00:03:11.071Z INFO  benchmark_client] Sending sample transaction 1051
[2026-09-10T00:03:11.121Z INFO  benchmark_client] Sending sample transaction 1052
[2026-09-10T00:03:11.175Z INFO  benchmark_client] Sending sample transaction 1053
[2026-09-10T00:03:11.221Z INFO  benchmark_client] Sending sample transaction 1054
[2026-09-10T00:03:11.271Z INFO  benchmark_client] Sending sample transaction 1055
[2026-09-10T00:03:11.322Z INFO  benchmark_client] Sending sample transaction 1056
[2026-09-10T00:03:11.371Z INFO  benchmark_client] Sending sample transaction 1057
[2026-09-10T00:03:11.421Z INFO  benchmark_client] Sending sample transaction 1058
[2026-09-10T00:03:11.471Z INFO  benchmark_client] Sending sample transaction 1059
[2026-09-10T00:03:11.521Z INFO  benchmark_client] Sending sample transaction 1060
[2026-09-10T00:03:11.571Z INFO  benchmark_client] Sending sample transaction 1061
[2026-09-10T00:03:11.623Z INFO  benchmark_client] Sending sample transaction 1062
[2026-09-10T00:03:11.671Z INFO  benchmark_client] Sending sample transaction 1063
[2026-09-10T00:03:11.721Z INFO  benchmark_client] Sending sample transaction 1064
[2026-09-10T00:03:11.771Z INFO  benchmark_client] Sending sample transaction 1065
[2026-09-10T00:03:11.824Z INFO  benchmark_client] Sending sample transaction 1066
[2026-09-10T00:03:11.872Z INFO  benchmark_client] Sending sample transaction 1067
[2026-09-10T00:03:11.921Z INFO  benchmark_client] Sending sample transaction 1068
[2026-09-10T00:03:11.971Z INFO  benchmark_client] Sending sample transaction 1069
[2026-09-10T00:03:12.022Z INFO  benchmark_client] Sending sample transaction 1070
[2026-09-10T00:03:12.071Z INFO  benchmark_client] Sending sample transaction 1071
[2026-09-10T00:03:12.123Z INFO  benchmark_client] Sending sample transaction 1072
[2026-09-10T00:03:12.171Z INFO  benchmark_client] Sending sample transaction 1073
[2026-09-10T00:03:12.223Z INFO  benchmark_client] Sending sample transaction 1074
[2026-09-10T00:03:12.271Z INFO  benchmark_client] Sending sample transaction 1075
[2026-09-10T00:03:12.321Z INFO  benchmark_client] Sending sample transaction 1076
[2026-09-10T00:03:12.371Z INFO  benchmark_client] Sending sample transaction 1077
[2026-09-10T00:03:12.422Z INFO  benchmark_client] Sending sample transaction 1078
[2026-09-10T00:03:12.472Z INFO  benchmark_client] Sending sample transaction 1079
[2026-09-10T00:03:12.521Z INFO  benchmark_client] Sending sample transaction 1080
[2026-09-10T00:03:12.571Z INFO  benchmark_client] Sending sample transaction 1081
[2026-09-10T00:03:12.621Z INFO  benchmark_client] Sending sample transaction 1082
[2026-09-10T00:03:12.671Z INFO  benchmark_client] Sending sample transaction 1083
[2026-09-10T00:03:12.722Z INFO  benchmark_client] Sending sample transaction 1084
[2026-09-10T00:03:12.774Z INFO  benchmark_client] Sending sample transaction 1085
[2026-09-10T00:03:12.823Z INFO  benchmark_client] Sending sample transaction 1086
[2026-09-10T00:03:12.871Z INFO  benchmark_client] Sending sample transaction 1087
[2026-09-10T00:03:12.920Z INFO  benchmark_client] Sending sample transaction 1088
[2026-09-10T00:03:12.971Z INFO  benchmark_client] Sending sample transaction 1089
[2026-09-10T00:03:13.021Z INFO  benchmark_client] Sending sample transaction 1090
[2026-09-10T00:03:13.072Z INFO  benchmark_client] Sending sample transaction 1091
[2026-09-10T00:03:13.123Z INFO  benchmark_client] Sending sample transaction 1092
[2026-09-10T00:03:13.171Z INFO  benchmark_client] Sending sample transaction 1093
[2026-09-10T00:03:13.222Z INFO  benchmark_client] Sending sample transaction 1094
[2026-09-10T00:03:13.271Z INFO  benchmark_client] Sending sample transaction 1095
[2026-09-10T00:03:13.321Z INFO  benchmark_client] Sending sample transaction 1096
[2026-09-10T00:03:13.372Z INFO  benchmark_client] Sending sample transaction 1097
[2026-09-10T00:03:13.421Z INFO  benchmark_client] Sending sample transaction 1098
[2026-09-10T00:03:13.471Z INFO  benchmark_client] Sending sample transaction 1099
[2026-09-10T00:03:13.522Z INFO  benchmark_client] Sending sample transaction 1100
[2026-09-10T00:03:13.572Z INFO  benchmark_client] Sending sample transaction 1101
[2026-09-10T00:03:13.622Z INFO  benchmark_client] Sending sample transaction 1102
[2026-09-10T00:03:13.673Z INFO  benchmark_client] Sending sample transaction 1103
[2026-09-10T00:03:13.722Z INFO  benchmark_client] Sending sample transaction 1104
[2026-09-10T00:03:13.771Z INFO  benchmark_client] Sending sample transaction 1105
[2026-09-10T00:03:13.822Z INFO  benchmark_client] Sending sample transaction 1106
[2026-09-10T00:03:13.871Z INFO  benchmark_client] Sending sample transaction 1107
[2026-09-10T00:03:13.922Z INFO  benchmark_client] Sending sample transaction 1108
[2026-09-10T00:03:13.972Z INFO  benchmark_client] Sending sample transaction 1109
[2026-09-10T00:03:14.022Z INFO  benchmark_client] Sending sample transaction 1110
[2026-09-10T00:03:14.071Z INFO  benchmark_client] Sending sample transaction 1111
[2026-09-10T00:03:14.121Z INFO  benchmark_client] Sending sample transaction 1112
[2026-09-10T00:03:14.171Z INFO  benchmark_client] Sending sample transaction 1113
[2026-09-10T00:03:14.222Z INFO  benchmark_client] Sending sample transaction 1114
[2026-09-10T00:03:14.272Z INFO  benchmark_client] Sending sample transaction 1115
[2026-09-10T00:03:14.321Z INFO  benchmark_client] Sending sample transaction 1116
[2026-09-10T00:03:14.371Z INFO  benchmark_client] Sending sample transaction 1117
[2026-09-10T00:03:14.421Z INFO  benchmark_client] Sending sample transaction 1118
[2026-09-10T00:03:14.472Z INFO  benchmark_client] Sending sample transaction 1119
[2026-09-10T00:03:14.520Z INFO  benchmark_client] Sending sample transaction 1120
[2026-09-10T00:03:14.572Z INFO  benchmark_client] Sending sample transaction 1121
[2026-09-10T00:03:14.621Z INFO  benchmark_client] Sending sample transaction 1122
[2026-09-10T00:03:14.674Z INFO  benchmark_client] Sending sample transaction 1123
[2026-09-10T00:03:14.722Z INFO  benchmark_client] Sending sample transaction 1124
[2026-09-10T00:03:14.771Z INFO  benchmark_client] Sending sample transaction 1125
[2026-09-10T00:03:14.822Z INFO  benchmark_client] Sending sample transaction 1126
[2026-09-10T00:03:14.872Z INFO  benchmark_client] Sending sample transaction 1127
[2026-09-10T00:03:14.921Z INFO  benchmark_client] Sending sample transaction 1128
[2026-09-10T00:03:14.973Z INFO  benchmark_client] Sending sample transaction 1129
[2026-09-10T00:03:15.021Z INFO  benchmark_client] Sending sample transaction 1130
[2026-09-10T00:03:15.072Z INFO  benchmark_client] Sending sample transaction 1131
[2026-09-10T00:03:15.122Z INFO  benchmark_client] Sending sample transaction 1132
[2026-09-10T00:03:15.172Z INFO  benchmark_client] Sending sample transaction 1133
[2026-09-10T00:03:15.222Z INFO  benchmark_client] Sending sample transaction 1134
[2026-09-10T00:03:15.271Z INFO  benchmark_client] Sending sample transaction 1135
[2026-09-10T00:03:15.321Z INFO  benchmark_client] Sending sample transaction 1136
[2026-09-10T00:03:15.372Z INFO  benchmark_client] Sending sample transaction 1137
[2026-09-10T00:03:15.423Z INFO  benchmark_client] Sending sample transaction 1138
[2026-09-10T00:03:15.474Z INFO  benchmark_client] Sending sample transaction 1139
[2026-09-10T00:03:15.522Z INFO  benchmark_client] Sending sample transaction 1140
[2026-09-10T00:03:15.572Z INFO  benchmark_client] Sending sample transaction 1141
[2026-09-10T00:03:15.622Z INFO  benchmark_client] Sending sample transaction 1142
[2026-09-10T00:03:15.672Z INFO  benchmark_client] Sending sample transaction 1143
[2026-09-10T00:03:15.725Z INFO  benchmark_client] Sending sample transaction 1144
[2026-09-10T00:03:15.771Z INFO  benchmark_client] Sending sample transaction 1145
[2026-09-10T00:03:15.821Z INFO  benchmark_client] Sending sample transaction 1146
[2026-09-10T00:03:15.871Z INFO  benchmark_client] Sending sample transaction 1147
[2026-09-10T00:03:15.921Z INFO  benchmark_client] Sending sample transaction 1148
[2026-09-10T00:03:15.973Z INFO  benchmark_client] Sending sample transaction 1149
[2026-09-10T00:03:16.021Z INFO  benchmark_client] Sending sample transaction 1150
[2026-09-10T00:03:16.074Z INFO  benchmark_client] Sending sample transaction 1151
[2026-09-10T00:03:16.121Z INFO  benchmark_client] Sending sample transaction 1152
[2026-09-10T00:03:16.172Z INFO  benchmark_client] Sending sample transaction 1153
[2026-09-10T00:03:16.221Z INFO  benchmark_client] Sending sample transaction 1154
[2026-09-10T00:03:16.272Z INFO  benchmark_client] Sending sample transaction 1155
[2026-09-10T00:03:16.322Z INFO  benchmark_client] Sending sample transaction 1156
[2026-09-10T00:03:16.372Z INFO  benchmark_client] Sending sample transaction 1157
[2026-09-10T00:03:16.421Z INFO  benchmark_client] Sending sample transaction 1158
[2026-09-10T00:03:16.471Z INFO  benchmark_client] Sending sample transaction 1159
[2026-09-10T00:03:16.523Z INFO  benchmark_client] Sending sample transaction 1160
[2026-09-10T00:03:16.572Z INFO  benchmark_client] Sending sample transaction 1161
[2026-09-10T00:03:16.624Z INFO  benchmark_client] Sending sample transaction 1162
[2026-09-10T00:03:16.672Z INFO  benchmark_client] Sending sample transaction 1163
[2026-09-10T00:03:16.721Z INFO  benchmark_client] Sending sample transaction 1164
[2026-09-10T00:03:16.771Z INFO  benchmark_client] Sending sample transaction 1165
[2026-09-10T00:03:16.822Z INFO  benchmark_client] Sending sample transaction 1166
[2026-09-10T00:03:16.873Z INFO  benchmark_client] Sending sample transaction 1167
[2026-09-10T00:03:16.921Z INFO  benchmark_client] Sending sample transaction 1168
[2026-09-10T00:03:16.971Z INFO  benchmark_client] Sending sample transaction 1169
[2026-09-10T00:03:17.022Z INFO  benchmark_client] Sending sample transaction 1170
[2026-09-10T00:03:17.072Z INFO  benchmark_client] Sending sample transaction 1171
[2026-09-10T00:03:17.121Z INFO  benchmark_client] Sending sample transaction 1172
[2026-09-10T00:03:17.172Z INFO  benchmark_client] Sending sample transaction 1173
[2026-09-10T00:03:17.222Z INFO  benchmark_client] Sending sample transaction 1174
[2026-09-10T00:03:17.271Z INFO  benchmark_client] Sending sample transaction 1175
[2026-09-10T00:03:17.321Z INFO  benchmark_client] Sending sample transaction 1176
[2026-09-10T00:03:17.371Z INFO  benchmark_client] Sending sample transaction 1177
[2026-09-10T00:03:17.422Z INFO  benchmark_client] Sending sample transaction 1178
[2026-09-10T00:03:17.472Z INFO  benchmark_client] Sending sample transaction 1179
[2026-09-10T00:03:17.521Z INFO  benchmark_client] Sending sample transaction 1180
[2026-09-10T00:03:17.572Z INFO  benchmark_client] Sending sample transaction 1181
[2026-09-10T00:03:17.624Z INFO  benchmark_client] Sending sample transaction 1182
[2026-09-10T00:03:17.672Z INFO  benchmark_client] Sending sample transaction 1183
[2026-09-10T00:03:17.722Z INFO  benchmark_client] Sending sample transaction 1184
[2026-09-10T00:03:17.772Z INFO  benchmark_client] Sending sample transaction 1185
[2026-09-10T00:03:17.821Z INFO  benchmark_client] Sending sample transaction 1186
[2026-09-10T00:03:17.871Z INFO  benchmark_client] Sending sample transaction 1187
[2026-09-10T00:03:17.922Z INFO  benchmark_client] Sending sample transaction 1188
[2026-09-10T00:03:17.971Z INFO  benchmark_client] Sending sample transaction 1189
[2026-09-10T00:03:18.021Z INFO  benchmark_client] Sending sample transaction 1190
[2026-09-10T00:03:18.072Z INFO  benchmark_client] Sending sample transaction 1191
[2026-09-10T00:03:18.121Z INFO  benchmark_client] Sending sample transaction 1192
[2026-09-10T00:03:18.172Z INFO  benchmark_client] Sending sample transaction 1193
[2026-09-10T00:03:18.222Z INFO  benchmark_client] Sending sample transaction 1194
[2026-09-10T00:03:18.271Z INFO  benchmark_client] Sending sample transaction 1195
