[2026-09-10T00:02:17.615Z INFO  benchmark_client] Node address: 34.80.243.115:5038
[2026-09-10T00:02:17.615Z INFO  benchmark_client] Transactions size: 512 B
[2026-09-10T00:02:17.615Z INFO  benchmark_client] Transactions rate: 12000 tx/s
[2026-09-10T00:02:17.615Z INFO  benchmark_client] Waiting for all nodes to be online...
[2026-09-10T00:02:17.883Z INFO  benchmark_client] Start sending transactions
[2026-09-10T00:02:17.883Z INFO  benchmark_client] Sending sample transaction 0
[2026-09-10T00:02:17.934Z INFO  benchmark_client] Sending sample transaction 1
[2026-09-10T00:02:17.984Z INFO  benchmark_client] Sending sample transaction 2
[2026-09-10T00:02:18.034Z INFO  benchmark_client] Sending sample transaction 3
[2026-09-10T00:02:18.084Z INFO  benchmark_client] Sending sample transaction 4
[2026-09-10T00:02:18.134Z INFO  benchmark_client] Sending sample transaction 5
[2026-09-10T00:02:18.184Z INFO  benchmark_client] Sending sample transaction 6
[2026-09-10T00:02:18.234Z INFO  benchmark_client] Sending sample transaction 7
[2026-09-10T00:02:18.285Z INFO  benchmark_client] Sending sample transaction 8
[2026-09-10T00:02:18.334Z INFO  benchmark_client] Sending sample transaction 9
[2026-09-10T00:02:18.384Z INFO  benchmark_client] Sending sample transaction 10
[2026-09-10T00:02:18.434Z INFO  benchmark_client] Sending sample transaction 11
[2026-09-10T00:02:18.484Z INFO  benchmark_client] Sending sample transaction 12
[2026-09-10T00:02:18.534Z INFO  benchmark_client] Sending sample transaction 13
[2026-09-10T00:02:18.584Z INFO  benchmark_client] Sending sample transaction 14
[2026-09-10T00:02:18.633Z INFO  benchmark_client] Sending sample transaction 15
[2026-09-10T00:02:18.684Z INFO  benchmark_client] Sending sample transaction 16
[2026-09-10T00:02:18.735Z INFO  benchmark_client] Sending sample transaction 17
[2026-09-10T00:02:18.784Z INFO  benchmark_client] Sending sample transaction 18
[2026-09-10T00:02:18.835Z INFO  benchmark_client] Sending sample transaction 19
[2026-09-10T00:02:18.884Z INFO  benchmark_client] Sending sample transaction 20
[2026-09-10T00:02:18.937Z INFO  benchmark_client] Sending sample transaction 21
[2026-09-10T00:02:18.984Z INFO  benchmark_client] Sending sample transaction 22
[2026-09-10T00:02:19.034Z INFO  benchmark_client] Sending sample transaction 23
[2026-09-10T00:02:19.084Z INFO  benchmark_client] Sending sample transaction 24
[2026-09-10T00:02:19.134Z INFO  benchmark_client] Sending sample transaction 25
[2026-09-10T00:02:19.184Z INFO  benchmark_client] Sending sample transaction 26
[2026-09-10T00:02:19.235Z INFO  benchmark_client] Sending sample transaction 27
[2026-09-10T00:02:19.284Z INFO  benchmark_client] Sending sample transaction 28
[2026-09-10T00:02:19.334Z INFO  benchmark_client] Sending sample transaction 29
[2026-09-10T00:02:19.385Z INFO  benchmark_client] Sending sample transaction 30
[2026-09-10T00:02:19.434Z INFO  benchmark_client] Sending sample transaction 31
[2026-09-10T00:02:19.484Z INFO  benchmark_client] Sending sample transaction 32
[2026-09-10T00:02:19.534Z INFO  benchmark_client] Sending sample transaction 33
[2026-09-10T00:02:19.584Z INFO  benchmark_client] Sending sample transaction 34
[2026-09-10T00:02:19.635Z INFO  benchmark_client] Sending sample transaction 35
[2026-09-10T00:02:19.684Z INFO  benchmark_client] Sending sample transaction 36
[2026-09-10T00:02:19.734Z INFO  benchmark_client] Sending sample transaction 37
[2026-09-10T00:02:19.784Z INFO  benchmark_client] Sending sample transaction 38
[2026-09-10T00:02:19.835Z INFO  benchmark_client] Sending sample transaction 39
[2026-09-10T00:02:19.884Z INFO  benchmark_client] Sending sample transaction 40
[2026-09-10T00:02:19.934Z INFO  benchmark_client] Sending sample transaction 41
[2026-09-10T00:02:19.984Z INFO  benchmark_client] Sending sample transaction 42
[2026-09-10T00:02:20.035Z INFO  benchmark_client] Sending sample transaction 43
[2026-09-10T00:02:20.084Z INFO  benchmark_client] Sending sample transaction 44
[2026-09-10T00:02:20.137Z INFO  benchmark_client] Sending sample transaction 45
[2026-09-10T00:02:20.184Z INFO  benchmark_client] Sending sample transaction 46
[2026-09-10T00:02:20.234Z INFO  benchmark_client] Sending sample transaction 47
[2026-09-10T00:02:20.285Z INFO  benchmark_client] Sending sample transaction 48
[2026-09-10T00:02:20.336Z INFO  benchmark_client] Sending sample transaction 49
[2026-09-10T00:02:20.384Z INFO  benchmark_client] Sending sample transaction 50
[2026-09-10T00:02:20.434Z INFO  benchmark_client] Sending sample transaction 51
[2026-09-10T00:02:20.484Z INFO  benchmark_client] Sending sample transaction 52
[2026-09-10T00:02:20.535Z INFO  benchmark_client] Sending sample transaction 53
[2026-09-10T00:02:20.584Z INFO  benchmark_client] Sending sample transaction 54
[2026-09-10T00:02:20.634Z INFO  benchmark_client] Sending sample transaction 55
[2026-09-10T00:02:20.686Z INFO  benchmark_client] Sending sample transaction 56
[2026-09-10T00:02:20.734Z INFO  benchmark_client] Sending sample transaction 57
[2026-09-10T00:02:20.784Z INFO  benchmark_client] Sending sample transaction 58
[2026-09-10T00:02:20.834Z INFO  benchmark_client] Sending sample transaction 59
[2026-09-10T00:02:20.885Z INFO  benchmark_client] Sending sample transaction 60
[2026-09-10T00:02:20.934Z INFO  benchmark_client] Sending sample transaction 61
[2026-09-10T00:02:20.984Z INFO  benchmark_client] Sending sample transaction 62
[2026-09-10T00:02:21.034Z INFO  benchmark_client] Sending sample transaction 63
[2026-09-10T00:02:21.084Z INFO  benchmark_client] Sending sample transaction 64
[2026-09-10T00:02:21.134Z INFO  benchmark_client] Sending sample transaction 65
[2026-09-10T00:02:21.184Z INFO  benchmark_client] Sending sample transaction 66
[2026-09-10T00:02:21.234Z INFO  benchmark_client] Sending sample transaction 67
[2026-09-10T00:02:21.285Z INFO  benchmark_client] Sending sample transaction 68
[2026-09-10T00:02:21.334Z INFO  benchmark_client] Sending sample transaction 69
[2026-09-10T00:02:21.386Z INFO  benchmark_client] Sending sample transaction 70
[2026-09-10T00:02:21.434Z INFO  benchmark_client] Sending sample transaction 71
[2026-09-10T00:02:21.484Z INFO  benchmark_client] Sending sample transaction 72
[2026-09-10T00:02:21.534Z INFO  benchmark_client] Sending sample transaction 73
[2026-09-10T00:02:21.585Z INFO  benchmark_client] Sending sample transaction 74
[2026-09-10T00:02:21.634Z INFO  benchmark_client] Sending sample transaction 75
[2026-09-10T00:02:21.684Z INFO  benchmark_client] Sending sample transaction 76
[2026-09-10T00:02:21.734Z INFO  benchmark_client] Sending sample transaction 77
[2026-09-10T00:02:21.785Z INFO  benchmark_client] Sending sample transaction 78
[2026-09-10T00:02:21.837Z INFO  benchmark_client] Sending sample transaction 79
[2026-09-10T00:02:21.884Z INFO  benchmark_client] Sending sample transaction 80
[2026-09-10T00:02:21.936Z INFO  benchmark_client] Sending sample transaction 81
[2026-09-10T00:02:21.984Z INFO  benchmark_client] Sending sample transaction 82
[2026-09-10T00:02:22.034Z INFO  benchmark_client] Sending sample transaction 83
[2026-09-10T00:02:22.084Z INFO  benchmark_client] Sending sample transaction 84
[2026-09-10T00:02:22.134Z INFO  benchmark_client] Sending sample transaction 85
[2026-09-10T00:02:22.184Z INFO  benchmark_client] Sending sample transaction 86
[2026-09-10T00:02:22.235Z INFO  benchmark_client] Sending sample transaction 87
[2026-09-10T00:02:22.284Z INFO  benchmark_client] Sending sample transaction 88
[2026-09-10T00:02:22.335Z INFO  benchmark_client] Sending sample transaction 89
[2026-09-10T00:02:22.384Z INFO  benchmark_client] Sending sample transaction 90
[2026-09-10T00:02:22.434Z INFO  benchmark_client] Sending sample transaction 91
[2026-09-10T00:02:22.484Z INFO  benchmark_client] Sending sample transaction 92
[2026-09-10T00:02:22.534Z INFO  benchmark_client] Sending sample transaction 93
[2026-09-10T00:02:22.584Z INFO  benchmark_client] Sending sample transaction 94
[2026-09-10T00:02:22.635Z INFO  benchmark_client] Sending sample transaction 95
[2026-09-10T00:02:22.685Z INFO  benchmark_client] Sending sample transaction 96
[2026-09-10T00:02:22.734Z INFO  benchmark_client] Sending sample transaction 97
[2026-09-10T00:02:22.784Z INFO  benchmark_client] Sending sample transaction 98
[2026-09-10T00:02:22.834Z INFO  benchmark_client] Sending sample transaction 99
[2026-09-10T00:02:22.886Z INFO  benchmark_client] Sending sample transaction 100
[2026-09-10T00:02:22.935Z INFO  benchmark_client] Sending sample transaction 101
[2026-09-10T00:02:22.988Z INFO  benchmark_client] Sending sample transaction 102
[2026-09-10T00:02:23.036Z INFO  benchmark_client] Sending sample transaction 103
[2026-09-10T00:02:23.085Z INFO  benchmark_client] Sending sample transaction 104
[2026-09-10T00:02:23.134Z INFO  benchmark_client] Sending sample transaction 105
[2026-09-10T00:02:23.185Z INFO  benchmark_client] Sending sample transaction 106
[2026-09-10T00:02:23.234Z INFO  benchmark_client] Sending sample transaction 107
[2026-09-10T00:02:23.284Z INFO  benchmark_client] Sending sample transaction 108
[2026-09-10T00:02:23.334Z INFO  benchmark_client] Sending sample transaction 109
[2026-09-10T00:02:23.388Z INFO  benchmark_client] Sending sample transaction 110
[2026-09-10T00:02:23.434Z INFO  benchmark_client] Sending sample transaction 111
[2026-09-10T00:02:23.484Z INFO  benchmark_client] Sending sample transaction 112
[2026-09-10T00:02:23.535Z INFO  benchmark_client] Sending sample transaction 113
[2026-09-10T00:02:23.584Z INFO  benchmark_client] Sending sample transaction 114
[2026-09-10T00:02:23.634Z INFO  benchmark_client] Sending sample transaction 115
[2026-09-10T00:02:23.684Z INFO  benchmark_client] Sending sample transaction 116
[2026-09-10T00:02:23.734Z INFO  benchmark_client] Sending sample transaction 117
[2026-09-10T00:02:23.785Z INFO  benchmark_client] Sending sample transaction 118
[2026-09-10T00:02:23.835Z INFO  benchmark_client] Sending sample transaction 119
[2026-09-10T00:02:23.885Z INFO  benchmark_client] Sending sample transaction 120
[2026-09-10T00:02:23.935Z INFO  benchmark_client] Sending sample transaction 121
[2026-09-10T00:02:23.984Z INFO  benchmark_client] Sending sample transaction 122
[2026-09-10T00:02:24.034Z INFO  benchmark_client] Sending sample transaction 123
[2026-09-10T00:02:24.084Z INFO  benchmark_client] Sending sample transaction 124
[2026-09-10T00:02:24.134Z INFO  benchmark_client] Sending sample transaction 125
[2026-09-10T00:02:24.184Z INFO  benchmark_client] Sending sample transaction 126
[2026-09-10T00:02:24.236Z INFO  benchmark_client] Sending sample transaction 127
[2026-09-10T00:02:24.284Z INFO  benchmark_client] Sending sample transaction 128
[2026-09-10T00:02:24.334Z INFO  benchmark_client] Sending sample transaction 129
[2026-09-10T00:02:24.384Z INFO  benchmark_client] Sending sample transaction 130
[2026-09-10T00:02:24.434Z INFO  benchmark_client] Sending sample transaction 131
[2026-09-10T00:02:24.484Z INFO  benchmark_client] Sending sample transaction 132
[2026-09-10T00:02:24.534Z INFO  benchmark_client] Sending sample transaction 133
[2026-09-10T00:02:24.584Z INFO  benchmark_client] Sending sample transaction 134
[2026-09-10T00:02:24.635Z INFO  benchmark_client] Sending sample transaction 135
[2026-09-10T00:02:24.685Z INFO  benchmark_client] Sending sample transaction 136
[2026-09-10T00:02:24.734Z INFO  benchmark_client] Sending sample transaction 137
[2026-09-10T00:02:24.785Z INFO  benchmark_client] Sending sample transaction 138
[2026-09-10T00:02:24.834Z INFO  benchmark_client] Sending sample transaction 139
[2026-09-10T00:02:24.884Z INFO  benchmark_client] Sending sample transaction 140
[2026-09-10T00:02:24.936Z INFO  benchmark_client] Sending sample transaction 141
[2026-09-10T00:02:24.984Z INFO  benchmark_client] Sending sample transaction 142
[2026-09-10T00:02:25.034Z INFO  benchmark_client] Sending sample transaction 143
[2026-09-10T00:02:25.084Z INFO  benchmark_client] Sending sample transaction 144
[2026-09-10T00:02:25.134Z INFO  benchmark_client] Sending sample transaction 145
[2026-09-10T00:02:25.185Z INFO  benchmark_client] Sending sample transaction 146
[2026-09-10T00:02:25.235Z INFO  benchmark_client] Sending sample transaction 147
[2026-09-10T00:02:25.284Z INFO  benchmark_client] Sending sample transaction 148
[2026-09-10T00:02:25.334Z INFO  benchmark_client] Sending sample transaction 149
[2026-09-10T00:02:25.385Z INFO  benchmark_client] Sending sample transaction 150
[2026-09-10T00:02:25.434Z INFO  benchmark_client] Sending sample transaction 151
[2026-09-10T00:02:25.484Z INFO  benchmark_client] Sending sample transaction 152
[2026-09-10T00:02:25.534Z INFO  benchmark_client] Sending sample transaction 153
[2026-09-10T00:02:25.586Z INFO  benchmark_client] Sending sample transaction 154
[2026-09-10T00:02:25.634Z INFO  benchmark_client] Sending sample transaction 155
[2026-09-10T00:02:25.685Z INFO  benchmark_client] Sending sample transaction 156
[2026-09-10T00:02:25.735Z INFO  benchmark_client] Sending sample transaction 157
[2026-09-10T00:02:25.785Z INFO  benchmark_client] Sending sample transaction 158
[2026-09-10T00:02:25.834Z INFO  benchmark_client] Sending sample transaction 159
[2026-09-10T00:02:25.885Z INFO  benchmark_client] Sending sample transaction 160
[2026-09-10T00:02:25.934Z INFO  benchmark_client] Sending sample transaction 161
[2026-09-10T00:02:25.986Z INFO  benchmark_client] Sending sample transaction 162
[2026-09-10T00:02:26.035Z INFO  benchmark_client] Sending sample transaction 163
[2026-09-10T00:02:26.084Z INFO  benchmark_client] Sending sample transaction 164
[2026-09-10T00:02:26.136Z INFO  benchmark_client] Sending sample transaction 165
[2026-09-10T00:02:26.184Z INFO  benchmark_client] Sending sample transaction 166
[2026-09-10T00:02:26.234Z INFO  benchmark_client] Sending sample transaction 167
[2026-09-10T00:02:26.285Z INFO  benchmark_client] Sending sample transaction 168
[2026-09-10T00:02:26.335Z INFO  benchmark_client] Sending sample transaction 169
[2026-09-10T00:02:26.385Z INFO  benchmark_client] Sending sample transaction 170
[2026-09-10T00:02:26.434Z INFO  benchmark_client] Sending sample transaction 171
[2026-09-10T00:02:26.484Z INFO  benchmark_client] Sending sample transaction 172
[2026-09-10T00:02:26.534Z INFO  benchmark_client] Sending sample transaction 173
[2026-09-10T00:02:26.584Z INFO  benchmark_client] Sending sample transaction 174
[2026-09-10T00:02:26.636Z INFO  benchmark_client] Sending sample transaction 175
[2026-09-10T00:02:26.684Z INFO  benchmark_client] Sending sample transaction 176
[2026-09-10T00:02:26.734Z INFO  benchmark_client] Sending sample transaction 177
[2026-09-10T00:02:26.784Z INFO  benchmark_client] Sending sample transaction 178
[2026-09-10T00:02:26.834Z INFO  benchmark_client] Sending sample transaction 179
[2026-09-10T00:02:26.885Z INFO  benchmark_client] Sending sample transaction 180
[2026-09-10T00:02:26.934Z INFO  benchmark_client] Sending sample transaction 181
[2026-09-10T00:02:26.985Z INFO  benchmark_client] Sending sample transaction 182
[2026-09-10T00:02:27.035Z INFO  benchmark_client] Sending sample transaction 183
[2026-09-10T00:02:27.089Z INFO  benchmark_client] Sending sample transaction 184
[2026-09-10T00:02:27.135Z INFO  benchmark_client] Sending sample transaction 185
[2026-09-10T00:02:27.185Z INFO  benchmark_client] Sending sample transaction 186
[2026-09-10T00:02:27.235Z INFO  benchmark_client] Sending sample transaction 187
[2026-09-10T00:02:27.285Z INFO  benchmark_client] Sending sample transaction 188
[2026-09-10T00:02:27.335Z INFO  benchmark_client] Sending sample transaction 189
[2026-09-10T00:02:27.387Z INFO  benchmark_client] Sending sample transaction 190
[2026-09-10T00:02:27.435Z INFO  benchmark_client] Sending sample transaction 191
[2026-09-10T00:02:27.486Z INFO  benchmark_client] Sending sample transaction 192
[2026-09-10T00:02:27.535Z INFO  benchmark_client] Sending sample transaction 193
[2026-09-10T00:02:27.584Z INFO  benchmark_client] Sending sample transaction 194
[2026-09-10T00:02:27.635Z INFO  benchmark_client] Sending sample transaction 195
[2026-09-10T00:02:27.685Z INFO  benchmark_client] Sending sample transaction 196
[2026-09-10T00:02:27.735Z INFO  benchmark_client] Sending sample transaction 197
[2026-09-10T00:02:27.785Z INFO  benchmark_client] Sending sample transaction 198
[2026-09-10T00:02:27.834Z INFO  benchmark_client] Sending sample transaction 199
[2026-09-10T00:02:27.884Z INFO  benchmark_client] Sending sample transaction 200
[2026-09-10T00:02:27.934Z INFO  benchmark_client] Sending sample transaction 201
[2026-09-10T00:02:27.985Z INFO  benchmark_client] Sending sample transaction 202
[2026-09-10T00:02:28.035Z INFO  benchmark_client] Sending sample transaction 203
[2026-09-10T00:02:28.084Z INFO  benchmark_client] Sending sample transaction 204
[2026-09-10T00:02:28.135Z INFO  benchmark_client] Sending sample transaction 205
[2026-09-10T00:02:28.186Z INFO  benchmark_client] Sending sample transaction 206
[2026-09-10T00:02:28.234Z INFO  benchmark_client] Sending sample transaction 207
[2026-09-10T00:02:28.285Z INFO  benchmark_client] Sending sample transaction 208
[2026-09-10T00:02:28.335Z INFO  benchmark_client] Sending sample transaction 209
[2026-09-10T00:02:28.384Z INFO  benchmark_client] Sending sample transaction 210
[2026-09-10T00:02:28.434Z INFO  benchmark_client] Sending sample transaction 211
[2026-09-10T00:02:28.485Z INFO  benchmark_client] Sending sample transaction 212
[2026-09-10T00:02:28.535Z INFO  benchmark_client] Sending sample transaction 213
[2026-09-10T00:02:28.584Z INFO  benchmark_client] Sending sample transaction 214
[2026-09-10T00:02:28.635Z INFO  benchmark_client] Sending sample transaction 215
[2026-09-10T00:02:28.685Z INFO  benchmark_client] Sending sample transaction 216
[2026-09-10T00:02:28.734Z INFO  benchmark_client] Sending sample transaction 217
[2026-09-10T00:02:28.784Z INFO  benchmark_client] Sending sample transaction 218
[2026-09-10T00:02:28.835Z INFO  benchmark_client] Sending sample transaction 219
[2026-09-10T00:02:28.885Z INFO  benchmark_client] Sending sample transaction 220
[2026-09-10T00:02:28.935Z INFO  benchmark_client] Sending sample transaction 221
[2026-09-10T00:02:28.985Z INFO  benchmark_client] Sending sample transaction 222
[2026-09-10T00:02:29.034Z INFO  benchmark_client] Sending sample transaction 223
[2026-09-10T00:02:29.085Z INFO  benchmark_client] Sending sample transaction 224
[2026-09-10T00:02:29.135Z INFO  benchmark_client] Sending sample transaction 225
[2026-09-10T00:02:29.184Z INFO  benchmark_client] Sending sample transaction 226
[2026-09-10T00:02:29.238Z INFO  benchmark_client] Sending sample transaction 227
[2026-09-10T00:02:29.285Z INFO  benchmark_client] Sending sample transaction 228
[2026-09-10T00:02:29.334Z INFO  benchmark_client] Sending sample transaction 229
[2026-09-10T00:02:29.384Z INFO  benchmark_client] Sending sample transaction 230
[2026-09-10T00:02:29.435Z INFO  benchmark_client] Sending sample transaction 231
[2026-09-10T00:02:29.484Z INFO  benchmark_client] Sending sample transaction 232
[2026-09-10T00:02:29.534Z INFO  benchmark_client] Sending sample transaction 233
[2026-09-10T00:02:29.585Z INFO  benchmark_client] Sending sample transaction 234
[2026-09-10T00:02:29.635Z INFO  benchmark_client] Sending sample transaction 235
[2026-09-10T00:02:29.684Z INFO  benchmark_client] Sending sample transaction 236
[2026-09-10T00:02:29.735Z INFO  benchmark_client] Sending sample transaction 237
[2026-09-10T00:02:29.785Z INFO  benchmark_client] Sending sample transaction 238
[2026-09-10T00:02:29.834Z INFO  benchmark_client] Sending sample transaction 239
[2026-09-10T00:02:29.885Z INFO  benchmark_client] Sending sample transaction 240
[2026-09-10T00:02:29.935Z INFO  benchmark_client] Sending sample transaction 241
[2026-09-10T00:02:29.985Z INFO  benchmark_client] Sending sample transaction 242
[2026-09-10T00:02:30.034Z INFO  benchmark_client] Sending sample transaction 243
[2026-09-10T00:02:30.085Z INFO  benchmark_client] Sending sample transaction 244
[2026-09-10T00:02:30.134Z INFO  benchmark_client] Sending sample transaction 245
[2026-09-10T00:02:30.184Z INFO  benchmark_client] Sending sample transaction 246
[2026-09-10T00:02:30.235Z INFO  benchmark_client] Sending sample transaction 247
[2026-09-10T00:02:30.284Z INFO  benchmark_client] Sending sample transaction 248
[2026-09-10T00:02:30.335Z INFO  benchmark_client] Sending sample transaction 249
[2026-09-10T00:02:30.385Z INFO  benchmark_client] Sending sample transaction 250
[2026-09-10T00:02:30.435Z INFO  benchmark_client] Sending sample transaction 251
[2026-09-10T00:02:30.485Z INFO  benchmark_client] Sending sample transaction 252
[2026-09-10T00:02:30.535Z INFO  benchmark_client] Sending sample transaction 253
[2026-09-10T00:02:30.584Z INFO  benchmark_client] Sending sample transaction 254
[2026-09-10T00:02:30.635Z INFO  benchmark_client] Sending sample transaction 255
[2026-09-10T00:02:30.684Z INFO  benchmark_client] Sending sample transaction 256
[2026-09-10T00:02:30.734Z INFO  benchmark_client] Sending sample transaction 257
[2026-09-10T00:02:30.784Z INFO  benchmark_client] Sending sample transaction 258
[2026-09-10T00:02:30.834Z INFO  benchmark_client] Sending sample transaction 259
[2026-09-10T00:02:30.884Z INFO  benchmark_client] Sending sample transaction 260
[2026-09-10T00:02:30.935Z INFO  benchmark_client] Sending sample transaction 261
[2026-09-10T00:02:30.985Z INFO  benchmark_client] Sending sample transaction 262
[2026-09-10T00:02:31.034Z INFO  benchmark_client] Sending sample transaction 263
[2026-09-10T00:02:31.084Z INFO  benchmark_client] Sending sample transaction 264
[2026-09-10T00:02:31.135Z INFO  benchmark_client] Sending sample transaction 265
[2026-09-10T00:02:31.185Z INFO  benchmark_client] Sending sample transaction 266
[2026-09-10T00:02:31.236Z INFO  benchmark_client] Sending sample transaction 267
[2026-09-10T00:02:31.286Z INFO  benchmark_client] Sending sample transaction 268
[2026-09-10T00:02:31.335Z INFO  benchmark_client] Sending sample transaction 269
[2026-09-10T00:02:31.389Z INFO  benchmark_client] Sending sample transaction 270
[2026-09-10T00:02:31.436Z INFO  benchmark_client] Sending sample transaction 271
[2026-09-10T00:02:31.487Z INFO  benchmark_client] Sending sample transaction 272
[2026-09-10T00:02:31.534Z INFO  benchmark_client] Sending sample transaction 273
[2026-09-10T00:02:31.585Z INFO  benchmark_client] Sending sample transaction 274
[2026-09-10T00:02:31.635Z INFO  benchmark_client] Sending sample transaction 275
[2026-09-10T00:02:31.685Z INFO  benchmark_client] Sending sample transaction 276
[2026-09-10T00:02:31.735Z INFO  benchmark_client] Sending sample transaction 277
[2026-09-10T00:02:31.788Z INFO  benchmark_client] Sending sample transaction 278
[2026-09-10T00:02:31.834Z INFO  benchmark_client] Sending sample transaction 279
[2026-09-10T00:02:31.885Z INFO  benchmark_client] Sending sample transaction 280
[2026-09-10T00:02:31.937Z INFO  benchmark_client] Sending sample transaction 281
[2026-09-10T00:02:31.985Z INFO  benchmark_client] Sending sample transaction 282
[2026-09-10T00:02:32.034Z INFO  benchmark_client] Sending sample transaction 283
[2026-09-10T00:02:32.085Z INFO  benchmark_client] Sending sample transaction 284
[2026-09-10T00:02:32.134Z INFO  benchmark_client] Sending sample transaction 285
[2026-09-10T00:02:32.186Z INFO  benchmark_client] Sending sample transaction 286
[2026-09-10T00:02:32.235Z INFO  benchmark_client] Sending sample transaction 287
[2026-09-10T00:02:32.285Z INFO  benchmark_client] Sending sample transaction 288
[2026-09-10T00:02:32.334Z INFO  benchmark_client] Sending sample transaction 289
[2026-09-10T00:02:32.384Z INFO  benchmark_client] Sending sample transaction 290
[2026-09-10T00:02:32.435Z INFO  benchmark_client] Sending sample transaction 291
[2026-09-10T00:02:32.485Z INFO  benchmark_client] Sending sample transaction 292
[2026-09-10T00:02:32.534Z INFO  benchmark_client] Sending sample transaction 293
[2026-09-10T00:02:32.585Z INFO  benchmark_client] Sending sample transaction 294
[2026-09-10T00:02:32.634Z INFO  benchmark_client] Sending sample transaction 295
[2026-09-10T00:02:32.686Z INFO  benchmark_client] Sending sample transaction 296
[2026-09-10T00:02:32.736Z INFO  benchmark_client] Sending sample transaction 297
[2026-09-10T00:02:32.785Z INFO  benchmark_client] Sending sample transaction 298
[2026-09-10T00:02:32.835Z INFO  benchmark_client] Sending sample transaction 299
[2026-09-10T00:02:32.884Z INFO  benchmark_client] Sending sample transaction 300
[2026-09-10T00:02:32.935Z INFO  benchmark_client] Sending sample transaction 301
[2026-09-10T00:02:32.986Z INFO  benchmark_client] Sending sample transaction 302
[2026-09-10T00:02:33.035Z INFO  benchmark_client] Sending sample transaction 303
[2026-09-10T00:02:33.085Z INFO  benchmark_client] Sending sample transaction 304
[2026-09-10T00:02:33.134Z INFO  benchmark_client] Sending sample transaction 305
[2026-09-10T00:02:33.184Z INFO  benchmark_client] Sending sample transaction 306
[2026-09-10T00:02:33.235Z INFO  benchmark_client] Sending sample transaction 307
[2026-09-10T00:02:33.285Z INFO  benchmark_client] Sending sample transaction 308
[2026-09-10T00:02:33.336Z INFO  benchmark_client] Sending sample transaction 309
[2026-09-10T00:02:33.384Z INFO  benchmark_client] Sending sample transaction 310
[2026-09-10T00:02:33.435Z INFO  benchmark_client] Sending sample transaction 311
[2026-09-10T00:02:33.485Z INFO  benchmark_client] Sending sample transaction 312
[2026-09-10T00:02:33.535Z INFO  benchmark_client] Sending sample transaction 313
[2026-09-10T00:02:33.585Z INFO  benchmark_client] Sending sample transaction 314
[2026-09-10T00:02:33.635Z INFO  benchmark_client] Sending sample transaction 315
[2026-09-10T00:02:33.685Z INFO  benchmark_client] Sending sample transaction 316
[2026-09-10T00:02:33.735Z INFO  benchmark_client] Sending sample transaction 317
[2026-09-10T00:02:33.785Z INFO  benchmark_client] Sending sample transaction 318
[2026-09-10T00:02:33.835Z INFO  benchmark_client] Sending sample transaction 319
[2026-09-10T00:02:33.885Z INFO  benchmark_client] Sending sample transaction 320
[2026-09-10T00:02:33.935Z INFO  benchmark_client] Sending sample transaction 321
[2026-09-10T00:02:33.985Z INFO  benchmark_client] Sending sample transaction 322
[2026-09-10T00:02:34.035Z INFO  benchmark_client] Sending sample transaction 323
[2026-09-10T00:02:34.084Z INFO  benchmark_client] Sending sample transaction 324
[2026-09-10T00:02:34.134Z INFO  benchmark_client] Sending sample transaction 325
[2026-09-10T00:02:34.185Z INFO  benchmark_client] Sending sample transaction 326
[2026-09-10T00:02:34.235Z INFO  benchmark_client] Sending sample transaction 327
[2026-09-10T00:02:34.284Z INFO  benchmark_client] Sending sample transaction 328
[2026-09-10T00:02:34.334Z INFO  benchmark_client] Sending sample transaction 329
[2026-09-10T00:02:34.385Z INFO  benchmark_client] Sending sample transaction 330
[2026-09-10T00:02:34.435Z INFO  benchmark_client] Sending sample transaction 331
[2026-09-10T00:02:34.485Z INFO  benchmark_client] Sending sample transaction 332
[2026-09-10T00:02:34.535Z INFO  benchmark_client] Sending sample transaction 333
[2026-09-10T00:02:34.584Z INFO  benchmark_client] Sending sample transaction 334
[2026-09-10T00:02:34.635Z INFO  benchmark_client] Sending sample transaction 335
[2026-09-10T00:02:34.685Z INFO  benchmark_client] Sending sample transaction 336
[2026-09-10T00:02:34.735Z INFO  benchmark_client] Sending sample transaction 337
[2026-09-10T00:02:34.785Z INFO  benchmark_client] Sending sample transaction 338
[2026-09-10T00:02:34.835Z INFO  benchmark_client] Sending sample transaction 339
[2026-09-10T00:02:34.885Z INFO  benchmark_client] Sending sample transaction 340
[2026-09-10T00:02:34.936Z INFO  benchmark_client] Sending sample transaction 341
[2026-09-10T00:02:34.985Z INFO  benchmark_client] Sending sample transaction 342
[2026-09-10T00:02:35.035Z INFO  benchmark_client] Sending sample transaction 343
[2026-09-10T00:02:35.084Z INFO  benchmark_client] Sending sample transaction 344
[2026-09-10T00:02:35.135Z INFO  benchmark_client] Sending sample transaction 345
[2026-09-10T00:02:35.184Z INFO  benchmark_client] Sending sample transaction 346
[2026-09-10T00:02:35.234Z INFO  benchmark_client] Sending sample transaction 347
[2026-09-10T00:02:35.285Z INFO  benchmark_client] Sending sample transaction 348
[2026-09-10T00:02:35.335Z INFO  benchmark_client] Sending sample transaction 349
[2026-09-10T00:02:35.386Z INFO  benchmark_client] Sending sample transaction 350
[2026-09-10T00:02:35.434Z INFO  benchmark_client] Sending sample transaction 351
[2026-09-10T00:02:35.485Z INFO  benchmark_client] Sending sample transaction 352
[2026-09-10T00:02:35.535Z INFO  benchmark_client] Sending sample transaction 353
[2026-09-10T00:02:35.584Z INFO  benchmark_client] Sending sample transaction 354
[2026-09-10T00:02:35.635Z INFO  benchmark_client] Sending sample transaction 355
[2026-09-10T00:02:35.685Z INFO  benchmark_client] Sending sample transaction 356
[2026-09-10T00:02:35.735Z INFO  benchmark_client] Sending sample transaction 357
[2026-09-10T00:02:35.787Z INFO  benchmark_client] Sending sample transaction 358
[2026-09-10T00:02:35.835Z INFO  benchmark_client] Sending sample transaction 359
[2026-09-10T00:02:35.884Z INFO  benchmark_client] Sending sample transaction 360
[2026-09-10T00:02:35.936Z INFO  benchmark_client] Sending sample transaction 361
[2026-09-10T00:02:35.985Z INFO  benchmark_client] Sending sample transaction 362
[2026-09-10T00:02:36.037Z INFO  benchmark_client] Sending sample transaction 363
[2026-09-10T00:02:36.084Z INFO  benchmark_client] Sending sample transaction 364
[2026-09-10T00:02:36.134Z INFO  benchmark_client] Sending sample transaction 365
[2026-09-10T00:02:36.187Z INFO  benchmark_client] Sending sample transaction 366
[2026-09-10T00:02:36.237Z INFO  benchmark_client] Sending sample transaction 367
[2026-09-10T00:02:36.287Z INFO  benchmark_client] Sending sample transaction 368
[2026-09-10T00:02:36.335Z INFO  benchmark_client] Sending sample transaction 369
[2026-09-10T00:02:36.385Z INFO  benchmark_client] Sending sample transaction 370
[2026-09-10T00:02:36.435Z INFO  benchmark_client] Sending sample transaction 371
[2026-09-10T00:02:36.484Z INFO  benchmark_client] Sending sample transaction 372
[2026-09-10T00:02:36.535Z INFO  benchmark_client] Sending sample transaction 373
[2026-09-10T00:02:36.586Z INFO  benchmark_client] Sending sample transaction 374
[2026-09-10T00:02:36.635Z INFO  benchmark_client] Sending sample transaction 375
[2026-09-10T00:02:36.685Z INFO  benchmark_client] Sending sample transaction 376
[2026-09-10T00:02:36.735Z INFO  benchmark_client] Sending sample transaction 377
[2026-09-10T00:02:36.785Z INFO  benchmark_client] Sending sample transaction 378
[2026-09-10T00:02:36.835Z INFO  benchmark_client] Sending sample transaction 379
[2026-09-10T00:02:36.886Z INFO  benchmark_client] Sending sample transaction 380
[2026-09-10T00:02:36.936Z INFO  benchmark_client] Sending sample transaction 381
[2026-09-10T00:02:36.985Z INFO  benchmark_client] Sending sample transaction 382
[2026-09-10T00:02:37.036Z INFO  benchmark_client] Sending sample transaction 383
[2026-09-10T00:02:37.085Z INFO  benchmark_client] Sending sample transaction 384
[2026-09-10T00:02:37.135Z INFO  benchmark_client] Sending sample transaction 385
[2026-09-10T00:02:37.186Z INFO  benchmark_client] Sending sample transaction 386
[2026-09-10T00:02:37.235Z INFO  benchmark_client] Sending sample transaction 387
[2026-09-10T00:02:37.285Z INFO  benchmark_client] Sending sample transaction 388
[2026-09-10T00:02:37.335Z INFO  benchmark_client] Sending sample transaction 389
[2026-09-10T00:02:37.384Z INFO  benchmark_client] Sending sample transaction 390
[2026-09-10T00:02:37.436Z INFO  benchmark_client] Sending sample transaction 391
[2026-09-10T00:02:37.486Z INFO  benchmark_client] Sending sample transaction 392
[2026-09-10T00:02:37.535Z INFO  benchmark_client] Sending sample transaction 393
[2026-09-10T00:02:37.585Z INFO  benchmark_client] Sending sample transaction 394
[2026-09-10T00:02:37.636Z INFO  benchmark_client] Sending sample transaction 395
[2026-09-10T00:02:37.685Z INFO  benchmark_client] Sending sample transaction 396
[2026-09-10T00:02:37.735Z INFO  benchmark_client] Sending sample transaction 397
[2026-09-10T00:02:37.785Z INFO  benchmark_client] Sending sample transaction 398
[2026-09-10T00:02:37.835Z INFO  benchmark_client] Sending sample transaction 399
[2026-09-10T00:02:37.884Z INFO  benchmark_client] Sending sample transaction 400
[2026-09-10T00:02:37.935Z INFO  benchmark_client] Sending sample transaction 401
[2026-09-10T00:02:37.984Z INFO  benchmark_client] Sending sample transaction 402
[2026-09-10T00:02:38.035Z INFO  benchmark_client] Sending sample transaction 403
[2026-09-10T00:02:38.085Z INFO  benchmark_client] Sending sample transaction 404
[2026-09-10T00:02:38.135Z INFO  benchmark_client] Sending sample transaction 405
[2026-09-10T00:02:38.185Z INFO  benchmark_client] Sending sample transaction 406
[2026-09-10T00:02:38.235Z INFO  benchmark_client] Sending sample transaction 407
[2026-09-10T00:02:38.284Z INFO  benchmark_client] Sending sample transaction 408
[2026-09-10T00:02:38.335Z INFO  benchmark_client] Sending sample transaction 409
[2026-09-10T00:02:38.385Z INFO  benchmark_client] Sending sample transaction 410
[2026-09-10T00:02:38.436Z INFO  benchmark_client] Sending sample transaction 411
[2026-09-10T00:02:38.484Z INFO  benchmark_client] Sending sample transaction 412
[2026-09-10T00:02:38.535Z INFO  benchmark_client] Sending sample transaction 413
[2026-09-10T00:02:38.585Z INFO  benchmark_client] Sending sample transaction 414
[2026-09-10T00:02:38.635Z INFO  benchmark_client] Sending sample transaction 415
[2026-09-10T00:02:38.684Z INFO  benchmark_client] Sending sample transaction 416
[2026-09-10T00:02:38.735Z INFO  benchmark_client] Sending sample transaction 417
[2026-09-10T00:02:38.785Z INFO  benchmark_client] Sending sample transaction 418
[2026-09-10T00:02:38.834Z INFO  benchmark_client] Sending sample transaction 419
[2026-09-10T00:02:38.885Z INFO  benchmark_client] Sending sample transaction 420
[2026-09-10T00:02:38.935Z INFO  benchmark_client] Sending sample transaction 421
[2026-09-10T00:02:38.984Z INFO  benchmark_client] Sending sample transaction 422
[2026-09-10T00:02:39.035Z INFO  benchmark_client] Sending sample transaction 423
[2026-09-10T00:02:39.085Z INFO  benchmark_client] Sending sample transaction 424
[2026-09-10T00:02:39.136Z INFO  benchmark_client] Sending sample transaction 425
[2026-09-10T00:02:39.185Z INFO  benchmark_client] Sending sample transaction 426
[2026-09-10T00:02:39.235Z INFO  benchmark_client] Sending sample transaction 427
[2026-09-10T00:02:39.285Z INFO  benchmark_client] Sending sample transaction 428
[2026-09-10T00:02:39.335Z INFO  benchmark_client] Sending sample transaction 429
[2026-09-10T00:02:39.385Z INFO  benchmark_client] Sending sample transaction 430
[2026-09-10T00:02:39.435Z INFO  benchmark_client] Sending sample transaction 431
[2026-09-10T00:02:39.484Z INFO  benchmark_client] Sending sample transaction 432
[2026-09-10T00:02:39.535Z INFO  benchmark_client] Sending sample transaction 433
[2026-09-10T00:02:39.586Z INFO  benchmark_client] Sending sample transaction 434
[2026-09-10T00:02:39.636Z INFO  benchmark_client] Sending sample transaction 435
[2026-09-10T00:02:39.685Z INFO  benchmark_client] Sending sample transaction 436
[2026-09-10T00:02:39.736Z INFO  benchmark_client] Sending sample transaction 437
[2026-09-10T00:02:39.786Z INFO  benchmark_client] Sending sample transaction 438
[2026-09-10T00:02:39.836Z INFO  benchmark_client] Sending sample transaction 439
[2026-09-10T00:02:39.885Z INFO  benchmark_client] Sending sample transaction 440
[2026-09-10T00:02:39.935Z INFO  benchmark_client] Sending sample transaction 441
[2026-09-10T00:02:39.989Z INFO  benchmark_client] Sending sample transaction 442
[2026-09-10T00:02:40.037Z INFO  benchmark_client] Sending sample transaction 443
[2026-09-10T00:02:40.085Z INFO  benchmark_client] Sending sample transaction 444
[2026-09-10T00:02:40.135Z INFO  benchmark_client] Sending sample transaction 445
[2026-09-10T00:02:40.185Z INFO  benchmark_client] Sending sample transaction 446
[2026-09-10T00:02:40.239Z INFO  benchmark_client] Sending sample transaction 447
[2026-09-10T00:02:40.286Z INFO  benchmark_client] Sending sample transaction 448
[2026-09-10T00:02:40.335Z INFO  benchmark_client] Sending sample transaction 449
[2026-09-10T00:02:40.386Z INFO  benchmark_client] Sending sample transaction 450
[2026-09-10T00:02:40.436Z INFO  benchmark_client] Sending sample transaction 451
[2026-09-10T00:02:40.485Z INFO  benchmark_client] Sending sample transaction 452
[2026-09-10T00:02:40.535Z INFO  benchmark_client] Sending sample transaction 453
[2026-09-10T00:02:40.585Z INFO  benchmark_client] Sending sample transaction 454
[2026-09-10T00:02:40.636Z INFO  benchmark_client] Sending sample transaction 455
[2026-09-10T00:02:40.687Z INFO  benchmark_client] Sending sample transaction 456
[2026-09-10T00:02:40.736Z INFO  benchmark_client] Sending sample transaction 457
[2026-09-10T00:02:40.785Z INFO  benchmark_client] Sending sample transaction 458
[2026-09-10T00:02:40.835Z INFO  benchmark_client] Sending sample transaction 459
[2026-09-10T00:02:40.885Z INFO  benchmark_client] Sending sample transaction 460
[2026-09-10T00:02:40.936Z INFO  benchmark_client] Sending sample transaction 461
[2026-09-10T00:02:40.985Z INFO  benchmark_client] Sending sample transaction 462
[2026-09-10T00:02:41.036Z INFO  benchmark_client] Sending sample transaction 463
[2026-09-10T00:02:41.085Z INFO  benchmark_client] Sending sample transaction 464
[2026-09-10T00:02:41.137Z INFO  benchmark_client] Sending sample transaction 465
[2026-09-10T00:02:41.185Z INFO  benchmark_client] Sending sample transaction 466
[2026-09-10T00:02:41.235Z INFO  benchmark_client] Sending sample transaction 467
[2026-09-10T00:02:41.285Z INFO  benchmark_client] Sending sample transaction 468
[2026-09-10T00:02:41.336Z INFO  benchmark_client] Sending sample transaction 469
[2026-09-10T00:02:41.385Z INFO  benchmark_client] Sending sample transaction 470
[2026-09-10T00:02:41.436Z INFO  benchmark_client] Sending sample transaction 471
[2026-09-10T00:02:41.485Z INFO  benchmark_client] Sending sample transaction 472
[2026-09-10T00:02:41.535Z INFO  benchmark_client] Sending sample transaction 473
[2026-09-10T00:02:41.587Z INFO  benchmark_client] Sending sample transaction 474
[2026-09-10T00:02:41.635Z INFO  benchmark_client] Sending sample transaction 475
[2026-09-10T00:02:41.688Z INFO  benchmark_client] Sending sample transaction 476
[2026-09-10T00:02:41.738Z INFO  benchmark_client] Sending sample transaction 477
[2026-09-10T00:02:41.788Z INFO  benchmark_client] Sending sample transaction 478
[2026-09-10T00:02:41.835Z INFO  benchmark_client] Sending sample transaction 479
[2026-09-10T00:02:41.885Z INFO  benchmark_client] Sending sample transaction 480
[2026-09-10T00:02:41.935Z INFO  benchmark_client] Sending sample transaction 481
[2026-09-10T00:02:41.985Z INFO  benchmark_client] Sending sample transaction 482
[2026-09-10T00:02:42.035Z INFO  benchmark_client] Sending sample transaction 483
[2026-09-10T00:02:42.085Z INFO  benchmark_client] Sending sample transaction 484
[2026-09-10T00:02:42.135Z INFO  benchmark_client] Sending sample transaction 485
[2026-09-10T00:02:42.186Z INFO  benchmark_client] Sending sample transaction 486
[2026-09-10T00:02:42.234Z INFO  benchmark_client] Sending sample transaction 487
[2026-09-10T00:02:42.285Z INFO  benchmark_client] Sending sample transaction 488
[2026-09-10T00:02:42.335Z INFO  benchmark_client] Sending sample transaction 489
[2026-09-10T00:02:42.385Z INFO  benchmark_client] Sending sample transaction 490
[2026-09-10T00:02:42.435Z INFO  benchmark_client] Sending sample transaction 491
[2026-09-10T00:02:42.485Z INFO  benchmark_client] Sending sample transaction 492
[2026-09-10T00:02:42.536Z INFO  benchmark_client] Sending sample transaction 493
[2026-09-10T00:02:42.586Z INFO  benchmark_client] Sending sample transaction 494
[2026-09-10T00:02:42.635Z INFO  benchmark_client] Sending sample transaction 495
[2026-09-10T00:02:42.685Z INFO  benchmark_client] Sending sample transaction 496
[2026-09-10T00:02:42.736Z INFO  benchmark_client] Sending sample transaction 497
[2026-09-10T00:02:42.785Z INFO  benchmark_client] Sending sample transaction 498
[2026-09-10T00:02:42.835Z INFO  benchmark_client] Sending sample transaction 499
[2026-09-10T00:02:42.886Z INFO  benchmark_client] Sending sample transaction 500
[2026-09-10T00:02:42.935Z INFO  benchmark_client] Sending sample transaction 501
[2026-09-10T00:02:42.985Z INFO  benchmark_client] Sending sample transaction 502
[2026-09-10T00:02:43.035Z INFO  benchmark_client] Sending sample transaction 503
[2026-09-10T00:02:43.085Z INFO  benchmark_client] Sending sample transaction 504
[2026-09-10T00:02:43.135Z INFO  benchmark_client] Sending sample transaction 505
[2026-09-10T00:02:43.187Z INFO  benchmark_client] Sending sample transaction 506
[2026-09-10T00:02:43.235Z INFO  benchmark_client] Sending sample transaction 507
[2026-09-10T00:02:43.286Z INFO  benchmark_client] Sending sample transaction 508
[2026-09-10T00:02:43.335Z INFO  benchmark_client] Sending sample transaction 509
[2026-09-10T00:02:43.385Z INFO  benchmark_client] Sending sample transaction 510
[2026-09-10T00:02:43.435Z INFO  benchmark_client] Sending sample transaction 511
[2026-09-10T00:02:43.486Z INFO  benchmark_client] Sending sample transaction 512
[2026-09-10T00:02:43.535Z INFO  benchmark_client] Sending sample transaction 513
[2026-09-10T00:02:43.585Z INFO  benchmark_client] Sending sample transaction 514
[2026-09-10T00:02:43.635Z INFO  benchmark_client] Sending sample transaction 515
[2026-09-10T00:02:43.685Z INFO  benchmark_client] Sending sample transaction 516
[2026-09-10T00:02:43.735Z INFO  benchmark_client] Sending sample transaction 517
[2026-09-10T00:02:43.785Z INFO  benchmark_client] Sending sample transaction 518
[2026-09-10T00:02:43.835Z INFO  benchmark_client] Sending sample transaction 519
[2026-09-10T00:02:43.885Z INFO  benchmark_client] Sending sample transaction 520
[2026-09-10T00:02:43.935Z INFO  benchmark_client] Sending sample transaction 521
[2026-09-10T00:02:43.985Z INFO  benchmark_client] Sending sample transaction 522
[2026-09-10T00:02:44.035Z INFO  benchmark_client] Sending sample transaction 523
[2026-09-10T00:02:44.085Z INFO  benchmark_client] Sending sample transaction 524
[2026-09-10T00:02:44.135Z INFO  benchmark_client] Sending sample transaction 525
[2026-09-10T00:02:44.184Z INFO  benchmark_client] Sending sample transaction 526
[2026-09-10T00:02:44.236Z INFO  benchmark_client] Sending sample transaction 527
[2026-09-10T00:02:44.285Z INFO  benchmark_client] Sending sample transaction 528
[2026-09-10T00:02:44.336Z INFO  benchmark_client] Sending sample transaction 529
[2026-09-10T00:02:44.386Z INFO  benchmark_client] Sending sample transaction 530
[2026-09-10T00:02:44.436Z INFO  benchmark_client] Sending sample transaction 531
[2026-09-10T00:02:44.485Z INFO  benchmark_client] Sending sample transaction 532
[2026-09-10T00:02:44.536Z INFO  benchmark_client] Sending sample transaction 533
[2026-09-10T00:02:44.586Z INFO  benchmark_client] Sending sample transaction 534
[2026-09-10T00:02:44.635Z INFO  benchmark_client] Sending sample transaction 535
[2026-09-10T00:02:44.686Z INFO  benchmark_client] Sending sample transaction 536
[2026-09-10T00:02:44.735Z INFO  benchmark_client] Sending sample transaction 537
[2026-09-10T00:02:44.787Z INFO  benchmark_client] Sending sample transaction 538
[2026-09-10T00:02:44.838Z INFO  benchmark_client] Sending sample transaction 539
[2026-09-10T00:02:44.889Z INFO  benchmark_client] Sending sample transaction 540
[2026-09-10T00:02:44.937Z INFO  benchmark_client] Sending sample transaction 541
[2026-09-10T00:02:44.985Z INFO  benchmark_client] Sending sample transaction 542
[2026-09-10T00:02:45.037Z INFO  benchmark_client] Sending sample transaction 543
[2026-09-10T00:02:45.085Z INFO  benchmark_client] Sending sample transaction 544
[2026-09-10T00:02:45.135Z INFO  benchmark_client] Sending sample transaction 545
[2026-09-10T00:02:45.186Z INFO  benchmark_client] Sending sample transaction 546
[2026-09-10T00:02:45.237Z INFO  benchmark_client] Sending sample transaction 547
[2026-09-10T00:02:45.285Z INFO  benchmark_client] Sending sample transaction 548
[2026-09-10T00:02:45.335Z INFO  benchmark_client] Sending sample transaction 549
[2026-09-10T00:02:45.386Z INFO  benchmark_client] Sending sample transaction 550
[2026-09-10T00:02:45.435Z INFO  benchmark_client] Sending sample transaction 551
[2026-09-10T00:02:45.486Z INFO  benchmark_client] Sending sample transaction 552
[2026-09-10T00:02:45.536Z INFO  benchmark_client] Sending sample transaction 553
[2026-09-10T00:02:45.587Z INFO  benchmark_client] Sending sample transaction 554
[2026-09-10T00:02:45.635Z INFO  benchmark_client] Sending sample transaction 555
[2026-09-10T00:02:45.685Z INFO  benchmark_client] Sending sample transaction 556
[2026-09-10T00:02:45.736Z INFO  benchmark_client] Sending sample transaction 557
[2026-09-10T00:02:45.785Z INFO  benchmark_client] Sending sample transaction 558
[2026-09-10T00:02:45.836Z INFO  benchmark_client] Sending sample transaction 559
[2026-09-10T00:02:45.887Z INFO  benchmark_client] Sending sample transaction 560
[2026-09-10T00:02:45.936Z INFO  benchmark_client] Sending sample transaction 561
[2026-09-10T00:02:45.986Z INFO  benchmark_client] Sending sample transaction 562
[2026-09-10T00:02:46.036Z INFO  benchmark_client] Sending sample transaction 563
[2026-09-10T00:02:46.089Z INFO  benchmark_client] Sending sample transaction 564
[2026-09-10T00:02:46.135Z INFO  benchmark_client] Sending sample transaction 565
[2026-09-10T00:02:46.186Z INFO  benchmark_client] Sending sample transaction 566
[2026-09-10T00:02:46.236Z INFO  benchmark_client] Sending sample transaction 567
[2026-09-10T00:02:46.285Z INFO  benchmark_client] Sending sample transaction 568
[2026-09-10T00:02:46.335Z INFO  benchmark_client] Sending sample transaction 569
[2026-09-10T00:02:46.386Z INFO  benchmark_client] Sending sample transaction 570
[2026-09-10T00:02:46.439Z INFO  benchmark_client] Sending sample transaction 571
[2026-09-10T00:02:46.485Z INFO  benchmark_client] Sending sample transaction 572
[2026-09-10T00:02:46.535Z INFO  benchmark_client] Sending sample transaction 573
[2026-09-10T00:02:46.585Z INFO  benchmark_client] Sending sample transaction 574
[2026-09-10T00:02:46.635Z INFO  benchmark_client] Sending sample transaction 575
[2026-09-10T00:02:46.685Z INFO  benchmark_client] Sending sample transaction 576
[2026-09-10T00:02:46.736Z INFO  benchmark_client] Sending sample transaction 577
[2026-09-10T00:02:46.785Z INFO  benchmark_client] Sending sample transaction 578
[2026-09-10T00:02:46.836Z INFO  benchmark_client] Sending sample transaction 579
[2026-09-10T00:02:46.885Z INFO  benchmark_client] Sending sample transaction 580
[2026-09-10T00:02:46.935Z INFO  benchmark_client] Sending sample transaction 581
[2026-09-10T00:02:46.985Z INFO  benchmark_client] Sending sample transaction 582
[2026-09-10T00:02:47.035Z INFO  benchmark_client] Sending sample transaction 583
[2026-09-10T00:02:47.086Z INFO  benchmark_client] Sending sample transaction 584
[2026-09-10T00:02:47.136Z INFO  benchmark_client] Sending sample transaction 585
[2026-09-10T00:02:47.186Z INFO  benchmark_client] Sending sample transaction 586
[2026-09-10T00:02:47.236Z INFO  benchmark_client] Sending sample transaction 587
[2026-09-10T00:02:47.286Z INFO  benchmark_client] Sending sample transaction 588
[2026-09-10T00:02:47.335Z INFO  benchmark_client] Sending sample transaction 589
[2026-09-10T00:02:47.386Z INFO  benchmark_client] Sending sample transaction 590
[2026-09-10T00:02:47.436Z INFO  benchmark_client] Sending sample transaction 591
[2026-09-10T00:02:47.486Z INFO  benchmark_client] Sending sample transaction 592
[2026-09-10T00:02:47.539Z INFO  benchmark_client] Sending sample transaction 593
[2026-09-10T00:02:47.585Z INFO  benchmark_client] Sending sample transaction 594
[2026-09-10T00:02:47.636Z INFO  benchmark_client] Sending sample transaction 595
[2026-09-10T00:02:47.686Z INFO  benchmark_client] Sending sample transaction 596
[2026-09-10T00:02:47.736Z INFO  benchmark_client] Sending sample transaction 597
[2026-09-10T00:02:47.786Z INFO  benchmark_client] Sending sample transaction 598
[2026-09-10T00:02:47.835Z INFO  benchmark_client] Sending sample transaction 599
[2026-09-10T00:02:47.884Z INFO  benchmark_client] Sending sample transaction 600
[2026-09-10T00:02:47.934Z INFO  benchmark_client] Sending sample transaction 601
[2026-09-10T00:02:47.986Z INFO  benchmark_client] Sending sample transaction 602
[2026-09-10T00:02:48.034Z INFO  benchmark_client] Sending sample transaction 603
[2026-09-10T00:02:48.084Z INFO  benchmark_client] Sending sample transaction 604
[2026-09-10T00:02:48.134Z INFO  benchmark_client] Sending sample transaction 605
[2026-09-10T00:02:48.184Z INFO  benchmark_client] Sending sample transaction 606
[2026-09-10T00:02:48.234Z INFO  benchmark_client] Sending sample transaction 607
[2026-09-10T00:02:48.284Z INFO  benchmark_client] Sending sample transaction 608
[2026-09-10T00:02:48.334Z INFO  benchmark_client] Sending sample transaction 609
[2026-09-10T00:02:48.384Z INFO  benchmark_client] Sending sample transaction 610
[2026-09-10T00:02:48.434Z INFO  benchmark_client] Sending sample transaction 611
[2026-09-10T00:02:48.484Z INFO  benchmark_client] Sending sample transaction 612
[2026-09-10T00:02:48.534Z INFO  benchmark_client] Sending sample transaction 613
[2026-09-10T00:02:48.584Z INFO  benchmark_client] Sending sample transaction 614
[2026-09-10T00:02:48.634Z INFO  benchmark_client] Sending sample transaction 615
[2026-09-10T00:02:48.684Z INFO  benchmark_client] Sending sample transaction 616
[2026-09-10T00:02:48.734Z INFO  benchmark_client] Sending sample transaction 617
[2026-09-10T00:02:48.784Z INFO  benchmark_client] Sending sample transaction 618
[2026-09-10T00:02:48.835Z INFO  benchmark_client] Sending sample transaction 619
[2026-09-10T00:02:48.884Z INFO  benchmark_client] Sending sample transaction 620
[2026-09-10T00:02:48.935Z INFO  benchmark_client] Sending sample transaction 621
[2026-09-10T00:02:48.984Z INFO  benchmark_client] Sending sample transaction 622
[2026-09-10T00:02:49.034Z INFO  benchmark_client] Sending sample transaction 623
[2026-09-10T00:02:49.084Z INFO  benchmark_client] Sending sample transaction 624
[2026-09-10T00:02:49.134Z INFO  benchmark_client] Sending sample transaction 625
[2026-09-10T00:02:49.184Z INFO  benchmark_client] Sending sample transaction 626
[2026-09-10T00:02:49.234Z INFO  benchmark_client] Sending sample transaction 627
[2026-09-10T00:02:49.284Z INFO  benchmark_client] Sending sample transaction 628
[2026-09-10T00:02:49.334Z INFO  benchmark_client] Sending sample transaction 629
[2026-09-10T00:02:49.384Z INFO  benchmark_client] Sending sample transaction 630
[2026-09-10T00:02:49.434Z INFO  benchmark_client] Sending sample transaction 631
[2026-09-10T00:02:49.484Z INFO  benchmark_client] Sending sample transaction 632
[2026-09-10T00:02:49.534Z INFO  benchmark_client] Sending sample transaction 633
[2026-09-10T00:02:49.584Z INFO  benchmark_client] Sending sample transaction 634
[2026-09-10T00:02:49.634Z INFO  benchmark_client] Sending sample transaction 635
[2026-09-10T00:02:49.684Z INFO  benchmark_client] Sending sample transaction 636
[2026-09-10T00:02:49.736Z INFO  benchmark_client] Sending sample transaction 637
[2026-09-10T00:02:49.785Z INFO  benchmark_client] Sending sample transaction 638
[2026-09-10T00:02:49.834Z INFO  benchmark_client] Sending sample transaction 639
[2026-09-10T00:02:49.887Z INFO  benchmark_client] Sending sample transaction 640
[2026-09-10T00:02:49.934Z INFO  benchmark_client] Sending sample transaction 641
[2026-09-10T00:02:49.984Z INFO  benchmark_client] Sending sample transaction 642
[2026-09-10T00:02:50.034Z INFO  benchmark_client] Sending sample transaction 643
[2026-09-10T00:02:50.084Z INFO  benchmark_client] Sending sample transaction 644
[2026-09-10T00:02:50.134Z INFO  benchmark_client] Sending sample transaction 645
[2026-09-10T00:02:50.186Z INFO  benchmark_client] Sending sample transaction 646
[2026-09-10T00:02:50.237Z INFO  benchmark_client] Sending sample transaction 647
[2026-09-10T00:02:50.285Z INFO  benchmark_client] Sending sample transaction 648
[2026-09-10T00:02:50.336Z INFO  benchmark_client] Sending sample transaction 649
[2026-09-10T00:02:50.384Z INFO  benchmark_client] Sending sample transaction 650
[2026-09-10T00:02:50.436Z INFO  benchmark_client] Sending sample transaction 651
[2026-09-10T00:02:50.484Z INFO  benchmark_client] Sending sample transaction 652
[2026-09-10T00:02:50.534Z INFO  benchmark_client] Sending sample transaction 653
[2026-09-10T00:02:50.584Z INFO  benchmark_client] Sending sample transaction 654
[2026-09-10T00:02:50.635Z INFO  benchmark_client] Sending sample transaction 655
[2026-09-10T00:02:50.684Z INFO  benchmark_client] Sending sample transaction 656
[2026-09-10T00:02:50.734Z INFO  benchmark_client] Sending sample transaction 657
[2026-09-10T00:02:50.784Z INFO  benchmark_client] Sending sample transaction 658
[2026-09-10T00:02:50.836Z INFO  benchmark_client] Sending sample transaction 659
[2026-09-10T00:02:50.884Z INFO  benchmark_client] Sending sample transaction 660
[2026-09-10T00:02:50.934Z INFO  benchmark_client] Sending sample transaction 661
[2026-09-10T00:02:50.984Z INFO  benchmark_client] Sending sample transaction 662
[2026-09-10T00:02:51.035Z INFO  benchmark_client] Sending sample transaction 663
[2026-09-10T00:02:51.084Z INFO  benchmark_client] Sending sample transaction 664
[2026-09-10T00:02:51.134Z INFO  benchmark_client] Sending sample transaction 665
[2026-09-10T00:02:51.184Z INFO  benchmark_client] Sending sample transaction 666
[2026-09-10T00:02:51.235Z INFO  benchmark_client] Sending sample transaction 667
[2026-09-10T00:02:51.284Z INFO  benchmark_client] Sending sample transaction 668
[2026-09-10T00:02:51.334Z INFO  benchmark_client] Sending sample transaction 669
[2026-09-10T00:02:51.385Z INFO  benchmark_client] Sending sample transaction 670
[2026-09-10T00:02:51.434Z INFO  benchmark_client] Sending sample transaction 671
[2026-09-10T00:02:51.484Z INFO  benchmark_client] Sending sample transaction 672
[2026-09-10T00:02:51.534Z INFO  benchmark_client] Sending sample transaction 673
[2026-09-10T00:02:51.584Z INFO  benchmark_client] Sending sample transaction 674
[2026-09-10T00:02:51.634Z INFO  benchmark_client] Sending sample transaction 675
[2026-09-10T00:02:51.684Z INFO  benchmark_client] Sending sample transaction 676
[2026-09-10T00:02:51.734Z INFO  benchmark_client] Sending sample transaction 677
[2026-09-10T00:02:51.786Z INFO  benchmark_client] Sending sample transaction 678
[2026-09-10T00:02:51.834Z INFO  benchmark_client] Sending sample transaction 679
[2026-09-10T00:02:51.884Z INFO  benchmark_client] Sending sample transaction 680
[2026-09-10T00:02:51.934Z INFO  benchmark_client] Sending sample transaction 681
[2026-09-10T00:02:51.985Z INFO  benchmark_client] Sending sample transaction 682
[2026-09-10T00:02:52.034Z INFO  benchmark_client] Sending sample transaction 683
[2026-09-10T00:02:52.084Z INFO  benchmark_client] Sending sample transaction 684
[2026-09-10T00:02:52.134Z INFO  benchmark_client] Sending sample transaction 685
[2026-09-10T00:02:52.184Z INFO  benchmark_client] Sending sample transaction 686
[2026-09-10T00:02:52.234Z INFO  benchmark_client] Sending sample transaction 687
[2026-09-10T00:02:52.284Z INFO  benchmark_client] Sending sample transaction 688
[2026-09-10T00:02:52.334Z INFO  benchmark_client] Sending sample transaction 689
[2026-09-10T00:02:52.384Z INFO  benchmark_client] Sending sample transaction 690
[2026-09-10T00:02:52.434Z INFO  benchmark_client] Sending sample transaction 691
[2026-09-10T00:02:52.484Z INFO  benchmark_client] Sending sample transaction 692
[2026-09-10T00:02:52.534Z INFO  benchmark_client] Sending sample transaction 693
[2026-09-10T00:02:52.584Z INFO  benchmark_client] Sending sample transaction 694
[2026-09-10T00:02:52.634Z INFO  benchmark_client] Sending sample transaction 695
[2026-09-10T00:02:52.684Z INFO  benchmark_client] Sending sample transaction 696
[2026-09-10T00:02:52.734Z INFO  benchmark_client] Sending sample transaction 697
[2026-09-10T00:02:52.784Z INFO  benchmark_client] Sending sample transaction 698
[2026-09-10T00:02:52.834Z INFO  benchmark_client] Sending sample transaction 699
[2026-09-10T00:02:52.884Z INFO  benchmark_client] Sending sample transaction 700
[2026-09-10T00:02:52.934Z INFO  benchmark_client] Sending sample transaction 701
[2026-09-10T00:02:52.984Z INFO  benchmark_client] Sending sample transaction 702
[2026-09-10T00:02:53.034Z INFO  benchmark_client] Sending sample transaction 703
[2026-09-10T00:02:53.085Z INFO  benchmark_client] Sending sample transaction 704
[2026-09-10T00:02:53.134Z INFO  benchmark_client] Sending sample transaction 705
[2026-09-10T00:02:53.184Z INFO  benchmark_client] Sending sample transaction 706
[2026-09-10T00:02:53.237Z INFO  benchmark_client] Sending sample transaction 707
[2026-09-10T00:02:53.287Z INFO  benchmark_client] Sending sample transaction 708
[2026-09-10T00:02:53.335Z INFO  benchmark_client] Sending sample transaction 709
[2026-09-10T00:02:53.384Z INFO  benchmark_client] Sending sample transaction 710
[2026-09-10T00:02:53.435Z INFO  benchmark_client] Sending sample transaction 711
[2026-09-10T00:02:53.484Z INFO  benchmark_client] Sending sample transaction 712
[2026-09-10T00:02:53.534Z INFO  benchmark_client] Sending sample transaction 713
[2026-09-10T00:02:53.585Z INFO  benchmark_client] Sending sample transaction 714
[2026-09-10T00:02:53.634Z INFO  benchmark_client] Sending sample transaction 715
[2026-09-10T00:02:53.687Z INFO  benchmark_client] Sending sample transaction 716
[2026-09-10T00:02:53.735Z INFO  benchmark_client] Sending sample transaction 717
[2026-09-10T00:02:53.785Z INFO  benchmark_client] Sending sample transaction 718
[2026-09-10T00:02:53.835Z INFO  benchmark_client] Sending sample transaction 719
[2026-09-10T00:02:53.885Z INFO  benchmark_client] Sending sample transaction 720
[2026-09-10T00:02:53.938Z INFO  benchmark_client] Sending sample transaction 721
[2026-09-10T00:02:53.984Z INFO  benchmark_client] Sending sample transaction 722
[2026-09-10T00:02:54.035Z INFO  benchmark_client] Sending sample transaction 723
[2026-09-10T00:02:54.084Z INFO  benchmark_client] Sending sample transaction 724
[2026-09-10T00:02:54.136Z INFO  benchmark_client] Sending sample transaction 725
[2026-09-10T00:02:54.185Z INFO  benchmark_client] Sending sample transaction 726
[2026-09-10T00:02:54.237Z INFO  benchmark_client] Sending sample transaction 727
[2026-09-10T00:02:54.284Z INFO  benchmark_client] Sending sample transaction 728
[2026-09-10T00:02:54.335Z INFO  benchmark_client] Sending sample transaction 729
[2026-09-10T00:02:54.384Z INFO  benchmark_client] Sending sample transaction 730
[2026-09-10T00:02:54.434Z INFO  benchmark_client] Sending sample transaction 731
[2026-09-10T00:02:54.484Z INFO  benchmark_client] Sending sample transaction 732
[2026-09-10T00:02:54.534Z INFO  benchmark_client] Sending sample transaction 733
[2026-09-10T00:02:54.586Z INFO  benchmark_client] Sending sample transaction 734
[2026-09-10T00:02:54.634Z INFO  benchmark_client] Sending sample transaction 735
[2026-09-10T00:02:54.684Z INFO  benchmark_client] Sending sample transaction 736
[2026-09-10T00:02:54.734Z INFO  benchmark_client] Sending sample transaction 737
[2026-09-10T00:02:54.784Z INFO  benchmark_client] Sending sample transaction 738
[2026-09-10T00:02:54.834Z INFO  benchmark_client] Sending sample transaction 739
[2026-09-10T00:02:54.884Z INFO  benchmark_client] Sending sample transaction 740
[2026-09-10T00:02:54.934Z INFO  benchmark_client] Sending sample transaction 741
[2026-09-10T00:02:54.987Z INFO  benchmark_client] Sending sample transaction 742
[2026-09-10T00:02:55.035Z INFO  benchmark_client] Sending sample transaction 743
[2026-09-10T00:02:55.085Z INFO  benchmark_client] Sending sample transaction 744
[2026-09-10T00:02:55.134Z INFO  benchmark_client] Sending sample transaction 745
[2026-09-10T00:02:55.185Z INFO  benchmark_client] Sending sample transaction 746
[2026-09-10T00:02:55.234Z INFO  benchmark_client] Sending sample transaction 747
[2026-09-10T00:02:55.284Z INFO  benchmark_client] Sending sample transaction 748
[2026-09-10T00:02:55.335Z INFO  benchmark_client] Sending sample transaction 749
[2026-09-10T00:02:55.385Z INFO  benchmark_client] Sending sample transaction 750
[2026-09-10T00:02:55.434Z INFO  benchmark_client] Sending sample transaction 751
[2026-09-10T00:02:55.485Z INFO  benchmark_client] Sending sample transaction 752
[2026-09-10T00:02:55.534Z INFO  benchmark_client] Sending sample transaction 753
[2026-09-10T00:02:55.584Z INFO  benchmark_client] Sending sample transaction 754
[2026-09-10T00:02:55.635Z INFO  benchmark_client] Sending sample transaction 755
[2026-09-10T00:02:55.684Z INFO  benchmark_client] Sending sample transaction 756
[2026-09-10T00:02:55.735Z INFO  benchmark_client] Sending sample transaction 757
[2026-09-10T00:02:55.784Z INFO  benchmark_client] Sending sample transaction 758
[2026-09-10T00:02:55.835Z INFO  benchmark_client] Sending sample transaction 759
[2026-09-10T00:02:55.884Z INFO  benchmark_client] Sending sample transaction 760
[2026-09-10T00:02:55.934Z INFO  benchmark_client] Sending sample transaction 761
[2026-09-10T00:02:55.984Z INFO  benchmark_client] Sending sample transaction 762
[2026-09-10T00:02:56.034Z INFO  benchmark_client] Sending sample transaction 763
[2026-09-10T00:02:56.084Z INFO  benchmark_client] Sending sample transaction 764
[2026-09-10T00:02:56.134Z INFO  benchmark_client] Sending sample transaction 765
[2026-09-10T00:02:56.184Z INFO  benchmark_client] Sending sample transaction 766
[2026-09-10T00:02:56.235Z INFO  benchmark_client] Sending sample transaction 767
[2026-09-10T00:02:56.284Z INFO  benchmark_client] Sending sample transaction 768
[2026-09-10T00:02:56.334Z INFO  benchmark_client] Sending sample transaction 769
[2026-09-10T00:02:56.384Z INFO  benchmark_client] Sending sample transaction 770
[2026-09-10T00:02:56.435Z INFO  benchmark_client] Sending sample transaction 771
[2026-09-10T00:02:56.484Z INFO  benchmark_client] Sending sample transaction 772
[2026-09-10T00:02:56.534Z INFO  benchmark_client] Sending sample transaction 773
[2026-09-10T00:02:56.585Z INFO  benchmark_client] Sending sample transaction 774
[2026-09-10T00:02:56.635Z INFO  benchmark_client] Sending sample transaction 775
[2026-09-10T00:02:56.684Z INFO  benchmark_client] Sending sample transaction 776
[2026-09-10T00:02:56.735Z INFO  benchmark_client] Sending sample transaction 777
[2026-09-10T00:02:56.784Z INFO  benchmark_client] Sending sample transaction 778
[2026-09-10T00:02:56.835Z INFO  benchmark_client] Sending sample transaction 779
[2026-09-10T00:02:56.884Z INFO  benchmark_client] Sending sample transaction 780
[2026-09-10T00:02:56.934Z INFO  benchmark_client] Sending sample transaction 781
[2026-09-10T00:02:56.984Z INFO  benchmark_client] Sending sample transaction 782
[2026-09-10T00:02:57.034Z INFO  benchmark_client] Sending sample transaction 783
[2026-09-10T00:02:57.085Z INFO  benchmark_client] Sending sample transaction 784
[2026-09-10T00:02:57.135Z INFO  benchmark_client] Sending sample transaction 785
[2026-09-10T00:02:57.184Z INFO  benchmark_client] Sending sample transaction 786
[2026-09-10T00:02:57.235Z INFO  benchmark_client] Sending sample transaction 787
[2026-09-10T00:02:57.285Z INFO  benchmark_client] Sending sample transaction 788
[2026-09-10T00:02:57.335Z INFO  benchmark_client] Sending sample transaction 789
[2026-09-10T00:02:57.385Z INFO  benchmark_client] Sending sample transaction 790
[2026-09-10T00:02:57.435Z INFO  benchmark_client] Sending sample transaction 791
[2026-09-10T00:02:57.484Z INFO  benchmark_client] Sending sample transaction 792
[2026-09-10T00:02:57.534Z INFO  benchmark_client] Sending sample transaction 793
[2026-09-10T00:02:57.586Z INFO  benchmark_client] Sending sample transaction 794
[2026-09-10T00:02:57.634Z INFO  benchmark_client] Sending sample transaction 795
[2026-09-10T00:02:57.684Z INFO  benchmark_client] Sending sample transaction 796
[2026-09-10T00:02:57.737Z INFO  benchmark_client] Sending sample transaction 797
[2026-09-10T00:02:57.784Z INFO  benchmark_client] Sending sample transaction 798
[2026-09-10T00:02:57.837Z INFO  benchmark_client] Sending sample transaction 799
[2026-09-10T00:02:57.885Z INFO  benchmark_client] Sending sample transaction 800
[2026-09-10T00:02:57.935Z INFO  benchmark_client] Sending sample transaction 801
[2026-09-10T00:02:57.986Z INFO  benchmark_client] Sending sample transaction 802
[2026-09-10T00:02:58.035Z INFO  benchmark_client] Sending sample transaction 803
[2026-09-10T00:02:58.084Z INFO  benchmark_client] Sending sample transaction 804
[2026-09-10T00:02:58.135Z INFO  benchmark_client] Sending sample transaction 805
[2026-09-10T00:02:58.188Z INFO  benchmark_client] Sending sample transaction 806
[2026-09-10T00:02:58.235Z INFO  benchmark_client] Sending sample transaction 807
[2026-09-10T00:02:58.284Z INFO  benchmark_client] Sending sample transaction 808
[2026-09-10T00:02:58.334Z INFO  benchmark_client] Sending sample transaction 809
[2026-09-10T00:02:58.385Z INFO  benchmark_client] Sending sample transaction 810
[2026-09-10T00:02:58.435Z INFO  benchmark_client] Sending sample transaction 811
[2026-09-10T00:02:58.484Z INFO  benchmark_client] Sending sample transaction 812
[2026-09-10T00:02:58.536Z INFO  benchmark_client] Sending sample transaction 813
[2026-09-10T00:02:58.585Z INFO  benchmark_client] Sending sample transaction 814
[2026-09-10T00:02:58.635Z INFO  benchmark_client] Sending sample transaction 815
[2026-09-10T00:02:58.684Z INFO  benchmark_client] Sending sample transaction 816
[2026-09-10T00:02:58.735Z INFO  benchmark_client] Sending sample transaction 817
[2026-09-10T00:02:58.785Z INFO  benchmark_client] Sending sample transaction 818
[2026-09-10T00:02:58.835Z INFO  benchmark_client] Sending sample transaction 819
[2026-09-10T00:02:58.885Z INFO  benchmark_client] Sending sample transaction 820
[2026-09-10T00:02:58.935Z INFO  benchmark_client] Sending sample transaction 821
[2026-09-10T00:02:58.987Z INFO  benchmark_client] Sending sample transaction 822
[2026-09-10T00:02:59.035Z INFO  benchmark_client] Sending sample transaction 823
[2026-09-10T00:02:59.084Z INFO  benchmark_client] Sending sample transaction 824
[2026-09-10T00:02:59.137Z INFO  benchmark_client] Sending sample transaction 825
[2026-09-10T00:02:59.185Z INFO  benchmark_client] Sending sample transaction 826
[2026-09-10T00:02:59.234Z INFO  benchmark_client] Sending sample transaction 827
[2026-09-10T00:02:59.285Z INFO  benchmark_client] Sending sample transaction 828
[2026-09-10T00:02:59.335Z INFO  benchmark_client] Sending sample transaction 829
[2026-09-10T00:02:59.389Z INFO  benchmark_client] Sending sample transaction 830
[2026-09-10T00:02:59.435Z INFO  benchmark_client] Sending sample transaction 831
[2026-09-10T00:02:59.487Z INFO  benchmark_client] Sending sample transaction 832
[2026-09-10T00:02:59.536Z INFO  benchmark_client] Sending sample transaction 833
[2026-09-10T00:02:59.584Z INFO  benchmark_client] Sending sample transaction 834
[2026-09-10T00:02:59.635Z INFO  benchmark_client] Sending sample transaction 835
[2026-09-10T00:02:59.686Z INFO  benchmark_client] Sending sample transaction 836
[2026-09-10T00:02:59.734Z INFO  benchmark_client] Sending sample transaction 837
[2026-09-10T00:02:59.785Z INFO  benchmark_client] Sending sample transaction 838
[2026-09-10T00:02:59.835Z INFO  benchmark_client] Sending sample transaction 839
[2026-09-10T00:02:59.885Z INFO  benchmark_client] Sending sample transaction 840
[2026-09-10T00:02:59.934Z INFO  benchmark_client] Sending sample transaction 841
[2026-09-10T00:02:59.985Z INFO  benchmark_client] Sending sample transaction 842
[2026-09-10T00:03:00.035Z INFO  benchmark_client] Sending sample transaction 843
[2026-09-10T00:03:00.085Z INFO  benchmark_client] Sending sample transaction 844
[2026-09-10T00:03:00.135Z INFO  benchmark_client] Sending sample transaction 845
[2026-09-10T00:03:00.185Z INFO  benchmark_client] Sending sample transaction 846
[2026-09-10T00:03:00.236Z INFO  benchmark_client] Sending sample transaction 847
[2026-09-10T00:03:00.285Z INFO  benchmark_client] Sending sample transaction 848
[2026-09-10T00:03:00.335Z INFO  benchmark_client] Sending sample transaction 849
[2026-09-10T00:03:00.385Z INFO  benchmark_client] Sending sample transaction 850
[2026-09-10T00:03:00.436Z INFO  benchmark_client] Sending sample transaction 851
[2026-09-10T00:03:00.485Z INFO  benchmark_client] Sending sample transaction 852
[2026-09-10T00:03:00.534Z INFO  benchmark_client] Sending sample transaction 853
[2026-09-10T00:03:00.585Z INFO  benchmark_client] Sending sample transaction 854
[2026-09-10T00:03:00.635Z INFO  benchmark_client] Sending sample transaction 855
[2026-09-10T00:03:00.684Z INFO  benchmark_client] Sending sample transaction 856
[2026-09-10T00:03:00.734Z INFO  benchmark_client] Sending sample transaction 857
[2026-09-10T00:03:00.784Z INFO  benchmark_client] Sending sample transaction 858
[2026-09-10T00:03:00.835Z INFO  benchmark_client] Sending sample transaction 859
[2026-09-10T00:03:00.884Z INFO  benchmark_client] Sending sample transaction 860
[2026-09-10T00:03:00.934Z INFO  benchmark_client] Sending sample transaction 861
[2026-09-10T00:03:00.985Z INFO  benchmark_client] Sending sample transaction 862
[2026-09-10T00:03:01.034Z INFO  benchmark_client] Sending sample transaction 863
[2026-09-10T00:03:01.085Z INFO  benchmark_client] Sending sample transaction 864
[2026-09-10T00:03:01.135Z INFO  benchmark_client] Sending sample transaction 865
[2026-09-10T00:03:01.184Z INFO  benchmark_client] Sending sample transaction 866
[2026-09-10T00:03:01.234Z INFO  benchmark_client] Sending sample transaction 867
[2026-09-10T00:03:01.285Z INFO  benchmark_client] Sending sample transaction 868
[2026-09-10T00:03:01.335Z INFO  benchmark_client] Sending sample transaction 869
[2026-09-10T00:03:01.385Z INFO  benchmark_client] Sending sample transaction 870
[2026-09-10T00:03:01.436Z INFO  benchmark_client] Sending sample transaction 871
[2026-09-10T00:03:01.486Z INFO  benchmark_client] Sending sample transaction 872
[2026-09-10T00:03:01.535Z INFO  benchmark_client] Sending sample transaction 873
[2026-09-10T00:03:01.585Z INFO  benchmark_client] Sending sample transaction 874
[2026-09-10T00:03:01.636Z INFO  benchmark_client] Sending sample transaction 875
[2026-09-10T00:03:01.685Z INFO  benchmark_client] Sending sample transaction 876
[2026-09-10T00:03:01.734Z INFO  benchmark_client] Sending sample transaction 877
[2026-09-10T00:03:01.784Z INFO  benchmark_client] Sending sample transaction 878
[2026-09-10T00:03:01.835Z INFO  benchmark_client] Sending sample transaction 879
[2026-09-10T00:03:01.885Z INFO  benchmark_client] Sending sample transaction 880
[2026-09-10T00:03:01.935Z INFO  benchmark_client] Sending sample transaction 881
[2026-09-10T00:03:01.989Z INFO  benchmark_client] Sending sample transaction 882
[2026-09-10T00:03:02.035Z INFO  benchmark_client] Sending sample transaction 883
[2026-09-10T00:03:02.085Z INFO  benchmark_client] Sending sample transaction 884
[2026-09-10T00:03:02.134Z INFO  benchmark_client] Sending sample transaction 885
[2026-09-10T00:03:02.185Z INFO  benchmark_client] Sending sample transaction 886
[2026-09-10T00:03:02.234Z INFO  benchmark_client] Sending sample transaction 887
[2026-09-10T00:03:02.286Z INFO  benchmark_client] Sending sample transaction 888
[2026-09-10T00:03:02.334Z INFO  benchmark_client] Sending sample transaction 889
[2026-09-10T00:03:02.386Z INFO  benchmark_client] Sending sample transaction 890
[2026-09-10T00:03:02.435Z INFO  benchmark_client] Sending sample transaction 891
[2026-09-10T00:03:02.485Z INFO  benchmark_client] Sending sample transaction 892
[2026-09-10T00:03:02.535Z INFO  benchmark_client] Sending sample transaction 893
[2026-09-10T00:03:02.585Z INFO  benchmark_client] Sending sample transaction 894
[2026-09-10T00:03:02.635Z INFO  benchmark_client] Sending sample transaction 895
[2026-09-10T00:03:02.686Z INFO  benchmark_client] Sending sample transaction 896
[2026-09-10T00:03:02.736Z INFO  benchmark_client] Sending sample transaction 897
[2026-09-10T00:03:02.785Z INFO  benchmark_client] Sending sample transaction 898
[2026-09-10T00:03:02.835Z INFO  benchmark_client] Sending sample transaction 899
[2026-09-10T00:03:02.888Z INFO  benchmark_client] Sending sample transaction 900
[2026-09-10T00:03:02.935Z INFO  benchmark_client] Sending sample transaction 901
[2026-09-10T00:03:02.986Z INFO  benchmark_client] Sending sample transaction 902
[2026-09-10T00:03:03.035Z INFO  benchmark_client] Sending sample transaction 903
[2026-09-10T00:03:03.084Z INFO  benchmark_client] Sending sample transaction 904
[2026-09-10T00:03:03.135Z INFO  benchmark_client] Sending sample transaction 905
[2026-09-10T00:03:03.185Z INFO  benchmark_client] Sending sample transaction 906
[2026-09-10T00:03:03.235Z INFO  benchmark_client] Sending sample transaction 907
[2026-09-10T00:03:03.285Z INFO  benchmark_client] Sending sample transaction 908
[2026-09-10T00:03:03.335Z INFO  benchmark_client] Sending sample transaction 909
[2026-09-10T00:03:03.385Z INFO  benchmark_client] Sending sample transaction 910
[2026-09-10T00:03:03.436Z INFO  benchmark_client] Sending sample transaction 911
[2026-09-10T00:03:03.484Z INFO  benchmark_client] Sending sample transaction 912
[2026-09-10T00:03:03.536Z INFO  benchmark_client] Sending sample transaction 913
[2026-09-10T00:03:03.585Z INFO  benchmark_client] Sending sample transaction 914
[2026-09-10T00:03:03.638Z INFO  benchmark_client] Sending sample transaction 915
[2026-09-10T00:03:03.686Z INFO  benchmark_client] Sending sample transaction 916
[2026-09-10T00:03:03.737Z INFO  benchmark_client] Sending sample transaction 917
[2026-09-10T00:03:03.784Z INFO  benchmark_client] Sending sample transaction 918
[2026-09-10T00:03:03.836Z INFO  benchmark_client] Sending sample transaction 919
[2026-09-10T00:03:03.885Z INFO  benchmark_client] Sending sample transaction 920
[2026-09-10T00:03:03.940Z INFO  benchmark_client] Sending sample transaction 921
[2026-09-10T00:03:03.987Z INFO  benchmark_client] Sending sample transaction 922
[2026-09-10T00:03:04.035Z INFO  benchmark_client] Sending sample transaction 923
[2026-09-10T00:03:04.085Z INFO  benchmark_client] Sending sample transaction 924
[2026-09-10T00:03:04.135Z INFO  benchmark_client] Sending sample transaction 925
[2026-09-10T00:03:04.187Z INFO  benchmark_client] Sending sample transaction 926
[2026-09-10T00:03:04.234Z INFO  benchmark_client] Sending sample transaction 927
[2026-09-10T00:03:04.285Z INFO  benchmark_client] Sending sample transaction 928
[2026-09-10T00:03:04.336Z INFO  benchmark_client] Sending sample transaction 929
[2026-09-10T00:03:04.385Z INFO  benchmark_client] Sending sample transaction 930
[2026-09-10T00:03:04.435Z INFO  benchmark_client] Sending sample transaction 931
[2026-09-10T00:03:04.485Z INFO  benchmark_client] Sending sample transaction 932
[2026-09-10T00:03:04.534Z INFO  benchmark_client] Sending sample transaction 933
[2026-09-10T00:03:04.585Z INFO  benchmark_client] Sending sample transaction 934
[2026-09-10T00:03:04.635Z INFO  benchmark_client] Sending sample transaction 935
[2026-09-10T00:03:04.685Z INFO  benchmark_client] Sending sample transaction 936
[2026-09-10T00:03:04.739Z INFO  benchmark_client] Sending sample transaction 937
[2026-09-10T00:03:04.785Z INFO  benchmark_client] Sending sample transaction 938
[2026-09-10T00:03:04.835Z INFO  benchmark_client] Sending sample transaction 939
[2026-09-10T00:03:04.888Z INFO  benchmark_client] Sending sample transaction 940
[2026-09-10T00:03:04.935Z INFO  benchmark_client] Sending sample transaction 941
[2026-09-10T00:03:04.985Z INFO  benchmark_client] Sending sample transaction 942
[2026-09-10T00:03:05.035Z INFO  benchmark_client] Sending sample transaction 943
[2026-09-10T00:03:05.086Z INFO  benchmark_client] Sending sample transaction 944
[2026-09-10T00:03:05.134Z INFO  benchmark_client] Sending sample transaction 945
[2026-09-10T00:03:05.185Z INFO  benchmark_client] Sending sample transaction 946
[2026-09-10T00:03:05.235Z INFO  benchmark_client] Sending sample transaction 947
[2026-09-10T00:03:05.285Z INFO  benchmark_client] Sending sample transaction 948
[2026-09-10T00:03:05.335Z INFO  benchmark_client] Sending sample transaction 949
[2026-09-10T00:03:05.385Z INFO  benchmark_client] Sending sample transaction 950
[2026-09-10T00:03:05.435Z INFO  benchmark_client] Sending sample transaction 951
[2026-09-10T00:03:05.486Z INFO  benchmark_client] Sending sample transaction 952
[2026-09-10T00:03:05.535Z INFO  benchmark_client] Sending sample transaction 953
[2026-09-10T00:03:05.585Z INFO  benchmark_client] Sending sample transaction 954
[2026-09-10T00:03:05.635Z INFO  benchmark_client] Sending sample transaction 955
[2026-09-10T00:03:05.686Z INFO  benchmark_client] Sending sample transaction 956
[2026-09-10T00:03:05.735Z INFO  benchmark_client] Sending sample transaction 957
[2026-09-10T00:03:05.787Z INFO  benchmark_client] Sending sample transaction 958
[2026-09-10T00:03:05.835Z INFO  benchmark_client] Sending sample transaction 959
[2026-09-10T00:03:05.888Z INFO  benchmark_client] Sending sample transaction 960
[2026-09-10T00:03:05.935Z INFO  benchmark_client] Sending sample transaction 961
[2026-09-10T00:03:05.985Z INFO  benchmark_client] Sending sample transaction 962
[2026-09-10T00:03:06.035Z INFO  benchmark_client] Sending sample transaction 963
[2026-09-10T00:03:06.086Z INFO  benchmark_client] Sending sample transaction 964
[2026-09-10T00:03:06.135Z INFO  benchmark_client] Sending sample transaction 965
[2026-09-10T00:03:06.185Z INFO  benchmark_client] Sending sample transaction 966
[2026-09-10T00:03:06.235Z INFO  benchmark_client] Sending sample transaction 967
[2026-09-10T00:03:06.286Z INFO  benchmark_client] Sending sample transaction 968
[2026-09-10T00:03:06.336Z INFO  benchmark_client] Sending sample transaction 969
[2026-09-10T00:03:06.385Z INFO  benchmark_client] Sending sample transaction 970
[2026-09-10T00:03:06.435Z INFO  benchmark_client] Sending sample transaction 971
[2026-09-10T00:03:06.485Z INFO  benchmark_client] Sending sample transaction 972
[2026-09-10T00:03:06.535Z INFO  benchmark_client] Sending sample transaction 973
[2026-09-10T00:03:06.585Z INFO  benchmark_client] Sending sample transaction 974
[2026-09-10T00:03:06.635Z INFO  benchmark_client] Sending sample transaction 975
[2026-09-10T00:03:06.685Z INFO  benchmark_client] Sending sample transaction 976
[2026-09-10T00:03:06.738Z INFO  benchmark_client] Sending sample transaction 977
[2026-09-10T00:03:06.786Z INFO  benchmark_client] Sending sample transaction 978
[2026-09-10T00:03:06.835Z INFO  benchmark_client] Sending sample transaction 979
[2026-09-10T00:03:06.885Z INFO  benchmark_client] Sending sample transaction 980
[2026-09-10T00:03:06.935Z INFO  benchmark_client] Sending sample transaction 981
[2026-09-10T00:03:06.986Z INFO  benchmark_client] Sending sample transaction 982
[2026-09-10T00:03:07.035Z INFO  benchmark_client] Sending sample transaction 983
[2026-09-10T00:03:07.086Z INFO  benchmark_client] Sending sample transaction 984
[2026-09-10T00:03:07.135Z INFO  benchmark_client] Sending sample transaction 985
[2026-09-10T00:03:07.187Z INFO  benchmark_client] Sending sample transaction 986
[2026-09-10T00:03:07.234Z INFO  benchmark_client] Sending sample transaction 987
[2026-09-10T00:03:07.285Z INFO  benchmark_client] Sending sample transaction 988
[2026-09-10T00:03:07.335Z INFO  benchmark_client] Sending sample transaction 989
[2026-09-10T00:03:07.385Z INFO  benchmark_client] Sending sample transaction 990
[2026-09-10T00:03:07.435Z INFO  benchmark_client] Sending sample transaction 991
[2026-09-10T00:03:07.486Z INFO  benchmark_client] Sending sample transaction 992
[2026-09-10T00:03:07.535Z INFO  benchmark_client] Sending sample transaction 993
[2026-09-10T00:03:07.586Z INFO  benchmark_client] Sending sample transaction 994
[2026-09-10T00:03:07.635Z INFO  benchmark_client] Sending sample transaction 995
[2026-09-10T00:03:07.685Z INFO  benchmark_client] Sending sample transaction 996
[2026-09-10T00:03:07.735Z INFO  benchmark_client] Sending sample transaction 997
[2026-09-10T00:03:07.787Z INFO  benchmark_client] Sending sample transaction 998
[2026-09-10T00:03:07.837Z INFO  benchmark_client] Sending sample transaction 999
[2026-09-10T00:03:07.889Z INFO  benchmark_client] Sending sample transaction 1000
[2026-09-10T00:03:07.936Z INFO  benchmark_client] Sending sample transaction 1001
[2026-09-10T00:03:07.989Z INFO  benchmark_client] Sending sample transaction 1002
[2026-09-10T00:03:08.035Z INFO  benchmark_client] Sending sample transaction 1003
[2026-09-10T00:03:08.089Z INFO  benchmark_client] Sending sample transaction 1004
[2026-09-10T00:03:08.135Z INFO  benchmark_client] Sending sample transaction 1005
[2026-09-10T00:03:08.186Z INFO  benchmark_client] Sending sample transaction 1006
[2026-09-10T00:03:08.235Z INFO  benchmark_client] Sending sample transaction 1007
[2026-09-10T00:03:08.288Z INFO  benchmark_client] Sending sample transaction 1008
[2026-09-10T00:03:08.335Z INFO  benchmark_client] Sending sample transaction 1009
[2026-09-10T00:03:08.385Z INFO  benchmark_client] Sending sample transaction 1010
[2026-09-10T00:03:08.436Z INFO  benchmark_client] Sending sample transaction 1011
[2026-09-10T00:03:08.487Z INFO  benchmark_client] Sending sample transaction 1012
[2026-09-10T00:03:08.536Z INFO  benchmark_client] Sending sample transaction 1013
[2026-09-10T00:03:08.586Z INFO  benchmark_client] Sending sample transaction 1014
[2026-09-10T00:03:08.636Z INFO  benchmark_client] Sending sample transaction 1015
[2026-09-10T00:03:08.685Z INFO  benchmark_client] Sending sample transaction 1016
[2026-09-10T00:03:08.735Z INFO  benchmark_client] Sending sample transaction 1017
[2026-09-10T00:03:08.785Z INFO  benchmark_client] Sending sample transaction 1018
[2026-09-10T00:03:08.836Z INFO  benchmark_client] Sending sample transaction 1019
[2026-09-10T00:03:08.885Z INFO  benchmark_client] Sending sample transaction 1020
[2026-09-10T00:03:08.935Z INFO  benchmark_client] Sending sample transaction 1021
[2026-09-10T00:03:08.986Z INFO  benchmark_client] Sending sample transaction 1022
[2026-09-10T00:03:09.035Z INFO  benchmark_client] Sending sample transaction 1023
[2026-09-10T00:03:09.085Z INFO  benchmark_client] Sending sample transaction 1024
[2026-09-10T00:03:09.138Z INFO  benchmark_client] Sending sample transaction 1025
[2026-09-10T00:03:09.186Z INFO  benchmark_client] Sending sample transaction 1026
[2026-09-10T00:03:09.234Z INFO  benchmark_client] Sending sample transaction 1027
[2026-09-10T00:03:09.285Z INFO  benchmark_client] Sending sample transaction 1028
[2026-09-10T00:03:09.334Z INFO  benchmark_client] Sending sample transaction 1029
[2026-09-10T00:03:09.385Z INFO  benchmark_client] Sending sample transaction 1030
[2026-09-10T00:03:09.436Z INFO  benchmark_client] Sending sample transaction 1031
[2026-09-10T00:03:09.485Z INFO  benchmark_client] Sending sample transaction 1032
[2026-09-10T00:03:09.536Z INFO  benchmark_client] Sending sample transaction 1033
[2026-09-10T00:03:09.586Z INFO  benchmark_client] Sending sample transaction 1034
[2026-09-10T00:03:09.635Z INFO  benchmark_client] Sending sample transaction 1035
[2026-09-10T00:03:09.685Z INFO  benchmark_client] Sending sample transaction 1036
[2026-09-10T00:03:09.736Z INFO  benchmark_client] Sending sample transaction 1037
[2026-09-10T00:03:09.785Z INFO  benchmark_client] Sending sample transaction 1038
[2026-09-10T00:03:09.843Z INFO  benchmark_client] Sending sample transaction 1039
[2026-09-10T00:03:09.886Z INFO  benchmark_client] Sending sample transaction 1040
[2026-09-10T00:03:09.936Z INFO  benchmark_client] Sending sample transaction 1041
[2026-09-10T00:03:09.985Z INFO  benchmark_client] Sending sample transaction 1042
[2026-09-10T00:03:10.035Z INFO  benchmark_client] Sending sample transaction 1043
[2026-09-10T00:03:10.086Z INFO  benchmark_client] Sending sample transaction 1044
[2026-09-10T00:03:10.135Z INFO  benchmark_client] Sending sample transaction 1045
[2026-09-10T00:03:10.186Z INFO  benchmark_client] Sending sample transaction 1046
[2026-09-10T00:03:10.234Z INFO  benchmark_client] Sending sample transaction 1047
[2026-09-10T00:03:10.285Z INFO  benchmark_client] Sending sample transaction 1048
[2026-09-10T00:03:10.336Z INFO  benchmark_client] Sending sample transaction 1049
[2026-09-10T00:03:10.385Z INFO  benchmark_client] Sending sample transaction 1050
[2026-09-10T00:03:10.435Z INFO  benchmark_client] Sending sample transaction 1051
[2026-09-10T00:03:10.485Z INFO  benchmark_client] Sending sample transaction 1052
[2026-09-10T00:03:10.535Z INFO  benchmark_client] Sending sample transaction 1053
[2026-09-10T00:03:10.588Z INFO  benchmark_client] Sending sample transaction 1054
[2026-09-10T00:03:10.635Z INFO  benchmark_client] Sending sample transaction 1055
[2026-09-10T00:03:10.688Z INFO  benchmark_client] Sending sample transaction 1056
[2026-09-10T00:03:10.735Z INFO  benchmark_client] Sending sample transaction 1057
[2026-09-10T00:03:10.786Z INFO  benchmark_client] Sending sample transaction 1058
[2026-09-10T00:03:10.835Z INFO  benchmark_client] Sending sample transaction 1059
[2026-09-10T00:03:10.885Z INFO  benchmark_client] Sending sample transaction 1060
[2026-09-10T00:03:10.935Z INFO  benchmark_client] Sending sample transaction 1061
[2026-09-10T00:03:10.986Z INFO  benchmark_client] Sending sample transaction 1062
[2026-09-10T00:03:11.038Z INFO  benchmark_client] Sending sample transaction 1063
[2026-09-10T00:03:11.085Z INFO  benchmark_client] Sending sample transaction 1064
[2026-09-10T00:03:11.135Z INFO  benchmark_client] Sending sample transaction 1065
[2026-09-10T00:03:11.186Z INFO  benchmark_client] Sending sample transaction 1066
[2026-09-10T00:03:11.234Z INFO  benchmark_client] Sending sample transaction 1067
[2026-09-10T00:03:11.285Z INFO  benchmark_client] Sending sample transaction 1068
[2026-09-10T00:03:11.337Z INFO  benchmark_client] Sending sample transaction 1069
[2026-09-10T00:03:11.387Z INFO  benchmark_client] Sending sample transaction 1070
[2026-09-10T00:03:11.435Z INFO  benchmark_client] Sending sample transaction 1071
[2026-09-10T00:03:11.487Z INFO  benchmark_client] Sending sample transaction 1072
[2026-09-10T00:03:11.535Z INFO  benchmark_client] Sending sample transaction 1073
[2026-09-10T00:03:11.586Z INFO  benchmark_client] Sending sample transaction 1074
[2026-09-10T00:03:11.635Z INFO  benchmark_client] Sending sample transaction 1075
[2026-09-10T00:03:11.686Z INFO  benchmark_client] Sending sample transaction 1076
[2026-09-10T00:03:11.735Z INFO  benchmark_client] Sending sample transaction 1077
[2026-09-10T00:03:11.785Z INFO  benchmark_client] Sending sample transaction 1078
[2026-09-10T00:03:11.836Z INFO  benchmark_client] Sending sample transaction 1079
[2026-09-10T00:03:11.886Z INFO  benchmark_client] Sending sample transaction 1080
[2026-09-10T00:03:11.936Z INFO  benchmark_client] Sending sample transaction 1081
[2026-09-10T00:03:11.985Z INFO  benchmark_client] Sending sample transaction 1082
[2026-09-10T00:03:12.035Z INFO  benchmark_client] Sending sample transaction 1083
[2026-09-10T00:03:12.085Z INFO  benchmark_client] Sending sample transaction 1084
[2026-09-10T00:03:12.136Z INFO  benchmark_client] Sending sample transaction 1085
[2026-09-10T00:03:12.185Z INFO  benchmark_client] Sending sample transaction 1086
[2026-09-10T00:03:12.234Z INFO  benchmark_client] Sending sample transaction 1087
[2026-09-10T00:03:12.286Z INFO  benchmark_client] Sending sample transaction 1088
[2026-09-10T00:03:12.335Z INFO  benchmark_client] Sending sample transaction 1089
[2026-09-10T00:03:12.385Z INFO  benchmark_client] Sending sample transaction 1090
[2026-09-10T00:03:12.436Z INFO  benchmark_client] Sending sample transaction 1091
[2026-09-10T00:03:12.485Z INFO  benchmark_client] Sending sample transaction 1092
[2026-09-10T00:03:12.535Z INFO  benchmark_client] Sending sample transaction 1093
[2026-09-10T00:03:12.586Z INFO  benchmark_client] Sending sample transaction 1094
[2026-09-10T00:03:12.636Z INFO  benchmark_client] Sending sample transaction 1095
[2026-09-10T00:03:12.690Z INFO  benchmark_client] Sending sample transaction 1096
[2026-09-10T00:03:12.734Z INFO  benchmark_client] Sending sample transaction 1097
[2026-09-10T00:03:12.785Z INFO  benchmark_client] Sending sample transaction 1098
[2026-09-10T00:03:12.835Z INFO  benchmark_client] Sending sample transaction 1099
[2026-09-10T00:03:12.885Z INFO  benchmark_client] Sending sample transaction 1100
[2026-09-10T00:03:12.935Z INFO  benchmark_client] Sending sample transaction 1101
[2026-09-10T00:03:12.985Z INFO  benchmark_client] Sending sample transaction 1102
[2026-09-10T00:03:13.034Z INFO  benchmark_client] Sending sample transaction 1103
[2026-09-10T00:03:13.085Z INFO  benchmark_client] Sending sample transaction 1104
[2026-09-10T00:03:13.135Z INFO  benchmark_client] Sending sample transaction 1105
[2026-09-10T00:03:13.185Z INFO  benchmark_client] Sending sample transaction 1106
[2026-09-10T00:03:13.235Z INFO  benchmark_client] Sending sample transaction 1107
[2026-09-10T00:03:13.287Z INFO  benchmark_client] Sending sample transaction 1108
[2026-09-10T00:03:13.335Z INFO  benchmark_client] Sending sample transaction 1109
[2026-09-10T00:03:13.385Z INFO  benchmark_client] Sending sample transaction 1110
[2026-09-10T00:03:13.437Z INFO  benchmark_client] Sending sample transaction 1111
[2026-09-10T00:03:13.486Z INFO  benchmark_client] Sending sample transaction 1112
[2026-09-10T00:03:13.535Z INFO  benchmark_client] Sending sample transaction 1113
[2026-09-10T00:03:13.585Z INFO  benchmark_client] Sending sample transaction 1114
[2026-09-10T00:03:13.635Z INFO  benchmark_client] Sending sample transaction 1115
[2026-09-10T00:03:13.685Z INFO  benchmark_client] Sending sample transaction 1116
[2026-09-10T00:03:13.736Z INFO  benchmark_client] Sending sample transaction 1117
[2026-09-10T00:03:13.787Z INFO  benchmark_client] Sending sample transaction 1118
[2026-09-10T00:03:13.835Z INFO  benchmark_client] Sending sample transaction 1119
[2026-09-10T00:03:13.887Z INFO  benchmark_client] Sending sample transaction 1120
[2026-09-10T00:03:13.936Z INFO  benchmark_client] Sending sample transaction 1121
[2026-09-10T00:03:13.985Z INFO  benchmark_client] Sending sample transaction 1122
[2026-09-10T00:03:14.035Z INFO  benchmark_client] Sending sample transaction 1123
[2026-09-10T00:03:14.086Z INFO  benchmark_client] Sending sample transaction 1124
[2026-09-10T00:03:14.134Z INFO  benchmark_client] Sending sample transaction 1125
[2026-09-10T00:03:14.186Z INFO  benchmark_client] Sending sample transaction 1126
[2026-09-10T00:03:14.235Z INFO  benchmark_client] Sending sample transaction 1127
[2026-09-10T00:03:14.285Z INFO  benchmark_client] Sending sample transaction 1128
[2026-09-10T00:03:14.337Z INFO  benchmark_client] Sending sample transaction 1129
[2026-09-10T00:03:14.388Z INFO  benchmark_client] Sending sample transaction 1130
[2026-09-10T00:03:14.436Z INFO  benchmark_client] Sending sample transaction 1131
[2026-09-10T00:03:14.485Z INFO  benchmark_client] Sending sample transaction 1132
[2026-09-10T00:03:14.535Z INFO  benchmark_client] Sending sample transaction 1133
[2026-09-10T00:03:14.586Z INFO  benchmark_client] Sending sample transaction 1134
[2026-09-10T00:03:14.635Z INFO  benchmark_client] Sending sample transaction 1135
[2026-09-10T00:03:14.687Z INFO  benchmark_client] Sending sample transaction 1136
[2026-09-10T00:03:14.736Z INFO  benchmark_client] Sending sample transaction 1137
[2026-09-10T00:03:14.785Z INFO  benchmark_client] Sending sample transaction 1138
[2026-09-10T00:03:14.836Z INFO  benchmark_client] Sending sample transaction 1139
[2026-09-10T00:03:14.889Z INFO  benchmark_client] Sending sample transaction 1140
[2026-09-10T00:03:14.937Z INFO  benchmark_client] Sending sample transaction 1141
[2026-09-10T00:03:14.986Z INFO  benchmark_client] Sending sample transaction 1142
[2026-09-10T00:03:15.035Z INFO  benchmark_client] Sending sample transaction 1143
[2026-09-10T00:03:15.087Z INFO  benchmark_client] Sending sample transaction 1144
[2026-09-10T00:03:15.136Z INFO  benchmark_client] Sending sample transaction 1145
[2026-09-10T00:03:15.186Z INFO  benchmark_client] Sending sample transaction 1146
[2026-09-10T00:03:15.236Z INFO  benchmark_client] Sending sample transaction 1147
[2026-09-10T00:03:15.285Z INFO  benchmark_client] Sending sample transaction 1148
[2026-09-10T00:03:15.335Z INFO  benchmark_client] Sending sample transaction 1149
[2026-09-10T00:03:15.386Z INFO  benchmark_client] Sending sample transaction 1150
[2026-09-10T00:03:15.438Z INFO  benchmark_client] Sending sample transaction 1151
[2026-09-10T00:03:15.488Z INFO  benchmark_client] Sending sample transaction 1152
[2026-09-10T00:03:15.535Z INFO  benchmark_client] Sending sample transaction 1153
[2026-09-10T00:03:15.585Z INFO  benchmark_client] Sending sample transaction 1154
[2026-09-10T00:03:15.635Z INFO  benchmark_client] Sending sample transaction 1155
[2026-09-10T00:03:15.686Z INFO  benchmark_client] Sending sample transaction 1156
[2026-09-10T00:03:15.736Z INFO  benchmark_client] Sending sample transaction 1157
[2026-09-10T00:03:15.786Z INFO  benchmark_client] Sending sample transaction 1158
[2026-09-10T00:03:15.835Z INFO  benchmark_client] Sending sample transaction 1159
[2026-09-10T00:03:15.886Z INFO  benchmark_client] Sending sample transaction 1160
[2026-09-10T00:03:15.935Z INFO  benchmark_client] Sending sample transaction 1161
[2026-09-10T00:03:15.987Z INFO  benchmark_client] Sending sample transaction 1162
[2026-09-10T00:03:16.036Z INFO  benchmark_client] Sending sample transaction 1163
[2026-09-10T00:03:16.086Z INFO  benchmark_client] Sending sample transaction 1164
[2026-09-10T00:03:16.135Z INFO  benchmark_client] Sending sample transaction 1165
[2026-09-10T00:03:16.186Z INFO  benchmark_client] Sending sample transaction 1166
[2026-09-10T00:03:16.235Z INFO  benchmark_client] Sending sample transaction 1167
[2026-09-10T00:03:16.285Z INFO  benchmark_client] Sending sample transaction 1168
[2026-09-10T00:03:16.335Z INFO  benchmark_client] Sending sample transaction 1169
[2026-09-10T00:03:16.385Z INFO  benchmark_client] Sending sample transaction 1170
[2026-09-10T00:03:16.437Z INFO  benchmark_client] Sending sample transaction 1171
[2026-09-10T00:03:16.485Z INFO  benchmark_client] Sending sample transaction 1172
[2026-09-10T00:03:16.537Z INFO  benchmark_client] Sending sample transaction 1173
[2026-09-10T00:03:16.585Z INFO  benchmark_client] Sending sample transaction 1174
[2026-09-10T00:03:16.637Z INFO  benchmark_client] Sending sample transaction 1175
[2026-09-10T00:03:16.685Z INFO  benchmark_client] Sending sample transaction 1176
[2026-09-10T00:03:16.734Z INFO  benchmark_client] Sending sample transaction 1177
[2026-09-10T00:03:16.785Z INFO  benchmark_client] Sending sample transaction 1178
[2026-09-10T00:03:16.835Z INFO  benchmark_client] Sending sample transaction 1179
[2026-09-10T00:03:16.886Z INFO  benchmark_client] Sending sample transaction 1180
[2026-09-10T00:03:16.935Z INFO  benchmark_client] Sending sample transaction 1181
[2026-09-10T00:03:16.993Z INFO  benchmark_client] Sending sample transaction 1182
[2026-09-10T00:03:17.036Z INFO  benchmark_client] Sending sample transaction 1183
[2026-09-10T00:03:17.086Z INFO  benchmark_client] Sending sample transaction 1184
[2026-09-10T00:03:17.137Z INFO  benchmark_client] Sending sample transaction 1185
[2026-09-10T00:03:17.185Z INFO  benchmark_client] Sending sample transaction 1186
[2026-09-10T00:03:17.236Z INFO  benchmark_client] Sending sample transaction 1187
[2026-09-10T00:03:17.287Z INFO  benchmark_client] Sending sample transaction 1188
[2026-09-10T00:03:17.335Z INFO  benchmark_client] Sending sample transaction 1189
[2026-09-10T00:03:17.386Z INFO  benchmark_client] Sending sample transaction 1190
[2026-09-10T00:03:17.438Z INFO  benchmark_client] Sending sample transaction 1191
[2026-09-10T00:03:17.488Z INFO  benchmark_client] Sending sample transaction 1192
[2026-09-10T00:03:17.541Z INFO  benchmark_client] Sending sample transaction 1193
[2026-09-10T00:03:17.589Z INFO  benchmark_client] Sending sample transaction 1194
