[2026-05-22T09:17:49.490Z INFO  benchmark_client] Node address: 35.243.133.228:5018
[2026-05-22T09:17:49.490Z INFO  benchmark_client] Transactions size: 512 B
[2026-05-22T09:17:49.490Z INFO  benchmark_client] Transactions rate: 20000 tx/s
[2026-05-22T09:17:49.490Z INFO  benchmark_client] Waiting for all nodes to be online...
[2026-05-22T09:17:49.709Z INFO  benchmark_client] Start sending transactions
[2026-05-22T09:17:49.710Z INFO  benchmark_client] Sending sample transaction 0
[2026-05-22T09:17:49.761Z INFO  benchmark_client] Sending sample transaction 1
[2026-05-22T09:17:49.811Z INFO  benchmark_client] Sending sample transaction 2
[2026-05-22T09:17:49.861Z INFO  benchmark_client] Sending sample transaction 3
[2026-05-22T09:17:49.910Z INFO  benchmark_client] Sending sample transaction 4
[2026-05-22T09:17:49.960Z INFO  benchmark_client] Sending sample transaction 5
[2026-05-22T09:17:50.013Z INFO  benchmark_client] Sending sample transaction 6
[2026-05-22T09:17:50.061Z INFO  benchmark_client] Sending sample transaction 7
[2026-05-22T09:17:50.111Z INFO  benchmark_client] Sending sample transaction 8
[2026-05-22T09:17:50.163Z INFO  benchmark_client] Sending sample transaction 9
[2026-05-22T09:17:50.211Z INFO  benchmark_client] Sending sample transaction 10
[2026-05-22T09:17:50.263Z INFO  benchmark_client] Sending sample transaction 11
[2026-05-22T09:17:50.311Z INFO  benchmark_client] Sending sample transaction 12
[2026-05-22T09:17:50.363Z INFO  benchmark_client] Sending sample transaction 13
[2026-05-22T09:17:50.411Z INFO  benchmark_client] Sending sample transaction 14
[2026-05-22T09:17:50.462Z INFO  benchmark_client] Sending sample transaction 15
[2026-05-22T09:17:50.511Z INFO  benchmark_client] Sending sample transaction 16
[2026-05-22T09:17:50.562Z INFO  benchmark_client] Sending sample transaction 17
[2026-05-22T09:17:50.611Z INFO  benchmark_client] Sending sample transaction 18
[2026-05-22T09:17:50.661Z INFO  benchmark_client] Sending sample transaction 19
[2026-05-22T09:17:50.711Z INFO  benchmark_client] Sending sample transaction 20
[2026-05-22T09:17:50.760Z INFO  benchmark_client] Sending sample transaction 21
[2026-05-22T09:17:50.811Z INFO  benchmark_client] Sending sample transaction 22
[2026-05-22T09:17:50.861Z INFO  benchmark_client] Sending sample transaction 23
[2026-05-22T09:17:50.911Z INFO  benchmark_client] Sending sample transaction 24
[2026-05-22T09:17:50.960Z INFO  benchmark_client] Sending sample transaction 25
[2026-05-22T09:17:51.011Z INFO  benchmark_client] Sending sample transaction 26
[2026-05-22T09:17:51.061Z INFO  benchmark_client] Sending sample transaction 27
[2026-05-22T09:17:51.110Z INFO  benchmark_client] Sending sample transaction 28
[2026-05-22T09:17:51.162Z INFO  benchmark_client] Sending sample transaction 29
[2026-05-22T09:17:51.210Z INFO  benchmark_client] Sending sample transaction 30
[2026-05-22T09:17:51.261Z INFO  benchmark_client] Sending sample transaction 31
[2026-05-22T09:17:51.311Z INFO  benchmark_client] Sending sample transaction 32
[2026-05-22T09:17:51.361Z INFO  benchmark_client] Sending sample transaction 33
[2026-05-22T09:17:51.411Z INFO  benchmark_client] Sending sample transaction 34
[2026-05-22T09:17:51.460Z INFO  benchmark_client] Sending sample transaction 35
[2026-05-22T09:17:51.514Z INFO  benchmark_client] Sending sample transaction 36
[2026-05-22T09:17:51.560Z INFO  benchmark_client] Sending sample transaction 37
[2026-05-22T09:17:51.612Z INFO  benchmark_client] Sending sample transaction 38
[2026-05-22T09:17:51.660Z INFO  benchmark_client] Sending sample transaction 39
[2026-05-22T09:17:51.711Z INFO  benchmark_client] Sending sample transaction 40
[2026-05-22T09:17:51.761Z INFO  benchmark_client] Sending sample transaction 41
[2026-05-22T09:17:51.810Z INFO  benchmark_client] Sending sample transaction 42
[2026-05-22T09:17:51.861Z INFO  benchmark_client] Sending sample transaction 43
[2026-05-22T09:17:51.910Z INFO  benchmark_client] Sending sample transaction 44
[2026-05-22T09:17:51.961Z INFO  benchmark_client] Sending sample transaction 45
[2026-05-22T09:17:52.013Z INFO  benchmark_client] Sending sample transaction 46
[2026-05-22T09:17:52.061Z INFO  benchmark_client] Sending sample transaction 47
[2026-05-22T09:17:52.111Z INFO  benchmark_client] Sending sample transaction 48
[2026-05-22T09:17:52.163Z INFO  benchmark_client] Sending sample transaction 49
[2026-05-22T09:17:52.213Z INFO  benchmark_client] Sending sample transaction 50
[2026-05-22T09:17:52.261Z INFO  benchmark_client] Sending sample transaction 51
[2026-05-22T09:17:52.312Z INFO  benchmark_client] Sending sample transaction 52
[2026-05-22T09:17:52.363Z INFO  benchmark_client] Sending sample transaction 53
[2026-05-22T09:17:52.411Z INFO  benchmark_client] Sending sample transaction 54
[2026-05-22T09:17:52.460Z INFO  benchmark_client] Sending sample transaction 55
[2026-05-22T09:17:52.511Z INFO  benchmark_client] Sending sample transaction 56
[2026-05-22T09:17:52.561Z INFO  benchmark_client] Sending sample transaction 57
[2026-05-22T09:17:52.611Z INFO  benchmark_client] Sending sample transaction 58
[2026-05-22T09:17:52.661Z INFO  benchmark_client] Sending sample transaction 59
[2026-05-22T09:17:52.711Z INFO  benchmark_client] Sending sample transaction 60
[2026-05-22T09:17:52.761Z INFO  benchmark_client] Sending sample transaction 61
[2026-05-22T09:17:52.810Z INFO  benchmark_client] Sending sample transaction 62
[2026-05-22T09:17:52.861Z INFO  benchmark_client] Sending sample transaction 63
[2026-05-22T09:17:52.911Z INFO  benchmark_client] Sending sample transaction 64
[2026-05-22T09:17:52.960Z INFO  benchmark_client] Sending sample transaction 65
[2026-05-22T09:17:53.012Z INFO  benchmark_client] Sending sample transaction 66
[2026-05-22T09:17:53.061Z INFO  benchmark_client] Sending sample transaction 67
[2026-05-22T09:17:53.111Z INFO  benchmark_client] Sending sample transaction 68
[2026-05-22T09:17:53.161Z INFO  benchmark_client] Sending sample transaction 69
[2026-05-22T09:17:53.211Z INFO  benchmark_client] Sending sample transaction 70
[2026-05-22T09:17:53.261Z INFO  benchmark_client] Sending sample transaction 71
[2026-05-22T09:17:53.311Z INFO  benchmark_client] Sending sample transaction 72
[2026-05-22T09:17:53.362Z INFO  benchmark_client] Sending sample transaction 73
[2026-05-22T09:17:53.410Z INFO  benchmark_client] Sending sample transaction 74
[2026-05-22T09:17:53.463Z INFO  benchmark_client] Sending sample transaction 75
[2026-05-22T09:17:53.511Z INFO  benchmark_client] Sending sample transaction 76
[2026-05-22T09:17:53.561Z INFO  benchmark_client] Sending sample transaction 77
[2026-05-22T09:17:53.611Z INFO  benchmark_client] Sending sample transaction 78
[2026-05-22T09:17:53.661Z INFO  benchmark_client] Sending sample transaction 79
[2026-05-22T09:17:53.711Z INFO  benchmark_client] Sending sample transaction 80
[2026-05-22T09:17:53.761Z INFO  benchmark_client] Sending sample transaction 81
[2026-05-22T09:17:53.811Z INFO  benchmark_client] Sending sample transaction 82
[2026-05-22T09:17:53.862Z INFO  benchmark_client] Sending sample transaction 83
[2026-05-22T09:17:53.911Z INFO  benchmark_client] Sending sample transaction 84
[2026-05-22T09:17:53.961Z INFO  benchmark_client] Sending sample transaction 85
[2026-05-22T09:17:54.011Z INFO  benchmark_client] Sending sample transaction 86
[2026-05-22T09:17:54.061Z INFO  benchmark_client] Sending sample transaction 87
[2026-05-22T09:17:54.111Z INFO  benchmark_client] Sending sample transaction 88
[2026-05-22T09:17:54.161Z INFO  benchmark_client] Sending sample transaction 89
[2026-05-22T09:17:54.210Z INFO  benchmark_client] Sending sample transaction 90
[2026-05-22T09:17:54.260Z INFO  benchmark_client] Sending sample transaction 91
[2026-05-22T09:17:54.314Z INFO  benchmark_client] Sending sample transaction 92
[2026-05-22T09:17:54.361Z INFO  benchmark_client] Sending sample transaction 93
[2026-05-22T09:17:54.411Z INFO  benchmark_client] Sending sample transaction 94
[2026-05-22T09:17:54.461Z INFO  benchmark_client] Sending sample transaction 95
[2026-05-22T09:17:54.511Z INFO  benchmark_client] Sending sample transaction 96
[2026-05-22T09:17:54.561Z INFO  benchmark_client] Sending sample transaction 97
[2026-05-22T09:17:54.611Z INFO  benchmark_client] Sending sample transaction 98
[2026-05-22T09:17:54.661Z INFO  benchmark_client] Sending sample transaction 99
[2026-05-22T09:17:54.710Z INFO  benchmark_client] Sending sample transaction 100
[2026-05-22T09:17:54.761Z INFO  benchmark_client] Sending sample transaction 101
[2026-05-22T09:17:54.811Z INFO  benchmark_client] Sending sample transaction 102
[2026-05-22T09:17:54.862Z INFO  benchmark_client] Sending sample transaction 103
[2026-05-22T09:17:54.913Z INFO  benchmark_client] Sending sample transaction 104
[2026-05-22T09:17:54.961Z INFO  benchmark_client] Sending sample transaction 105
[2026-05-22T09:17:55.011Z INFO  benchmark_client] Sending sample transaction 106
[2026-05-22T09:17:55.062Z INFO  benchmark_client] Sending sample transaction 107
[2026-05-22T09:17:55.115Z INFO  benchmark_client] Sending sample transaction 108
[2026-05-22T09:17:55.161Z INFO  benchmark_client] Sending sample transaction 109
[2026-05-22T09:17:55.211Z INFO  benchmark_client] Sending sample transaction 110
[2026-05-22T09:17:55.262Z INFO  benchmark_client] Sending sample transaction 111
[2026-05-22T09:17:55.315Z INFO  benchmark_client] Sending sample transaction 112
[2026-05-22T09:17:55.363Z INFO  benchmark_client] Sending sample transaction 113
[2026-05-22T09:17:55.413Z INFO  benchmark_client] Sending sample transaction 114
[2026-05-22T09:17:55.461Z INFO  benchmark_client] Sending sample transaction 115
[2026-05-22T09:17:55.511Z INFO  benchmark_client] Sending sample transaction 116
[2026-05-22T09:17:55.565Z INFO  benchmark_client] Sending sample transaction 117
[2026-05-22T09:17:55.617Z INFO  benchmark_client] Sending sample transaction 118
[2026-05-22T09:17:55.660Z INFO  benchmark_client] Sending sample transaction 119
[2026-05-22T09:17:55.712Z INFO  benchmark_client] Sending sample transaction 120
[2026-05-22T09:17:55.761Z INFO  benchmark_client] Sending sample transaction 121
[2026-05-22T09:17:55.811Z INFO  benchmark_client] Sending sample transaction 122
[2026-05-22T09:17:55.861Z INFO  benchmark_client] Sending sample transaction 123
[2026-05-22T09:17:55.911Z INFO  benchmark_client] Sending sample transaction 124
[2026-05-22T09:17:55.961Z INFO  benchmark_client] Sending sample transaction 125
[2026-05-22T09:17:56.010Z INFO  benchmark_client] Sending sample transaction 126
[2026-05-22T09:17:56.061Z INFO  benchmark_client] Sending sample transaction 127
[2026-05-22T09:17:56.111Z INFO  benchmark_client] Sending sample transaction 128
[2026-05-22T09:17:56.161Z INFO  benchmark_client] Sending sample transaction 129
[2026-05-22T09:17:56.211Z INFO  benchmark_client] Sending sample transaction 130
[2026-05-22T09:17:56.261Z INFO  benchmark_client] Sending sample transaction 131
[2026-05-22T09:17:56.312Z INFO  benchmark_client] Sending sample transaction 132
[2026-05-22T09:17:56.361Z INFO  benchmark_client] Sending sample transaction 133
[2026-05-22T09:17:56.411Z INFO  benchmark_client] Sending sample transaction 134
[2026-05-22T09:17:56.460Z INFO  benchmark_client] Sending sample transaction 135
[2026-05-22T09:17:56.511Z INFO  benchmark_client] Sending sample transaction 136
[2026-05-22T09:17:56.561Z INFO  benchmark_client] Sending sample transaction 137
[2026-05-22T09:17:56.611Z INFO  benchmark_client] Sending sample transaction 138
[2026-05-22T09:17:56.661Z INFO  benchmark_client] Sending sample transaction 139
[2026-05-22T09:17:56.711Z INFO  benchmark_client] Sending sample transaction 140
[2026-05-22T09:17:56.761Z INFO  benchmark_client] Sending sample transaction 141
[2026-05-22T09:17:56.810Z INFO  benchmark_client] Sending sample transaction 142
[2026-05-22T09:17:56.861Z INFO  benchmark_client] Sending sample transaction 143
[2026-05-22T09:17:56.911Z INFO  benchmark_client] Sending sample transaction 144
[2026-05-22T09:17:56.961Z INFO  benchmark_client] Sending sample transaction 145
[2026-05-22T09:17:57.011Z INFO  benchmark_client] Sending sample transaction 146
[2026-05-22T09:17:57.061Z INFO  benchmark_client] Sending sample transaction 147
[2026-05-22T09:17:57.111Z INFO  benchmark_client] Sending sample transaction 148
[2026-05-22T09:17:57.161Z INFO  benchmark_client] Sending sample transaction 149
[2026-05-22T09:17:57.211Z INFO  benchmark_client] Sending sample transaction 150
[2026-05-22T09:17:57.261Z INFO  benchmark_client] Sending sample transaction 151
[2026-05-22T09:17:57.311Z INFO  benchmark_client] Sending sample transaction 152
[2026-05-22T09:17:57.361Z INFO  benchmark_client] Sending sample transaction 153
[2026-05-22T09:17:57.411Z INFO  benchmark_client] Sending sample transaction 154
[2026-05-22T09:17:57.461Z INFO  benchmark_client] Sending sample transaction 155
[2026-05-22T09:17:57.511Z INFO  benchmark_client] Sending sample transaction 156
[2026-05-22T09:17:57.561Z INFO  benchmark_client] Sending sample transaction 157
[2026-05-22T09:17:57.611Z INFO  benchmark_client] Sending sample transaction 158
[2026-05-22T09:17:57.661Z INFO  benchmark_client] Sending sample transaction 159
[2026-05-22T09:17:57.711Z INFO  benchmark_client] Sending sample transaction 160
[2026-05-22T09:17:57.763Z INFO  benchmark_client] Sending sample transaction 161
[2026-05-22T09:17:57.811Z INFO  benchmark_client] Sending sample transaction 162
[2026-05-22T09:17:57.862Z INFO  benchmark_client] Sending sample transaction 163
[2026-05-22T09:17:57.911Z INFO  benchmark_client] Sending sample transaction 164
[2026-05-22T09:17:57.961Z INFO  benchmark_client] Sending sample transaction 165
[2026-05-22T09:17:58.011Z INFO  benchmark_client] Sending sample transaction 166
[2026-05-22T09:17:58.065Z INFO  benchmark_client] Sending sample transaction 167
[2026-05-22T09:17:58.111Z INFO  benchmark_client] Sending sample transaction 168
[2026-05-22T09:17:58.161Z INFO  benchmark_client] Sending sample transaction 169
[2026-05-22T09:17:58.211Z INFO  benchmark_client] Sending sample transaction 170
[2026-05-22T09:17:58.261Z INFO  benchmark_client] Sending sample transaction 171
[2026-05-22T09:17:58.311Z INFO  benchmark_client] Sending sample transaction 172
[2026-05-22T09:17:58.361Z INFO  benchmark_client] Sending sample transaction 173
[2026-05-22T09:17:58.412Z INFO  benchmark_client] Sending sample transaction 174
[2026-05-22T09:17:58.463Z INFO  benchmark_client] Sending sample transaction 175
[2026-05-22T09:17:58.511Z INFO  benchmark_client] Sending sample transaction 176
[2026-05-22T09:17:58.561Z INFO  benchmark_client] Sending sample transaction 177
[2026-05-22T09:17:58.611Z INFO  benchmark_client] Sending sample transaction 178
[2026-05-22T09:17:58.661Z INFO  benchmark_client] Sending sample transaction 179
[2026-05-22T09:17:58.713Z INFO  benchmark_client] Sending sample transaction 180
[2026-05-22T09:17:58.761Z INFO  benchmark_client] Sending sample transaction 181
[2026-05-22T09:17:58.811Z INFO  benchmark_client] Sending sample transaction 182
[2026-05-22T09:17:58.861Z INFO  benchmark_client] Sending sample transaction 183
[2026-05-22T09:17:58.911Z INFO  benchmark_client] Sending sample transaction 184
[2026-05-22T09:17:58.961Z INFO  benchmark_client] Sending sample transaction 185
[2026-05-22T09:17:59.011Z INFO  benchmark_client] Sending sample transaction 186
[2026-05-22T09:17:59.061Z INFO  benchmark_client] Sending sample transaction 187
[2026-05-22T09:17:59.111Z INFO  benchmark_client] Sending sample transaction 188
[2026-05-22T09:17:59.162Z INFO  benchmark_client] Sending sample transaction 189
[2026-05-22T09:17:59.211Z INFO  benchmark_client] Sending sample transaction 190
[2026-05-22T09:17:59.261Z INFO  benchmark_client] Sending sample transaction 191
[2026-05-22T09:17:59.311Z INFO  benchmark_client] Sending sample transaction 192
[2026-05-22T09:17:59.362Z INFO  benchmark_client] Sending sample transaction 193
[2026-05-22T09:17:59.411Z INFO  benchmark_client] Sending sample transaction 194
[2026-05-22T09:17:59.461Z INFO  benchmark_client] Sending sample transaction 195
[2026-05-22T09:17:59.511Z INFO  benchmark_client] Sending sample transaction 196
[2026-05-22T09:17:59.561Z INFO  benchmark_client] Sending sample transaction 197
[2026-05-22T09:17:59.611Z INFO  benchmark_client] Sending sample transaction 198
[2026-05-22T09:17:59.661Z INFO  benchmark_client] Sending sample transaction 199
[2026-05-22T09:17:59.711Z INFO  benchmark_client] Sending sample transaction 200
[2026-05-22T09:17:59.761Z INFO  benchmark_client] Sending sample transaction 201
[2026-05-22T09:17:59.812Z INFO  benchmark_client] Sending sample transaction 202
[2026-05-22T09:17:59.861Z INFO  benchmark_client] Sending sample transaction 203
[2026-05-22T09:17:59.911Z INFO  benchmark_client] Sending sample transaction 204
[2026-05-22T09:17:59.961Z INFO  benchmark_client] Sending sample transaction 205
[2026-05-22T09:18:00.011Z INFO  benchmark_client] Sending sample transaction 206
[2026-05-22T09:18:00.061Z INFO  benchmark_client] Sending sample transaction 207
[2026-05-22T09:18:00.113Z INFO  benchmark_client] Sending sample transaction 208
[2026-05-22T09:18:00.161Z INFO  benchmark_client] Sending sample transaction 209
[2026-05-22T09:18:00.211Z INFO  benchmark_client] Sending sample transaction 210
[2026-05-22T09:18:00.261Z INFO  benchmark_client] Sending sample transaction 211
[2026-05-22T09:18:00.311Z INFO  benchmark_client] Sending sample transaction 212
[2026-05-22T09:18:00.360Z INFO  benchmark_client] Sending sample transaction 213
[2026-05-22T09:18:00.411Z INFO  benchmark_client] Sending sample transaction 214
[2026-05-22T09:18:00.461Z INFO  benchmark_client] Sending sample transaction 215
[2026-05-22T09:18:00.511Z INFO  benchmark_client] Sending sample transaction 216
[2026-05-22T09:18:00.561Z INFO  benchmark_client] Sending sample transaction 217
[2026-05-22T09:18:00.611Z INFO  benchmark_client] Sending sample transaction 218
[2026-05-22T09:18:00.661Z INFO  benchmark_client] Sending sample transaction 219
[2026-05-22T09:18:00.711Z INFO  benchmark_client] Sending sample transaction 220
[2026-05-22T09:18:00.761Z INFO  benchmark_client] Sending sample transaction 221
[2026-05-22T09:18:00.811Z INFO  benchmark_client] Sending sample transaction 222
[2026-05-22T09:18:00.862Z INFO  benchmark_client] Sending sample transaction 223
[2026-05-22T09:18:00.911Z INFO  benchmark_client] Sending sample transaction 224
[2026-05-22T09:18:00.961Z INFO  benchmark_client] Sending sample transaction 225
[2026-05-22T09:18:01.013Z INFO  benchmark_client] Sending sample transaction 226
[2026-05-22T09:18:01.063Z INFO  benchmark_client] Sending sample transaction 227
[2026-05-22T09:18:01.112Z INFO  benchmark_client] Sending sample transaction 228
[2026-05-22T09:18:01.163Z INFO  benchmark_client] Sending sample transaction 229
[2026-05-22T09:18:01.211Z INFO  benchmark_client] Sending sample transaction 230
[2026-05-22T09:18:01.262Z INFO  benchmark_client] Sending sample transaction 231
[2026-05-22T09:18:01.312Z INFO  benchmark_client] Sending sample transaction 232
[2026-05-22T09:18:01.361Z INFO  benchmark_client] Sending sample transaction 233
[2026-05-22T09:18:01.415Z INFO  benchmark_client] Sending sample transaction 234
[2026-05-22T09:18:01.461Z INFO  benchmark_client] Sending sample transaction 235
[2026-05-22T09:18:01.511Z INFO  benchmark_client] Sending sample transaction 236
[2026-05-22T09:18:01.562Z INFO  benchmark_client] Sending sample transaction 237
[2026-05-22T09:18:01.611Z INFO  benchmark_client] Sending sample transaction 238
[2026-05-22T09:18:01.661Z INFO  benchmark_client] Sending sample transaction 239
[2026-05-22T09:18:01.712Z INFO  benchmark_client] Sending sample transaction 240
[2026-05-22T09:18:01.761Z INFO  benchmark_client] Sending sample transaction 241
[2026-05-22T09:18:01.811Z INFO  benchmark_client] Sending sample transaction 242
[2026-05-22T09:18:01.865Z INFO  benchmark_client] Sending sample transaction 243
[2026-05-22T09:18:01.913Z INFO  benchmark_client] Sending sample transaction 244
[2026-05-22T09:18:01.961Z INFO  benchmark_client] Sending sample transaction 245
[2026-05-22T09:18:02.011Z INFO  benchmark_client] Sending sample transaction 246
[2026-05-22T09:18:02.061Z INFO  benchmark_client] Sending sample transaction 247
[2026-05-22T09:18:02.111Z INFO  benchmark_client] Sending sample transaction 248
[2026-05-22T09:18:02.161Z INFO  benchmark_client] Sending sample transaction 249
[2026-05-22T09:18:02.211Z INFO  benchmark_client] Sending sample transaction 250
[2026-05-22T09:18:02.261Z INFO  benchmark_client] Sending sample transaction 251
[2026-05-22T09:18:02.314Z INFO  benchmark_client] Sending sample transaction 252
[2026-05-22T09:18:02.363Z INFO  benchmark_client] Sending sample transaction 253
[2026-05-22T09:18:02.414Z INFO  benchmark_client] Sending sample transaction 254
[2026-05-22T09:18:02.461Z INFO  benchmark_client] Sending sample transaction 255
[2026-05-22T09:18:02.511Z INFO  benchmark_client] Sending sample transaction 256
[2026-05-22T09:18:02.561Z INFO  benchmark_client] Sending sample transaction 257
[2026-05-22T09:18:02.611Z INFO  benchmark_client] Sending sample transaction 258
[2026-05-22T09:18:02.661Z INFO  benchmark_client] Sending sample transaction 259
[2026-05-22T09:18:02.712Z INFO  benchmark_client] Sending sample transaction 260
[2026-05-22T09:18:02.762Z INFO  benchmark_client] Sending sample transaction 261
[2026-05-22T09:18:02.811Z INFO  benchmark_client] Sending sample transaction 262
[2026-05-22T09:18:02.861Z INFO  benchmark_client] Sending sample transaction 263
[2026-05-22T09:18:02.911Z INFO  benchmark_client] Sending sample transaction 264
[2026-05-22T09:18:02.961Z INFO  benchmark_client] Sending sample transaction 265
[2026-05-22T09:18:03.011Z INFO  benchmark_client] Sending sample transaction 266
[2026-05-22T09:18:03.061Z INFO  benchmark_client] Sending sample transaction 267
[2026-05-22T09:18:03.111Z INFO  benchmark_client] Sending sample transaction 268
[2026-05-22T09:18:03.162Z INFO  benchmark_client] Sending sample transaction 269
[2026-05-22T09:18:03.212Z INFO  benchmark_client] Sending sample transaction 270
[2026-05-22T09:18:03.261Z INFO  benchmark_client] Sending sample transaction 271
[2026-05-22T09:18:03.311Z INFO  benchmark_client] Sending sample transaction 272
[2026-05-22T09:18:03.361Z INFO  benchmark_client] Sending sample transaction 273
[2026-05-22T09:18:03.411Z INFO  benchmark_client] Sending sample transaction 274
[2026-05-22T09:18:03.462Z INFO  benchmark_client] Sending sample transaction 275
[2026-05-22T09:18:03.511Z INFO  benchmark_client] Sending sample transaction 276
[2026-05-22T09:18:03.562Z INFO  benchmark_client] Sending sample transaction 277
[2026-05-22T09:18:03.612Z INFO  benchmark_client] Sending sample transaction 278
[2026-05-22T09:18:03.663Z INFO  benchmark_client] Sending sample transaction 279
[2026-05-22T09:18:03.714Z INFO  benchmark_client] Sending sample transaction 280
[2026-05-22T09:18:03.761Z INFO  benchmark_client] Sending sample transaction 281
[2026-05-22T09:18:03.811Z INFO  benchmark_client] Sending sample transaction 282
[2026-05-22T09:18:03.861Z INFO  benchmark_client] Sending sample transaction 283
[2026-05-22T09:18:03.912Z INFO  benchmark_client] Sending sample transaction 284
[2026-05-22T09:18:03.963Z INFO  benchmark_client] Sending sample transaction 285
[2026-05-22T09:18:04.012Z INFO  benchmark_client] Sending sample transaction 286
[2026-05-22T09:18:04.061Z INFO  benchmark_client] Sending sample transaction 287
[2026-05-22T09:18:04.111Z INFO  benchmark_client] Sending sample transaction 288
[2026-05-22T09:18:04.161Z INFO  benchmark_client] Sending sample transaction 289
[2026-05-22T09:18:04.211Z INFO  benchmark_client] Sending sample transaction 290
[2026-05-22T09:18:04.261Z INFO  benchmark_client] Sending sample transaction 291
[2026-05-22T09:18:04.312Z INFO  benchmark_client] Sending sample transaction 292
[2026-05-22T09:18:04.361Z INFO  benchmark_client] Sending sample transaction 293
[2026-05-22T09:18:04.411Z INFO  benchmark_client] Sending sample transaction 294
[2026-05-22T09:18:04.461Z INFO  benchmark_client] Sending sample transaction 295
[2026-05-22T09:18:04.511Z INFO  benchmark_client] Sending sample transaction 296
[2026-05-22T09:18:04.563Z INFO  benchmark_client] Sending sample transaction 297
[2026-05-22T09:18:04.611Z INFO  benchmark_client] Sending sample transaction 298
[2026-05-22T09:18:04.662Z INFO  benchmark_client] Sending sample transaction 299
[2026-05-22T09:18:04.711Z INFO  benchmark_client] Sending sample transaction 300
[2026-05-22T09:18:04.761Z INFO  benchmark_client] Sending sample transaction 301
[2026-05-22T09:18:04.811Z INFO  benchmark_client] Sending sample transaction 302
[2026-05-22T09:18:04.861Z INFO  benchmark_client] Sending sample transaction 303
[2026-05-22T09:18:04.913Z INFO  benchmark_client] Sending sample transaction 304
[2026-05-22T09:18:04.963Z INFO  benchmark_client] Sending sample transaction 305
[2026-05-22T09:18:05.012Z INFO  benchmark_client] Sending sample transaction 306
[2026-05-22T09:18:05.063Z INFO  benchmark_client] Sending sample transaction 307
[2026-05-22T09:18:05.111Z INFO  benchmark_client] Sending sample transaction 308
[2026-05-22T09:18:05.162Z INFO  benchmark_client] Sending sample transaction 309
[2026-05-22T09:18:05.211Z INFO  benchmark_client] Sending sample transaction 310
[2026-05-22T09:18:05.261Z INFO  benchmark_client] Sending sample transaction 311
[2026-05-22T09:18:05.311Z INFO  benchmark_client] Sending sample transaction 312
[2026-05-22T09:18:05.361Z INFO  benchmark_client] Sending sample transaction 313
[2026-05-22T09:18:05.411Z INFO  benchmark_client] Sending sample transaction 314
[2026-05-22T09:18:05.461Z INFO  benchmark_client] Sending sample transaction 315
[2026-05-22T09:18:05.513Z INFO  benchmark_client] Sending sample transaction 316
[2026-05-22T09:18:05.563Z INFO  benchmark_client] Sending sample transaction 317
[2026-05-22T09:18:05.612Z INFO  benchmark_client] Sending sample transaction 318
[2026-05-22T09:18:05.664Z INFO  benchmark_client] Sending sample transaction 319
[2026-05-22T09:18:05.717Z INFO  benchmark_client] Sending sample transaction 320
[2026-05-22T09:18:05.764Z INFO  benchmark_client] Sending sample transaction 321
[2026-05-22T09:18:05.812Z INFO  benchmark_client] Sending sample transaction 322
[2026-05-22T09:18:05.861Z INFO  benchmark_client] Sending sample transaction 323
[2026-05-22T09:18:05.912Z INFO  benchmark_client] Sending sample transaction 324
[2026-05-22T09:18:05.961Z INFO  benchmark_client] Sending sample transaction 325
[2026-05-22T09:18:06.012Z INFO  benchmark_client] Sending sample transaction 326
[2026-05-22T09:18:06.061Z INFO  benchmark_client] Sending sample transaction 327
[2026-05-22T09:18:06.111Z INFO  benchmark_client] Sending sample transaction 328
[2026-05-22T09:18:06.161Z INFO  benchmark_client] Sending sample transaction 329
[2026-05-22T09:18:06.212Z INFO  benchmark_client] Sending sample transaction 330
[2026-05-22T09:18:06.261Z INFO  benchmark_client] Sending sample transaction 331
[2026-05-22T09:18:06.311Z INFO  benchmark_client] Sending sample transaction 332
[2026-05-22T09:18:06.362Z INFO  benchmark_client] Sending sample transaction 333
[2026-05-22T09:18:06.414Z INFO  benchmark_client] Sending sample transaction 334
[2026-05-22T09:18:06.462Z INFO  benchmark_client] Sending sample transaction 335
[2026-05-22T09:18:06.512Z INFO  benchmark_client] Sending sample transaction 336
[2026-05-22T09:18:06.562Z INFO  benchmark_client] Sending sample transaction 337
[2026-05-22T09:18:06.612Z INFO  benchmark_client] Sending sample transaction 338
[2026-05-22T09:18:06.662Z INFO  benchmark_client] Sending sample transaction 339
[2026-05-22T09:18:06.717Z INFO  benchmark_client] Sending sample transaction 340
[2026-05-22T09:18:06.761Z INFO  benchmark_client] Sending sample transaction 341
[2026-05-22T09:18:06.811Z INFO  benchmark_client] Sending sample transaction 342
[2026-05-22T09:18:06.862Z INFO  benchmark_client] Sending sample transaction 343
[2026-05-22T09:18:06.911Z INFO  benchmark_client] Sending sample transaction 344
[2026-05-22T09:18:06.961Z INFO  benchmark_client] Sending sample transaction 345
[2026-05-22T09:18:07.012Z INFO  benchmark_client] Sending sample transaction 346
[2026-05-22T09:18:07.061Z INFO  benchmark_client] Sending sample transaction 347
[2026-05-22T09:18:07.112Z INFO  benchmark_client] Sending sample transaction 348
[2026-05-22T09:18:07.164Z INFO  benchmark_client] Sending sample transaction 349
[2026-05-22T09:18:07.211Z INFO  benchmark_client] Sending sample transaction 350
[2026-05-22T09:18:07.262Z INFO  benchmark_client] Sending sample transaction 351
[2026-05-22T09:18:07.312Z INFO  benchmark_client] Sending sample transaction 352
[2026-05-22T09:18:07.362Z INFO  benchmark_client] Sending sample transaction 353
[2026-05-22T09:18:07.411Z INFO  benchmark_client] Sending sample transaction 354
[2026-05-22T09:18:07.461Z INFO  benchmark_client] Sending sample transaction 355
[2026-05-22T09:18:07.511Z INFO  benchmark_client] Sending sample transaction 356
[2026-05-22T09:18:07.561Z INFO  benchmark_client] Sending sample transaction 357
[2026-05-22T09:18:07.616Z INFO  benchmark_client] Sending sample transaction 358
[2026-05-22T09:18:07.663Z INFO  benchmark_client] Sending sample transaction 359
[2026-05-22T09:18:07.711Z INFO  benchmark_client] Sending sample transaction 360
[2026-05-22T09:18:07.763Z INFO  benchmark_client] Sending sample transaction 361
[2026-05-22T09:18:07.813Z INFO  benchmark_client] Sending sample transaction 362
[2026-05-22T09:18:07.863Z INFO  benchmark_client] Sending sample transaction 363
[2026-05-22T09:18:07.914Z INFO  benchmark_client] Sending sample transaction 364
[2026-05-22T09:18:07.962Z INFO  benchmark_client] Sending sample transaction 365
[2026-05-22T09:18:08.011Z INFO  benchmark_client] Sending sample transaction 366
[2026-05-22T09:18:08.062Z INFO  benchmark_client] Sending sample transaction 367
[2026-05-22T09:18:08.112Z INFO  benchmark_client] Sending sample transaction 368
[2026-05-22T09:18:08.161Z INFO  benchmark_client] Sending sample transaction 369
[2026-05-22T09:18:08.213Z INFO  benchmark_client] Sending sample transaction 370
[2026-05-22T09:18:08.261Z INFO  benchmark_client] Sending sample transaction 371
[2026-05-22T09:18:08.311Z INFO  benchmark_client] Sending sample transaction 372
[2026-05-22T09:18:08.362Z INFO  benchmark_client] Sending sample transaction 373
[2026-05-22T09:18:08.411Z INFO  benchmark_client] Sending sample transaction 374
[2026-05-22T09:18:08.462Z INFO  benchmark_client] Sending sample transaction 375
[2026-05-22T09:18:08.515Z INFO  benchmark_client] Sending sample transaction 376
[2026-05-22T09:18:08.563Z INFO  benchmark_client] Sending sample transaction 377
[2026-05-22T09:18:08.614Z INFO  benchmark_client] Sending sample transaction 378
[2026-05-22T09:18:08.662Z INFO  benchmark_client] Sending sample transaction 379
[2026-05-22T09:18:08.711Z INFO  benchmark_client] Sending sample transaction 380
[2026-05-22T09:18:08.762Z INFO  benchmark_client] Sending sample transaction 381
[2026-05-22T09:18:08.812Z INFO  benchmark_client] Sending sample transaction 382
[2026-05-22T09:18:08.864Z INFO  benchmark_client] Sending sample transaction 383
[2026-05-22T09:18:08.911Z INFO  benchmark_client] Sending sample transaction 384
[2026-05-22T09:18:08.961Z INFO  benchmark_client] Sending sample transaction 385
[2026-05-22T09:18:09.012Z INFO  benchmark_client] Sending sample transaction 386
[2026-05-22T09:18:09.061Z INFO  benchmark_client] Sending sample transaction 387
[2026-05-22T09:18:09.112Z INFO  benchmark_client] Sending sample transaction 388
[2026-05-22T09:18:09.161Z INFO  benchmark_client] Sending sample transaction 389
[2026-05-22T09:18:09.211Z INFO  benchmark_client] Sending sample transaction 390
[2026-05-22T09:18:09.265Z INFO  benchmark_client] Sending sample transaction 391
[2026-05-22T09:18:09.312Z INFO  benchmark_client] Sending sample transaction 392
[2026-05-22T09:18:09.363Z INFO  benchmark_client] Sending sample transaction 393
[2026-05-22T09:18:09.412Z INFO  benchmark_client] Sending sample transaction 394
[2026-05-22T09:18:09.462Z INFO  benchmark_client] Sending sample transaction 395
[2026-05-22T09:18:09.512Z INFO  benchmark_client] Sending sample transaction 396
[2026-05-22T09:18:09.562Z INFO  benchmark_client] Sending sample transaction 397
[2026-05-22T09:18:09.612Z INFO  benchmark_client] Sending sample transaction 398
[2026-05-22T09:18:09.662Z INFO  benchmark_client] Sending sample transaction 399
[2026-05-22T09:18:09.712Z INFO  benchmark_client] Sending sample transaction 400
[2026-05-22T09:18:09.762Z INFO  benchmark_client] Sending sample transaction 401
[2026-05-22T09:18:09.812Z INFO  benchmark_client] Sending sample transaction 402
[2026-05-22T09:18:09.866Z INFO  benchmark_client] Sending sample transaction 403
[2026-05-22T09:18:09.911Z INFO  benchmark_client] Sending sample transaction 404
[2026-05-22T09:18:09.963Z INFO  benchmark_client] Sending sample transaction 405
[2026-05-22T09:18:10.014Z INFO  benchmark_client] Sending sample transaction 406
[2026-05-22T09:18:10.062Z INFO  benchmark_client] Sending sample transaction 407
[2026-05-22T09:18:10.112Z INFO  benchmark_client] Sending sample transaction 408
[2026-05-22T09:18:10.162Z INFO  benchmark_client] Sending sample transaction 409
[2026-05-22T09:18:10.212Z INFO  benchmark_client] Sending sample transaction 410
[2026-05-22T09:18:10.262Z INFO  benchmark_client] Sending sample transaction 411
[2026-05-22T09:18:10.314Z INFO  benchmark_client] Sending sample transaction 412
[2026-05-22T09:18:10.362Z INFO  benchmark_client] Sending sample transaction 413
[2026-05-22T09:18:10.412Z INFO  benchmark_client] Sending sample transaction 414
[2026-05-22T09:18:10.461Z INFO  benchmark_client] Sending sample transaction 415
[2026-05-22T09:18:10.515Z INFO  benchmark_client] Sending sample transaction 416
[2026-05-22T09:18:10.561Z INFO  benchmark_client] Sending sample transaction 417
[2026-05-22T09:18:10.611Z INFO  benchmark_client] Sending sample transaction 418
[2026-05-22T09:18:10.662Z INFO  benchmark_client] Sending sample transaction 419
[2026-05-22T09:18:10.718Z INFO  benchmark_client] Sending sample transaction 420
[2026-05-22T09:18:10.762Z INFO  benchmark_client] Sending sample transaction 421
[2026-05-22T09:18:10.813Z INFO  benchmark_client] Sending sample transaction 422
[2026-05-22T09:18:10.862Z INFO  benchmark_client] Sending sample transaction 423
[2026-05-22T09:18:10.913Z INFO  benchmark_client] Sending sample transaction 424
[2026-05-22T09:18:10.962Z INFO  benchmark_client] Sending sample transaction 425
[2026-05-22T09:18:11.012Z INFO  benchmark_client] Sending sample transaction 426
[2026-05-22T09:18:11.061Z INFO  benchmark_client] Sending sample transaction 427
[2026-05-22T09:18:11.111Z INFO  benchmark_client] Sending sample transaction 428
[2026-05-22T09:18:11.162Z INFO  benchmark_client] Sending sample transaction 429
[2026-05-22T09:18:11.211Z INFO  benchmark_client] Sending sample transaction 430
[2026-05-22T09:18:11.261Z INFO  benchmark_client] Sending sample transaction 431
[2026-05-22T09:18:11.311Z INFO  benchmark_client] Sending sample transaction 432
[2026-05-22T09:18:11.362Z INFO  benchmark_client] Sending sample transaction 433
[2026-05-22T09:18:11.413Z INFO  benchmark_client] Sending sample transaction 434
[2026-05-22T09:18:11.463Z INFO  benchmark_client] Sending sample transaction 435
[2026-05-22T09:18:11.511Z INFO  benchmark_client] Sending sample transaction 436
[2026-05-22T09:18:11.562Z INFO  benchmark_client] Sending sample transaction 437
[2026-05-22T09:18:11.612Z INFO  benchmark_client] Sending sample transaction 438
[2026-05-22T09:18:11.662Z INFO  benchmark_client] Sending sample transaction 439
[2026-05-22T09:18:11.711Z INFO  benchmark_client] Sending sample transaction 440
[2026-05-22T09:18:11.765Z INFO  benchmark_client] Sending sample transaction 441
[2026-05-22T09:18:11.812Z INFO  benchmark_client] Sending sample transaction 442
[2026-05-22T09:18:11.862Z INFO  benchmark_client] Sending sample transaction 443
[2026-05-22T09:18:11.912Z INFO  benchmark_client] Sending sample transaction 444
[2026-05-22T09:18:11.962Z INFO  benchmark_client] Sending sample transaction 445
[2026-05-22T09:18:12.011Z INFO  benchmark_client] Sending sample transaction 446
[2026-05-22T09:18:12.062Z INFO  benchmark_client] Sending sample transaction 447
[2026-05-22T09:18:12.112Z INFO  benchmark_client] Sending sample transaction 448
[2026-05-22T09:18:12.163Z INFO  benchmark_client] Sending sample transaction 449
[2026-05-22T09:18:12.212Z INFO  benchmark_client] Sending sample transaction 450
[2026-05-22T09:18:12.261Z INFO  benchmark_client] Sending sample transaction 451
[2026-05-22T09:18:12.312Z INFO  benchmark_client] Sending sample transaction 452
[2026-05-22T09:18:12.362Z INFO  benchmark_client] Sending sample transaction 453
[2026-05-22T09:18:12.412Z INFO  benchmark_client] Sending sample transaction 454
[2026-05-22T09:18:12.461Z INFO  benchmark_client] Sending sample transaction 455
[2026-05-22T09:18:12.512Z INFO  benchmark_client] Sending sample transaction 456
[2026-05-22T09:18:12.562Z INFO  benchmark_client] Sending sample transaction 457
[2026-05-22T09:18:12.612Z INFO  benchmark_client] Sending sample transaction 458
[2026-05-22T09:18:12.662Z INFO  benchmark_client] Sending sample transaction 459
[2026-05-22T09:18:12.712Z INFO  benchmark_client] Sending sample transaction 460
[2026-05-22T09:18:12.761Z INFO  benchmark_client] Sending sample transaction 461
[2026-05-22T09:18:12.811Z INFO  benchmark_client] Sending sample transaction 462
[2026-05-22T09:18:12.862Z INFO  benchmark_client] Sending sample transaction 463
[2026-05-22T09:18:12.912Z INFO  benchmark_client] Sending sample transaction 464
[2026-05-22T09:18:12.961Z INFO  benchmark_client] Sending sample transaction 465
[2026-05-22T09:18:13.011Z INFO  benchmark_client] Sending sample transaction 466
[2026-05-22T09:18:13.062Z INFO  benchmark_client] Sending sample transaction 467
[2026-05-22T09:18:13.112Z INFO  benchmark_client] Sending sample transaction 468
[2026-05-22T09:18:13.162Z INFO  benchmark_client] Sending sample transaction 469
[2026-05-22T09:18:13.212Z INFO  benchmark_client] Sending sample transaction 470
[2026-05-22T09:18:13.262Z INFO  benchmark_client] Sending sample transaction 471
[2026-05-22T09:18:13.313Z INFO  benchmark_client] Sending sample transaction 472
[2026-05-22T09:18:13.361Z INFO  benchmark_client] Sending sample transaction 473
[2026-05-22T09:18:13.413Z INFO  benchmark_client] Sending sample transaction 474
[2026-05-22T09:18:13.462Z INFO  benchmark_client] Sending sample transaction 475
[2026-05-22T09:18:13.514Z INFO  benchmark_client] Sending sample transaction 476
[2026-05-22T09:18:13.561Z INFO  benchmark_client] Sending sample transaction 477
[2026-05-22T09:18:13.612Z INFO  benchmark_client] Sending sample transaction 478
[2026-05-22T09:18:13.662Z INFO  benchmark_client] Sending sample transaction 479
[2026-05-22T09:18:13.712Z INFO  benchmark_client] Sending sample transaction 480
[2026-05-22T09:18:13.762Z INFO  benchmark_client] Sending sample transaction 481
[2026-05-22T09:18:13.813Z INFO  benchmark_client] Sending sample transaction 482
[2026-05-22T09:18:13.862Z INFO  benchmark_client] Sending sample transaction 483
[2026-05-22T09:18:13.912Z INFO  benchmark_client] Sending sample transaction 484
[2026-05-22T09:18:13.964Z INFO  benchmark_client] Sending sample transaction 485
[2026-05-22T09:18:14.014Z INFO  benchmark_client] Sending sample transaction 486
[2026-05-22T09:18:14.062Z INFO  benchmark_client] Sending sample transaction 487
[2026-05-22T09:18:14.112Z INFO  benchmark_client] Sending sample transaction 488
[2026-05-22T09:18:14.162Z INFO  benchmark_client] Sending sample transaction 489
[2026-05-22T09:18:14.212Z INFO  benchmark_client] Sending sample transaction 490
[2026-05-22T09:18:14.262Z INFO  benchmark_client] Sending sample transaction 491
[2026-05-22T09:18:14.313Z INFO  benchmark_client] Sending sample transaction 492
[2026-05-22T09:18:14.363Z INFO  benchmark_client] Sending sample transaction 493
[2026-05-22T09:18:14.413Z INFO  benchmark_client] Sending sample transaction 494
[2026-05-22T09:18:14.462Z INFO  benchmark_client] Sending sample transaction 495
[2026-05-22T09:18:14.514Z INFO  benchmark_client] Sending sample transaction 496
[2026-05-22T09:18:14.563Z INFO  benchmark_client] Sending sample transaction 497
[2026-05-22T09:18:14.612Z INFO  benchmark_client] Sending sample transaction 498
[2026-05-22T09:18:14.662Z INFO  benchmark_client] Sending sample transaction 499
[2026-05-22T09:18:14.712Z INFO  benchmark_client] Sending sample transaction 500
[2026-05-22T09:18:14.762Z INFO  benchmark_client] Sending sample transaction 501
[2026-05-22T09:18:14.811Z INFO  benchmark_client] Sending sample transaction 502
[2026-05-22T09:18:14.862Z INFO  benchmark_client] Sending sample transaction 503
[2026-05-22T09:18:14.912Z INFO  benchmark_client] Sending sample transaction 504
[2026-05-22T09:18:14.962Z INFO  benchmark_client] Sending sample transaction 505
[2026-05-22T09:18:15.012Z INFO  benchmark_client] Sending sample transaction 506
[2026-05-22T09:18:15.062Z INFO  benchmark_client] Sending sample transaction 507
[2026-05-22T09:18:15.113Z INFO  benchmark_client] Sending sample transaction 508
[2026-05-22T09:18:15.162Z INFO  benchmark_client] Sending sample transaction 509
[2026-05-22T09:18:15.212Z INFO  benchmark_client] Sending sample transaction 510
[2026-05-22T09:18:15.262Z INFO  benchmark_client] Sending sample transaction 511
[2026-05-22T09:18:15.311Z INFO  benchmark_client] Sending sample transaction 512
[2026-05-22T09:18:15.362Z INFO  benchmark_client] Sending sample transaction 513
[2026-05-22T09:18:15.412Z INFO  benchmark_client] Sending sample transaction 514
[2026-05-22T09:18:15.462Z INFO  benchmark_client] Sending sample transaction 515
[2026-05-22T09:18:15.512Z INFO  benchmark_client] Sending sample transaction 516
[2026-05-22T09:18:15.561Z INFO  benchmark_client] Sending sample transaction 517
[2026-05-22T09:18:15.612Z INFO  benchmark_client] Sending sample transaction 518
[2026-05-22T09:18:15.662Z INFO  benchmark_client] Sending sample transaction 519
[2026-05-22T09:18:15.716Z INFO  benchmark_client] Sending sample transaction 520
[2026-05-22T09:18:15.762Z INFO  benchmark_client] Sending sample transaction 521
[2026-05-22T09:18:15.812Z INFO  benchmark_client] Sending sample transaction 522
[2026-05-22T09:18:15.862Z INFO  benchmark_client] Sending sample transaction 523
[2026-05-22T09:18:15.911Z INFO  benchmark_client] Sending sample transaction 524
[2026-05-22T09:18:15.963Z INFO  benchmark_client] Sending sample transaction 525
[2026-05-22T09:18:16.012Z INFO  benchmark_client] Sending sample transaction 526
[2026-05-22T09:18:16.062Z INFO  benchmark_client] Sending sample transaction 527
[2026-05-22T09:18:16.112Z INFO  benchmark_client] Sending sample transaction 528
[2026-05-22T09:18:16.162Z INFO  benchmark_client] Sending sample transaction 529
[2026-05-22T09:18:16.212Z INFO  benchmark_client] Sending sample transaction 530
[2026-05-22T09:18:16.263Z INFO  benchmark_client] Sending sample transaction 531
[2026-05-22T09:18:16.312Z INFO  benchmark_client] Sending sample transaction 532
[2026-05-22T09:18:16.362Z INFO  benchmark_client] Sending sample transaction 533
[2026-05-22T09:18:16.414Z INFO  benchmark_client] Sending sample transaction 534
[2026-05-22T09:18:16.464Z INFO  benchmark_client] Sending sample transaction 535
[2026-05-22T09:18:16.512Z INFO  benchmark_client] Sending sample transaction 536
[2026-05-22T09:18:16.562Z INFO  benchmark_client] Sending sample transaction 537
[2026-05-22T09:18:16.612Z INFO  benchmark_client] Sending sample transaction 538
[2026-05-22T09:18:16.662Z INFO  benchmark_client] Sending sample transaction 539
[2026-05-22T09:18:16.712Z INFO  benchmark_client] Sending sample transaction 540
[2026-05-22T09:18:16.762Z INFO  benchmark_client] Sending sample transaction 541
[2026-05-22T09:18:16.811Z INFO  benchmark_client] Sending sample transaction 542
[2026-05-22T09:18:16.865Z INFO  benchmark_client] Sending sample transaction 543
[2026-05-22T09:18:16.912Z INFO  benchmark_client] Sending sample transaction 544
[2026-05-22T09:18:16.961Z INFO  benchmark_client] Sending sample transaction 545
[2026-05-22T09:18:17.012Z INFO  benchmark_client] Sending sample transaction 546
[2026-05-22T09:18:17.062Z INFO  benchmark_client] Sending sample transaction 547
[2026-05-22T09:18:17.112Z INFO  benchmark_client] Sending sample transaction 548
[2026-05-22T09:18:17.162Z INFO  benchmark_client] Sending sample transaction 549
[2026-05-22T09:18:17.213Z INFO  benchmark_client] Sending sample transaction 550
[2026-05-22T09:18:17.262Z INFO  benchmark_client] Sending sample transaction 551
[2026-05-22T09:18:17.312Z INFO  benchmark_client] Sending sample transaction 552
[2026-05-22T09:18:17.362Z INFO  benchmark_client] Sending sample transaction 553
[2026-05-22T09:18:17.412Z INFO  benchmark_client] Sending sample transaction 554
[2026-05-22T09:18:17.462Z INFO  benchmark_client] Sending sample transaction 555
[2026-05-22T09:18:17.512Z INFO  benchmark_client] Sending sample transaction 556
[2026-05-22T09:18:17.562Z INFO  benchmark_client] Sending sample transaction 557
[2026-05-22T09:18:17.612Z INFO  benchmark_client] Sending sample transaction 558
[2026-05-22T09:18:17.663Z INFO  benchmark_client] Sending sample transaction 559
[2026-05-22T09:18:17.714Z INFO  benchmark_client] Sending sample transaction 560
[2026-05-22T09:18:17.762Z INFO  benchmark_client] Sending sample transaction 561
[2026-05-22T09:18:17.813Z INFO  benchmark_client] Sending sample transaction 562
[2026-05-22T09:18:17.862Z INFO  benchmark_client] Sending sample transaction 563
[2026-05-22T09:18:17.912Z INFO  benchmark_client] Sending sample transaction 564
[2026-05-22T09:18:17.962Z INFO  benchmark_client] Sending sample transaction 565
[2026-05-22T09:18:18.012Z INFO  benchmark_client] Sending sample transaction 566
[2026-05-22T09:18:18.062Z INFO  benchmark_client] Sending sample transaction 567
[2026-05-22T09:18:18.113Z INFO  benchmark_client] Sending sample transaction 568
[2026-05-22T09:18:18.164Z INFO  benchmark_client] Sending sample transaction 569
[2026-05-22T09:18:18.212Z INFO  benchmark_client] Sending sample transaction 570
[2026-05-22T09:18:18.262Z INFO  benchmark_client] Sending sample transaction 571
[2026-05-22T09:18:18.312Z INFO  benchmark_client] Sending sample transaction 572
[2026-05-22T09:18:18.362Z INFO  benchmark_client] Sending sample transaction 573
[2026-05-22T09:18:18.412Z INFO  benchmark_client] Sending sample transaction 574
[2026-05-22T09:18:18.465Z INFO  benchmark_client] Sending sample transaction 575
[2026-05-22T09:18:18.512Z INFO  benchmark_client] Sending sample transaction 576
[2026-05-22T09:18:18.562Z INFO  benchmark_client] Sending sample transaction 577
[2026-05-22T09:18:18.616Z INFO  benchmark_client] Sending sample transaction 578
[2026-05-22T09:18:18.662Z INFO  benchmark_client] Sending sample transaction 579
[2026-05-22T09:18:18.712Z INFO  benchmark_client] Sending sample transaction 580
[2026-05-22T09:18:18.762Z INFO  benchmark_client] Sending sample transaction 581
[2026-05-22T09:18:18.812Z INFO  benchmark_client] Sending sample transaction 582
[2026-05-22T09:18:18.862Z INFO  benchmark_client] Sending sample transaction 583
[2026-05-22T09:18:18.912Z INFO  benchmark_client] Sending sample transaction 584
[2026-05-22T09:18:18.962Z INFO  benchmark_client] Sending sample transaction 585
[2026-05-22T09:18:19.012Z INFO  benchmark_client] Sending sample transaction 586
[2026-05-22T09:18:19.064Z INFO  benchmark_client] Sending sample transaction 587
[2026-05-22T09:18:19.112Z INFO  benchmark_client] Sending sample transaction 588
[2026-05-22T09:18:19.162Z INFO  benchmark_client] Sending sample transaction 589
[2026-05-22T09:18:19.212Z INFO  benchmark_client] Sending sample transaction 590
[2026-05-22T09:18:19.264Z INFO  benchmark_client] Sending sample transaction 591
[2026-05-22T09:18:19.312Z INFO  benchmark_client] Sending sample transaction 592
[2026-05-22T09:18:19.362Z INFO  benchmark_client] Sending sample transaction 593
[2026-05-22T09:18:19.412Z INFO  benchmark_client] Sending sample transaction 594
[2026-05-22T09:18:19.462Z INFO  benchmark_client] Sending sample transaction 595
[2026-05-22T09:18:19.512Z INFO  benchmark_client] Sending sample transaction 596
[2026-05-22T09:18:19.564Z INFO  benchmark_client] Sending sample transaction 597
[2026-05-22T09:18:19.612Z INFO  benchmark_client] Sending sample transaction 598
[2026-05-22T09:18:19.662Z INFO  benchmark_client] Sending sample transaction 599
[2026-05-22T09:18:19.712Z INFO  benchmark_client] Sending sample transaction 600
[2026-05-22T09:18:19.762Z INFO  benchmark_client] Sending sample transaction 601
[2026-05-22T09:18:19.813Z INFO  benchmark_client] Sending sample transaction 602
[2026-05-22T09:18:19.862Z INFO  benchmark_client] Sending sample transaction 603
[2026-05-22T09:18:19.912Z INFO  benchmark_client] Sending sample transaction 604
[2026-05-22T09:18:19.961Z INFO  benchmark_client] Sending sample transaction 605
[2026-05-22T09:18:20.015Z INFO  benchmark_client] Sending sample transaction 606
[2026-05-22T09:18:20.062Z INFO  benchmark_client] Sending sample transaction 607
[2026-05-22T09:18:20.112Z INFO  benchmark_client] Sending sample transaction 608
[2026-05-22T09:18:20.162Z INFO  benchmark_client] Sending sample transaction 609
[2026-05-22T09:18:20.212Z INFO  benchmark_client] Sending sample transaction 610
[2026-05-22T09:18:20.262Z INFO  benchmark_client] Sending sample transaction 611
[2026-05-22T09:18:20.313Z INFO  benchmark_client] Sending sample transaction 612
[2026-05-22T09:18:20.362Z INFO  benchmark_client] Sending sample transaction 613
[2026-05-22T09:18:20.413Z INFO  benchmark_client] Sending sample transaction 614
[2026-05-22T09:18:20.462Z INFO  benchmark_client] Sending sample transaction 615
[2026-05-22T09:18:20.514Z INFO  benchmark_client] Sending sample transaction 616
[2026-05-22T09:18:20.564Z INFO  benchmark_client] Sending sample transaction 617
[2026-05-22T09:18:20.612Z INFO  benchmark_client] Sending sample transaction 618
[2026-05-22T09:18:20.662Z INFO  benchmark_client] Sending sample transaction 619
[2026-05-22T09:18:20.712Z INFO  benchmark_client] Sending sample transaction 620
[2026-05-22T09:18:20.762Z INFO  benchmark_client] Sending sample transaction 621
[2026-05-22T09:18:20.814Z INFO  benchmark_client] Sending sample transaction 622
[2026-05-22T09:18:20.862Z INFO  benchmark_client] Sending sample transaction 623
[2026-05-22T09:18:20.912Z INFO  benchmark_client] Sending sample transaction 624
[2026-05-22T09:18:20.962Z INFO  benchmark_client] Sending sample transaction 625
[2026-05-22T09:18:21.012Z INFO  benchmark_client] Sending sample transaction 626
[2026-05-22T09:18:21.062Z INFO  benchmark_client] Sending sample transaction 627
[2026-05-22T09:18:21.116Z INFO  benchmark_client] Sending sample transaction 628
[2026-05-22T09:18:21.162Z INFO  benchmark_client] Sending sample transaction 629
[2026-05-22T09:18:21.212Z INFO  benchmark_client] Sending sample transaction 630
[2026-05-22T09:18:21.261Z INFO  benchmark_client] Sending sample transaction 631
[2026-05-22T09:18:21.312Z INFO  benchmark_client] Sending sample transaction 632
[2026-05-22T09:18:21.362Z INFO  benchmark_client] Sending sample transaction 633
[2026-05-22T09:18:21.412Z INFO  benchmark_client] Sending sample transaction 634
[2026-05-22T09:18:21.468Z INFO  benchmark_client] Sending sample transaction 635
[2026-05-22T09:18:21.514Z INFO  benchmark_client] Sending sample transaction 636
[2026-05-22T09:18:21.566Z INFO  benchmark_client] Sending sample transaction 637
[2026-05-22T09:18:21.613Z INFO  benchmark_client] Sending sample transaction 638
[2026-05-22T09:18:21.662Z INFO  benchmark_client] Sending sample transaction 639
[2026-05-22T09:18:21.712Z INFO  benchmark_client] Sending sample transaction 640
[2026-05-22T09:18:21.764Z INFO  benchmark_client] Sending sample transaction 641
[2026-05-22T09:18:21.812Z INFO  benchmark_client] Sending sample transaction 642
[2026-05-22T09:18:21.862Z INFO  benchmark_client] Sending sample transaction 643
[2026-05-22T09:18:21.912Z INFO  benchmark_client] Sending sample transaction 644
[2026-05-22T09:18:21.962Z INFO  benchmark_client] Sending sample transaction 645
[2026-05-22T09:18:22.012Z INFO  benchmark_client] Sending sample transaction 646
[2026-05-22T09:18:22.062Z INFO  benchmark_client] Sending sample transaction 647
[2026-05-22T09:18:22.114Z INFO  benchmark_client] Sending sample transaction 648
[2026-05-22T09:18:22.163Z INFO  benchmark_client] Sending sample transaction 649
[2026-05-22T09:18:22.212Z INFO  benchmark_client] Sending sample transaction 650
[2026-05-22T09:18:22.262Z INFO  benchmark_client] Sending sample transaction 651
[2026-05-22T09:18:22.312Z INFO  benchmark_client] Sending sample transaction 652
[2026-05-22T09:18:22.362Z INFO  benchmark_client] Sending sample transaction 653
[2026-05-22T09:18:22.412Z INFO  benchmark_client] Sending sample transaction 654
[2026-05-22T09:18:22.462Z INFO  benchmark_client] Sending sample transaction 655
[2026-05-22T09:18:22.512Z INFO  benchmark_client] Sending sample transaction 656
[2026-05-22T09:18:22.564Z INFO  benchmark_client] Sending sample transaction 657
[2026-05-22T09:18:22.614Z INFO  benchmark_client] Sending sample transaction 658
[2026-05-22T09:18:22.662Z INFO  benchmark_client] Sending sample transaction 659
[2026-05-22T09:18:22.712Z INFO  benchmark_client] Sending sample transaction 660
[2026-05-22T09:18:22.765Z INFO  benchmark_client] Sending sample transaction 661
[2026-05-22T09:18:22.812Z INFO  benchmark_client] Sending sample transaction 662
[2026-05-22T09:18:22.862Z INFO  benchmark_client] Sending sample transaction 663
[2026-05-22T09:18:22.912Z INFO  benchmark_client] Sending sample transaction 664
[2026-05-22T09:18:22.962Z INFO  benchmark_client] Sending sample transaction 665
[2026-05-22T09:18:23.012Z INFO  benchmark_client] Sending sample transaction 666
[2026-05-22T09:18:23.062Z INFO  benchmark_client] Sending sample transaction 667
[2026-05-22T09:18:23.112Z INFO  benchmark_client] Sending sample transaction 668
[2026-05-22T09:18:23.162Z INFO  benchmark_client] Sending sample transaction 669
[2026-05-22T09:18:23.212Z INFO  benchmark_client] Sending sample transaction 670
[2026-05-22T09:18:23.264Z INFO  benchmark_client] Sending sample transaction 671
[2026-05-22T09:18:23.312Z INFO  benchmark_client] Sending sample transaction 672
[2026-05-22T09:18:23.362Z INFO  benchmark_client] Sending sample transaction 673
[2026-05-22T09:18:23.415Z INFO  benchmark_client] Sending sample transaction 674
[2026-05-22T09:18:23.461Z INFO  benchmark_client] Sending sample transaction 675
[2026-05-22T09:18:23.512Z INFO  benchmark_client] Sending sample transaction 676
[2026-05-22T09:18:23.562Z INFO  benchmark_client] Sending sample transaction 677
[2026-05-22T09:18:23.620Z INFO  benchmark_client] Sending sample transaction 678
[2026-05-22T09:18:23.664Z INFO  benchmark_client] Sending sample transaction 679
[2026-05-22T09:18:23.712Z INFO  benchmark_client] Sending sample transaction 680
[2026-05-22T09:18:23.765Z INFO  benchmark_client] Sending sample transaction 681
[2026-05-22T09:18:23.812Z INFO  benchmark_client] Sending sample transaction 682
[2026-05-22T09:18:23.862Z INFO  benchmark_client] Sending sample transaction 683
[2026-05-22T09:18:23.912Z INFO  benchmark_client] Sending sample transaction 684
[2026-05-22T09:18:23.962Z INFO  benchmark_client] Sending sample transaction 685
[2026-05-22T09:18:24.014Z INFO  benchmark_client] Sending sample transaction 686
[2026-05-22T09:18:24.063Z INFO  benchmark_client] Sending sample transaction 687
[2026-05-22T09:18:24.113Z INFO  benchmark_client] Sending sample transaction 688
[2026-05-22T09:18:24.163Z INFO  benchmark_client] Sending sample transaction 689
[2026-05-22T09:18:24.213Z INFO  benchmark_client] Sending sample transaction 690
[2026-05-22T09:18:24.262Z INFO  benchmark_client] Sending sample transaction 691
[2026-05-22T09:18:24.312Z INFO  benchmark_client] Sending sample transaction 692
[2026-05-22T09:18:24.363Z INFO  benchmark_client] Sending sample transaction 693
[2026-05-22T09:18:24.413Z INFO  benchmark_client] Sending sample transaction 694
[2026-05-22T09:18:24.462Z INFO  benchmark_client] Sending sample transaction 695
[2026-05-22T09:18:24.512Z INFO  benchmark_client] Sending sample transaction 696
[2026-05-22T09:18:24.562Z INFO  benchmark_client] Sending sample transaction 697
[2026-05-22T09:18:24.614Z INFO  benchmark_client] Sending sample transaction 698
[2026-05-22T09:18:24.662Z INFO  benchmark_client] Sending sample transaction 699
[2026-05-22T09:18:24.712Z INFO  benchmark_client] Sending sample transaction 700
[2026-05-22T09:18:24.762Z INFO  benchmark_client] Sending sample transaction 701
[2026-05-22T09:18:24.815Z INFO  benchmark_client] Sending sample transaction 702
[2026-05-22T09:18:24.864Z INFO  benchmark_client] Sending sample transaction 703
[2026-05-22T09:18:24.912Z INFO  benchmark_client] Sending sample transaction 704
[2026-05-22T09:18:24.963Z INFO  benchmark_client] Sending sample transaction 705
[2026-05-22T09:18:25.012Z INFO  benchmark_client] Sending sample transaction 706
[2026-05-22T09:18:25.064Z INFO  benchmark_client] Sending sample transaction 707
[2026-05-22T09:18:25.112Z INFO  benchmark_client] Sending sample transaction 708
[2026-05-22T09:18:25.164Z INFO  benchmark_client] Sending sample transaction 709
[2026-05-22T09:18:25.212Z INFO  benchmark_client] Sending sample transaction 710
[2026-05-22T09:18:25.264Z INFO  benchmark_client] Sending sample transaction 711
[2026-05-22T09:18:25.313Z INFO  benchmark_client] Sending sample transaction 712
[2026-05-22T09:18:25.364Z INFO  benchmark_client] Sending sample transaction 713
[2026-05-22T09:18:25.412Z INFO  benchmark_client] Sending sample transaction 714
[2026-05-22T09:18:25.464Z INFO  benchmark_client] Sending sample transaction 715
[2026-05-22T09:18:25.512Z INFO  benchmark_client] Sending sample transaction 716
[2026-05-22T09:18:25.565Z INFO  benchmark_client] Sending sample transaction 717
[2026-05-22T09:18:25.612Z INFO  benchmark_client] Sending sample transaction 718
[2026-05-22T09:18:25.663Z INFO  benchmark_client] Sending sample transaction 719
[2026-05-22T09:18:25.713Z INFO  benchmark_client] Sending sample transaction 720
[2026-05-22T09:18:25.762Z INFO  benchmark_client] Sending sample transaction 721
[2026-05-22T09:18:25.811Z INFO  benchmark_client] Sending sample transaction 722
[2026-05-22T09:18:25.866Z INFO  benchmark_client] Sending sample transaction 723
[2026-05-22T09:18:25.912Z INFO  benchmark_client] Sending sample transaction 724
[2026-05-22T09:18:25.962Z INFO  benchmark_client] Sending sample transaction 725
[2026-05-22T09:18:26.014Z INFO  benchmark_client] Sending sample transaction 726
[2026-05-22T09:18:26.062Z INFO  benchmark_client] Sending sample transaction 727
[2026-05-22T09:18:26.113Z INFO  benchmark_client] Sending sample transaction 728
[2026-05-22T09:18:26.163Z INFO  benchmark_client] Sending sample transaction 729
[2026-05-22T09:18:26.216Z INFO  benchmark_client] Sending sample transaction 730
[2026-05-22T09:18:26.265Z INFO  benchmark_client] Sending sample transaction 731
[2026-05-22T09:18:26.312Z INFO  benchmark_client] Sending sample transaction 732
[2026-05-22T09:18:26.362Z INFO  benchmark_client] Sending sample transaction 733
[2026-05-22T09:18:26.413Z INFO  benchmark_client] Sending sample transaction 734
[2026-05-22T09:18:26.461Z INFO  benchmark_client] Sending sample transaction 735
[2026-05-22T09:18:26.512Z INFO  benchmark_client] Sending sample transaction 736
[2026-05-22T09:18:26.562Z INFO  benchmark_client] Sending sample transaction 737
[2026-05-22T09:18:26.616Z INFO  benchmark_client] Sending sample transaction 738
[2026-05-22T09:18:26.665Z INFO  benchmark_client] Sending sample transaction 739
[2026-05-22T09:18:26.716Z INFO  benchmark_client] Sending sample transaction 740
[2026-05-22T09:18:26.762Z INFO  benchmark_client] Sending sample transaction 741
[2026-05-22T09:18:26.815Z INFO  benchmark_client] Sending sample transaction 742
[2026-05-22T09:18:26.862Z INFO  benchmark_client] Sending sample transaction 743
[2026-05-22T09:18:26.912Z INFO  benchmark_client] Sending sample transaction 744
[2026-05-22T09:18:26.962Z INFO  benchmark_client] Sending sample transaction 745
[2026-05-22T09:18:27.012Z INFO  benchmark_client] Sending sample transaction 746
[2026-05-22T09:18:27.063Z INFO  benchmark_client] Sending sample transaction 747
[2026-05-22T09:18:27.117Z INFO  benchmark_client] Sending sample transaction 748
[2026-05-22T09:18:27.162Z INFO  benchmark_client] Sending sample transaction 749
[2026-05-22T09:18:27.214Z INFO  benchmark_client] Sending sample transaction 750
[2026-05-22T09:18:27.263Z INFO  benchmark_client] Sending sample transaction 751
[2026-05-22T09:18:27.313Z INFO  benchmark_client] Sending sample transaction 752
[2026-05-22T09:18:27.363Z INFO  benchmark_client] Sending sample transaction 753
[2026-05-22T09:18:27.412Z INFO  benchmark_client] Sending sample transaction 754
[2026-05-22T09:18:27.465Z INFO  benchmark_client] Sending sample transaction 755
[2026-05-22T09:18:27.513Z INFO  benchmark_client] Sending sample transaction 756
[2026-05-22T09:18:27.562Z INFO  benchmark_client] Sending sample transaction 757
[2026-05-22T09:18:27.612Z INFO  benchmark_client] Sending sample transaction 758
[2026-05-22T09:18:27.664Z INFO  benchmark_client] Sending sample transaction 759
[2026-05-22T09:18:27.712Z INFO  benchmark_client] Sending sample transaction 760
[2026-05-22T09:18:27.766Z INFO  benchmark_client] Sending sample transaction 761
[2026-05-22T09:18:27.812Z INFO  benchmark_client] Sending sample transaction 762
[2026-05-22T09:18:27.862Z INFO  benchmark_client] Sending sample transaction 763
[2026-05-22T09:18:27.912Z INFO  benchmark_client] Sending sample transaction 764
[2026-05-22T09:18:27.962Z INFO  benchmark_client] Sending sample transaction 765
[2026-05-22T09:18:28.012Z INFO  benchmark_client] Sending sample transaction 766
[2026-05-22T09:18:28.062Z INFO  benchmark_client] Sending sample transaction 767
[2026-05-22T09:18:28.116Z INFO  benchmark_client] Sending sample transaction 768
[2026-05-22T09:18:28.162Z INFO  benchmark_client] Sending sample transaction 769
[2026-05-22T09:18:28.215Z INFO  benchmark_client] Sending sample transaction 770
[2026-05-22T09:18:28.262Z INFO  benchmark_client] Sending sample transaction 771
[2026-05-22T09:18:28.312Z INFO  benchmark_client] Sending sample transaction 772
[2026-05-22T09:18:28.363Z INFO  benchmark_client] Sending sample transaction 773
[2026-05-22T09:18:28.412Z INFO  benchmark_client] Sending sample transaction 774
[2026-05-22T09:18:28.465Z INFO  benchmark_client] Sending sample transaction 775
[2026-05-22T09:18:28.512Z INFO  benchmark_client] Sending sample transaction 776
[2026-05-22T09:18:28.562Z INFO  benchmark_client] Sending sample transaction 777
[2026-05-22T09:18:28.616Z INFO  benchmark_client] Sending sample transaction 778
[2026-05-22T09:18:28.663Z INFO  benchmark_client] Sending sample transaction 779
[2026-05-22T09:18:28.715Z INFO  benchmark_client] Sending sample transaction 780
[2026-05-22T09:18:28.762Z INFO  benchmark_client] Sending sample transaction 781
[2026-05-22T09:18:28.813Z INFO  benchmark_client] Sending sample transaction 782
[2026-05-22T09:18:28.863Z INFO  benchmark_client] Sending sample transaction 783
[2026-05-22T09:18:28.915Z INFO  benchmark_client] Sending sample transaction 784
[2026-05-22T09:18:28.965Z INFO  benchmark_client] Sending sample transaction 785
[2026-05-22T09:18:29.012Z INFO  benchmark_client] Sending sample transaction 786
[2026-05-22T09:18:29.064Z INFO  benchmark_client] Sending sample transaction 787
[2026-05-22T09:18:29.112Z INFO  benchmark_client] Sending sample transaction 788
[2026-05-22T09:18:29.162Z INFO  benchmark_client] Sending sample transaction 789
[2026-05-22T09:18:29.213Z INFO  benchmark_client] Sending sample transaction 790
[2026-05-22T09:18:29.262Z INFO  benchmark_client] Sending sample transaction 791
[2026-05-22T09:18:29.312Z INFO  benchmark_client] Sending sample transaction 792
[2026-05-22T09:18:29.363Z INFO  benchmark_client] Sending sample transaction 793
[2026-05-22T09:18:29.413Z INFO  benchmark_client] Sending sample transaction 794
[2026-05-22T09:18:29.464Z INFO  benchmark_client] Sending sample transaction 795
[2026-05-22T09:18:29.516Z INFO  benchmark_client] Sending sample transaction 796
[2026-05-22T09:18:29.562Z INFO  benchmark_client] Sending sample transaction 797
[2026-05-22T09:18:29.615Z INFO  benchmark_client] Sending sample transaction 798
[2026-05-22T09:18:29.663Z INFO  benchmark_client] Sending sample transaction 799
[2026-05-22T09:18:29.712Z INFO  benchmark_client] Sending sample transaction 800
[2026-05-22T09:18:29.762Z INFO  benchmark_client] Sending sample transaction 801
[2026-05-22T09:18:29.814Z INFO  benchmark_client] Sending sample transaction 802
[2026-05-22T09:18:29.863Z INFO  benchmark_client] Sending sample transaction 803
[2026-05-22T09:18:29.914Z INFO  benchmark_client] Sending sample transaction 804
[2026-05-22T09:18:29.962Z INFO  benchmark_client] Sending sample transaction 805
[2026-05-22T09:18:30.017Z INFO  benchmark_client] Sending sample transaction 806
[2026-05-22T09:18:30.062Z INFO  benchmark_client] Sending sample transaction 807
[2026-05-22T09:18:30.112Z INFO  benchmark_client] Sending sample transaction 808
[2026-05-22T09:18:30.166Z INFO  benchmark_client] Sending sample transaction 809
[2026-05-22T09:18:30.221Z INFO  benchmark_client] Sending sample transaction 810
[2026-05-22T09:18:30.262Z INFO  benchmark_client] Sending sample transaction 811
[2026-05-22T09:18:30.312Z INFO  benchmark_client] Sending sample transaction 812
[2026-05-22T09:18:30.362Z INFO  benchmark_client] Sending sample transaction 813
[2026-05-22T09:18:30.413Z INFO  benchmark_client] Sending sample transaction 814
[2026-05-22T09:18:30.462Z INFO  benchmark_client] Sending sample transaction 815
[2026-05-22T09:18:30.512Z INFO  benchmark_client] Sending sample transaction 816
[2026-05-22T09:18:30.562Z INFO  benchmark_client] Sending sample transaction 817
[2026-05-22T09:18:30.612Z INFO  benchmark_client] Sending sample transaction 818
[2026-05-22T09:18:30.665Z INFO  benchmark_client] Sending sample transaction 819
[2026-05-22T09:18:30.713Z INFO  benchmark_client] Sending sample transaction 820
[2026-05-22T09:18:30.762Z INFO  benchmark_client] Sending sample transaction 821
[2026-05-22T09:18:30.812Z INFO  benchmark_client] Sending sample transaction 822
[2026-05-22T09:18:30.862Z INFO  benchmark_client] Sending sample transaction 823
[2026-05-22T09:18:30.914Z INFO  benchmark_client] Sending sample transaction 824
[2026-05-22T09:18:30.962Z INFO  benchmark_client] Sending sample transaction 825
[2026-05-22T09:18:31.012Z INFO  benchmark_client] Sending sample transaction 826
[2026-05-22T09:18:31.062Z INFO  benchmark_client] Sending sample transaction 827
[2026-05-22T09:18:31.115Z INFO  benchmark_client] Sending sample transaction 828
[2026-05-22T09:18:31.165Z INFO  benchmark_client] Sending sample transaction 829
[2026-05-22T09:18:31.212Z INFO  benchmark_client] Sending sample transaction 830
[2026-05-22T09:18:31.265Z INFO  benchmark_client] Sending sample transaction 831
[2026-05-22T09:18:31.312Z INFO  benchmark_client] Sending sample transaction 832
[2026-05-22T09:18:31.362Z INFO  benchmark_client] Sending sample transaction 833
[2026-05-22T09:18:31.412Z INFO  benchmark_client] Sending sample transaction 834
[2026-05-22T09:18:31.464Z INFO  benchmark_client] Sending sample transaction 835
[2026-05-22T09:18:31.514Z INFO  benchmark_client] Sending sample transaction 836
[2026-05-22T09:18:31.567Z INFO  benchmark_client] Sending sample transaction 837
[2026-05-22T09:18:31.613Z INFO  benchmark_client] Sending sample transaction 838
[2026-05-22T09:18:31.662Z INFO  benchmark_client] Sending sample transaction 839
[2026-05-22T09:18:31.716Z INFO  benchmark_client] Sending sample transaction 840
[2026-05-22T09:18:31.763Z INFO  benchmark_client] Sending sample transaction 841
[2026-05-22T09:18:31.814Z INFO  benchmark_client] Sending sample transaction 842
[2026-05-22T09:18:31.865Z INFO  benchmark_client] Sending sample transaction 843
[2026-05-22T09:18:31.916Z INFO  benchmark_client] Sending sample transaction 844
[2026-05-22T09:18:31.965Z INFO  benchmark_client] Sending sample transaction 845
[2026-05-22T09:18:32.012Z INFO  benchmark_client] Sending sample transaction 846
[2026-05-22T09:18:32.063Z INFO  benchmark_client] Sending sample transaction 847
[2026-05-22T09:18:32.112Z INFO  benchmark_client] Sending sample transaction 848
[2026-05-22T09:18:32.162Z INFO  benchmark_client] Sending sample transaction 849
[2026-05-22T09:18:32.212Z INFO  benchmark_client] Sending sample transaction 850
[2026-05-22T09:18:32.262Z INFO  benchmark_client] Sending sample transaction 851
[2026-05-22T09:18:32.312Z INFO  benchmark_client] Sending sample transaction 852
[2026-05-22T09:18:32.364Z INFO  benchmark_client] Sending sample transaction 853
[2026-05-22T09:18:32.414Z INFO  benchmark_client] Sending sample transaction 854
[2026-05-22T09:18:32.461Z INFO  benchmark_client] Sending sample transaction 855
[2026-05-22T09:18:32.512Z INFO  benchmark_client] Sending sample transaction 856
[2026-05-22T09:18:32.562Z INFO  benchmark_client] Sending sample transaction 857
[2026-05-22T09:18:32.612Z INFO  benchmark_client] Sending sample transaction 858
[2026-05-22T09:18:32.662Z INFO  benchmark_client] Sending sample transaction 859
[2026-05-22T09:18:32.712Z INFO  benchmark_client] Sending sample transaction 860
[2026-05-22T09:18:32.761Z INFO  benchmark_client] Sending sample transaction 861
[2026-05-22T09:18:32.814Z INFO  benchmark_client] Sending sample transaction 862
[2026-05-22T09:18:32.862Z INFO  benchmark_client] Sending sample transaction 863
[2026-05-22T09:18:32.915Z INFO  benchmark_client] Sending sample transaction 864
[2026-05-22T09:18:32.963Z INFO  benchmark_client] Sending sample transaction 865
[2026-05-22T09:18:33.012Z INFO  benchmark_client] Sending sample transaction 866
[2026-05-22T09:18:33.063Z INFO  benchmark_client] Sending sample transaction 867
[2026-05-22T09:18:33.114Z INFO  benchmark_client] Sending sample transaction 868
[2026-05-22T09:18:33.162Z INFO  benchmark_client] Sending sample transaction 869
[2026-05-22T09:18:33.214Z INFO  benchmark_client] Sending sample transaction 870
[2026-05-22T09:18:33.265Z INFO  benchmark_client] Sending sample transaction 871
[2026-05-22T09:18:33.313Z INFO  benchmark_client] Sending sample transaction 872
[2026-05-22T09:18:33.362Z INFO  benchmark_client] Sending sample transaction 873
[2026-05-22T09:18:33.413Z INFO  benchmark_client] Sending sample transaction 874
[2026-05-22T09:18:33.463Z INFO  benchmark_client] Sending sample transaction 875
[2026-05-22T09:18:33.515Z INFO  benchmark_client] Sending sample transaction 876
[2026-05-22T09:18:33.567Z INFO  benchmark_client] Sending sample transaction 877
[2026-05-22T09:18:33.613Z INFO  benchmark_client] Sending sample transaction 878
[2026-05-22T09:18:33.665Z INFO  benchmark_client] Sending sample transaction 879
[2026-05-22T09:18:33.716Z INFO  benchmark_client] Sending sample transaction 880
[2026-05-22T09:18:33.762Z INFO  benchmark_client] Sending sample transaction 881
[2026-05-22T09:18:33.812Z INFO  benchmark_client] Sending sample transaction 882
[2026-05-22T09:18:33.865Z INFO  benchmark_client] Sending sample transaction 883
[2026-05-22T09:18:33.917Z INFO  benchmark_client] Sending sample transaction 884
[2026-05-22T09:18:33.965Z INFO  benchmark_client] Sending sample transaction 885
[2026-05-22T09:18:34.013Z INFO  benchmark_client] Sending sample transaction 886
[2026-05-22T09:18:34.070Z INFO  benchmark_client] Sending sample transaction 887
[2026-05-22T09:18:34.118Z INFO  benchmark_client] Sending sample transaction 888
[2026-05-22T09:18:34.165Z INFO  benchmark_client] Sending sample transaction 889
[2026-05-22T09:18:34.215Z INFO  benchmark_client] Sending sample transaction 890
[2026-05-22T09:18:34.264Z INFO  benchmark_client] Sending sample transaction 891
[2026-05-22T09:18:34.313Z INFO  benchmark_client] Sending sample transaction 892
[2026-05-22T09:18:34.362Z INFO  benchmark_client] Sending sample transaction 893
[2026-05-22T09:18:34.415Z INFO  benchmark_client] Sending sample transaction 894
[2026-05-22T09:18:34.463Z INFO  benchmark_client] Sending sample transaction 895
