[2026-05-22T09:17:50.036Z INFO  benchmark_client] Node address: 130.211.86.32:5003
[2026-05-22T09:17:50.036Z INFO  benchmark_client] Transactions size: 512 B
[2026-05-22T09:17:50.036Z INFO  benchmark_client] Transactions rate: 20000 tx/s
[2026-05-22T09:17:50.036Z INFO  benchmark_client] Waiting for all nodes to be online...
[2026-05-22T09:17:50.331Z INFO  benchmark_client] Start sending transactions
[2026-05-22T09:17:50.333Z INFO  benchmark_client] Sending sample transaction 0
[2026-05-22T09:17:50.382Z INFO  benchmark_client] Sending sample transaction 1
[2026-05-22T09:17:50.434Z INFO  benchmark_client] Sending sample transaction 2
[2026-05-22T09:17:50.482Z INFO  benchmark_client] Sending sample transaction 3
[2026-05-22T09:17:50.532Z INFO  benchmark_client] Sending sample transaction 4
[2026-05-22T09:17:50.582Z INFO  benchmark_client] Sending sample transaction 5
[2026-05-22T09:17:50.635Z INFO  benchmark_client] Sending sample transaction 6
[2026-05-22T09:17:50.684Z INFO  benchmark_client] Sending sample transaction 7
[2026-05-22T09:17:50.734Z INFO  benchmark_client] Sending sample transaction 8
[2026-05-22T09:17:50.782Z INFO  benchmark_client] Sending sample transaction 9
[2026-05-22T09:17:50.832Z INFO  benchmark_client] Sending sample transaction 10
[2026-05-22T09:17:50.884Z INFO  benchmark_client] Sending sample transaction 11
[2026-05-22T09:17:50.932Z INFO  benchmark_client] Sending sample transaction 12
[2026-05-22T09:17:50.982Z INFO  benchmark_client] Sending sample transaction 13
[2026-05-22T09:17:51.032Z INFO  benchmark_client] Sending sample transaction 14
[2026-05-22T09:17:51.082Z INFO  benchmark_client] Sending sample transaction 15
[2026-05-22T09:17:51.132Z INFO  benchmark_client] Sending sample transaction 16
[2026-05-22T09:17:51.182Z INFO  benchmark_client] Sending sample transaction 17
[2026-05-22T09:17:51.233Z INFO  benchmark_client] Sending sample transaction 18
[2026-05-22T09:17:51.282Z INFO  benchmark_client] Sending sample transaction 19
[2026-05-22T09:17:51.332Z INFO  benchmark_client] Sending sample transaction 20
[2026-05-22T09:17:51.382Z INFO  benchmark_client] Sending sample transaction 21
[2026-05-22T09:17:51.432Z INFO  benchmark_client] Sending sample transaction 22
[2026-05-22T09:17:51.482Z INFO  benchmark_client] Sending sample transaction 23
[2026-05-22T09:17:51.533Z INFO  benchmark_client] Sending sample transaction 24
[2026-05-22T09:17:51.582Z INFO  benchmark_client] Sending sample transaction 25
[2026-05-22T09:17:51.632Z INFO  benchmark_client] Sending sample transaction 26
[2026-05-22T09:17:51.683Z INFO  benchmark_client] Sending sample transaction 27
[2026-05-22T09:17:51.732Z INFO  benchmark_client] Sending sample transaction 28
[2026-05-22T09:17:51.783Z INFO  benchmark_client] Sending sample transaction 29
[2026-05-22T09:17:51.832Z INFO  benchmark_client] Sending sample transaction 30
[2026-05-22T09:17:51.882Z INFO  benchmark_client] Sending sample transaction 31
[2026-05-22T09:17:51.932Z INFO  benchmark_client] Sending sample transaction 32
[2026-05-22T09:17:51.986Z INFO  benchmark_client] Sending sample transaction 33
[2026-05-22T09:17:52.032Z INFO  benchmark_client] Sending sample transaction 34
[2026-05-22T09:17:52.084Z INFO  benchmark_client] Sending sample transaction 35
[2026-05-22T09:17:52.132Z INFO  benchmark_client] Sending sample transaction 36
[2026-05-22T09:17:52.182Z INFO  benchmark_client] Sending sample transaction 37
[2026-05-22T09:17:52.232Z INFO  benchmark_client] Sending sample transaction 38
[2026-05-22T09:17:52.284Z INFO  benchmark_client] Sending sample transaction 39
[2026-05-22T09:17:52.332Z INFO  benchmark_client] Sending sample transaction 40
[2026-05-22T09:17:52.382Z INFO  benchmark_client] Sending sample transaction 41
[2026-05-22T09:17:52.432Z INFO  benchmark_client] Sending sample transaction 42
[2026-05-22T09:17:52.483Z INFO  benchmark_client] Sending sample transaction 43
[2026-05-22T09:17:52.532Z INFO  benchmark_client] Sending sample transaction 44
[2026-05-22T09:17:52.582Z INFO  benchmark_client] Sending sample transaction 45
[2026-05-22T09:17:52.633Z INFO  benchmark_client] Sending sample transaction 46
[2026-05-22T09:17:52.682Z INFO  benchmark_client] Sending sample transaction 47
[2026-05-22T09:17:52.732Z INFO  benchmark_client] Sending sample transaction 48
[2026-05-22T09:17:52.783Z INFO  benchmark_client] Sending sample transaction 49
[2026-05-22T09:17:52.833Z INFO  benchmark_client] Sending sample transaction 50
[2026-05-22T09:17:52.885Z INFO  benchmark_client] Sending sample transaction 51
[2026-05-22T09:17:52.932Z INFO  benchmark_client] Sending sample transaction 52
[2026-05-22T09:17:52.985Z INFO  benchmark_client] Sending sample transaction 53
[2026-05-22T09:17:53.032Z INFO  benchmark_client] Sending sample transaction 54
[2026-05-22T09:17:53.082Z INFO  benchmark_client] Sending sample transaction 55
[2026-05-22T09:17:53.132Z INFO  benchmark_client] Sending sample transaction 56
[2026-05-22T09:17:53.183Z INFO  benchmark_client] Sending sample transaction 57
[2026-05-22T09:17:53.232Z INFO  benchmark_client] Sending sample transaction 58
[2026-05-22T09:17:53.284Z INFO  benchmark_client] Sending sample transaction 59
[2026-05-22T09:17:53.332Z INFO  benchmark_client] Sending sample transaction 60
[2026-05-22T09:17:53.383Z INFO  benchmark_client] Sending sample transaction 61
[2026-05-22T09:17:53.432Z INFO  benchmark_client] Sending sample transaction 62
[2026-05-22T09:17:53.482Z INFO  benchmark_client] Sending sample transaction 63
[2026-05-22T09:17:53.533Z INFO  benchmark_client] Sending sample transaction 64
[2026-05-22T09:17:53.586Z INFO  benchmark_client] Sending sample transaction 65
[2026-05-22T09:17:53.632Z INFO  benchmark_client] Sending sample transaction 66
[2026-05-22T09:17:53.683Z INFO  benchmark_client] Sending sample transaction 67
[2026-05-22T09:17:53.732Z INFO  benchmark_client] Sending sample transaction 68
[2026-05-22T09:17:53.784Z INFO  benchmark_client] Sending sample transaction 69
[2026-05-22T09:17:53.832Z INFO  benchmark_client] Sending sample transaction 70
[2026-05-22T09:17:53.883Z INFO  benchmark_client] Sending sample transaction 71
[2026-05-22T09:17:53.932Z INFO  benchmark_client] Sending sample transaction 72
[2026-05-22T09:17:53.982Z INFO  benchmark_client] Sending sample transaction 73
[2026-05-22T09:17:54.032Z INFO  benchmark_client] Sending sample transaction 74
[2026-05-22T09:17:54.083Z INFO  benchmark_client] Sending sample transaction 75
[2026-05-22T09:17:54.133Z INFO  benchmark_client] Sending sample transaction 76
[2026-05-22T09:17:54.182Z INFO  benchmark_client] Sending sample transaction 77
[2026-05-22T09:17:54.232Z INFO  benchmark_client] Sending sample transaction 78
[2026-05-22T09:17:54.282Z INFO  benchmark_client] Sending sample transaction 79
[2026-05-22T09:17:54.332Z INFO  benchmark_client] Sending sample transaction 80
[2026-05-22T09:17:54.383Z INFO  benchmark_client] Sending sample transaction 81
[2026-05-22T09:17:54.432Z INFO  benchmark_client] Sending sample transaction 82
[2026-05-22T09:17:54.483Z INFO  benchmark_client] Sending sample transaction 83
[2026-05-22T09:17:54.532Z INFO  benchmark_client] Sending sample transaction 84
[2026-05-22T09:17:54.582Z INFO  benchmark_client] Sending sample transaction 85
[2026-05-22T09:17:54.632Z INFO  benchmark_client] Sending sample transaction 86
[2026-05-22T09:17:54.682Z INFO  benchmark_client] Sending sample transaction 87
[2026-05-22T09:17:54.734Z INFO  benchmark_client] Sending sample transaction 88
[2026-05-22T09:17:54.782Z INFO  benchmark_client] Sending sample transaction 89
[2026-05-22T09:17:54.832Z INFO  benchmark_client] Sending sample transaction 90
[2026-05-22T09:17:54.882Z INFO  benchmark_client] Sending sample transaction 91
[2026-05-22T09:17:54.935Z INFO  benchmark_client] Sending sample transaction 92
[2026-05-22T09:17:54.982Z INFO  benchmark_client] Sending sample transaction 93
[2026-05-22T09:17:55.032Z INFO  benchmark_client] Sending sample transaction 94
[2026-05-22T09:17:55.082Z INFO  benchmark_client] Sending sample transaction 95
[2026-05-22T09:17:55.132Z INFO  benchmark_client] Sending sample transaction 96
[2026-05-22T09:17:55.182Z INFO  benchmark_client] Sending sample transaction 97
[2026-05-22T09:17:55.232Z INFO  benchmark_client] Sending sample transaction 98
[2026-05-22T09:17:55.282Z INFO  benchmark_client] Sending sample transaction 99
[2026-05-22T09:17:55.334Z INFO  benchmark_client] Sending sample transaction 100
[2026-05-22T09:17:55.382Z INFO  benchmark_client] Sending sample transaction 101
[2026-05-22T09:17:55.433Z INFO  benchmark_client] Sending sample transaction 102
[2026-05-22T09:17:55.483Z INFO  benchmark_client] Sending sample transaction 103
[2026-05-22T09:17:55.532Z INFO  benchmark_client] Sending sample transaction 104
[2026-05-22T09:17:55.582Z INFO  benchmark_client] Sending sample transaction 105
[2026-05-22T09:17:55.633Z INFO  benchmark_client] Sending sample transaction 106
[2026-05-22T09:17:55.682Z INFO  benchmark_client] Sending sample transaction 107
[2026-05-22T09:17:55.739Z INFO  benchmark_client] Sending sample transaction 108
[2026-05-22T09:17:55.783Z INFO  benchmark_client] Sending sample transaction 109
[2026-05-22T09:17:55.834Z INFO  benchmark_client] Sending sample transaction 110
[2026-05-22T09:17:55.882Z INFO  benchmark_client] Sending sample transaction 111
[2026-05-22T09:17:55.933Z INFO  benchmark_client] Sending sample transaction 112
[2026-05-22T09:17:55.982Z INFO  benchmark_client] Sending sample transaction 113
[2026-05-22T09:17:56.032Z INFO  benchmark_client] Sending sample transaction 114
[2026-05-22T09:17:56.082Z INFO  benchmark_client] Sending sample transaction 115
[2026-05-22T09:17:56.135Z INFO  benchmark_client] Sending sample transaction 116
[2026-05-22T09:17:56.183Z INFO  benchmark_client] Sending sample transaction 117
[2026-05-22T09:17:56.233Z INFO  benchmark_client] Sending sample transaction 118
[2026-05-22T09:17:56.282Z INFO  benchmark_client] Sending sample transaction 119
[2026-05-22T09:17:56.332Z INFO  benchmark_client] Sending sample transaction 120
[2026-05-22T09:17:56.382Z INFO  benchmark_client] Sending sample transaction 121
[2026-05-22T09:17:56.433Z INFO  benchmark_client] Sending sample transaction 122
[2026-05-22T09:17:56.482Z INFO  benchmark_client] Sending sample transaction 123
[2026-05-22T09:17:56.533Z INFO  benchmark_client] Sending sample transaction 124
[2026-05-22T09:17:56.582Z INFO  benchmark_client] Sending sample transaction 125
[2026-05-22T09:17:56.632Z INFO  benchmark_client] Sending sample transaction 126
[2026-05-22T09:17:56.682Z INFO  benchmark_client] Sending sample transaction 127
[2026-05-22T09:17:56.732Z INFO  benchmark_client] Sending sample transaction 128
[2026-05-22T09:17:56.782Z INFO  benchmark_client] Sending sample transaction 129
[2026-05-22T09:17:56.836Z INFO  benchmark_client] Sending sample transaction 130
[2026-05-22T09:17:56.884Z INFO  benchmark_client] Sending sample transaction 131
[2026-05-22T09:17:56.932Z INFO  benchmark_client] Sending sample transaction 132
[2026-05-22T09:17:56.984Z INFO  benchmark_client] Sending sample transaction 133
[2026-05-22T09:17:57.032Z INFO  benchmark_client] Sending sample transaction 134
[2026-05-22T09:17:57.082Z INFO  benchmark_client] Sending sample transaction 135
[2026-05-22T09:17:57.132Z INFO  benchmark_client] Sending sample transaction 136
[2026-05-22T09:17:57.182Z INFO  benchmark_client] Sending sample transaction 137
[2026-05-22T09:17:57.232Z INFO  benchmark_client] Sending sample transaction 138
[2026-05-22T09:17:57.282Z INFO  benchmark_client] Sending sample transaction 139
[2026-05-22T09:17:57.332Z INFO  benchmark_client] Sending sample transaction 140
[2026-05-22T09:17:57.383Z INFO  benchmark_client] Sending sample transaction 141
[2026-05-22T09:17:57.432Z INFO  benchmark_client] Sending sample transaction 142
[2026-05-22T09:17:57.484Z INFO  benchmark_client] Sending sample transaction 143
[2026-05-22T09:17:57.532Z INFO  benchmark_client] Sending sample transaction 144
[2026-05-22T09:17:57.582Z INFO  benchmark_client] Sending sample transaction 145
[2026-05-22T09:17:57.632Z INFO  benchmark_client] Sending sample transaction 146
[2026-05-22T09:17:57.682Z INFO  benchmark_client] Sending sample transaction 147
[2026-05-22T09:17:57.732Z INFO  benchmark_client] Sending sample transaction 148
[2026-05-22T09:17:57.782Z INFO  benchmark_client] Sending sample transaction 149
[2026-05-22T09:17:57.833Z INFO  benchmark_client] Sending sample transaction 150
[2026-05-22T09:17:57.882Z INFO  benchmark_client] Sending sample transaction 151
[2026-05-22T09:17:57.933Z INFO  benchmark_client] Sending sample transaction 152
[2026-05-22T09:17:57.982Z INFO  benchmark_client] Sending sample transaction 153
[2026-05-22T09:17:58.033Z INFO  benchmark_client] Sending sample transaction 154
[2026-05-22T09:17:58.084Z INFO  benchmark_client] Sending sample transaction 155
[2026-05-22T09:17:58.133Z INFO  benchmark_client] Sending sample transaction 156
[2026-05-22T09:17:58.183Z INFO  benchmark_client] Sending sample transaction 157
[2026-05-22T09:17:58.232Z INFO  benchmark_client] Sending sample transaction 158
[2026-05-22T09:17:58.283Z INFO  benchmark_client] Sending sample transaction 159
[2026-05-22T09:17:58.332Z INFO  benchmark_client] Sending sample transaction 160
[2026-05-22T09:17:58.382Z INFO  benchmark_client] Sending sample transaction 161
[2026-05-22T09:17:58.433Z INFO  benchmark_client] Sending sample transaction 162
[2026-05-22T09:17:58.484Z INFO  benchmark_client] Sending sample transaction 163
[2026-05-22T09:17:58.532Z INFO  benchmark_client] Sending sample transaction 164
[2026-05-22T09:17:58.583Z INFO  benchmark_client] Sending sample transaction 165
[2026-05-22T09:17:58.633Z INFO  benchmark_client] Sending sample transaction 166
[2026-05-22T09:17:58.682Z INFO  benchmark_client] Sending sample transaction 167
[2026-05-22T09:17:58.732Z INFO  benchmark_client] Sending sample transaction 168
[2026-05-22T09:17:58.783Z INFO  benchmark_client] Sending sample transaction 169
[2026-05-22T09:17:58.835Z INFO  benchmark_client] Sending sample transaction 170
[2026-05-22T09:17:58.883Z INFO  benchmark_client] Sending sample transaction 171
[2026-05-22T09:17:58.933Z INFO  benchmark_client] Sending sample transaction 172
[2026-05-22T09:17:58.983Z INFO  benchmark_client] Sending sample transaction 173
[2026-05-22T09:17:59.032Z INFO  benchmark_client] Sending sample transaction 174
[2026-05-22T09:17:59.082Z INFO  benchmark_client] Sending sample transaction 175
[2026-05-22T09:17:59.132Z INFO  benchmark_client] Sending sample transaction 176
[2026-05-22T09:17:59.183Z INFO  benchmark_client] Sending sample transaction 177
[2026-05-22T09:17:59.233Z INFO  benchmark_client] Sending sample transaction 178
[2026-05-22T09:17:59.284Z INFO  benchmark_client] Sending sample transaction 179
[2026-05-22T09:17:59.334Z INFO  benchmark_client] Sending sample transaction 180
[2026-05-22T09:17:59.383Z INFO  benchmark_client] Sending sample transaction 181
[2026-05-22T09:17:59.435Z INFO  benchmark_client] Sending sample transaction 182
[2026-05-22T09:17:59.483Z INFO  benchmark_client] Sending sample transaction 183
[2026-05-22T09:17:59.532Z INFO  benchmark_client] Sending sample transaction 184
[2026-05-22T09:17:59.583Z INFO  benchmark_client] Sending sample transaction 185
[2026-05-22T09:17:59.632Z INFO  benchmark_client] Sending sample transaction 186
[2026-05-22T09:17:59.682Z INFO  benchmark_client] Sending sample transaction 187
[2026-05-22T09:17:59.734Z INFO  benchmark_client] Sending sample transaction 188
[2026-05-22T09:17:59.782Z INFO  benchmark_client] Sending sample transaction 189
[2026-05-22T09:17:59.835Z INFO  benchmark_client] Sending sample transaction 190
[2026-05-22T09:17:59.884Z INFO  benchmark_client] Sending sample transaction 191
[2026-05-22T09:17:59.933Z INFO  benchmark_client] Sending sample transaction 192
[2026-05-22T09:17:59.982Z INFO  benchmark_client] Sending sample transaction 193
[2026-05-22T09:18:00.032Z INFO  benchmark_client] Sending sample transaction 194
[2026-05-22T09:18:00.082Z INFO  benchmark_client] Sending sample transaction 195
[2026-05-22T09:18:00.132Z INFO  benchmark_client] Sending sample transaction 196
[2026-05-22T09:18:00.183Z INFO  benchmark_client] Sending sample transaction 197
[2026-05-22T09:18:00.234Z INFO  benchmark_client] Sending sample transaction 198
[2026-05-22T09:18:00.283Z INFO  benchmark_client] Sending sample transaction 199
[2026-05-22T09:18:00.332Z INFO  benchmark_client] Sending sample transaction 200
[2026-05-22T09:18:00.383Z INFO  benchmark_client] Sending sample transaction 201
[2026-05-22T09:18:00.432Z INFO  benchmark_client] Sending sample transaction 202
[2026-05-22T09:18:00.484Z INFO  benchmark_client] Sending sample transaction 203
[2026-05-22T09:18:00.534Z INFO  benchmark_client] Sending sample transaction 204
[2026-05-22T09:18:00.583Z INFO  benchmark_client] Sending sample transaction 205
[2026-05-22T09:18:00.633Z INFO  benchmark_client] Sending sample transaction 206
[2026-05-22T09:18:00.682Z INFO  benchmark_client] Sending sample transaction 207
[2026-05-22T09:18:00.732Z INFO  benchmark_client] Sending sample transaction 208
[2026-05-22T09:18:00.783Z INFO  benchmark_client] Sending sample transaction 209
[2026-05-22T09:18:00.835Z INFO  benchmark_client] Sending sample transaction 210
[2026-05-22T09:18:00.883Z INFO  benchmark_client] Sending sample transaction 211
[2026-05-22T09:18:00.932Z INFO  benchmark_client] Sending sample transaction 212
[2026-05-22T09:18:00.982Z INFO  benchmark_client] Sending sample transaction 213
[2026-05-22T09:18:01.033Z INFO  benchmark_client] Sending sample transaction 214
[2026-05-22T09:18:01.082Z INFO  benchmark_client] Sending sample transaction 215
[2026-05-22T09:18:01.133Z INFO  benchmark_client] Sending sample transaction 216
[2026-05-22T09:18:01.184Z INFO  benchmark_client] Sending sample transaction 217
[2026-05-22T09:18:01.233Z INFO  benchmark_client] Sending sample transaction 218
[2026-05-22T09:18:01.283Z INFO  benchmark_client] Sending sample transaction 219
[2026-05-22T09:18:01.333Z INFO  benchmark_client] Sending sample transaction 220
[2026-05-22T09:18:01.383Z INFO  benchmark_client] Sending sample transaction 221
[2026-05-22T09:18:01.433Z INFO  benchmark_client] Sending sample transaction 222
[2026-05-22T09:18:01.484Z INFO  benchmark_client] Sending sample transaction 223
[2026-05-22T09:18:01.533Z INFO  benchmark_client] Sending sample transaction 224
[2026-05-22T09:18:01.583Z INFO  benchmark_client] Sending sample transaction 225
[2026-05-22T09:18:01.633Z INFO  benchmark_client] Sending sample transaction 226
[2026-05-22T09:18:01.683Z INFO  benchmark_client] Sending sample transaction 227
[2026-05-22T09:18:01.733Z INFO  benchmark_client] Sending sample transaction 228
[2026-05-22T09:18:01.783Z INFO  benchmark_client] Sending sample transaction 229
[2026-05-22T09:18:01.833Z INFO  benchmark_client] Sending sample transaction 230
[2026-05-22T09:18:01.882Z INFO  benchmark_client] Sending sample transaction 231
[2026-05-22T09:18:01.934Z INFO  benchmark_client] Sending sample transaction 232
[2026-05-22T09:18:01.984Z INFO  benchmark_client] Sending sample transaction 233
[2026-05-22T09:18:02.032Z INFO  benchmark_client] Sending sample transaction 234
[2026-05-22T09:18:02.082Z INFO  benchmark_client] Sending sample transaction 235
[2026-05-22T09:18:02.132Z INFO  benchmark_client] Sending sample transaction 236
[2026-05-22T09:18:02.183Z INFO  benchmark_client] Sending sample transaction 237
[2026-05-22T09:18:02.232Z INFO  benchmark_client] Sending sample transaction 238
[2026-05-22T09:18:02.282Z INFO  benchmark_client] Sending sample transaction 239
[2026-05-22T09:18:02.334Z INFO  benchmark_client] Sending sample transaction 240
[2026-05-22T09:18:02.383Z INFO  benchmark_client] Sending sample transaction 241
[2026-05-22T09:18:02.432Z INFO  benchmark_client] Sending sample transaction 242
[2026-05-22T09:18:02.482Z INFO  benchmark_client] Sending sample transaction 243
[2026-05-22T09:18:02.533Z INFO  benchmark_client] Sending sample transaction 244
[2026-05-22T09:18:02.583Z INFO  benchmark_client] Sending sample transaction 245
[2026-05-22T09:18:02.632Z INFO  benchmark_client] Sending sample transaction 246
[2026-05-22T09:18:02.684Z INFO  benchmark_client] Sending sample transaction 247
[2026-05-22T09:18:02.734Z INFO  benchmark_client] Sending sample transaction 248
[2026-05-22T09:18:02.783Z INFO  benchmark_client] Sending sample transaction 249
[2026-05-22T09:18:02.833Z INFO  benchmark_client] Sending sample transaction 250
[2026-05-22T09:18:02.884Z INFO  benchmark_client] Sending sample transaction 251
[2026-05-22T09:18:02.933Z INFO  benchmark_client] Sending sample transaction 252
[2026-05-22T09:18:02.983Z INFO  benchmark_client] Sending sample transaction 253
[2026-05-22T09:18:03.033Z INFO  benchmark_client] Sending sample transaction 254
[2026-05-22T09:18:03.085Z INFO  benchmark_client] Sending sample transaction 255
[2026-05-22T09:18:03.133Z INFO  benchmark_client] Sending sample transaction 256
[2026-05-22T09:18:03.183Z INFO  benchmark_client] Sending sample transaction 257
[2026-05-22T09:18:03.233Z INFO  benchmark_client] Sending sample transaction 258
[2026-05-22T09:18:03.283Z INFO  benchmark_client] Sending sample transaction 259
[2026-05-22T09:18:03.336Z INFO  benchmark_client] Sending sample transaction 260
[2026-05-22T09:18:03.385Z INFO  benchmark_client] Sending sample transaction 261
[2026-05-22T09:18:03.432Z INFO  benchmark_client] Sending sample transaction 262
[2026-05-22T09:18:03.483Z INFO  benchmark_client] Sending sample transaction 263
[2026-05-22T09:18:03.532Z INFO  benchmark_client] Sending sample transaction 264
[2026-05-22T09:18:03.584Z INFO  benchmark_client] Sending sample transaction 265
[2026-05-22T09:18:03.632Z INFO  benchmark_client] Sending sample transaction 266
[2026-05-22T09:18:03.683Z INFO  benchmark_client] Sending sample transaction 267
[2026-05-22T09:18:03.733Z INFO  benchmark_client] Sending sample transaction 268
[2026-05-22T09:18:03.783Z INFO  benchmark_client] Sending sample transaction 269
[2026-05-22T09:18:03.833Z INFO  benchmark_client] Sending sample transaction 270
[2026-05-22T09:18:03.883Z INFO  benchmark_client] Sending sample transaction 271
[2026-05-22T09:18:03.932Z INFO  benchmark_client] Sending sample transaction 272
[2026-05-22T09:18:03.982Z INFO  benchmark_client] Sending sample transaction 273
[2026-05-22T09:18:04.033Z INFO  benchmark_client] Sending sample transaction 274
[2026-05-22T09:18:04.083Z INFO  benchmark_client] Sending sample transaction 275
[2026-05-22T09:18:04.132Z INFO  benchmark_client] Sending sample transaction 276
[2026-05-22T09:18:04.183Z INFO  benchmark_client] Sending sample transaction 277
[2026-05-22T09:18:04.233Z INFO  benchmark_client] Sending sample transaction 278
[2026-05-22T09:18:04.283Z INFO  benchmark_client] Sending sample transaction 279
[2026-05-22T09:18:04.333Z INFO  benchmark_client] Sending sample transaction 280
[2026-05-22T09:18:04.382Z INFO  benchmark_client] Sending sample transaction 281
[2026-05-22T09:18:04.433Z INFO  benchmark_client] Sending sample transaction 282
[2026-05-22T09:18:04.483Z INFO  benchmark_client] Sending sample transaction 283
[2026-05-22T09:18:04.533Z INFO  benchmark_client] Sending sample transaction 284
[2026-05-22T09:18:04.587Z INFO  benchmark_client] Sending sample transaction 285
[2026-05-22T09:18:04.633Z INFO  benchmark_client] Sending sample transaction 286
[2026-05-22T09:18:04.682Z INFO  benchmark_client] Sending sample transaction 287
[2026-05-22T09:18:04.733Z INFO  benchmark_client] Sending sample transaction 288
[2026-05-22T09:18:04.783Z INFO  benchmark_client] Sending sample transaction 289
[2026-05-22T09:18:04.833Z INFO  benchmark_client] Sending sample transaction 290
[2026-05-22T09:18:04.883Z INFO  benchmark_client] Sending sample transaction 291
[2026-05-22T09:18:04.933Z INFO  benchmark_client] Sending sample transaction 292
[2026-05-22T09:18:04.982Z INFO  benchmark_client] Sending sample transaction 293
[2026-05-22T09:18:05.033Z INFO  benchmark_client] Sending sample transaction 294
[2026-05-22T09:18:05.083Z INFO  benchmark_client] Sending sample transaction 295
[2026-05-22T09:18:05.135Z INFO  benchmark_client] Sending sample transaction 296
[2026-05-22T09:18:05.183Z INFO  benchmark_client] Sending sample transaction 297
[2026-05-22T09:18:05.233Z INFO  benchmark_client] Sending sample transaction 298
[2026-05-22T09:18:05.282Z INFO  benchmark_client] Sending sample transaction 299
[2026-05-22T09:18:05.333Z INFO  benchmark_client] Sending sample transaction 300
[2026-05-22T09:18:05.382Z INFO  benchmark_client] Sending sample transaction 301
[2026-05-22T09:18:05.433Z INFO  benchmark_client] Sending sample transaction 302
[2026-05-22T09:18:05.483Z INFO  benchmark_client] Sending sample transaction 303
[2026-05-22T09:18:05.535Z INFO  benchmark_client] Sending sample transaction 304
[2026-05-22T09:18:05.584Z INFO  benchmark_client] Sending sample transaction 305
[2026-05-22T09:18:05.633Z INFO  benchmark_client] Sending sample transaction 306
[2026-05-22T09:18:05.683Z INFO  benchmark_client] Sending sample transaction 307
[2026-05-22T09:18:05.734Z INFO  benchmark_client] Sending sample transaction 308
[2026-05-22T09:18:05.783Z INFO  benchmark_client] Sending sample transaction 309
[2026-05-22T09:18:05.833Z INFO  benchmark_client] Sending sample transaction 310
[2026-05-22T09:18:05.883Z INFO  benchmark_client] Sending sample transaction 311
[2026-05-22T09:18:05.933Z INFO  benchmark_client] Sending sample transaction 312
[2026-05-22T09:18:05.983Z INFO  benchmark_client] Sending sample transaction 313
[2026-05-22T09:18:06.034Z INFO  benchmark_client] Sending sample transaction 314
[2026-05-22T09:18:06.082Z INFO  benchmark_client] Sending sample transaction 315
[2026-05-22T09:18:06.133Z INFO  benchmark_client] Sending sample transaction 316
[2026-05-22T09:18:06.186Z INFO  benchmark_client] Sending sample transaction 317
[2026-05-22T09:18:06.233Z INFO  benchmark_client] Sending sample transaction 318
[2026-05-22T09:18:06.282Z INFO  benchmark_client] Sending sample transaction 319
[2026-05-22T09:18:06.338Z INFO  benchmark_client] Sending sample transaction 320
[2026-05-22T09:18:06.382Z INFO  benchmark_client] Sending sample transaction 321
[2026-05-22T09:18:06.433Z INFO  benchmark_client] Sending sample transaction 322
[2026-05-22T09:18:06.483Z INFO  benchmark_client] Sending sample transaction 323
[2026-05-22T09:18:06.533Z INFO  benchmark_client] Sending sample transaction 324
[2026-05-22T09:18:06.585Z INFO  benchmark_client] Sending sample transaction 325
[2026-05-22T09:18:06.633Z INFO  benchmark_client] Sending sample transaction 326
[2026-05-22T09:18:06.683Z INFO  benchmark_client] Sending sample transaction 327
[2026-05-22T09:18:06.733Z INFO  benchmark_client] Sending sample transaction 328
[2026-05-22T09:18:06.783Z INFO  benchmark_client] Sending sample transaction 329
[2026-05-22T09:18:06.832Z INFO  benchmark_client] Sending sample transaction 330
[2026-05-22T09:18:06.883Z INFO  benchmark_client] Sending sample transaction 331
[2026-05-22T09:18:06.933Z INFO  benchmark_client] Sending sample transaction 332
[2026-05-22T09:18:06.983Z INFO  benchmark_client] Sending sample transaction 333
[2026-05-22T09:18:07.032Z INFO  benchmark_client] Sending sample transaction 334
[2026-05-22T09:18:07.086Z INFO  benchmark_client] Sending sample transaction 335
[2026-05-22T09:18:07.133Z INFO  benchmark_client] Sending sample transaction 336
[2026-05-22T09:18:07.183Z INFO  benchmark_client] Sending sample transaction 337
[2026-05-22T09:18:07.235Z INFO  benchmark_client] Sending sample transaction 338
[2026-05-22T09:18:07.283Z INFO  benchmark_client] Sending sample transaction 339
[2026-05-22T09:18:07.333Z INFO  benchmark_client] Sending sample transaction 340
[2026-05-22T09:18:07.383Z INFO  benchmark_client] Sending sample transaction 341
[2026-05-22T09:18:07.432Z INFO  benchmark_client] Sending sample transaction 342
[2026-05-22T09:18:07.485Z INFO  benchmark_client] Sending sample transaction 343
[2026-05-22T09:18:07.533Z INFO  benchmark_client] Sending sample transaction 344
[2026-05-22T09:18:07.583Z INFO  benchmark_client] Sending sample transaction 345
[2026-05-22T09:18:07.633Z INFO  benchmark_client] Sending sample transaction 346
[2026-05-22T09:18:07.683Z INFO  benchmark_client] Sending sample transaction 347
[2026-05-22T09:18:07.733Z INFO  benchmark_client] Sending sample transaction 348
[2026-05-22T09:18:07.782Z INFO  benchmark_client] Sending sample transaction 349
[2026-05-22T09:18:07.834Z INFO  benchmark_client] Sending sample transaction 350
[2026-05-22T09:18:07.884Z INFO  benchmark_client] Sending sample transaction 351
[2026-05-22T09:18:07.933Z INFO  benchmark_client] Sending sample transaction 352
[2026-05-22T09:18:07.983Z INFO  benchmark_client] Sending sample transaction 353
[2026-05-22T09:18:08.033Z INFO  benchmark_client] Sending sample transaction 354
[2026-05-22T09:18:08.083Z INFO  benchmark_client] Sending sample transaction 355
[2026-05-22T09:18:08.133Z INFO  benchmark_client] Sending sample transaction 356
[2026-05-22T09:18:08.184Z INFO  benchmark_client] Sending sample transaction 357
[2026-05-22T09:18:08.233Z INFO  benchmark_client] Sending sample transaction 358
[2026-05-22T09:18:08.283Z INFO  benchmark_client] Sending sample transaction 359
[2026-05-22T09:18:08.333Z INFO  benchmark_client] Sending sample transaction 360
[2026-05-22T09:18:08.383Z INFO  benchmark_client] Sending sample transaction 361
[2026-05-22T09:18:08.433Z INFO  benchmark_client] Sending sample transaction 362
[2026-05-22T09:18:08.483Z INFO  benchmark_client] Sending sample transaction 363
[2026-05-22T09:18:08.533Z INFO  benchmark_client] Sending sample transaction 364
[2026-05-22T09:18:08.583Z INFO  benchmark_client] Sending sample transaction 365
[2026-05-22T09:18:08.633Z INFO  benchmark_client] Sending sample transaction 366
[2026-05-22T09:18:08.686Z INFO  benchmark_client] Sending sample transaction 367
[2026-05-22T09:18:08.733Z INFO  benchmark_client] Sending sample transaction 368
[2026-05-22T09:18:08.783Z INFO  benchmark_client] Sending sample transaction 369
[2026-05-22T09:18:08.833Z INFO  benchmark_client] Sending sample transaction 370
[2026-05-22T09:18:08.882Z INFO  benchmark_client] Sending sample transaction 371
[2026-05-22T09:18:08.933Z INFO  benchmark_client] Sending sample transaction 372
[2026-05-22T09:18:08.983Z INFO  benchmark_client] Sending sample transaction 373
[2026-05-22T09:18:09.033Z INFO  benchmark_client] Sending sample transaction 374
[2026-05-22T09:18:09.083Z INFO  benchmark_client] Sending sample transaction 375
[2026-05-22T09:18:09.135Z INFO  benchmark_client] Sending sample transaction 376
[2026-05-22T09:18:09.184Z INFO  benchmark_client] Sending sample transaction 377
[2026-05-22T09:18:09.233Z INFO  benchmark_client] Sending sample transaction 378
[2026-05-22T09:18:09.283Z INFO  benchmark_client] Sending sample transaction 379
[2026-05-22T09:18:09.332Z INFO  benchmark_client] Sending sample transaction 380
[2026-05-22T09:18:09.383Z INFO  benchmark_client] Sending sample transaction 381
[2026-05-22T09:18:09.433Z INFO  benchmark_client] Sending sample transaction 382
[2026-05-22T09:18:09.482Z INFO  benchmark_client] Sending sample transaction 383
[2026-05-22T09:18:09.533Z INFO  benchmark_client] Sending sample transaction 384
[2026-05-22T09:18:09.584Z INFO  benchmark_client] Sending sample transaction 385
[2026-05-22T09:18:09.633Z INFO  benchmark_client] Sending sample transaction 386
[2026-05-22T09:18:09.682Z INFO  benchmark_client] Sending sample transaction 387
[2026-05-22T09:18:09.733Z INFO  benchmark_client] Sending sample transaction 388
[2026-05-22T09:18:09.785Z INFO  benchmark_client] Sending sample transaction 389
[2026-05-22T09:18:09.833Z INFO  benchmark_client] Sending sample transaction 390
[2026-05-22T09:18:09.883Z INFO  benchmark_client] Sending sample transaction 391
[2026-05-22T09:18:09.933Z INFO  benchmark_client] Sending sample transaction 392
[2026-05-22T09:18:09.983Z INFO  benchmark_client] Sending sample transaction 393
[2026-05-22T09:18:10.037Z INFO  benchmark_client] Sending sample transaction 394
[2026-05-22T09:18:10.083Z INFO  benchmark_client] Sending sample transaction 395
[2026-05-22T09:18:10.135Z INFO  benchmark_client] Sending sample transaction 396
[2026-05-22T09:18:10.184Z INFO  benchmark_client] Sending sample transaction 397
[2026-05-22T09:18:10.233Z INFO  benchmark_client] Sending sample transaction 398
[2026-05-22T09:18:10.283Z INFO  benchmark_client] Sending sample transaction 399
[2026-05-22T09:18:10.332Z INFO  benchmark_client] Sending sample transaction 400
[2026-05-22T09:18:10.383Z INFO  benchmark_client] Sending sample transaction 401
[2026-05-22T09:18:10.433Z INFO  benchmark_client] Sending sample transaction 402
[2026-05-22T09:18:10.486Z INFO  benchmark_client] Sending sample transaction 403
[2026-05-22T09:18:10.534Z INFO  benchmark_client] Sending sample transaction 404
[2026-05-22T09:18:10.585Z INFO  benchmark_client] Sending sample transaction 405
[2026-05-22T09:18:10.633Z INFO  benchmark_client] Sending sample transaction 406
[2026-05-22T09:18:10.685Z INFO  benchmark_client] Sending sample transaction 407
[2026-05-22T09:18:10.733Z INFO  benchmark_client] Sending sample transaction 408
[2026-05-22T09:18:10.783Z INFO  benchmark_client] Sending sample transaction 409
[2026-05-22T09:18:10.835Z INFO  benchmark_client] Sending sample transaction 410
[2026-05-22T09:18:10.883Z INFO  benchmark_client] Sending sample transaction 411
[2026-05-22T09:18:10.933Z INFO  benchmark_client] Sending sample transaction 412
[2026-05-22T09:18:10.983Z INFO  benchmark_client] Sending sample transaction 413
[2026-05-22T09:18:11.033Z INFO  benchmark_client] Sending sample transaction 414
[2026-05-22T09:18:11.083Z INFO  benchmark_client] Sending sample transaction 415
[2026-05-22T09:18:11.134Z INFO  benchmark_client] Sending sample transaction 416
[2026-05-22T09:18:11.184Z INFO  benchmark_client] Sending sample transaction 417
[2026-05-22T09:18:11.233Z INFO  benchmark_client] Sending sample transaction 418
[2026-05-22T09:18:11.283Z INFO  benchmark_client] Sending sample transaction 419
[2026-05-22T09:18:11.334Z INFO  benchmark_client] Sending sample transaction 420
[2026-05-22T09:18:11.383Z INFO  benchmark_client] Sending sample transaction 421
[2026-05-22T09:18:11.434Z INFO  benchmark_client] Sending sample transaction 422
[2026-05-22T09:18:11.484Z INFO  benchmark_client] Sending sample transaction 423
[2026-05-22T09:18:11.535Z INFO  benchmark_client] Sending sample transaction 424
[2026-05-22T09:18:11.583Z INFO  benchmark_client] Sending sample transaction 425
[2026-05-22T09:18:11.636Z INFO  benchmark_client] Sending sample transaction 426
[2026-05-22T09:18:11.685Z INFO  benchmark_client] Sending sample transaction 427
[2026-05-22T09:18:11.733Z INFO  benchmark_client] Sending sample transaction 428
[2026-05-22T09:18:11.783Z INFO  benchmark_client] Sending sample transaction 429
[2026-05-22T09:18:11.834Z INFO  benchmark_client] Sending sample transaction 430
[2026-05-22T09:18:11.885Z INFO  benchmark_client] Sending sample transaction 431
[2026-05-22T09:18:11.934Z INFO  benchmark_client] Sending sample transaction 432
[2026-05-22T09:18:11.985Z INFO  benchmark_client] Sending sample transaction 433
[2026-05-22T09:18:12.033Z INFO  benchmark_client] Sending sample transaction 434
[2026-05-22T09:18:12.083Z INFO  benchmark_client] Sending sample transaction 435
[2026-05-22T09:18:12.133Z INFO  benchmark_client] Sending sample transaction 436
[2026-05-22T09:18:12.185Z INFO  benchmark_client] Sending sample transaction 437
[2026-05-22T09:18:12.234Z INFO  benchmark_client] Sending sample transaction 438
[2026-05-22T09:18:12.284Z INFO  benchmark_client] Sending sample transaction 439
[2026-05-22T09:18:12.337Z INFO  benchmark_client] Sending sample transaction 440
[2026-05-22T09:18:12.386Z INFO  benchmark_client] Sending sample transaction 441
[2026-05-22T09:18:12.434Z INFO  benchmark_client] Sending sample transaction 442
[2026-05-22T09:18:12.485Z INFO  benchmark_client] Sending sample transaction 443
[2026-05-22T09:18:12.535Z INFO  benchmark_client] Sending sample transaction 444
[2026-05-22T09:18:12.583Z INFO  benchmark_client] Sending sample transaction 445
[2026-05-22T09:18:12.636Z INFO  benchmark_client] Sending sample transaction 446
[2026-05-22T09:18:12.684Z INFO  benchmark_client] Sending sample transaction 447
[2026-05-22T09:18:12.733Z INFO  benchmark_client] Sending sample transaction 448
[2026-05-22T09:18:12.783Z INFO  benchmark_client] Sending sample transaction 449
[2026-05-22T09:18:12.837Z INFO  benchmark_client] Sending sample transaction 450
[2026-05-22T09:18:12.884Z INFO  benchmark_client] Sending sample transaction 451
[2026-05-22T09:18:12.933Z INFO  benchmark_client] Sending sample transaction 452
[2026-05-22T09:18:12.983Z INFO  benchmark_client] Sending sample transaction 453
[2026-05-22T09:18:13.034Z INFO  benchmark_client] Sending sample transaction 454
[2026-05-22T09:18:13.083Z INFO  benchmark_client] Sending sample transaction 455
[2026-05-22T09:18:13.133Z INFO  benchmark_client] Sending sample transaction 456
[2026-05-22T09:18:13.183Z INFO  benchmark_client] Sending sample transaction 457
[2026-05-22T09:18:13.233Z INFO  benchmark_client] Sending sample transaction 458
[2026-05-22T09:18:13.283Z INFO  benchmark_client] Sending sample transaction 459
[2026-05-22T09:18:13.335Z INFO  benchmark_client] Sending sample transaction 460
[2026-05-22T09:18:13.386Z INFO  benchmark_client] Sending sample transaction 461
[2026-05-22T09:18:13.433Z INFO  benchmark_client] Sending sample transaction 462
[2026-05-22T09:18:13.483Z INFO  benchmark_client] Sending sample transaction 463
[2026-05-22T09:18:13.533Z INFO  benchmark_client] Sending sample transaction 464
[2026-05-22T09:18:13.583Z INFO  benchmark_client] Sending sample transaction 465
[2026-05-22T09:18:13.633Z INFO  benchmark_client] Sending sample transaction 466
[2026-05-22T09:18:13.683Z INFO  benchmark_client] Sending sample transaction 467
[2026-05-22T09:18:13.733Z INFO  benchmark_client] Sending sample transaction 468
[2026-05-22T09:18:13.783Z INFO  benchmark_client] Sending sample transaction 469
[2026-05-22T09:18:13.833Z INFO  benchmark_client] Sending sample transaction 470
[2026-05-22T09:18:13.884Z INFO  benchmark_client] Sending sample transaction 471
[2026-05-22T09:18:13.933Z INFO  benchmark_client] Sending sample transaction 472
[2026-05-22T09:18:13.983Z INFO  benchmark_client] Sending sample transaction 473
[2026-05-22T09:18:14.033Z INFO  benchmark_client] Sending sample transaction 474
[2026-05-22T09:18:14.083Z INFO  benchmark_client] Sending sample transaction 475
[2026-05-22T09:18:14.133Z INFO  benchmark_client] Sending sample transaction 476
[2026-05-22T09:18:14.183Z INFO  benchmark_client] Sending sample transaction 477
[2026-05-22T09:18:14.234Z INFO  benchmark_client] Sending sample transaction 478
[2026-05-22T09:18:14.283Z INFO  benchmark_client] Sending sample transaction 479
[2026-05-22T09:18:14.333Z INFO  benchmark_client] Sending sample transaction 480
[2026-05-22T09:18:14.388Z INFO  benchmark_client] Sending sample transaction 481
[2026-05-22T09:18:14.433Z INFO  benchmark_client] Sending sample transaction 482
[2026-05-22T09:18:14.483Z INFO  benchmark_client] Sending sample transaction 483
[2026-05-22T09:18:14.533Z INFO  benchmark_client] Sending sample transaction 484
[2026-05-22T09:18:14.583Z INFO  benchmark_client] Sending sample transaction 485
[2026-05-22T09:18:14.633Z INFO  benchmark_client] Sending sample transaction 486
[2026-05-22T09:18:14.685Z INFO  benchmark_client] Sending sample transaction 487
[2026-05-22T09:18:14.733Z INFO  benchmark_client] Sending sample transaction 488
[2026-05-22T09:18:14.783Z INFO  benchmark_client] Sending sample transaction 489
[2026-05-22T09:18:14.833Z INFO  benchmark_client] Sending sample transaction 490
[2026-05-22T09:18:14.885Z INFO  benchmark_client] Sending sample transaction 491
[2026-05-22T09:18:14.933Z INFO  benchmark_client] Sending sample transaction 492
[2026-05-22T09:18:14.983Z INFO  benchmark_client] Sending sample transaction 493
[2026-05-22T09:18:15.032Z INFO  benchmark_client] Sending sample transaction 494
[2026-05-22T09:18:15.083Z INFO  benchmark_client] Sending sample transaction 495
[2026-05-22T09:18:15.133Z INFO  benchmark_client] Sending sample transaction 496
[2026-05-22T09:18:15.183Z INFO  benchmark_client] Sending sample transaction 497
[2026-05-22T09:18:15.233Z INFO  benchmark_client] Sending sample transaction 498
[2026-05-22T09:18:15.283Z INFO  benchmark_client] Sending sample transaction 499
[2026-05-22T09:18:15.333Z INFO  benchmark_client] Sending sample transaction 500
[2026-05-22T09:18:15.383Z INFO  benchmark_client] Sending sample transaction 501
[2026-05-22T09:18:15.433Z INFO  benchmark_client] Sending sample transaction 502
[2026-05-22T09:18:15.483Z INFO  benchmark_client] Sending sample transaction 503
[2026-05-22T09:18:15.533Z INFO  benchmark_client] Sending sample transaction 504
[2026-05-22T09:18:15.583Z INFO  benchmark_client] Sending sample transaction 505
[2026-05-22T09:18:15.633Z INFO  benchmark_client] Sending sample transaction 506
[2026-05-22T09:18:15.683Z INFO  benchmark_client] Sending sample transaction 507
[2026-05-22T09:18:15.735Z INFO  benchmark_client] Sending sample transaction 508
[2026-05-22T09:18:15.785Z INFO  benchmark_client] Sending sample transaction 509
[2026-05-22T09:18:15.833Z INFO  benchmark_client] Sending sample transaction 510
[2026-05-22T09:18:15.883Z INFO  benchmark_client] Sending sample transaction 511
[2026-05-22T09:18:15.933Z INFO  benchmark_client] Sending sample transaction 512
[2026-05-22T09:18:15.985Z INFO  benchmark_client] Sending sample transaction 513
[2026-05-22T09:18:16.033Z INFO  benchmark_client] Sending sample transaction 514
[2026-05-22T09:18:16.083Z INFO  benchmark_client] Sending sample transaction 515
[2026-05-22T09:18:16.133Z INFO  benchmark_client] Sending sample transaction 516
[2026-05-22T09:18:16.184Z INFO  benchmark_client] Sending sample transaction 517
[2026-05-22T09:18:16.233Z INFO  benchmark_client] Sending sample transaction 518
[2026-05-22T09:18:16.284Z INFO  benchmark_client] Sending sample transaction 519
[2026-05-22T09:18:16.334Z INFO  benchmark_client] Sending sample transaction 520
[2026-05-22T09:18:16.383Z INFO  benchmark_client] Sending sample transaction 521
[2026-05-22T09:18:16.433Z INFO  benchmark_client] Sending sample transaction 522
[2026-05-22T09:18:16.483Z INFO  benchmark_client] Sending sample transaction 523
[2026-05-22T09:18:16.533Z INFO  benchmark_client] Sending sample transaction 524
[2026-05-22T09:18:16.584Z INFO  benchmark_client] Sending sample transaction 525
[2026-05-22T09:18:16.633Z INFO  benchmark_client] Sending sample transaction 526
[2026-05-22T09:18:16.683Z INFO  benchmark_client] Sending sample transaction 527
[2026-05-22T09:18:16.736Z INFO  benchmark_client] Sending sample transaction 528
[2026-05-22T09:18:16.783Z INFO  benchmark_client] Sending sample transaction 529
[2026-05-22T09:18:16.833Z INFO  benchmark_client] Sending sample transaction 530
[2026-05-22T09:18:16.883Z INFO  benchmark_client] Sending sample transaction 531
[2026-05-22T09:18:16.933Z INFO  benchmark_client] Sending sample transaction 532
[2026-05-22T09:18:16.984Z INFO  benchmark_client] Sending sample transaction 533
[2026-05-22T09:18:17.036Z INFO  benchmark_client] Sending sample transaction 534
[2026-05-22T09:18:17.084Z INFO  benchmark_client] Sending sample transaction 535
[2026-05-22T09:18:17.134Z INFO  benchmark_client] Sending sample transaction 536
[2026-05-22T09:18:17.182Z INFO  benchmark_client] Sending sample transaction 537
[2026-05-22T09:18:17.233Z INFO  benchmark_client] Sending sample transaction 538
[2026-05-22T09:18:17.284Z INFO  benchmark_client] Sending sample transaction 539
[2026-05-22T09:18:17.333Z INFO  benchmark_client] Sending sample transaction 540
[2026-05-22T09:18:17.383Z INFO  benchmark_client] Sending sample transaction 541
[2026-05-22T09:18:17.433Z INFO  benchmark_client] Sending sample transaction 542
[2026-05-22T09:18:17.484Z INFO  benchmark_client] Sending sample transaction 543
[2026-05-22T09:18:17.533Z INFO  benchmark_client] Sending sample transaction 544
[2026-05-22T09:18:17.585Z INFO  benchmark_client] Sending sample transaction 545
[2026-05-22T09:18:17.633Z INFO  benchmark_client] Sending sample transaction 546
[2026-05-22T09:18:17.683Z INFO  benchmark_client] Sending sample transaction 547
[2026-05-22T09:18:17.736Z INFO  benchmark_client] Sending sample transaction 548
[2026-05-22T09:18:17.788Z INFO  benchmark_client] Sending sample transaction 549
[2026-05-22T09:18:17.833Z INFO  benchmark_client] Sending sample transaction 550
[2026-05-22T09:18:17.883Z INFO  benchmark_client] Sending sample transaction 551
[2026-05-22T09:18:17.933Z INFO  benchmark_client] Sending sample transaction 552
[2026-05-22T09:18:17.983Z INFO  benchmark_client] Sending sample transaction 553
[2026-05-22T09:18:18.038Z INFO  benchmark_client] Sending sample transaction 554
[2026-05-22T09:18:18.083Z INFO  benchmark_client] Sending sample transaction 555
[2026-05-22T09:18:18.133Z INFO  benchmark_client] Sending sample transaction 556
[2026-05-22T09:18:18.183Z INFO  benchmark_client] Sending sample transaction 557
[2026-05-22T09:18:18.233Z INFO  benchmark_client] Sending sample transaction 558
[2026-05-22T09:18:18.283Z INFO  benchmark_client] Sending sample transaction 559
[2026-05-22T09:18:18.335Z INFO  benchmark_client] Sending sample transaction 560
[2026-05-22T09:18:18.385Z INFO  benchmark_client] Sending sample transaction 561
[2026-05-22T09:18:18.433Z INFO  benchmark_client] Sending sample transaction 562
[2026-05-22T09:18:18.483Z INFO  benchmark_client] Sending sample transaction 563
[2026-05-22T09:18:18.535Z INFO  benchmark_client] Sending sample transaction 564
[2026-05-22T09:18:18.583Z INFO  benchmark_client] Sending sample transaction 565
[2026-05-22T09:18:18.633Z INFO  benchmark_client] Sending sample transaction 566
[2026-05-22T09:18:18.685Z INFO  benchmark_client] Sending sample transaction 567
[2026-05-22T09:18:18.733Z INFO  benchmark_client] Sending sample transaction 568
[2026-05-22T09:18:18.783Z INFO  benchmark_client] Sending sample transaction 569
[2026-05-22T09:18:18.833Z INFO  benchmark_client] Sending sample transaction 570
[2026-05-22T09:18:18.883Z INFO  benchmark_client] Sending sample transaction 571
[2026-05-22T09:18:18.933Z INFO  benchmark_client] Sending sample transaction 572
[2026-05-22T09:18:18.985Z INFO  benchmark_client] Sending sample transaction 573
[2026-05-22T09:18:19.033Z INFO  benchmark_client] Sending sample transaction 574
[2026-05-22T09:18:19.083Z INFO  benchmark_client] Sending sample transaction 575
[2026-05-22T09:18:19.133Z INFO  benchmark_client] Sending sample transaction 576
[2026-05-22T09:18:19.183Z INFO  benchmark_client] Sending sample transaction 577
[2026-05-22T09:18:19.234Z INFO  benchmark_client] Sending sample transaction 578
[2026-05-22T09:18:19.283Z INFO  benchmark_client] Sending sample transaction 579
[2026-05-22T09:18:19.333Z INFO  benchmark_client] Sending sample transaction 580
[2026-05-22T09:18:19.384Z INFO  benchmark_client] Sending sample transaction 581
[2026-05-22T09:18:19.437Z INFO  benchmark_client] Sending sample transaction 582
[2026-05-22T09:18:19.483Z INFO  benchmark_client] Sending sample transaction 583
[2026-05-22T09:18:19.533Z INFO  benchmark_client] Sending sample transaction 584
[2026-05-22T09:18:19.583Z INFO  benchmark_client] Sending sample transaction 585
[2026-05-22T09:18:19.634Z INFO  benchmark_client] Sending sample transaction 586
[2026-05-22T09:18:19.685Z INFO  benchmark_client] Sending sample transaction 587
[2026-05-22T09:18:19.733Z INFO  benchmark_client] Sending sample transaction 588
[2026-05-22T09:18:19.783Z INFO  benchmark_client] Sending sample transaction 589
[2026-05-22T09:18:19.833Z INFO  benchmark_client] Sending sample transaction 590
[2026-05-22T09:18:19.883Z INFO  benchmark_client] Sending sample transaction 591
[2026-05-22T09:18:19.933Z INFO  benchmark_client] Sending sample transaction 592
[2026-05-22T09:18:19.983Z INFO  benchmark_client] Sending sample transaction 593
[2026-05-22T09:18:20.033Z INFO  benchmark_client] Sending sample transaction 594
[2026-05-22T09:18:20.086Z INFO  benchmark_client] Sending sample transaction 595
[2026-05-22T09:18:20.133Z INFO  benchmark_client] Sending sample transaction 596
[2026-05-22T09:18:20.183Z INFO  benchmark_client] Sending sample transaction 597
[2026-05-22T09:18:20.235Z INFO  benchmark_client] Sending sample transaction 598
[2026-05-22T09:18:20.283Z INFO  benchmark_client] Sending sample transaction 599
[2026-05-22T09:18:20.334Z INFO  benchmark_client] Sending sample transaction 600
[2026-05-22T09:18:20.383Z INFO  benchmark_client] Sending sample transaction 601
[2026-05-22T09:18:20.433Z INFO  benchmark_client] Sending sample transaction 602
[2026-05-22T09:18:20.483Z INFO  benchmark_client] Sending sample transaction 603
[2026-05-22T09:18:20.533Z INFO  benchmark_client] Sending sample transaction 604
[2026-05-22T09:18:20.583Z INFO  benchmark_client] Sending sample transaction 605
[2026-05-22T09:18:20.633Z INFO  benchmark_client] Sending sample transaction 606
[2026-05-22T09:18:20.683Z INFO  benchmark_client] Sending sample transaction 607
[2026-05-22T09:18:20.736Z INFO  benchmark_client] Sending sample transaction 608
[2026-05-22T09:18:20.783Z INFO  benchmark_client] Sending sample transaction 609
[2026-05-22T09:18:20.833Z INFO  benchmark_client] Sending sample transaction 610
[2026-05-22T09:18:20.883Z INFO  benchmark_client] Sending sample transaction 611
[2026-05-22T09:18:20.933Z INFO  benchmark_client] Sending sample transaction 612
[2026-05-22T09:18:20.983Z INFO  benchmark_client] Sending sample transaction 613
[2026-05-22T09:18:21.033Z INFO  benchmark_client] Sending sample transaction 614
[2026-05-22T09:18:21.084Z INFO  benchmark_client] Sending sample transaction 615
[2026-05-22T09:18:21.134Z INFO  benchmark_client] Sending sample transaction 616
[2026-05-22T09:18:21.183Z INFO  benchmark_client] Sending sample transaction 617
[2026-05-22T09:18:21.235Z INFO  benchmark_client] Sending sample transaction 618
[2026-05-22T09:18:21.284Z INFO  benchmark_client] Sending sample transaction 619
[2026-05-22T09:18:21.333Z INFO  benchmark_client] Sending sample transaction 620
[2026-05-22T09:18:21.383Z INFO  benchmark_client] Sending sample transaction 621
[2026-05-22T09:18:21.433Z INFO  benchmark_client] Sending sample transaction 622
[2026-05-22T09:18:21.483Z INFO  benchmark_client] Sending sample transaction 623
[2026-05-22T09:18:21.535Z INFO  benchmark_client] Sending sample transaction 624
[2026-05-22T09:18:21.583Z INFO  benchmark_client] Sending sample transaction 625
[2026-05-22T09:18:21.633Z INFO  benchmark_client] Sending sample transaction 626
[2026-05-22T09:18:21.684Z INFO  benchmark_client] Sending sample transaction 627
[2026-05-22T09:18:21.733Z INFO  benchmark_client] Sending sample transaction 628
[2026-05-22T09:18:21.783Z INFO  benchmark_client] Sending sample transaction 629
[2026-05-22T09:18:21.833Z INFO  benchmark_client] Sending sample transaction 630
[2026-05-22T09:18:21.883Z INFO  benchmark_client] Sending sample transaction 631
[2026-05-22T09:18:21.933Z INFO  benchmark_client] Sending sample transaction 632
[2026-05-22T09:18:21.983Z INFO  benchmark_client] Sending sample transaction 633
[2026-05-22T09:18:22.033Z INFO  benchmark_client] Sending sample transaction 634
[2026-05-22T09:18:22.083Z INFO  benchmark_client] Sending sample transaction 635
[2026-05-22T09:18:22.133Z INFO  benchmark_client] Sending sample transaction 636
[2026-05-22T09:18:22.183Z INFO  benchmark_client] Sending sample transaction 637
[2026-05-22T09:18:22.233Z INFO  benchmark_client] Sending sample transaction 638
[2026-05-22T09:18:22.284Z INFO  benchmark_client] Sending sample transaction 639
[2026-05-22T09:18:22.333Z INFO  benchmark_client] Sending sample transaction 640
[2026-05-22T09:18:22.385Z INFO  benchmark_client] Sending sample transaction 641
[2026-05-22T09:18:22.433Z INFO  benchmark_client] Sending sample transaction 642
[2026-05-22T09:18:22.483Z INFO  benchmark_client] Sending sample transaction 643
[2026-05-22T09:18:22.533Z INFO  benchmark_client] Sending sample transaction 644
[2026-05-22T09:18:22.583Z INFO  benchmark_client] Sending sample transaction 645
[2026-05-22T09:18:22.633Z INFO  benchmark_client] Sending sample transaction 646
[2026-05-22T09:18:22.683Z INFO  benchmark_client] Sending sample transaction 647
[2026-05-22T09:18:22.735Z INFO  benchmark_client] Sending sample transaction 648
[2026-05-22T09:18:22.785Z INFO  benchmark_client] Sending sample transaction 649
[2026-05-22T09:18:22.833Z INFO  benchmark_client] Sending sample transaction 650
[2026-05-22T09:18:22.883Z INFO  benchmark_client] Sending sample transaction 651
[2026-05-22T09:18:22.933Z INFO  benchmark_client] Sending sample transaction 652
[2026-05-22T09:18:22.983Z INFO  benchmark_client] Sending sample transaction 653
[2026-05-22T09:18:23.033Z INFO  benchmark_client] Sending sample transaction 654
[2026-05-22T09:18:23.085Z INFO  benchmark_client] Sending sample transaction 655
[2026-05-22T09:18:23.134Z INFO  benchmark_client] Sending sample transaction 656
[2026-05-22T09:18:23.184Z INFO  benchmark_client] Sending sample transaction 657
[2026-05-22T09:18:23.233Z INFO  benchmark_client] Sending sample transaction 658
[2026-05-22T09:18:23.283Z INFO  benchmark_client] Sending sample transaction 659
[2026-05-22T09:18:23.333Z INFO  benchmark_client] Sending sample transaction 660
[2026-05-22T09:18:23.383Z INFO  benchmark_client] Sending sample transaction 661
[2026-05-22T09:18:23.433Z INFO  benchmark_client] Sending sample transaction 662
[2026-05-22T09:18:23.483Z INFO  benchmark_client] Sending sample transaction 663
[2026-05-22T09:18:23.533Z INFO  benchmark_client] Sending sample transaction 664
[2026-05-22T09:18:23.584Z INFO  benchmark_client] Sending sample transaction 665
[2026-05-22T09:18:23.633Z INFO  benchmark_client] Sending sample transaction 666
[2026-05-22T09:18:23.683Z INFO  benchmark_client] Sending sample transaction 667
[2026-05-22T09:18:23.736Z INFO  benchmark_client] Sending sample transaction 668
[2026-05-22T09:18:23.786Z INFO  benchmark_client] Sending sample transaction 669
[2026-05-22T09:18:23.834Z INFO  benchmark_client] Sending sample transaction 670
[2026-05-22T09:18:23.884Z INFO  benchmark_client] Sending sample transaction 671
[2026-05-22T09:18:23.933Z INFO  benchmark_client] Sending sample transaction 672
[2026-05-22T09:18:23.986Z INFO  benchmark_client] Sending sample transaction 673
[2026-05-22T09:18:24.034Z INFO  benchmark_client] Sending sample transaction 674
[2026-05-22T09:18:24.083Z INFO  benchmark_client] Sending sample transaction 675
[2026-05-22T09:18:24.134Z INFO  benchmark_client] Sending sample transaction 676
[2026-05-22T09:18:24.183Z INFO  benchmark_client] Sending sample transaction 677
[2026-05-22T09:18:24.233Z INFO  benchmark_client] Sending sample transaction 678
[2026-05-22T09:18:24.285Z INFO  benchmark_client] Sending sample transaction 679
[2026-05-22T09:18:24.338Z INFO  benchmark_client] Sending sample transaction 680
[2026-05-22T09:18:24.384Z INFO  benchmark_client] Sending sample transaction 681
[2026-05-22T09:18:24.434Z INFO  benchmark_client] Sending sample transaction 682
[2026-05-22T09:18:24.483Z INFO  benchmark_client] Sending sample transaction 683
[2026-05-22T09:18:24.535Z INFO  benchmark_client] Sending sample transaction 684
[2026-05-22T09:18:24.585Z INFO  benchmark_client] Sending sample transaction 685
[2026-05-22T09:18:24.635Z INFO  benchmark_client] Sending sample transaction 686
[2026-05-22T09:18:24.683Z INFO  benchmark_client] Sending sample transaction 687
[2026-05-22T09:18:24.733Z INFO  benchmark_client] Sending sample transaction 688
[2026-05-22T09:18:24.785Z INFO  benchmark_client] Sending sample transaction 689
[2026-05-22T09:18:24.836Z INFO  benchmark_client] Sending sample transaction 690
[2026-05-22T09:18:24.883Z INFO  benchmark_client] Sending sample transaction 691
[2026-05-22T09:18:24.934Z INFO  benchmark_client] Sending sample transaction 692
[2026-05-22T09:18:24.984Z INFO  benchmark_client] Sending sample transaction 693
[2026-05-22T09:18:25.033Z INFO  benchmark_client] Sending sample transaction 694
[2026-05-22T09:18:25.083Z INFO  benchmark_client] Sending sample transaction 695
[2026-05-22T09:18:25.134Z INFO  benchmark_client] Sending sample transaction 696
[2026-05-22T09:18:25.185Z INFO  benchmark_client] Sending sample transaction 697
[2026-05-22T09:18:25.234Z INFO  benchmark_client] Sending sample transaction 698
[2026-05-22T09:18:25.283Z INFO  benchmark_client] Sending sample transaction 699
[2026-05-22T09:18:25.335Z INFO  benchmark_client] Sending sample transaction 700
[2026-05-22T09:18:25.383Z INFO  benchmark_client] Sending sample transaction 701
[2026-05-22T09:18:25.435Z INFO  benchmark_client] Sending sample transaction 702
[2026-05-22T09:18:25.483Z INFO  benchmark_client] Sending sample transaction 703
[2026-05-22T09:18:25.534Z INFO  benchmark_client] Sending sample transaction 704
[2026-05-22T09:18:25.584Z INFO  benchmark_client] Sending sample transaction 705
[2026-05-22T09:18:25.633Z INFO  benchmark_client] Sending sample transaction 706
[2026-05-22T09:18:25.687Z INFO  benchmark_client] Sending sample transaction 707
[2026-05-22T09:18:25.735Z INFO  benchmark_client] Sending sample transaction 708
[2026-05-22T09:18:25.789Z INFO  benchmark_client] Sending sample transaction 709
[2026-05-22T09:18:25.835Z INFO  benchmark_client] Sending sample transaction 710
[2026-05-22T09:18:25.883Z INFO  benchmark_client] Sending sample transaction 711
[2026-05-22T09:18:25.936Z INFO  benchmark_client] Sending sample transaction 712
[2026-05-22T09:18:25.984Z INFO  benchmark_client] Sending sample transaction 713
[2026-05-22T09:18:26.033Z INFO  benchmark_client] Sending sample transaction 714
[2026-05-22T09:18:26.089Z INFO  benchmark_client] Sending sample transaction 715
[2026-05-22T09:18:26.133Z INFO  benchmark_client] Sending sample transaction 716
[2026-05-22T09:18:26.187Z INFO  benchmark_client] Sending sample transaction 717
[2026-05-22T09:18:26.235Z INFO  benchmark_client] Sending sample transaction 718
[2026-05-22T09:18:26.284Z INFO  benchmark_client] Sending sample transaction 719
[2026-05-22T09:18:26.333Z INFO  benchmark_client] Sending sample transaction 720
[2026-05-22T09:18:26.383Z INFO  benchmark_client] Sending sample transaction 721
[2026-05-22T09:18:26.434Z INFO  benchmark_client] Sending sample transaction 722
[2026-05-22T09:18:26.484Z INFO  benchmark_client] Sending sample transaction 723
[2026-05-22T09:18:26.533Z INFO  benchmark_client] Sending sample transaction 724
[2026-05-22T09:18:26.588Z INFO  benchmark_client] Sending sample transaction 725
[2026-05-22T09:18:26.633Z INFO  benchmark_client] Sending sample transaction 726
[2026-05-22T09:18:26.683Z INFO  benchmark_client] Sending sample transaction 727
[2026-05-22T09:18:26.733Z INFO  benchmark_client] Sending sample transaction 728
[2026-05-22T09:18:26.784Z INFO  benchmark_client] Sending sample transaction 729
[2026-05-22T09:18:26.833Z INFO  benchmark_client] Sending sample transaction 730
[2026-05-22T09:18:26.886Z INFO  benchmark_client] Sending sample transaction 731
[2026-05-22T09:18:26.933Z INFO  benchmark_client] Sending sample transaction 732
[2026-05-22T09:18:26.983Z INFO  benchmark_client] Sending sample transaction 733
[2026-05-22T09:18:27.033Z INFO  benchmark_client] Sending sample transaction 734
[2026-05-22T09:18:27.085Z INFO  benchmark_client] Sending sample transaction 735
[2026-05-22T09:18:27.135Z INFO  benchmark_client] Sending sample transaction 736
[2026-05-22T09:18:27.183Z INFO  benchmark_client] Sending sample transaction 737
[2026-05-22T09:18:27.234Z INFO  benchmark_client] Sending sample transaction 738
[2026-05-22T09:18:27.284Z INFO  benchmark_client] Sending sample transaction 739
[2026-05-22T09:18:27.338Z INFO  benchmark_client] Sending sample transaction 740
[2026-05-22T09:18:27.383Z INFO  benchmark_client] Sending sample transaction 741
[2026-05-22T09:18:27.434Z INFO  benchmark_client] Sending sample transaction 742
[2026-05-22T09:18:27.483Z INFO  benchmark_client] Sending sample transaction 743
[2026-05-22T09:18:27.533Z INFO  benchmark_client] Sending sample transaction 744
[2026-05-22T09:18:27.584Z INFO  benchmark_client] Sending sample transaction 745
[2026-05-22T09:18:27.633Z INFO  benchmark_client] Sending sample transaction 746
[2026-05-22T09:18:27.684Z INFO  benchmark_client] Sending sample transaction 747
[2026-05-22T09:18:27.734Z INFO  benchmark_client] Sending sample transaction 748
[2026-05-22T09:18:27.789Z INFO  benchmark_client] Sending sample transaction 749
[2026-05-22T09:18:27.834Z INFO  benchmark_client] Sending sample transaction 750
[2026-05-22T09:18:27.885Z INFO  benchmark_client] Sending sample transaction 751
[2026-05-22T09:18:27.935Z INFO  benchmark_client] Sending sample transaction 752
[2026-05-22T09:18:27.983Z INFO  benchmark_client] Sending sample transaction 753
[2026-05-22T09:18:28.033Z INFO  benchmark_client] Sending sample transaction 754
[2026-05-22T09:18:28.083Z INFO  benchmark_client] Sending sample transaction 755
[2026-05-22T09:18:28.133Z INFO  benchmark_client] Sending sample transaction 756
[2026-05-22T09:18:28.186Z INFO  benchmark_client] Sending sample transaction 757
[2026-05-22T09:18:28.233Z INFO  benchmark_client] Sending sample transaction 758
[2026-05-22T09:18:28.285Z INFO  benchmark_client] Sending sample transaction 759
[2026-05-22T09:18:28.333Z INFO  benchmark_client] Sending sample transaction 760
[2026-05-22T09:18:28.385Z INFO  benchmark_client] Sending sample transaction 761
[2026-05-22T09:18:28.434Z INFO  benchmark_client] Sending sample transaction 762
[2026-05-22T09:18:28.485Z INFO  benchmark_client] Sending sample transaction 763
[2026-05-22T09:18:28.535Z INFO  benchmark_client] Sending sample transaction 764
[2026-05-22T09:18:28.587Z INFO  benchmark_client] Sending sample transaction 765
[2026-05-22T09:18:28.636Z INFO  benchmark_client] Sending sample transaction 766
[2026-05-22T09:18:28.683Z INFO  benchmark_client] Sending sample transaction 767
[2026-05-22T09:18:28.734Z INFO  benchmark_client] Sending sample transaction 768
[2026-05-22T09:18:28.784Z INFO  benchmark_client] Sending sample transaction 769
[2026-05-22T09:18:28.838Z INFO  benchmark_client] Sending sample transaction 770
[2026-05-22T09:18:28.885Z INFO  benchmark_client] Sending sample transaction 771
[2026-05-22T09:18:28.939Z INFO  benchmark_client] Sending sample transaction 772
[2026-05-22T09:18:28.985Z INFO  benchmark_client] Sending sample transaction 773
[2026-05-22T09:18:29.035Z INFO  benchmark_client] Sending sample transaction 774
[2026-05-22T09:18:29.085Z INFO  benchmark_client] Sending sample transaction 775
[2026-05-22T09:18:29.133Z INFO  benchmark_client] Sending sample transaction 776
[2026-05-22T09:18:29.188Z INFO  benchmark_client] Sending sample transaction 777
[2026-05-22T09:18:29.236Z INFO  benchmark_client] Sending sample transaction 778
[2026-05-22T09:18:29.284Z INFO  benchmark_client] Sending sample transaction 779
[2026-05-22T09:18:29.334Z INFO  benchmark_client] Sending sample transaction 780
[2026-05-22T09:18:29.385Z INFO  benchmark_client] Sending sample transaction 781
[2026-05-22T09:18:29.434Z INFO  benchmark_client] Sending sample transaction 782
[2026-05-22T09:18:29.485Z INFO  benchmark_client] Sending sample transaction 783
[2026-05-22T09:18:29.536Z INFO  benchmark_client] Sending sample transaction 784
[2026-05-22T09:18:29.583Z INFO  benchmark_client] Sending sample transaction 785
[2026-05-22T09:18:29.634Z INFO  benchmark_client] Sending sample transaction 786
[2026-05-22T09:18:29.684Z INFO  benchmark_client] Sending sample transaction 787
[2026-05-22T09:18:29.734Z INFO  benchmark_client] Sending sample transaction 788
[2026-05-22T09:18:29.784Z INFO  benchmark_client] Sending sample transaction 789
[2026-05-22T09:18:29.835Z INFO  benchmark_client] Sending sample transaction 790
[2026-05-22T09:18:29.885Z INFO  benchmark_client] Sending sample transaction 791
[2026-05-22T09:18:29.933Z INFO  benchmark_client] Sending sample transaction 792
[2026-05-22T09:18:29.984Z INFO  benchmark_client] Sending sample transaction 793
[2026-05-22T09:18:30.036Z INFO  benchmark_client] Sending sample transaction 794
[2026-05-22T09:18:30.085Z INFO  benchmark_client] Sending sample transaction 795
[2026-05-22T09:18:30.134Z INFO  benchmark_client] Sending sample transaction 796
[2026-05-22T09:18:30.186Z INFO  benchmark_client] Sending sample transaction 797
[2026-05-22T09:18:30.234Z INFO  benchmark_client] Sending sample transaction 798
[2026-05-22T09:18:30.283Z INFO  benchmark_client] Sending sample transaction 799
[2026-05-22T09:18:30.334Z INFO  benchmark_client] Sending sample transaction 800
[2026-05-22T09:18:30.383Z INFO  benchmark_client] Sending sample transaction 801
[2026-05-22T09:18:30.433Z INFO  benchmark_client] Sending sample transaction 802
[2026-05-22T09:18:30.484Z INFO  benchmark_client] Sending sample transaction 803
[2026-05-22T09:18:30.533Z INFO  benchmark_client] Sending sample transaction 804
[2026-05-22T09:18:30.583Z INFO  benchmark_client] Sending sample transaction 805
[2026-05-22T09:18:30.633Z INFO  benchmark_client] Sending sample transaction 806
[2026-05-22T09:18:30.686Z INFO  benchmark_client] Sending sample transaction 807
[2026-05-22T09:18:30.733Z INFO  benchmark_client] Sending sample transaction 808
[2026-05-22T09:18:30.783Z INFO  benchmark_client] Sending sample transaction 809
[2026-05-22T09:18:30.833Z INFO  benchmark_client] Sending sample transaction 810
[2026-05-22T09:18:30.883Z INFO  benchmark_client] Sending sample transaction 811
[2026-05-22T09:18:30.934Z INFO  benchmark_client] Sending sample transaction 812
[2026-05-22T09:18:30.983Z INFO  benchmark_client] Sending sample transaction 813
[2026-05-22T09:18:31.033Z INFO  benchmark_client] Sending sample transaction 814
[2026-05-22T09:18:31.083Z INFO  benchmark_client] Sending sample transaction 815
[2026-05-22T09:18:31.134Z INFO  benchmark_client] Sending sample transaction 816
[2026-05-22T09:18:31.184Z INFO  benchmark_client] Sending sample transaction 817
[2026-05-22T09:18:31.233Z INFO  benchmark_client] Sending sample transaction 818
[2026-05-22T09:18:31.283Z INFO  benchmark_client] Sending sample transaction 819
[2026-05-22T09:18:31.335Z INFO  benchmark_client] Sending sample transaction 820
[2026-05-22T09:18:31.386Z INFO  benchmark_client] Sending sample transaction 821
[2026-05-22T09:18:31.433Z INFO  benchmark_client] Sending sample transaction 822
[2026-05-22T09:18:31.485Z INFO  benchmark_client] Sending sample transaction 823
[2026-05-22T09:18:31.534Z INFO  benchmark_client] Sending sample transaction 824
[2026-05-22T09:18:31.583Z INFO  benchmark_client] Sending sample transaction 825
[2026-05-22T09:18:31.634Z INFO  benchmark_client] Sending sample transaction 826
[2026-05-22T09:18:31.683Z INFO  benchmark_client] Sending sample transaction 827
[2026-05-22T09:18:31.734Z INFO  benchmark_client] Sending sample transaction 828
[2026-05-22T09:18:31.784Z INFO  benchmark_client] Sending sample transaction 829
[2026-05-22T09:18:31.834Z INFO  benchmark_client] Sending sample transaction 830
[2026-05-22T09:18:31.885Z INFO  benchmark_client] Sending sample transaction 831
[2026-05-22T09:18:31.938Z INFO  benchmark_client] Sending sample transaction 832
[2026-05-22T09:18:31.986Z INFO  benchmark_client] Sending sample transaction 833
[2026-05-22T09:18:32.037Z INFO  benchmark_client] Sending sample transaction 834
[2026-05-22T09:18:32.083Z INFO  benchmark_client] Sending sample transaction 835
[2026-05-22T09:18:32.134Z INFO  benchmark_client] Sending sample transaction 836
[2026-05-22T09:18:32.185Z INFO  benchmark_client] Sending sample transaction 837
[2026-05-22T09:18:32.235Z INFO  benchmark_client] Sending sample transaction 838
[2026-05-22T09:18:32.285Z INFO  benchmark_client] Sending sample transaction 839
[2026-05-22T09:18:32.334Z INFO  benchmark_client] Sending sample transaction 840
[2026-05-22T09:18:32.386Z INFO  benchmark_client] Sending sample transaction 841
[2026-05-22T09:18:32.433Z INFO  benchmark_client] Sending sample transaction 842
[2026-05-22T09:18:32.483Z INFO  benchmark_client] Sending sample transaction 843
[2026-05-22T09:18:32.537Z INFO  benchmark_client] Sending sample transaction 844
[2026-05-22T09:18:32.584Z INFO  benchmark_client] Sending sample transaction 845
[2026-05-22T09:18:32.636Z INFO  benchmark_client] Sending sample transaction 846
[2026-05-22T09:18:32.686Z INFO  benchmark_client] Sending sample transaction 847
[2026-05-22T09:18:32.734Z INFO  benchmark_client] Sending sample transaction 848
[2026-05-22T09:18:32.786Z INFO  benchmark_client] Sending sample transaction 849
[2026-05-22T09:18:32.838Z INFO  benchmark_client] Sending sample transaction 850
[2026-05-22T09:18:32.883Z INFO  benchmark_client] Sending sample transaction 851
[2026-05-22T09:18:32.938Z INFO  benchmark_client] Sending sample transaction 852
[2026-05-22T09:18:32.984Z INFO  benchmark_client] Sending sample transaction 853
[2026-05-22T09:18:33.034Z INFO  benchmark_client] Sending sample transaction 854
[2026-05-22T09:18:33.086Z INFO  benchmark_client] Sending sample transaction 855
[2026-05-22T09:18:33.134Z INFO  benchmark_client] Sending sample transaction 856
[2026-05-22T09:18:33.187Z INFO  benchmark_client] Sending sample transaction 857
[2026-05-22T09:18:33.235Z INFO  benchmark_client] Sending sample transaction 858
[2026-05-22T09:18:33.285Z INFO  benchmark_client] Sending sample transaction 859
[2026-05-22T09:18:33.334Z INFO  benchmark_client] Sending sample transaction 860
[2026-05-22T09:18:33.384Z INFO  benchmark_client] Sending sample transaction 861
[2026-05-22T09:18:33.433Z INFO  benchmark_client] Sending sample transaction 862
[2026-05-22T09:18:33.484Z INFO  benchmark_client] Sending sample transaction 863
[2026-05-22T09:18:33.535Z INFO  benchmark_client] Sending sample transaction 864
[2026-05-22T09:18:33.586Z INFO  benchmark_client] Sending sample transaction 865
[2026-05-22T09:18:33.639Z INFO  benchmark_client] Sending sample transaction 866
[2026-05-22T09:18:33.684Z INFO  benchmark_client] Sending sample transaction 867
[2026-05-22T09:18:33.736Z INFO  benchmark_client] Sending sample transaction 868
[2026-05-22T09:18:33.786Z INFO  benchmark_client] Sending sample transaction 869
[2026-05-22T09:18:33.836Z INFO  benchmark_client] Sending sample transaction 870
[2026-05-22T09:18:33.885Z INFO  benchmark_client] Sending sample transaction 871
[2026-05-22T09:18:33.934Z INFO  benchmark_client] Sending sample transaction 872
[2026-05-22T09:18:33.984Z INFO  benchmark_client] Sending sample transaction 873
[2026-05-22T09:18:34.042Z INFO  benchmark_client] Sending sample transaction 874
[2026-05-22T09:18:34.084Z INFO  benchmark_client] Sending sample transaction 875
[2026-05-22T09:18:34.134Z INFO  benchmark_client] Sending sample transaction 876
[2026-05-22T09:18:34.186Z INFO  benchmark_client] Sending sample transaction 877
[2026-05-22T09:18:34.233Z INFO  benchmark_client] Sending sample transaction 878
[2026-05-22T09:18:34.287Z INFO  benchmark_client] Sending sample transaction 879
[2026-05-22T09:18:34.334Z INFO  benchmark_client] Sending sample transaction 880
[2026-05-22T09:18:34.384Z INFO  benchmark_client] Sending sample transaction 881
[2026-05-22T09:18:34.436Z INFO  benchmark_client] Sending sample transaction 882
[2026-05-22T09:18:34.484Z INFO  benchmark_client] Sending sample transaction 883
[2026-05-22T09:18:34.536Z INFO  benchmark_client] Sending sample transaction 884
[2026-05-22T09:18:34.584Z INFO  benchmark_client] Sending sample transaction 885
[2026-05-22T09:18:34.636Z INFO  benchmark_client] Sending sample transaction 886
[2026-05-22T09:18:34.684Z INFO  benchmark_client] Sending sample transaction 887
[2026-05-22T09:18:34.734Z INFO  benchmark_client] Sending sample transaction 888
[2026-05-22T09:18:34.786Z INFO  benchmark_client] Sending sample transaction 889
[2026-05-22T09:18:34.833Z INFO  benchmark_client] Sending sample transaction 890
[2026-05-22T09:18:34.884Z INFO  benchmark_client] Sending sample transaction 891
[2026-05-22T09:18:34.934Z INFO  benchmark_client] Sending sample transaction 892
[2026-05-22T09:18:34.985Z INFO  benchmark_client] Sending sample transaction 893
[2026-05-22T09:18:35.033Z INFO  benchmark_client] Sending sample transaction 894
