[2026-05-22T09:17:47.544Z INFO  benchmark_client] Node address: 34.81.27.135:5038
[2026-05-22T09:17:47.544Z INFO  benchmark_client] Transactions size: 512 B
[2026-05-22T09:17:47.544Z INFO  benchmark_client] Transactions rate: 20000 tx/s
[2026-05-22T09:17:47.544Z INFO  benchmark_client] Waiting for all nodes to be online...
[2026-05-22T09:17:47.813Z INFO  benchmark_client] Start sending transactions
[2026-05-22T09:17:47.814Z INFO  benchmark_client] Sending sample transaction 0
[2026-05-22T09:17:47.864Z INFO  benchmark_client] Sending sample transaction 1
[2026-05-22T09:17:47.914Z INFO  benchmark_client] Sending sample transaction 2
[2026-05-22T09:17:47.965Z INFO  benchmark_client] Sending sample transaction 3
[2026-05-22T09:17:48.015Z INFO  benchmark_client] Sending sample transaction 4
[2026-05-22T09:17:48.064Z INFO  benchmark_client] Sending sample transaction 5
[2026-05-22T09:17:48.115Z INFO  benchmark_client] Sending sample transaction 6
[2026-05-22T09:17:48.164Z INFO  benchmark_client] Sending sample transaction 7
[2026-05-22T09:17:48.214Z INFO  benchmark_client] Sending sample transaction 8
[2026-05-22T09:17:48.264Z INFO  benchmark_client] Sending sample transaction 9
[2026-05-22T09:17:48.314Z INFO  benchmark_client] Sending sample transaction 10
[2026-05-22T09:17:48.365Z INFO  benchmark_client] Sending sample transaction 11
[2026-05-22T09:17:48.414Z INFO  benchmark_client] Sending sample transaction 12
[2026-05-22T09:17:48.465Z INFO  benchmark_client] Sending sample transaction 13
[2026-05-22T09:17:48.514Z INFO  benchmark_client] Sending sample transaction 14
[2026-05-22T09:17:48.564Z INFO  benchmark_client] Sending sample transaction 15
[2026-05-22T09:17:48.614Z INFO  benchmark_client] Sending sample transaction 16
[2026-05-22T09:17:48.665Z INFO  benchmark_client] Sending sample transaction 17
[2026-05-22T09:17:48.715Z INFO  benchmark_client] Sending sample transaction 18
[2026-05-22T09:17:48.764Z INFO  benchmark_client] Sending sample transaction 19
[2026-05-22T09:17:48.815Z INFO  benchmark_client] Sending sample transaction 20
[2026-05-22T09:17:48.865Z INFO  benchmark_client] Sending sample transaction 21
[2026-05-22T09:17:48.915Z INFO  benchmark_client] Sending sample transaction 22
[2026-05-22T09:17:48.964Z INFO  benchmark_client] Sending sample transaction 23
[2026-05-22T09:17:49.014Z INFO  benchmark_client] Sending sample transaction 24
[2026-05-22T09:17:49.064Z INFO  benchmark_client] Sending sample transaction 25
[2026-05-22T09:17:49.114Z INFO  benchmark_client] Sending sample transaction 26
[2026-05-22T09:17:49.164Z INFO  benchmark_client] Sending sample transaction 27
[2026-05-22T09:17:49.214Z INFO  benchmark_client] Sending sample transaction 28
[2026-05-22T09:17:49.265Z INFO  benchmark_client] Sending sample transaction 29
[2026-05-22T09:17:49.314Z INFO  benchmark_client] Sending sample transaction 30
[2026-05-22T09:17:49.364Z INFO  benchmark_client] Sending sample transaction 31
[2026-05-22T09:17:49.414Z INFO  benchmark_client] Sending sample transaction 32
[2026-05-22T09:17:49.464Z INFO  benchmark_client] Sending sample transaction 33
[2026-05-22T09:17:49.514Z INFO  benchmark_client] Sending sample transaction 34
[2026-05-22T09:17:49.564Z INFO  benchmark_client] Sending sample transaction 35
[2026-05-22T09:17:49.614Z INFO  benchmark_client] Sending sample transaction 36
[2026-05-22T09:17:49.664Z INFO  benchmark_client] Sending sample transaction 37
[2026-05-22T09:17:49.714Z INFO  benchmark_client] Sending sample transaction 38
[2026-05-22T09:17:49.764Z INFO  benchmark_client] Sending sample transaction 39
[2026-05-22T09:17:49.814Z INFO  benchmark_client] Sending sample transaction 40
[2026-05-22T09:17:49.864Z INFO  benchmark_client] Sending sample transaction 41
[2026-05-22T09:17:49.915Z INFO  benchmark_client] Sending sample transaction 42
[2026-05-22T09:17:49.965Z INFO  benchmark_client] Sending sample transaction 43
[2026-05-22T09:17:50.015Z INFO  benchmark_client] Sending sample transaction 44
[2026-05-22T09:17:50.064Z INFO  benchmark_client] Sending sample transaction 45
[2026-05-22T09:17:50.115Z INFO  benchmark_client] Sending sample transaction 46
[2026-05-22T09:17:50.165Z INFO  benchmark_client] Sending sample transaction 47
[2026-05-22T09:17:50.215Z INFO  benchmark_client] Sending sample transaction 48
[2026-05-22T09:17:50.266Z INFO  benchmark_client] Sending sample transaction 49
[2026-05-22T09:17:50.314Z INFO  benchmark_client] Sending sample transaction 50
[2026-05-22T09:17:50.365Z INFO  benchmark_client] Sending sample transaction 51
[2026-05-22T09:17:50.414Z INFO  benchmark_client] Sending sample transaction 52
[2026-05-22T09:17:50.465Z INFO  benchmark_client] Sending sample transaction 53
[2026-05-22T09:17:50.515Z INFO  benchmark_client] Sending sample transaction 54
[2026-05-22T09:17:50.564Z INFO  benchmark_client] Sending sample transaction 55
[2026-05-22T09:17:50.615Z INFO  benchmark_client] Sending sample transaction 56
[2026-05-22T09:17:50.665Z INFO  benchmark_client] Sending sample transaction 57
[2026-05-22T09:17:50.715Z INFO  benchmark_client] Sending sample transaction 58
[2026-05-22T09:17:50.764Z INFO  benchmark_client] Sending sample transaction 59
[2026-05-22T09:17:50.814Z INFO  benchmark_client] Sending sample transaction 60
[2026-05-22T09:17:50.864Z INFO  benchmark_client] Sending sample transaction 61
[2026-05-22T09:17:50.915Z INFO  benchmark_client] Sending sample transaction 62
[2026-05-22T09:17:50.965Z INFO  benchmark_client] Sending sample transaction 63
[2026-05-22T09:17:51.015Z INFO  benchmark_client] Sending sample transaction 64
[2026-05-22T09:17:51.065Z INFO  benchmark_client] Sending sample transaction 65
[2026-05-22T09:17:51.117Z INFO  benchmark_client] Sending sample transaction 66
[2026-05-22T09:17:51.165Z INFO  benchmark_client] Sending sample transaction 67
[2026-05-22T09:17:51.214Z INFO  benchmark_client] Sending sample transaction 68
[2026-05-22T09:17:51.264Z INFO  benchmark_client] Sending sample transaction 69
[2026-05-22T09:17:51.315Z INFO  benchmark_client] Sending sample transaction 70
[2026-05-22T09:17:51.365Z INFO  benchmark_client] Sending sample transaction 71
[2026-05-22T09:17:51.414Z INFO  benchmark_client] Sending sample transaction 72
[2026-05-22T09:17:51.465Z INFO  benchmark_client] Sending sample transaction 73
[2026-05-22T09:17:51.514Z INFO  benchmark_client] Sending sample transaction 74
[2026-05-22T09:17:51.564Z INFO  benchmark_client] Sending sample transaction 75
[2026-05-22T09:17:51.614Z INFO  benchmark_client] Sending sample transaction 76
[2026-05-22T09:17:51.664Z INFO  benchmark_client] Sending sample transaction 77
[2026-05-22T09:17:51.714Z INFO  benchmark_client] Sending sample transaction 78
[2026-05-22T09:17:51.765Z INFO  benchmark_client] Sending sample transaction 79
[2026-05-22T09:17:51.815Z INFO  benchmark_client] Sending sample transaction 80
[2026-05-22T09:17:51.867Z INFO  benchmark_client] Sending sample transaction 81
[2026-05-22T09:17:51.917Z INFO  benchmark_client] Sending sample transaction 82
[2026-05-22T09:17:51.965Z INFO  benchmark_client] Sending sample transaction 83
[2026-05-22T09:17:52.014Z INFO  benchmark_client] Sending sample transaction 84
[2026-05-22T09:17:52.065Z INFO  benchmark_client] Sending sample transaction 85
[2026-05-22T09:17:52.114Z INFO  benchmark_client] Sending sample transaction 86
[2026-05-22T09:17:52.164Z INFO  benchmark_client] Sending sample transaction 87
[2026-05-22T09:17:52.215Z INFO  benchmark_client] Sending sample transaction 88
[2026-05-22T09:17:52.265Z INFO  benchmark_client] Sending sample transaction 89
[2026-05-22T09:17:52.315Z INFO  benchmark_client] Sending sample transaction 90
[2026-05-22T09:17:52.365Z INFO  benchmark_client] Sending sample transaction 91
[2026-05-22T09:17:52.414Z INFO  benchmark_client] Sending sample transaction 92
[2026-05-22T09:17:52.466Z INFO  benchmark_client] Sending sample transaction 93
[2026-05-22T09:17:52.519Z INFO  benchmark_client] Sending sample transaction 94
[2026-05-22T09:17:52.565Z INFO  benchmark_client] Sending sample transaction 95
[2026-05-22T09:17:52.617Z INFO  benchmark_client] Sending sample transaction 96
[2026-05-22T09:17:52.665Z INFO  benchmark_client] Sending sample transaction 97
[2026-05-22T09:17:52.716Z INFO  benchmark_client] Sending sample transaction 98
[2026-05-22T09:17:52.765Z INFO  benchmark_client] Sending sample transaction 99
[2026-05-22T09:17:52.815Z INFO  benchmark_client] Sending sample transaction 100
[2026-05-22T09:17:52.865Z INFO  benchmark_client] Sending sample transaction 101
[2026-05-22T09:17:52.915Z INFO  benchmark_client] Sending sample transaction 102
[2026-05-22T09:17:52.964Z INFO  benchmark_client] Sending sample transaction 103
[2026-05-22T09:17:53.014Z INFO  benchmark_client] Sending sample transaction 104
[2026-05-22T09:17:53.064Z INFO  benchmark_client] Sending sample transaction 105
[2026-05-22T09:17:53.116Z INFO  benchmark_client] Sending sample transaction 106
[2026-05-22T09:17:53.164Z INFO  benchmark_client] Sending sample transaction 107
[2026-05-22T09:17:53.215Z INFO  benchmark_client] Sending sample transaction 108
[2026-05-22T09:17:53.264Z INFO  benchmark_client] Sending sample transaction 109
[2026-05-22T09:17:53.315Z INFO  benchmark_client] Sending sample transaction 110
[2026-05-22T09:17:53.365Z INFO  benchmark_client] Sending sample transaction 111
[2026-05-22T09:17:53.415Z INFO  benchmark_client] Sending sample transaction 112
[2026-05-22T09:17:53.465Z INFO  benchmark_client] Sending sample transaction 113
[2026-05-22T09:17:53.514Z INFO  benchmark_client] Sending sample transaction 114
[2026-05-22T09:17:53.564Z INFO  benchmark_client] Sending sample transaction 115
[2026-05-22T09:17:53.615Z INFO  benchmark_client] Sending sample transaction 116
[2026-05-22T09:17:53.664Z INFO  benchmark_client] Sending sample transaction 117
[2026-05-22T09:17:53.715Z INFO  benchmark_client] Sending sample transaction 118
[2026-05-22T09:17:53.764Z INFO  benchmark_client] Sending sample transaction 119
[2026-05-22T09:17:53.815Z INFO  benchmark_client] Sending sample transaction 120
[2026-05-22T09:17:53.865Z INFO  benchmark_client] Sending sample transaction 121
[2026-05-22T09:17:53.918Z INFO  benchmark_client] Sending sample transaction 122
[2026-05-22T09:17:53.964Z INFO  benchmark_client] Sending sample transaction 123
[2026-05-22T09:17:54.015Z INFO  benchmark_client] Sending sample transaction 124
[2026-05-22T09:17:54.064Z INFO  benchmark_client] Sending sample transaction 125
[2026-05-22T09:17:54.115Z INFO  benchmark_client] Sending sample transaction 126
[2026-05-22T09:17:54.164Z INFO  benchmark_client] Sending sample transaction 127
[2026-05-22T09:17:54.214Z INFO  benchmark_client] Sending sample transaction 128
[2026-05-22T09:17:54.265Z INFO  benchmark_client] Sending sample transaction 129
[2026-05-22T09:17:54.315Z INFO  benchmark_client] Sending sample transaction 130
[2026-05-22T09:17:54.365Z INFO  benchmark_client] Sending sample transaction 131
[2026-05-22T09:17:54.414Z INFO  benchmark_client] Sending sample transaction 132
[2026-05-22T09:17:54.465Z INFO  benchmark_client] Sending sample transaction 133
[2026-05-22T09:17:54.517Z INFO  benchmark_client] Sending sample transaction 134
[2026-05-22T09:17:54.565Z INFO  benchmark_client] Sending sample transaction 135
[2026-05-22T09:17:54.615Z INFO  benchmark_client] Sending sample transaction 136
[2026-05-22T09:17:54.665Z INFO  benchmark_client] Sending sample transaction 137
[2026-05-22T09:17:54.715Z INFO  benchmark_client] Sending sample transaction 138
[2026-05-22T09:17:54.765Z INFO  benchmark_client] Sending sample transaction 139
[2026-05-22T09:17:54.815Z INFO  benchmark_client] Sending sample transaction 140
[2026-05-22T09:17:54.865Z INFO  benchmark_client] Sending sample transaction 141
[2026-05-22T09:17:54.915Z INFO  benchmark_client] Sending sample transaction 142
[2026-05-22T09:17:54.964Z INFO  benchmark_client] Sending sample transaction 143
[2026-05-22T09:17:55.015Z INFO  benchmark_client] Sending sample transaction 144
[2026-05-22T09:17:55.065Z INFO  benchmark_client] Sending sample transaction 145
[2026-05-22T09:17:55.115Z INFO  benchmark_client] Sending sample transaction 146
[2026-05-22T09:17:55.164Z INFO  benchmark_client] Sending sample transaction 147
[2026-05-22T09:17:55.215Z INFO  benchmark_client] Sending sample transaction 148
[2026-05-22T09:17:55.264Z INFO  benchmark_client] Sending sample transaction 149
[2026-05-22T09:17:55.315Z INFO  benchmark_client] Sending sample transaction 150
[2026-05-22T09:17:55.367Z INFO  benchmark_client] Sending sample transaction 151
[2026-05-22T09:17:55.417Z INFO  benchmark_client] Sending sample transaction 152
[2026-05-22T09:17:55.464Z INFO  benchmark_client] Sending sample transaction 153
[2026-05-22T09:17:55.518Z INFO  benchmark_client] Sending sample transaction 154
[2026-05-22T09:17:55.565Z INFO  benchmark_client] Sending sample transaction 155
[2026-05-22T09:17:55.615Z INFO  benchmark_client] Sending sample transaction 156
[2026-05-22T09:17:55.665Z INFO  benchmark_client] Sending sample transaction 157
[2026-05-22T09:17:55.714Z INFO  benchmark_client] Sending sample transaction 158
[2026-05-22T09:17:55.765Z INFO  benchmark_client] Sending sample transaction 159
[2026-05-22T09:17:55.814Z INFO  benchmark_client] Sending sample transaction 160
[2026-05-22T09:17:55.864Z INFO  benchmark_client] Sending sample transaction 161
[2026-05-22T09:17:55.914Z INFO  benchmark_client] Sending sample transaction 162
[2026-05-22T09:17:55.965Z INFO  benchmark_client] Sending sample transaction 163
[2026-05-22T09:17:56.027Z WARN  benchmark_client] Transaction rate too high for this client
[2026-05-22T09:17:56.027Z INFO  benchmark_client] Sending sample transaction 164
[2026-05-22T09:17:56.075Z INFO  benchmark_client] Sending sample transaction 165
[2026-05-22T09:17:56.115Z INFO  benchmark_client] Sending sample transaction 166
[2026-05-22T09:17:56.164Z INFO  benchmark_client] Sending sample transaction 167
[2026-05-22T09:17:56.214Z INFO  benchmark_client] Sending sample transaction 168
[2026-05-22T09:17:56.264Z INFO  benchmark_client] Sending sample transaction 169
[2026-05-22T09:17:56.315Z INFO  benchmark_client] Sending sample transaction 170
[2026-05-22T09:17:56.364Z INFO  benchmark_client] Sending sample transaction 171
[2026-05-22T09:17:56.415Z INFO  benchmark_client] Sending sample transaction 172
[2026-05-22T09:17:56.464Z INFO  benchmark_client] Sending sample transaction 173
[2026-05-22T09:17:56.517Z INFO  benchmark_client] Sending sample transaction 174
[2026-05-22T09:17:56.564Z INFO  benchmark_client] Sending sample transaction 175
[2026-05-22T09:17:56.617Z INFO  benchmark_client] Sending sample transaction 176
[2026-05-22T09:17:56.665Z INFO  benchmark_client] Sending sample transaction 177
[2026-05-22T09:17:56.716Z INFO  benchmark_client] Sending sample transaction 178
[2026-05-22T09:17:56.766Z INFO  benchmark_client] Sending sample transaction 179
[2026-05-22T09:17:56.815Z INFO  benchmark_client] Sending sample transaction 180
[2026-05-22T09:17:56.864Z INFO  benchmark_client] Sending sample transaction 181
[2026-05-22T09:17:56.915Z INFO  benchmark_client] Sending sample transaction 182
[2026-05-22T09:17:56.964Z INFO  benchmark_client] Sending sample transaction 183
[2026-05-22T09:17:57.015Z INFO  benchmark_client] Sending sample transaction 184
[2026-05-22T09:17:57.065Z INFO  benchmark_client] Sending sample transaction 185
[2026-05-22T09:17:57.114Z INFO  benchmark_client] Sending sample transaction 186
[2026-05-22T09:17:57.165Z INFO  benchmark_client] Sending sample transaction 187
[2026-05-22T09:17:57.218Z INFO  benchmark_client] Sending sample transaction 188
[2026-05-22T09:17:57.266Z INFO  benchmark_client] Sending sample transaction 189
[2026-05-22T09:17:57.315Z INFO  benchmark_client] Sending sample transaction 190
[2026-05-22T09:17:57.365Z INFO  benchmark_client] Sending sample transaction 191
[2026-05-22T09:17:57.415Z INFO  benchmark_client] Sending sample transaction 192
[2026-05-22T09:17:57.466Z INFO  benchmark_client] Sending sample transaction 193
[2026-05-22T09:17:57.515Z INFO  benchmark_client] Sending sample transaction 194
[2026-05-22T09:17:57.565Z INFO  benchmark_client] Sending sample transaction 195
[2026-05-22T09:17:57.615Z INFO  benchmark_client] Sending sample transaction 196
[2026-05-22T09:17:57.665Z INFO  benchmark_client] Sending sample transaction 197
[2026-05-22T09:17:57.717Z INFO  benchmark_client] Sending sample transaction 198
[2026-05-22T09:17:57.765Z INFO  benchmark_client] Sending sample transaction 199
[2026-05-22T09:17:57.814Z INFO  benchmark_client] Sending sample transaction 200
[2026-05-22T09:17:57.864Z INFO  benchmark_client] Sending sample transaction 201
[2026-05-22T09:17:57.915Z INFO  benchmark_client] Sending sample transaction 202
[2026-05-22T09:17:57.970Z INFO  benchmark_client] Sending sample transaction 203
[2026-05-22T09:17:58.015Z INFO  benchmark_client] Sending sample transaction 204
[2026-05-22T09:17:58.064Z INFO  benchmark_client] Sending sample transaction 205
[2026-05-22T09:17:58.116Z INFO  benchmark_client] Sending sample transaction 206
[2026-05-22T09:17:58.166Z INFO  benchmark_client] Sending sample transaction 207
[2026-05-22T09:17:58.214Z INFO  benchmark_client] Sending sample transaction 208
[2026-05-22T09:17:58.265Z INFO  benchmark_client] Sending sample transaction 209
[2026-05-22T09:17:58.316Z INFO  benchmark_client] Sending sample transaction 210
[2026-05-22T09:17:58.367Z INFO  benchmark_client] Sending sample transaction 211
[2026-05-22T09:17:58.415Z INFO  benchmark_client] Sending sample transaction 212
[2026-05-22T09:17:58.464Z INFO  benchmark_client] Sending sample transaction 213
[2026-05-22T09:17:58.515Z INFO  benchmark_client] Sending sample transaction 214
[2026-05-22T09:17:58.566Z INFO  benchmark_client] Sending sample transaction 215
[2026-05-22T09:17:58.615Z INFO  benchmark_client] Sending sample transaction 216
[2026-05-22T09:17:58.665Z INFO  benchmark_client] Sending sample transaction 217
[2026-05-22T09:17:58.716Z INFO  benchmark_client] Sending sample transaction 218
[2026-05-22T09:17:58.764Z INFO  benchmark_client] Sending sample transaction 219
[2026-05-22T09:17:58.815Z INFO  benchmark_client] Sending sample transaction 220
[2026-05-22T09:17:58.868Z INFO  benchmark_client] Sending sample transaction 221
[2026-05-22T09:17:58.914Z INFO  benchmark_client] Sending sample transaction 222
[2026-05-22T09:17:58.964Z INFO  benchmark_client] Sending sample transaction 223
[2026-05-22T09:17:59.015Z INFO  benchmark_client] Sending sample transaction 224
[2026-05-22T09:17:59.066Z INFO  benchmark_client] Sending sample transaction 225
[2026-05-22T09:17:59.116Z INFO  benchmark_client] Sending sample transaction 226
[2026-05-22T09:17:59.164Z INFO  benchmark_client] Sending sample transaction 227
[2026-05-22T09:17:59.215Z INFO  benchmark_client] Sending sample transaction 228
[2026-05-22T09:17:59.265Z INFO  benchmark_client] Sending sample transaction 229
[2026-05-22T09:17:59.314Z INFO  benchmark_client] Sending sample transaction 230
[2026-05-22T09:17:59.365Z INFO  benchmark_client] Sending sample transaction 231
[2026-05-22T09:17:59.415Z INFO  benchmark_client] Sending sample transaction 232
[2026-05-22T09:17:59.499Z WARN  benchmark_client] Transaction rate too high for this client
[2026-05-22T09:17:59.499Z INFO  benchmark_client] Sending sample transaction 233
[2026-05-22T09:17:59.514Z INFO  benchmark_client] Sending sample transaction 234
[2026-05-22T09:17:59.566Z INFO  benchmark_client] Sending sample transaction 235
[2026-05-22T09:17:59.615Z INFO  benchmark_client] Sending sample transaction 236
[2026-05-22T09:17:59.665Z INFO  benchmark_client] Sending sample transaction 237
[2026-05-22T09:17:59.715Z INFO  benchmark_client] Sending sample transaction 238
[2026-05-22T09:17:59.765Z INFO  benchmark_client] Sending sample transaction 239
[2026-05-22T09:17:59.814Z INFO  benchmark_client] Sending sample transaction 240
[2026-05-22T09:17:59.864Z INFO  benchmark_client] Sending sample transaction 241
[2026-05-22T09:17:59.915Z INFO  benchmark_client] Sending sample transaction 242
[2026-05-22T09:17:59.966Z INFO  benchmark_client] Sending sample transaction 243
[2026-05-22T09:18:00.015Z INFO  benchmark_client] Sending sample transaction 244
[2026-05-22T09:18:00.064Z INFO  benchmark_client] Sending sample transaction 245
[2026-05-22T09:18:00.115Z INFO  benchmark_client] Sending sample transaction 246
[2026-05-22T09:18:00.164Z INFO  benchmark_client] Sending sample transaction 247
[2026-05-22T09:18:00.214Z INFO  benchmark_client] Sending sample transaction 248
[2026-05-22T09:18:00.265Z INFO  benchmark_client] Sending sample transaction 249
[2026-05-22T09:18:00.315Z INFO  benchmark_client] Sending sample transaction 250
[2026-05-22T09:18:00.365Z INFO  benchmark_client] Sending sample transaction 251
[2026-05-22T09:18:00.414Z INFO  benchmark_client] Sending sample transaction 252
[2026-05-22T09:18:00.464Z INFO  benchmark_client] Sending sample transaction 253
[2026-05-22T09:18:00.515Z INFO  benchmark_client] Sending sample transaction 254
[2026-05-22T09:18:00.565Z INFO  benchmark_client] Sending sample transaction 255
[2026-05-22T09:18:00.615Z INFO  benchmark_client] Sending sample transaction 256
[2026-05-22T09:18:00.667Z INFO  benchmark_client] Sending sample transaction 257
[2026-05-22T09:18:00.715Z INFO  benchmark_client] Sending sample transaction 258
[2026-05-22T09:18:00.765Z INFO  benchmark_client] Sending sample transaction 259
[2026-05-22T09:18:00.819Z INFO  benchmark_client] Sending sample transaction 260
[2026-05-22T09:18:00.866Z INFO  benchmark_client] Sending sample transaction 261
[2026-05-22T09:18:00.915Z INFO  benchmark_client] Sending sample transaction 262
[2026-05-22T09:18:00.967Z INFO  benchmark_client] Sending sample transaction 263
[2026-05-22T09:18:01.018Z INFO  benchmark_client] Sending sample transaction 264
[2026-05-22T09:18:01.065Z INFO  benchmark_client] Sending sample transaction 265
[2026-05-22T09:18:01.115Z INFO  benchmark_client] Sending sample transaction 266
[2026-05-22T09:18:01.165Z INFO  benchmark_client] Sending sample transaction 267
[2026-05-22T09:18:01.215Z INFO  benchmark_client] Sending sample transaction 268
[2026-05-22T09:18:01.264Z INFO  benchmark_client] Sending sample transaction 269
[2026-05-22T09:18:01.314Z INFO  benchmark_client] Sending sample transaction 270
[2026-05-22T09:18:01.365Z INFO  benchmark_client] Sending sample transaction 271
[2026-05-22T09:18:01.415Z INFO  benchmark_client] Sending sample transaction 272
[2026-05-22T09:18:01.467Z INFO  benchmark_client] Sending sample transaction 273
[2026-05-22T09:18:01.514Z INFO  benchmark_client] Sending sample transaction 274
[2026-05-22T09:18:01.565Z INFO  benchmark_client] Sending sample transaction 275
[2026-05-22T09:18:01.617Z INFO  benchmark_client] Sending sample transaction 276
[2026-05-22T09:18:01.665Z INFO  benchmark_client] Sending sample transaction 277
[2026-05-22T09:18:01.715Z INFO  benchmark_client] Sending sample transaction 278
[2026-05-22T09:18:01.764Z INFO  benchmark_client] Sending sample transaction 279
[2026-05-22T09:18:01.816Z INFO  benchmark_client] Sending sample transaction 280
[2026-05-22T09:18:01.865Z INFO  benchmark_client] Sending sample transaction 281
[2026-05-22T09:18:01.914Z INFO  benchmark_client] Sending sample transaction 282
[2026-05-22T09:18:01.964Z INFO  benchmark_client] Sending sample transaction 283
[2026-05-22T09:18:02.015Z INFO  benchmark_client] Sending sample transaction 284
[2026-05-22T09:18:02.066Z INFO  benchmark_client] Sending sample transaction 285
[2026-05-22T09:18:02.115Z INFO  benchmark_client] Sending sample transaction 286
[2026-05-22T09:18:02.165Z INFO  benchmark_client] Sending sample transaction 287
[2026-05-22T09:18:02.215Z INFO  benchmark_client] Sending sample transaction 288
[2026-05-22T09:18:02.265Z INFO  benchmark_client] Sending sample transaction 289
[2026-05-22T09:18:02.315Z INFO  benchmark_client] Sending sample transaction 290
[2026-05-22T09:18:02.365Z INFO  benchmark_client] Sending sample transaction 291
[2026-05-22T09:18:02.416Z INFO  benchmark_client] Sending sample transaction 292
[2026-05-22T09:18:02.466Z INFO  benchmark_client] Sending sample transaction 293
[2026-05-22T09:18:02.514Z INFO  benchmark_client] Sending sample transaction 294
[2026-05-22T09:18:02.564Z INFO  benchmark_client] Sending sample transaction 295
[2026-05-22T09:18:02.621Z INFO  benchmark_client] Sending sample transaction 296
[2026-05-22T09:18:02.664Z INFO  benchmark_client] Sending sample transaction 297
[2026-05-22T09:18:02.715Z INFO  benchmark_client] Sending sample transaction 298
[2026-05-22T09:18:02.765Z INFO  benchmark_client] Sending sample transaction 299
[2026-05-22T09:18:02.815Z INFO  benchmark_client] Sending sample transaction 300
[2026-05-22T09:18:02.865Z INFO  benchmark_client] Sending sample transaction 301
[2026-05-22T09:18:02.916Z INFO  benchmark_client] Sending sample transaction 302
[2026-05-22T09:18:02.965Z INFO  benchmark_client] Sending sample transaction 303
[2026-05-22T09:18:03.015Z INFO  benchmark_client] Sending sample transaction 304
[2026-05-22T09:18:03.064Z INFO  benchmark_client] Sending sample transaction 305
[2026-05-22T09:18:03.115Z INFO  benchmark_client] Sending sample transaction 306
[2026-05-22T09:18:03.165Z INFO  benchmark_client] Sending sample transaction 307
[2026-05-22T09:18:03.215Z INFO  benchmark_client] Sending sample transaction 308
[2026-05-22T09:18:03.265Z INFO  benchmark_client] Sending sample transaction 309
[2026-05-22T09:18:03.315Z INFO  benchmark_client] Sending sample transaction 310
[2026-05-22T09:18:03.365Z INFO  benchmark_client] Sending sample transaction 311
[2026-05-22T09:18:03.414Z INFO  benchmark_client] Sending sample transaction 312
[2026-05-22T09:18:03.465Z INFO  benchmark_client] Sending sample transaction 313
[2026-05-22T09:18:03.515Z INFO  benchmark_client] Sending sample transaction 314
[2026-05-22T09:18:03.564Z INFO  benchmark_client] Sending sample transaction 315
[2026-05-22T09:18:03.615Z INFO  benchmark_client] Sending sample transaction 316
[2026-05-22T09:18:03.664Z INFO  benchmark_client] Sending sample transaction 317
[2026-05-22T09:18:03.716Z INFO  benchmark_client] Sending sample transaction 318
[2026-05-22T09:18:03.766Z INFO  benchmark_client] Sending sample transaction 319
[2026-05-22T09:18:03.815Z INFO  benchmark_client] Sending sample transaction 320
[2026-05-22T09:18:03.864Z INFO  benchmark_client] Sending sample transaction 321
[2026-05-22T09:18:03.916Z INFO  benchmark_client] Sending sample transaction 322
[2026-05-22T09:18:03.966Z INFO  benchmark_client] Sending sample transaction 323
[2026-05-22T09:18:04.014Z INFO  benchmark_client] Sending sample transaction 324
[2026-05-22T09:18:04.067Z INFO  benchmark_client] Sending sample transaction 325
[2026-05-22T09:18:04.116Z INFO  benchmark_client] Sending sample transaction 326
[2026-05-22T09:18:04.164Z INFO  benchmark_client] Sending sample transaction 327
[2026-05-22T09:18:04.215Z INFO  benchmark_client] Sending sample transaction 328
[2026-05-22T09:18:04.265Z INFO  benchmark_client] Sending sample transaction 329
[2026-05-22T09:18:04.315Z INFO  benchmark_client] Sending sample transaction 330
[2026-05-22T09:18:04.366Z INFO  benchmark_client] Sending sample transaction 331
[2026-05-22T09:18:04.415Z INFO  benchmark_client] Sending sample transaction 332
[2026-05-22T09:18:04.468Z INFO  benchmark_client] Sending sample transaction 333
[2026-05-22T09:18:04.515Z INFO  benchmark_client] Sending sample transaction 334
[2026-05-22T09:18:04.564Z INFO  benchmark_client] Sending sample transaction 335
[2026-05-22T09:18:04.618Z INFO  benchmark_client] Sending sample transaction 336
[2026-05-22T09:18:04.665Z INFO  benchmark_client] Sending sample transaction 337
[2026-05-22T09:18:04.715Z INFO  benchmark_client] Sending sample transaction 338
[2026-05-22T09:18:04.765Z INFO  benchmark_client] Sending sample transaction 339
[2026-05-22T09:18:04.816Z INFO  benchmark_client] Sending sample transaction 340
[2026-05-22T09:18:04.864Z INFO  benchmark_client] Sending sample transaction 341
[2026-05-22T09:18:04.915Z INFO  benchmark_client] Sending sample transaction 342
[2026-05-22T09:18:04.964Z INFO  benchmark_client] Sending sample transaction 343
[2026-05-22T09:18:05.016Z INFO  benchmark_client] Sending sample transaction 344
[2026-05-22T09:18:05.065Z INFO  benchmark_client] Sending sample transaction 345
[2026-05-22T09:18:05.116Z INFO  benchmark_client] Sending sample transaction 346
[2026-05-22T09:18:05.165Z INFO  benchmark_client] Sending sample transaction 347
[2026-05-22T09:18:05.215Z INFO  benchmark_client] Sending sample transaction 348
[2026-05-22T09:18:05.265Z INFO  benchmark_client] Sending sample transaction 349
[2026-05-22T09:18:05.314Z INFO  benchmark_client] Sending sample transaction 350
[2026-05-22T09:18:05.365Z INFO  benchmark_client] Sending sample transaction 351
[2026-05-22T09:18:05.415Z INFO  benchmark_client] Sending sample transaction 352
[2026-05-22T09:18:05.465Z INFO  benchmark_client] Sending sample transaction 353
[2026-05-22T09:18:05.517Z INFO  benchmark_client] Sending sample transaction 354
[2026-05-22T09:18:05.565Z INFO  benchmark_client] Sending sample transaction 355
[2026-05-22T09:18:05.617Z INFO  benchmark_client] Sending sample transaction 356
[2026-05-22T09:18:05.665Z INFO  benchmark_client] Sending sample transaction 357
[2026-05-22T09:18:05.718Z INFO  benchmark_client] Sending sample transaction 358
[2026-05-22T09:18:05.765Z INFO  benchmark_client] Sending sample transaction 359
[2026-05-22T09:18:05.815Z INFO  benchmark_client] Sending sample transaction 360
[2026-05-22T09:18:05.864Z INFO  benchmark_client] Sending sample transaction 361
[2026-05-22T09:18:05.917Z INFO  benchmark_client] Sending sample transaction 362
[2026-05-22T09:18:05.965Z INFO  benchmark_client] Sending sample transaction 363
[2026-05-22T09:18:06.014Z INFO  benchmark_client] Sending sample transaction 364
[2026-05-22T09:18:06.065Z INFO  benchmark_client] Sending sample transaction 365
[2026-05-22T09:18:06.115Z INFO  benchmark_client] Sending sample transaction 366
[2026-05-22T09:18:06.166Z INFO  benchmark_client] Sending sample transaction 367
[2026-05-22T09:18:06.215Z INFO  benchmark_client] Sending sample transaction 368
[2026-05-22T09:18:06.267Z INFO  benchmark_client] Sending sample transaction 369
[2026-05-22T09:18:06.315Z INFO  benchmark_client] Sending sample transaction 370
[2026-05-22T09:18:06.365Z INFO  benchmark_client] Sending sample transaction 371
[2026-05-22T09:18:06.415Z INFO  benchmark_client] Sending sample transaction 372
[2026-05-22T09:18:06.466Z INFO  benchmark_client] Sending sample transaction 373
[2026-05-22T09:18:06.516Z INFO  benchmark_client] Sending sample transaction 374
[2026-05-22T09:18:06.566Z INFO  benchmark_client] Sending sample transaction 375
[2026-05-22T09:18:06.617Z INFO  benchmark_client] Sending sample transaction 376
[2026-05-22T09:18:06.665Z INFO  benchmark_client] Sending sample transaction 377
[2026-05-22T09:18:06.716Z INFO  benchmark_client] Sending sample transaction 378
[2026-05-22T09:18:06.765Z INFO  benchmark_client] Sending sample transaction 379
[2026-05-22T09:18:06.817Z INFO  benchmark_client] Sending sample transaction 380
[2026-05-22T09:18:06.865Z INFO  benchmark_client] Sending sample transaction 381
[2026-05-22T09:18:06.918Z INFO  benchmark_client] Sending sample transaction 382
[2026-05-22T09:18:06.965Z INFO  benchmark_client] Sending sample transaction 383
[2026-05-22T09:18:07.015Z INFO  benchmark_client] Sending sample transaction 384
[2026-05-22T09:18:07.065Z INFO  benchmark_client] Sending sample transaction 385
[2026-05-22T09:18:07.115Z INFO  benchmark_client] Sending sample transaction 386
[2026-05-22T09:18:07.165Z INFO  benchmark_client] Sending sample transaction 387
[2026-05-22T09:18:07.215Z INFO  benchmark_client] Sending sample transaction 388
[2026-05-22T09:18:07.267Z INFO  benchmark_client] Sending sample transaction 389
[2026-05-22T09:18:07.315Z INFO  benchmark_client] Sending sample transaction 390
[2026-05-22T09:18:07.366Z INFO  benchmark_client] Sending sample transaction 391
[2026-05-22T09:18:07.415Z INFO  benchmark_client] Sending sample transaction 392
[2026-05-22T09:18:07.467Z INFO  benchmark_client] Sending sample transaction 393
[2026-05-22T09:18:07.515Z INFO  benchmark_client] Sending sample transaction 394
[2026-05-22T09:18:07.565Z INFO  benchmark_client] Sending sample transaction 395
[2026-05-22T09:18:07.615Z INFO  benchmark_client] Sending sample transaction 396
[2026-05-22T09:18:07.665Z INFO  benchmark_client] Sending sample transaction 397
[2026-05-22T09:18:07.717Z INFO  benchmark_client] Sending sample transaction 398
[2026-05-22T09:18:07.765Z INFO  benchmark_client] Sending sample transaction 399
[2026-05-22T09:18:07.815Z INFO  benchmark_client] Sending sample transaction 400
[2026-05-22T09:18:07.865Z INFO  benchmark_client] Sending sample transaction 401
[2026-05-22T09:18:07.915Z INFO  benchmark_client] Sending sample transaction 402
[2026-05-22T09:18:07.965Z INFO  benchmark_client] Sending sample transaction 403
[2026-05-22T09:18:08.016Z INFO  benchmark_client] Sending sample transaction 404
[2026-05-22T09:18:08.067Z INFO  benchmark_client] Sending sample transaction 405
[2026-05-22T09:18:08.115Z INFO  benchmark_client] Sending sample transaction 406
[2026-05-22T09:18:08.167Z INFO  benchmark_client] Sending sample transaction 407
[2026-05-22T09:18:08.216Z INFO  benchmark_client] Sending sample transaction 408
[2026-05-22T09:18:08.265Z INFO  benchmark_client] Sending sample transaction 409
[2026-05-22T09:18:08.315Z INFO  benchmark_client] Sending sample transaction 410
[2026-05-22T09:18:08.365Z INFO  benchmark_client] Sending sample transaction 411
[2026-05-22T09:18:08.416Z INFO  benchmark_client] Sending sample transaction 412
[2026-05-22T09:18:08.466Z INFO  benchmark_client] Sending sample transaction 413
[2026-05-22T09:18:08.515Z INFO  benchmark_client] Sending sample transaction 414
[2026-05-22T09:18:08.565Z INFO  benchmark_client] Sending sample transaction 415
[2026-05-22T09:18:08.615Z INFO  benchmark_client] Sending sample transaction 416
[2026-05-22T09:18:08.665Z INFO  benchmark_client] Sending sample transaction 417
[2026-05-22T09:18:08.719Z INFO  benchmark_client] Sending sample transaction 418
[2026-05-22T09:18:08.768Z INFO  benchmark_client] Sending sample transaction 419
[2026-05-22T09:18:08.815Z INFO  benchmark_client] Sending sample transaction 420
[2026-05-22T09:18:08.864Z INFO  benchmark_client] Sending sample transaction 421
[2026-05-22T09:18:08.915Z INFO  benchmark_client] Sending sample transaction 422
[2026-05-22T09:18:08.965Z INFO  benchmark_client] Sending sample transaction 423
[2026-05-22T09:18:09.015Z INFO  benchmark_client] Sending sample transaction 424
[2026-05-22T09:18:09.066Z INFO  benchmark_client] Sending sample transaction 425
[2026-05-22T09:18:09.115Z INFO  benchmark_client] Sending sample transaction 426
[2026-05-22T09:18:09.165Z INFO  benchmark_client] Sending sample transaction 427
[2026-05-22T09:18:09.215Z INFO  benchmark_client] Sending sample transaction 428
[2026-05-22T09:18:09.265Z INFO  benchmark_client] Sending sample transaction 429
[2026-05-22T09:18:09.315Z INFO  benchmark_client] Sending sample transaction 430
[2026-05-22T09:18:09.365Z INFO  benchmark_client] Sending sample transaction 431
[2026-05-22T09:18:09.416Z INFO  benchmark_client] Sending sample transaction 432
[2026-05-22T09:18:09.465Z INFO  benchmark_client] Sending sample transaction 433
[2026-05-22T09:18:09.515Z INFO  benchmark_client] Sending sample transaction 434
[2026-05-22T09:18:09.565Z INFO  benchmark_client] Sending sample transaction 435
[2026-05-22T09:18:09.617Z INFO  benchmark_client] Sending sample transaction 436
[2026-05-22T09:18:09.665Z INFO  benchmark_client] Sending sample transaction 437
[2026-05-22T09:18:09.716Z INFO  benchmark_client] Sending sample transaction 438
[2026-05-22T09:18:09.766Z INFO  benchmark_client] Sending sample transaction 439
[2026-05-22T09:18:09.815Z INFO  benchmark_client] Sending sample transaction 440
[2026-05-22T09:18:09.866Z INFO  benchmark_client] Sending sample transaction 441
[2026-05-22T09:18:09.915Z INFO  benchmark_client] Sending sample transaction 442
[2026-05-22T09:18:09.965Z INFO  benchmark_client] Sending sample transaction 443
[2026-05-22T09:18:10.016Z INFO  benchmark_client] Sending sample transaction 444
[2026-05-22T09:18:10.065Z INFO  benchmark_client] Sending sample transaction 445
[2026-05-22T09:18:10.117Z INFO  benchmark_client] Sending sample transaction 446
[2026-05-22T09:18:10.165Z INFO  benchmark_client] Sending sample transaction 447
[2026-05-22T09:18:10.215Z INFO  benchmark_client] Sending sample transaction 448
[2026-05-22T09:18:10.265Z INFO  benchmark_client] Sending sample transaction 449
[2026-05-22T09:18:10.316Z INFO  benchmark_client] Sending sample transaction 450
[2026-05-22T09:18:10.365Z INFO  benchmark_client] Sending sample transaction 451
[2026-05-22T09:18:10.415Z INFO  benchmark_client] Sending sample transaction 452
[2026-05-22T09:18:10.466Z INFO  benchmark_client] Sending sample transaction 453
[2026-05-22T09:18:10.515Z INFO  benchmark_client] Sending sample transaction 454
[2026-05-22T09:18:10.565Z INFO  benchmark_client] Sending sample transaction 455
[2026-05-22T09:18:10.615Z INFO  benchmark_client] Sending sample transaction 456
[2026-05-22T09:18:10.665Z INFO  benchmark_client] Sending sample transaction 457
[2026-05-22T09:18:10.715Z INFO  benchmark_client] Sending sample transaction 458
[2026-05-22T09:18:10.766Z INFO  benchmark_client] Sending sample transaction 459
[2026-05-22T09:18:10.817Z INFO  benchmark_client] Sending sample transaction 460
[2026-05-22T09:18:10.866Z INFO  benchmark_client] Sending sample transaction 461
[2026-05-22T09:18:10.916Z INFO  benchmark_client] Sending sample transaction 462
[2026-05-22T09:18:10.967Z INFO  benchmark_client] Sending sample transaction 463
[2026-05-22T09:18:11.015Z INFO  benchmark_client] Sending sample transaction 464
[2026-05-22T09:18:11.066Z INFO  benchmark_client] Sending sample transaction 465
[2026-05-22T09:18:11.115Z INFO  benchmark_client] Sending sample transaction 466
[2026-05-22T09:18:11.165Z INFO  benchmark_client] Sending sample transaction 467
[2026-05-22T09:18:11.215Z INFO  benchmark_client] Sending sample transaction 468
[2026-05-22T09:18:11.266Z INFO  benchmark_client] Sending sample transaction 469
[2026-05-22T09:18:11.315Z INFO  benchmark_client] Sending sample transaction 470
[2026-05-22T09:18:11.364Z INFO  benchmark_client] Sending sample transaction 471
[2026-05-22T09:18:11.415Z INFO  benchmark_client] Sending sample transaction 472
[2026-05-22T09:18:11.465Z INFO  benchmark_client] Sending sample transaction 473
[2026-05-22T09:18:11.516Z INFO  benchmark_client] Sending sample transaction 474
[2026-05-22T09:18:11.565Z INFO  benchmark_client] Sending sample transaction 475
[2026-05-22T09:18:11.615Z INFO  benchmark_client] Sending sample transaction 476
[2026-05-22T09:18:11.665Z INFO  benchmark_client] Sending sample transaction 477
[2026-05-22T09:18:11.715Z INFO  benchmark_client] Sending sample transaction 478
[2026-05-22T09:18:11.766Z INFO  benchmark_client] Sending sample transaction 479
[2026-05-22T09:18:11.816Z INFO  benchmark_client] Sending sample transaction 480
[2026-05-22T09:18:11.865Z INFO  benchmark_client] Sending sample transaction 481
[2026-05-22T09:18:11.915Z INFO  benchmark_client] Sending sample transaction 482
[2026-05-22T09:18:11.965Z INFO  benchmark_client] Sending sample transaction 483
[2026-05-22T09:18:12.019Z INFO  benchmark_client] Sending sample transaction 484
[2026-05-22T09:18:12.067Z INFO  benchmark_client] Sending sample transaction 485
[2026-05-22T09:18:12.117Z INFO  benchmark_client] Sending sample transaction 486
[2026-05-22T09:18:12.166Z INFO  benchmark_client] Sending sample transaction 487
[2026-05-22T09:18:12.217Z INFO  benchmark_client] Sending sample transaction 488
[2026-05-22T09:18:12.268Z INFO  benchmark_client] Sending sample transaction 489
[2026-05-22T09:18:12.315Z INFO  benchmark_client] Sending sample transaction 490
[2026-05-22T09:18:12.368Z INFO  benchmark_client] Sending sample transaction 491
[2026-05-22T09:18:12.419Z INFO  benchmark_client] Sending sample transaction 492
[2026-05-22T09:18:12.466Z INFO  benchmark_client] Sending sample transaction 493
[2026-05-22T09:18:12.516Z INFO  benchmark_client] Sending sample transaction 494
[2026-05-22T09:18:12.566Z INFO  benchmark_client] Sending sample transaction 495
[2026-05-22T09:18:12.617Z INFO  benchmark_client] Sending sample transaction 496
[2026-05-22T09:18:12.670Z INFO  benchmark_client] Sending sample transaction 497
[2026-05-22T09:18:12.716Z INFO  benchmark_client] Sending sample transaction 498
[2026-05-22T09:18:12.766Z INFO  benchmark_client] Sending sample transaction 499
[2026-05-22T09:18:12.816Z INFO  benchmark_client] Sending sample transaction 500
[2026-05-22T09:18:12.866Z INFO  benchmark_client] Sending sample transaction 501
[2026-05-22T09:18:12.917Z INFO  benchmark_client] Sending sample transaction 502
[2026-05-22T09:18:12.966Z INFO  benchmark_client] Sending sample transaction 503
[2026-05-22T09:18:13.017Z INFO  benchmark_client] Sending sample transaction 504
[2026-05-22T09:18:13.067Z INFO  benchmark_client] Sending sample transaction 505
[2026-05-22T09:18:13.115Z INFO  benchmark_client] Sending sample transaction 506
[2026-05-22T09:18:13.166Z INFO  benchmark_client] Sending sample transaction 507
[2026-05-22T09:18:13.217Z INFO  benchmark_client] Sending sample transaction 508
[2026-05-22T09:18:13.267Z INFO  benchmark_client] Sending sample transaction 509
[2026-05-22T09:18:13.318Z INFO  benchmark_client] Sending sample transaction 510
[2026-05-22T09:18:13.368Z INFO  benchmark_client] Sending sample transaction 511
[2026-05-22T09:18:13.417Z INFO  benchmark_client] Sending sample transaction 512
[2026-05-22T09:18:13.466Z INFO  benchmark_client] Sending sample transaction 513
[2026-05-22T09:18:13.515Z INFO  benchmark_client] Sending sample transaction 514
[2026-05-22T09:18:13.568Z INFO  benchmark_client] Sending sample transaction 515
[2026-05-22T09:18:13.615Z INFO  benchmark_client] Sending sample transaction 516
[2026-05-22T09:18:13.665Z INFO  benchmark_client] Sending sample transaction 517
[2026-05-22T09:18:13.716Z INFO  benchmark_client] Sending sample transaction 518
[2026-05-22T09:18:13.765Z INFO  benchmark_client] Sending sample transaction 519
[2026-05-22T09:18:13.816Z INFO  benchmark_client] Sending sample transaction 520
[2026-05-22T09:18:13.865Z INFO  benchmark_client] Sending sample transaction 521
[2026-05-22T09:18:13.915Z INFO  benchmark_client] Sending sample transaction 522
[2026-05-22T09:18:13.965Z INFO  benchmark_client] Sending sample transaction 523
[2026-05-22T09:18:14.015Z INFO  benchmark_client] Sending sample transaction 524
[2026-05-22T09:18:14.066Z INFO  benchmark_client] Sending sample transaction 525
[2026-05-22T09:18:14.116Z INFO  benchmark_client] Sending sample transaction 526
[2026-05-22T09:18:14.166Z INFO  benchmark_client] Sending sample transaction 527
[2026-05-22T09:18:14.216Z INFO  benchmark_client] Sending sample transaction 528
[2026-05-22T09:18:14.265Z INFO  benchmark_client] Sending sample transaction 529
[2026-05-22T09:18:14.316Z INFO  benchmark_client] Sending sample transaction 530
[2026-05-22T09:18:14.365Z INFO  benchmark_client] Sending sample transaction 531
[2026-05-22T09:18:14.415Z INFO  benchmark_client] Sending sample transaction 532
[2026-05-22T09:18:14.468Z INFO  benchmark_client] Sending sample transaction 533
[2026-05-22T09:18:14.515Z INFO  benchmark_client] Sending sample transaction 534
[2026-05-22T09:18:14.566Z INFO  benchmark_client] Sending sample transaction 535
[2026-05-22T09:18:14.616Z INFO  benchmark_client] Sending sample transaction 536
[2026-05-22T09:18:14.670Z INFO  benchmark_client] Sending sample transaction 537
[2026-05-22T09:18:14.715Z INFO  benchmark_client] Sending sample transaction 538
[2026-05-22T09:18:14.770Z INFO  benchmark_client] Sending sample transaction 539
[2026-05-22T09:18:14.815Z INFO  benchmark_client] Sending sample transaction 540
[2026-05-22T09:18:14.867Z INFO  benchmark_client] Sending sample transaction 541
[2026-05-22T09:18:14.915Z INFO  benchmark_client] Sending sample transaction 542
[2026-05-22T09:18:14.965Z INFO  benchmark_client] Sending sample transaction 543
[2026-05-22T09:18:15.015Z INFO  benchmark_client] Sending sample transaction 544
[2026-05-22T09:18:15.066Z INFO  benchmark_client] Sending sample transaction 545
[2026-05-22T09:18:15.116Z INFO  benchmark_client] Sending sample transaction 546
[2026-05-22T09:18:15.165Z INFO  benchmark_client] Sending sample transaction 547
[2026-05-22T09:18:15.215Z INFO  benchmark_client] Sending sample transaction 548
[2026-05-22T09:18:15.266Z INFO  benchmark_client] Sending sample transaction 549
[2026-05-22T09:18:15.318Z INFO  benchmark_client] Sending sample transaction 550
[2026-05-22T09:18:15.366Z INFO  benchmark_client] Sending sample transaction 551
[2026-05-22T09:18:15.415Z INFO  benchmark_client] Sending sample transaction 552
[2026-05-22T09:18:15.465Z INFO  benchmark_client] Sending sample transaction 553
[2026-05-22T09:18:15.515Z INFO  benchmark_client] Sending sample transaction 554
[2026-05-22T09:18:15.565Z INFO  benchmark_client] Sending sample transaction 555
[2026-05-22T09:18:15.616Z INFO  benchmark_client] Sending sample transaction 556
[2026-05-22T09:18:15.665Z INFO  benchmark_client] Sending sample transaction 557
[2026-05-22T09:18:15.715Z INFO  benchmark_client] Sending sample transaction 558
[2026-05-22T09:18:15.767Z INFO  benchmark_client] Sending sample transaction 559
[2026-05-22T09:18:15.815Z INFO  benchmark_client] Sending sample transaction 560
[2026-05-22T09:18:15.867Z INFO  benchmark_client] Sending sample transaction 561
[2026-05-22T09:18:15.917Z INFO  benchmark_client] Sending sample transaction 562
[2026-05-22T09:18:15.967Z INFO  benchmark_client] Sending sample transaction 563
[2026-05-22T09:18:16.016Z INFO  benchmark_client] Sending sample transaction 564
[2026-05-22T09:18:16.065Z INFO  benchmark_client] Sending sample transaction 565
[2026-05-22T09:18:16.119Z INFO  benchmark_client] Sending sample transaction 566
[2026-05-22T09:18:16.165Z INFO  benchmark_client] Sending sample transaction 567
[2026-05-22T09:18:16.216Z INFO  benchmark_client] Sending sample transaction 568
[2026-05-22T09:18:16.266Z INFO  benchmark_client] Sending sample transaction 569
[2026-05-22T09:18:16.315Z INFO  benchmark_client] Sending sample transaction 570
[2026-05-22T09:18:16.365Z INFO  benchmark_client] Sending sample transaction 571
[2026-05-22T09:18:16.415Z INFO  benchmark_client] Sending sample transaction 572
[2026-05-22T09:18:16.465Z INFO  benchmark_client] Sending sample transaction 573
[2026-05-22T09:18:16.518Z INFO  benchmark_client] Sending sample transaction 574
[2026-05-22T09:18:16.567Z INFO  benchmark_client] Sending sample transaction 575
[2026-05-22T09:18:16.616Z INFO  benchmark_client] Sending sample transaction 576
[2026-05-22T09:18:16.666Z INFO  benchmark_client] Sending sample transaction 577
[2026-05-22T09:18:16.718Z INFO  benchmark_client] Sending sample transaction 578
[2026-05-22T09:18:16.765Z INFO  benchmark_client] Sending sample transaction 579
[2026-05-22T09:18:16.815Z INFO  benchmark_client] Sending sample transaction 580
[2026-05-22T09:18:16.866Z INFO  benchmark_client] Sending sample transaction 581
[2026-05-22T09:18:16.916Z INFO  benchmark_client] Sending sample transaction 582
[2026-05-22T09:18:16.965Z INFO  benchmark_client] Sending sample transaction 583
[2026-05-22T09:18:17.016Z INFO  benchmark_client] Sending sample transaction 584
[2026-05-22T09:18:17.065Z INFO  benchmark_client] Sending sample transaction 585
[2026-05-22T09:18:17.115Z INFO  benchmark_client] Sending sample transaction 586
[2026-05-22T09:18:17.166Z INFO  benchmark_client] Sending sample transaction 587
[2026-05-22T09:18:17.215Z INFO  benchmark_client] Sending sample transaction 588
[2026-05-22T09:18:17.265Z INFO  benchmark_client] Sending sample transaction 589
[2026-05-22T09:18:17.319Z INFO  benchmark_client] Sending sample transaction 590
[2026-05-22T09:18:17.366Z INFO  benchmark_client] Sending sample transaction 591
[2026-05-22T09:18:17.416Z INFO  benchmark_client] Sending sample transaction 592
[2026-05-22T09:18:17.465Z INFO  benchmark_client] Sending sample transaction 593
[2026-05-22T09:18:17.516Z INFO  benchmark_client] Sending sample transaction 594
[2026-05-22T09:18:17.565Z INFO  benchmark_client] Sending sample transaction 595
[2026-05-22T09:18:17.622Z INFO  benchmark_client] Sending sample transaction 596
[2026-05-22T09:18:17.668Z INFO  benchmark_client] Sending sample transaction 597
[2026-05-22T09:18:17.717Z INFO  benchmark_client] Sending sample transaction 598
[2026-05-22T09:18:17.765Z INFO  benchmark_client] Sending sample transaction 599
[2026-05-22T09:18:17.818Z INFO  benchmark_client] Sending sample transaction 600
[2026-05-22T09:18:17.865Z INFO  benchmark_client] Sending sample transaction 601
[2026-05-22T09:18:17.916Z INFO  benchmark_client] Sending sample transaction 602
[2026-05-22T09:18:17.966Z INFO  benchmark_client] Sending sample transaction 603
[2026-05-22T09:18:18.015Z INFO  benchmark_client] Sending sample transaction 604
[2026-05-22T09:18:18.065Z INFO  benchmark_client] Sending sample transaction 605
[2026-05-22T09:18:18.120Z INFO  benchmark_client] Sending sample transaction 606
[2026-05-22T09:18:18.166Z INFO  benchmark_client] Sending sample transaction 607
[2026-05-22T09:18:18.215Z INFO  benchmark_client] Sending sample transaction 608
[2026-05-22T09:18:18.265Z INFO  benchmark_client] Sending sample transaction 609
[2026-05-22T09:18:18.316Z INFO  benchmark_client] Sending sample transaction 610
[2026-05-22T09:18:18.366Z INFO  benchmark_client] Sending sample transaction 611
[2026-05-22T09:18:18.415Z INFO  benchmark_client] Sending sample transaction 612
[2026-05-22T09:18:18.466Z INFO  benchmark_client] Sending sample transaction 613
[2026-05-22T09:18:18.516Z INFO  benchmark_client] Sending sample transaction 614
[2026-05-22T09:18:18.566Z INFO  benchmark_client] Sending sample transaction 615
[2026-05-22T09:18:18.615Z INFO  benchmark_client] Sending sample transaction 616
[2026-05-22T09:18:18.666Z INFO  benchmark_client] Sending sample transaction 617
[2026-05-22T09:18:18.716Z INFO  benchmark_client] Sending sample transaction 618
[2026-05-22T09:18:18.765Z INFO  benchmark_client] Sending sample transaction 619
[2026-05-22T09:18:18.815Z INFO  benchmark_client] Sending sample transaction 620
[2026-05-22T09:18:18.866Z INFO  benchmark_client] Sending sample transaction 621
[2026-05-22T09:18:18.916Z INFO  benchmark_client] Sending sample transaction 622
[2026-05-22T09:18:18.966Z INFO  benchmark_client] Sending sample transaction 623
[2026-05-22T09:18:19.016Z INFO  benchmark_client] Sending sample transaction 624
[2026-05-22T09:18:19.067Z INFO  benchmark_client] Sending sample transaction 625
[2026-05-22T09:18:19.115Z INFO  benchmark_client] Sending sample transaction 626
[2026-05-22T09:18:19.166Z INFO  benchmark_client] Sending sample transaction 627
[2026-05-22T09:18:19.216Z INFO  benchmark_client] Sending sample transaction 628
[2026-05-22T09:18:19.266Z INFO  benchmark_client] Sending sample transaction 629
[2026-05-22T09:18:19.316Z INFO  benchmark_client] Sending sample transaction 630
[2026-05-22T09:18:19.365Z INFO  benchmark_client] Sending sample transaction 631
[2026-05-22T09:18:19.416Z INFO  benchmark_client] Sending sample transaction 632
[2026-05-22T09:18:19.468Z INFO  benchmark_client] Sending sample transaction 633
[2026-05-22T09:18:19.515Z INFO  benchmark_client] Sending sample transaction 634
[2026-05-22T09:18:19.565Z INFO  benchmark_client] Sending sample transaction 635
[2026-05-22T09:18:19.615Z INFO  benchmark_client] Sending sample transaction 636
[2026-05-22T09:18:19.667Z INFO  benchmark_client] Sending sample transaction 637
[2026-05-22T09:18:19.715Z INFO  benchmark_client] Sending sample transaction 638
[2026-05-22T09:18:19.766Z INFO  benchmark_client] Sending sample transaction 639
[2026-05-22T09:18:19.820Z INFO  benchmark_client] Sending sample transaction 640
[2026-05-22T09:18:19.866Z INFO  benchmark_client] Sending sample transaction 641
[2026-05-22T09:18:19.916Z INFO  benchmark_client] Sending sample transaction 642
[2026-05-22T09:18:19.966Z INFO  benchmark_client] Sending sample transaction 643
[2026-05-22T09:18:20.018Z INFO  benchmark_client] Sending sample transaction 644
[2026-05-22T09:18:20.069Z INFO  benchmark_client] Sending sample transaction 645
[2026-05-22T09:18:20.115Z INFO  benchmark_client] Sending sample transaction 646
[2026-05-22T09:18:20.166Z INFO  benchmark_client] Sending sample transaction 647
[2026-05-22T09:18:20.215Z INFO  benchmark_client] Sending sample transaction 648
[2026-05-22T09:18:20.266Z INFO  benchmark_client] Sending sample transaction 649
[2026-05-22T09:18:20.316Z INFO  benchmark_client] Sending sample transaction 650
[2026-05-22T09:18:20.366Z INFO  benchmark_client] Sending sample transaction 651
[2026-05-22T09:18:20.415Z INFO  benchmark_client] Sending sample transaction 652
[2026-05-22T09:18:20.465Z INFO  benchmark_client] Sending sample transaction 653
[2026-05-22T09:18:20.516Z INFO  benchmark_client] Sending sample transaction 654
[2026-05-22T09:18:20.568Z INFO  benchmark_client] Sending sample transaction 655
[2026-05-22T09:18:20.618Z INFO  benchmark_client] Sending sample transaction 656
[2026-05-22T09:18:20.665Z INFO  benchmark_client] Sending sample transaction 657
[2026-05-22T09:18:20.715Z INFO  benchmark_client] Sending sample transaction 658
[2026-05-22T09:18:20.765Z INFO  benchmark_client] Sending sample transaction 659
[2026-05-22T09:18:20.816Z INFO  benchmark_client] Sending sample transaction 660
[2026-05-22T09:18:20.865Z INFO  benchmark_client] Sending sample transaction 661
[2026-05-22T09:18:20.916Z INFO  benchmark_client] Sending sample transaction 662
[2026-05-22T09:18:20.966Z INFO  benchmark_client] Sending sample transaction 663
[2026-05-22T09:18:21.015Z INFO  benchmark_client] Sending sample transaction 664
[2026-05-22T09:18:21.068Z INFO  benchmark_client] Sending sample transaction 665
[2026-05-22T09:18:21.117Z INFO  benchmark_client] Sending sample transaction 666
[2026-05-22T09:18:21.166Z INFO  benchmark_client] Sending sample transaction 667
[2026-05-22T09:18:21.217Z INFO  benchmark_client] Sending sample transaction 668
[2026-05-22T09:18:21.267Z INFO  benchmark_client] Sending sample transaction 669
[2026-05-22T09:18:21.318Z INFO  benchmark_client] Sending sample transaction 670
[2026-05-22T09:18:21.368Z INFO  benchmark_client] Sending sample transaction 671
[2026-05-22T09:18:21.415Z INFO  benchmark_client] Sending sample transaction 672
[2026-05-22T09:18:21.467Z INFO  benchmark_client] Sending sample transaction 673
[2026-05-22T09:18:21.515Z INFO  benchmark_client] Sending sample transaction 674
[2026-05-22T09:18:21.570Z INFO  benchmark_client] Sending sample transaction 675
[2026-05-22T09:18:21.616Z INFO  benchmark_client] Sending sample transaction 676
[2026-05-22T09:18:21.665Z INFO  benchmark_client] Sending sample transaction 677
[2026-05-22T09:18:21.718Z INFO  benchmark_client] Sending sample transaction 678
[2026-05-22T09:18:21.768Z INFO  benchmark_client] Sending sample transaction 679
[2026-05-22T09:18:21.815Z INFO  benchmark_client] Sending sample transaction 680
[2026-05-22T09:18:21.865Z INFO  benchmark_client] Sending sample transaction 681
[2026-05-22T09:18:21.916Z INFO  benchmark_client] Sending sample transaction 682
[2026-05-22T09:18:21.968Z INFO  benchmark_client] Sending sample transaction 683
[2026-05-22T09:18:22.021Z INFO  benchmark_client] Sending sample transaction 684
[2026-05-22T09:18:22.069Z INFO  benchmark_client] Sending sample transaction 685
[2026-05-22T09:18:22.118Z INFO  benchmark_client] Sending sample transaction 686
[2026-05-22T09:18:22.166Z INFO  benchmark_client] Sending sample transaction 687
[2026-05-22T09:18:22.219Z INFO  benchmark_client] Sending sample transaction 688
[2026-05-22T09:18:22.265Z INFO  benchmark_client] Sending sample transaction 689
[2026-05-22T09:18:22.317Z INFO  benchmark_client] Sending sample transaction 690
[2026-05-22T09:18:22.366Z INFO  benchmark_client] Sending sample transaction 691
[2026-05-22T09:18:22.416Z INFO  benchmark_client] Sending sample transaction 692
[2026-05-22T09:18:22.467Z INFO  benchmark_client] Sending sample transaction 693
[2026-05-22T09:18:22.515Z INFO  benchmark_client] Sending sample transaction 694
[2026-05-22T09:18:22.567Z INFO  benchmark_client] Sending sample transaction 695
[2026-05-22T09:18:22.615Z INFO  benchmark_client] Sending sample transaction 696
[2026-05-22T09:18:22.665Z INFO  benchmark_client] Sending sample transaction 697
[2026-05-22T09:18:22.715Z INFO  benchmark_client] Sending sample transaction 698
[2026-05-22T09:18:22.767Z INFO  benchmark_client] Sending sample transaction 699
[2026-05-22T09:18:22.824Z INFO  benchmark_client] Sending sample transaction 700
[2026-05-22T09:18:22.865Z INFO  benchmark_client] Sending sample transaction 701
[2026-05-22T09:18:22.916Z INFO  benchmark_client] Sending sample transaction 702
[2026-05-22T09:18:22.966Z INFO  benchmark_client] Sending sample transaction 703
[2026-05-22T09:18:23.016Z INFO  benchmark_client] Sending sample transaction 704
[2026-05-22T09:18:23.066Z INFO  benchmark_client] Sending sample transaction 705
[2026-05-22T09:18:23.116Z INFO  benchmark_client] Sending sample transaction 706
[2026-05-22T09:18:23.166Z INFO  benchmark_client] Sending sample transaction 707
[2026-05-22T09:18:23.219Z INFO  benchmark_client] Sending sample transaction 708
[2026-05-22T09:18:23.265Z INFO  benchmark_client] Sending sample transaction 709
[2026-05-22T09:18:23.318Z INFO  benchmark_client] Sending sample transaction 710
[2026-05-22T09:18:23.368Z INFO  benchmark_client] Sending sample transaction 711
[2026-05-22T09:18:23.415Z INFO  benchmark_client] Sending sample transaction 712
[2026-05-22T09:18:23.466Z INFO  benchmark_client] Sending sample transaction 713
[2026-05-22T09:18:23.515Z INFO  benchmark_client] Sending sample transaction 714
[2026-05-22T09:18:23.566Z INFO  benchmark_client] Sending sample transaction 715
[2026-05-22T09:18:23.615Z INFO  benchmark_client] Sending sample transaction 716
[2026-05-22T09:18:23.666Z INFO  benchmark_client] Sending sample transaction 717
[2026-05-22T09:18:23.715Z INFO  benchmark_client] Sending sample transaction 718
[2026-05-22T09:18:23.769Z INFO  benchmark_client] Sending sample transaction 719
[2026-05-22T09:18:23.818Z INFO  benchmark_client] Sending sample transaction 720
[2026-05-22T09:18:23.865Z INFO  benchmark_client] Sending sample transaction 721
[2026-05-22T09:18:23.916Z INFO  benchmark_client] Sending sample transaction 722
[2026-05-22T09:18:23.966Z INFO  benchmark_client] Sending sample transaction 723
[2026-05-22T09:18:24.016Z INFO  benchmark_client] Sending sample transaction 724
[2026-05-22T09:18:24.065Z INFO  benchmark_client] Sending sample transaction 725
[2026-05-22T09:18:24.116Z INFO  benchmark_client] Sending sample transaction 726
[2026-05-22T09:18:24.167Z INFO  benchmark_client] Sending sample transaction 727
[2026-05-22T09:18:24.216Z INFO  benchmark_client] Sending sample transaction 728
[2026-05-22T09:18:24.268Z INFO  benchmark_client] Sending sample transaction 729
[2026-05-22T09:18:24.316Z INFO  benchmark_client] Sending sample transaction 730
[2026-05-22T09:18:24.365Z INFO  benchmark_client] Sending sample transaction 731
[2026-05-22T09:18:24.417Z INFO  benchmark_client] Sending sample transaction 732
[2026-05-22T09:18:24.466Z INFO  benchmark_client] Sending sample transaction 733
[2026-05-22T09:18:24.515Z INFO  benchmark_client] Sending sample transaction 734
[2026-05-22T09:18:24.565Z INFO  benchmark_client] Sending sample transaction 735
[2026-05-22T09:18:24.615Z INFO  benchmark_client] Sending sample transaction 736
[2026-05-22T09:18:24.668Z INFO  benchmark_client] Sending sample transaction 737
[2026-05-22T09:18:24.715Z INFO  benchmark_client] Sending sample transaction 738
[2026-05-22T09:18:24.765Z INFO  benchmark_client] Sending sample transaction 739
[2026-05-22T09:18:24.816Z INFO  benchmark_client] Sending sample transaction 740
[2026-05-22T09:18:24.865Z INFO  benchmark_client] Sending sample transaction 741
[2026-05-22T09:18:24.916Z INFO  benchmark_client] Sending sample transaction 742
[2026-05-22T09:18:24.968Z INFO  benchmark_client] Sending sample transaction 743
[2026-05-22T09:18:25.015Z INFO  benchmark_client] Sending sample transaction 744
[2026-05-22T09:18:25.066Z INFO  benchmark_client] Sending sample transaction 745
[2026-05-22T09:18:25.116Z INFO  benchmark_client] Sending sample transaction 746
[2026-05-22T09:18:25.166Z INFO  benchmark_client] Sending sample transaction 747
[2026-05-22T09:18:25.215Z INFO  benchmark_client] Sending sample transaction 748
[2026-05-22T09:18:25.266Z INFO  benchmark_client] Sending sample transaction 749
[2026-05-22T09:18:25.318Z INFO  benchmark_client] Sending sample transaction 750
[2026-05-22T09:18:25.368Z INFO  benchmark_client] Sending sample transaction 751
[2026-05-22T09:18:25.418Z INFO  benchmark_client] Sending sample transaction 752
[2026-05-22T09:18:25.471Z INFO  benchmark_client] Sending sample transaction 753
[2026-05-22T09:18:25.516Z INFO  benchmark_client] Sending sample transaction 754
[2026-05-22T09:18:25.565Z INFO  benchmark_client] Sending sample transaction 755
[2026-05-22T09:18:25.616Z INFO  benchmark_client] Sending sample transaction 756
[2026-05-22T09:18:25.666Z INFO  benchmark_client] Sending sample transaction 757
[2026-05-22T09:18:25.716Z INFO  benchmark_client] Sending sample transaction 758
[2026-05-22T09:18:25.765Z INFO  benchmark_client] Sending sample transaction 759
[2026-05-22T09:18:25.818Z INFO  benchmark_client] Sending sample transaction 760
[2026-05-22T09:18:25.874Z INFO  benchmark_client] Sending sample transaction 761
[2026-05-22T09:18:25.916Z INFO  benchmark_client] Sending sample transaction 762
[2026-05-22T09:18:25.966Z INFO  benchmark_client] Sending sample transaction 763
[2026-05-22T09:18:26.016Z INFO  benchmark_client] Sending sample transaction 764
[2026-05-22T09:18:26.065Z INFO  benchmark_client] Sending sample transaction 765
[2026-05-22T09:18:26.116Z INFO  benchmark_client] Sending sample transaction 766
[2026-05-22T09:18:26.165Z INFO  benchmark_client] Sending sample transaction 767
[2026-05-22T09:18:26.217Z INFO  benchmark_client] Sending sample transaction 768
[2026-05-22T09:18:26.265Z INFO  benchmark_client] Sending sample transaction 769
[2026-05-22T09:18:26.316Z INFO  benchmark_client] Sending sample transaction 770
[2026-05-22T09:18:26.367Z INFO  benchmark_client] Sending sample transaction 771
[2026-05-22T09:18:26.415Z INFO  benchmark_client] Sending sample transaction 772
[2026-05-22T09:18:26.467Z INFO  benchmark_client] Sending sample transaction 773
[2026-05-22T09:18:26.516Z INFO  benchmark_client] Sending sample transaction 774
[2026-05-22T09:18:26.566Z INFO  benchmark_client] Sending sample transaction 775
[2026-05-22T09:18:26.619Z INFO  benchmark_client] Sending sample transaction 776
[2026-05-22T09:18:26.666Z INFO  benchmark_client] Sending sample transaction 777
[2026-05-22T09:18:26.715Z INFO  benchmark_client] Sending sample transaction 778
[2026-05-22T09:18:26.768Z INFO  benchmark_client] Sending sample transaction 779
[2026-05-22T09:18:26.816Z INFO  benchmark_client] Sending sample transaction 780
[2026-05-22T09:18:26.865Z INFO  benchmark_client] Sending sample transaction 781
[2026-05-22T09:18:26.916Z INFO  benchmark_client] Sending sample transaction 782
[2026-05-22T09:18:26.966Z INFO  benchmark_client] Sending sample transaction 783
[2026-05-22T09:18:27.015Z INFO  benchmark_client] Sending sample transaction 784
[2026-05-22T09:18:27.065Z INFO  benchmark_client] Sending sample transaction 785
[2026-05-22T09:18:27.116Z INFO  benchmark_client] Sending sample transaction 786
[2026-05-22T09:18:27.166Z INFO  benchmark_client] Sending sample transaction 787
[2026-05-22T09:18:27.215Z INFO  benchmark_client] Sending sample transaction 788
[2026-05-22T09:18:27.266Z INFO  benchmark_client] Sending sample transaction 789
[2026-05-22T09:18:27.315Z INFO  benchmark_client] Sending sample transaction 790
[2026-05-22T09:18:27.365Z INFO  benchmark_client] Sending sample transaction 791
[2026-05-22T09:18:27.418Z INFO  benchmark_client] Sending sample transaction 792
[2026-05-22T09:18:27.466Z INFO  benchmark_client] Sending sample transaction 793
[2026-05-22T09:18:27.518Z INFO  benchmark_client] Sending sample transaction 794
[2026-05-22T09:18:27.565Z INFO  benchmark_client] Sending sample transaction 795
[2026-05-22T09:18:27.615Z INFO  benchmark_client] Sending sample transaction 796
[2026-05-22T09:18:27.665Z INFO  benchmark_client] Sending sample transaction 797
[2026-05-22T09:18:27.715Z INFO  benchmark_client] Sending sample transaction 798
[2026-05-22T09:18:27.769Z INFO  benchmark_client] Sending sample transaction 799
[2026-05-22T09:18:27.821Z INFO  benchmark_client] Sending sample transaction 800
[2026-05-22T09:18:27.868Z INFO  benchmark_client] Sending sample transaction 801
[2026-05-22T09:18:27.920Z INFO  benchmark_client] Sending sample transaction 802
[2026-05-22T09:18:27.967Z INFO  benchmark_client] Sending sample transaction 803
[2026-05-22T09:18:28.015Z INFO  benchmark_client] Sending sample transaction 804
[2026-05-22T09:18:28.066Z INFO  benchmark_client] Sending sample transaction 805
[2026-05-22T09:18:28.117Z INFO  benchmark_client] Sending sample transaction 806
[2026-05-22T09:18:28.166Z INFO  benchmark_client] Sending sample transaction 807
[2026-05-22T09:18:28.216Z INFO  benchmark_client] Sending sample transaction 808
[2026-05-22T09:18:28.269Z INFO  benchmark_client] Sending sample transaction 809
[2026-05-22T09:18:28.320Z INFO  benchmark_client] Sending sample transaction 810
[2026-05-22T09:18:28.366Z INFO  benchmark_client] Sending sample transaction 811
[2026-05-22T09:18:28.416Z INFO  benchmark_client] Sending sample transaction 812
[2026-05-22T09:18:28.467Z INFO  benchmark_client] Sending sample transaction 813
[2026-05-22T09:18:28.516Z INFO  benchmark_client] Sending sample transaction 814
[2026-05-22T09:18:28.565Z INFO  benchmark_client] Sending sample transaction 815
[2026-05-22T09:18:28.616Z INFO  benchmark_client] Sending sample transaction 816
[2026-05-22T09:18:28.668Z INFO  benchmark_client] Sending sample transaction 817
[2026-05-22T09:18:28.718Z INFO  benchmark_client] Sending sample transaction 818
[2026-05-22T09:18:28.771Z INFO  benchmark_client] Sending sample transaction 819
[2026-05-22T09:18:28.816Z INFO  benchmark_client] Sending sample transaction 820
[2026-05-22T09:18:28.866Z INFO  benchmark_client] Sending sample transaction 821
[2026-05-22T09:18:28.921Z INFO  benchmark_client] Sending sample transaction 822
[2026-05-22T09:18:28.967Z INFO  benchmark_client] Sending sample transaction 823
[2026-05-22T09:18:29.015Z INFO  benchmark_client] Sending sample transaction 824
[2026-05-22T09:18:29.066Z INFO  benchmark_client] Sending sample transaction 825
[2026-05-22T09:18:29.118Z INFO  benchmark_client] Sending sample transaction 826
[2026-05-22T09:18:29.166Z INFO  benchmark_client] Sending sample transaction 827
[2026-05-22T09:18:29.216Z INFO  benchmark_client] Sending sample transaction 828
[2026-05-22T09:18:29.271Z INFO  benchmark_client] Sending sample transaction 829
[2026-05-22T09:18:29.318Z INFO  benchmark_client] Sending sample transaction 830
[2026-05-22T09:18:29.365Z INFO  benchmark_client] Sending sample transaction 831
[2026-05-22T09:18:29.419Z INFO  benchmark_client] Sending sample transaction 832
[2026-05-22T09:18:29.469Z INFO  benchmark_client] Sending sample transaction 833
[2026-05-22T09:18:29.516Z INFO  benchmark_client] Sending sample transaction 834
[2026-05-22T09:18:29.565Z INFO  benchmark_client] Sending sample transaction 835
[2026-05-22T09:18:29.615Z INFO  benchmark_client] Sending sample transaction 836
[2026-05-22T09:18:29.666Z INFO  benchmark_client] Sending sample transaction 837
[2026-05-22T09:18:29.716Z INFO  benchmark_client] Sending sample transaction 838
[2026-05-22T09:18:29.766Z INFO  benchmark_client] Sending sample transaction 839
[2026-05-22T09:18:29.816Z INFO  benchmark_client] Sending sample transaction 840
[2026-05-22T09:18:29.866Z INFO  benchmark_client] Sending sample transaction 841
[2026-05-22T09:18:29.917Z INFO  benchmark_client] Sending sample transaction 842
[2026-05-22T09:18:29.969Z INFO  benchmark_client] Sending sample transaction 843
[2026-05-22T09:18:30.016Z INFO  benchmark_client] Sending sample transaction 844
[2026-05-22T09:18:30.065Z INFO  benchmark_client] Sending sample transaction 845
[2026-05-22T09:18:30.115Z INFO  benchmark_client] Sending sample transaction 846
[2026-05-22T09:18:30.171Z INFO  benchmark_client] Sending sample transaction 847
[2026-05-22T09:18:30.216Z INFO  benchmark_client] Sending sample transaction 848
[2026-05-22T09:18:30.269Z INFO  benchmark_client] Sending sample transaction 849
[2026-05-22T09:18:30.316Z INFO  benchmark_client] Sending sample transaction 850
[2026-05-22T09:18:30.366Z INFO  benchmark_client] Sending sample transaction 851
[2026-05-22T09:18:30.415Z INFO  benchmark_client] Sending sample transaction 852
[2026-05-22T09:18:30.465Z INFO  benchmark_client] Sending sample transaction 853
[2026-05-22T09:18:30.518Z INFO  benchmark_client] Sending sample transaction 854
[2026-05-22T09:18:30.565Z INFO  benchmark_client] Sending sample transaction 855
[2026-05-22T09:18:30.617Z INFO  benchmark_client] Sending sample transaction 856
[2026-05-22T09:18:30.666Z INFO  benchmark_client] Sending sample transaction 857
[2026-05-22T09:18:30.722Z INFO  benchmark_client] Sending sample transaction 858
[2026-05-22T09:18:30.766Z INFO  benchmark_client] Sending sample transaction 859
[2026-05-22T09:18:30.818Z INFO  benchmark_client] Sending sample transaction 860
[2026-05-22T09:18:30.868Z INFO  benchmark_client] Sending sample transaction 861
[2026-05-22T09:18:30.916Z INFO  benchmark_client] Sending sample transaction 862
[2026-05-22T09:18:30.971Z INFO  benchmark_client] Sending sample transaction 863
[2026-05-22T09:18:31.018Z INFO  benchmark_client] Sending sample transaction 864
[2026-05-22T09:18:31.070Z INFO  benchmark_client] Sending sample transaction 865
[2026-05-22T09:18:31.118Z INFO  benchmark_client] Sending sample transaction 866
[2026-05-22T09:18:31.168Z INFO  benchmark_client] Sending sample transaction 867
[2026-05-22T09:18:31.216Z INFO  benchmark_client] Sending sample transaction 868
[2026-05-22T09:18:31.266Z INFO  benchmark_client] Sending sample transaction 869
[2026-05-22T09:18:31.316Z INFO  benchmark_client] Sending sample transaction 870
[2026-05-22T09:18:31.367Z INFO  benchmark_client] Sending sample transaction 871
[2026-05-22T09:18:31.418Z INFO  benchmark_client] Sending sample transaction 872
[2026-05-22T09:18:31.466Z INFO  benchmark_client] Sending sample transaction 873
[2026-05-22T09:18:31.523Z INFO  benchmark_client] Sending sample transaction 874
[2026-05-22T09:18:31.565Z INFO  benchmark_client] Sending sample transaction 875
[2026-05-22T09:18:31.616Z INFO  benchmark_client] Sending sample transaction 876
[2026-05-22T09:18:31.669Z INFO  benchmark_client] Sending sample transaction 877
[2026-05-22T09:18:31.716Z INFO  benchmark_client] Sending sample transaction 878
[2026-05-22T09:18:31.768Z INFO  benchmark_client] Sending sample transaction 879
[2026-05-22T09:18:31.818Z INFO  benchmark_client] Sending sample transaction 880
[2026-05-22T09:18:31.868Z INFO  benchmark_client] Sending sample transaction 881
[2026-05-22T09:18:31.916Z INFO  benchmark_client] Sending sample transaction 882
[2026-05-22T09:18:31.966Z INFO  benchmark_client] Sending sample transaction 883
[2026-05-22T09:18:32.017Z INFO  benchmark_client] Sending sample transaction 884
[2026-05-22T09:18:32.066Z INFO  benchmark_client] Sending sample transaction 885
[2026-05-22T09:18:32.120Z INFO  benchmark_client] Sending sample transaction 886
[2026-05-22T09:18:32.165Z INFO  benchmark_client] Sending sample transaction 887
[2026-05-22T09:18:32.216Z INFO  benchmark_client] Sending sample transaction 888
[2026-05-22T09:18:32.266Z INFO  benchmark_client] Sending sample transaction 889
[2026-05-22T09:18:32.316Z INFO  benchmark_client] Sending sample transaction 890
[2026-05-22T09:18:32.366Z INFO  benchmark_client] Sending sample transaction 891
[2026-05-22T09:18:32.416Z INFO  benchmark_client] Sending sample transaction 892
[2026-05-22T09:18:32.469Z INFO  benchmark_client] Sending sample transaction 893
[2026-05-22T09:18:32.518Z INFO  benchmark_client] Sending sample transaction 894
