[2026-05-22T09:19:07.047Z INFO  benchmark_client] Node address: 136.118.77.161:5033
[2026-05-22T09:19:07.047Z INFO  benchmark_client] Transactions size: 512 B
[2026-05-22T09:19:07.047Z INFO  benchmark_client] Transactions rate: 23334 tx/s
[2026-05-22T09:19:07.047Z INFO  benchmark_client] Waiting for all nodes to be online...
[2026-05-22T09:19:07.209Z INFO  benchmark_client] Start sending transactions
[2026-05-22T09:19:07.211Z INFO  benchmark_client] Sending sample transaction 0
[2026-05-22T09:19:07.262Z INFO  benchmark_client] Sending sample transaction 1
[2026-05-22T09:19:07.311Z INFO  benchmark_client] Sending sample transaction 2
[2026-05-22T09:19:07.360Z INFO  benchmark_client] Sending sample transaction 3
[2026-05-22T09:19:07.410Z INFO  benchmark_client] Sending sample transaction 4
[2026-05-22T09:19:07.461Z INFO  benchmark_client] Sending sample transaction 5
[2026-05-22T09:19:07.512Z INFO  benchmark_client] Sending sample transaction 6
[2026-05-22T09:19:07.561Z INFO  benchmark_client] Sending sample transaction 7
[2026-05-22T09:19:07.611Z INFO  benchmark_client] Sending sample transaction 8
[2026-05-22T09:19:07.660Z INFO  benchmark_client] Sending sample transaction 9
[2026-05-22T09:19:07.711Z INFO  benchmark_client] Sending sample transaction 10
[2026-05-22T09:19:07.760Z INFO  benchmark_client] Sending sample transaction 11
[2026-05-22T09:19:07.810Z INFO  benchmark_client] Sending sample transaction 12
[2026-05-22T09:19:07.861Z INFO  benchmark_client] Sending sample transaction 13
[2026-05-22T09:19:07.910Z INFO  benchmark_client] Sending sample transaction 14
[2026-05-22T09:19:07.963Z INFO  benchmark_client] Sending sample transaction 15
[2026-05-22T09:19:08.010Z INFO  benchmark_client] Sending sample transaction 16
[2026-05-22T09:19:08.061Z INFO  benchmark_client] Sending sample transaction 17
[2026-05-22T09:19:08.110Z INFO  benchmark_client] Sending sample transaction 18
[2026-05-22T09:19:08.161Z INFO  benchmark_client] Sending sample transaction 19
[2026-05-22T09:19:08.210Z INFO  benchmark_client] Sending sample transaction 20
[2026-05-22T09:19:08.260Z INFO  benchmark_client] Sending sample transaction 21
[2026-05-22T09:19:08.313Z INFO  benchmark_client] Sending sample transaction 22
[2026-05-22T09:19:08.360Z INFO  benchmark_client] Sending sample transaction 23
[2026-05-22T09:19:08.411Z INFO  benchmark_client] Sending sample transaction 24
[2026-05-22T09:19:08.463Z INFO  benchmark_client] Sending sample transaction 25
[2026-05-22T09:19:08.510Z INFO  benchmark_client] Sending sample transaction 26
[2026-05-22T09:19:08.560Z INFO  benchmark_client] Sending sample transaction 27
[2026-05-22T09:19:08.611Z INFO  benchmark_client] Sending sample transaction 28
[2026-05-22T09:19:08.661Z INFO  benchmark_client] Sending sample transaction 29
[2026-05-22T09:19:08.712Z INFO  benchmark_client] Sending sample transaction 30
[2026-05-22T09:19:08.760Z INFO  benchmark_client] Sending sample transaction 31
[2026-05-22T09:19:08.812Z INFO  benchmark_client] Sending sample transaction 32
[2026-05-22T09:19:08.861Z INFO  benchmark_client] Sending sample transaction 33
[2026-05-22T09:19:08.911Z INFO  benchmark_client] Sending sample transaction 34
[2026-05-22T09:19:08.962Z INFO  benchmark_client] Sending sample transaction 35
[2026-05-22T09:19:09.010Z INFO  benchmark_client] Sending sample transaction 36
[2026-05-22T09:19:09.060Z INFO  benchmark_client] Sending sample transaction 37
[2026-05-22T09:19:09.111Z INFO  benchmark_client] Sending sample transaction 38
[2026-05-22T09:19:09.161Z INFO  benchmark_client] Sending sample transaction 39
[2026-05-22T09:19:09.211Z INFO  benchmark_client] Sending sample transaction 40
[2026-05-22T09:19:09.261Z INFO  benchmark_client] Sending sample transaction 41
[2026-05-22T09:19:09.311Z INFO  benchmark_client] Sending sample transaction 42
[2026-05-22T09:19:09.362Z INFO  benchmark_client] Sending sample transaction 43
[2026-05-22T09:19:09.411Z INFO  benchmark_client] Sending sample transaction 44
[2026-05-22T09:19:09.461Z INFO  benchmark_client] Sending sample transaction 45
[2026-05-22T09:19:09.511Z INFO  benchmark_client] Sending sample transaction 46
[2026-05-22T09:19:09.561Z INFO  benchmark_client] Sending sample transaction 47
[2026-05-22T09:19:09.610Z INFO  benchmark_client] Sending sample transaction 48
[2026-05-22T09:19:09.660Z INFO  benchmark_client] Sending sample transaction 49
[2026-05-22T09:19:09.714Z INFO  benchmark_client] Sending sample transaction 50
[2026-05-22T09:19:09.761Z INFO  benchmark_client] Sending sample transaction 51
[2026-05-22T09:19:09.813Z INFO  benchmark_client] Sending sample transaction 52
[2026-05-22T09:19:09.863Z INFO  benchmark_client] Sending sample transaction 53
[2026-05-22T09:19:09.910Z INFO  benchmark_client] Sending sample transaction 54
[2026-05-22T09:19:09.965Z INFO  benchmark_client] Sending sample transaction 55
[2026-05-22T09:19:10.012Z INFO  benchmark_client] Sending sample transaction 56
[2026-05-22T09:19:10.061Z INFO  benchmark_client] Sending sample transaction 57
[2026-05-22T09:19:10.112Z INFO  benchmark_client] Sending sample transaction 58
[2026-05-22T09:19:10.161Z INFO  benchmark_client] Sending sample transaction 59
[2026-05-22T09:19:10.211Z INFO  benchmark_client] Sending sample transaction 60
[2026-05-22T09:19:10.261Z INFO  benchmark_client] Sending sample transaction 61
[2026-05-22T09:19:10.313Z INFO  benchmark_client] Sending sample transaction 62
[2026-05-22T09:19:10.360Z INFO  benchmark_client] Sending sample transaction 63
[2026-05-22T09:19:10.412Z INFO  benchmark_client] Sending sample transaction 64
[2026-05-22T09:19:10.464Z INFO  benchmark_client] Sending sample transaction 65
[2026-05-22T09:19:10.512Z INFO  benchmark_client] Sending sample transaction 66
[2026-05-22T09:19:10.563Z INFO  benchmark_client] Sending sample transaction 67
[2026-05-22T09:19:10.614Z INFO  benchmark_client] Sending sample transaction 68
[2026-05-22T09:19:10.660Z INFO  benchmark_client] Sending sample transaction 69
[2026-05-22T09:19:10.711Z INFO  benchmark_client] Sending sample transaction 70
[2026-05-22T09:19:10.761Z INFO  benchmark_client] Sending sample transaction 71
[2026-05-22T09:19:10.811Z INFO  benchmark_client] Sending sample transaction 72
[2026-05-22T09:19:10.861Z INFO  benchmark_client] Sending sample transaction 73
[2026-05-22T09:19:10.911Z INFO  benchmark_client] Sending sample transaction 74
[2026-05-22T09:19:10.961Z INFO  benchmark_client] Sending sample transaction 75
[2026-05-22T09:19:11.011Z INFO  benchmark_client] Sending sample transaction 76
[2026-05-22T09:19:11.061Z INFO  benchmark_client] Sending sample transaction 77
[2026-05-22T09:19:11.111Z INFO  benchmark_client] Sending sample transaction 78
[2026-05-22T09:19:11.161Z INFO  benchmark_client] Sending sample transaction 79
[2026-05-22T09:19:11.212Z INFO  benchmark_client] Sending sample transaction 80
[2026-05-22T09:19:11.263Z INFO  benchmark_client] Sending sample transaction 81
[2026-05-22T09:19:11.312Z INFO  benchmark_client] Sending sample transaction 82
[2026-05-22T09:19:11.361Z INFO  benchmark_client] Sending sample transaction 83
[2026-05-22T09:19:11.411Z INFO  benchmark_client] Sending sample transaction 84
[2026-05-22T09:19:11.461Z INFO  benchmark_client] Sending sample transaction 85
[2026-05-22T09:19:11.511Z INFO  benchmark_client] Sending sample transaction 86
[2026-05-22T09:19:11.560Z INFO  benchmark_client] Sending sample transaction 87
[2026-05-22T09:19:11.612Z INFO  benchmark_client] Sending sample transaction 88
[2026-05-22T09:19:11.661Z INFO  benchmark_client] Sending sample transaction 89
[2026-05-22T09:19:11.711Z INFO  benchmark_client] Sending sample transaction 90
[2026-05-22T09:19:11.761Z INFO  benchmark_client] Sending sample transaction 91
[2026-05-22T09:19:11.811Z INFO  benchmark_client] Sending sample transaction 92
[2026-05-22T09:19:11.861Z INFO  benchmark_client] Sending sample transaction 93
[2026-05-22T09:19:11.911Z INFO  benchmark_client] Sending sample transaction 94
[2026-05-22T09:19:11.961Z INFO  benchmark_client] Sending sample transaction 95
[2026-05-22T09:19:12.011Z INFO  benchmark_client] Sending sample transaction 96
[2026-05-22T09:19:12.061Z INFO  benchmark_client] Sending sample transaction 97
[2026-05-22T09:19:12.111Z INFO  benchmark_client] Sending sample transaction 98
[2026-05-22T09:19:12.163Z INFO  benchmark_client] Sending sample transaction 99
[2026-05-22T09:19:12.211Z INFO  benchmark_client] Sending sample transaction 100
[2026-05-22T09:19:12.260Z INFO  benchmark_client] Sending sample transaction 101
[2026-05-22T09:19:12.311Z INFO  benchmark_client] Sending sample transaction 102
[2026-05-22T09:19:12.361Z INFO  benchmark_client] Sending sample transaction 103
[2026-05-22T09:19:12.411Z INFO  benchmark_client] Sending sample transaction 104
[2026-05-22T09:19:12.461Z INFO  benchmark_client] Sending sample transaction 105
[2026-05-22T09:19:12.513Z INFO  benchmark_client] Sending sample transaction 106
[2026-05-22T09:19:12.561Z INFO  benchmark_client] Sending sample transaction 107
[2026-05-22T09:19:12.611Z INFO  benchmark_client] Sending sample transaction 108
[2026-05-22T09:19:12.664Z INFO  benchmark_client] Sending sample transaction 109
[2026-05-22T09:19:12.710Z INFO  benchmark_client] Sending sample transaction 110
[2026-05-22T09:19:12.761Z INFO  benchmark_client] Sending sample transaction 111
[2026-05-22T09:19:12.814Z INFO  benchmark_client] Sending sample transaction 112
[2026-05-22T09:19:12.863Z INFO  benchmark_client] Sending sample transaction 113
[2026-05-22T09:19:12.910Z INFO  benchmark_client] Sending sample transaction 114
[2026-05-22T09:19:12.961Z INFO  benchmark_client] Sending sample transaction 115
[2026-05-22T09:19:13.011Z INFO  benchmark_client] Sending sample transaction 116
[2026-05-22T09:19:13.061Z INFO  benchmark_client] Sending sample transaction 117
[2026-05-22T09:19:13.112Z INFO  benchmark_client] Sending sample transaction 118
[2026-05-22T09:19:13.161Z INFO  benchmark_client] Sending sample transaction 119
[2026-05-22T09:19:13.210Z INFO  benchmark_client] Sending sample transaction 120
[2026-05-22T09:19:13.261Z INFO  benchmark_client] Sending sample transaction 121
[2026-05-22T09:19:13.310Z INFO  benchmark_client] Sending sample transaction 122
[2026-05-22T09:19:13.361Z INFO  benchmark_client] Sending sample transaction 123
[2026-05-22T09:19:13.410Z INFO  benchmark_client] Sending sample transaction 124
[2026-05-22T09:19:13.461Z INFO  benchmark_client] Sending sample transaction 125
[2026-05-22T09:19:13.510Z INFO  benchmark_client] Sending sample transaction 126
[2026-05-22T09:19:13.561Z INFO  benchmark_client] Sending sample transaction 127
[2026-05-22T09:19:13.612Z INFO  benchmark_client] Sending sample transaction 128
[2026-05-22T09:19:13.661Z INFO  benchmark_client] Sending sample transaction 129
[2026-05-22T09:19:13.711Z INFO  benchmark_client] Sending sample transaction 130
[2026-05-22T09:19:13.761Z INFO  benchmark_client] Sending sample transaction 131
[2026-05-22T09:19:13.811Z INFO  benchmark_client] Sending sample transaction 132
[2026-05-22T09:19:13.861Z INFO  benchmark_client] Sending sample transaction 133
[2026-05-22T09:19:13.911Z INFO  benchmark_client] Sending sample transaction 134
[2026-05-22T09:19:13.961Z INFO  benchmark_client] Sending sample transaction 135
[2026-05-22T09:19:14.011Z INFO  benchmark_client] Sending sample transaction 136
[2026-05-22T09:19:14.061Z INFO  benchmark_client] Sending sample transaction 137
[2026-05-22T09:19:14.112Z INFO  benchmark_client] Sending sample transaction 138
[2026-05-22T09:19:14.161Z INFO  benchmark_client] Sending sample transaction 139
[2026-05-22T09:19:14.211Z INFO  benchmark_client] Sending sample transaction 140
[2026-05-22T09:19:14.261Z INFO  benchmark_client] Sending sample transaction 141
[2026-05-22T09:19:14.311Z INFO  benchmark_client] Sending sample transaction 142
[2026-05-22T09:19:14.360Z INFO  benchmark_client] Sending sample transaction 143
[2026-05-22T09:19:14.412Z INFO  benchmark_client] Sending sample transaction 144
[2026-05-22T09:19:14.461Z INFO  benchmark_client] Sending sample transaction 145
[2026-05-22T09:19:14.511Z INFO  benchmark_client] Sending sample transaction 146
[2026-05-22T09:19:14.561Z INFO  benchmark_client] Sending sample transaction 147
[2026-05-22T09:19:14.610Z INFO  benchmark_client] Sending sample transaction 148
[2026-05-22T09:19:14.662Z INFO  benchmark_client] Sending sample transaction 149
[2026-05-22T09:19:14.713Z INFO  benchmark_client] Sending sample transaction 150
[2026-05-22T09:19:14.761Z INFO  benchmark_client] Sending sample transaction 151
[2026-05-22T09:19:14.811Z INFO  benchmark_client] Sending sample transaction 152
[2026-05-22T09:19:14.861Z INFO  benchmark_client] Sending sample transaction 153
[2026-05-22T09:19:14.911Z INFO  benchmark_client] Sending sample transaction 154
[2026-05-22T09:19:14.960Z INFO  benchmark_client] Sending sample transaction 155
[2026-05-22T09:19:15.012Z INFO  benchmark_client] Sending sample transaction 156
[2026-05-22T09:19:15.061Z INFO  benchmark_client] Sending sample transaction 157
[2026-05-22T09:19:15.110Z INFO  benchmark_client] Sending sample transaction 158
[2026-05-22T09:19:15.161Z INFO  benchmark_client] Sending sample transaction 159
[2026-05-22T09:19:15.210Z INFO  benchmark_client] Sending sample transaction 160
[2026-05-22T09:19:15.261Z INFO  benchmark_client] Sending sample transaction 161
[2026-05-22T09:19:15.311Z INFO  benchmark_client] Sending sample transaction 162
[2026-05-22T09:19:15.361Z INFO  benchmark_client] Sending sample transaction 163
[2026-05-22T09:19:15.411Z INFO  benchmark_client] Sending sample transaction 164
[2026-05-22T09:19:15.461Z INFO  benchmark_client] Sending sample transaction 165
[2026-05-22T09:19:15.511Z INFO  benchmark_client] Sending sample transaction 166
[2026-05-22T09:19:15.560Z INFO  benchmark_client] Sending sample transaction 167
[2026-05-22T09:19:15.611Z INFO  benchmark_client] Sending sample transaction 168
[2026-05-22T09:19:15.661Z INFO  benchmark_client] Sending sample transaction 169
[2026-05-22T09:19:15.710Z INFO  benchmark_client] Sending sample transaction 170
[2026-05-22T09:19:15.761Z INFO  benchmark_client] Sending sample transaction 171
[2026-05-22T09:19:15.810Z INFO  benchmark_client] Sending sample transaction 172
[2026-05-22T09:19:15.861Z INFO  benchmark_client] Sending sample transaction 173
[2026-05-22T09:19:15.911Z INFO  benchmark_client] Sending sample transaction 174
[2026-05-22T09:19:15.961Z INFO  benchmark_client] Sending sample transaction 175
[2026-05-22T09:19:16.011Z INFO  benchmark_client] Sending sample transaction 176
[2026-05-22T09:19:16.063Z INFO  benchmark_client] Sending sample transaction 177
[2026-05-22T09:19:16.111Z INFO  benchmark_client] Sending sample transaction 178
[2026-05-22T09:19:16.162Z INFO  benchmark_client] Sending sample transaction 179
[2026-05-22T09:19:16.210Z INFO  benchmark_client] Sending sample transaction 180
[2026-05-22T09:19:16.261Z INFO  benchmark_client] Sending sample transaction 181
[2026-05-22T09:19:16.312Z INFO  benchmark_client] Sending sample transaction 182
[2026-05-22T09:19:16.362Z INFO  benchmark_client] Sending sample transaction 183
[2026-05-22T09:19:16.411Z INFO  benchmark_client] Sending sample transaction 184
[2026-05-22T09:19:16.461Z INFO  benchmark_client] Sending sample transaction 185
[2026-05-22T09:19:16.516Z INFO  benchmark_client] Sending sample transaction 186
[2026-05-22T09:19:16.561Z INFO  benchmark_client] Sending sample transaction 187
[2026-05-22T09:19:16.614Z INFO  benchmark_client] Sending sample transaction 188
[2026-05-22T09:19:16.661Z INFO  benchmark_client] Sending sample transaction 189
[2026-05-22T09:19:16.711Z INFO  benchmark_client] Sending sample transaction 190
[2026-05-22T09:19:16.760Z INFO  benchmark_client] Sending sample transaction 191
[2026-05-22T09:19:16.812Z INFO  benchmark_client] Sending sample transaction 192
[2026-05-22T09:19:16.861Z INFO  benchmark_client] Sending sample transaction 193
[2026-05-22T09:19:16.911Z INFO  benchmark_client] Sending sample transaction 194
[2026-05-22T09:19:16.961Z INFO  benchmark_client] Sending sample transaction 195
[2026-05-22T09:19:17.011Z INFO  benchmark_client] Sending sample transaction 196
[2026-05-22T09:19:17.061Z INFO  benchmark_client] Sending sample transaction 197
[2026-05-22T09:19:17.111Z INFO  benchmark_client] Sending sample transaction 198
[2026-05-22T09:19:17.161Z INFO  benchmark_client] Sending sample transaction 199
[2026-05-22T09:19:17.215Z INFO  benchmark_client] Sending sample transaction 200
[2026-05-22T09:19:17.262Z INFO  benchmark_client] Sending sample transaction 201
[2026-05-22T09:19:17.310Z INFO  benchmark_client] Sending sample transaction 202
[2026-05-22T09:19:17.361Z INFO  benchmark_client] Sending sample transaction 203
[2026-05-22T09:19:17.411Z INFO  benchmark_client] Sending sample transaction 204
[2026-05-22T09:19:17.461Z INFO  benchmark_client] Sending sample transaction 205
[2026-05-22T09:19:17.510Z INFO  benchmark_client] Sending sample transaction 206
[2026-05-22T09:19:17.561Z INFO  benchmark_client] Sending sample transaction 207
[2026-05-22T09:19:17.611Z INFO  benchmark_client] Sending sample transaction 208
[2026-05-22T09:19:17.660Z INFO  benchmark_client] Sending sample transaction 209
[2026-05-22T09:19:17.711Z INFO  benchmark_client] Sending sample transaction 210
[2026-05-22T09:19:17.761Z INFO  benchmark_client] Sending sample transaction 211
[2026-05-22T09:19:17.811Z INFO  benchmark_client] Sending sample transaction 212
[2026-05-22T09:19:17.863Z INFO  benchmark_client] Sending sample transaction 213
[2026-05-22T09:19:17.912Z INFO  benchmark_client] Sending sample transaction 214
[2026-05-22T09:19:17.961Z INFO  benchmark_client] Sending sample transaction 215
[2026-05-22T09:19:18.011Z INFO  benchmark_client] Sending sample transaction 216
[2026-05-22T09:19:18.061Z INFO  benchmark_client] Sending sample transaction 217
[2026-05-22T09:19:18.111Z INFO  benchmark_client] Sending sample transaction 218
[2026-05-22T09:19:18.162Z INFO  benchmark_client] Sending sample transaction 219
[2026-05-22T09:19:18.210Z INFO  benchmark_client] Sending sample transaction 220
[2026-05-22T09:19:18.261Z INFO  benchmark_client] Sending sample transaction 221
[2026-05-22T09:19:18.312Z INFO  benchmark_client] Sending sample transaction 222
[2026-05-22T09:19:18.364Z INFO  benchmark_client] Sending sample transaction 223
[2026-05-22T09:19:18.411Z INFO  benchmark_client] Sending sample transaction 224
[2026-05-22T09:19:18.461Z INFO  benchmark_client] Sending sample transaction 225
[2026-05-22T09:19:18.511Z INFO  benchmark_client] Sending sample transaction 226
[2026-05-22T09:19:18.560Z INFO  benchmark_client] Sending sample transaction 227
[2026-05-22T09:19:18.613Z INFO  benchmark_client] Sending sample transaction 228
[2026-05-22T09:19:18.661Z INFO  benchmark_client] Sending sample transaction 229
[2026-05-22T09:19:18.712Z INFO  benchmark_client] Sending sample transaction 230
[2026-05-22T09:19:18.761Z INFO  benchmark_client] Sending sample transaction 231
[2026-05-22T09:19:18.811Z INFO  benchmark_client] Sending sample transaction 232
[2026-05-22T09:19:18.860Z INFO  benchmark_client] Sending sample transaction 233
[2026-05-22T09:19:18.910Z INFO  benchmark_client] Sending sample transaction 234
[2026-05-22T09:19:18.961Z INFO  benchmark_client] Sending sample transaction 235
[2026-05-22T09:19:19.011Z INFO  benchmark_client] Sending sample transaction 236
[2026-05-22T09:19:19.061Z INFO  benchmark_client] Sending sample transaction 237
[2026-05-22T09:19:19.111Z INFO  benchmark_client] Sending sample transaction 238
[2026-05-22T09:19:19.161Z INFO  benchmark_client] Sending sample transaction 239
[2026-05-22T09:19:19.394Z WARN  benchmark_client] Transaction rate too high for this client
[2026-05-22T09:19:19.398Z INFO  benchmark_client] Sending sample transaction 240
[2026-05-22T09:19:19.402Z INFO  benchmark_client] Sending sample transaction 241
[2026-05-22T09:19:19.407Z INFO  benchmark_client] Sending sample transaction 242
[2026-05-22T09:19:19.456Z INFO  benchmark_client] Sending sample transaction 243
[2026-05-22T09:19:19.461Z INFO  benchmark_client] Sending sample transaction 244
[2026-05-22T09:19:19.538Z INFO  benchmark_client] Sending sample transaction 245
[2026-05-22T09:19:19.539Z WARN  benchmark_client] Transaction rate too high for this client
[2026-05-22T09:19:19.543Z INFO  benchmark_client] Sending sample transaction 246
[2026-05-22T09:19:19.561Z INFO  benchmark_client] Sending sample transaction 247
[2026-05-22T09:19:19.612Z INFO  benchmark_client] Sending sample transaction 248
[2026-05-22T09:19:19.661Z INFO  benchmark_client] Sending sample transaction 249
[2026-05-22T09:19:19.712Z INFO  benchmark_client] Sending sample transaction 250
[2026-05-22T09:19:19.762Z INFO  benchmark_client] Sending sample transaction 251
[2026-05-22T09:19:19.811Z INFO  benchmark_client] Sending sample transaction 252
[2026-05-22T09:19:19.861Z INFO  benchmark_client] Sending sample transaction 253
[2026-05-22T09:19:19.911Z INFO  benchmark_client] Sending sample transaction 254
[2026-05-22T09:19:19.963Z INFO  benchmark_client] Sending sample transaction 255
[2026-05-22T09:19:20.013Z INFO  benchmark_client] Sending sample transaction 256
[2026-05-22T09:19:20.061Z INFO  benchmark_client] Sending sample transaction 257
[2026-05-22T09:19:20.111Z INFO  benchmark_client] Sending sample transaction 258
[2026-05-22T09:19:20.161Z INFO  benchmark_client] Sending sample transaction 259
[2026-05-22T09:19:20.212Z INFO  benchmark_client] Sending sample transaction 260
[2026-05-22T09:19:20.262Z INFO  benchmark_client] Sending sample transaction 261
[2026-05-22T09:19:20.311Z INFO  benchmark_client] Sending sample transaction 262
[2026-05-22T09:19:20.366Z INFO  benchmark_client] Sending sample transaction 263
[2026-05-22T09:19:20.411Z INFO  benchmark_client] Sending sample transaction 264
[2026-05-22T09:19:20.461Z INFO  benchmark_client] Sending sample transaction 265
[2026-05-22T09:19:20.511Z INFO  benchmark_client] Sending sample transaction 266
[2026-05-22T09:19:20.561Z INFO  benchmark_client] Sending sample transaction 267
[2026-05-22T09:19:20.611Z INFO  benchmark_client] Sending sample transaction 268
[2026-05-22T09:19:20.662Z INFO  benchmark_client] Sending sample transaction 269
[2026-05-22T09:19:20.712Z INFO  benchmark_client] Sending sample transaction 270
[2026-05-22T09:19:20.761Z INFO  benchmark_client] Sending sample transaction 271
[2026-05-22T09:19:20.811Z INFO  benchmark_client] Sending sample transaction 272
[2026-05-22T09:19:20.861Z INFO  benchmark_client] Sending sample transaction 273
[2026-05-22T09:19:20.910Z INFO  benchmark_client] Sending sample transaction 274
[2026-05-22T09:19:20.961Z INFO  benchmark_client] Sending sample transaction 275
[2026-05-22T09:19:21.011Z INFO  benchmark_client] Sending sample transaction 276
[2026-05-22T09:19:21.292Z WARN  benchmark_client] Transaction rate too high for this client
[2026-05-22T09:19:21.293Z INFO  benchmark_client] Sending sample transaction 277
[2026-05-22T09:19:21.301Z INFO  benchmark_client] Sending sample transaction 278
[2026-05-22T09:19:21.439Z WARN  benchmark_client] Transaction rate too high for this client
[2026-05-22T09:19:21.439Z INFO  benchmark_client] Sending sample transaction 279
[2026-05-22T09:19:21.446Z INFO  benchmark_client] Sending sample transaction 280
[2026-05-22T09:19:21.454Z INFO  benchmark_client] Sending sample transaction 281
[2026-05-22T09:19:21.461Z INFO  benchmark_client] Sending sample transaction 282
[2026-05-22T09:19:21.467Z INFO  benchmark_client] Sending sample transaction 283
[2026-05-22T09:19:21.626Z WARN  benchmark_client] Transaction rate too high for this client
[2026-05-22T09:19:21.627Z INFO  benchmark_client] Sending sample transaction 284
[2026-05-22T09:19:21.631Z INFO  benchmark_client] Sending sample transaction 285
[2026-05-22T09:19:21.797Z INFO  benchmark_client] Sending sample transaction 286
[2026-05-22T09:19:21.803Z WARN  benchmark_client] Transaction rate too high for this client
[2026-05-22T09:19:21.803Z INFO  benchmark_client] Sending sample transaction 287
[2026-05-22T09:19:21.810Z INFO  benchmark_client] Sending sample transaction 288
[2026-05-22T09:19:21.921Z WARN  benchmark_client] Transaction rate too high for this client
[2026-05-22T09:19:21.922Z INFO  benchmark_client] Sending sample transaction 289
[2026-05-22T09:19:21.924Z INFO  benchmark_client] Sending sample transaction 290
[2026-05-22T09:19:21.928Z INFO  benchmark_client] Sending sample transaction 291
[2026-05-22T09:19:22.029Z WARN  benchmark_client] Transaction rate too high for this client
[2026-05-22T09:19:22.030Z INFO  benchmark_client] Sending sample transaction 292
[2026-05-22T09:19:22.036Z INFO  benchmark_client] Sending sample transaction 293
[2026-05-22T09:19:22.099Z WARN  benchmark_client] Transaction rate too high for this client
[2026-05-22T09:19:22.100Z INFO  benchmark_client] Sending sample transaction 294
[2026-05-22T09:19:22.102Z INFO  benchmark_client] Sending sample transaction 295
[2026-05-22T09:19:22.107Z INFO  benchmark_client] Sending sample transaction 296
[2026-05-22T09:19:22.135Z INFO  benchmark_client] Sending sample transaction 297
[2026-05-22T09:19:22.143Z INFO  benchmark_client] Sending sample transaction 298
[2026-05-22T09:19:22.161Z INFO  benchmark_client] Sending sample transaction 299
[2026-05-22T09:19:22.211Z INFO  benchmark_client] Sending sample transaction 300
[2026-05-22T09:19:22.261Z INFO  benchmark_client] Sending sample transaction 301
[2026-05-22T09:19:22.314Z INFO  benchmark_client] Sending sample transaction 302
[2026-05-22T09:19:22.362Z INFO  benchmark_client] Sending sample transaction 303
[2026-05-22T09:19:22.453Z WARN  benchmark_client] Transaction rate too high for this client
[2026-05-22T09:19:22.454Z INFO  benchmark_client] Sending sample transaction 304
[2026-05-22T09:19:22.464Z INFO  benchmark_client] Sending sample transaction 305
[2026-05-22T09:19:22.600Z WARN  benchmark_client] Transaction rate too high for this client
[2026-05-22T09:19:22.602Z INFO  benchmark_client] Sending sample transaction 306
[2026-05-22T09:19:22.609Z INFO  benchmark_client] Sending sample transaction 307
[2026-05-22T09:19:22.750Z WARN  benchmark_client] Transaction rate too high for this client
[2026-05-22T09:19:22.751Z INFO  benchmark_client] Sending sample transaction 308
[2026-05-22T09:19:22.755Z INFO  benchmark_client] Sending sample transaction 309
[2026-05-22T09:19:22.759Z INFO  benchmark_client] Sending sample transaction 310
[2026-05-22T09:19:22.831Z WARN  benchmark_client] Transaction rate too high for this client
[2026-05-22T09:19:22.838Z INFO  benchmark_client] Sending sample transaction 311
[2026-05-22T09:19:22.845Z INFO  benchmark_client] Sending sample transaction 312
[2026-05-22T09:19:22.861Z INFO  benchmark_client] Sending sample transaction 313
[2026-05-22T09:19:22.911Z INFO  benchmark_client] Sending sample transaction 314
[2026-05-22T09:19:22.960Z INFO  benchmark_client] Sending sample transaction 315
[2026-05-22T09:19:23.013Z INFO  benchmark_client] Sending sample transaction 316
[2026-05-22T09:19:23.061Z INFO  benchmark_client] Sending sample transaction 317
[2026-05-22T09:19:23.348Z WARN  benchmark_client] Transaction rate too high for this client
[2026-05-22T09:19:23.349Z INFO  benchmark_client] Sending sample transaction 318
[2026-05-22T09:19:23.360Z INFO  benchmark_client] Sending sample transaction 319
[2026-05-22T09:19:23.366Z INFO  benchmark_client] Sending sample transaction 320
[2026-05-22T09:19:23.474Z WARN  benchmark_client] Transaction rate too high for this client
[2026-05-22T09:19:23.477Z INFO  benchmark_client] Sending sample transaction 321
[2026-05-22T09:19:23.485Z INFO  benchmark_client] Sending sample transaction 322
[2026-05-22T09:19:23.634Z WARN  benchmark_client] Transaction rate too high for this client
[2026-05-22T09:19:23.636Z INFO  benchmark_client] Sending sample transaction 323
[2026-05-22T09:19:23.647Z INFO  benchmark_client] Sending sample transaction 324
[2026-05-22T09:19:23.853Z WARN  benchmark_client] Transaction rate too high for this client
[2026-05-22T09:19:23.854Z INFO  benchmark_client] Sending sample transaction 325
[2026-05-22T09:19:23.861Z INFO  benchmark_client] Sending sample transaction 326
[2026-05-22T09:19:23.957Z INFO  benchmark_client] Sending sample transaction 327
[2026-05-22T09:19:23.961Z WARN  benchmark_client] Transaction rate too high for this client
[2026-05-22T09:19:23.962Z INFO  benchmark_client] Sending sample transaction 328
[2026-05-22T09:19:23.966Z INFO  benchmark_client] Sending sample transaction 329
[2026-05-22T09:19:24.020Z WARN  benchmark_client] Transaction rate too high for this client
[2026-05-22T09:19:24.021Z INFO  benchmark_client] Sending sample transaction 330
[2026-05-22T09:19:24.028Z INFO  benchmark_client] Sending sample transaction 331
[2026-05-22T09:19:24.091Z INFO  benchmark_client] Sending sample transaction 332
[2026-05-22T09:19:24.096Z WARN  benchmark_client] Transaction rate too high for this client
[2026-05-22T09:19:24.097Z INFO  benchmark_client] Sending sample transaction 333
[2026-05-22T09:19:24.101Z INFO  benchmark_client] Sending sample transaction 334
[2026-05-22T09:19:24.147Z INFO  benchmark_client] Sending sample transaction 335
[2026-05-22T09:19:24.155Z INFO  benchmark_client] Sending sample transaction 336
[2026-05-22T09:19:24.159Z INFO  benchmark_client] Sending sample transaction 337
[2026-05-22T09:19:24.256Z WARN  benchmark_client] Transaction rate too high for this client
[2026-05-22T09:19:24.256Z INFO  benchmark_client] Sending sample transaction 338
[2026-05-22T09:19:24.262Z INFO  benchmark_client] Sending sample transaction 339
[2026-05-22T09:19:24.273Z INFO  benchmark_client] Sending sample transaction 340
[2026-05-22T09:19:24.508Z WARN  benchmark_client] Transaction rate too high for this client
[2026-05-22T09:19:24.508Z INFO  benchmark_client] Sending sample transaction 341
[2026-05-22T09:19:24.516Z INFO  benchmark_client] Sending sample transaction 342
[2026-05-22T09:19:25.012Z WARN  benchmark_client] Transaction rate too high for this client
[2026-05-22T09:19:25.013Z INFO  benchmark_client] Sending sample transaction 343
[2026-05-22T09:19:25.019Z INFO  benchmark_client] Sending sample transaction 344
[2026-05-22T09:19:25.024Z INFO  benchmark_client] Sending sample transaction 345
[2026-05-22T09:19:25.044Z INFO  benchmark_client] Sending sample transaction 346
[2026-05-22T09:19:25.046Z INFO  benchmark_client] Sending sample transaction 347
[2026-05-22T09:19:25.048Z INFO  benchmark_client] Sending sample transaction 348
[2026-05-22T09:19:25.076Z INFO  benchmark_client] Sending sample transaction 349
[2026-05-22T09:19:25.078Z INFO  benchmark_client] Sending sample transaction 350
[2026-05-22T09:19:25.100Z INFO  benchmark_client] Sending sample transaction 351
[2026-05-22T09:19:25.102Z INFO  benchmark_client] Sending sample transaction 352
[2026-05-22T09:19:25.104Z INFO  benchmark_client] Sending sample transaction 353
[2026-05-22T09:19:25.131Z INFO  benchmark_client] Sending sample transaction 354
[2026-05-22T09:19:25.139Z INFO  benchmark_client] Sending sample transaction 355
[2026-05-22T09:19:25.144Z INFO  benchmark_client] Sending sample transaction 356
[2026-05-22T09:19:25.191Z INFO  benchmark_client] Sending sample transaction 357
[2026-05-22T09:19:25.201Z INFO  benchmark_client] Sending sample transaction 358
[2026-05-22T09:19:25.440Z WARN  benchmark_client] Transaction rate too high for this client
[2026-05-22T09:19:25.440Z INFO  benchmark_client] Sending sample transaction 359
[2026-05-22T09:19:25.445Z INFO  benchmark_client] Sending sample transaction 360
[2026-05-22T09:19:25.542Z WARN  benchmark_client] Transaction rate too high for this client
[2026-05-22T09:19:25.542Z INFO  benchmark_client] Sending sample transaction 361
[2026-05-22T09:19:25.550Z INFO  benchmark_client] Sending sample transaction 362
[2026-05-22T09:19:25.727Z INFO  benchmark_client] Sending sample transaction 363
[2026-05-22T09:19:25.728Z WARN  benchmark_client] Transaction rate too high for this client
[2026-05-22T09:19:25.733Z INFO  benchmark_client] Sending sample transaction 364
[2026-05-22T09:19:25.739Z INFO  benchmark_client] Sending sample transaction 365
[2026-05-22T09:19:25.898Z WARN  benchmark_client] Transaction rate too high for this client
[2026-05-22T09:19:25.900Z INFO  benchmark_client] Sending sample transaction 366
[2026-05-22T09:19:25.902Z INFO  benchmark_client] Sending sample transaction 367
[2026-05-22T09:19:26.073Z WARN  benchmark_client] Transaction rate too high for this client
[2026-05-22T09:19:26.074Z INFO  benchmark_client] Sending sample transaction 368
[2026-05-22T09:19:26.079Z INFO  benchmark_client] Sending sample transaction 369
[2026-05-22T09:19:26.137Z INFO  benchmark_client] Sending sample transaction 370
[2026-05-22T09:19:26.138Z WARN  benchmark_client] Transaction rate too high for this client
[2026-05-22T09:19:26.143Z INFO  benchmark_client] Sending sample transaction 371
[2026-05-22T09:19:26.149Z INFO  benchmark_client] Sending sample transaction 372
[2026-05-22T09:19:26.521Z WARN  benchmark_client] Transaction rate too high for this client
[2026-05-22T09:19:26.526Z INFO  benchmark_client] Sending sample transaction 373
[2026-05-22T09:19:26.530Z INFO  benchmark_client] Sending sample transaction 374
[2026-05-22T09:19:26.572Z INFO  benchmark_client] Sending sample transaction 375
[2026-05-22T09:19:26.576Z INFO  benchmark_client] Sending sample transaction 376
[2026-05-22T09:19:26.580Z INFO  benchmark_client] Sending sample transaction 377
[2026-05-22T09:19:26.627Z INFO  benchmark_client] Sending sample transaction 378
[2026-05-22T09:19:26.636Z INFO  benchmark_client] Sending sample transaction 379
[2026-05-22T09:19:26.827Z INFO  benchmark_client] Sending sample transaction 380
[2026-05-22T09:19:26.828Z WARN  benchmark_client] Transaction rate too high for this client
[2026-05-22T09:19:26.831Z INFO  benchmark_client] Sending sample transaction 381
[2026-05-22T09:19:26.835Z INFO  benchmark_client] Sending sample transaction 382
[2026-05-22T09:19:27.110Z WARN  benchmark_client] Transaction rate too high for this client
[2026-05-22T09:19:27.110Z INFO  benchmark_client] Sending sample transaction 383
[2026-05-22T09:19:27.114Z INFO  benchmark_client] Sending sample transaction 384
[2026-05-22T09:19:27.301Z WARN  benchmark_client] Transaction rate too high for this client
[2026-05-22T09:19:27.302Z INFO  benchmark_client] Sending sample transaction 385
[2026-05-22T09:19:27.304Z INFO  benchmark_client] Sending sample transaction 386
[2026-05-22T09:19:27.306Z INFO  benchmark_client] Sending sample transaction 387
[2026-05-22T09:19:27.363Z INFO  benchmark_client] Sending sample transaction 388
[2026-05-22T09:19:27.365Z WARN  benchmark_client] Transaction rate too high for this client
[2026-05-22T09:19:27.367Z INFO  benchmark_client] Sending sample transaction 389
[2026-05-22T09:19:27.371Z INFO  benchmark_client] Sending sample transaction 390
[2026-05-22T09:19:27.463Z WARN  benchmark_client] Transaction rate too high for this client
[2026-05-22T09:19:27.464Z INFO  benchmark_client] Sending sample transaction 391
[2026-05-22T09:19:27.466Z INFO  benchmark_client] Sending sample transaction 392
[2026-05-22T09:19:27.549Z INFO  benchmark_client] Sending sample transaction 393
[2026-05-22T09:19:27.555Z WARN  benchmark_client] Transaction rate too high for this client
[2026-05-22T09:19:27.555Z INFO  benchmark_client] Sending sample transaction 394
[2026-05-22T09:19:27.564Z INFO  benchmark_client] Sending sample transaction 395
[2026-05-22T09:19:27.938Z WARN  benchmark_client] Transaction rate too high for this client
[2026-05-22T09:19:27.939Z INFO  benchmark_client] Sending sample transaction 396
[2026-05-22T09:19:27.943Z INFO  benchmark_client] Sending sample transaction 397
[2026-05-22T09:19:27.947Z INFO  benchmark_client] Sending sample transaction 398
[2026-05-22T09:19:28.235Z WARN  benchmark_client] Transaction rate too high for this client
[2026-05-22T09:19:28.237Z INFO  benchmark_client] Sending sample transaction 399
[2026-05-22T09:19:28.246Z INFO  benchmark_client] Sending sample transaction 400
[2026-05-22T09:19:28.444Z WARN  benchmark_client] Transaction rate too high for this client
[2026-05-22T09:19:28.445Z INFO  benchmark_client] Sending sample transaction 401
[2026-05-22T09:19:28.447Z INFO  benchmark_client] Sending sample transaction 402
[2026-05-22T09:19:28.476Z INFO  benchmark_client] Sending sample transaction 403
[2026-05-22T09:19:28.481Z INFO  benchmark_client] Sending sample transaction 404
[2026-05-22T09:19:28.484Z INFO  benchmark_client] Sending sample transaction 405
[2026-05-22T09:19:28.528Z INFO  benchmark_client] Sending sample transaction 406
[2026-05-22T09:19:28.531Z INFO  benchmark_client] Sending sample transaction 407
[2026-05-22T09:19:28.533Z INFO  benchmark_client] Sending sample transaction 408
[2026-05-22T09:19:28.610Z WARN  benchmark_client] Transaction rate too high for this client
[2026-05-22T09:19:28.613Z INFO  benchmark_client] Sending sample transaction 409
[2026-05-22T09:19:28.618Z INFO  benchmark_client] Sending sample transaction 410
[2026-05-22T09:19:28.903Z WARN  benchmark_client] Transaction rate too high for this client
[2026-05-22T09:19:28.903Z INFO  benchmark_client] Sending sample transaction 411
[2026-05-22T09:19:28.907Z INFO  benchmark_client] Sending sample transaction 412
[2026-05-22T09:19:28.913Z INFO  benchmark_client] Sending sample transaction 413
[2026-05-22T09:19:28.959Z INFO  benchmark_client] Sending sample transaction 414
[2026-05-22T09:19:28.965Z INFO  benchmark_client] Sending sample transaction 415
[2026-05-22T09:19:29.082Z INFO  benchmark_client] Sending sample transaction 416
[2026-05-22T09:19:29.084Z WARN  benchmark_client] Transaction rate too high for this client
[2026-05-22T09:19:29.085Z INFO  benchmark_client] Sending sample transaction 417
[2026-05-22T09:19:29.090Z INFO  benchmark_client] Sending sample transaction 418
[2026-05-22T09:19:29.187Z WARN  benchmark_client] Transaction rate too high for this client
[2026-05-22T09:19:29.189Z INFO  benchmark_client] Sending sample transaction 419
[2026-05-22T09:19:29.200Z INFO  benchmark_client] Sending sample transaction 420
[2026-05-22T09:19:29.262Z WARN  benchmark_client] Transaction rate too high for this client
[2026-05-22T09:19:29.265Z INFO  benchmark_client] Sending sample transaction 421
[2026-05-22T09:19:29.267Z INFO  benchmark_client] Sending sample transaction 422
[2026-05-22T09:19:29.272Z INFO  benchmark_client] Sending sample transaction 423
[2026-05-22T09:19:29.356Z WARN  benchmark_client] Transaction rate too high for this client
[2026-05-22T09:19:29.359Z INFO  benchmark_client] Sending sample transaction 424
[2026-05-22T09:19:29.364Z INFO  benchmark_client] Sending sample transaction 425
[2026-05-22T09:19:29.676Z INFO  benchmark_client] Sending sample transaction 426
[2026-05-22T09:19:29.677Z WARN  benchmark_client] Transaction rate too high for this client
[2026-05-22T09:19:29.680Z INFO  benchmark_client] Sending sample transaction 427
[2026-05-22T09:19:29.684Z INFO  benchmark_client] Sending sample transaction 428
[2026-05-22T09:19:29.966Z WARN  benchmark_client] Transaction rate too high for this client
[2026-05-22T09:19:29.967Z INFO  benchmark_client] Sending sample transaction 429
[2026-05-22T09:19:29.972Z INFO  benchmark_client] Sending sample transaction 430
[2026-05-22T09:19:30.215Z WARN  benchmark_client] Transaction rate too high for this client
[2026-05-22T09:19:30.218Z INFO  benchmark_client] Sending sample transaction 431
[2026-05-22T09:19:30.223Z INFO  benchmark_client] Sending sample transaction 432
[2026-05-22T09:19:30.227Z INFO  benchmark_client] Sending sample transaction 433
[2026-05-22T09:19:30.306Z WARN  benchmark_client] Transaction rate too high for this client
[2026-05-22T09:19:30.309Z INFO  benchmark_client] Sending sample transaction 434
[2026-05-22T09:19:30.313Z INFO  benchmark_client] Sending sample transaction 435
[2026-05-22T09:19:30.317Z INFO  benchmark_client] Sending sample transaction 436
[2026-05-22T09:19:30.375Z INFO  benchmark_client] Sending sample transaction 437
[2026-05-22T09:19:30.378Z WARN  benchmark_client] Transaction rate too high for this client
[2026-05-22T09:19:30.386Z INFO  benchmark_client] Sending sample transaction 438
[2026-05-22T09:19:30.394Z INFO  benchmark_client] Sending sample transaction 439
[2026-05-22T09:19:30.564Z WARN  benchmark_client] Transaction rate too high for this client
[2026-05-22T09:19:30.565Z INFO  benchmark_client] Sending sample transaction 440
[2026-05-22T09:19:30.571Z INFO  benchmark_client] Sending sample transaction 441
[2026-05-22T09:19:30.610Z INFO  benchmark_client] Sending sample transaction 442
[2026-05-22T09:19:30.617Z INFO  benchmark_client] Sending sample transaction 443
[2026-05-22T09:19:30.621Z INFO  benchmark_client] Sending sample transaction 444
[2026-05-22T09:19:30.628Z INFO  benchmark_client] Sending sample transaction 445
[2026-05-22T09:19:30.695Z WARN  benchmark_client] Transaction rate too high for this client
[2026-05-22T09:19:30.698Z INFO  benchmark_client] Sending sample transaction 446
[2026-05-22T09:19:30.705Z INFO  benchmark_client] Sending sample transaction 447
[2026-05-22T09:19:30.800Z WARN  benchmark_client] Transaction rate too high for this client
[2026-05-22T09:19:30.803Z INFO  benchmark_client] Sending sample transaction 448
[2026-05-22T09:19:30.805Z INFO  benchmark_client] Sending sample transaction 449
[2026-05-22T09:19:30.816Z INFO  benchmark_client] Sending sample transaction 450
[2026-05-22T09:19:31.110Z WARN  benchmark_client] Transaction rate too high for this client
[2026-05-22T09:19:31.113Z INFO  benchmark_client] Sending sample transaction 451
[2026-05-22T09:19:31.119Z INFO  benchmark_client] Sending sample transaction 452
[2026-05-22T09:19:31.293Z WARN  benchmark_client] Transaction rate too high for this client
[2026-05-22T09:19:31.294Z INFO  benchmark_client] Sending sample transaction 453
[2026-05-22T09:19:31.301Z INFO  benchmark_client] Sending sample transaction 454
[2026-05-22T09:19:31.522Z INFO  benchmark_client] Sending sample transaction 455
[2026-05-22T09:19:31.528Z WARN  benchmark_client] Transaction rate too high for this client
[2026-05-22T09:19:31.529Z INFO  benchmark_client] Sending sample transaction 456
[2026-05-22T09:19:31.535Z INFO  benchmark_client] Sending sample transaction 457
[2026-05-22T09:19:31.607Z INFO  benchmark_client] Sending sample transaction 458
[2026-05-22T09:19:31.608Z WARN  benchmark_client] Transaction rate too high for this client
[2026-05-22T09:19:31.609Z INFO  benchmark_client] Sending sample transaction 459
[2026-05-22T09:19:31.617Z INFO  benchmark_client] Sending sample transaction 460
[2026-05-22T09:19:31.806Z WARN  benchmark_client] Transaction rate too high for this client
[2026-05-22T09:19:31.808Z INFO  benchmark_client] Sending sample transaction 461
[2026-05-22T09:19:31.813Z INFO  benchmark_client] Sending sample transaction 462
[2026-05-22T09:19:31.919Z WARN  benchmark_client] Transaction rate too high for this client
[2026-05-22T09:19:31.920Z INFO  benchmark_client] Sending sample transaction 463
[2026-05-22T09:19:31.926Z INFO  benchmark_client] Sending sample transaction 464
[2026-05-22T09:19:31.931Z INFO  benchmark_client] Sending sample transaction 465
[2026-05-22T09:19:32.047Z INFO  benchmark_client] Sending sample transaction 466
[2026-05-22T09:19:32.052Z WARN  benchmark_client] Transaction rate too high for this client
[2026-05-22T09:19:32.053Z INFO  benchmark_client] Sending sample transaction 467
[2026-05-22T09:19:32.228Z INFO  benchmark_client] Sending sample transaction 468
[2026-05-22T09:19:32.230Z WARN  benchmark_client] Transaction rate too high for this client
[2026-05-22T09:19:32.230Z INFO  benchmark_client] Sending sample transaction 469
[2026-05-22T09:19:32.235Z INFO  benchmark_client] Sending sample transaction 470
[2026-05-22T09:19:32.293Z INFO  benchmark_client] Sending sample transaction 471
[2026-05-22T09:19:32.296Z WARN  benchmark_client] Transaction rate too high for this client
[2026-05-22T09:19:32.297Z INFO  benchmark_client] Sending sample transaction 472
[2026-05-22T09:19:32.304Z INFO  benchmark_client] Sending sample transaction 473
[2026-05-22T09:19:32.497Z WARN  benchmark_client] Transaction rate too high for this client
[2026-05-22T09:19:32.498Z INFO  benchmark_client] Sending sample transaction 474
[2026-05-22T09:19:32.502Z INFO  benchmark_client] Sending sample transaction 475
[2026-05-22T09:19:32.579Z WARN  benchmark_client] Transaction rate too high for this client
[2026-05-22T09:19:32.580Z INFO  benchmark_client] Sending sample transaction 476
[2026-05-22T09:19:32.583Z INFO  benchmark_client] Sending sample transaction 477
[2026-05-22T09:19:32.615Z INFO  benchmark_client] Sending sample transaction 478
[2026-05-22T09:19:32.620Z INFO  benchmark_client] Sending sample transaction 479
[2026-05-22T09:19:32.624Z INFO  benchmark_client] Sending sample transaction 480
[2026-05-22T09:19:32.647Z INFO  benchmark_client] Sending sample transaction 481
[2026-05-22T09:19:32.649Z INFO  benchmark_client] Sending sample transaction 482
[2026-05-22T09:19:32.696Z INFO  benchmark_client] Sending sample transaction 483
[2026-05-22T09:19:32.702Z INFO  benchmark_client] Sending sample transaction 484
[2026-05-22T09:19:32.810Z INFO  benchmark_client] Sending sample transaction 485
[2026-05-22T09:19:32.812Z WARN  benchmark_client] Transaction rate too high for this client
[2026-05-22T09:19:32.813Z INFO  benchmark_client] Sending sample transaction 486
[2026-05-22T09:19:32.817Z INFO  benchmark_client] Sending sample transaction 487
[2026-05-22T09:19:33.119Z INFO  benchmark_client] Sending sample transaction 488
[2026-05-22T09:19:33.120Z WARN  benchmark_client] Transaction rate too high for this client
[2026-05-22T09:19:33.124Z INFO  benchmark_client] Sending sample transaction 489
[2026-05-22T09:19:33.178Z INFO  benchmark_client] Sending sample transaction 490
[2026-05-22T09:19:33.179Z WARN  benchmark_client] Transaction rate too high for this client
[2026-05-22T09:19:33.183Z INFO  benchmark_client] Sending sample transaction 491
[2026-05-22T09:19:33.286Z INFO  benchmark_client] Sending sample transaction 492
[2026-05-22T09:19:33.288Z WARN  benchmark_client] Transaction rate too high for this client
[2026-05-22T09:19:33.290Z INFO  benchmark_client] Sending sample transaction 493
[2026-05-22T09:19:33.295Z INFO  benchmark_client] Sending sample transaction 494
[2026-05-22T09:19:33.464Z WARN  benchmark_client] Transaction rate too high for this client
[2026-05-22T09:19:33.465Z INFO  benchmark_client] Sending sample transaction 495
[2026-05-22T09:19:33.471Z INFO  benchmark_client] Sending sample transaction 496
[2026-05-22T09:19:33.761Z INFO  benchmark_client] Sending sample transaction 497
[2026-05-22T09:19:33.763Z WARN  benchmark_client] Transaction rate too high for this client
[2026-05-22T09:19:33.767Z INFO  benchmark_client] Sending sample transaction 498
[2026-05-22T09:19:33.772Z INFO  benchmark_client] Sending sample transaction 499
[2026-05-22T09:19:33.922Z WARN  benchmark_client] Transaction rate too high for this client
[2026-05-22T09:19:33.923Z INFO  benchmark_client] Sending sample transaction 500
[2026-05-22T09:19:33.927Z INFO  benchmark_client] Sending sample transaction 501
[2026-05-22T09:19:34.023Z INFO  benchmark_client] Sending sample transaction 502
[2026-05-22T09:19:34.025Z WARN  benchmark_client] Transaction rate too high for this client
[2026-05-22T09:19:34.033Z INFO  benchmark_client] Sending sample transaction 503
[2026-05-22T09:19:34.037Z INFO  benchmark_client] Sending sample transaction 504
[2026-05-22T09:19:34.521Z WARN  benchmark_client] Transaction rate too high for this client
[2026-05-22T09:19:34.524Z INFO  benchmark_client] Sending sample transaction 505
[2026-05-22T09:19:34.531Z INFO  benchmark_client] Sending sample transaction 506
[2026-05-22T09:19:34.696Z INFO  benchmark_client] Sending sample transaction 507
[2026-05-22T09:19:34.697Z WARN  benchmark_client] Transaction rate too high for this client
[2026-05-22T09:19:34.703Z INFO  benchmark_client] Sending sample transaction 508
[2026-05-22T09:19:34.711Z INFO  benchmark_client] Sending sample transaction 509
[2026-05-22T09:19:34.985Z WARN  benchmark_client] Transaction rate too high for this client
[2026-05-22T09:19:34.989Z INFO  benchmark_client] Sending sample transaction 510
[2026-05-22T09:19:34.992Z INFO  benchmark_client] Sending sample transaction 511
[2026-05-22T09:19:34.998Z INFO  benchmark_client] Sending sample transaction 512
[2026-05-22T09:19:35.055Z WARN  benchmark_client] Transaction rate too high for this client
[2026-05-22T09:19:35.056Z INFO  benchmark_client] Sending sample transaction 513
[2026-05-22T09:19:35.058Z INFO  benchmark_client] Sending sample transaction 514
[2026-05-22T09:19:35.073Z INFO  benchmark_client] Sending sample transaction 515
[2026-05-22T09:19:35.078Z INFO  benchmark_client] Sending sample transaction 516
[2026-05-22T09:19:35.082Z INFO  benchmark_client] Sending sample transaction 517
[2026-05-22T09:19:35.086Z INFO  benchmark_client] Sending sample transaction 518
[2026-05-22T09:19:35.171Z WARN  benchmark_client] Transaction rate too high for this client
[2026-05-22T09:19:35.173Z INFO  benchmark_client] Sending sample transaction 519
[2026-05-22T09:19:35.178Z INFO  benchmark_client] Sending sample transaction 520
[2026-05-22T09:19:35.242Z INFO  benchmark_client] Sending sample transaction 521
[2026-05-22T09:19:35.245Z WARN  benchmark_client] Transaction rate too high for this client
[2026-05-22T09:19:35.246Z INFO  benchmark_client] Sending sample transaction 522
[2026-05-22T09:19:35.252Z INFO  benchmark_client] Sending sample transaction 523
[2026-05-22T09:19:35.463Z WARN  benchmark_client] Transaction rate too high for this client
[2026-05-22T09:19:35.464Z INFO  benchmark_client] Sending sample transaction 524
[2026-05-22T09:19:35.468Z INFO  benchmark_client] Sending sample transaction 525
[2026-05-22T09:19:35.569Z WARN  benchmark_client] Transaction rate too high for this client
[2026-05-22T09:19:35.570Z INFO  benchmark_client] Sending sample transaction 526
[2026-05-22T09:19:35.578Z INFO  benchmark_client] Sending sample transaction 527
[2026-05-22T09:19:35.667Z INFO  benchmark_client] Sending sample transaction 528
[2026-05-22T09:19:35.671Z WARN  benchmark_client] Transaction rate too high for this client
[2026-05-22T09:19:35.672Z INFO  benchmark_client] Sending sample transaction 529
[2026-05-22T09:19:35.766Z INFO  benchmark_client] Sending sample transaction 530
[2026-05-22T09:19:35.768Z WARN  benchmark_client] Transaction rate too high for this client
[2026-05-22T09:19:35.768Z INFO  benchmark_client] Sending sample transaction 531
[2026-05-22T09:19:35.770Z INFO  benchmark_client] Sending sample transaction 532
[2026-05-22T09:19:35.811Z INFO  benchmark_client] Sending sample transaction 533
[2026-05-22T09:19:35.816Z INFO  benchmark_client] Sending sample transaction 534
[2026-05-22T09:19:36.005Z WARN  benchmark_client] Transaction rate too high for this client
[2026-05-22T09:19:36.006Z INFO  benchmark_client] Sending sample transaction 535
[2026-05-22T09:19:36.012Z INFO  benchmark_client] Sending sample transaction 536
[2026-05-22T09:19:36.264Z INFO  benchmark_client] Sending sample transaction 537
[2026-05-22T09:19:36.265Z WARN  benchmark_client] Transaction rate too high for this client
[2026-05-22T09:19:36.268Z INFO  benchmark_client] Sending sample transaction 538
[2026-05-22T09:19:36.482Z INFO  benchmark_client] Sending sample transaction 539
[2026-05-22T09:19:36.484Z WARN  benchmark_client] Transaction rate too high for this client
[2026-05-22T09:19:36.488Z INFO  benchmark_client] Sending sample transaction 540
[2026-05-22T09:19:36.495Z INFO  benchmark_client] Sending sample transaction 541
[2026-05-22T09:19:36.761Z WARN  benchmark_client] Transaction rate too high for this client
[2026-05-22T09:19:36.763Z INFO  benchmark_client] Sending sample transaction 542
[2026-05-22T09:19:36.769Z INFO  benchmark_client] Sending sample transaction 543
[2026-05-22T09:19:36.778Z INFO  benchmark_client] Sending sample transaction 544
[2026-05-22T09:19:36.900Z WARN  benchmark_client] Transaction rate too high for this client
[2026-05-22T09:19:36.903Z INFO  benchmark_client] Sending sample transaction 545
[2026-05-22T09:19:36.907Z INFO  benchmark_client] Sending sample transaction 546
[2026-05-22T09:19:37.063Z WARN  benchmark_client] Transaction rate too high for this client
[2026-05-22T09:19:37.064Z INFO  benchmark_client] Sending sample transaction 547
[2026-05-22T09:19:37.074Z INFO  benchmark_client] Sending sample transaction 548
[2026-05-22T09:19:37.081Z INFO  benchmark_client] Sending sample transaction 549
[2026-05-22T09:19:37.085Z INFO  benchmark_client] Sending sample transaction 550
[2026-05-22T09:19:37.373Z WARN  benchmark_client] Transaction rate too high for this client
[2026-05-22T09:19:37.374Z INFO  benchmark_client] Sending sample transaction 551
[2026-05-22T09:19:37.379Z INFO  benchmark_client] Sending sample transaction 552
[2026-05-22T09:19:37.389Z INFO  benchmark_client] Sending sample transaction 553
[2026-05-22T09:19:37.424Z INFO  benchmark_client] Sending sample transaction 554
[2026-05-22T09:19:37.432Z INFO  benchmark_client] Sending sample transaction 555
[2026-05-22T09:19:37.632Z INFO  benchmark_client] Sending sample transaction 556
[2026-05-22T09:19:37.635Z WARN  benchmark_client] Transaction rate too high for this client
[2026-05-22T09:19:37.638Z INFO  benchmark_client] Sending sample transaction 557
[2026-05-22T09:19:37.643Z INFO  benchmark_client] Sending sample transaction 558
[2026-05-22T09:19:37.769Z INFO  benchmark_client] Sending sample transaction 559
[2026-05-22T09:19:37.770Z WARN  benchmark_client] Transaction rate too high for this client
[2026-05-22T09:19:37.771Z INFO  benchmark_client] Sending sample transaction 560
[2026-05-22T09:19:37.796Z INFO  benchmark_client] Sending sample transaction 561
[2026-05-22T09:19:37.799Z INFO  benchmark_client] Sending sample transaction 562
[2026-05-22T09:19:37.801Z INFO  benchmark_client] Sending sample transaction 563
[2026-05-22T09:19:37.850Z INFO  benchmark_client] Sending sample transaction 564
[2026-05-22T09:19:37.855Z INFO  benchmark_client] Sending sample transaction 565
[2026-05-22T09:19:37.860Z INFO  benchmark_client] Sending sample transaction 566
[2026-05-22T09:19:37.915Z WARN  benchmark_client] Transaction rate too high for this client
[2026-05-22T09:19:37.916Z INFO  benchmark_client] Sending sample transaction 567
[2026-05-22T09:19:37.924Z INFO  benchmark_client] Sending sample transaction 568
[2026-05-22T09:19:38.160Z INFO  benchmark_client] Sending sample transaction 569
[2026-05-22T09:19:38.161Z WARN  benchmark_client] Transaction rate too high for this client
[2026-05-22T09:19:38.165Z INFO  benchmark_client] Sending sample transaction 570
[2026-05-22T09:19:38.177Z INFO  benchmark_client] Sending sample transaction 571
[2026-05-22T09:19:38.339Z WARN  benchmark_client] Transaction rate too high for this client
[2026-05-22T09:19:38.340Z INFO  benchmark_client] Sending sample transaction 572
[2026-05-22T09:19:38.351Z INFO  benchmark_client] Sending sample transaction 573
[2026-05-22T09:19:38.424Z INFO  benchmark_client] Sending sample transaction 574
[2026-05-22T09:19:38.427Z WARN  benchmark_client] Transaction rate too high for this client
[2026-05-22T09:19:38.430Z INFO  benchmark_client] Sending sample transaction 575
[2026-05-22T09:19:38.434Z INFO  benchmark_client] Sending sample transaction 576
[2026-05-22T09:19:38.439Z INFO  benchmark_client] Sending sample transaction 577
[2026-05-22T09:19:38.693Z INFO  benchmark_client] Sending sample transaction 578
[2026-05-22T09:19:38.694Z WARN  benchmark_client] Transaction rate too high for this client
[2026-05-22T09:19:38.698Z INFO  benchmark_client] Sending sample transaction 579
[2026-05-22T09:19:38.705Z INFO  benchmark_client] Sending sample transaction 580
[2026-05-22T09:19:38.841Z WARN  benchmark_client] Transaction rate too high for this client
[2026-05-22T09:19:38.844Z INFO  benchmark_client] Sending sample transaction 581
[2026-05-22T09:19:38.847Z INFO  benchmark_client] Sending sample transaction 582
[2026-05-22T09:19:38.924Z WARN  benchmark_client] Transaction rate too high for this client
[2026-05-22T09:19:38.930Z INFO  benchmark_client] Sending sample transaction 583
[2026-05-22T09:19:38.935Z INFO  benchmark_client] Sending sample transaction 584
[2026-05-22T09:19:39.017Z INFO  benchmark_client] Sending sample transaction 585
[2026-05-22T09:19:39.018Z WARN  benchmark_client] Transaction rate too high for this client
[2026-05-22T09:19:39.023Z INFO  benchmark_client] Sending sample transaction 586
[2026-05-22T09:19:39.030Z INFO  benchmark_client] Sending sample transaction 587
[2026-05-22T09:19:39.505Z WARN  benchmark_client] Transaction rate too high for this client
[2026-05-22T09:19:39.510Z INFO  benchmark_client] Sending sample transaction 588
[2026-05-22T09:19:39.516Z INFO  benchmark_client] Sending sample transaction 589
[2026-05-22T09:19:39.577Z INFO  benchmark_client] Sending sample transaction 590
[2026-05-22T09:19:39.578Z WARN  benchmark_client] Transaction rate too high for this client
[2026-05-22T09:19:39.580Z INFO  benchmark_client] Sending sample transaction 591
[2026-05-22T09:19:39.639Z INFO  benchmark_client] Sending sample transaction 592
[2026-05-22T09:19:39.640Z WARN  benchmark_client] Transaction rate too high for this client
[2026-05-22T09:19:39.642Z INFO  benchmark_client] Sending sample transaction 593
[2026-05-22T09:19:39.645Z INFO  benchmark_client] Sending sample transaction 594
[2026-05-22T09:19:39.735Z WARN  benchmark_client] Transaction rate too high for this client
[2026-05-22T09:19:39.736Z INFO  benchmark_client] Sending sample transaction 595
[2026-05-22T09:19:39.747Z INFO  benchmark_client] Sending sample transaction 596
[2026-05-22T09:19:39.754Z INFO  benchmark_client] Sending sample transaction 597
[2026-05-22T09:19:39.760Z INFO  benchmark_client] Sending sample transaction 598
[2026-05-22T09:19:39.768Z INFO  benchmark_client] Sending sample transaction 599
[2026-05-22T09:19:39.774Z INFO  benchmark_client] Sending sample transaction 600
[2026-05-22T09:19:40.113Z WARN  benchmark_client] Transaction rate too high for this client
[2026-05-22T09:19:40.115Z INFO  benchmark_client] Sending sample transaction 601
[2026-05-22T09:19:40.118Z INFO  benchmark_client] Sending sample transaction 602
[2026-05-22T09:19:40.126Z INFO  benchmark_client] Sending sample transaction 603
[2026-05-22T09:19:40.185Z WARN  benchmark_client] Transaction rate too high for this client
[2026-05-22T09:19:40.187Z INFO  benchmark_client] Sending sample transaction 604
[2026-05-22T09:19:40.192Z INFO  benchmark_client] Sending sample transaction 605
[2026-05-22T09:19:40.243Z INFO  benchmark_client] Sending sample transaction 606
[2026-05-22T09:19:40.247Z WARN  benchmark_client] Transaction rate too high for this client
[2026-05-22T09:19:40.248Z INFO  benchmark_client] Sending sample transaction 607
[2026-05-22T09:19:40.255Z INFO  benchmark_client] Sending sample transaction 608
[2026-05-22T09:19:40.323Z WARN  benchmark_client] Transaction rate too high for this client
[2026-05-22T09:19:40.324Z INFO  benchmark_client] Sending sample transaction 609
[2026-05-22T09:19:40.329Z INFO  benchmark_client] Sending sample transaction 610
[2026-05-22T09:19:40.377Z INFO  benchmark_client] Sending sample transaction 611
[2026-05-22T09:19:40.382Z INFO  benchmark_client] Sending sample transaction 612
[2026-05-22T09:19:40.387Z INFO  benchmark_client] Sending sample transaction 613
[2026-05-22T09:19:40.506Z WARN  benchmark_client] Transaction rate too high for this client
[2026-05-22T09:19:40.509Z INFO  benchmark_client] Sending sample transaction 614
[2026-05-22T09:19:40.516Z INFO  benchmark_client] Sending sample transaction 615
[2026-05-22T09:19:40.521Z INFO  benchmark_client] Sending sample transaction 616
[2026-05-22T09:19:40.683Z INFO  benchmark_client] Sending sample transaction 617
[2026-05-22T09:19:40.687Z WARN  benchmark_client] Transaction rate too high for this client
[2026-05-22T09:19:40.690Z INFO  benchmark_client] Sending sample transaction 618
[2026-05-22T09:19:40.698Z INFO  benchmark_client] Sending sample transaction 619
[2026-05-22T09:19:40.776Z WARN  benchmark_client] Transaction rate too high for this client
[2026-05-22T09:19:40.780Z INFO  benchmark_client] Sending sample transaction 620
[2026-05-22T09:19:40.783Z INFO  benchmark_client] Sending sample transaction 621
[2026-05-22T09:19:40.948Z WARN  benchmark_client] Transaction rate too high for this client
[2026-05-22T09:19:40.949Z INFO  benchmark_client] Sending sample transaction 622
[2026-05-22T09:19:40.954Z INFO  benchmark_client] Sending sample transaction 623
[2026-05-22T09:19:41.376Z INFO  benchmark_client] Sending sample transaction 624
[2026-05-22T09:19:41.380Z WARN  benchmark_client] Transaction rate too high for this client
[2026-05-22T09:19:41.381Z INFO  benchmark_client] Sending sample transaction 625
[2026-05-22T09:19:41.385Z INFO  benchmark_client] Sending sample transaction 626
[2026-05-22T09:19:41.487Z WARN  benchmark_client] Transaction rate too high for this client
[2026-05-22T09:19:41.488Z INFO  benchmark_client] Sending sample transaction 627
[2026-05-22T09:19:41.495Z INFO  benchmark_client] Sending sample transaction 628
[2026-05-22T09:19:41.499Z INFO  benchmark_client] Sending sample transaction 629
[2026-05-22T09:19:41.643Z WARN  benchmark_client] Transaction rate too high for this client
[2026-05-22T09:19:41.644Z INFO  benchmark_client] Sending sample transaction 630
[2026-05-22T09:19:41.651Z INFO  benchmark_client] Sending sample transaction 631
[2026-05-22T09:19:41.862Z INFO  benchmark_client] Sending sample transaction 632
[2026-05-22T09:19:41.865Z WARN  benchmark_client] Transaction rate too high for this client
[2026-05-22T09:19:41.871Z INFO  benchmark_client] Sending sample transaction 633
[2026-05-22T09:19:41.878Z INFO  benchmark_client] Sending sample transaction 634
[2026-05-22T09:19:41.906Z INFO  benchmark_client] Sending sample transaction 635
[2026-05-22T09:19:41.913Z INFO  benchmark_client] Sending sample transaction 636
[2026-05-22T09:19:41.918Z INFO  benchmark_client] Sending sample transaction 637
[2026-05-22T09:19:42.056Z INFO  benchmark_client] Sending sample transaction 638
[2026-05-22T09:19:42.060Z WARN  benchmark_client] Transaction rate too high for this client
[2026-05-22T09:19:42.061Z INFO  benchmark_client] Sending sample transaction 639
[2026-05-22T09:19:42.087Z INFO  benchmark_client] Sending sample transaction 640
[2026-05-22T09:19:42.092Z INFO  benchmark_client] Sending sample transaction 641
[2026-05-22T09:19:42.097Z INFO  benchmark_client] Sending sample transaction 642
[2026-05-22T09:19:42.211Z INFO  benchmark_client] Sending sample transaction 643
[2026-05-22T09:19:42.216Z WARN  benchmark_client] Transaction rate too high for this client
[2026-05-22T09:19:42.222Z INFO  benchmark_client] Sending sample transaction 644
[2026-05-22T09:19:42.230Z INFO  benchmark_client] Sending sample transaction 645
[2026-05-22T09:19:42.607Z INFO  benchmark_client] Sending sample transaction 646
[2026-05-22T09:19:42.612Z WARN  benchmark_client] Transaction rate too high for this client
[2026-05-22T09:19:42.613Z INFO  benchmark_client] Sending sample transaction 647
[2026-05-22T09:19:42.621Z INFO  benchmark_client] Sending sample transaction 648
[2026-05-22T09:19:42.741Z INFO  benchmark_client] Sending sample transaction 649
[2026-05-22T09:19:42.742Z WARN  benchmark_client] Transaction rate too high for this client
[2026-05-22T09:19:42.747Z INFO  benchmark_client] Sending sample transaction 650
[2026-05-22T09:19:42.754Z INFO  benchmark_client] Sending sample transaction 651
[2026-05-22T09:19:42.758Z INFO  benchmark_client] Sending sample transaction 652
[2026-05-22T09:19:42.859Z WARN  benchmark_client] Transaction rate too high for this client
[2026-05-22T09:19:42.866Z INFO  benchmark_client] Sending sample transaction 653
[2026-05-22T09:19:42.872Z INFO  benchmark_client] Sending sample transaction 654
[2026-05-22T09:19:43.366Z INFO  benchmark_client] Sending sample transaction 655
[2026-05-22T09:19:43.367Z WARN  benchmark_client] Transaction rate too high for this client
[2026-05-22T09:19:43.369Z INFO  benchmark_client] Sending sample transaction 656
[2026-05-22T09:19:43.374Z INFO  benchmark_client] Sending sample transaction 657
[2026-05-22T09:19:43.418Z INFO  benchmark_client] Sending sample transaction 658
[2026-05-22T09:19:43.424Z INFO  benchmark_client] Sending sample transaction 659
[2026-05-22T09:19:43.527Z INFO  benchmark_client] Sending sample transaction 660
[2026-05-22T09:19:43.528Z WARN  benchmark_client] Transaction rate too high for this client
[2026-05-22T09:19:43.533Z INFO  benchmark_client] Sending sample transaction 661
[2026-05-22T09:19:43.537Z INFO  benchmark_client] Sending sample transaction 662
[2026-05-22T09:19:44.052Z INFO  benchmark_client] Sending sample transaction 663
[2026-05-22T09:19:44.053Z WARN  benchmark_client] Transaction rate too high for this client
[2026-05-22T09:19:44.055Z INFO  benchmark_client] Sending sample transaction 664
[2026-05-22T09:19:44.059Z INFO  benchmark_client] Sending sample transaction 665
[2026-05-22T09:19:44.104Z INFO  benchmark_client] Sending sample transaction 666
[2026-05-22T09:19:44.108Z INFO  benchmark_client] Sending sample transaction 667
[2026-05-22T09:19:44.188Z WARN  benchmark_client] Transaction rate too high for this client
[2026-05-22T09:19:44.190Z INFO  benchmark_client] Sending sample transaction 668
[2026-05-22T09:19:44.193Z INFO  benchmark_client] Sending sample transaction 669
[2026-05-22T09:19:44.199Z INFO  benchmark_client] Sending sample transaction 670
[2026-05-22T09:19:44.238Z INFO  benchmark_client] Sending sample transaction 671
[2026-05-22T09:19:44.244Z INFO  benchmark_client] Sending sample transaction 672
[2026-05-22T09:19:44.247Z INFO  benchmark_client] Sending sample transaction 673
[2026-05-22T09:19:44.251Z INFO  benchmark_client] Sending sample transaction 674
[2026-05-22T09:19:44.326Z WARN  benchmark_client] Transaction rate too high for this client
[2026-05-22T09:19:44.328Z INFO  benchmark_client] Sending sample transaction 675
[2026-05-22T09:19:44.330Z INFO  benchmark_client] Sending sample transaction 676
[2026-05-22T09:19:44.395Z WARN  benchmark_client] Transaction rate too high for this client
[2026-05-22T09:19:44.396Z INFO  benchmark_client] Sending sample transaction 677
[2026-05-22T09:19:44.403Z INFO  benchmark_client] Sending sample transaction 678
[2026-05-22T09:19:44.406Z INFO  benchmark_client] Sending sample transaction 679
[2026-05-22T09:19:44.486Z WARN  benchmark_client] Transaction rate too high for this client
[2026-05-22T09:19:44.488Z INFO  benchmark_client] Sending sample transaction 680
[2026-05-22T09:19:44.492Z INFO  benchmark_client] Sending sample transaction 681
[2026-05-22T09:19:44.645Z INFO  benchmark_client] Sending sample transaction 682
[2026-05-22T09:19:44.648Z WARN  benchmark_client] Transaction rate too high for this client
[2026-05-22T09:19:44.650Z INFO  benchmark_client] Sending sample transaction 683
[2026-05-22T09:19:44.656Z INFO  benchmark_client] Sending sample transaction 684
[2026-05-22T09:19:44.802Z WARN  benchmark_client] Transaction rate too high for this client
[2026-05-22T09:19:44.805Z INFO  benchmark_client] Sending sample transaction 685
[2026-05-22T09:19:44.810Z INFO  benchmark_client] Sending sample transaction 686
[2026-05-22T09:19:44.899Z INFO  benchmark_client] Sending sample transaction 687
[2026-05-22T09:19:44.903Z WARN  benchmark_client] Transaction rate too high for this client
[2026-05-22T09:19:44.904Z INFO  benchmark_client] Sending sample transaction 688
[2026-05-22T09:19:44.911Z INFO  benchmark_client] Sending sample transaction 689
[2026-05-22T09:19:44.959Z WARN  benchmark_client] Transaction rate too high for this client
[2026-05-22T09:19:44.963Z INFO  benchmark_client] Sending sample transaction 690
[2026-05-22T09:19:44.968Z INFO  benchmark_client] Sending sample transaction 691
[2026-05-22T09:19:45.231Z WARN  benchmark_client] Transaction rate too high for this client
[2026-05-22T09:19:45.236Z INFO  benchmark_client] Sending sample transaction 692
[2026-05-22T09:19:45.239Z INFO  benchmark_client] Sending sample transaction 693
[2026-05-22T09:19:45.296Z INFO  benchmark_client] Sending sample transaction 694
[2026-05-22T09:19:45.299Z WARN  benchmark_client] Transaction rate too high for this client
[2026-05-22T09:19:45.300Z INFO  benchmark_client] Sending sample transaction 695
[2026-05-22T09:19:45.305Z INFO  benchmark_client] Sending sample transaction 696
[2026-05-22T09:19:45.379Z INFO  benchmark_client] Sending sample transaction 697
[2026-05-22T09:19:45.382Z WARN  benchmark_client] Transaction rate too high for this client
[2026-05-22T09:19:45.387Z INFO  benchmark_client] Sending sample transaction 698
[2026-05-22T09:19:45.395Z INFO  benchmark_client] Sending sample transaction 699
[2026-05-22T09:19:45.496Z WARN  benchmark_client] Transaction rate too high for this client
[2026-05-22T09:19:45.499Z INFO  benchmark_client] Sending sample transaction 700
[2026-05-22T09:19:45.504Z INFO  benchmark_client] Sending sample transaction 701
[2026-05-22T09:19:45.634Z INFO  benchmark_client] Sending sample transaction 702
[2026-05-22T09:19:45.640Z WARN  benchmark_client] Transaction rate too high for this client
[2026-05-22T09:19:45.645Z INFO  benchmark_client] Sending sample transaction 703
[2026-05-22T09:19:45.768Z INFO  benchmark_client] Sending sample transaction 704
[2026-05-22T09:19:45.769Z WARN  benchmark_client] Transaction rate too high for this client
[2026-05-22T09:19:45.774Z INFO  benchmark_client] Sending sample transaction 705
[2026-05-22T09:19:45.780Z INFO  benchmark_client] Sending sample transaction 706
[2026-05-22T09:19:45.822Z INFO  benchmark_client] Sending sample transaction 707
[2026-05-22T09:19:45.832Z INFO  benchmark_client] Sending sample transaction 708
[2026-05-22T09:19:45.838Z INFO  benchmark_client] Sending sample transaction 709
[2026-05-22T09:19:45.908Z WARN  benchmark_client] Transaction rate too high for this client
[2026-05-22T09:19:45.910Z INFO  benchmark_client] Sending sample transaction 710
[2026-05-22T09:19:45.919Z INFO  benchmark_client] Sending sample transaction 711
[2026-05-22T09:19:45.984Z INFO  benchmark_client] Sending sample transaction 712
[2026-05-22T09:19:45.985Z WARN  benchmark_client] Transaction rate too high for this client
[2026-05-22T09:19:45.988Z INFO  benchmark_client] Sending sample transaction 713
[2026-05-22T09:19:46.104Z INFO  benchmark_client] Sending sample transaction 714
[2026-05-22T09:19:46.105Z WARN  benchmark_client] Transaction rate too high for this client
[2026-05-22T09:19:46.108Z INFO  benchmark_client] Sending sample transaction 715
[2026-05-22T09:19:46.113Z INFO  benchmark_client] Sending sample transaction 716
[2026-05-22T09:19:46.441Z WARN  benchmark_client] Transaction rate too high for this client
[2026-05-22T09:19:46.443Z INFO  benchmark_client] Sending sample transaction 717
[2026-05-22T09:19:46.448Z INFO  benchmark_client] Sending sample transaction 718
[2026-05-22T09:19:46.511Z INFO  benchmark_client] Sending sample transaction 719
[2026-05-22T09:19:46.513Z WARN  benchmark_client] Transaction rate too high for this client
[2026-05-22T09:19:46.515Z INFO  benchmark_client] Sending sample transaction 720
[2026-05-22T09:19:46.519Z INFO  benchmark_client] Sending sample transaction 721
[2026-05-22T09:19:46.605Z WARN  benchmark_client] Transaction rate too high for this client
[2026-05-22T09:19:46.606Z INFO  benchmark_client] Sending sample transaction 722
[2026-05-22T09:19:46.608Z INFO  benchmark_client] Sending sample transaction 723
[2026-05-22T09:19:46.649Z INFO  benchmark_client] Sending sample transaction 724
[2026-05-22T09:19:46.655Z INFO  benchmark_client] Sending sample transaction 725
[2026-05-22T09:19:46.663Z INFO  benchmark_client] Sending sample transaction 726
[2026-05-22T09:19:46.672Z INFO  benchmark_client] Sending sample transaction 727
[2026-05-22T09:19:46.772Z WARN  benchmark_client] Transaction rate too high for this client
[2026-05-22T09:19:46.773Z INFO  benchmark_client] Sending sample transaction 728
[2026-05-22T09:19:46.784Z INFO  benchmark_client] Sending sample transaction 729
[2026-05-22T09:19:46.790Z INFO  benchmark_client] Sending sample transaction 730
[2026-05-22T09:19:46.886Z INFO  benchmark_client] Sending sample transaction 731
[2026-05-22T09:19:46.888Z WARN  benchmark_client] Transaction rate too high for this client
[2026-05-22T09:19:46.891Z INFO  benchmark_client] Sending sample transaction 732
[2026-05-22T09:19:47.086Z INFO  benchmark_client] Sending sample transaction 733
[2026-05-22T09:19:47.088Z WARN  benchmark_client] Transaction rate too high for this client
[2026-05-22T09:19:47.090Z INFO  benchmark_client] Sending sample transaction 734
[2026-05-22T09:19:47.098Z INFO  benchmark_client] Sending sample transaction 735
[2026-05-22T09:19:47.134Z INFO  benchmark_client] Sending sample transaction 736
[2026-05-22T09:19:47.141Z INFO  benchmark_client] Sending sample transaction 737
[2026-05-22T09:19:47.145Z INFO  benchmark_client] Sending sample transaction 738
[2026-05-22T09:19:47.152Z INFO  benchmark_client] Sending sample transaction 739
[2026-05-22T09:19:47.229Z INFO  benchmark_client] Sending sample transaction 740
[2026-05-22T09:19:47.230Z WARN  benchmark_client] Transaction rate too high for this client
[2026-05-22T09:19:47.237Z INFO  benchmark_client] Sending sample transaction 741
[2026-05-22T09:19:47.243Z INFO  benchmark_client] Sending sample transaction 742
[2026-05-22T09:19:47.250Z INFO  benchmark_client] Sending sample transaction 743
[2026-05-22T09:19:47.254Z INFO  benchmark_client] Sending sample transaction 744
[2026-05-22T09:19:47.320Z WARN  benchmark_client] Transaction rate too high for this client
[2026-05-22T09:19:47.321Z INFO  benchmark_client] Sending sample transaction 745
[2026-05-22T09:19:47.328Z INFO  benchmark_client] Sending sample transaction 746
[2026-05-22T09:19:47.719Z INFO  benchmark_client] Sending sample transaction 747
[2026-05-22T09:19:47.720Z WARN  benchmark_client] Transaction rate too high for this client
[2026-05-22T09:19:47.723Z INFO  benchmark_client] Sending sample transaction 748
[2026-05-22T09:19:47.727Z INFO  benchmark_client] Sending sample transaction 749
[2026-05-22T09:19:47.811Z INFO  benchmark_client] Sending sample transaction 750
[2026-05-22T09:19:47.814Z WARN  benchmark_client] Transaction rate too high for this client
[2026-05-22T09:19:47.816Z INFO  benchmark_client] Sending sample transaction 751
[2026-05-22T09:19:47.821Z INFO  benchmark_client] Sending sample transaction 752
[2026-05-22T09:19:47.852Z INFO  benchmark_client] Sending sample transaction 753
[2026-05-22T09:19:47.855Z INFO  benchmark_client] Sending sample transaction 754
[2026-05-22T09:19:47.971Z INFO  benchmark_client] Sending sample transaction 755
[2026-05-22T09:19:47.972Z WARN  benchmark_client] Transaction rate too high for this client
[2026-05-22T09:19:47.975Z INFO  benchmark_client] Sending sample transaction 756
[2026-05-22T09:19:47.980Z INFO  benchmark_client] Sending sample transaction 757
[2026-05-22T09:19:48.082Z INFO  benchmark_client] Sending sample transaction 758
[2026-05-22T09:19:48.083Z WARN  benchmark_client] Transaction rate too high for this client
[2026-05-22T09:19:48.089Z INFO  benchmark_client] Sending sample transaction 759
[2026-05-22T09:19:48.462Z INFO  benchmark_client] Sending sample transaction 760
[2026-05-22T09:19:48.463Z WARN  benchmark_client] Transaction rate too high for this client
[2026-05-22T09:19:48.466Z INFO  benchmark_client] Sending sample transaction 761
[2026-05-22T09:19:48.472Z INFO  benchmark_client] Sending sample transaction 762
[2026-05-22T09:19:48.610Z INFO  benchmark_client] Sending sample transaction 763
[2026-05-22T09:19:48.610Z WARN  benchmark_client] Transaction rate too high for this client
[2026-05-22T09:19:48.615Z INFO  benchmark_client] Sending sample transaction 764
[2026-05-22T09:19:48.618Z INFO  benchmark_client] Sending sample transaction 765
[2026-05-22T09:19:48.783Z WARN  benchmark_client] Transaction rate too high for this client
[2026-05-22T09:19:48.784Z INFO  benchmark_client] Sending sample transaction 766
[2026-05-22T09:19:48.788Z INFO  benchmark_client] Sending sample transaction 767
[2026-05-22T09:19:48.830Z INFO  benchmark_client] Sending sample transaction 768
[2026-05-22T09:19:48.833Z INFO  benchmark_client] Sending sample transaction 769
[2026-05-22T09:19:48.837Z INFO  benchmark_client] Sending sample transaction 770
[2026-05-22T09:19:48.888Z WARN  benchmark_client] Transaction rate too high for this client
[2026-05-22T09:19:48.889Z INFO  benchmark_client] Sending sample transaction 771
[2026-05-22T09:19:48.893Z INFO  benchmark_client] Sending sample transaction 772
[2026-05-22T09:19:48.930Z INFO  benchmark_client] Sending sample transaction 773
[2026-05-22T09:19:48.934Z INFO  benchmark_client] Sending sample transaction 774
[2026-05-22T09:19:48.936Z INFO  benchmark_client] Sending sample transaction 775
[2026-05-22T09:19:48.977Z INFO  benchmark_client] Sending sample transaction 776
[2026-05-22T09:19:48.982Z INFO  benchmark_client] Sending sample transaction 777
[2026-05-22T09:19:49.030Z INFO  benchmark_client] Sending sample transaction 778
[2026-05-22T09:19:49.035Z INFO  benchmark_client] Sending sample transaction 779
[2026-05-22T09:19:49.040Z INFO  benchmark_client] Sending sample transaction 780
[2026-05-22T09:19:49.085Z INFO  benchmark_client] Sending sample transaction 781
[2026-05-22T09:19:49.090Z INFO  benchmark_client] Sending sample transaction 782
[2026-05-22T09:19:49.135Z INFO  benchmark_client] Sending sample transaction 783
[2026-05-22T09:19:49.140Z INFO  benchmark_client] Sending sample transaction 784
[2026-05-22T09:19:49.175Z INFO  benchmark_client] Sending sample transaction 785
[2026-05-22T09:19:49.179Z INFO  benchmark_client] Sending sample transaction 786
[2026-05-22T09:19:49.182Z INFO  benchmark_client] Sending sample transaction 787
[2026-05-22T09:19:49.215Z INFO  benchmark_client] Sending sample transaction 788
[2026-05-22T09:19:49.219Z INFO  benchmark_client] Sending sample transaction 789
[2026-05-22T09:19:49.224Z INFO  benchmark_client] Sending sample transaction 790
[2026-05-22T09:19:49.250Z INFO  benchmark_client] Sending sample transaction 791
[2026-05-22T09:19:49.253Z INFO  benchmark_client] Sending sample transaction 792
[2026-05-22T09:19:49.257Z INFO  benchmark_client] Sending sample transaction 793
[2026-05-22T09:19:49.282Z INFO  benchmark_client] Sending sample transaction 794
[2026-05-22T09:19:49.286Z INFO  benchmark_client] Sending sample transaction 795
[2026-05-22T09:19:49.290Z INFO  benchmark_client] Sending sample transaction 796
[2026-05-22T09:19:49.313Z INFO  benchmark_client] Sending sample transaction 797
[2026-05-22T09:19:49.316Z INFO  benchmark_client] Sending sample transaction 798
[2026-05-22T09:19:49.319Z INFO  benchmark_client] Sending sample transaction 799
[2026-05-22T09:19:49.363Z INFO  benchmark_client] Sending sample transaction 800
[2026-05-22T09:19:49.367Z INFO  benchmark_client] Sending sample transaction 801
[2026-05-22T09:19:49.372Z INFO  benchmark_client] Sending sample transaction 802
[2026-05-22T09:19:49.412Z INFO  benchmark_client] Sending sample transaction 803
[2026-05-22T09:19:49.417Z INFO  benchmark_client] Sending sample transaction 804
[2026-05-22T09:19:49.422Z INFO  benchmark_client] Sending sample transaction 805
[2026-05-22T09:19:49.456Z INFO  benchmark_client] Sending sample transaction 806
[2026-05-22T09:19:49.461Z INFO  benchmark_client] Sending sample transaction 807
[2026-05-22T09:19:49.468Z INFO  benchmark_client] Sending sample transaction 808
[2026-05-22T09:19:49.509Z INFO  benchmark_client] Sending sample transaction 809
[2026-05-22T09:19:49.513Z INFO  benchmark_client] Sending sample transaction 810
[2026-05-22T09:19:49.519Z INFO  benchmark_client] Sending sample transaction 811
[2026-05-22T09:19:49.563Z INFO  benchmark_client] Sending sample transaction 812
[2026-05-22T09:19:49.569Z INFO  benchmark_client] Sending sample transaction 813
[2026-05-22T09:19:49.606Z INFO  benchmark_client] Sending sample transaction 814
[2026-05-22T09:19:49.610Z INFO  benchmark_client] Sending sample transaction 815
[2026-05-22T09:19:49.614Z INFO  benchmark_client] Sending sample transaction 816
[2026-05-22T09:19:49.620Z INFO  benchmark_client] Sending sample transaction 817
[2026-05-22T09:19:49.666Z INFO  benchmark_client] Sending sample transaction 818
[2026-05-22T09:19:49.669Z INFO  benchmark_client] Sending sample transaction 819
[2026-05-22T09:19:49.719Z WARN  benchmark_client] Transaction rate too high for this client
[2026-05-22T09:19:49.721Z INFO  benchmark_client] Sending sample transaction 820
[2026-05-22T09:19:49.726Z INFO  benchmark_client] Sending sample transaction 821
[2026-05-22T09:19:49.732Z INFO  benchmark_client] Sending sample transaction 822
[2026-05-22T09:19:49.767Z INFO  benchmark_client] Sending sample transaction 823
[2026-05-22T09:19:49.771Z INFO  benchmark_client] Sending sample transaction 824
[2026-05-22T09:19:49.776Z INFO  benchmark_client] Sending sample transaction 825
[2026-05-22T09:19:49.829Z WARN  benchmark_client] Transaction rate too high for this client
[2026-05-22T09:19:49.831Z INFO  benchmark_client] Sending sample transaction 826
[2026-05-22T09:19:49.835Z INFO  benchmark_client] Sending sample transaction 827
[2026-05-22T09:19:50.159Z INFO  benchmark_client] Sending sample transaction 828
[2026-05-22T09:19:50.162Z WARN  benchmark_client] Transaction rate too high for this client
[2026-05-22T09:19:50.166Z INFO  benchmark_client] Sending sample transaction 829
[2026-05-22T09:19:50.175Z INFO  benchmark_client] Sending sample transaction 830
[2026-05-22T09:19:51.005Z WARN  benchmark_client] Transaction rate too high for this client
[2026-05-22T09:19:51.010Z INFO  benchmark_client] Sending sample transaction 831
[2026-05-22T09:19:51.017Z INFO  benchmark_client] Sending sample transaction 832
[2026-05-22T09:19:51.132Z INFO  benchmark_client] Sending sample transaction 833
[2026-05-22T09:19:51.132Z WARN  benchmark_client] Transaction rate too high for this client
[2026-05-22T09:19:51.137Z INFO  benchmark_client] Sending sample transaction 834
[2026-05-22T09:19:51.141Z INFO  benchmark_client] Sending sample transaction 835
[2026-05-22T09:19:51.252Z WARN  benchmark_client] Transaction rate too high for this client
[2026-05-22T09:19:51.254Z INFO  benchmark_client] Sending sample transaction 836
[2026-05-22T09:19:51.261Z INFO  benchmark_client] Sending sample transaction 837
[2026-05-22T09:19:51.350Z INFO  benchmark_client] Sending sample transaction 838
[2026-05-22T09:19:51.353Z WARN  benchmark_client] Transaction rate too high for this client
[2026-05-22T09:19:51.355Z INFO  benchmark_client] Sending sample transaction 839
[2026-05-22T09:19:51.395Z INFO  benchmark_client] Sending sample transaction 840
[2026-05-22T09:19:51.399Z INFO  benchmark_client] Sending sample transaction 841
[2026-05-22T09:19:51.402Z INFO  benchmark_client] Sending sample transaction 842
[2026-05-22T09:19:51.530Z WARN  benchmark_client] Transaction rate too high for this client
[2026-05-22T09:19:51.536Z INFO  benchmark_client] Sending sample transaction 843
[2026-05-22T09:19:51.540Z INFO  benchmark_client] Sending sample transaction 844
[2026-05-22T09:19:51.545Z INFO  benchmark_client] Sending sample transaction 845
[2026-05-22T09:19:51.551Z INFO  benchmark_client] Sending sample transaction 846
[2026-05-22T09:19:51.580Z INFO  benchmark_client] Sending sample transaction 847
[2026-05-22T09:19:51.585Z INFO  benchmark_client] Sending sample transaction 848
[2026-05-22T09:19:51.590Z INFO  benchmark_client] Sending sample transaction 849
[2026-05-22T09:19:51.663Z INFO  benchmark_client] Sending sample transaction 850
[2026-05-22T09:19:51.664Z WARN  benchmark_client] Transaction rate too high for this client
[2026-05-22T09:19:51.668Z INFO  benchmark_client] Sending sample transaction 851
[2026-05-22T09:19:51.672Z INFO  benchmark_client] Sending sample transaction 852
[2026-05-22T09:19:51.738Z WARN  benchmark_client] Transaction rate too high for this client
[2026-05-22T09:19:51.740Z INFO  benchmark_client] Sending sample transaction 853
[2026-05-22T09:19:51.744Z INFO  benchmark_client] Sending sample transaction 854
[2026-05-22T09:19:52.021Z INFO  benchmark_client] Sending sample transaction 855
[2026-05-22T09:19:52.023Z WARN  benchmark_client] Transaction rate too high for this client
[2026-05-22T09:19:52.026Z INFO  benchmark_client] Sending sample transaction 856
[2026-05-22T09:19:52.030Z INFO  benchmark_client] Sending sample transaction 857
[2026-05-22T09:19:52.033Z INFO  benchmark_client] Sending sample transaction 858
