[2026-05-22T09:19:07.559Z INFO  benchmark_client] Node address: 35.243.133.228:5018
[2026-05-22T09:19:07.559Z INFO  benchmark_client] Transactions size: 512 B
[2026-05-22T09:19:07.559Z INFO  benchmark_client] Transactions rate: 23334 tx/s
[2026-05-22T09:19:07.559Z INFO  benchmark_client] Waiting for all nodes to be online...
[2026-05-22T09:19:07.781Z INFO  benchmark_client] Start sending transactions
[2026-05-22T09:19:07.782Z INFO  benchmark_client] Sending sample transaction 0
[2026-05-22T09:19:07.833Z INFO  benchmark_client] Sending sample transaction 1
[2026-05-22T09:19:07.882Z INFO  benchmark_client] Sending sample transaction 2
[2026-05-22T09:19:07.932Z INFO  benchmark_client] Sending sample transaction 3
[2026-05-22T09:19:07.983Z INFO  benchmark_client] Sending sample transaction 4
[2026-05-22T09:19:08.032Z INFO  benchmark_client] Sending sample transaction 5
[2026-05-22T09:19:08.083Z INFO  benchmark_client] Sending sample transaction 6
[2026-05-22T09:19:08.132Z INFO  benchmark_client] Sending sample transaction 7
[2026-05-22T09:19:08.183Z INFO  benchmark_client] Sending sample transaction 8
[2026-05-22T09:19:08.233Z INFO  benchmark_client] Sending sample transaction 9
[2026-05-22T09:19:08.282Z INFO  benchmark_client] Sending sample transaction 10
[2026-05-22T09:19:08.332Z INFO  benchmark_client] Sending sample transaction 11
[2026-05-22T09:19:08.387Z INFO  benchmark_client] Sending sample transaction 12
[2026-05-22T09:19:08.434Z INFO  benchmark_client] Sending sample transaction 13
[2026-05-22T09:19:08.483Z INFO  benchmark_client] Sending sample transaction 14
[2026-05-22T09:19:08.532Z INFO  benchmark_client] Sending sample transaction 15
[2026-05-22T09:19:08.582Z INFO  benchmark_client] Sending sample transaction 16
[2026-05-22T09:19:08.632Z INFO  benchmark_client] Sending sample transaction 17
[2026-05-22T09:19:08.682Z INFO  benchmark_client] Sending sample transaction 18
[2026-05-22T09:19:08.732Z INFO  benchmark_client] Sending sample transaction 19
[2026-05-22T09:19:08.782Z INFO  benchmark_client] Sending sample transaction 20
[2026-05-22T09:19:08.832Z INFO  benchmark_client] Sending sample transaction 21
[2026-05-22T09:19:08.882Z INFO  benchmark_client] Sending sample transaction 22
[2026-05-22T09:19:08.934Z INFO  benchmark_client] Sending sample transaction 23
[2026-05-22T09:19:08.982Z INFO  benchmark_client] Sending sample transaction 24
[2026-05-22T09:19:09.032Z INFO  benchmark_client] Sending sample transaction 25
[2026-05-22T09:19:09.082Z INFO  benchmark_client] Sending sample transaction 26
[2026-05-22T09:19:09.132Z INFO  benchmark_client] Sending sample transaction 27
[2026-05-22T09:19:09.182Z INFO  benchmark_client] Sending sample transaction 28
[2026-05-22T09:19:09.232Z INFO  benchmark_client] Sending sample transaction 29
[2026-05-22T09:19:09.282Z INFO  benchmark_client] Sending sample transaction 30
[2026-05-22T09:19:09.332Z INFO  benchmark_client] Sending sample transaction 31
[2026-05-22T09:19:09.383Z INFO  benchmark_client] Sending sample transaction 32
[2026-05-22T09:19:09.432Z INFO  benchmark_client] Sending sample transaction 33
[2026-05-22T09:19:09.482Z INFO  benchmark_client] Sending sample transaction 34
[2026-05-22T09:19:09.532Z INFO  benchmark_client] Sending sample transaction 35
[2026-05-22T09:19:09.582Z INFO  benchmark_client] Sending sample transaction 36
[2026-05-22T09:19:09.633Z INFO  benchmark_client] Sending sample transaction 37
[2026-05-22T09:19:09.682Z INFO  benchmark_client] Sending sample transaction 38
[2026-05-22T09:19:09.734Z INFO  benchmark_client] Sending sample transaction 39
[2026-05-22T09:19:09.782Z INFO  benchmark_client] Sending sample transaction 40
[2026-05-22T09:19:09.832Z INFO  benchmark_client] Sending sample transaction 41
[2026-05-22T09:19:09.882Z INFO  benchmark_client] Sending sample transaction 42
[2026-05-22T09:19:09.934Z INFO  benchmark_client] Sending sample transaction 43
[2026-05-22T09:19:09.983Z INFO  benchmark_client] Sending sample transaction 44
[2026-05-22T09:19:10.034Z INFO  benchmark_client] Sending sample transaction 45
[2026-05-22T09:19:10.085Z INFO  benchmark_client] Sending sample transaction 46
[2026-05-22T09:19:10.133Z INFO  benchmark_client] Sending sample transaction 47
[2026-05-22T09:19:10.183Z INFO  benchmark_client] Sending sample transaction 48
[2026-05-22T09:19:10.232Z INFO  benchmark_client] Sending sample transaction 49
[2026-05-22T09:19:10.283Z INFO  benchmark_client] Sending sample transaction 50
[2026-05-22T09:19:10.335Z INFO  benchmark_client] Sending sample transaction 51
[2026-05-22T09:19:10.384Z INFO  benchmark_client] Sending sample transaction 52
[2026-05-22T09:19:10.508Z WARN  benchmark_client] Transaction rate too high for this client
[2026-05-22T09:19:10.508Z INFO  benchmark_client] Sending sample transaction 53
[2026-05-22T09:19:10.519Z INFO  benchmark_client] Sending sample transaction 54
[2026-05-22T09:19:10.533Z INFO  benchmark_client] Sending sample transaction 55
[2026-05-22T09:19:10.582Z INFO  benchmark_client] Sending sample transaction 56
[2026-05-22T09:19:10.635Z INFO  benchmark_client] Sending sample transaction 57
[2026-05-22T09:19:10.682Z INFO  benchmark_client] Sending sample transaction 58
[2026-05-22T09:19:10.732Z INFO  benchmark_client] Sending sample transaction 59
[2026-05-22T09:19:10.782Z INFO  benchmark_client] Sending sample transaction 60
[2026-05-22T09:19:10.832Z INFO  benchmark_client] Sending sample transaction 61
[2026-05-22T09:19:10.883Z INFO  benchmark_client] Sending sample transaction 62
[2026-05-22T09:19:10.932Z INFO  benchmark_client] Sending sample transaction 63
[2026-05-22T09:19:10.982Z INFO  benchmark_client] Sending sample transaction 64
[2026-05-22T09:19:11.032Z INFO  benchmark_client] Sending sample transaction 65
[2026-05-22T09:19:11.082Z INFO  benchmark_client] Sending sample transaction 66
[2026-05-22T09:19:11.132Z INFO  benchmark_client] Sending sample transaction 67
[2026-05-22T09:19:11.182Z INFO  benchmark_client] Sending sample transaction 68
[2026-05-22T09:19:11.234Z INFO  benchmark_client] Sending sample transaction 69
[2026-05-22T09:19:11.284Z INFO  benchmark_client] Sending sample transaction 70
[2026-05-22T09:19:11.332Z INFO  benchmark_client] Sending sample transaction 71
[2026-05-22T09:19:11.382Z INFO  benchmark_client] Sending sample transaction 72
[2026-05-22T09:19:11.432Z INFO  benchmark_client] Sending sample transaction 73
[2026-05-22T09:19:11.483Z INFO  benchmark_client] Sending sample transaction 74
[2026-05-22T09:19:11.532Z INFO  benchmark_client] Sending sample transaction 75
[2026-05-22T09:19:11.582Z INFO  benchmark_client] Sending sample transaction 76
[2026-05-22T09:19:11.632Z INFO  benchmark_client] Sending sample transaction 77
[2026-05-22T09:19:11.683Z INFO  benchmark_client] Sending sample transaction 78
[2026-05-22T09:19:11.732Z INFO  benchmark_client] Sending sample transaction 79
[2026-05-22T09:19:11.782Z INFO  benchmark_client] Sending sample transaction 80
[2026-05-22T09:19:11.832Z INFO  benchmark_client] Sending sample transaction 81
[2026-05-22T09:19:11.882Z INFO  benchmark_client] Sending sample transaction 82
[2026-05-22T09:19:11.933Z INFO  benchmark_client] Sending sample transaction 83
[2026-05-22T09:19:11.983Z INFO  benchmark_client] Sending sample transaction 84
[2026-05-22T09:19:12.032Z INFO  benchmark_client] Sending sample transaction 85
[2026-05-22T09:19:12.083Z INFO  benchmark_client] Sending sample transaction 86
[2026-05-22T09:19:12.133Z INFO  benchmark_client] Sending sample transaction 87
[2026-05-22T09:19:12.182Z INFO  benchmark_client] Sending sample transaction 88
[2026-05-22T09:19:12.233Z INFO  benchmark_client] Sending sample transaction 89
[2026-05-22T09:19:12.282Z INFO  benchmark_client] Sending sample transaction 90
[2026-05-22T09:19:12.332Z INFO  benchmark_client] Sending sample transaction 91
[2026-05-22T09:19:12.382Z INFO  benchmark_client] Sending sample transaction 92
[2026-05-22T09:19:12.434Z INFO  benchmark_client] Sending sample transaction 93
[2026-05-22T09:19:12.483Z INFO  benchmark_client] Sending sample transaction 94
[2026-05-22T09:19:12.532Z INFO  benchmark_client] Sending sample transaction 95
[2026-05-22T09:19:12.582Z INFO  benchmark_client] Sending sample transaction 96
[2026-05-22T09:19:12.632Z INFO  benchmark_client] Sending sample transaction 97
[2026-05-22T09:19:12.682Z INFO  benchmark_client] Sending sample transaction 98
[2026-05-22T09:19:12.734Z INFO  benchmark_client] Sending sample transaction 99
[2026-05-22T09:19:12.783Z INFO  benchmark_client] Sending sample transaction 100
[2026-05-22T09:19:12.832Z INFO  benchmark_client] Sending sample transaction 101
[2026-05-22T09:19:12.882Z INFO  benchmark_client] Sending sample transaction 102
[2026-05-22T09:19:12.933Z INFO  benchmark_client] Sending sample transaction 103
[2026-05-22T09:19:12.982Z INFO  benchmark_client] Sending sample transaction 104
[2026-05-22T09:19:13.091Z INFO  benchmark_client] Sending sample transaction 105
[2026-05-22T09:19:13.095Z WARN  benchmark_client] Transaction rate too high for this client
[2026-05-22T09:19:13.095Z INFO  benchmark_client] Sending sample transaction 106
[2026-05-22T09:19:13.150Z WARN  benchmark_client] Transaction rate too high for this client
[2026-05-22T09:19:13.150Z INFO  benchmark_client] Sending sample transaction 107
[2026-05-22T09:19:13.183Z INFO  benchmark_client] Sending sample transaction 108
[2026-05-22T09:19:13.232Z INFO  benchmark_client] Sending sample transaction 109
[2026-05-22T09:19:13.282Z INFO  benchmark_client] Sending sample transaction 110
[2026-05-22T09:19:13.332Z INFO  benchmark_client] Sending sample transaction 111
[2026-05-22T09:19:13.382Z INFO  benchmark_client] Sending sample transaction 112
[2026-05-22T09:19:13.432Z INFO  benchmark_client] Sending sample transaction 113
[2026-05-22T09:19:13.483Z INFO  benchmark_client] Sending sample transaction 114
[2026-05-22T09:19:13.535Z INFO  benchmark_client] Sending sample transaction 115
[2026-05-22T09:19:13.582Z INFO  benchmark_client] Sending sample transaction 116
[2026-05-22T09:19:13.632Z INFO  benchmark_client] Sending sample transaction 117
[2026-05-22T09:19:13.683Z INFO  benchmark_client] Sending sample transaction 118
[2026-05-22T09:19:13.732Z INFO  benchmark_client] Sending sample transaction 119
[2026-05-22T09:19:13.782Z INFO  benchmark_client] Sending sample transaction 120
[2026-05-22T09:19:13.832Z INFO  benchmark_client] Sending sample transaction 121
[2026-05-22T09:19:13.882Z INFO  benchmark_client] Sending sample transaction 122
[2026-05-22T09:19:13.932Z INFO  benchmark_client] Sending sample transaction 123
[2026-05-22T09:19:13.983Z INFO  benchmark_client] Sending sample transaction 124
[2026-05-22T09:19:14.034Z INFO  benchmark_client] Sending sample transaction 125
[2026-05-22T09:19:14.082Z INFO  benchmark_client] Sending sample transaction 126
[2026-05-22T09:19:14.132Z INFO  benchmark_client] Sending sample transaction 127
[2026-05-22T09:19:14.182Z INFO  benchmark_client] Sending sample transaction 128
[2026-05-22T09:19:14.232Z INFO  benchmark_client] Sending sample transaction 129
[2026-05-22T09:19:14.282Z INFO  benchmark_client] Sending sample transaction 130
[2026-05-22T09:19:14.332Z INFO  benchmark_client] Sending sample transaction 131
[2026-05-22T09:19:14.383Z INFO  benchmark_client] Sending sample transaction 132
[2026-05-22T09:19:14.432Z INFO  benchmark_client] Sending sample transaction 133
[2026-05-22T09:19:14.483Z INFO  benchmark_client] Sending sample transaction 134
[2026-05-22T09:19:14.533Z INFO  benchmark_client] Sending sample transaction 135
[2026-05-22T09:19:14.583Z INFO  benchmark_client] Sending sample transaction 136
[2026-05-22T09:19:14.634Z INFO  benchmark_client] Sending sample transaction 137
[2026-05-22T09:19:14.683Z INFO  benchmark_client] Sending sample transaction 138
[2026-05-22T09:19:14.733Z INFO  benchmark_client] Sending sample transaction 139
[2026-05-22T09:19:14.782Z INFO  benchmark_client] Sending sample transaction 140
[2026-05-22T09:19:14.832Z INFO  benchmark_client] Sending sample transaction 141
[2026-05-22T09:19:14.882Z INFO  benchmark_client] Sending sample transaction 142
[2026-05-22T09:19:14.932Z INFO  benchmark_client] Sending sample transaction 143
[2026-05-22T09:19:14.982Z INFO  benchmark_client] Sending sample transaction 144
[2026-05-22T09:19:15.032Z INFO  benchmark_client] Sending sample transaction 145
[2026-05-22T09:19:15.083Z INFO  benchmark_client] Sending sample transaction 146
[2026-05-22T09:19:15.132Z INFO  benchmark_client] Sending sample transaction 147
[2026-05-22T09:19:15.183Z INFO  benchmark_client] Sending sample transaction 148
[2026-05-22T09:19:15.233Z INFO  benchmark_client] Sending sample transaction 149
[2026-05-22T09:19:15.282Z INFO  benchmark_client] Sending sample transaction 150
[2026-05-22T09:19:15.333Z INFO  benchmark_client] Sending sample transaction 151
[2026-05-22T09:19:15.383Z INFO  benchmark_client] Sending sample transaction 152
[2026-05-22T09:19:15.432Z INFO  benchmark_client] Sending sample transaction 153
[2026-05-22T09:19:15.482Z INFO  benchmark_client] Sending sample transaction 154
[2026-05-22T09:19:15.532Z INFO  benchmark_client] Sending sample transaction 155
[2026-05-22T09:19:15.582Z INFO  benchmark_client] Sending sample transaction 156
[2026-05-22T09:19:15.632Z INFO  benchmark_client] Sending sample transaction 157
[2026-05-22T09:19:15.682Z INFO  benchmark_client] Sending sample transaction 158
[2026-05-22T09:19:15.732Z INFO  benchmark_client] Sending sample transaction 159
[2026-05-22T09:19:15.782Z INFO  benchmark_client] Sending sample transaction 160
[2026-05-22T09:19:15.832Z INFO  benchmark_client] Sending sample transaction 161
[2026-05-22T09:19:15.882Z INFO  benchmark_client] Sending sample transaction 162
[2026-05-22T09:19:15.933Z INFO  benchmark_client] Sending sample transaction 163
[2026-05-22T09:19:15.982Z INFO  benchmark_client] Sending sample transaction 164
[2026-05-22T09:19:16.032Z INFO  benchmark_client] Sending sample transaction 165
[2026-05-22T09:19:16.082Z INFO  benchmark_client] Sending sample transaction 166
[2026-05-22T09:19:16.133Z INFO  benchmark_client] Sending sample transaction 167
[2026-05-22T09:19:16.182Z INFO  benchmark_client] Sending sample transaction 168
[2026-05-22T09:19:16.233Z INFO  benchmark_client] Sending sample transaction 169
[2026-05-22T09:19:16.282Z INFO  benchmark_client] Sending sample transaction 170
[2026-05-22T09:19:16.333Z INFO  benchmark_client] Sending sample transaction 171
[2026-05-22T09:19:16.382Z INFO  benchmark_client] Sending sample transaction 172
[2026-05-22T09:19:16.432Z INFO  benchmark_client] Sending sample transaction 173
[2026-05-22T09:19:16.482Z INFO  benchmark_client] Sending sample transaction 174
[2026-05-22T09:19:16.532Z INFO  benchmark_client] Sending sample transaction 175
[2026-05-22T09:19:16.583Z INFO  benchmark_client] Sending sample transaction 176
[2026-05-22T09:19:16.632Z INFO  benchmark_client] Sending sample transaction 177
[2026-05-22T09:19:16.682Z INFO  benchmark_client] Sending sample transaction 178
[2026-05-22T09:19:16.732Z INFO  benchmark_client] Sending sample transaction 179
[2026-05-22T09:19:16.782Z INFO  benchmark_client] Sending sample transaction 180
[2026-05-22T09:19:16.832Z INFO  benchmark_client] Sending sample transaction 181
[2026-05-22T09:19:16.882Z INFO  benchmark_client] Sending sample transaction 182
[2026-05-22T09:19:16.934Z INFO  benchmark_client] Sending sample transaction 183
[2026-05-22T09:19:16.983Z INFO  benchmark_client] Sending sample transaction 184
[2026-05-22T09:19:17.032Z INFO  benchmark_client] Sending sample transaction 185
[2026-05-22T09:19:17.083Z INFO  benchmark_client] Sending sample transaction 186
[2026-05-22T09:19:17.135Z INFO  benchmark_client] Sending sample transaction 187
[2026-05-22T09:19:17.182Z INFO  benchmark_client] Sending sample transaction 188
[2026-05-22T09:19:17.232Z INFO  benchmark_client] Sending sample transaction 189
[2026-05-22T09:19:17.282Z INFO  benchmark_client] Sending sample transaction 190
[2026-05-22T09:19:17.332Z INFO  benchmark_client] Sending sample transaction 191
[2026-05-22T09:19:17.383Z INFO  benchmark_client] Sending sample transaction 192
[2026-05-22T09:19:17.432Z INFO  benchmark_client] Sending sample transaction 193
[2026-05-22T09:19:17.482Z INFO  benchmark_client] Sending sample transaction 194
[2026-05-22T09:19:17.533Z INFO  benchmark_client] Sending sample transaction 195
[2026-05-22T09:19:17.586Z INFO  benchmark_client] Sending sample transaction 196
[2026-05-22T09:19:17.633Z INFO  benchmark_client] Sending sample transaction 197
[2026-05-22T09:19:17.682Z INFO  benchmark_client] Sending sample transaction 198
[2026-05-22T09:19:17.734Z INFO  benchmark_client] Sending sample transaction 199
[2026-05-22T09:19:17.849Z WARN  benchmark_client] Transaction rate too high for this client
[2026-05-22T09:19:17.849Z INFO  benchmark_client] Sending sample transaction 200
[2026-05-22T09:19:17.855Z INFO  benchmark_client] Sending sample transaction 201
[2026-05-22T09:19:18.052Z WARN  benchmark_client] Transaction rate too high for this client
[2026-05-22T09:19:18.055Z INFO  benchmark_client] Sending sample transaction 202
[2026-05-22T09:19:18.236Z INFO  benchmark_client] Sending sample transaction 203
[2026-05-22T09:19:18.240Z WARN  benchmark_client] Transaction rate too high for this client
[2026-05-22T09:19:18.241Z INFO  benchmark_client] Sending sample transaction 204
[2026-05-22T09:19:18.245Z INFO  benchmark_client] Sending sample transaction 205
[2026-05-22T09:19:18.276Z INFO  benchmark_client] Sending sample transaction 206
[2026-05-22T09:19:18.387Z INFO  benchmark_client] Sending sample transaction 207
[2026-05-22T09:19:18.393Z WARN  benchmark_client] Transaction rate too high for this client
[2026-05-22T09:19:18.393Z INFO  benchmark_client] Sending sample transaction 208
[2026-05-22T09:19:18.448Z WARN  benchmark_client] Transaction rate too high for this client
[2026-05-22T09:19:18.448Z INFO  benchmark_client] Sending sample transaction 209
[2026-05-22T09:19:18.453Z INFO  benchmark_client] Sending sample transaction 210
[2026-05-22T09:19:18.477Z INFO  benchmark_client] Sending sample transaction 211
[2026-05-22T09:19:18.510Z INFO  benchmark_client] Sending sample transaction 212
[2026-05-22T09:19:18.513Z INFO  benchmark_client] Sending sample transaction 213
[2026-05-22T09:19:18.607Z WARN  benchmark_client] Transaction rate too high for this client
[2026-05-22T09:19:18.608Z INFO  benchmark_client] Sending sample transaction 214
[2026-05-22T09:19:18.613Z INFO  benchmark_client] Sending sample transaction 215
[2026-05-22T09:19:18.818Z WARN  benchmark_client] Transaction rate too high for this client
[2026-05-22T09:19:18.819Z INFO  benchmark_client] Sending sample transaction 216
[2026-05-22T09:19:18.826Z INFO  benchmark_client] Sending sample transaction 217
[2026-05-22T09:19:18.847Z INFO  benchmark_client] Sending sample transaction 218
[2026-05-22T09:19:18.852Z INFO  benchmark_client] Sending sample transaction 219
[2026-05-22T09:19:19.092Z WARN  benchmark_client] Transaction rate too high for this client
[2026-05-22T09:19:19.093Z INFO  benchmark_client] Sending sample transaction 220
[2026-05-22T09:19:19.095Z INFO  benchmark_client] Sending sample transaction 221
[2026-05-22T09:19:19.117Z INFO  benchmark_client] Sending sample transaction 222
[2026-05-22T09:19:19.211Z INFO  benchmark_client] Sending sample transaction 223
[2026-05-22T09:19:19.213Z WARN  benchmark_client] Transaction rate too high for this client
[2026-05-22T09:19:19.214Z INFO  benchmark_client] Sending sample transaction 224
[2026-05-22T09:19:19.238Z INFO  benchmark_client] Sending sample transaction 225
[2026-05-22T09:19:19.311Z INFO  benchmark_client] Sending sample transaction 226
[2026-05-22T09:19:19.314Z WARN  benchmark_client] Transaction rate too high for this client
[2026-05-22T09:19:19.317Z INFO  benchmark_client] Sending sample transaction 227
[2026-05-22T09:19:19.324Z INFO  benchmark_client] Sending sample transaction 228
[2026-05-22T09:19:19.332Z INFO  benchmark_client] Sending sample transaction 229
[2026-05-22T09:19:19.354Z INFO  benchmark_client] Sending sample transaction 230
[2026-05-22T09:19:19.358Z INFO  benchmark_client] Sending sample transaction 231
[2026-05-22T09:19:19.382Z INFO  benchmark_client] Sending sample transaction 232
[2026-05-22T09:19:19.433Z INFO  benchmark_client] Sending sample transaction 233
[2026-05-22T09:19:19.483Z INFO  benchmark_client] Sending sample transaction 234
[2026-05-22T09:19:19.533Z INFO  benchmark_client] Sending sample transaction 235
[2026-05-22T09:19:19.582Z INFO  benchmark_client] Sending sample transaction 236
[2026-05-22T09:19:19.632Z INFO  benchmark_client] Sending sample transaction 237
[2026-05-22T09:19:19.683Z INFO  benchmark_client] Sending sample transaction 238
[2026-05-22T09:19:19.732Z INFO  benchmark_client] Sending sample transaction 239
[2026-05-22T09:19:19.784Z INFO  benchmark_client] Sending sample transaction 240
[2026-05-22T09:19:19.835Z INFO  benchmark_client] Sending sample transaction 241
[2026-05-22T09:19:19.882Z INFO  benchmark_client] Sending sample transaction 242
[2026-05-22T09:19:19.936Z INFO  benchmark_client] Sending sample transaction 243
[2026-05-22T09:19:19.985Z INFO  benchmark_client] Sending sample transaction 244
[2026-05-22T09:19:20.032Z INFO  benchmark_client] Sending sample transaction 245
[2026-05-22T09:19:20.083Z INFO  benchmark_client] Sending sample transaction 246
[2026-05-22T09:19:20.132Z INFO  benchmark_client] Sending sample transaction 247
[2026-05-22T09:19:20.182Z INFO  benchmark_client] Sending sample transaction 248
[2026-05-22T09:19:20.233Z INFO  benchmark_client] Sending sample transaction 249
[2026-05-22T09:19:20.282Z INFO  benchmark_client] Sending sample transaction 250
[2026-05-22T09:19:20.334Z INFO  benchmark_client] Sending sample transaction 251
[2026-05-22T09:19:20.384Z INFO  benchmark_client] Sending sample transaction 252
[2026-05-22T09:19:20.434Z INFO  benchmark_client] Sending sample transaction 253
[2026-05-22T09:19:20.483Z INFO  benchmark_client] Sending sample transaction 254
[2026-05-22T09:19:20.532Z INFO  benchmark_client] Sending sample transaction 255
[2026-05-22T09:19:20.583Z INFO  benchmark_client] Sending sample transaction 256
[2026-05-22T09:19:20.633Z INFO  benchmark_client] Sending sample transaction 257
[2026-05-22T09:19:20.682Z INFO  benchmark_client] Sending sample transaction 258
[2026-05-22T09:19:20.732Z INFO  benchmark_client] Sending sample transaction 259
[2026-05-22T09:19:20.783Z INFO  benchmark_client] Sending sample transaction 260
[2026-05-22T09:19:20.839Z WARN  benchmark_client] Transaction rate too high for this client
[2026-05-22T09:19:20.839Z INFO  benchmark_client] Sending sample transaction 261
[2026-05-22T09:19:20.882Z INFO  benchmark_client] Sending sample transaction 262
[2026-05-22T09:19:20.932Z INFO  benchmark_client] Sending sample transaction 263
[2026-05-22T09:19:20.982Z INFO  benchmark_client] Sending sample transaction 264
[2026-05-22T09:19:21.034Z INFO  benchmark_client] Sending sample transaction 265
[2026-05-22T09:19:21.083Z INFO  benchmark_client] Sending sample transaction 266
[2026-05-22T09:19:21.134Z INFO  benchmark_client] Sending sample transaction 267
[2026-05-22T09:19:21.182Z INFO  benchmark_client] Sending sample transaction 268
[2026-05-22T09:19:21.233Z INFO  benchmark_client] Sending sample transaction 269
[2026-05-22T09:19:21.282Z INFO  benchmark_client] Sending sample transaction 270
[2026-05-22T09:19:21.332Z INFO  benchmark_client] Sending sample transaction 271
[2026-05-22T09:19:21.382Z INFO  benchmark_client] Sending sample transaction 272
[2026-05-22T09:19:21.432Z INFO  benchmark_client] Sending sample transaction 273
[2026-05-22T09:19:21.483Z INFO  benchmark_client] Sending sample transaction 274
[2026-05-22T09:19:21.532Z INFO  benchmark_client] Sending sample transaction 275
[2026-05-22T09:19:21.582Z INFO  benchmark_client] Sending sample transaction 276
[2026-05-22T09:19:21.633Z INFO  benchmark_client] Sending sample transaction 277
[2026-05-22T09:19:21.683Z INFO  benchmark_client] Sending sample transaction 278
[2026-05-22T09:19:21.737Z INFO  benchmark_client] Sending sample transaction 279
[2026-05-22T09:19:21.783Z INFO  benchmark_client] Sending sample transaction 280
[2026-05-22T09:19:21.834Z INFO  benchmark_client] Sending sample transaction 281
[2026-05-22T09:19:21.882Z INFO  benchmark_client] Sending sample transaction 282
[2026-05-22T09:19:21.933Z INFO  benchmark_client] Sending sample transaction 283
[2026-05-22T09:19:21.983Z INFO  benchmark_client] Sending sample transaction 284
[2026-05-22T09:19:22.032Z INFO  benchmark_client] Sending sample transaction 285
[2026-05-22T09:19:22.083Z INFO  benchmark_client] Sending sample transaction 286
[2026-05-22T09:19:22.134Z INFO  benchmark_client] Sending sample transaction 287
[2026-05-22T09:19:22.183Z INFO  benchmark_client] Sending sample transaction 288
[2026-05-22T09:19:22.234Z INFO  benchmark_client] Sending sample transaction 289
[2026-05-22T09:19:22.283Z INFO  benchmark_client] Sending sample transaction 290
[2026-05-22T09:19:22.333Z INFO  benchmark_client] Sending sample transaction 291
[2026-05-22T09:19:22.384Z INFO  benchmark_client] Sending sample transaction 292
[2026-05-22T09:19:22.434Z INFO  benchmark_client] Sending sample transaction 293
[2026-05-22T09:19:22.482Z INFO  benchmark_client] Sending sample transaction 294
[2026-05-22T09:19:22.533Z INFO  benchmark_client] Sending sample transaction 295
[2026-05-22T09:19:22.582Z INFO  benchmark_client] Sending sample transaction 296
[2026-05-22T09:19:22.632Z INFO  benchmark_client] Sending sample transaction 297
[2026-05-22T09:19:22.684Z INFO  benchmark_client] Sending sample transaction 298
[2026-05-22T09:19:22.733Z INFO  benchmark_client] Sending sample transaction 299
[2026-05-22T09:19:22.783Z INFO  benchmark_client] Sending sample transaction 300
[2026-05-22T09:19:22.832Z INFO  benchmark_client] Sending sample transaction 301
[2026-05-22T09:19:22.883Z INFO  benchmark_client] Sending sample transaction 302
[2026-05-22T09:19:22.934Z INFO  benchmark_client] Sending sample transaction 303
[2026-05-22T09:19:22.984Z INFO  benchmark_client] Sending sample transaction 304
[2026-05-22T09:19:23.032Z INFO  benchmark_client] Sending sample transaction 305
[2026-05-22T09:19:23.084Z INFO  benchmark_client] Sending sample transaction 306
[2026-05-22T09:19:23.133Z INFO  benchmark_client] Sending sample transaction 307
[2026-05-22T09:19:23.182Z INFO  benchmark_client] Sending sample transaction 308
[2026-05-22T09:19:23.233Z INFO  benchmark_client] Sending sample transaction 309
[2026-05-22T09:19:23.283Z INFO  benchmark_client] Sending sample transaction 310
[2026-05-22T09:19:23.333Z INFO  benchmark_client] Sending sample transaction 311
[2026-05-22T09:19:23.383Z INFO  benchmark_client] Sending sample transaction 312
[2026-05-22T09:19:23.432Z INFO  benchmark_client] Sending sample transaction 313
[2026-05-22T09:19:23.483Z INFO  benchmark_client] Sending sample transaction 314
[2026-05-22T09:19:23.803Z WARN  benchmark_client] Transaction rate too high for this client
[2026-05-22T09:19:23.803Z INFO  benchmark_client] Sending sample transaction 315
[2026-05-22T09:19:23.809Z INFO  benchmark_client] Sending sample transaction 316
[2026-05-22T09:19:23.974Z WARN  benchmark_client] Transaction rate too high for this client
[2026-05-22T09:19:23.976Z INFO  benchmark_client] Sending sample transaction 317
[2026-05-22T09:19:24.022Z INFO  benchmark_client] Sending sample transaction 318
[2026-05-22T09:19:24.028Z INFO  benchmark_client] Sending sample transaction 319
[2026-05-22T09:19:24.052Z INFO  benchmark_client] Sending sample transaction 320
[2026-05-22T09:19:24.160Z INFO  benchmark_client] Sending sample transaction 321
[2026-05-22T09:19:24.161Z WARN  benchmark_client] Transaction rate too high for this client
[2026-05-22T09:19:24.166Z INFO  benchmark_client] Sending sample transaction 322
[2026-05-22T09:19:24.171Z INFO  benchmark_client] Sending sample transaction 323
[2026-05-22T09:19:24.300Z WARN  benchmark_client] Transaction rate too high for this client
[2026-05-22T09:19:24.302Z INFO  benchmark_client] Sending sample transaction 324
[2026-05-22T09:19:24.419Z WARN  benchmark_client] Transaction rate too high for this client
[2026-05-22T09:19:24.421Z INFO  benchmark_client] Sending sample transaction 325
[2026-05-22T09:19:24.423Z INFO  benchmark_client] Sending sample transaction 326
[2026-05-22T09:19:24.515Z WARN  benchmark_client] Transaction rate too high for this client
[2026-05-22T09:19:24.517Z INFO  benchmark_client] Sending sample transaction 327
[2026-05-22T09:19:24.643Z WARN  benchmark_client] Transaction rate too high for this client
[2026-05-22T09:19:24.644Z INFO  benchmark_client] Sending sample transaction 328
[2026-05-22T09:19:24.650Z INFO  benchmark_client] Sending sample transaction 329
[2026-05-22T09:19:24.666Z INFO  benchmark_client] Sending sample transaction 330
[2026-05-22T09:19:24.687Z INFO  benchmark_client] Sending sample transaction 331
[2026-05-22T09:19:24.690Z INFO  benchmark_client] Sending sample transaction 332
[2026-05-22T09:19:24.693Z INFO  benchmark_client] Sending sample transaction 333
[2026-05-22T09:19:24.719Z INFO  benchmark_client] Sending sample transaction 334
[2026-05-22T09:19:24.722Z INFO  benchmark_client] Sending sample transaction 335
[2026-05-22T09:19:24.754Z INFO  benchmark_client] Sending sample transaction 336
[2026-05-22T09:19:24.758Z INFO  benchmark_client] Sending sample transaction 337
[2026-05-22T09:19:24.776Z INFO  benchmark_client] Sending sample transaction 338
[2026-05-22T09:19:24.801Z INFO  benchmark_client] Sending sample transaction 339
[2026-05-22T09:19:24.804Z INFO  benchmark_client] Sending sample transaction 340
[2026-05-22T09:19:24.842Z INFO  benchmark_client] Sending sample transaction 341
[2026-05-22T09:19:24.883Z INFO  benchmark_client] Sending sample transaction 342
[2026-05-22T09:19:24.933Z INFO  benchmark_client] Sending sample transaction 343
[2026-05-22T09:19:24.983Z INFO  benchmark_client] Sending sample transaction 344
[2026-05-22T09:19:25.033Z INFO  benchmark_client] Sending sample transaction 345
[2026-05-22T09:19:25.082Z INFO  benchmark_client] Sending sample transaction 346
[2026-05-22T09:19:25.134Z INFO  benchmark_client] Sending sample transaction 347
[2026-05-22T09:19:25.182Z INFO  benchmark_client] Sending sample transaction 348
[2026-05-22T09:19:25.232Z INFO  benchmark_client] Sending sample transaction 349
[2026-05-22T09:19:25.283Z INFO  benchmark_client] Sending sample transaction 350
[2026-05-22T09:19:25.333Z INFO  benchmark_client] Sending sample transaction 351
[2026-05-22T09:19:25.383Z INFO  benchmark_client] Sending sample transaction 352
[2026-05-22T09:19:25.434Z INFO  benchmark_client] Sending sample transaction 353
[2026-05-22T09:19:25.761Z WARN  benchmark_client] Transaction rate too high for this client
[2026-05-22T09:19:25.761Z INFO  benchmark_client] Sending sample transaction 354
[2026-05-22T09:19:25.784Z INFO  benchmark_client] Sending sample transaction 355
[2026-05-22T09:19:25.786Z INFO  benchmark_client] Sending sample transaction 356
[2026-05-22T09:19:25.842Z INFO  benchmark_client] Sending sample transaction 357
[2026-05-22T09:19:25.843Z WARN  benchmark_client] Transaction rate too high for this client
[2026-05-22T09:19:25.845Z INFO  benchmark_client] Sending sample transaction 358
[2026-05-22T09:19:25.902Z WARN  benchmark_client] Transaction rate too high for this client
[2026-05-22T09:19:25.903Z INFO  benchmark_client] Sending sample transaction 359
[2026-05-22T09:19:25.910Z INFO  benchmark_client] Sending sample transaction 360
[2026-05-22T09:19:25.959Z INFO  benchmark_client] Sending sample transaction 361
[2026-05-22T09:19:25.965Z INFO  benchmark_client] Sending sample transaction 362
[2026-05-22T09:19:25.976Z INFO  benchmark_client] Sending sample transaction 363
[2026-05-22T09:19:25.982Z INFO  benchmark_client] Sending sample transaction 364
[2026-05-22T09:19:26.033Z INFO  benchmark_client] Sending sample transaction 365
[2026-05-22T09:19:26.097Z WARN  benchmark_client] Transaction rate too high for this client
[2026-05-22T09:19:26.097Z INFO  benchmark_client] Sending sample transaction 366
[2026-05-22T09:19:26.132Z INFO  benchmark_client] Sending sample transaction 367
[2026-05-22T09:19:26.183Z INFO  benchmark_client] Sending sample transaction 368
[2026-05-22T09:19:26.233Z INFO  benchmark_client] Sending sample transaction 369
[2026-05-22T09:19:26.283Z INFO  benchmark_client] Sending sample transaction 370
[2026-05-22T09:19:26.334Z INFO  benchmark_client] Sending sample transaction 371
[2026-05-22T09:19:26.494Z INFO  benchmark_client] Sending sample transaction 372
[2026-05-22T09:19:26.495Z WARN  benchmark_client] Transaction rate too high for this client
[2026-05-22T09:19:26.497Z INFO  benchmark_client] Sending sample transaction 373
[2026-05-22T09:19:26.563Z WARN  benchmark_client] Transaction rate too high for this client
[2026-05-22T09:19:26.564Z INFO  benchmark_client] Sending sample transaction 374
[2026-05-22T09:19:26.569Z INFO  benchmark_client] Sending sample transaction 375
[2026-05-22T09:19:26.621Z WARN  benchmark_client] Transaction rate too high for this client
[2026-05-22T09:19:26.623Z INFO  benchmark_client] Sending sample transaction 376
[2026-05-22T09:19:26.632Z INFO  benchmark_client] Sending sample transaction 377
[2026-05-22T09:19:26.874Z WARN  benchmark_client] Transaction rate too high for this client
[2026-05-22T09:19:26.875Z INFO  benchmark_client] Sending sample transaction 378
[2026-05-22T09:19:26.882Z INFO  benchmark_client] Sending sample transaction 379
[2026-05-22T09:19:26.958Z WARN  benchmark_client] Transaction rate too high for this client
[2026-05-22T09:19:26.960Z INFO  benchmark_client] Sending sample transaction 380
[2026-05-22T09:19:26.986Z INFO  benchmark_client] Sending sample transaction 381
[2026-05-22T09:19:26.991Z INFO  benchmark_client] Sending sample transaction 382
[2026-05-22T09:19:27.049Z WARN  benchmark_client] Transaction rate too high for this client
[2026-05-22T09:19:27.050Z INFO  benchmark_client] Sending sample transaction 383
[2026-05-22T09:19:27.124Z INFO  benchmark_client] Sending sample transaction 384
[2026-05-22T09:19:27.126Z WARN  benchmark_client] Transaction rate too high for this client
[2026-05-22T09:19:27.129Z INFO  benchmark_client] Sending sample transaction 385
[2026-05-22T09:19:27.131Z INFO  benchmark_client] Sending sample transaction 386
[2026-05-22T09:19:27.158Z INFO  benchmark_client] Sending sample transaction 387
[2026-05-22T09:19:27.183Z INFO  benchmark_client] Sending sample transaction 388
[2026-05-22T09:19:27.281Z WARN  benchmark_client] Transaction rate too high for this client
[2026-05-22T09:19:27.284Z INFO  benchmark_client] Sending sample transaction 389
[2026-05-22T09:19:27.500Z INFO  benchmark_client] Sending sample transaction 390
[2026-05-22T09:19:27.503Z WARN  benchmark_client] Transaction rate too high for this client
[2026-05-22T09:19:27.507Z INFO  benchmark_client] Sending sample transaction 391
[2026-05-22T09:19:27.577Z WARN  benchmark_client] Transaction rate too high for this client
[2026-05-22T09:19:27.578Z INFO  benchmark_client] Sending sample transaction 392
[2026-05-22T09:19:27.584Z INFO  benchmark_client] Sending sample transaction 393
[2026-05-22T09:19:27.695Z WARN  benchmark_client] Transaction rate too high for this client
[2026-05-22T09:19:27.698Z INFO  benchmark_client] Sending sample transaction 394
[2026-05-22T09:19:27.706Z INFO  benchmark_client] Sending sample transaction 395
[2026-05-22T09:19:27.742Z INFO  benchmark_client] Sending sample transaction 396
[2026-05-22T09:19:27.746Z INFO  benchmark_client] Sending sample transaction 397
[2026-05-22T09:19:27.777Z INFO  benchmark_client] Sending sample transaction 398
[2026-05-22T09:19:27.783Z INFO  benchmark_client] Sending sample transaction 399
[2026-05-22T09:19:27.810Z INFO  benchmark_client] Sending sample transaction 400
[2026-05-22T09:19:27.833Z INFO  benchmark_client] Sending sample transaction 401
[2026-05-22T09:19:27.883Z INFO  benchmark_client] Sending sample transaction 402
[2026-05-22T09:19:27.932Z INFO  benchmark_client] Sending sample transaction 403
[2026-05-22T09:19:27.982Z INFO  benchmark_client] Sending sample transaction 404
[2026-05-22T09:19:28.033Z INFO  benchmark_client] Sending sample transaction 405
[2026-05-22T09:19:28.083Z INFO  benchmark_client] Sending sample transaction 406
[2026-05-22T09:19:28.133Z INFO  benchmark_client] Sending sample transaction 407
[2026-05-22T09:19:28.183Z INFO  benchmark_client] Sending sample transaction 408
[2026-05-22T09:19:28.290Z WARN  benchmark_client] Transaction rate too high for this client
[2026-05-22T09:19:28.292Z INFO  benchmark_client] Sending sample transaction 409
[2026-05-22T09:19:28.296Z INFO  benchmark_client] Sending sample transaction 410
[2026-05-22T09:19:28.332Z INFO  benchmark_client] Sending sample transaction 411
[2026-05-22T09:19:28.383Z INFO  benchmark_client] Sending sample transaction 412
[2026-05-22T09:19:28.434Z INFO  benchmark_client] Sending sample transaction 413
[2026-05-22T09:19:28.484Z INFO  benchmark_client] Sending sample transaction 414
[2026-05-22T09:19:28.535Z INFO  benchmark_client] Sending sample transaction 415
[2026-05-22T09:19:28.585Z INFO  benchmark_client] Sending sample transaction 416
[2026-05-22T09:19:28.633Z INFO  benchmark_client] Sending sample transaction 417
[2026-05-22T09:19:28.683Z INFO  benchmark_client] Sending sample transaction 418
[2026-05-22T09:19:28.734Z INFO  benchmark_client] Sending sample transaction 419
[2026-05-22T09:19:28.783Z INFO  benchmark_client] Sending sample transaction 420
[2026-05-22T09:19:28.834Z INFO  benchmark_client] Sending sample transaction 421
[2026-05-22T09:19:28.883Z INFO  benchmark_client] Sending sample transaction 422
[2026-05-22T09:19:28.933Z INFO  benchmark_client] Sending sample transaction 423
[2026-05-22T09:19:28.983Z INFO  benchmark_client] Sending sample transaction 424
[2026-05-22T09:19:29.033Z INFO  benchmark_client] Sending sample transaction 425
[2026-05-22T09:19:29.084Z INFO  benchmark_client] Sending sample transaction 426
[2026-05-22T09:19:29.133Z INFO  benchmark_client] Sending sample transaction 427
[2026-05-22T09:19:29.183Z INFO  benchmark_client] Sending sample transaction 428
[2026-05-22T09:19:29.233Z INFO  benchmark_client] Sending sample transaction 429
[2026-05-22T09:19:29.283Z INFO  benchmark_client] Sending sample transaction 430
[2026-05-22T09:19:29.333Z INFO  benchmark_client] Sending sample transaction 431
[2026-05-22T09:19:29.383Z INFO  benchmark_client] Sending sample transaction 432
[2026-05-22T09:19:29.435Z INFO  benchmark_client] Sending sample transaction 433
[2026-05-22T09:19:29.483Z INFO  benchmark_client] Sending sample transaction 434
[2026-05-22T09:19:29.533Z INFO  benchmark_client] Sending sample transaction 435
[2026-05-22T09:19:29.643Z WARN  benchmark_client] Transaction rate too high for this client
[2026-05-22T09:19:29.643Z INFO  benchmark_client] Sending sample transaction 436
[2026-05-22T09:19:29.650Z INFO  benchmark_client] Sending sample transaction 437
[2026-05-22T09:19:29.708Z WARN  benchmark_client] Transaction rate too high for this client
[2026-05-22T09:19:29.711Z INFO  benchmark_client] Sending sample transaction 438
[2026-05-22T09:19:29.732Z INFO  benchmark_client] Sending sample transaction 439
[2026-05-22T09:19:29.784Z INFO  benchmark_client] Sending sample transaction 440
[2026-05-22T09:19:29.833Z INFO  benchmark_client] Sending sample transaction 441
[2026-05-22T09:19:29.885Z INFO  benchmark_client] Sending sample transaction 442
[2026-05-22T09:19:29.933Z INFO  benchmark_client] Sending sample transaction 443
[2026-05-22T09:19:29.983Z INFO  benchmark_client] Sending sample transaction 444
[2026-05-22T09:19:30.033Z INFO  benchmark_client] Sending sample transaction 445
[2026-05-22T09:19:30.084Z INFO  benchmark_client] Sending sample transaction 446
[2026-05-22T09:19:30.133Z INFO  benchmark_client] Sending sample transaction 447
[2026-05-22T09:19:30.183Z INFO  benchmark_client] Sending sample transaction 448
[2026-05-22T09:19:30.233Z INFO  benchmark_client] Sending sample transaction 449
[2026-05-22T09:19:30.283Z INFO  benchmark_client] Sending sample transaction 450
[2026-05-22T09:19:30.334Z INFO  benchmark_client] Sending sample transaction 451
[2026-05-22T09:19:30.383Z INFO  benchmark_client] Sending sample transaction 452
[2026-05-22T09:19:30.433Z INFO  benchmark_client] Sending sample transaction 453
[2026-05-22T09:19:30.484Z INFO  benchmark_client] Sending sample transaction 454
[2026-05-22T09:19:30.536Z INFO  benchmark_client] Sending sample transaction 455
[2026-05-22T09:19:30.583Z INFO  benchmark_client] Sending sample transaction 456
[2026-05-22T09:19:30.633Z INFO  benchmark_client] Sending sample transaction 457
[2026-05-22T09:19:30.686Z INFO  benchmark_client] Sending sample transaction 458
[2026-05-22T09:19:30.737Z INFO  benchmark_client] Sending sample transaction 459
[2026-05-22T09:19:30.783Z INFO  benchmark_client] Sending sample transaction 460
[2026-05-22T09:19:30.834Z INFO  benchmark_client] Sending sample transaction 461
[2026-05-22T09:19:30.883Z INFO  benchmark_client] Sending sample transaction 462
[2026-05-22T09:19:30.933Z INFO  benchmark_client] Sending sample transaction 463
[2026-05-22T09:19:30.983Z INFO  benchmark_client] Sending sample transaction 464
[2026-05-22T09:19:31.034Z INFO  benchmark_client] Sending sample transaction 465
[2026-05-22T09:19:31.084Z INFO  benchmark_client] Sending sample transaction 466
[2026-05-22T09:19:31.133Z INFO  benchmark_client] Sending sample transaction 467
[2026-05-22T09:19:31.183Z INFO  benchmark_client] Sending sample transaction 468
[2026-05-22T09:19:31.233Z INFO  benchmark_client] Sending sample transaction 469
[2026-05-22T09:19:31.283Z INFO  benchmark_client] Sending sample transaction 470
[2026-05-22T09:19:31.333Z INFO  benchmark_client] Sending sample transaction 471
[2026-05-22T09:19:31.383Z INFO  benchmark_client] Sending sample transaction 472
[2026-05-22T09:19:31.433Z INFO  benchmark_client] Sending sample transaction 473
[2026-05-22T09:19:31.483Z INFO  benchmark_client] Sending sample transaction 474
[2026-05-22T09:19:31.533Z INFO  benchmark_client] Sending sample transaction 475
[2026-05-22T09:19:31.583Z INFO  benchmark_client] Sending sample transaction 476
[2026-05-22T09:19:31.633Z INFO  benchmark_client] Sending sample transaction 477
[2026-05-22T09:19:31.683Z INFO  benchmark_client] Sending sample transaction 478
[2026-05-22T09:19:31.733Z INFO  benchmark_client] Sending sample transaction 479
[2026-05-22T09:19:31.784Z INFO  benchmark_client] Sending sample transaction 480
[2026-05-22T09:19:31.833Z INFO  benchmark_client] Sending sample transaction 481
[2026-05-22T09:19:31.883Z INFO  benchmark_client] Sending sample transaction 482
[2026-05-22T09:19:31.933Z INFO  benchmark_client] Sending sample transaction 483
[2026-05-22T09:19:32.131Z WARN  benchmark_client] Transaction rate too high for this client
[2026-05-22T09:19:32.132Z INFO  benchmark_client] Sending sample transaction 484
[2026-05-22T09:19:32.204Z INFO  benchmark_client] Sending sample transaction 485
[2026-05-22T09:19:32.205Z WARN  benchmark_client] Transaction rate too high for this client
[2026-05-22T09:19:32.209Z INFO  benchmark_client] Sending sample transaction 486
[2026-05-22T09:19:32.293Z WARN  benchmark_client] Transaction rate too high for this client
[2026-05-22T09:19:32.294Z INFO  benchmark_client] Sending sample transaction 487
[2026-05-22T09:19:32.298Z INFO  benchmark_client] Sending sample transaction 488
[2026-05-22T09:19:32.331Z INFO  benchmark_client] Sending sample transaction 489
[2026-05-22T09:19:32.364Z INFO  benchmark_client] Sending sample transaction 490
[2026-05-22T09:19:32.367Z INFO  benchmark_client] Sending sample transaction 491
[2026-05-22T09:19:32.396Z INFO  benchmark_client] Sending sample transaction 492
[2026-05-22T09:19:32.436Z INFO  benchmark_client] Sending sample transaction 493
[2026-05-22T09:19:32.483Z INFO  benchmark_client] Sending sample transaction 494
[2026-05-22T09:19:32.533Z INFO  benchmark_client] Sending sample transaction 495
[2026-05-22T09:19:32.583Z INFO  benchmark_client] Sending sample transaction 496
[2026-05-22T09:19:32.633Z INFO  benchmark_client] Sending sample transaction 497
[2026-05-22T09:19:32.683Z INFO  benchmark_client] Sending sample transaction 498
[2026-05-22T09:19:32.734Z INFO  benchmark_client] Sending sample transaction 499
[2026-05-22T09:19:32.783Z INFO  benchmark_client] Sending sample transaction 500
[2026-05-22T09:19:32.833Z INFO  benchmark_client] Sending sample transaction 501
[2026-05-22T09:19:32.883Z INFO  benchmark_client] Sending sample transaction 502
[2026-05-22T09:19:32.933Z INFO  benchmark_client] Sending sample transaction 503
[2026-05-22T09:19:32.984Z INFO  benchmark_client] Sending sample transaction 504
[2026-05-22T09:19:33.033Z INFO  benchmark_client] Sending sample transaction 505
[2026-05-22T09:19:33.083Z INFO  benchmark_client] Sending sample transaction 506
[2026-05-22T09:19:33.133Z INFO  benchmark_client] Sending sample transaction 507
[2026-05-22T09:19:33.264Z WARN  benchmark_client] Transaction rate too high for this client
[2026-05-22T09:19:33.265Z INFO  benchmark_client] Sending sample transaction 508
[2026-05-22T09:19:33.271Z INFO  benchmark_client] Sending sample transaction 509
[2026-05-22T09:19:33.284Z INFO  benchmark_client] Sending sample transaction 510
[2026-05-22T09:19:33.333Z INFO  benchmark_client] Sending sample transaction 511
[2026-05-22T09:19:33.383Z INFO  benchmark_client] Sending sample transaction 512
[2026-05-22T09:19:33.435Z INFO  benchmark_client] Sending sample transaction 513
[2026-05-22T09:19:33.483Z INFO  benchmark_client] Sending sample transaction 514
[2026-05-22T09:19:33.533Z INFO  benchmark_client] Sending sample transaction 515
[2026-05-22T09:19:33.583Z INFO  benchmark_client] Sending sample transaction 516
[2026-05-22T09:19:33.633Z INFO  benchmark_client] Sending sample transaction 517
[2026-05-22T09:19:33.684Z INFO  benchmark_client] Sending sample transaction 518
[2026-05-22T09:19:33.735Z INFO  benchmark_client] Sending sample transaction 519
[2026-05-22T09:19:33.783Z INFO  benchmark_client] Sending sample transaction 520
[2026-05-22T09:19:33.836Z INFO  benchmark_client] Sending sample transaction 521
[2026-05-22T09:19:33.883Z INFO  benchmark_client] Sending sample transaction 522
[2026-05-22T09:19:33.934Z INFO  benchmark_client] Sending sample transaction 523
[2026-05-22T09:19:33.985Z INFO  benchmark_client] Sending sample transaction 524
[2026-05-22T09:19:34.035Z INFO  benchmark_client] Sending sample transaction 525
[2026-05-22T09:19:34.083Z INFO  benchmark_client] Sending sample transaction 526
[2026-05-22T09:19:34.133Z INFO  benchmark_client] Sending sample transaction 527
[2026-05-22T09:19:34.184Z INFO  benchmark_client] Sending sample transaction 528
[2026-05-22T09:19:34.234Z INFO  benchmark_client] Sending sample transaction 529
[2026-05-22T09:19:34.283Z INFO  benchmark_client] Sending sample transaction 530
[2026-05-22T09:19:34.333Z INFO  benchmark_client] Sending sample transaction 531
[2026-05-22T09:19:34.383Z INFO  benchmark_client] Sending sample transaction 532
[2026-05-22T09:19:34.433Z INFO  benchmark_client] Sending sample transaction 533
[2026-05-22T09:19:34.483Z INFO  benchmark_client] Sending sample transaction 534
[2026-05-22T09:19:34.697Z WARN  benchmark_client] Transaction rate too high for this client
[2026-05-22T09:19:34.698Z INFO  benchmark_client] Sending sample transaction 535
[2026-05-22T09:19:34.708Z INFO  benchmark_client] Sending sample transaction 536
[2026-05-22T09:19:34.716Z INFO  benchmark_client] Sending sample transaction 537
[2026-05-22T09:19:34.781Z INFO  benchmark_client] Sending sample transaction 538
[2026-05-22T09:19:34.782Z WARN  benchmark_client] Transaction rate too high for this client
[2026-05-22T09:19:34.786Z INFO  benchmark_client] Sending sample transaction 539
[2026-05-22T09:19:34.823Z INFO  benchmark_client] Sending sample transaction 540
[2026-05-22T09:19:34.833Z INFO  benchmark_client] Sending sample transaction 541
[2026-05-22T09:19:34.883Z INFO  benchmark_client] Sending sample transaction 542
[2026-05-22T09:19:34.933Z INFO  benchmark_client] Sending sample transaction 543
[2026-05-22T09:19:34.983Z INFO  benchmark_client] Sending sample transaction 544
[2026-05-22T09:19:35.035Z INFO  benchmark_client] Sending sample transaction 545
[2026-05-22T09:19:35.083Z INFO  benchmark_client] Sending sample transaction 546
[2026-05-22T09:19:35.134Z INFO  benchmark_client] Sending sample transaction 547
[2026-05-22T09:19:35.183Z INFO  benchmark_client] Sending sample transaction 548
[2026-05-22T09:19:35.237Z INFO  benchmark_client] Sending sample transaction 549
[2026-05-22T09:19:35.285Z INFO  benchmark_client] Sending sample transaction 550
[2026-05-22T09:19:35.333Z INFO  benchmark_client] Sending sample transaction 551
[2026-05-22T09:19:35.383Z INFO  benchmark_client] Sending sample transaction 552
[2026-05-22T09:19:35.437Z INFO  benchmark_client] Sending sample transaction 553
[2026-05-22T09:19:35.484Z INFO  benchmark_client] Sending sample transaction 554
[2026-05-22T09:19:35.535Z INFO  benchmark_client] Sending sample transaction 555
[2026-05-22T09:19:35.583Z INFO  benchmark_client] Sending sample transaction 556
[2026-05-22T09:19:35.705Z WARN  benchmark_client] Transaction rate too high for this client
[2026-05-22T09:19:35.707Z INFO  benchmark_client] Sending sample transaction 557
[2026-05-22T09:19:35.711Z INFO  benchmark_client] Sending sample transaction 558
[2026-05-22T09:19:35.759Z INFO  benchmark_client] Sending sample transaction 559
[2026-05-22T09:19:35.783Z INFO  benchmark_client] Sending sample transaction 560
[2026-05-22T09:19:35.833Z INFO  benchmark_client] Sending sample transaction 561
[2026-05-22T09:19:35.883Z INFO  benchmark_client] Sending sample transaction 562
[2026-05-22T09:19:35.933Z INFO  benchmark_client] Sending sample transaction 563
[2026-05-22T09:19:35.983Z INFO  benchmark_client] Sending sample transaction 564
[2026-05-22T09:19:36.033Z INFO  benchmark_client] Sending sample transaction 565
[2026-05-22T09:19:36.083Z INFO  benchmark_client] Sending sample transaction 566
[2026-05-22T09:19:36.134Z INFO  benchmark_client] Sending sample transaction 567
[2026-05-22T09:19:36.321Z INFO  benchmark_client] Sending sample transaction 568
[2026-05-22T09:19:36.322Z WARN  benchmark_client] Transaction rate too high for this client
[2026-05-22T09:19:36.326Z INFO  benchmark_client] Sending sample transaction 569
[2026-05-22T09:19:36.369Z INFO  benchmark_client] Sending sample transaction 570
[2026-05-22T09:19:36.505Z INFO  benchmark_client] Sending sample transaction 571
[2026-05-22T09:19:36.506Z WARN  benchmark_client] Transaction rate too high for this client
[2026-05-22T09:19:36.510Z INFO  benchmark_client] Sending sample transaction 572
[2026-05-22T09:19:36.866Z WARN  benchmark_client] Transaction rate too high for this client
[2026-05-22T09:19:36.868Z INFO  benchmark_client] Sending sample transaction 573
[2026-05-22T09:19:36.904Z INFO  benchmark_client] Sending sample transaction 574
[2026-05-22T09:19:36.908Z INFO  benchmark_client] Sending sample transaction 575
[2026-05-22T09:19:36.948Z INFO  benchmark_client] Sending sample transaction 576
[2026-05-22T09:19:36.955Z INFO  benchmark_client] Sending sample transaction 577
[2026-05-22T09:19:37.031Z INFO  benchmark_client] Sending sample transaction 578
[2026-05-22T09:19:37.032Z WARN  benchmark_client] Transaction rate too high for this client
[2026-05-22T09:19:37.036Z INFO  benchmark_client] Sending sample transaction 579
[2026-05-22T09:19:37.104Z WARN  benchmark_client] Transaction rate too high for this client
[2026-05-22T09:19:37.105Z INFO  benchmark_client] Sending sample transaction 580
[2026-05-22T09:19:37.127Z INFO  benchmark_client] Sending sample transaction 581
[2026-05-22T09:19:37.131Z INFO  benchmark_client] Sending sample transaction 582
[2026-05-22T09:19:37.241Z WARN  benchmark_client] Transaction rate too high for this client
[2026-05-22T09:19:37.242Z INFO  benchmark_client] Sending sample transaction 583
[2026-05-22T09:19:37.535Z INFO  benchmark_client] Sending sample transaction 584
[2026-05-22T09:19:37.540Z WARN  benchmark_client] Transaction rate too high for this client
[2026-05-22T09:19:37.541Z INFO  benchmark_client] Sending sample transaction 585
[2026-05-22T09:19:37.548Z INFO  benchmark_client] Sending sample transaction 586
[2026-05-22T09:19:37.582Z INFO  benchmark_client] Sending sample transaction 587
[2026-05-22T09:19:37.584Z INFO  benchmark_client] Sending sample transaction 588
[2026-05-22T09:19:37.604Z INFO  benchmark_client] Sending sample transaction 589
[2026-05-22T09:19:37.625Z INFO  benchmark_client] Sending sample transaction 590
[2026-05-22T09:19:37.632Z INFO  benchmark_client] Sending sample transaction 591
[2026-05-22T09:19:37.655Z INFO  benchmark_client] Sending sample transaction 592
[2026-05-22T09:19:37.681Z INFO  benchmark_client] Sending sample transaction 593
[2026-05-22T09:19:37.685Z INFO  benchmark_client] Sending sample transaction 594
[2026-05-22T09:19:37.760Z INFO  benchmark_client] Sending sample transaction 595
[2026-05-22T09:19:37.761Z WARN  benchmark_client] Transaction rate too high for this client
[2026-05-22T09:19:37.766Z INFO  benchmark_client] Sending sample transaction 596
[2026-05-22T09:19:37.894Z INFO  benchmark_client] Sending sample transaction 597
[2026-05-22T09:19:37.895Z WARN  benchmark_client] Transaction rate too high for this client
[2026-05-22T09:19:37.900Z INFO  benchmark_client] Sending sample transaction 598
[2026-05-22T09:19:37.973Z WARN  benchmark_client] Transaction rate too high for this client
[2026-05-22T09:19:37.974Z INFO  benchmark_client] Sending sample transaction 599
[2026-05-22T09:19:38.048Z INFO  benchmark_client] Sending sample transaction 600
[2026-05-22T09:19:38.049Z WARN  benchmark_client] Transaction rate too high for this client
[2026-05-22T09:19:38.050Z INFO  benchmark_client] Sending sample transaction 601
[2026-05-22T09:19:38.096Z INFO  benchmark_client] Sending sample transaction 602
[2026-05-22T09:19:38.100Z INFO  benchmark_client] Sending sample transaction 603
[2026-05-22T09:19:38.156Z WARN  benchmark_client] Transaction rate too high for this client
[2026-05-22T09:19:38.158Z INFO  benchmark_client] Sending sample transaction 604
[2026-05-22T09:19:38.217Z INFO  benchmark_client] Sending sample transaction 605
[2026-05-22T09:19:38.218Z WARN  benchmark_client] Transaction rate too high for this client
[2026-05-22T09:19:38.222Z INFO  benchmark_client] Sending sample transaction 606
[2026-05-22T09:19:38.246Z INFO  benchmark_client] Sending sample transaction 607
[2026-05-22T09:19:38.250Z INFO  benchmark_client] Sending sample transaction 608
[2026-05-22T09:19:38.301Z WARN  benchmark_client] Transaction rate too high for this client
[2026-05-22T09:19:38.302Z INFO  benchmark_client] Sending sample transaction 609
[2026-05-22T09:19:38.307Z INFO  benchmark_client] Sending sample transaction 610
[2026-05-22T09:19:38.379Z WARN  benchmark_client] Transaction rate too high for this client
[2026-05-22T09:19:38.380Z INFO  benchmark_client] Sending sample transaction 611
[2026-05-22T09:19:38.469Z INFO  benchmark_client] Sending sample transaction 612
[2026-05-22T09:19:38.470Z WARN  benchmark_client] Transaction rate too high for this client
[2026-05-22T09:19:38.474Z INFO  benchmark_client] Sending sample transaction 613
[2026-05-22T09:19:38.744Z WARN  benchmark_client] Transaction rate too high for this client
[2026-05-22T09:19:38.745Z INFO  benchmark_client] Sending sample transaction 614
[2026-05-22T09:19:38.752Z INFO  benchmark_client] Sending sample transaction 615
[2026-05-22T09:19:38.838Z WARN  benchmark_client] Transaction rate too high for this client
[2026-05-22T09:19:38.841Z INFO  benchmark_client] Sending sample transaction 616
[2026-05-22T09:19:38.906Z INFO  benchmark_client] Sending sample transaction 617
[2026-05-22T09:19:38.907Z WARN  benchmark_client] Transaction rate too high for this client
[2026-05-22T09:19:38.910Z INFO  benchmark_client] Sending sample transaction 618
[2026-05-22T09:19:38.936Z INFO  benchmark_client] Sending sample transaction 619
[2026-05-22T09:19:38.944Z INFO  benchmark_client] Sending sample transaction 620
[2026-05-22T09:19:38.978Z INFO  benchmark_client] Sending sample transaction 621
[2026-05-22T09:19:39.126Z INFO  benchmark_client] Sending sample transaction 622
[2026-05-22T09:19:39.127Z WARN  benchmark_client] Transaction rate too high for this client
[2026-05-22T09:19:39.130Z INFO  benchmark_client] Sending sample transaction 623
[2026-05-22T09:19:39.245Z INFO  benchmark_client] Sending sample transaction 624
[2026-05-22T09:19:39.247Z WARN  benchmark_client] Transaction rate too high for this client
[2026-05-22T09:19:39.424Z INFO  benchmark_client] Sending sample transaction 625
[2026-05-22T09:19:39.425Z WARN  benchmark_client] Transaction rate too high for this client
[2026-05-22T09:19:39.429Z INFO  benchmark_client] Sending sample transaction 626
[2026-05-22T09:19:39.475Z INFO  benchmark_client] Sending sample transaction 627
[2026-05-22T09:19:39.483Z INFO  benchmark_client] Sending sample transaction 628
[2026-05-22T09:19:39.757Z WARN  benchmark_client] Transaction rate too high for this client
[2026-05-22T09:19:39.759Z INFO  benchmark_client] Sending sample transaction 629
[2026-05-22T09:19:39.762Z INFO  benchmark_client] Sending sample transaction 630
[2026-05-22T09:19:39.795Z INFO  benchmark_client] Sending sample transaction 631
[2026-05-22T09:19:39.809Z INFO  benchmark_client] Sending sample transaction 632
[2026-05-22T09:19:39.814Z INFO  benchmark_client] Sending sample transaction 633
[2026-05-22T09:19:39.830Z INFO  benchmark_client] Sending sample transaction 634
[2026-05-22T09:19:39.857Z INFO  benchmark_client] Sending sample transaction 635
[2026-05-22T09:19:39.865Z INFO  benchmark_client] Sending sample transaction 636
[2026-05-22T09:19:39.875Z INFO  benchmark_client] Sending sample transaction 637
[2026-05-22T09:19:39.882Z INFO  benchmark_client] Sending sample transaction 638
[2026-05-22T09:19:39.902Z INFO  benchmark_client] Sending sample transaction 639
[2026-05-22T09:19:39.908Z INFO  benchmark_client] Sending sample transaction 640
[2026-05-22T09:19:39.914Z INFO  benchmark_client] Sending sample transaction 641
[2026-05-22T09:19:39.957Z INFO  benchmark_client] Sending sample transaction 642
[2026-05-22T09:19:39.969Z INFO  benchmark_client] Sending sample transaction 643
[2026-05-22T09:19:39.984Z INFO  benchmark_client] Sending sample transaction 644
[2026-05-22T09:19:40.140Z WARN  benchmark_client] Transaction rate too high for this client
[2026-05-22T09:19:40.141Z INFO  benchmark_client] Sending sample transaction 645
[2026-05-22T09:19:40.344Z INFO  benchmark_client] Sending sample transaction 646
[2026-05-22T09:19:40.345Z WARN  benchmark_client] Transaction rate too high for this client
[2026-05-22T09:19:40.349Z INFO  benchmark_client] Sending sample transaction 647
[2026-05-22T09:19:40.412Z WARN  benchmark_client] Transaction rate too high for this client
[2026-05-22T09:19:40.413Z INFO  benchmark_client] Sending sample transaction 648
[2026-05-22T09:19:40.418Z INFO  benchmark_client] Sending sample transaction 649
[2026-05-22T09:19:40.503Z INFO  benchmark_client] Sending sample transaction 650
[2026-05-22T09:19:40.508Z WARN  benchmark_client] Transaction rate too high for this client
[2026-05-22T09:19:40.509Z INFO  benchmark_client] Sending sample transaction 651
[2026-05-22T09:19:40.592Z WARN  benchmark_client] Transaction rate too high for this client
[2026-05-22T09:19:40.593Z INFO  benchmark_client] Sending sample transaction 652
[2026-05-22T09:19:40.617Z INFO  benchmark_client] Sending sample transaction 653
[2026-05-22T09:19:40.621Z INFO  benchmark_client] Sending sample transaction 654
[2026-05-22T09:19:40.703Z WARN  benchmark_client] Transaction rate too high for this client
[2026-05-22T09:19:40.710Z INFO  benchmark_client] Sending sample transaction 655
[2026-05-22T09:19:40.715Z INFO  benchmark_client] Sending sample transaction 656
[2026-05-22T09:19:40.814Z INFO  benchmark_client] Sending sample transaction 657
[2026-05-22T09:19:40.815Z WARN  benchmark_client] Transaction rate too high for this client
[2026-05-22T09:19:40.821Z INFO  benchmark_client] Sending sample transaction 658
[2026-05-22T09:19:40.866Z INFO  benchmark_client] Sending sample transaction 659
[2026-05-22T09:19:40.905Z INFO  benchmark_client] Sending sample transaction 660
[2026-05-22T09:19:40.908Z INFO  benchmark_client] Sending sample transaction 661
[2026-05-22T09:19:41.071Z WARN  benchmark_client] Transaction rate too high for this client
[2026-05-22T09:19:41.073Z INFO  benchmark_client] Sending sample transaction 662
[2026-05-22T09:19:41.195Z INFO  benchmark_client] Sending sample transaction 663
[2026-05-22T09:19:41.196Z WARN  benchmark_client] Transaction rate too high for this client
[2026-05-22T09:19:41.200Z INFO  benchmark_client] Sending sample transaction 664
[2026-05-22T09:19:41.325Z INFO  benchmark_client] Sending sample transaction 665
[2026-05-22T09:19:41.328Z WARN  benchmark_client] Transaction rate too high for this client
[2026-05-22T09:19:41.334Z INFO  benchmark_client] Sending sample transaction 666
[2026-05-22T09:19:41.340Z INFO  benchmark_client] Sending sample transaction 667
[2026-05-22T09:19:41.359Z INFO  benchmark_client] Sending sample transaction 668
[2026-05-22T09:19:41.395Z INFO  benchmark_client] Sending sample transaction 669
[2026-05-22T09:19:41.399Z INFO  benchmark_client] Sending sample transaction 670
[2026-05-22T09:19:41.432Z INFO  benchmark_client] Sending sample transaction 671
[2026-05-22T09:19:41.435Z INFO  benchmark_client] Sending sample transaction 672
[2026-05-22T09:19:41.460Z INFO  benchmark_client] Sending sample transaction 673
[2026-05-22T09:19:41.483Z INFO  benchmark_client] Sending sample transaction 674
[2026-05-22T09:19:41.691Z INFO  benchmark_client] Sending sample transaction 675
[2026-05-22T09:19:41.692Z WARN  benchmark_client] Transaction rate too high for this client
[2026-05-22T09:19:41.696Z INFO  benchmark_client] Sending sample transaction 676
[2026-05-22T09:19:41.732Z INFO  benchmark_client] Sending sample transaction 677
[2026-05-22T09:19:41.736Z INFO  benchmark_client] Sending sample transaction 678
[2026-05-22T09:19:41.855Z INFO  benchmark_client] Sending sample transaction 679
[2026-05-22T09:19:41.856Z WARN  benchmark_client] Transaction rate too high for this client
[2026-05-22T09:19:41.863Z INFO  benchmark_client] Sending sample transaction 680
[2026-05-22T09:19:42.128Z WARN  benchmark_client] Transaction rate too high for this client
[2026-05-22T09:19:42.129Z INFO  benchmark_client] Sending sample transaction 681
[2026-05-22T09:19:42.166Z INFO  benchmark_client] Sending sample transaction 682
[2026-05-22T09:19:42.170Z INFO  benchmark_client] Sending sample transaction 683
[2026-05-22T09:19:42.233Z INFO  benchmark_client] Sending sample transaction 684
[2026-05-22T09:19:42.236Z WARN  benchmark_client] Transaction rate too high for this client
[2026-05-22T09:19:42.239Z INFO  benchmark_client] Sending sample transaction 685
[2026-05-22T09:19:42.291Z WARN  benchmark_client] Transaction rate too high for this client
[2026-05-22T09:19:42.293Z INFO  benchmark_client] Sending sample transaction 686
[2026-05-22T09:19:42.304Z INFO  benchmark_client] Sending sample transaction 687
[2026-05-22T09:19:42.310Z INFO  benchmark_client] Sending sample transaction 688
[2026-05-22T09:19:42.449Z INFO  benchmark_client] Sending sample transaction 689
[2026-05-22T09:19:42.454Z WARN  benchmark_client] Transaction rate too high for this client
[2026-05-22T09:19:42.455Z INFO  benchmark_client] Sending sample transaction 690
[2026-05-22T09:19:42.639Z WARN  benchmark_client] Transaction rate too high for this client
[2026-05-22T09:19:42.640Z INFO  benchmark_client] Sending sample transaction 691
[2026-05-22T09:19:42.742Z INFO  benchmark_client] Sending sample transaction 692
[2026-05-22T09:19:42.746Z WARN  benchmark_client] Transaction rate too high for this client
[2026-05-22T09:19:42.826Z INFO  benchmark_client] Sending sample transaction 693
[2026-05-22T09:19:42.827Z WARN  benchmark_client] Transaction rate too high for this client
[2026-05-22T09:19:42.831Z INFO  benchmark_client] Sending sample transaction 694
[2026-05-22T09:19:42.898Z WARN  benchmark_client] Transaction rate too high for this client
[2026-05-22T09:19:42.899Z INFO  benchmark_client] Sending sample transaction 695
[2026-05-22T09:19:42.901Z INFO  benchmark_client] Sending sample transaction 696
[2026-05-22T09:19:42.958Z WARN  benchmark_client] Transaction rate too high for this client
[2026-05-22T09:19:42.959Z INFO  benchmark_client] Sending sample transaction 697
[2026-05-22T09:19:43.066Z INFO  benchmark_client] Sending sample transaction 698
[2026-05-22T09:19:43.067Z WARN  benchmark_client] Transaction rate too high for this client
[2026-05-22T09:19:43.072Z INFO  benchmark_client] Sending sample transaction 699
[2026-05-22T09:19:43.256Z WARN  benchmark_client] Transaction rate too high for this client
[2026-05-22T09:19:43.259Z INFO  benchmark_client] Sending sample transaction 700
[2026-05-22T09:19:43.274Z INFO  benchmark_client] Sending sample transaction 701
[2026-05-22T09:19:43.278Z INFO  benchmark_client] Sending sample transaction 702
[2026-05-22T09:19:43.306Z INFO  benchmark_client] Sending sample transaction 703
[2026-05-22T09:19:43.314Z INFO  benchmark_client] Sending sample transaction 704
[2026-05-22T09:19:43.346Z INFO  benchmark_client] Sending sample transaction 705
[2026-05-22T09:19:43.376Z INFO  benchmark_client] Sending sample transaction 706
[2026-05-22T09:19:43.475Z INFO  benchmark_client] Sending sample transaction 707
[2026-05-22T09:19:43.476Z WARN  benchmark_client] Transaction rate too high for this client
[2026-05-22T09:19:43.477Z INFO  benchmark_client] Sending sample transaction 708
[2026-05-22T09:19:43.539Z INFO  benchmark_client] Sending sample transaction 709
[2026-05-22T09:19:43.540Z WARN  benchmark_client] Transaction rate too high for this client
[2026-05-22T09:19:43.545Z INFO  benchmark_client] Sending sample transaction 710
[2026-05-22T09:19:43.570Z INFO  benchmark_client] Sending sample transaction 711
[2026-05-22T09:19:43.572Z INFO  benchmark_client] Sending sample transaction 712
[2026-05-22T09:19:43.592Z INFO  benchmark_client] Sending sample transaction 713
[2026-05-22T09:19:43.595Z INFO  benchmark_client] Sending sample transaction 714
[2026-05-22T09:19:43.618Z INFO  benchmark_client] Sending sample transaction 715
[2026-05-22T09:19:43.641Z INFO  benchmark_client] Sending sample transaction 716
[2026-05-22T09:19:43.654Z INFO  benchmark_client] Sending sample transaction 717
[2026-05-22T09:19:43.683Z INFO  benchmark_client] Sending sample transaction 718
[2026-05-22T09:19:43.735Z INFO  benchmark_client] Sending sample transaction 719
[2026-05-22T09:19:43.783Z INFO  benchmark_client] Sending sample transaction 720
[2026-05-22T09:19:43.833Z INFO  benchmark_client] Sending sample transaction 721
[2026-05-22T09:19:43.886Z INFO  benchmark_client] Sending sample transaction 722
[2026-05-22T09:19:43.935Z INFO  benchmark_client] Sending sample transaction 723
[2026-05-22T09:19:43.983Z INFO  benchmark_client] Sending sample transaction 724
[2026-05-22T09:19:44.033Z INFO  benchmark_client] Sending sample transaction 725
[2026-05-22T09:19:44.084Z INFO  benchmark_client] Sending sample transaction 726
[2026-05-22T09:19:44.134Z INFO  benchmark_client] Sending sample transaction 727
[2026-05-22T09:19:44.420Z WARN  benchmark_client] Transaction rate too high for this client
[2026-05-22T09:19:44.425Z INFO  benchmark_client] Sending sample transaction 728
[2026-05-22T09:19:44.433Z INFO  benchmark_client] Sending sample transaction 729
[2026-05-22T09:19:44.551Z WARN  benchmark_client] Transaction rate too high for this client
[2026-05-22T09:19:44.555Z INFO  benchmark_client] Sending sample transaction 730
[2026-05-22T09:19:44.606Z INFO  benchmark_client] Sending sample transaction 731
[2026-05-22T09:19:44.608Z WARN  benchmark_client] Transaction rate too high for this client
[2026-05-22T09:19:44.612Z INFO  benchmark_client] Sending sample transaction 732
[2026-05-22T09:19:44.663Z INFO  benchmark_client] Sending sample transaction 733
[2026-05-22T09:19:44.667Z INFO  benchmark_client] Sending sample transaction 734
[2026-05-22T09:19:44.771Z WARN  benchmark_client] Transaction rate too high for this client
[2026-05-22T09:19:44.774Z INFO  benchmark_client] Sending sample transaction 735
[2026-05-22T09:19:44.778Z INFO  benchmark_client] Sending sample transaction 736
[2026-05-22T09:19:44.805Z INFO  benchmark_client] Sending sample transaction 737
[2026-05-22T09:19:44.809Z INFO  benchmark_client] Sending sample transaction 738
[2026-05-22T09:19:44.831Z INFO  benchmark_client] Sending sample transaction 739
[2026-05-22T09:19:44.918Z INFO  benchmark_client] Sending sample transaction 740
[2026-05-22T09:19:44.919Z WARN  benchmark_client] Transaction rate too high for this client
[2026-05-22T09:19:44.923Z INFO  benchmark_client] Sending sample transaction 741
[2026-05-22T09:19:45.187Z INFO  benchmark_client] Sending sample transaction 742
[2026-05-22T09:19:45.192Z WARN  benchmark_client] Transaction rate too high for this client
[2026-05-22T09:19:45.193Z INFO  benchmark_client] Sending sample transaction 743
[2026-05-22T09:19:45.272Z WARN  benchmark_client] Transaction rate too high for this client
[2026-05-22T09:19:45.274Z INFO  benchmark_client] Sending sample transaction 744
[2026-05-22T09:19:45.408Z INFO  benchmark_client] Sending sample transaction 745
[2026-05-22T09:19:45.409Z WARN  benchmark_client] Transaction rate too high for this client
[2026-05-22T09:19:45.414Z INFO  benchmark_client] Sending sample transaction 746
[2026-05-22T09:19:45.483Z INFO  benchmark_client] Sending sample transaction 747
[2026-05-22T09:19:45.487Z WARN  benchmark_client] Transaction rate too high for this client
[2026-05-22T09:19:45.527Z INFO  benchmark_client] Sending sample transaction 748
[2026-05-22T09:19:45.531Z INFO  benchmark_client] Sending sample transaction 749
[2026-05-22T09:19:45.659Z INFO  benchmark_client] Sending sample transaction 750
[2026-05-22T09:19:45.664Z WARN  benchmark_client] Transaction rate too high for this client
[2026-05-22T09:19:45.777Z INFO  benchmark_client] Sending sample transaction 751
[2026-05-22T09:19:45.778Z WARN  benchmark_client] Transaction rate too high for this client
[2026-05-22T09:19:45.781Z INFO  benchmark_client] Sending sample transaction 752
[2026-05-22T09:19:45.801Z INFO  benchmark_client] Sending sample transaction 753
[2026-05-22T09:19:45.803Z INFO  benchmark_client] Sending sample transaction 754
[2026-05-22T09:19:45.837Z INFO  benchmark_client] Sending sample transaction 755
[2026-05-22T09:19:45.841Z INFO  benchmark_client] Sending sample transaction 756
[2026-05-22T09:19:45.872Z INFO  benchmark_client] Sending sample transaction 757
[2026-05-22T09:19:45.914Z INFO  benchmark_client] Sending sample transaction 758
[2026-05-22T09:19:45.919Z INFO  benchmark_client] Sending sample transaction 759
[2026-05-22T09:19:45.976Z INFO  benchmark_client] Sending sample transaction 760
[2026-05-22T09:19:45.977Z WARN  benchmark_client] Transaction rate too high for this client
[2026-05-22T09:19:45.980Z INFO  benchmark_client] Sending sample transaction 761
[2026-05-22T09:19:45.984Z INFO  benchmark_client] Sending sample transaction 762
[2026-05-22T09:19:46.135Z WARN  benchmark_client] Transaction rate too high for this client
[2026-05-22T09:19:46.141Z INFO  benchmark_client] Sending sample transaction 763
[2026-05-22T09:19:46.301Z INFO  benchmark_client] Sending sample transaction 764
[2026-05-22T09:19:46.303Z WARN  benchmark_client] Transaction rate too high for this client
[2026-05-22T09:19:46.307Z INFO  benchmark_client] Sending sample transaction 765
[2026-05-22T09:19:46.413Z INFO  benchmark_client] Sending sample transaction 766
[2026-05-22T09:19:46.414Z WARN  benchmark_client] Transaction rate too high for this client
[2026-05-22T09:19:46.419Z INFO  benchmark_client] Sending sample transaction 767
[2026-05-22T09:19:46.483Z INFO  benchmark_client] Sending sample transaction 768
[2026-05-22T09:19:46.485Z WARN  benchmark_client] Transaction rate too high for this client
[2026-05-22T09:19:46.600Z INFO  benchmark_client] Sending sample transaction 769
[2026-05-22T09:19:46.601Z WARN  benchmark_client] Transaction rate too high for this client
[2026-05-22T09:19:46.607Z INFO  benchmark_client] Sending sample transaction 770
[2026-05-22T09:19:46.616Z INFO  benchmark_client] Sending sample transaction 771
[2026-05-22T09:19:46.639Z INFO  benchmark_client] Sending sample transaction 772
[2026-05-22T09:19:46.644Z INFO  benchmark_client] Sending sample transaction 773
[2026-05-22T09:19:47.036Z WARN  benchmark_client] Transaction rate too high for this client
[2026-05-22T09:19:47.037Z INFO  benchmark_client] Sending sample transaction 774
[2026-05-22T09:19:47.075Z INFO  benchmark_client] Sending sample transaction 775
[2026-05-22T09:19:47.120Z INFO  benchmark_client] Sending sample transaction 776
[2026-05-22T09:19:47.126Z INFO  benchmark_client] Sending sample transaction 777
[2026-05-22T09:19:47.255Z INFO  benchmark_client] Sending sample transaction 778
[2026-05-22T09:19:47.257Z WARN  benchmark_client] Transaction rate too high for this client
[2026-05-22T09:19:47.258Z INFO  benchmark_client] Sending sample transaction 779
[2026-05-22T09:19:47.292Z INFO  benchmark_client] Sending sample transaction 780
[2026-05-22T09:19:47.323Z INFO  benchmark_client] Sending sample transaction 781
[2026-05-22T09:19:47.326Z INFO  benchmark_client] Sending sample transaction 782
[2026-05-22T09:19:47.352Z INFO  benchmark_client] Sending sample transaction 783
[2026-05-22T09:19:47.357Z INFO  benchmark_client] Sending sample transaction 784
[2026-05-22T09:19:49.737Z WARN  benchmark_client] Transaction rate too high for this client
[2026-05-22T09:19:49.740Z INFO  benchmark_client] Sending sample transaction 785
[2026-05-22T09:19:49.816Z INFO  benchmark_client] Sending sample transaction 786
[2026-05-22T09:19:49.817Z WARN  benchmark_client] Transaction rate too high for this client
[2026-05-22T09:19:49.820Z INFO  benchmark_client] Sending sample transaction 787
[2026-05-22T09:19:49.844Z INFO  benchmark_client] Sending sample transaction 788
[2026-05-22T09:19:49.881Z INFO  benchmark_client] Sending sample transaction 789
[2026-05-22T09:19:49.885Z INFO  benchmark_client] Sending sample transaction 790
[2026-05-22T09:19:49.935Z INFO  benchmark_client] Sending sample transaction 791
[2026-05-22T09:19:49.963Z INFO  benchmark_client] Sending sample transaction 792
[2026-05-22T09:19:49.972Z INFO  benchmark_client] Sending sample transaction 793
[2026-05-22T09:19:49.991Z INFO  benchmark_client] Sending sample transaction 794
[2026-05-22T09:19:49.993Z INFO  benchmark_client] Sending sample transaction 795
[2026-05-22T09:19:50.018Z INFO  benchmark_client] Sending sample transaction 796
[2026-05-22T09:19:50.042Z INFO  benchmark_client] Sending sample transaction 797
[2026-05-22T09:19:50.046Z INFO  benchmark_client] Sending sample transaction 798
[2026-05-22T09:19:50.051Z INFO  benchmark_client] Sending sample transaction 799
[2026-05-22T09:19:50.087Z INFO  benchmark_client] Sending sample transaction 800
[2026-05-22T09:19:50.093Z INFO  benchmark_client] Sending sample transaction 801
[2026-05-22T09:19:50.151Z INFO  benchmark_client] Sending sample transaction 802
[2026-05-22T09:19:50.152Z WARN  benchmark_client] Transaction rate too high for this client
[2026-05-22T09:19:50.155Z INFO  benchmark_client] Sending sample transaction 803
[2026-05-22T09:19:50.176Z INFO  benchmark_client] Sending sample transaction 804
[2026-05-22T09:19:50.180Z INFO  benchmark_client] Sending sample transaction 805
[2026-05-22T09:19:50.201Z INFO  benchmark_client] Sending sample transaction 806
[2026-05-22T09:19:50.205Z INFO  benchmark_client] Sending sample transaction 807
[2026-05-22T09:19:50.234Z INFO  benchmark_client] Sending sample transaction 808
[2026-05-22T09:19:50.252Z INFO  benchmark_client] Sending sample transaction 809
[2026-05-22T09:19:50.256Z INFO  benchmark_client] Sending sample transaction 810
[2026-05-22T09:19:50.307Z WARN  benchmark_client] Transaction rate too high for this client
[2026-05-22T09:19:50.309Z INFO  benchmark_client] Sending sample transaction 811
[2026-05-22T09:19:50.313Z INFO  benchmark_client] Sending sample transaction 812
[2026-05-22T09:19:50.364Z INFO  benchmark_client] Sending sample transaction 813
[2026-05-22T09:19:50.366Z INFO  benchmark_client] Sending sample transaction 814
[2026-05-22T09:19:50.383Z INFO  benchmark_client] Sending sample transaction 815
[2026-05-22T09:19:50.406Z INFO  benchmark_client] Sending sample transaction 816
[2026-05-22T09:19:50.408Z INFO  benchmark_client] Sending sample transaction 817
[2026-05-22T09:19:50.434Z INFO  benchmark_client] Sending sample transaction 818
[2026-05-22T09:19:50.435Z INFO  benchmark_client] Sending sample transaction 819
[2026-05-22T09:19:50.447Z INFO  benchmark_client] Sending sample transaction 820
[2026-05-22T09:19:50.454Z INFO  benchmark_client] Sending sample transaction 821
[2026-05-22T09:19:50.457Z INFO  benchmark_client] Sending sample transaction 822
[2026-05-22T09:19:50.539Z INFO  benchmark_client] Sending sample transaction 823
[2026-05-22T09:19:50.541Z WARN  benchmark_client] Transaction rate too high for this client
[2026-05-22T09:19:50.567Z INFO  benchmark_client] Sending sample transaction 824
[2026-05-22T09:19:50.572Z INFO  benchmark_client] Sending sample transaction 825
[2026-05-22T09:19:50.596Z INFO  benchmark_client] Sending sample transaction 826
[2026-05-22T09:19:50.600Z INFO  benchmark_client] Sending sample transaction 827
[2026-05-22T09:19:50.643Z INFO  benchmark_client] Sending sample transaction 828
[2026-05-22T09:19:50.647Z INFO  benchmark_client] Sending sample transaction 829
[2026-05-22T09:19:50.694Z INFO  benchmark_client] Sending sample transaction 830
[2026-05-22T09:19:50.698Z INFO  benchmark_client] Sending sample transaction 831
[2026-05-22T09:19:50.729Z INFO  benchmark_client] Sending sample transaction 832
[2026-05-22T09:19:50.736Z INFO  benchmark_client] Sending sample transaction 833
[2026-05-22T09:19:50.750Z INFO  benchmark_client] Sending sample transaction 834
[2026-05-22T09:19:50.757Z INFO  benchmark_client] Sending sample transaction 835
[2026-05-22T09:19:50.785Z INFO  benchmark_client] Sending sample transaction 836
[2026-05-22T09:19:50.804Z INFO  benchmark_client] Sending sample transaction 837
[2026-05-22T09:19:50.810Z INFO  benchmark_client] Sending sample transaction 838
[2026-05-22T09:19:50.873Z INFO  benchmark_client] Sending sample transaction 839
[2026-05-22T09:19:50.875Z WARN  benchmark_client] Transaction rate too high for this client
[2026-05-22T09:19:50.881Z INFO  benchmark_client] Sending sample transaction 840
[2026-05-22T09:19:50.883Z INFO  benchmark_client] Sending sample transaction 841
[2026-05-22T09:19:50.904Z INFO  benchmark_client] Sending sample transaction 842
[2026-05-22T09:19:50.920Z INFO  benchmark_client] Sending sample transaction 843
[2026-05-22T09:19:50.923Z INFO  benchmark_client] Sending sample transaction 844
[2026-05-22T09:19:50.929Z INFO  benchmark_client] Sending sample transaction 845
[2026-05-22T09:19:50.940Z INFO  benchmark_client] Sending sample transaction 846
[2026-05-22T09:19:50.945Z INFO  benchmark_client] Sending sample transaction 847
[2026-05-22T09:19:50.984Z INFO  benchmark_client] Sending sample transaction 848
[2026-05-22T09:19:50.988Z INFO  benchmark_client] Sending sample transaction 849
[2026-05-22T09:19:51.003Z INFO  benchmark_client] Sending sample transaction 850
[2026-05-22T09:19:51.008Z INFO  benchmark_client] Sending sample transaction 851
[2026-05-22T09:19:51.117Z WARN  benchmark_client] Transaction rate too high for this client
[2026-05-22T09:19:51.119Z INFO  benchmark_client] Sending sample transaction 852
[2026-05-22T09:19:51.177Z INFO  benchmark_client] Sending sample transaction 853
[2026-05-22T09:19:51.178Z WARN  benchmark_client] Transaction rate too high for this client
[2026-05-22T09:19:51.184Z INFO  benchmark_client] Sending sample transaction 854
[2026-05-22T09:19:51.190Z INFO  benchmark_client] Sending sample transaction 855
[2026-05-22T09:19:51.194Z INFO  benchmark_client] Sending sample transaction 856
[2026-05-22T09:19:51.235Z INFO  benchmark_client] Sending sample transaction 857
[2026-05-22T09:19:51.308Z INFO  benchmark_client] Sending sample transaction 858
[2026-05-22T09:19:51.309Z WARN  benchmark_client] Transaction rate too high for this client
[2026-05-22T09:19:51.314Z INFO  benchmark_client] Sending sample transaction 859
[2026-05-22T09:19:51.336Z INFO  benchmark_client] Sending sample transaction 860
[2026-05-22T09:19:51.341Z INFO  benchmark_client] Sending sample transaction 861
[2026-05-22T09:19:51.390Z INFO  benchmark_client] Sending sample transaction 862
[2026-05-22T09:19:51.394Z INFO  benchmark_client] Sending sample transaction 863
[2026-05-22T09:19:51.410Z INFO  benchmark_client] Sending sample transaction 864
[2026-05-22T09:19:51.492Z INFO  benchmark_client] Sending sample transaction 865
[2026-05-22T09:19:51.495Z WARN  benchmark_client] Transaction rate too high for this client
[2026-05-22T09:19:51.496Z INFO  benchmark_client] Sending sample transaction 866
[2026-05-22T09:19:51.546Z WARN  benchmark_client] Transaction rate too high for this client
[2026-05-22T09:19:51.552Z INFO  benchmark_client] Sending sample transaction 867
[2026-05-22T09:19:51.558Z INFO  benchmark_client] Sending sample transaction 868
[2026-05-22T09:19:51.564Z INFO  benchmark_client] Sending sample transaction 869
[2026-05-22T09:19:51.585Z INFO  benchmark_client] Sending sample transaction 870
[2026-05-22T09:19:51.591Z INFO  benchmark_client] Sending sample transaction 871
[2026-05-22T09:19:51.598Z INFO  benchmark_client] Sending sample transaction 872
[2026-05-22T09:19:51.604Z INFO  benchmark_client] Sending sample transaction 873
[2026-05-22T09:19:51.692Z WARN  benchmark_client] Transaction rate too high for this client
[2026-05-22T09:19:51.693Z INFO  benchmark_client] Sending sample transaction 874
[2026-05-22T09:19:51.807Z INFO  benchmark_client] Sending sample transaction 875
[2026-05-22T09:19:51.807Z WARN  benchmark_client] Transaction rate too high for this client
[2026-05-22T09:19:51.810Z INFO  benchmark_client] Sending sample transaction 876
[2026-05-22T09:19:51.825Z INFO  benchmark_client] Sending sample transaction 877
[2026-05-22T09:19:52.088Z INFO  benchmark_client] Sending sample transaction 878
[2026-05-22T09:19:52.088Z WARN  benchmark_client] Transaction rate too high for this client
[2026-05-22T09:19:52.094Z INFO  benchmark_client] Sending sample transaction 879
[2026-05-22T09:19:52.198Z WARN  benchmark_client] Transaction rate too high for this client
[2026-05-22T09:19:52.199Z INFO  benchmark_client] Sending sample transaction 880
[2026-05-22T09:19:52.204Z INFO  benchmark_client] Sending sample transaction 881
[2026-05-22T09:19:52.226Z INFO  benchmark_client] Sending sample transaction 882
[2026-05-22T09:19:52.254Z INFO  benchmark_client] Sending sample transaction 883
[2026-05-22T09:19:52.256Z INFO  benchmark_client] Sending sample transaction 884
[2026-05-22T09:19:52.484Z INFO  benchmark_client] Sending sample transaction 885
[2026-05-22T09:19:52.484Z WARN  benchmark_client] Transaction rate too high for this client
[2026-05-22T09:19:52.487Z INFO  benchmark_client] Sending sample transaction 886
[2026-05-22T09:19:52.512Z INFO  benchmark_client] Sending sample transaction 887
[2026-05-22T09:19:52.516Z INFO  benchmark_client] Sending sample transaction 888
