[2026-05-22T09:19:05.937Z INFO  benchmark_client] Node address: 34.21.159.42:5023
[2026-05-22T09:19:05.937Z INFO  benchmark_client] Transactions size: 512 B
[2026-05-22T09:19:05.937Z INFO  benchmark_client] Transactions rate: 23334 tx/s
[2026-05-22T09:19:05.937Z INFO  benchmark_client] Waiting for all nodes to be online...
[2026-05-22T09:19:06.239Z INFO  benchmark_client] Start sending transactions
[2026-05-22T09:19:06.240Z INFO  benchmark_client] Sending sample transaction 0
[2026-05-22T09:19:06.290Z INFO  benchmark_client] Sending sample transaction 1
[2026-05-22T09:19:06.340Z INFO  benchmark_client] Sending sample transaction 2
[2026-05-22T09:19:06.390Z INFO  benchmark_client] Sending sample transaction 3
[2026-05-22T09:19:06.440Z INFO  benchmark_client] Sending sample transaction 4
[2026-05-22T09:19:06.490Z INFO  benchmark_client] Sending sample transaction 5
[2026-05-22T09:19:06.540Z INFO  benchmark_client] Sending sample transaction 6
[2026-05-22T09:19:06.590Z INFO  benchmark_client] Sending sample transaction 7
[2026-05-22T09:19:06.640Z INFO  benchmark_client] Sending sample transaction 8
[2026-05-22T09:19:06.690Z INFO  benchmark_client] Sending sample transaction 9
[2026-05-22T09:19:06.740Z INFO  benchmark_client] Sending sample transaction 10
[2026-05-22T09:19:06.790Z INFO  benchmark_client] Sending sample transaction 11
[2026-05-22T09:19:06.840Z INFO  benchmark_client] Sending sample transaction 12
[2026-05-22T09:19:06.890Z INFO  benchmark_client] Sending sample transaction 13
[2026-05-22T09:19:06.940Z INFO  benchmark_client] Sending sample transaction 14
[2026-05-22T09:19:06.990Z INFO  benchmark_client] Sending sample transaction 15
[2026-05-22T09:19:07.040Z INFO  benchmark_client] Sending sample transaction 16
[2026-05-22T09:19:07.090Z INFO  benchmark_client] Sending sample transaction 17
[2026-05-22T09:19:07.140Z INFO  benchmark_client] Sending sample transaction 18
[2026-05-22T09:19:07.190Z INFO  benchmark_client] Sending sample transaction 19
[2026-05-22T09:19:07.240Z INFO  benchmark_client] Sending sample transaction 20
[2026-05-22T09:19:07.290Z INFO  benchmark_client] Sending sample transaction 21
[2026-05-22T09:19:07.340Z INFO  benchmark_client] Sending sample transaction 22
[2026-05-22T09:19:07.390Z INFO  benchmark_client] Sending sample transaction 23
[2026-05-22T09:19:07.440Z INFO  benchmark_client] Sending sample transaction 24
[2026-05-22T09:19:07.490Z INFO  benchmark_client] Sending sample transaction 25
[2026-05-22T09:19:07.540Z INFO  benchmark_client] Sending sample transaction 26
[2026-05-22T09:19:07.590Z INFO  benchmark_client] Sending sample transaction 27
[2026-05-22T09:19:07.640Z INFO  benchmark_client] Sending sample transaction 28
[2026-05-22T09:19:07.690Z INFO  benchmark_client] Sending sample transaction 29
[2026-05-22T09:19:07.740Z INFO  benchmark_client] Sending sample transaction 30
[2026-05-22T09:19:07.790Z INFO  benchmark_client] Sending sample transaction 31
[2026-05-22T09:19:07.840Z INFO  benchmark_client] Sending sample transaction 32
[2026-05-22T09:19:07.890Z INFO  benchmark_client] Sending sample transaction 33
[2026-05-22T09:19:07.940Z INFO  benchmark_client] Sending sample transaction 34
[2026-05-22T09:19:07.990Z INFO  benchmark_client] Sending sample transaction 35
[2026-05-22T09:19:08.040Z INFO  benchmark_client] Sending sample transaction 36
[2026-05-22T09:19:08.090Z INFO  benchmark_client] Sending sample transaction 37
[2026-05-22T09:19:08.140Z INFO  benchmark_client] Sending sample transaction 38
[2026-05-22T09:19:08.190Z INFO  benchmark_client] Sending sample transaction 39
[2026-05-22T09:19:08.240Z INFO  benchmark_client] Sending sample transaction 40
[2026-05-22T09:19:08.290Z INFO  benchmark_client] Sending sample transaction 41
[2026-05-22T09:19:08.340Z INFO  benchmark_client] Sending sample transaction 42
[2026-05-22T09:19:08.390Z INFO  benchmark_client] Sending sample transaction 43
[2026-05-22T09:19:08.440Z INFO  benchmark_client] Sending sample transaction 44
[2026-05-22T09:19:08.490Z INFO  benchmark_client] Sending sample transaction 45
[2026-05-22T09:19:08.540Z INFO  benchmark_client] Sending sample transaction 46
[2026-05-22T09:19:08.593Z INFO  benchmark_client] Sending sample transaction 47
[2026-05-22T09:19:08.640Z INFO  benchmark_client] Sending sample transaction 48
[2026-05-22T09:19:08.690Z INFO  benchmark_client] Sending sample transaction 49
[2026-05-22T09:19:08.740Z INFO  benchmark_client] Sending sample transaction 50
[2026-05-22T09:19:08.790Z INFO  benchmark_client] Sending sample transaction 51
[2026-05-22T09:19:08.840Z INFO  benchmark_client] Sending sample transaction 52
[2026-05-22T09:19:08.891Z INFO  benchmark_client] Sending sample transaction 53
[2026-05-22T09:19:08.940Z INFO  benchmark_client] Sending sample transaction 54
[2026-05-22T09:19:08.990Z INFO  benchmark_client] Sending sample transaction 55
[2026-05-22T09:19:09.040Z INFO  benchmark_client] Sending sample transaction 56
[2026-05-22T09:19:09.091Z INFO  benchmark_client] Sending sample transaction 57
[2026-05-22T09:19:09.140Z INFO  benchmark_client] Sending sample transaction 58
[2026-05-22T09:19:09.190Z INFO  benchmark_client] Sending sample transaction 59
[2026-05-22T09:19:09.241Z INFO  benchmark_client] Sending sample transaction 60
[2026-05-22T09:19:09.291Z INFO  benchmark_client] Sending sample transaction 61
[2026-05-22T09:19:09.340Z INFO  benchmark_client] Sending sample transaction 62
[2026-05-22T09:19:09.390Z INFO  benchmark_client] Sending sample transaction 63
[2026-05-22T09:19:09.440Z INFO  benchmark_client] Sending sample transaction 64
[2026-05-22T09:19:09.490Z INFO  benchmark_client] Sending sample transaction 65
[2026-05-22T09:19:09.540Z INFO  benchmark_client] Sending sample transaction 66
[2026-05-22T09:19:09.590Z INFO  benchmark_client] Sending sample transaction 67
[2026-05-22T09:19:09.640Z INFO  benchmark_client] Sending sample transaction 68
[2026-05-22T09:19:09.690Z INFO  benchmark_client] Sending sample transaction 69
[2026-05-22T09:19:09.740Z INFO  benchmark_client] Sending sample transaction 70
[2026-05-22T09:19:09.790Z INFO  benchmark_client] Sending sample transaction 71
[2026-05-22T09:19:09.840Z INFO  benchmark_client] Sending sample transaction 72
[2026-05-22T09:19:09.890Z INFO  benchmark_client] Sending sample transaction 73
[2026-05-22T09:19:09.940Z INFO  benchmark_client] Sending sample transaction 74
[2026-05-22T09:19:09.990Z INFO  benchmark_client] Sending sample transaction 75
[2026-05-22T09:19:10.040Z INFO  benchmark_client] Sending sample transaction 76
[2026-05-22T09:19:10.091Z INFO  benchmark_client] Sending sample transaction 77
[2026-05-22T09:19:10.140Z INFO  benchmark_client] Sending sample transaction 78
[2026-05-22T09:19:10.190Z INFO  benchmark_client] Sending sample transaction 79
[2026-05-22T09:19:10.243Z INFO  benchmark_client] Sending sample transaction 80
[2026-05-22T09:19:10.290Z INFO  benchmark_client] Sending sample transaction 81
[2026-05-22T09:19:10.341Z INFO  benchmark_client] Sending sample transaction 82
[2026-05-22T09:19:10.390Z INFO  benchmark_client] Sending sample transaction 83
[2026-05-22T09:19:10.440Z INFO  benchmark_client] Sending sample transaction 84
[2026-05-22T09:19:10.490Z INFO  benchmark_client] Sending sample transaction 85
[2026-05-22T09:19:10.540Z INFO  benchmark_client] Sending sample transaction 86
[2026-05-22T09:19:10.593Z INFO  benchmark_client] Sending sample transaction 87
[2026-05-22T09:19:10.640Z INFO  benchmark_client] Sending sample transaction 88
[2026-05-22T09:19:10.690Z INFO  benchmark_client] Sending sample transaction 89
[2026-05-22T09:19:10.740Z INFO  benchmark_client] Sending sample transaction 90
[2026-05-22T09:19:10.790Z INFO  benchmark_client] Sending sample transaction 91
[2026-05-22T09:19:10.843Z INFO  benchmark_client] Sending sample transaction 92
[2026-05-22T09:19:10.890Z INFO  benchmark_client] Sending sample transaction 93
[2026-05-22T09:19:10.942Z INFO  benchmark_client] Sending sample transaction 94
[2026-05-22T09:19:10.990Z INFO  benchmark_client] Sending sample transaction 95
[2026-05-22T09:19:11.044Z INFO  benchmark_client] Sending sample transaction 96
[2026-05-22T09:19:11.090Z INFO  benchmark_client] Sending sample transaction 97
[2026-05-22T09:19:11.140Z INFO  benchmark_client] Sending sample transaction 98
[2026-05-22T09:19:11.190Z INFO  benchmark_client] Sending sample transaction 99
[2026-05-22T09:19:11.241Z INFO  benchmark_client] Sending sample transaction 100
[2026-05-22T09:19:11.290Z INFO  benchmark_client] Sending sample transaction 101
[2026-05-22T09:19:11.340Z INFO  benchmark_client] Sending sample transaction 102
[2026-05-22T09:19:11.390Z INFO  benchmark_client] Sending sample transaction 103
[2026-05-22T09:19:11.440Z INFO  benchmark_client] Sending sample transaction 104
[2026-05-22T09:19:11.493Z INFO  benchmark_client] Sending sample transaction 105
[2026-05-22T09:19:11.540Z INFO  benchmark_client] Sending sample transaction 106
[2026-05-22T09:19:11.590Z INFO  benchmark_client] Sending sample transaction 107
[2026-05-22T09:19:11.641Z INFO  benchmark_client] Sending sample transaction 108
[2026-05-22T09:19:11.690Z INFO  benchmark_client] Sending sample transaction 109
[2026-05-22T09:19:11.740Z INFO  benchmark_client] Sending sample transaction 110
[2026-05-22T09:19:11.790Z INFO  benchmark_client] Sending sample transaction 111
[2026-05-22T09:19:11.841Z INFO  benchmark_client] Sending sample transaction 112
[2026-05-22T09:19:11.890Z INFO  benchmark_client] Sending sample transaction 113
[2026-05-22T09:19:11.941Z INFO  benchmark_client] Sending sample transaction 114
[2026-05-22T09:19:11.991Z INFO  benchmark_client] Sending sample transaction 115
[2026-05-22T09:19:12.041Z INFO  benchmark_client] Sending sample transaction 116
[2026-05-22T09:19:12.090Z INFO  benchmark_client] Sending sample transaction 117
[2026-05-22T09:19:12.140Z INFO  benchmark_client] Sending sample transaction 118
[2026-05-22T09:19:12.191Z INFO  benchmark_client] Sending sample transaction 119
[2026-05-22T09:19:12.240Z INFO  benchmark_client] Sending sample transaction 120
[2026-05-22T09:19:12.290Z INFO  benchmark_client] Sending sample transaction 121
[2026-05-22T09:19:12.340Z INFO  benchmark_client] Sending sample transaction 122
[2026-05-22T09:19:12.393Z INFO  benchmark_client] Sending sample transaction 123
[2026-05-22T09:19:12.440Z INFO  benchmark_client] Sending sample transaction 124
[2026-05-22T09:19:12.490Z INFO  benchmark_client] Sending sample transaction 125
[2026-05-22T09:19:12.540Z INFO  benchmark_client] Sending sample transaction 126
[2026-05-22T09:19:12.590Z INFO  benchmark_client] Sending sample transaction 127
[2026-05-22T09:19:12.640Z INFO  benchmark_client] Sending sample transaction 128
[2026-05-22T09:19:12.690Z INFO  benchmark_client] Sending sample transaction 129
[2026-05-22T09:19:12.740Z INFO  benchmark_client] Sending sample transaction 130
[2026-05-22T09:19:12.792Z INFO  benchmark_client] Sending sample transaction 131
[2026-05-22T09:19:12.840Z INFO  benchmark_client] Sending sample transaction 132
[2026-05-22T09:19:12.890Z INFO  benchmark_client] Sending sample transaction 133
[2026-05-22T09:19:12.940Z INFO  benchmark_client] Sending sample transaction 134
[2026-05-22T09:19:12.991Z INFO  benchmark_client] Sending sample transaction 135
[2026-05-22T09:19:13.041Z INFO  benchmark_client] Sending sample transaction 136
[2026-05-22T09:19:13.090Z INFO  benchmark_client] Sending sample transaction 137
[2026-05-22T09:19:13.140Z INFO  benchmark_client] Sending sample transaction 138
[2026-05-22T09:19:13.191Z INFO  benchmark_client] Sending sample transaction 139
[2026-05-22T09:19:13.240Z INFO  benchmark_client] Sending sample transaction 140
[2026-05-22T09:19:13.290Z INFO  benchmark_client] Sending sample transaction 141
[2026-05-22T09:19:13.340Z INFO  benchmark_client] Sending sample transaction 142
[2026-05-22T09:19:13.390Z INFO  benchmark_client] Sending sample transaction 143
[2026-05-22T09:19:13.441Z INFO  benchmark_client] Sending sample transaction 144
[2026-05-22T09:19:13.491Z INFO  benchmark_client] Sending sample transaction 145
[2026-05-22T09:19:13.540Z INFO  benchmark_client] Sending sample transaction 146
[2026-05-22T09:19:13.590Z INFO  benchmark_client] Sending sample transaction 147
[2026-05-22T09:19:13.641Z INFO  benchmark_client] Sending sample transaction 148
[2026-05-22T09:19:13.690Z INFO  benchmark_client] Sending sample transaction 149
[2026-05-22T09:19:13.740Z INFO  benchmark_client] Sending sample transaction 150
[2026-05-22T09:19:13.793Z INFO  benchmark_client] Sending sample transaction 151
[2026-05-22T09:19:13.840Z INFO  benchmark_client] Sending sample transaction 152
[2026-05-22T09:19:13.890Z INFO  benchmark_client] Sending sample transaction 153
[2026-05-22T09:19:13.941Z INFO  benchmark_client] Sending sample transaction 154
[2026-05-22T09:19:13.996Z INFO  benchmark_client] Sending sample transaction 155
[2026-05-22T09:19:14.041Z INFO  benchmark_client] Sending sample transaction 156
[2026-05-22T09:19:14.090Z INFO  benchmark_client] Sending sample transaction 157
[2026-05-22T09:19:14.140Z INFO  benchmark_client] Sending sample transaction 158
[2026-05-22T09:19:14.190Z INFO  benchmark_client] Sending sample transaction 159
[2026-05-22T09:19:14.242Z INFO  benchmark_client] Sending sample transaction 160
[2026-05-22T09:19:14.291Z INFO  benchmark_client] Sending sample transaction 161
[2026-05-22T09:19:14.341Z INFO  benchmark_client] Sending sample transaction 162
[2026-05-22T09:19:14.390Z INFO  benchmark_client] Sending sample transaction 163
[2026-05-22T09:19:14.442Z INFO  benchmark_client] Sending sample transaction 164
[2026-05-22T09:19:14.490Z INFO  benchmark_client] Sending sample transaction 165
[2026-05-22T09:19:14.540Z INFO  benchmark_client] Sending sample transaction 166
[2026-05-22T09:19:14.590Z INFO  benchmark_client] Sending sample transaction 167
[2026-05-22T09:19:14.640Z INFO  benchmark_client] Sending sample transaction 168
[2026-05-22T09:19:14.691Z INFO  benchmark_client] Sending sample transaction 169
[2026-05-22T09:19:14.740Z INFO  benchmark_client] Sending sample transaction 170
[2026-05-22T09:19:14.790Z INFO  benchmark_client] Sending sample transaction 171
[2026-05-22T09:19:14.841Z INFO  benchmark_client] Sending sample transaction 172
[2026-05-22T09:19:14.890Z INFO  benchmark_client] Sending sample transaction 173
[2026-05-22T09:19:14.941Z INFO  benchmark_client] Sending sample transaction 174
[2026-05-22T09:19:14.990Z INFO  benchmark_client] Sending sample transaction 175
[2026-05-22T09:19:15.040Z INFO  benchmark_client] Sending sample transaction 176
[2026-05-22T09:19:15.092Z INFO  benchmark_client] Sending sample transaction 177
[2026-05-22T09:19:15.140Z INFO  benchmark_client] Sending sample transaction 178
[2026-05-22T09:19:15.190Z INFO  benchmark_client] Sending sample transaction 179
[2026-05-22T09:19:15.240Z INFO  benchmark_client] Sending sample transaction 180
[2026-05-22T09:19:15.290Z INFO  benchmark_client] Sending sample transaction 181
[2026-05-22T09:19:15.340Z INFO  benchmark_client] Sending sample transaction 182
[2026-05-22T09:19:15.390Z INFO  benchmark_client] Sending sample transaction 183
[2026-05-22T09:19:15.440Z INFO  benchmark_client] Sending sample transaction 184
[2026-05-22T09:19:15.491Z INFO  benchmark_client] Sending sample transaction 185
[2026-05-22T09:19:15.540Z INFO  benchmark_client] Sending sample transaction 186
[2026-05-22T09:19:15.591Z INFO  benchmark_client] Sending sample transaction 187
[2026-05-22T09:19:15.640Z INFO  benchmark_client] Sending sample transaction 188
[2026-05-22T09:19:15.690Z INFO  benchmark_client] Sending sample transaction 189
[2026-05-22T09:19:15.740Z INFO  benchmark_client] Sending sample transaction 190
[2026-05-22T09:19:15.794Z INFO  benchmark_client] Sending sample transaction 191
[2026-05-22T09:19:15.841Z INFO  benchmark_client] Sending sample transaction 192
[2026-05-22T09:19:15.890Z INFO  benchmark_client] Sending sample transaction 193
[2026-05-22T09:19:15.940Z INFO  benchmark_client] Sending sample transaction 194
[2026-05-22T09:19:15.990Z INFO  benchmark_client] Sending sample transaction 195
[2026-05-22T09:19:16.040Z INFO  benchmark_client] Sending sample transaction 196
[2026-05-22T09:19:16.091Z INFO  benchmark_client] Sending sample transaction 197
[2026-05-22T09:19:16.140Z INFO  benchmark_client] Sending sample transaction 198
[2026-05-22T09:19:16.190Z INFO  benchmark_client] Sending sample transaction 199
[2026-05-22T09:19:16.242Z INFO  benchmark_client] Sending sample transaction 200
[2026-05-22T09:19:16.293Z INFO  benchmark_client] Sending sample transaction 201
[2026-05-22T09:19:16.341Z INFO  benchmark_client] Sending sample transaction 202
[2026-05-22T09:19:16.392Z INFO  benchmark_client] Sending sample transaction 203
[2026-05-22T09:19:16.442Z INFO  benchmark_client] Sending sample transaction 204
[2026-05-22T09:19:16.490Z INFO  benchmark_client] Sending sample transaction 205
[2026-05-22T09:19:16.542Z INFO  benchmark_client] Sending sample transaction 206
[2026-05-22T09:19:16.591Z INFO  benchmark_client] Sending sample transaction 207
[2026-05-22T09:19:16.642Z INFO  benchmark_client] Sending sample transaction 208
[2026-05-22T09:19:16.691Z INFO  benchmark_client] Sending sample transaction 209
[2026-05-22T09:19:16.740Z INFO  benchmark_client] Sending sample transaction 210
[2026-05-22T09:19:16.791Z INFO  benchmark_client] Sending sample transaction 211
[2026-05-22T09:19:16.840Z INFO  benchmark_client] Sending sample transaction 212
[2026-05-22T09:19:16.891Z INFO  benchmark_client] Sending sample transaction 213
[2026-05-22T09:19:16.941Z INFO  benchmark_client] Sending sample transaction 214
[2026-05-22T09:19:16.991Z INFO  benchmark_client] Sending sample transaction 215
[2026-05-22T09:19:17.041Z INFO  benchmark_client] Sending sample transaction 216
[2026-05-22T09:19:17.091Z INFO  benchmark_client] Sending sample transaction 217
[2026-05-22T09:19:17.141Z INFO  benchmark_client] Sending sample transaction 218
[2026-05-22T09:19:17.191Z INFO  benchmark_client] Sending sample transaction 219
[2026-05-22T09:19:17.240Z INFO  benchmark_client] Sending sample transaction 220
[2026-05-22T09:19:17.291Z INFO  benchmark_client] Sending sample transaction 221
[2026-05-22T09:19:17.341Z INFO  benchmark_client] Sending sample transaction 222
[2026-05-22T09:19:17.390Z INFO  benchmark_client] Sending sample transaction 223
[2026-05-22T09:19:17.440Z INFO  benchmark_client] Sending sample transaction 224
[2026-05-22T09:19:17.490Z INFO  benchmark_client] Sending sample transaction 225
[2026-05-22T09:19:17.540Z INFO  benchmark_client] Sending sample transaction 226
[2026-05-22T09:19:17.590Z INFO  benchmark_client] Sending sample transaction 227
[2026-05-22T09:19:17.641Z INFO  benchmark_client] Sending sample transaction 228
[2026-05-22T09:19:17.690Z INFO  benchmark_client] Sending sample transaction 229
[2026-05-22T09:19:17.740Z INFO  benchmark_client] Sending sample transaction 230
[2026-05-22T09:19:17.790Z INFO  benchmark_client] Sending sample transaction 231
[2026-05-22T09:19:17.840Z INFO  benchmark_client] Sending sample transaction 232
[2026-05-22T09:19:17.890Z INFO  benchmark_client] Sending sample transaction 233
[2026-05-22T09:19:17.941Z INFO  benchmark_client] Sending sample transaction 234
[2026-05-22T09:19:17.990Z INFO  benchmark_client] Sending sample transaction 235
[2026-05-22T09:19:18.040Z INFO  benchmark_client] Sending sample transaction 236
[2026-05-22T09:19:18.090Z INFO  benchmark_client] Sending sample transaction 237
[2026-05-22T09:19:18.140Z INFO  benchmark_client] Sending sample transaction 238
[2026-05-22T09:19:18.191Z INFO  benchmark_client] Sending sample transaction 239
[2026-05-22T09:19:18.240Z INFO  benchmark_client] Sending sample transaction 240
[2026-05-22T09:19:18.291Z INFO  benchmark_client] Sending sample transaction 241
[2026-05-22T09:19:18.341Z INFO  benchmark_client] Sending sample transaction 242
[2026-05-22T09:19:18.391Z INFO  benchmark_client] Sending sample transaction 243
[2026-05-22T09:19:18.441Z INFO  benchmark_client] Sending sample transaction 244
[2026-05-22T09:19:18.491Z INFO  benchmark_client] Sending sample transaction 245
[2026-05-22T09:19:18.540Z INFO  benchmark_client] Sending sample transaction 246
[2026-05-22T09:19:18.590Z INFO  benchmark_client] Sending sample transaction 247
[2026-05-22T09:19:18.641Z INFO  benchmark_client] Sending sample transaction 248
[2026-05-22T09:19:18.694Z INFO  benchmark_client] Sending sample transaction 249
[2026-05-22T09:19:18.740Z INFO  benchmark_client] Sending sample transaction 250
[2026-05-22T09:19:18.790Z INFO  benchmark_client] Sending sample transaction 251
[2026-05-22T09:19:18.841Z INFO  benchmark_client] Sending sample transaction 252
[2026-05-22T09:19:18.891Z INFO  benchmark_client] Sending sample transaction 253
[2026-05-22T09:19:18.944Z INFO  benchmark_client] Sending sample transaction 254
[2026-05-22T09:19:18.990Z INFO  benchmark_client] Sending sample transaction 255
[2026-05-22T09:19:19.042Z INFO  benchmark_client] Sending sample transaction 256
[2026-05-22T09:19:19.091Z INFO  benchmark_client] Sending sample transaction 257
[2026-05-22T09:19:19.141Z INFO  benchmark_client] Sending sample transaction 258
[2026-05-22T09:19:19.191Z INFO  benchmark_client] Sending sample transaction 259
[2026-05-22T09:19:19.240Z INFO  benchmark_client] Sending sample transaction 260
[2026-05-22T09:19:19.290Z INFO  benchmark_client] Sending sample transaction 261
[2026-05-22T09:19:19.340Z INFO  benchmark_client] Sending sample transaction 262
[2026-05-22T09:19:19.391Z INFO  benchmark_client] Sending sample transaction 263
[2026-05-22T09:19:19.442Z INFO  benchmark_client] Sending sample transaction 264
[2026-05-22T09:19:19.490Z INFO  benchmark_client] Sending sample transaction 265
[2026-05-22T09:19:19.541Z INFO  benchmark_client] Sending sample transaction 266
[2026-05-22T09:19:19.596Z INFO  benchmark_client] Sending sample transaction 267
[2026-05-22T09:19:19.641Z INFO  benchmark_client] Sending sample transaction 268
[2026-05-22T09:19:19.691Z INFO  benchmark_client] Sending sample transaction 269
[2026-05-22T09:19:19.740Z INFO  benchmark_client] Sending sample transaction 270
[2026-05-22T09:19:19.793Z INFO  benchmark_client] Sending sample transaction 271
[2026-05-22T09:19:19.841Z INFO  benchmark_client] Sending sample transaction 272
[2026-05-22T09:19:19.890Z INFO  benchmark_client] Sending sample transaction 273
[2026-05-22T09:19:19.941Z INFO  benchmark_client] Sending sample transaction 274
[2026-05-22T09:19:19.990Z INFO  benchmark_client] Sending sample transaction 275
[2026-05-22T09:19:20.041Z INFO  benchmark_client] Sending sample transaction 276
[2026-05-22T09:19:20.091Z INFO  benchmark_client] Sending sample transaction 277
[2026-05-22T09:19:20.141Z INFO  benchmark_client] Sending sample transaction 278
[2026-05-22T09:19:20.190Z INFO  benchmark_client] Sending sample transaction 279
[2026-05-22T09:19:20.242Z INFO  benchmark_client] Sending sample transaction 280
[2026-05-22T09:19:20.291Z INFO  benchmark_client] Sending sample transaction 281
[2026-05-22T09:19:20.341Z INFO  benchmark_client] Sending sample transaction 282
[2026-05-22T09:19:20.390Z INFO  benchmark_client] Sending sample transaction 283
[2026-05-22T09:19:20.440Z INFO  benchmark_client] Sending sample transaction 284
[2026-05-22T09:19:20.490Z INFO  benchmark_client] Sending sample transaction 285
[2026-05-22T09:19:20.541Z INFO  benchmark_client] Sending sample transaction 286
[2026-05-22T09:19:20.590Z INFO  benchmark_client] Sending sample transaction 287
[2026-05-22T09:19:20.641Z INFO  benchmark_client] Sending sample transaction 288
[2026-05-22T09:19:20.690Z INFO  benchmark_client] Sending sample transaction 289
[2026-05-22T09:19:20.740Z INFO  benchmark_client] Sending sample transaction 290
[2026-05-22T09:19:20.791Z INFO  benchmark_client] Sending sample transaction 291
[2026-05-22T09:19:20.840Z INFO  benchmark_client] Sending sample transaction 292
[2026-05-22T09:19:20.890Z INFO  benchmark_client] Sending sample transaction 293
[2026-05-22T09:19:20.941Z INFO  benchmark_client] Sending sample transaction 294
[2026-05-22T09:19:20.992Z INFO  benchmark_client] Sending sample transaction 295
[2026-05-22T09:19:21.040Z INFO  benchmark_client] Sending sample transaction 296
[2026-05-22T09:19:21.092Z INFO  benchmark_client] Sending sample transaction 297
[2026-05-22T09:19:21.141Z INFO  benchmark_client] Sending sample transaction 298
[2026-05-22T09:19:21.192Z INFO  benchmark_client] Sending sample transaction 299
[2026-05-22T09:19:21.241Z INFO  benchmark_client] Sending sample transaction 300
[2026-05-22T09:19:21.291Z INFO  benchmark_client] Sending sample transaction 301
[2026-05-22T09:19:21.341Z INFO  benchmark_client] Sending sample transaction 302
[2026-05-22T09:19:21.392Z INFO  benchmark_client] Sending sample transaction 303
[2026-05-22T09:19:21.441Z INFO  benchmark_client] Sending sample transaction 304
[2026-05-22T09:19:21.491Z INFO  benchmark_client] Sending sample transaction 305
[2026-05-22T09:19:21.541Z INFO  benchmark_client] Sending sample transaction 306
[2026-05-22T09:19:21.591Z INFO  benchmark_client] Sending sample transaction 307
[2026-05-22T09:19:21.641Z INFO  benchmark_client] Sending sample transaction 308
[2026-05-22T09:19:21.691Z INFO  benchmark_client] Sending sample transaction 309
[2026-05-22T09:19:21.742Z INFO  benchmark_client] Sending sample transaction 310
[2026-05-22T09:19:21.790Z INFO  benchmark_client] Sending sample transaction 311
[2026-05-22T09:19:21.840Z INFO  benchmark_client] Sending sample transaction 312
[2026-05-22T09:19:21.893Z INFO  benchmark_client] Sending sample transaction 313
[2026-05-22T09:19:21.941Z INFO  benchmark_client] Sending sample transaction 314
[2026-05-22T09:19:21.991Z INFO  benchmark_client] Sending sample transaction 315
[2026-05-22T09:19:22.041Z INFO  benchmark_client] Sending sample transaction 316
[2026-05-22T09:19:22.091Z INFO  benchmark_client] Sending sample transaction 317
[2026-05-22T09:19:22.141Z INFO  benchmark_client] Sending sample transaction 318
[2026-05-22T09:19:22.195Z INFO  benchmark_client] Sending sample transaction 319
[2026-05-22T09:19:22.240Z INFO  benchmark_client] Sending sample transaction 320
[2026-05-22T09:19:22.293Z INFO  benchmark_client] Sending sample transaction 321
[2026-05-22T09:19:22.341Z INFO  benchmark_client] Sending sample transaction 322
[2026-05-22T09:19:22.390Z INFO  benchmark_client] Sending sample transaction 323
[2026-05-22T09:19:22.441Z INFO  benchmark_client] Sending sample transaction 324
[2026-05-22T09:19:22.491Z INFO  benchmark_client] Sending sample transaction 325
[2026-05-22T09:19:22.542Z INFO  benchmark_client] Sending sample transaction 326
[2026-05-22T09:19:22.590Z INFO  benchmark_client] Sending sample transaction 327
[2026-05-22T09:19:22.641Z INFO  benchmark_client] Sending sample transaction 328
[2026-05-22T09:19:22.692Z INFO  benchmark_client] Sending sample transaction 329
[2026-05-22T09:19:22.741Z INFO  benchmark_client] Sending sample transaction 330
[2026-05-22T09:19:22.791Z INFO  benchmark_client] Sending sample transaction 331
[2026-05-22T09:19:22.841Z INFO  benchmark_client] Sending sample transaction 332
[2026-05-22T09:19:22.891Z INFO  benchmark_client] Sending sample transaction 333
[2026-05-22T09:19:22.941Z INFO  benchmark_client] Sending sample transaction 334
[2026-05-22T09:19:22.991Z INFO  benchmark_client] Sending sample transaction 335
[2026-05-22T09:19:23.040Z INFO  benchmark_client] Sending sample transaction 336
[2026-05-22T09:19:23.090Z INFO  benchmark_client] Sending sample transaction 337
[2026-05-22T09:19:23.141Z INFO  benchmark_client] Sending sample transaction 338
[2026-05-22T09:19:23.191Z INFO  benchmark_client] Sending sample transaction 339
[2026-05-22T09:19:23.241Z INFO  benchmark_client] Sending sample transaction 340
[2026-05-22T09:19:23.291Z INFO  benchmark_client] Sending sample transaction 341
[2026-05-22T09:19:23.340Z INFO  benchmark_client] Sending sample transaction 342
[2026-05-22T09:19:23.390Z INFO  benchmark_client] Sending sample transaction 343
[2026-05-22T09:19:23.441Z INFO  benchmark_client] Sending sample transaction 344
[2026-05-22T09:19:23.490Z INFO  benchmark_client] Sending sample transaction 345
[2026-05-22T09:19:23.540Z INFO  benchmark_client] Sending sample transaction 346
[2026-05-22T09:19:23.591Z INFO  benchmark_client] Sending sample transaction 347
[2026-05-22T09:19:23.644Z INFO  benchmark_client] Sending sample transaction 348
[2026-05-22T09:19:23.691Z INFO  benchmark_client] Sending sample transaction 349
[2026-05-22T09:19:23.741Z INFO  benchmark_client] Sending sample transaction 350
[2026-05-22T09:19:23.791Z INFO  benchmark_client] Sending sample transaction 351
[2026-05-22T09:19:23.841Z INFO  benchmark_client] Sending sample transaction 352
[2026-05-22T09:19:23.890Z INFO  benchmark_client] Sending sample transaction 353
[2026-05-22T09:19:23.942Z INFO  benchmark_client] Sending sample transaction 354
[2026-05-22T09:19:23.993Z INFO  benchmark_client] Sending sample transaction 355
[2026-05-22T09:19:24.040Z INFO  benchmark_client] Sending sample transaction 356
[2026-05-22T09:19:24.093Z INFO  benchmark_client] Sending sample transaction 357
[2026-05-22T09:19:24.141Z INFO  benchmark_client] Sending sample transaction 358
[2026-05-22T09:19:24.190Z INFO  benchmark_client] Sending sample transaction 359
[2026-05-22T09:19:24.242Z INFO  benchmark_client] Sending sample transaction 360
[2026-05-22T09:19:24.293Z INFO  benchmark_client] Sending sample transaction 361
[2026-05-22T09:19:24.341Z INFO  benchmark_client] Sending sample transaction 362
[2026-05-22T09:19:24.391Z INFO  benchmark_client] Sending sample transaction 363
[2026-05-22T09:19:24.441Z INFO  benchmark_client] Sending sample transaction 364
[2026-05-22T09:19:24.491Z INFO  benchmark_client] Sending sample transaction 365
[2026-05-22T09:19:24.541Z INFO  benchmark_client] Sending sample transaction 366
[2026-05-22T09:19:24.591Z INFO  benchmark_client] Sending sample transaction 367
[2026-05-22T09:19:24.647Z INFO  benchmark_client] Sending sample transaction 368
[2026-05-22T09:19:24.691Z INFO  benchmark_client] Sending sample transaction 369
[2026-05-22T09:19:24.741Z INFO  benchmark_client] Sending sample transaction 370
[2026-05-22T09:19:24.791Z INFO  benchmark_client] Sending sample transaction 371
[2026-05-22T09:19:24.842Z INFO  benchmark_client] Sending sample transaction 372
[2026-05-22T09:19:24.891Z INFO  benchmark_client] Sending sample transaction 373
[2026-05-22T09:19:24.941Z INFO  benchmark_client] Sending sample transaction 374
[2026-05-22T09:19:24.991Z INFO  benchmark_client] Sending sample transaction 375
[2026-05-22T09:19:25.041Z INFO  benchmark_client] Sending sample transaction 376
[2026-05-22T09:19:25.091Z INFO  benchmark_client] Sending sample transaction 377
[2026-05-22T09:19:25.141Z INFO  benchmark_client] Sending sample transaction 378
[2026-05-22T09:19:25.190Z INFO  benchmark_client] Sending sample transaction 379
[2026-05-22T09:19:25.242Z INFO  benchmark_client] Sending sample transaction 380
[2026-05-22T09:19:25.290Z INFO  benchmark_client] Sending sample transaction 381
[2026-05-22T09:19:25.340Z INFO  benchmark_client] Sending sample transaction 382
[2026-05-22T09:19:25.391Z INFO  benchmark_client] Sending sample transaction 383
[2026-05-22T09:19:25.440Z INFO  benchmark_client] Sending sample transaction 384
[2026-05-22T09:19:25.491Z INFO  benchmark_client] Sending sample transaction 385
[2026-05-22T09:19:25.541Z INFO  benchmark_client] Sending sample transaction 386
[2026-05-22T09:19:25.595Z INFO  benchmark_client] Sending sample transaction 387
[2026-05-22T09:19:25.641Z INFO  benchmark_client] Sending sample transaction 388
[2026-05-22T09:19:25.691Z INFO  benchmark_client] Sending sample transaction 389
[2026-05-22T09:19:25.741Z INFO  benchmark_client] Sending sample transaction 390
[2026-05-22T09:19:25.793Z INFO  benchmark_client] Sending sample transaction 391
[2026-05-22T09:19:25.841Z INFO  benchmark_client] Sending sample transaction 392
[2026-05-22T09:19:25.891Z INFO  benchmark_client] Sending sample transaction 393
[2026-05-22T09:19:25.941Z INFO  benchmark_client] Sending sample transaction 394
[2026-05-22T09:19:25.993Z INFO  benchmark_client] Sending sample transaction 395
[2026-05-22T09:19:26.041Z INFO  benchmark_client] Sending sample transaction 396
[2026-05-22T09:19:26.091Z INFO  benchmark_client] Sending sample transaction 397
[2026-05-22T09:19:26.141Z INFO  benchmark_client] Sending sample transaction 398
[2026-05-22T09:19:26.191Z INFO  benchmark_client] Sending sample transaction 399
[2026-05-22T09:19:26.241Z INFO  benchmark_client] Sending sample transaction 400
[2026-05-22T09:19:26.291Z INFO  benchmark_client] Sending sample transaction 401
[2026-05-22T09:19:26.341Z INFO  benchmark_client] Sending sample transaction 402
[2026-05-22T09:19:26.390Z INFO  benchmark_client] Sending sample transaction 403
[2026-05-22T09:19:26.442Z INFO  benchmark_client] Sending sample transaction 404
[2026-05-22T09:19:26.491Z INFO  benchmark_client] Sending sample transaction 405
[2026-05-22T09:19:26.541Z INFO  benchmark_client] Sending sample transaction 406
[2026-05-22T09:19:26.591Z INFO  benchmark_client] Sending sample transaction 407
[2026-05-22T09:19:26.643Z INFO  benchmark_client] Sending sample transaction 408
[2026-05-22T09:19:26.692Z INFO  benchmark_client] Sending sample transaction 409
[2026-05-22T09:19:26.742Z INFO  benchmark_client] Sending sample transaction 410
[2026-05-22T09:19:26.791Z INFO  benchmark_client] Sending sample transaction 411
[2026-05-22T09:19:26.841Z INFO  benchmark_client] Sending sample transaction 412
[2026-05-22T09:19:26.891Z INFO  benchmark_client] Sending sample transaction 413
[2026-05-22T09:19:26.941Z INFO  benchmark_client] Sending sample transaction 414
[2026-05-22T09:19:26.992Z INFO  benchmark_client] Sending sample transaction 415
[2026-05-22T09:19:27.042Z INFO  benchmark_client] Sending sample transaction 416
[2026-05-22T09:19:27.090Z INFO  benchmark_client] Sending sample transaction 417
[2026-05-22T09:19:27.143Z INFO  benchmark_client] Sending sample transaction 418
[2026-05-22T09:19:27.190Z INFO  benchmark_client] Sending sample transaction 419
[2026-05-22T09:19:27.241Z INFO  benchmark_client] Sending sample transaction 420
[2026-05-22T09:19:27.291Z INFO  benchmark_client] Sending sample transaction 421
[2026-05-22T09:19:27.344Z INFO  benchmark_client] Sending sample transaction 422
[2026-05-22T09:19:27.392Z INFO  benchmark_client] Sending sample transaction 423
[2026-05-22T09:19:27.442Z INFO  benchmark_client] Sending sample transaction 424
[2026-05-22T09:19:27.490Z INFO  benchmark_client] Sending sample transaction 425
[2026-05-22T09:19:27.542Z INFO  benchmark_client] Sending sample transaction 426
[2026-05-22T09:19:27.591Z INFO  benchmark_client] Sending sample transaction 427
[2026-05-22T09:19:27.642Z INFO  benchmark_client] Sending sample transaction 428
[2026-05-22T09:19:27.691Z INFO  benchmark_client] Sending sample transaction 429
[2026-05-22T09:19:27.742Z INFO  benchmark_client] Sending sample transaction 430
[2026-05-22T09:19:27.791Z INFO  benchmark_client] Sending sample transaction 431
[2026-05-22T09:19:27.841Z INFO  benchmark_client] Sending sample transaction 432
[2026-05-22T09:19:27.891Z INFO  benchmark_client] Sending sample transaction 433
[2026-05-22T09:19:27.940Z INFO  benchmark_client] Sending sample transaction 434
[2026-05-22T09:19:27.991Z INFO  benchmark_client] Sending sample transaction 435
[2026-05-22T09:19:28.040Z INFO  benchmark_client] Sending sample transaction 436
[2026-05-22T09:19:28.095Z INFO  benchmark_client] Sending sample transaction 437
[2026-05-22T09:19:28.141Z INFO  benchmark_client] Sending sample transaction 438
[2026-05-22T09:19:28.191Z INFO  benchmark_client] Sending sample transaction 439
[2026-05-22T09:19:28.241Z INFO  benchmark_client] Sending sample transaction 440
[2026-05-22T09:19:28.291Z INFO  benchmark_client] Sending sample transaction 441
[2026-05-22T09:19:28.342Z INFO  benchmark_client] Sending sample transaction 442
[2026-05-22T09:19:28.391Z INFO  benchmark_client] Sending sample transaction 443
[2026-05-22T09:19:28.440Z INFO  benchmark_client] Sending sample transaction 444
[2026-05-22T09:19:28.490Z INFO  benchmark_client] Sending sample transaction 445
[2026-05-22T09:19:28.541Z INFO  benchmark_client] Sending sample transaction 446
[2026-05-22T09:19:28.593Z INFO  benchmark_client] Sending sample transaction 447
[2026-05-22T09:19:28.641Z INFO  benchmark_client] Sending sample transaction 448
[2026-05-22T09:19:28.691Z INFO  benchmark_client] Sending sample transaction 449
[2026-05-22T09:19:28.742Z INFO  benchmark_client] Sending sample transaction 450
[2026-05-22T09:19:28.790Z INFO  benchmark_client] Sending sample transaction 451
[2026-05-22T09:19:28.844Z INFO  benchmark_client] Sending sample transaction 452
[2026-05-22T09:19:28.891Z INFO  benchmark_client] Sending sample transaction 453
[2026-05-22T09:19:28.941Z INFO  benchmark_client] Sending sample transaction 454
[2026-05-22T09:19:28.991Z INFO  benchmark_client] Sending sample transaction 455
[2026-05-22T09:19:29.041Z INFO  benchmark_client] Sending sample transaction 456
[2026-05-22T09:19:29.091Z INFO  benchmark_client] Sending sample transaction 457
[2026-05-22T09:19:29.143Z INFO  benchmark_client] Sending sample transaction 458
[2026-05-22T09:19:29.191Z INFO  benchmark_client] Sending sample transaction 459
[2026-05-22T09:19:29.241Z INFO  benchmark_client] Sending sample transaction 460
[2026-05-22T09:19:29.291Z INFO  benchmark_client] Sending sample transaction 461
[2026-05-22T09:19:29.341Z INFO  benchmark_client] Sending sample transaction 462
[2026-05-22T09:19:29.391Z INFO  benchmark_client] Sending sample transaction 463
[2026-05-22T09:19:29.442Z INFO  benchmark_client] Sending sample transaction 464
[2026-05-22T09:19:29.490Z INFO  benchmark_client] Sending sample transaction 465
[2026-05-22T09:19:29.547Z INFO  benchmark_client] Sending sample transaction 466
[2026-05-22T09:19:29.591Z INFO  benchmark_client] Sending sample transaction 467
[2026-05-22T09:19:29.640Z INFO  benchmark_client] Sending sample transaction 468
[2026-05-22T09:19:29.691Z INFO  benchmark_client] Sending sample transaction 469
[2026-05-22T09:19:29.744Z INFO  benchmark_client] Sending sample transaction 470
[2026-05-22T09:19:29.791Z INFO  benchmark_client] Sending sample transaction 471
[2026-05-22T09:19:29.841Z INFO  benchmark_client] Sending sample transaction 472
[2026-05-22T09:19:29.892Z INFO  benchmark_client] Sending sample transaction 473
[2026-05-22T09:19:29.941Z INFO  benchmark_client] Sending sample transaction 474
[2026-05-22T09:19:29.991Z INFO  benchmark_client] Sending sample transaction 475
[2026-05-22T09:19:30.041Z INFO  benchmark_client] Sending sample transaction 476
[2026-05-22T09:19:30.091Z INFO  benchmark_client] Sending sample transaction 477
[2026-05-22T09:19:30.141Z INFO  benchmark_client] Sending sample transaction 478
[2026-05-22T09:19:30.192Z INFO  benchmark_client] Sending sample transaction 479
[2026-05-22T09:19:30.241Z INFO  benchmark_client] Sending sample transaction 480
[2026-05-22T09:19:30.291Z INFO  benchmark_client] Sending sample transaction 481
[2026-05-22T09:19:30.341Z INFO  benchmark_client] Sending sample transaction 482
[2026-05-22T09:19:30.391Z INFO  benchmark_client] Sending sample transaction 483
[2026-05-22T09:19:30.441Z INFO  benchmark_client] Sending sample transaction 484
[2026-05-22T09:19:30.491Z INFO  benchmark_client] Sending sample transaction 485
[2026-05-22T09:19:30.541Z INFO  benchmark_client] Sending sample transaction 486
[2026-05-22T09:19:30.591Z INFO  benchmark_client] Sending sample transaction 487
[2026-05-22T09:19:30.641Z INFO  benchmark_client] Sending sample transaction 488
[2026-05-22T09:19:30.691Z INFO  benchmark_client] Sending sample transaction 489
[2026-05-22T09:19:30.743Z INFO  benchmark_client] Sending sample transaction 490
[2026-05-22T09:19:30.794Z INFO  benchmark_client] Sending sample transaction 491
[2026-05-22T09:19:30.841Z INFO  benchmark_client] Sending sample transaction 492
[2026-05-22T09:19:30.891Z INFO  benchmark_client] Sending sample transaction 493
[2026-05-22T09:19:30.941Z INFO  benchmark_client] Sending sample transaction 494
[2026-05-22T09:19:30.991Z INFO  benchmark_client] Sending sample transaction 495
[2026-05-22T09:19:31.042Z INFO  benchmark_client] Sending sample transaction 496
[2026-05-22T09:19:31.093Z INFO  benchmark_client] Sending sample transaction 497
[2026-05-22T09:19:31.141Z INFO  benchmark_client] Sending sample transaction 498
[2026-05-22T09:19:31.190Z INFO  benchmark_client] Sending sample transaction 499
[2026-05-22T09:19:31.241Z INFO  benchmark_client] Sending sample transaction 500
[2026-05-22T09:19:31.292Z INFO  benchmark_client] Sending sample transaction 501
[2026-05-22T09:19:31.342Z INFO  benchmark_client] Sending sample transaction 502
[2026-05-22T09:19:31.393Z INFO  benchmark_client] Sending sample transaction 503
[2026-05-22T09:19:31.441Z INFO  benchmark_client] Sending sample transaction 504
[2026-05-22T09:19:31.491Z INFO  benchmark_client] Sending sample transaction 505
[2026-05-22T09:19:31.541Z INFO  benchmark_client] Sending sample transaction 506
[2026-05-22T09:19:31.591Z INFO  benchmark_client] Sending sample transaction 507
[2026-05-22T09:19:31.641Z INFO  benchmark_client] Sending sample transaction 508
[2026-05-22T09:19:31.691Z INFO  benchmark_client] Sending sample transaction 509
[2026-05-22T09:19:31.743Z INFO  benchmark_client] Sending sample transaction 510
[2026-05-22T09:19:31.791Z INFO  benchmark_client] Sending sample transaction 511
[2026-05-22T09:19:31.841Z INFO  benchmark_client] Sending sample transaction 512
[2026-05-22T09:19:31.891Z INFO  benchmark_client] Sending sample transaction 513
[2026-05-22T09:19:31.941Z INFO  benchmark_client] Sending sample transaction 514
[2026-05-22T09:19:31.991Z INFO  benchmark_client] Sending sample transaction 515
[2026-05-22T09:19:32.042Z INFO  benchmark_client] Sending sample transaction 516
[2026-05-22T09:19:32.091Z INFO  benchmark_client] Sending sample transaction 517
[2026-05-22T09:19:32.141Z INFO  benchmark_client] Sending sample transaction 518
[2026-05-22T09:19:32.192Z INFO  benchmark_client] Sending sample transaction 519
[2026-05-22T09:19:32.241Z INFO  benchmark_client] Sending sample transaction 520
[2026-05-22T09:19:32.291Z INFO  benchmark_client] Sending sample transaction 521
[2026-05-22T09:19:32.343Z INFO  benchmark_client] Sending sample transaction 522
[2026-05-22T09:19:32.391Z INFO  benchmark_client] Sending sample transaction 523
[2026-05-22T09:19:32.441Z INFO  benchmark_client] Sending sample transaction 524
[2026-05-22T09:19:32.491Z INFO  benchmark_client] Sending sample transaction 525
[2026-05-22T09:19:32.543Z INFO  benchmark_client] Sending sample transaction 526
[2026-05-22T09:19:32.590Z INFO  benchmark_client] Sending sample transaction 527
[2026-05-22T09:19:32.641Z INFO  benchmark_client] Sending sample transaction 528
[2026-05-22T09:19:32.691Z INFO  benchmark_client] Sending sample transaction 529
[2026-05-22T09:19:32.741Z INFO  benchmark_client] Sending sample transaction 530
[2026-05-22T09:19:32.791Z INFO  benchmark_client] Sending sample transaction 531
[2026-05-22T09:19:32.840Z INFO  benchmark_client] Sending sample transaction 532
[2026-05-22T09:19:32.890Z INFO  benchmark_client] Sending sample transaction 533
[2026-05-22T09:19:32.941Z INFO  benchmark_client] Sending sample transaction 534
[2026-05-22T09:19:32.992Z INFO  benchmark_client] Sending sample transaction 535
[2026-05-22T09:19:33.041Z INFO  benchmark_client] Sending sample transaction 536
[2026-05-22T09:19:33.091Z INFO  benchmark_client] Sending sample transaction 537
[2026-05-22T09:19:33.141Z INFO  benchmark_client] Sending sample transaction 538
[2026-05-22T09:19:33.191Z INFO  benchmark_client] Sending sample transaction 539
[2026-05-22T09:19:33.243Z INFO  benchmark_client] Sending sample transaction 540
[2026-05-22T09:19:33.291Z INFO  benchmark_client] Sending sample transaction 541
[2026-05-22T09:19:33.341Z INFO  benchmark_client] Sending sample transaction 542
[2026-05-22T09:19:33.392Z INFO  benchmark_client] Sending sample transaction 543
[2026-05-22T09:19:33.442Z INFO  benchmark_client] Sending sample transaction 544
[2026-05-22T09:19:33.491Z INFO  benchmark_client] Sending sample transaction 545
[2026-05-22T09:19:33.540Z INFO  benchmark_client] Sending sample transaction 546
[2026-05-22T09:19:33.591Z INFO  benchmark_client] Sending sample transaction 547
[2026-05-22T09:19:33.643Z INFO  benchmark_client] Sending sample transaction 548
[2026-05-22T09:19:33.691Z INFO  benchmark_client] Sending sample transaction 549
[2026-05-22T09:19:33.741Z INFO  benchmark_client] Sending sample transaction 550
[2026-05-22T09:19:33.791Z INFO  benchmark_client] Sending sample transaction 551
[2026-05-22T09:19:33.843Z INFO  benchmark_client] Sending sample transaction 552
[2026-05-22T09:19:33.891Z INFO  benchmark_client] Sending sample transaction 553
[2026-05-22T09:19:33.942Z INFO  benchmark_client] Sending sample transaction 554
[2026-05-22T09:19:33.991Z INFO  benchmark_client] Sending sample transaction 555
[2026-05-22T09:19:34.042Z INFO  benchmark_client] Sending sample transaction 556
[2026-05-22T09:19:34.091Z INFO  benchmark_client] Sending sample transaction 557
[2026-05-22T09:19:34.141Z INFO  benchmark_client] Sending sample transaction 558
[2026-05-22T09:19:34.193Z INFO  benchmark_client] Sending sample transaction 559
[2026-05-22T09:19:34.245Z INFO  benchmark_client] Sending sample transaction 560
[2026-05-22T09:19:34.294Z INFO  benchmark_client] Sending sample transaction 561
[2026-05-22T09:19:34.340Z INFO  benchmark_client] Sending sample transaction 562
[2026-05-22T09:19:34.391Z INFO  benchmark_client] Sending sample transaction 563
[2026-05-22T09:19:34.441Z INFO  benchmark_client] Sending sample transaction 564
[2026-05-22T09:19:34.493Z INFO  benchmark_client] Sending sample transaction 565
[2026-05-22T09:19:34.541Z INFO  benchmark_client] Sending sample transaction 566
[2026-05-22T09:19:34.591Z INFO  benchmark_client] Sending sample transaction 567
[2026-05-22T09:19:34.641Z INFO  benchmark_client] Sending sample transaction 568
[2026-05-22T09:19:34.690Z INFO  benchmark_client] Sending sample transaction 569
[2026-05-22T09:19:34.741Z INFO  benchmark_client] Sending sample transaction 570
[2026-05-22T09:19:34.792Z INFO  benchmark_client] Sending sample transaction 571
[2026-05-22T09:19:34.841Z INFO  benchmark_client] Sending sample transaction 572
[2026-05-22T09:19:34.891Z INFO  benchmark_client] Sending sample transaction 573
[2026-05-22T09:19:34.941Z INFO  benchmark_client] Sending sample transaction 574
[2026-05-22T09:19:34.992Z INFO  benchmark_client] Sending sample transaction 575
[2026-05-22T09:19:35.043Z INFO  benchmark_client] Sending sample transaction 576
[2026-05-22T09:19:35.091Z INFO  benchmark_client] Sending sample transaction 577
[2026-05-22T09:19:35.142Z INFO  benchmark_client] Sending sample transaction 578
[2026-05-22T09:19:35.191Z INFO  benchmark_client] Sending sample transaction 579
[2026-05-22T09:19:35.241Z INFO  benchmark_client] Sending sample transaction 580
[2026-05-22T09:19:35.294Z INFO  benchmark_client] Sending sample transaction 581
[2026-05-22T09:19:35.341Z INFO  benchmark_client] Sending sample transaction 582
[2026-05-22T09:19:35.391Z INFO  benchmark_client] Sending sample transaction 583
[2026-05-22T09:19:35.441Z INFO  benchmark_client] Sending sample transaction 584
[2026-05-22T09:19:35.491Z INFO  benchmark_client] Sending sample transaction 585
[2026-05-22T09:19:35.541Z INFO  benchmark_client] Sending sample transaction 586
[2026-05-22T09:19:35.591Z INFO  benchmark_client] Sending sample transaction 587
[2026-05-22T09:19:35.643Z INFO  benchmark_client] Sending sample transaction 588
[2026-05-22T09:19:35.691Z INFO  benchmark_client] Sending sample transaction 589
[2026-05-22T09:19:35.741Z INFO  benchmark_client] Sending sample transaction 590
[2026-05-22T09:19:35.791Z INFO  benchmark_client] Sending sample transaction 591
[2026-05-22T09:19:35.841Z INFO  benchmark_client] Sending sample transaction 592
[2026-05-22T09:19:35.891Z INFO  benchmark_client] Sending sample transaction 593
[2026-05-22T09:19:35.941Z INFO  benchmark_client] Sending sample transaction 594
[2026-05-22T09:19:35.994Z INFO  benchmark_client] Sending sample transaction 595
[2026-05-22T09:19:36.041Z INFO  benchmark_client] Sending sample transaction 596
[2026-05-22T09:19:36.091Z INFO  benchmark_client] Sending sample transaction 597
[2026-05-22T09:19:36.141Z INFO  benchmark_client] Sending sample transaction 598
[2026-05-22T09:19:36.191Z INFO  benchmark_client] Sending sample transaction 599
[2026-05-22T09:19:36.240Z INFO  benchmark_client] Sending sample transaction 600
[2026-05-22T09:19:36.297Z INFO  benchmark_client] Sending sample transaction 601
[2026-05-22T09:19:36.341Z INFO  benchmark_client] Sending sample transaction 602
[2026-05-22T09:19:36.391Z INFO  benchmark_client] Sending sample transaction 603
[2026-05-22T09:19:36.441Z INFO  benchmark_client] Sending sample transaction 604
[2026-05-22T09:19:36.491Z INFO  benchmark_client] Sending sample transaction 605
[2026-05-22T09:19:36.541Z INFO  benchmark_client] Sending sample transaction 606
[2026-05-22T09:19:36.591Z INFO  benchmark_client] Sending sample transaction 607
[2026-05-22T09:19:36.641Z INFO  benchmark_client] Sending sample transaction 608
[2026-05-22T09:19:36.690Z INFO  benchmark_client] Sending sample transaction 609
[2026-05-22T09:19:36.740Z INFO  benchmark_client] Sending sample transaction 610
[2026-05-22T09:19:36.791Z INFO  benchmark_client] Sending sample transaction 611
[2026-05-22T09:19:36.842Z INFO  benchmark_client] Sending sample transaction 612
[2026-05-22T09:19:36.891Z INFO  benchmark_client] Sending sample transaction 613
[2026-05-22T09:19:36.942Z INFO  benchmark_client] Sending sample transaction 614
[2026-05-22T09:19:36.993Z INFO  benchmark_client] Sending sample transaction 615
[2026-05-22T09:19:37.041Z INFO  benchmark_client] Sending sample transaction 616
[2026-05-22T09:19:37.091Z INFO  benchmark_client] Sending sample transaction 617
[2026-05-22T09:19:37.140Z INFO  benchmark_client] Sending sample transaction 618
[2026-05-22T09:19:37.193Z INFO  benchmark_client] Sending sample transaction 619
[2026-05-22T09:19:37.241Z INFO  benchmark_client] Sending sample transaction 620
[2026-05-22T09:19:37.291Z INFO  benchmark_client] Sending sample transaction 621
[2026-05-22T09:19:37.341Z INFO  benchmark_client] Sending sample transaction 622
[2026-05-22T09:19:37.395Z INFO  benchmark_client] Sending sample transaction 623
[2026-05-22T09:19:37.443Z INFO  benchmark_client] Sending sample transaction 624
[2026-05-22T09:19:37.491Z INFO  benchmark_client] Sending sample transaction 625
[2026-05-22T09:19:37.542Z INFO  benchmark_client] Sending sample transaction 626
[2026-05-22T09:19:37.591Z INFO  benchmark_client] Sending sample transaction 627
[2026-05-22T09:19:37.641Z INFO  benchmark_client] Sending sample transaction 628
[2026-05-22T09:19:37.691Z INFO  benchmark_client] Sending sample transaction 629
[2026-05-22T09:19:37.741Z INFO  benchmark_client] Sending sample transaction 630
[2026-05-22T09:19:37.791Z INFO  benchmark_client] Sending sample transaction 631
[2026-05-22T09:19:37.841Z INFO  benchmark_client] Sending sample transaction 632
[2026-05-22T09:19:37.895Z INFO  benchmark_client] Sending sample transaction 633
[2026-05-22T09:19:37.941Z INFO  benchmark_client] Sending sample transaction 634
[2026-05-22T09:19:37.991Z INFO  benchmark_client] Sending sample transaction 635
[2026-05-22T09:19:38.042Z INFO  benchmark_client] Sending sample transaction 636
[2026-05-22T09:19:38.091Z INFO  benchmark_client] Sending sample transaction 637
[2026-05-22T09:19:38.142Z INFO  benchmark_client] Sending sample transaction 638
[2026-05-22T09:19:38.191Z INFO  benchmark_client] Sending sample transaction 639
[2026-05-22T09:19:38.244Z INFO  benchmark_client] Sending sample transaction 640
[2026-05-22T09:19:38.293Z INFO  benchmark_client] Sending sample transaction 641
[2026-05-22T09:19:38.342Z INFO  benchmark_client] Sending sample transaction 642
[2026-05-22T09:19:38.390Z INFO  benchmark_client] Sending sample transaction 643
[2026-05-22T09:19:38.443Z INFO  benchmark_client] Sending sample transaction 644
[2026-05-22T09:19:38.493Z INFO  benchmark_client] Sending sample transaction 645
[2026-05-22T09:19:38.541Z INFO  benchmark_client] Sending sample transaction 646
[2026-05-22T09:19:38.592Z INFO  benchmark_client] Sending sample transaction 647
[2026-05-22T09:19:38.642Z INFO  benchmark_client] Sending sample transaction 648
[2026-05-22T09:19:38.691Z INFO  benchmark_client] Sending sample transaction 649
[2026-05-22T09:19:38.742Z INFO  benchmark_client] Sending sample transaction 650
[2026-05-22T09:19:38.791Z INFO  benchmark_client] Sending sample transaction 651
[2026-05-22T09:19:38.843Z INFO  benchmark_client] Sending sample transaction 652
[2026-05-22T09:19:38.891Z INFO  benchmark_client] Sending sample transaction 653
[2026-05-22T09:19:38.941Z INFO  benchmark_client] Sending sample transaction 654
[2026-05-22T09:19:38.991Z INFO  benchmark_client] Sending sample transaction 655
[2026-05-22T09:19:39.040Z INFO  benchmark_client] Sending sample transaction 656
[2026-05-22T09:19:39.091Z INFO  benchmark_client] Sending sample transaction 657
[2026-05-22T09:19:39.141Z INFO  benchmark_client] Sending sample transaction 658
[2026-05-22T09:19:39.192Z INFO  benchmark_client] Sending sample transaction 659
[2026-05-22T09:19:39.241Z INFO  benchmark_client] Sending sample transaction 660
[2026-05-22T09:19:39.291Z INFO  benchmark_client] Sending sample transaction 661
[2026-05-22T09:19:39.343Z INFO  benchmark_client] Sending sample transaction 662
[2026-05-22T09:19:39.391Z INFO  benchmark_client] Sending sample transaction 663
[2026-05-22T09:19:39.441Z INFO  benchmark_client] Sending sample transaction 664
[2026-05-22T09:19:39.491Z INFO  benchmark_client] Sending sample transaction 665
[2026-05-22T09:19:39.543Z INFO  benchmark_client] Sending sample transaction 666
[2026-05-22T09:19:39.591Z INFO  benchmark_client] Sending sample transaction 667
[2026-05-22T09:19:39.641Z INFO  benchmark_client] Sending sample transaction 668
[2026-05-22T09:19:39.694Z INFO  benchmark_client] Sending sample transaction 669
[2026-05-22T09:19:39.741Z INFO  benchmark_client] Sending sample transaction 670
[2026-05-22T09:19:39.792Z INFO  benchmark_client] Sending sample transaction 671
[2026-05-22T09:19:39.843Z INFO  benchmark_client] Sending sample transaction 672
[2026-05-22T09:19:39.893Z INFO  benchmark_client] Sending sample transaction 673
[2026-05-22T09:19:39.941Z INFO  benchmark_client] Sending sample transaction 674
[2026-05-22T09:19:39.991Z INFO  benchmark_client] Sending sample transaction 675
[2026-05-22T09:19:40.041Z INFO  benchmark_client] Sending sample transaction 676
[2026-05-22T09:19:40.094Z INFO  benchmark_client] Sending sample transaction 677
[2026-05-22T09:19:40.141Z INFO  benchmark_client] Sending sample transaction 678
[2026-05-22T09:19:40.190Z INFO  benchmark_client] Sending sample transaction 679
[2026-05-22T09:19:40.246Z INFO  benchmark_client] Sending sample transaction 680
[2026-05-22T09:19:40.291Z INFO  benchmark_client] Sending sample transaction 681
[2026-05-22T09:19:40.341Z INFO  benchmark_client] Sending sample transaction 682
[2026-05-22T09:19:40.390Z INFO  benchmark_client] Sending sample transaction 683
[2026-05-22T09:19:40.441Z INFO  benchmark_client] Sending sample transaction 684
[2026-05-22T09:19:40.491Z INFO  benchmark_client] Sending sample transaction 685
[2026-05-22T09:19:40.541Z INFO  benchmark_client] Sending sample transaction 686
[2026-05-22T09:19:40.594Z INFO  benchmark_client] Sending sample transaction 687
[2026-05-22T09:19:40.641Z INFO  benchmark_client] Sending sample transaction 688
[2026-05-22T09:19:40.691Z INFO  benchmark_client] Sending sample transaction 689
[2026-05-22T09:19:40.741Z INFO  benchmark_client] Sending sample transaction 690
[2026-05-22T09:19:40.792Z INFO  benchmark_client] Sending sample transaction 691
[2026-05-22T09:19:40.841Z INFO  benchmark_client] Sending sample transaction 692
[2026-05-22T09:19:40.891Z INFO  benchmark_client] Sending sample transaction 693
[2026-05-22T09:19:40.941Z INFO  benchmark_client] Sending sample transaction 694
[2026-05-22T09:19:40.992Z INFO  benchmark_client] Sending sample transaction 695
[2026-05-22T09:19:41.041Z INFO  benchmark_client] Sending sample transaction 696
[2026-05-22T09:19:41.092Z INFO  benchmark_client] Sending sample transaction 697
[2026-05-22T09:19:41.142Z INFO  benchmark_client] Sending sample transaction 698
[2026-05-22T09:19:41.191Z INFO  benchmark_client] Sending sample transaction 699
[2026-05-22T09:19:41.241Z INFO  benchmark_client] Sending sample transaction 700
[2026-05-22T09:19:41.291Z INFO  benchmark_client] Sending sample transaction 701
[2026-05-22T09:19:41.341Z INFO  benchmark_client] Sending sample transaction 702
[2026-05-22T09:19:41.391Z INFO  benchmark_client] Sending sample transaction 703
[2026-05-22T09:19:41.441Z INFO  benchmark_client] Sending sample transaction 704
[2026-05-22T09:19:41.491Z INFO  benchmark_client] Sending sample transaction 705
[2026-05-22T09:19:41.541Z INFO  benchmark_client] Sending sample transaction 706
[2026-05-22T09:19:41.591Z INFO  benchmark_client] Sending sample transaction 707
[2026-05-22T09:19:41.641Z INFO  benchmark_client] Sending sample transaction 708
[2026-05-22T09:19:41.691Z INFO  benchmark_client] Sending sample transaction 709
[2026-05-22T09:19:41.741Z INFO  benchmark_client] Sending sample transaction 710
[2026-05-22T09:19:41.793Z INFO  benchmark_client] Sending sample transaction 711
[2026-05-22T09:19:41.841Z INFO  benchmark_client] Sending sample transaction 712
[2026-05-22T09:19:41.893Z INFO  benchmark_client] Sending sample transaction 713
[2026-05-22T09:19:41.941Z INFO  benchmark_client] Sending sample transaction 714
[2026-05-22T09:19:41.992Z INFO  benchmark_client] Sending sample transaction 715
[2026-05-22T09:19:42.041Z INFO  benchmark_client] Sending sample transaction 716
[2026-05-22T09:19:42.091Z INFO  benchmark_client] Sending sample transaction 717
[2026-05-22T09:19:42.143Z INFO  benchmark_client] Sending sample transaction 718
[2026-05-22T09:19:42.194Z INFO  benchmark_client] Sending sample transaction 719
[2026-05-22T09:19:42.243Z INFO  benchmark_client] Sending sample transaction 720
[2026-05-22T09:19:42.293Z INFO  benchmark_client] Sending sample transaction 721
[2026-05-22T09:19:42.341Z INFO  benchmark_client] Sending sample transaction 722
[2026-05-22T09:19:42.391Z INFO  benchmark_client] Sending sample transaction 723
[2026-05-22T09:19:42.441Z INFO  benchmark_client] Sending sample transaction 724
[2026-05-22T09:19:42.491Z INFO  benchmark_client] Sending sample transaction 725
[2026-05-22T09:19:42.544Z INFO  benchmark_client] Sending sample transaction 726
[2026-05-22T09:19:42.591Z INFO  benchmark_client] Sending sample transaction 727
[2026-05-22T09:19:42.643Z INFO  benchmark_client] Sending sample transaction 728
[2026-05-22T09:19:42.691Z INFO  benchmark_client] Sending sample transaction 729
[2026-05-22T09:19:42.744Z INFO  benchmark_client] Sending sample transaction 730
[2026-05-22T09:19:42.790Z INFO  benchmark_client] Sending sample transaction 731
[2026-05-22T09:19:42.841Z INFO  benchmark_client] Sending sample transaction 732
[2026-05-22T09:19:42.893Z INFO  benchmark_client] Sending sample transaction 733
[2026-05-22T09:19:42.941Z INFO  benchmark_client] Sending sample transaction 734
[2026-05-22T09:19:42.991Z INFO  benchmark_client] Sending sample transaction 735
[2026-05-22T09:19:43.041Z INFO  benchmark_client] Sending sample transaction 736
[2026-05-22T09:19:43.093Z INFO  benchmark_client] Sending sample transaction 737
[2026-05-22T09:19:43.141Z INFO  benchmark_client] Sending sample transaction 738
[2026-05-22T09:19:43.191Z INFO  benchmark_client] Sending sample transaction 739
[2026-05-22T09:19:43.241Z INFO  benchmark_client] Sending sample transaction 740
[2026-05-22T09:19:43.291Z INFO  benchmark_client] Sending sample transaction 741
[2026-05-22T09:19:43.341Z INFO  benchmark_client] Sending sample transaction 742
[2026-05-22T09:19:43.393Z INFO  benchmark_client] Sending sample transaction 743
[2026-05-22T09:19:43.442Z INFO  benchmark_client] Sending sample transaction 744
[2026-05-22T09:19:43.490Z INFO  benchmark_client] Sending sample transaction 745
[2026-05-22T09:19:43.542Z INFO  benchmark_client] Sending sample transaction 746
[2026-05-22T09:19:43.593Z INFO  benchmark_client] Sending sample transaction 747
[2026-05-22T09:19:43.642Z INFO  benchmark_client] Sending sample transaction 748
[2026-05-22T09:19:43.693Z INFO  benchmark_client] Sending sample transaction 749
[2026-05-22T09:19:43.741Z INFO  benchmark_client] Sending sample transaction 750
[2026-05-22T09:19:43.791Z INFO  benchmark_client] Sending sample transaction 751
[2026-05-22T09:19:43.841Z INFO  benchmark_client] Sending sample transaction 752
[2026-05-22T09:19:43.891Z INFO  benchmark_client] Sending sample transaction 753
[2026-05-22T09:19:43.941Z INFO  benchmark_client] Sending sample transaction 754
[2026-05-22T09:19:43.991Z INFO  benchmark_client] Sending sample transaction 755
[2026-05-22T09:19:44.045Z INFO  benchmark_client] Sending sample transaction 756
[2026-05-22T09:19:44.093Z INFO  benchmark_client] Sending sample transaction 757
[2026-05-22T09:19:44.146Z INFO  benchmark_client] Sending sample transaction 758
[2026-05-22T09:19:44.192Z INFO  benchmark_client] Sending sample transaction 759
[2026-05-22T09:19:44.241Z INFO  benchmark_client] Sending sample transaction 760
[2026-05-22T09:19:44.293Z INFO  benchmark_client] Sending sample transaction 761
[2026-05-22T09:19:44.341Z INFO  benchmark_client] Sending sample transaction 762
[2026-05-22T09:19:44.393Z INFO  benchmark_client] Sending sample transaction 763
[2026-05-22T09:19:44.441Z INFO  benchmark_client] Sending sample transaction 764
[2026-05-22T09:19:44.491Z INFO  benchmark_client] Sending sample transaction 765
[2026-05-22T09:19:44.544Z INFO  benchmark_client] Sending sample transaction 766
[2026-05-22T09:19:44.591Z INFO  benchmark_client] Sending sample transaction 767
[2026-05-22T09:19:44.642Z INFO  benchmark_client] Sending sample transaction 768
[2026-05-22T09:19:44.692Z INFO  benchmark_client] Sending sample transaction 769
[2026-05-22T09:19:44.741Z INFO  benchmark_client] Sending sample transaction 770
[2026-05-22T09:19:44.793Z INFO  benchmark_client] Sending sample transaction 771
[2026-05-22T09:19:44.841Z INFO  benchmark_client] Sending sample transaction 772
[2026-05-22T09:19:44.891Z INFO  benchmark_client] Sending sample transaction 773
[2026-05-22T09:19:44.941Z INFO  benchmark_client] Sending sample transaction 774
[2026-05-22T09:19:44.993Z INFO  benchmark_client] Sending sample transaction 775
[2026-05-22T09:19:45.041Z INFO  benchmark_client] Sending sample transaction 776
[2026-05-22T09:19:45.091Z INFO  benchmark_client] Sending sample transaction 777
[2026-05-22T09:19:45.141Z INFO  benchmark_client] Sending sample transaction 778
[2026-05-22T09:19:45.191Z INFO  benchmark_client] Sending sample transaction 779
[2026-05-22T09:19:45.244Z INFO  benchmark_client] Sending sample transaction 780
[2026-05-22T09:19:45.292Z INFO  benchmark_client] Sending sample transaction 781
[2026-05-22T09:19:45.343Z INFO  benchmark_client] Sending sample transaction 782
[2026-05-22T09:19:45.395Z INFO  benchmark_client] Sending sample transaction 783
[2026-05-22T09:19:45.441Z INFO  benchmark_client] Sending sample transaction 784
[2026-05-22T09:19:45.491Z INFO  benchmark_client] Sending sample transaction 785
[2026-05-22T09:19:45.541Z INFO  benchmark_client] Sending sample transaction 786
[2026-05-22T09:19:45.591Z INFO  benchmark_client] Sending sample transaction 787
[2026-05-22T09:19:45.641Z INFO  benchmark_client] Sending sample transaction 788
[2026-05-22T09:19:45.691Z INFO  benchmark_client] Sending sample transaction 789
[2026-05-22T09:19:45.742Z INFO  benchmark_client] Sending sample transaction 790
[2026-05-22T09:19:45.792Z INFO  benchmark_client] Sending sample transaction 791
[2026-05-22T09:19:45.841Z INFO  benchmark_client] Sending sample transaction 792
[2026-05-22T09:19:45.891Z INFO  benchmark_client] Sending sample transaction 793
[2026-05-22T09:19:45.942Z INFO  benchmark_client] Sending sample transaction 794
[2026-05-22T09:19:45.991Z INFO  benchmark_client] Sending sample transaction 795
[2026-05-22T09:19:46.042Z INFO  benchmark_client] Sending sample transaction 796
[2026-05-22T09:19:46.092Z INFO  benchmark_client] Sending sample transaction 797
[2026-05-22T09:19:46.141Z INFO  benchmark_client] Sending sample transaction 798
[2026-05-22T09:19:46.192Z INFO  benchmark_client] Sending sample transaction 799
[2026-05-22T09:19:46.241Z INFO  benchmark_client] Sending sample transaction 800
[2026-05-22T09:19:46.291Z INFO  benchmark_client] Sending sample transaction 801
[2026-05-22T09:19:46.342Z INFO  benchmark_client] Sending sample transaction 802
[2026-05-22T09:19:46.391Z INFO  benchmark_client] Sending sample transaction 803
[2026-05-22T09:19:46.441Z INFO  benchmark_client] Sending sample transaction 804
[2026-05-22T09:19:46.492Z INFO  benchmark_client] Sending sample transaction 805
[2026-05-22T09:19:46.542Z INFO  benchmark_client] Sending sample transaction 806
[2026-05-22T09:19:46.591Z INFO  benchmark_client] Sending sample transaction 807
[2026-05-22T09:19:46.642Z INFO  benchmark_client] Sending sample transaction 808
[2026-05-22T09:19:46.695Z INFO  benchmark_client] Sending sample transaction 809
[2026-05-22T09:19:46.741Z INFO  benchmark_client] Sending sample transaction 810
[2026-05-22T09:19:46.791Z INFO  benchmark_client] Sending sample transaction 811
[2026-05-22T09:19:46.842Z INFO  benchmark_client] Sending sample transaction 812
[2026-05-22T09:19:46.891Z INFO  benchmark_client] Sending sample transaction 813
[2026-05-22T09:19:46.941Z INFO  benchmark_client] Sending sample transaction 814
[2026-05-22T09:19:46.991Z INFO  benchmark_client] Sending sample transaction 815
[2026-05-22T09:19:47.042Z INFO  benchmark_client] Sending sample transaction 816
[2026-05-22T09:19:47.094Z INFO  benchmark_client] Sending sample transaction 817
[2026-05-22T09:19:47.142Z INFO  benchmark_client] Sending sample transaction 818
[2026-05-22T09:19:47.192Z INFO  benchmark_client] Sending sample transaction 819
[2026-05-22T09:19:47.241Z INFO  benchmark_client] Sending sample transaction 820
[2026-05-22T09:19:47.292Z INFO  benchmark_client] Sending sample transaction 821
[2026-05-22T09:19:47.341Z INFO  benchmark_client] Sending sample transaction 822
[2026-05-22T09:19:47.391Z INFO  benchmark_client] Sending sample transaction 823
[2026-05-22T09:19:47.442Z INFO  benchmark_client] Sending sample transaction 824
[2026-05-22T09:19:47.491Z INFO  benchmark_client] Sending sample transaction 825
[2026-05-22T09:19:47.541Z INFO  benchmark_client] Sending sample transaction 826
[2026-05-22T09:19:47.593Z INFO  benchmark_client] Sending sample transaction 827
[2026-05-22T09:19:47.641Z INFO  benchmark_client] Sending sample transaction 828
[2026-05-22T09:19:47.691Z INFO  benchmark_client] Sending sample transaction 829
[2026-05-22T09:19:47.741Z INFO  benchmark_client] Sending sample transaction 830
[2026-05-22T09:19:47.794Z INFO  benchmark_client] Sending sample transaction 831
[2026-05-22T09:19:47.841Z INFO  benchmark_client] Sending sample transaction 832
[2026-05-22T09:19:47.893Z INFO  benchmark_client] Sending sample transaction 833
[2026-05-22T09:19:47.942Z INFO  benchmark_client] Sending sample transaction 834
[2026-05-22T09:19:47.991Z INFO  benchmark_client] Sending sample transaction 835
[2026-05-22T09:19:48.044Z INFO  benchmark_client] Sending sample transaction 836
[2026-05-22T09:19:48.093Z INFO  benchmark_client] Sending sample transaction 837
[2026-05-22T09:19:48.141Z INFO  benchmark_client] Sending sample transaction 838
[2026-05-22T09:19:48.193Z INFO  benchmark_client] Sending sample transaction 839
[2026-05-22T09:19:48.241Z INFO  benchmark_client] Sending sample transaction 840
[2026-05-22T09:19:48.291Z INFO  benchmark_client] Sending sample transaction 841
[2026-05-22T09:19:48.341Z INFO  benchmark_client] Sending sample transaction 842
[2026-05-22T09:19:48.391Z INFO  benchmark_client] Sending sample transaction 843
[2026-05-22T09:19:48.441Z INFO  benchmark_client] Sending sample transaction 844
[2026-05-22T09:19:48.493Z INFO  benchmark_client] Sending sample transaction 845
[2026-05-22T09:19:48.541Z INFO  benchmark_client] Sending sample transaction 846
[2026-05-22T09:19:48.593Z INFO  benchmark_client] Sending sample transaction 847
[2026-05-22T09:19:48.641Z INFO  benchmark_client] Sending sample transaction 848
[2026-05-22T09:19:48.691Z INFO  benchmark_client] Sending sample transaction 849
[2026-05-22T09:19:48.741Z INFO  benchmark_client] Sending sample transaction 850
[2026-05-22T09:19:48.791Z INFO  benchmark_client] Sending sample transaction 851
[2026-05-22T09:19:48.841Z INFO  benchmark_client] Sending sample transaction 852
[2026-05-22T09:19:48.893Z INFO  benchmark_client] Sending sample transaction 853
[2026-05-22T09:19:48.941Z INFO  benchmark_client] Sending sample transaction 854
[2026-05-22T09:19:48.991Z INFO  benchmark_client] Sending sample transaction 855
[2026-05-22T09:19:49.041Z INFO  benchmark_client] Sending sample transaction 856
[2026-05-22T09:19:49.091Z INFO  benchmark_client] Sending sample transaction 857
[2026-05-22T09:19:49.142Z INFO  benchmark_client] Sending sample transaction 858
[2026-05-22T09:19:49.191Z INFO  benchmark_client] Sending sample transaction 859
[2026-05-22T09:19:49.243Z INFO  benchmark_client] Sending sample transaction 860
[2026-05-22T09:19:49.292Z INFO  benchmark_client] Sending sample transaction 861
[2026-05-22T09:19:49.342Z INFO  benchmark_client] Sending sample transaction 862
[2026-05-22T09:19:49.392Z INFO  benchmark_client] Sending sample transaction 863
[2026-05-22T09:19:49.441Z INFO  benchmark_client] Sending sample transaction 864
[2026-05-22T09:19:49.492Z INFO  benchmark_client] Sending sample transaction 865
[2026-05-22T09:19:49.541Z INFO  benchmark_client] Sending sample transaction 866
[2026-05-22T09:19:49.590Z INFO  benchmark_client] Sending sample transaction 867
[2026-05-22T09:19:49.640Z INFO  benchmark_client] Sending sample transaction 868
[2026-05-22T09:19:49.691Z INFO  benchmark_client] Sending sample transaction 869
[2026-05-22T09:19:49.743Z INFO  benchmark_client] Sending sample transaction 870
[2026-05-22T09:19:49.791Z INFO  benchmark_client] Sending sample transaction 871
[2026-05-22T09:19:49.841Z INFO  benchmark_client] Sending sample transaction 872
[2026-05-22T09:19:49.891Z INFO  benchmark_client] Sending sample transaction 873
[2026-05-22T09:19:49.941Z INFO  benchmark_client] Sending sample transaction 874
[2026-05-22T09:19:49.993Z INFO  benchmark_client] Sending sample transaction 875
[2026-05-22T09:19:50.042Z INFO  benchmark_client] Sending sample transaction 876
[2026-05-22T09:19:50.091Z INFO  benchmark_client] Sending sample transaction 877
[2026-05-22T09:19:50.141Z INFO  benchmark_client] Sending sample transaction 878
[2026-05-22T09:19:50.193Z INFO  benchmark_client] Sending sample transaction 879
[2026-05-22T09:19:50.241Z INFO  benchmark_client] Sending sample transaction 880
[2026-05-22T09:19:50.292Z INFO  benchmark_client] Sending sample transaction 881
[2026-05-22T09:19:50.341Z INFO  benchmark_client] Sending sample transaction 882
[2026-05-22T09:19:50.391Z INFO  benchmark_client] Sending sample transaction 883
[2026-05-22T09:19:50.441Z INFO  benchmark_client] Sending sample transaction 884
[2026-05-22T09:19:50.491Z INFO  benchmark_client] Sending sample transaction 885
[2026-05-22T09:19:50.543Z INFO  benchmark_client] Sending sample transaction 886
[2026-05-22T09:19:50.591Z INFO  benchmark_client] Sending sample transaction 887
[2026-05-22T09:19:50.644Z INFO  benchmark_client] Sending sample transaction 888
[2026-05-22T09:19:50.691Z INFO  benchmark_client] Sending sample transaction 889
[2026-05-22T09:19:50.742Z INFO  benchmark_client] Sending sample transaction 890
[2026-05-22T09:19:50.791Z INFO  benchmark_client] Sending sample transaction 891
[2026-05-22T09:19:50.841Z INFO  benchmark_client] Sending sample transaction 892
[2026-05-22T09:19:50.891Z INFO  benchmark_client] Sending sample transaction 893
