[2026-05-22T09:19:05.718Z INFO  benchmark_client] Node address: 34.81.27.135:5038
[2026-05-22T09:19:05.718Z INFO  benchmark_client] Transactions size: 512 B
[2026-05-22T09:19:05.718Z INFO  benchmark_client] Transactions rate: 23334 tx/s
[2026-05-22T09:19:05.718Z INFO  benchmark_client] Waiting for all nodes to be online...
[2026-05-22T09:19:05.986Z INFO  benchmark_client] Start sending transactions
[2026-05-22T09:19:05.987Z INFO  benchmark_client] Sending sample transaction 0
[2026-05-22T09:19:06.038Z INFO  benchmark_client] Sending sample transaction 1
[2026-05-22T09:19:06.088Z INFO  benchmark_client] Sending sample transaction 2
[2026-05-22T09:19:06.138Z INFO  benchmark_client] Sending sample transaction 3
[2026-05-22T09:19:06.187Z INFO  benchmark_client] Sending sample transaction 4
[2026-05-22T09:19:06.238Z INFO  benchmark_client] Sending sample transaction 5
[2026-05-22T09:19:06.288Z INFO  benchmark_client] Sending sample transaction 6
[2026-05-22T09:19:06.337Z INFO  benchmark_client] Sending sample transaction 7
[2026-05-22T09:19:06.388Z INFO  benchmark_client] Sending sample transaction 8
[2026-05-22T09:19:06.437Z INFO  benchmark_client] Sending sample transaction 9
[2026-05-22T09:19:06.488Z INFO  benchmark_client] Sending sample transaction 10
[2026-05-22T09:19:06.537Z INFO  benchmark_client] Sending sample transaction 11
[2026-05-22T09:19:06.588Z INFO  benchmark_client] Sending sample transaction 12
[2026-05-22T09:19:06.638Z INFO  benchmark_client] Sending sample transaction 13
[2026-05-22T09:19:06.687Z INFO  benchmark_client] Sending sample transaction 14
[2026-05-22T09:19:06.738Z INFO  benchmark_client] Sending sample transaction 15
[2026-05-22T09:19:06.788Z INFO  benchmark_client] Sending sample transaction 16
[2026-05-22T09:19:06.838Z INFO  benchmark_client] Sending sample transaction 17
[2026-05-22T09:19:06.888Z INFO  benchmark_client] Sending sample transaction 18
[2026-05-22T09:19:06.937Z INFO  benchmark_client] Sending sample transaction 19
[2026-05-22T09:19:06.988Z INFO  benchmark_client] Sending sample transaction 20
[2026-05-22T09:19:07.038Z INFO  benchmark_client] Sending sample transaction 21
[2026-05-22T09:19:07.087Z INFO  benchmark_client] Sending sample transaction 22
[2026-05-22T09:19:07.138Z INFO  benchmark_client] Sending sample transaction 23
[2026-05-22T09:19:07.188Z INFO  benchmark_client] Sending sample transaction 24
[2026-05-22T09:19:07.237Z INFO  benchmark_client] Sending sample transaction 25
[2026-05-22T09:19:07.288Z INFO  benchmark_client] Sending sample transaction 26
[2026-05-22T09:19:07.338Z INFO  benchmark_client] Sending sample transaction 27
[2026-05-22T09:19:07.388Z INFO  benchmark_client] Sending sample transaction 28
[2026-05-22T09:19:07.438Z INFO  benchmark_client] Sending sample transaction 29
[2026-05-22T09:19:07.487Z INFO  benchmark_client] Sending sample transaction 30
[2026-05-22T09:19:07.537Z INFO  benchmark_client] Sending sample transaction 31
[2026-05-22T09:19:07.588Z INFO  benchmark_client] Sending sample transaction 32
[2026-05-22T09:19:07.638Z INFO  benchmark_client] Sending sample transaction 33
[2026-05-22T09:19:07.688Z INFO  benchmark_client] Sending sample transaction 34
[2026-05-22T09:19:07.737Z INFO  benchmark_client] Sending sample transaction 35
[2026-05-22T09:19:07.788Z INFO  benchmark_client] Sending sample transaction 36
[2026-05-22T09:19:07.838Z INFO  benchmark_client] Sending sample transaction 37
[2026-05-22T09:19:07.887Z INFO  benchmark_client] Sending sample transaction 38
[2026-05-22T09:19:07.937Z INFO  benchmark_client] Sending sample transaction 39
[2026-05-22T09:19:07.988Z INFO  benchmark_client] Sending sample transaction 40
[2026-05-22T09:19:08.037Z INFO  benchmark_client] Sending sample transaction 41
[2026-05-22T09:19:08.087Z INFO  benchmark_client] Sending sample transaction 42
[2026-05-22T09:19:08.137Z INFO  benchmark_client] Sending sample transaction 43
[2026-05-22T09:19:08.187Z INFO  benchmark_client] Sending sample transaction 44
[2026-05-22T09:19:08.240Z INFO  benchmark_client] Sending sample transaction 45
[2026-05-22T09:19:08.288Z INFO  benchmark_client] Sending sample transaction 46
[2026-05-22T09:19:08.340Z INFO  benchmark_client] Sending sample transaction 47
[2026-05-22T09:19:08.388Z INFO  benchmark_client] Sending sample transaction 48
[2026-05-22T09:19:08.437Z INFO  benchmark_client] Sending sample transaction 49
[2026-05-22T09:19:08.490Z INFO  benchmark_client] Sending sample transaction 50
[2026-05-22T09:19:08.538Z INFO  benchmark_client] Sending sample transaction 51
[2026-05-22T09:19:08.587Z INFO  benchmark_client] Sending sample transaction 52
[2026-05-22T09:19:08.638Z INFO  benchmark_client] Sending sample transaction 53
[2026-05-22T09:19:08.687Z INFO  benchmark_client] Sending sample transaction 54
[2026-05-22T09:19:08.738Z INFO  benchmark_client] Sending sample transaction 55
[2026-05-22T09:19:08.788Z INFO  benchmark_client] Sending sample transaction 56
[2026-05-22T09:19:08.838Z INFO  benchmark_client] Sending sample transaction 57
[2026-05-22T09:19:08.887Z INFO  benchmark_client] Sending sample transaction 58
[2026-05-22T09:19:08.938Z INFO  benchmark_client] Sending sample transaction 59
[2026-05-22T09:19:08.988Z INFO  benchmark_client] Sending sample transaction 60
[2026-05-22T09:19:09.038Z INFO  benchmark_client] Sending sample transaction 61
[2026-05-22T09:19:09.090Z INFO  benchmark_client] Sending sample transaction 62
[2026-05-22T09:19:09.138Z INFO  benchmark_client] Sending sample transaction 63
[2026-05-22T09:19:09.188Z INFO  benchmark_client] Sending sample transaction 64
[2026-05-22T09:19:09.238Z INFO  benchmark_client] Sending sample transaction 65
[2026-05-22T09:19:09.289Z INFO  benchmark_client] Sending sample transaction 66
[2026-05-22T09:19:09.338Z INFO  benchmark_client] Sending sample transaction 67
[2026-05-22T09:19:09.388Z INFO  benchmark_client] Sending sample transaction 68
[2026-05-22T09:19:09.438Z INFO  benchmark_client] Sending sample transaction 69
[2026-05-22T09:19:09.488Z INFO  benchmark_client] Sending sample transaction 70
[2026-05-22T09:19:09.538Z INFO  benchmark_client] Sending sample transaction 71
[2026-05-22T09:19:09.590Z INFO  benchmark_client] Sending sample transaction 72
[2026-05-22T09:19:09.638Z INFO  benchmark_client] Sending sample transaction 73
[2026-05-22T09:19:09.688Z INFO  benchmark_client] Sending sample transaction 74
[2026-05-22T09:19:09.738Z INFO  benchmark_client] Sending sample transaction 75
[2026-05-22T09:19:09.788Z INFO  benchmark_client] Sending sample transaction 76
[2026-05-22T09:19:09.838Z INFO  benchmark_client] Sending sample transaction 77
[2026-05-22T09:19:09.888Z INFO  benchmark_client] Sending sample transaction 78
[2026-05-22T09:19:09.937Z INFO  benchmark_client] Sending sample transaction 79
[2026-05-22T09:19:09.987Z INFO  benchmark_client] Sending sample transaction 80
[2026-05-22T09:19:10.038Z INFO  benchmark_client] Sending sample transaction 81
[2026-05-22T09:19:10.087Z INFO  benchmark_client] Sending sample transaction 82
[2026-05-22T09:19:10.138Z INFO  benchmark_client] Sending sample transaction 83
[2026-05-22T09:19:10.188Z INFO  benchmark_client] Sending sample transaction 84
[2026-05-22T09:19:10.238Z INFO  benchmark_client] Sending sample transaction 85
[2026-05-22T09:19:10.288Z INFO  benchmark_client] Sending sample transaction 86
[2026-05-22T09:19:10.338Z INFO  benchmark_client] Sending sample transaction 87
[2026-05-22T09:19:10.389Z INFO  benchmark_client] Sending sample transaction 88
[2026-05-22T09:19:10.439Z INFO  benchmark_client] Sending sample transaction 89
[2026-05-22T09:19:10.488Z INFO  benchmark_client] Sending sample transaction 90
[2026-05-22T09:19:10.539Z INFO  benchmark_client] Sending sample transaction 91
[2026-05-22T09:19:10.589Z INFO  benchmark_client] Sending sample transaction 92
[2026-05-22T09:19:10.637Z INFO  benchmark_client] Sending sample transaction 93
[2026-05-22T09:19:10.687Z INFO  benchmark_client] Sending sample transaction 94
[2026-05-22T09:19:10.740Z INFO  benchmark_client] Sending sample transaction 95
[2026-05-22T09:19:10.788Z INFO  benchmark_client] Sending sample transaction 96
[2026-05-22T09:19:10.838Z INFO  benchmark_client] Sending sample transaction 97
[2026-05-22T09:19:10.888Z INFO  benchmark_client] Sending sample transaction 98
[2026-05-22T09:19:10.939Z INFO  benchmark_client] Sending sample transaction 99
[2026-05-22T09:19:10.988Z INFO  benchmark_client] Sending sample transaction 100
[2026-05-22T09:19:11.039Z INFO  benchmark_client] Sending sample transaction 101
[2026-05-22T09:19:11.089Z INFO  benchmark_client] Sending sample transaction 102
[2026-05-22T09:19:11.141Z INFO  benchmark_client] Sending sample transaction 103
[2026-05-22T09:19:11.188Z INFO  benchmark_client] Sending sample transaction 104
[2026-05-22T09:19:11.237Z INFO  benchmark_client] Sending sample transaction 105
[2026-05-22T09:19:11.290Z INFO  benchmark_client] Sending sample transaction 106
[2026-05-22T09:19:11.338Z INFO  benchmark_client] Sending sample transaction 107
[2026-05-22T09:19:11.388Z INFO  benchmark_client] Sending sample transaction 108
[2026-05-22T09:19:11.438Z INFO  benchmark_client] Sending sample transaction 109
[2026-05-22T09:19:11.487Z INFO  benchmark_client] Sending sample transaction 110
[2026-05-22T09:19:11.541Z INFO  benchmark_client] Sending sample transaction 111
[2026-05-22T09:19:11.588Z INFO  benchmark_client] Sending sample transaction 112
[2026-05-22T09:19:11.638Z INFO  benchmark_client] Sending sample transaction 113
[2026-05-22T09:19:11.688Z INFO  benchmark_client] Sending sample transaction 114
[2026-05-22T09:19:11.738Z INFO  benchmark_client] Sending sample transaction 115
[2026-05-22T09:19:11.787Z INFO  benchmark_client] Sending sample transaction 116
[2026-05-22T09:19:11.837Z INFO  benchmark_client] Sending sample transaction 117
[2026-05-22T09:19:11.892Z INFO  benchmark_client] Sending sample transaction 118
[2026-05-22T09:19:11.938Z INFO  benchmark_client] Sending sample transaction 119
[2026-05-22T09:19:11.988Z INFO  benchmark_client] Sending sample transaction 120
[2026-05-22T09:19:12.039Z INFO  benchmark_client] Sending sample transaction 121
[2026-05-22T09:19:12.088Z INFO  benchmark_client] Sending sample transaction 122
[2026-05-22T09:19:12.139Z INFO  benchmark_client] Sending sample transaction 123
[2026-05-22T09:19:12.188Z INFO  benchmark_client] Sending sample transaction 124
[2026-05-22T09:19:12.238Z INFO  benchmark_client] Sending sample transaction 125
[2026-05-22T09:19:12.288Z INFO  benchmark_client] Sending sample transaction 126
[2026-05-22T09:19:12.338Z INFO  benchmark_client] Sending sample transaction 127
[2026-05-22T09:19:12.388Z INFO  benchmark_client] Sending sample transaction 128
[2026-05-22T09:19:12.438Z INFO  benchmark_client] Sending sample transaction 129
[2026-05-22T09:19:12.490Z INFO  benchmark_client] Sending sample transaction 130
[2026-05-22T09:19:12.538Z INFO  benchmark_client] Sending sample transaction 131
[2026-05-22T09:19:12.587Z INFO  benchmark_client] Sending sample transaction 132
[2026-05-22T09:19:12.638Z INFO  benchmark_client] Sending sample transaction 133
[2026-05-22T09:19:12.688Z INFO  benchmark_client] Sending sample transaction 134
[2026-05-22T09:19:12.740Z INFO  benchmark_client] Sending sample transaction 135
[2026-05-22T09:19:12.788Z INFO  benchmark_client] Sending sample transaction 136
[2026-05-22T09:19:12.838Z INFO  benchmark_client] Sending sample transaction 137
[2026-05-22T09:19:12.889Z INFO  benchmark_client] Sending sample transaction 138
[2026-05-22T09:19:12.938Z INFO  benchmark_client] Sending sample transaction 139
[2026-05-22T09:19:12.987Z INFO  benchmark_client] Sending sample transaction 140
[2026-05-22T09:19:13.038Z INFO  benchmark_client] Sending sample transaction 141
[2026-05-22T09:19:13.087Z INFO  benchmark_client] Sending sample transaction 142
[2026-05-22T09:19:13.138Z INFO  benchmark_client] Sending sample transaction 143
[2026-05-22T09:19:13.188Z INFO  benchmark_client] Sending sample transaction 144
[2026-05-22T09:19:13.238Z INFO  benchmark_client] Sending sample transaction 145
[2026-05-22T09:19:13.290Z INFO  benchmark_client] Sending sample transaction 146
[2026-05-22T09:19:13.338Z INFO  benchmark_client] Sending sample transaction 147
[2026-05-22T09:19:13.390Z INFO  benchmark_client] Sending sample transaction 148
[2026-05-22T09:19:13.438Z INFO  benchmark_client] Sending sample transaction 149
[2026-05-22T09:19:13.489Z INFO  benchmark_client] Sending sample transaction 150
[2026-05-22T09:19:13.541Z INFO  benchmark_client] Sending sample transaction 151
[2026-05-22T09:19:13.589Z INFO  benchmark_client] Sending sample transaction 152
[2026-05-22T09:19:13.640Z INFO  benchmark_client] Sending sample transaction 153
[2026-05-22T09:19:13.690Z INFO  benchmark_client] Sending sample transaction 154
[2026-05-22T09:19:13.738Z INFO  benchmark_client] Sending sample transaction 155
[2026-05-22T09:19:13.788Z INFO  benchmark_client] Sending sample transaction 156
[2026-05-22T09:19:13.838Z INFO  benchmark_client] Sending sample transaction 157
[2026-05-22T09:19:13.891Z INFO  benchmark_client] Sending sample transaction 158
[2026-05-22T09:19:13.940Z INFO  benchmark_client] Sending sample transaction 159
[2026-05-22T09:19:13.988Z INFO  benchmark_client] Sending sample transaction 160
[2026-05-22T09:19:14.038Z INFO  benchmark_client] Sending sample transaction 161
[2026-05-22T09:19:14.088Z INFO  benchmark_client] Sending sample transaction 162
[2026-05-22T09:19:14.138Z INFO  benchmark_client] Sending sample transaction 163
[2026-05-22T09:19:14.188Z INFO  benchmark_client] Sending sample transaction 164
[2026-05-22T09:19:14.238Z INFO  benchmark_client] Sending sample transaction 165
[2026-05-22T09:19:14.288Z INFO  benchmark_client] Sending sample transaction 166
[2026-05-22T09:19:14.338Z INFO  benchmark_client] Sending sample transaction 167
[2026-05-22T09:19:14.388Z INFO  benchmark_client] Sending sample transaction 168
[2026-05-22T09:19:14.438Z INFO  benchmark_client] Sending sample transaction 169
[2026-05-22T09:19:14.491Z INFO  benchmark_client] Sending sample transaction 170
[2026-05-22T09:19:14.538Z INFO  benchmark_client] Sending sample transaction 171
[2026-05-22T09:19:14.588Z INFO  benchmark_client] Sending sample transaction 172
[2026-05-22T09:19:14.638Z INFO  benchmark_client] Sending sample transaction 173
[2026-05-22T09:19:14.688Z INFO  benchmark_client] Sending sample transaction 174
[2026-05-22T09:19:14.738Z INFO  benchmark_client] Sending sample transaction 175
[2026-05-22T09:19:14.788Z INFO  benchmark_client] Sending sample transaction 176
[2026-05-22T09:19:14.839Z INFO  benchmark_client] Sending sample transaction 177
[2026-05-22T09:19:14.888Z INFO  benchmark_client] Sending sample transaction 178
[2026-05-22T09:19:14.938Z INFO  benchmark_client] Sending sample transaction 179
[2026-05-22T09:19:14.988Z INFO  benchmark_client] Sending sample transaction 180
[2026-05-22T09:19:15.040Z INFO  benchmark_client] Sending sample transaction 181
[2026-05-22T09:19:15.088Z INFO  benchmark_client] Sending sample transaction 182
[2026-05-22T09:19:15.139Z INFO  benchmark_client] Sending sample transaction 183
[2026-05-22T09:19:15.188Z INFO  benchmark_client] Sending sample transaction 184
[2026-05-22T09:19:15.238Z INFO  benchmark_client] Sending sample transaction 185
[2026-05-22T09:19:15.288Z INFO  benchmark_client] Sending sample transaction 186
[2026-05-22T09:19:15.340Z INFO  benchmark_client] Sending sample transaction 187
[2026-05-22T09:19:15.388Z INFO  benchmark_client] Sending sample transaction 188
[2026-05-22T09:19:15.437Z INFO  benchmark_client] Sending sample transaction 189
[2026-05-22T09:19:15.488Z INFO  benchmark_client] Sending sample transaction 190
[2026-05-22T09:19:15.538Z INFO  benchmark_client] Sending sample transaction 191
[2026-05-22T09:19:15.589Z INFO  benchmark_client] Sending sample transaction 192
[2026-05-22T09:19:15.638Z INFO  benchmark_client] Sending sample transaction 193
[2026-05-22T09:19:15.688Z INFO  benchmark_client] Sending sample transaction 194
[2026-05-22T09:19:15.738Z INFO  benchmark_client] Sending sample transaction 195
[2026-05-22T09:19:15.788Z INFO  benchmark_client] Sending sample transaction 196
[2026-05-22T09:19:15.839Z INFO  benchmark_client] Sending sample transaction 197
[2026-05-22T09:19:15.890Z INFO  benchmark_client] Sending sample transaction 198
[2026-05-22T09:19:15.938Z INFO  benchmark_client] Sending sample transaction 199
[2026-05-22T09:19:15.988Z INFO  benchmark_client] Sending sample transaction 200
[2026-05-22T09:19:16.038Z INFO  benchmark_client] Sending sample transaction 201
[2026-05-22T09:19:16.090Z INFO  benchmark_client] Sending sample transaction 202
[2026-05-22T09:19:16.139Z INFO  benchmark_client] Sending sample transaction 203
[2026-05-22T09:19:16.188Z INFO  benchmark_client] Sending sample transaction 204
[2026-05-22T09:19:16.238Z INFO  benchmark_client] Sending sample transaction 205
[2026-05-22T09:19:16.288Z INFO  benchmark_client] Sending sample transaction 206
[2026-05-22T09:19:16.337Z INFO  benchmark_client] Sending sample transaction 207
[2026-05-22T09:19:16.388Z INFO  benchmark_client] Sending sample transaction 208
[2026-05-22T09:19:16.438Z INFO  benchmark_client] Sending sample transaction 209
[2026-05-22T09:19:16.491Z INFO  benchmark_client] Sending sample transaction 210
[2026-05-22T09:19:16.540Z INFO  benchmark_client] Sending sample transaction 211
[2026-05-22T09:19:16.588Z INFO  benchmark_client] Sending sample transaction 212
[2026-05-22T09:19:16.641Z INFO  benchmark_client] Sending sample transaction 213
[2026-05-22T09:19:16.690Z INFO  benchmark_client] Sending sample transaction 214
[2026-05-22T09:19:16.740Z INFO  benchmark_client] Sending sample transaction 215
[2026-05-22T09:19:16.788Z INFO  benchmark_client] Sending sample transaction 216
[2026-05-22T09:19:16.841Z INFO  benchmark_client] Sending sample transaction 217
[2026-05-22T09:19:16.888Z INFO  benchmark_client] Sending sample transaction 218
[2026-05-22T09:19:16.940Z INFO  benchmark_client] Sending sample transaction 219
[2026-05-22T09:19:16.990Z INFO  benchmark_client] Sending sample transaction 220
[2026-05-22T09:19:17.038Z INFO  benchmark_client] Sending sample transaction 221
[2026-05-22T09:19:17.088Z INFO  benchmark_client] Sending sample transaction 222
[2026-05-22T09:19:17.138Z INFO  benchmark_client] Sending sample transaction 223
[2026-05-22T09:19:17.188Z INFO  benchmark_client] Sending sample transaction 224
[2026-05-22T09:19:17.238Z INFO  benchmark_client] Sending sample transaction 225
[2026-05-22T09:19:17.289Z INFO  benchmark_client] Sending sample transaction 226
[2026-05-22T09:19:17.338Z INFO  benchmark_client] Sending sample transaction 227
[2026-05-22T09:19:17.388Z INFO  benchmark_client] Sending sample transaction 228
[2026-05-22T09:19:17.438Z INFO  benchmark_client] Sending sample transaction 229
[2026-05-22T09:19:17.488Z INFO  benchmark_client] Sending sample transaction 230
[2026-05-22T09:19:17.538Z INFO  benchmark_client] Sending sample transaction 231
[2026-05-22T09:19:17.588Z INFO  benchmark_client] Sending sample transaction 232
[2026-05-22T09:19:17.640Z INFO  benchmark_client] Sending sample transaction 233
[2026-05-22T09:19:17.690Z INFO  benchmark_client] Sending sample transaction 234
[2026-05-22T09:19:17.738Z INFO  benchmark_client] Sending sample transaction 235
[2026-05-22T09:19:17.788Z INFO  benchmark_client] Sending sample transaction 236
[2026-05-22T09:19:17.838Z INFO  benchmark_client] Sending sample transaction 237
[2026-05-22T09:19:17.888Z INFO  benchmark_client] Sending sample transaction 238
[2026-05-22T09:19:17.939Z INFO  benchmark_client] Sending sample transaction 239
[2026-05-22T09:19:17.988Z INFO  benchmark_client] Sending sample transaction 240
[2026-05-22T09:19:18.039Z INFO  benchmark_client] Sending sample transaction 241
[2026-05-22T09:19:18.088Z INFO  benchmark_client] Sending sample transaction 242
[2026-05-22T09:19:18.138Z INFO  benchmark_client] Sending sample transaction 243
[2026-05-22T09:19:18.188Z INFO  benchmark_client] Sending sample transaction 244
[2026-05-22T09:19:18.240Z INFO  benchmark_client] Sending sample transaction 245
[2026-05-22T09:19:18.288Z INFO  benchmark_client] Sending sample transaction 246
[2026-05-22T09:19:18.338Z INFO  benchmark_client] Sending sample transaction 247
[2026-05-22T09:19:18.388Z INFO  benchmark_client] Sending sample transaction 248
[2026-05-22T09:19:18.438Z INFO  benchmark_client] Sending sample transaction 249
[2026-05-22T09:19:18.490Z INFO  benchmark_client] Sending sample transaction 250
[2026-05-22T09:19:18.538Z INFO  benchmark_client] Sending sample transaction 251
[2026-05-22T09:19:18.588Z INFO  benchmark_client] Sending sample transaction 252
[2026-05-22T09:19:18.638Z INFO  benchmark_client] Sending sample transaction 253
[2026-05-22T09:19:18.688Z INFO  benchmark_client] Sending sample transaction 254
[2026-05-22T09:19:18.738Z INFO  benchmark_client] Sending sample transaction 255
[2026-05-22T09:19:18.788Z INFO  benchmark_client] Sending sample transaction 256
[2026-05-22T09:19:18.838Z INFO  benchmark_client] Sending sample transaction 257
[2026-05-22T09:19:18.888Z INFO  benchmark_client] Sending sample transaction 258
[2026-05-22T09:19:18.938Z INFO  benchmark_client] Sending sample transaction 259
[2026-05-22T09:19:18.988Z INFO  benchmark_client] Sending sample transaction 260
[2026-05-22T09:19:19.038Z INFO  benchmark_client] Sending sample transaction 261
[2026-05-22T09:19:19.088Z INFO  benchmark_client] Sending sample transaction 262
[2026-05-22T09:19:19.138Z INFO  benchmark_client] Sending sample transaction 263
[2026-05-22T09:19:19.188Z INFO  benchmark_client] Sending sample transaction 264
[2026-05-22T09:19:19.238Z INFO  benchmark_client] Sending sample transaction 265
[2026-05-22T09:19:19.290Z INFO  benchmark_client] Sending sample transaction 266
[2026-05-22T09:19:19.341Z INFO  benchmark_client] Sending sample transaction 267
[2026-05-22T09:19:19.390Z INFO  benchmark_client] Sending sample transaction 268
[2026-05-22T09:19:19.438Z INFO  benchmark_client] Sending sample transaction 269
[2026-05-22T09:19:19.489Z INFO  benchmark_client] Sending sample transaction 270
[2026-05-22T09:19:19.538Z INFO  benchmark_client] Sending sample transaction 271
[2026-05-22T09:19:19.588Z INFO  benchmark_client] Sending sample transaction 272
[2026-05-22T09:19:19.638Z INFO  benchmark_client] Sending sample transaction 273
[2026-05-22T09:19:19.688Z INFO  benchmark_client] Sending sample transaction 274
[2026-05-22T09:19:19.740Z INFO  benchmark_client] Sending sample transaction 275
[2026-05-22T09:19:19.788Z INFO  benchmark_client] Sending sample transaction 276
[2026-05-22T09:19:19.838Z INFO  benchmark_client] Sending sample transaction 277
[2026-05-22T09:19:19.913Z WARN  benchmark_client] Transaction rate too high for this client
[2026-05-22T09:19:19.913Z INFO  benchmark_client] Sending sample transaction 278
[2026-05-22T09:19:19.938Z INFO  benchmark_client] Sending sample transaction 279
[2026-05-22T09:19:19.989Z INFO  benchmark_client] Sending sample transaction 280
[2026-05-22T09:19:20.038Z INFO  benchmark_client] Sending sample transaction 281
[2026-05-22T09:19:20.088Z INFO  benchmark_client] Sending sample transaction 282
[2026-05-22T09:19:20.138Z INFO  benchmark_client] Sending sample transaction 283
[2026-05-22T09:19:20.189Z INFO  benchmark_client] Sending sample transaction 284
[2026-05-22T09:19:20.241Z INFO  benchmark_client] Sending sample transaction 285
[2026-05-22T09:19:20.288Z INFO  benchmark_client] Sending sample transaction 286
[2026-05-22T09:19:20.339Z INFO  benchmark_client] Sending sample transaction 287
[2026-05-22T09:19:20.388Z INFO  benchmark_client] Sending sample transaction 288
[2026-05-22T09:19:20.438Z INFO  benchmark_client] Sending sample transaction 289
[2026-05-22T09:19:20.490Z INFO  benchmark_client] Sending sample transaction 290
[2026-05-22T09:19:20.538Z INFO  benchmark_client] Sending sample transaction 291
[2026-05-22T09:19:20.589Z INFO  benchmark_client] Sending sample transaction 292
[2026-05-22T09:19:20.640Z INFO  benchmark_client] Sending sample transaction 293
[2026-05-22T09:19:20.688Z INFO  benchmark_client] Sending sample transaction 294
[2026-05-22T09:19:20.740Z INFO  benchmark_client] Sending sample transaction 295
[2026-05-22T09:19:20.788Z INFO  benchmark_client] Sending sample transaction 296
[2026-05-22T09:19:20.839Z INFO  benchmark_client] Sending sample transaction 297
[2026-05-22T09:19:20.888Z INFO  benchmark_client] Sending sample transaction 298
[2026-05-22T09:19:20.940Z INFO  benchmark_client] Sending sample transaction 299
[2026-05-22T09:19:20.988Z INFO  benchmark_client] Sending sample transaction 300
[2026-05-22T09:19:21.038Z INFO  benchmark_client] Sending sample transaction 301
[2026-05-22T09:19:21.089Z INFO  benchmark_client] Sending sample transaction 302
[2026-05-22T09:19:21.139Z INFO  benchmark_client] Sending sample transaction 303
[2026-05-22T09:19:21.188Z INFO  benchmark_client] Sending sample transaction 304
[2026-05-22T09:19:21.240Z INFO  benchmark_client] Sending sample transaction 305
[2026-05-22T09:19:21.289Z INFO  benchmark_client] Sending sample transaction 306
[2026-05-22T09:19:21.338Z INFO  benchmark_client] Sending sample transaction 307
[2026-05-22T09:19:21.388Z INFO  benchmark_client] Sending sample transaction 308
[2026-05-22T09:19:21.438Z INFO  benchmark_client] Sending sample transaction 309
[2026-05-22T09:19:21.488Z INFO  benchmark_client] Sending sample transaction 310
[2026-05-22T09:19:21.538Z INFO  benchmark_client] Sending sample transaction 311
[2026-05-22T09:19:21.591Z INFO  benchmark_client] Sending sample transaction 312
[2026-05-22T09:19:21.638Z INFO  benchmark_client] Sending sample transaction 313
[2026-05-22T09:19:21.688Z INFO  benchmark_client] Sending sample transaction 314
[2026-05-22T09:19:21.738Z INFO  benchmark_client] Sending sample transaction 315
[2026-05-22T09:19:21.788Z INFO  benchmark_client] Sending sample transaction 316
[2026-05-22T09:19:21.839Z INFO  benchmark_client] Sending sample transaction 317
[2026-05-22T09:19:21.888Z INFO  benchmark_client] Sending sample transaction 318
[2026-05-22T09:19:21.940Z INFO  benchmark_client] Sending sample transaction 319
[2026-05-22T09:19:21.990Z INFO  benchmark_client] Sending sample transaction 320
[2026-05-22T09:19:22.038Z INFO  benchmark_client] Sending sample transaction 321
[2026-05-22T09:19:22.090Z INFO  benchmark_client] Sending sample transaction 322
[2026-05-22T09:19:22.138Z INFO  benchmark_client] Sending sample transaction 323
[2026-05-22T09:19:22.188Z INFO  benchmark_client] Sending sample transaction 324
[2026-05-22T09:19:22.238Z INFO  benchmark_client] Sending sample transaction 325
[2026-05-22T09:19:22.288Z INFO  benchmark_client] Sending sample transaction 326
[2026-05-22T09:19:22.456Z INFO  benchmark_client] Sending sample transaction 327
[2026-05-22T09:19:22.459Z WARN  benchmark_client] Transaction rate too high for this client
[2026-05-22T09:19:22.460Z INFO  benchmark_client] Sending sample transaction 328
[2026-05-22T09:19:22.465Z INFO  benchmark_client] Sending sample transaction 329
[2026-05-22T09:19:22.584Z WARN  benchmark_client] Transaction rate too high for this client
[2026-05-22T09:19:22.585Z INFO  benchmark_client] Sending sample transaction 330
[2026-05-22T09:19:22.590Z INFO  benchmark_client] Sending sample transaction 331
[2026-05-22T09:19:22.602Z INFO  benchmark_client] Sending sample transaction 332
[2026-05-22T09:19:22.646Z INFO  benchmark_client] Sending sample transaction 333
[2026-05-22T09:19:22.689Z INFO  benchmark_client] Sending sample transaction 334
[2026-05-22T09:19:22.738Z INFO  benchmark_client] Sending sample transaction 335
[2026-05-22T09:19:22.788Z INFO  benchmark_client] Sending sample transaction 336
[2026-05-22T09:19:22.838Z INFO  benchmark_client] Sending sample transaction 337
[2026-05-22T09:19:22.889Z INFO  benchmark_client] Sending sample transaction 338
[2026-05-22T09:19:22.939Z INFO  benchmark_client] Sending sample transaction 339
[2026-05-22T09:19:22.990Z INFO  benchmark_client] Sending sample transaction 340
[2026-05-22T09:19:23.041Z INFO  benchmark_client] Sending sample transaction 341
[2026-05-22T09:19:23.088Z INFO  benchmark_client] Sending sample transaction 342
[2026-05-22T09:19:23.138Z INFO  benchmark_client] Sending sample transaction 343
[2026-05-22T09:19:23.188Z INFO  benchmark_client] Sending sample transaction 344
[2026-05-22T09:19:23.238Z INFO  benchmark_client] Sending sample transaction 345
[2026-05-22T09:19:23.288Z INFO  benchmark_client] Sending sample transaction 346
[2026-05-22T09:19:23.338Z INFO  benchmark_client] Sending sample transaction 347
[2026-05-22T09:19:23.388Z INFO  benchmark_client] Sending sample transaction 348
[2026-05-22T09:19:23.438Z INFO  benchmark_client] Sending sample transaction 349
[2026-05-22T09:19:23.489Z INFO  benchmark_client] Sending sample transaction 350
[2026-05-22T09:19:23.538Z INFO  benchmark_client] Sending sample transaction 351
[2026-05-22T09:19:23.588Z INFO  benchmark_client] Sending sample transaction 352
[2026-05-22T09:19:23.639Z INFO  benchmark_client] Sending sample transaction 353
[2026-05-22T09:19:23.690Z INFO  benchmark_client] Sending sample transaction 354
[2026-05-22T09:19:23.739Z INFO  benchmark_client] Sending sample transaction 355
[2026-05-22T09:19:23.790Z INFO  benchmark_client] Sending sample transaction 356
[2026-05-22T09:19:23.838Z INFO  benchmark_client] Sending sample transaction 357
[2026-05-22T09:19:23.888Z INFO  benchmark_client] Sending sample transaction 358
[2026-05-22T09:19:23.938Z INFO  benchmark_client] Sending sample transaction 359
[2026-05-22T09:19:23.990Z INFO  benchmark_client] Sending sample transaction 360
[2026-05-22T09:19:24.038Z INFO  benchmark_client] Sending sample transaction 361
[2026-05-22T09:19:24.088Z INFO  benchmark_client] Sending sample transaction 362
[2026-05-22T09:19:24.141Z INFO  benchmark_client] Sending sample transaction 363
[2026-05-22T09:19:24.190Z INFO  benchmark_client] Sending sample transaction 364
[2026-05-22T09:19:24.240Z INFO  benchmark_client] Sending sample transaction 365
[2026-05-22T09:19:24.288Z INFO  benchmark_client] Sending sample transaction 366
[2026-05-22T09:19:24.338Z INFO  benchmark_client] Sending sample transaction 367
[2026-05-22T09:19:24.388Z INFO  benchmark_client] Sending sample transaction 368
[2026-05-22T09:19:24.439Z INFO  benchmark_client] Sending sample transaction 369
[2026-05-22T09:19:24.488Z INFO  benchmark_client] Sending sample transaction 370
[2026-05-22T09:19:24.538Z INFO  benchmark_client] Sending sample transaction 371
[2026-05-22T09:19:24.588Z INFO  benchmark_client] Sending sample transaction 372
[2026-05-22T09:19:24.639Z INFO  benchmark_client] Sending sample transaction 373
[2026-05-22T09:19:24.688Z INFO  benchmark_client] Sending sample transaction 374
[2026-05-22T09:19:24.740Z INFO  benchmark_client] Sending sample transaction 375
[2026-05-22T09:19:24.790Z INFO  benchmark_client] Sending sample transaction 376
[2026-05-22T09:19:24.838Z INFO  benchmark_client] Sending sample transaction 377
[2026-05-22T09:19:24.890Z INFO  benchmark_client] Sending sample transaction 378
[2026-05-22T09:19:24.938Z INFO  benchmark_client] Sending sample transaction 379
[2026-05-22T09:19:24.989Z INFO  benchmark_client] Sending sample transaction 380
[2026-05-22T09:19:25.038Z INFO  benchmark_client] Sending sample transaction 381
[2026-05-22T09:19:25.089Z INFO  benchmark_client] Sending sample transaction 382
[2026-05-22T09:19:25.138Z INFO  benchmark_client] Sending sample transaction 383
[2026-05-22T09:19:25.190Z INFO  benchmark_client] Sending sample transaction 384
[2026-05-22T09:19:25.238Z INFO  benchmark_client] Sending sample transaction 385
[2026-05-22T09:19:25.289Z INFO  benchmark_client] Sending sample transaction 386
[2026-05-22T09:19:25.338Z INFO  benchmark_client] Sending sample transaction 387
[2026-05-22T09:19:25.390Z INFO  benchmark_client] Sending sample transaction 388
[2026-05-22T09:19:25.438Z INFO  benchmark_client] Sending sample transaction 389
[2026-05-22T09:19:25.488Z INFO  benchmark_client] Sending sample transaction 390
[2026-05-22T09:19:25.538Z INFO  benchmark_client] Sending sample transaction 391
[2026-05-22T09:19:25.588Z INFO  benchmark_client] Sending sample transaction 392
[2026-05-22T09:19:25.639Z INFO  benchmark_client] Sending sample transaction 393
[2026-05-22T09:19:25.689Z INFO  benchmark_client] Sending sample transaction 394
[2026-05-22T09:19:25.740Z INFO  benchmark_client] Sending sample transaction 395
[2026-05-22T09:19:25.788Z INFO  benchmark_client] Sending sample transaction 396
[2026-05-22T09:19:25.839Z INFO  benchmark_client] Sending sample transaction 397
[2026-05-22T09:19:25.896Z INFO  benchmark_client] Sending sample transaction 398
[2026-05-22T09:19:25.939Z INFO  benchmark_client] Sending sample transaction 399
[2026-05-22T09:19:25.988Z INFO  benchmark_client] Sending sample transaction 400
[2026-05-22T09:19:26.038Z INFO  benchmark_client] Sending sample transaction 401
[2026-05-22T09:19:26.088Z INFO  benchmark_client] Sending sample transaction 402
[2026-05-22T09:19:26.139Z INFO  benchmark_client] Sending sample transaction 403
[2026-05-22T09:19:26.188Z INFO  benchmark_client] Sending sample transaction 404
[2026-05-22T09:19:26.239Z INFO  benchmark_client] Sending sample transaction 405
[2026-05-22T09:19:26.289Z INFO  benchmark_client] Sending sample transaction 406
[2026-05-22T09:19:26.339Z INFO  benchmark_client] Sending sample transaction 407
[2026-05-22T09:19:26.388Z INFO  benchmark_client] Sending sample transaction 408
[2026-05-22T09:19:26.438Z INFO  benchmark_client] Sending sample transaction 409
[2026-05-22T09:19:26.488Z INFO  benchmark_client] Sending sample transaction 410
[2026-05-22T09:19:26.538Z INFO  benchmark_client] Sending sample transaction 411
[2026-05-22T09:19:26.588Z INFO  benchmark_client] Sending sample transaction 412
[2026-05-22T09:19:26.690Z WARN  benchmark_client] Transaction rate too high for this client
[2026-05-22T09:19:26.690Z INFO  benchmark_client] Sending sample transaction 413
[2026-05-22T09:19:26.694Z INFO  benchmark_client] Sending sample transaction 414
[2026-05-22T09:19:26.738Z INFO  benchmark_client] Sending sample transaction 415
[2026-05-22T09:19:26.788Z INFO  benchmark_client] Sending sample transaction 416
[2026-05-22T09:19:26.841Z INFO  benchmark_client] Sending sample transaction 417
[2026-05-22T09:19:26.888Z INFO  benchmark_client] Sending sample transaction 418
[2026-05-22T09:19:26.939Z INFO  benchmark_client] Sending sample transaction 419
[2026-05-22T09:19:26.988Z INFO  benchmark_client] Sending sample transaction 420
[2026-05-22T09:19:27.038Z INFO  benchmark_client] Sending sample transaction 421
[2026-05-22T09:19:27.089Z INFO  benchmark_client] Sending sample transaction 422
[2026-05-22T09:19:27.138Z INFO  benchmark_client] Sending sample transaction 423
[2026-05-22T09:19:27.191Z INFO  benchmark_client] Sending sample transaction 424
[2026-05-22T09:19:27.239Z INFO  benchmark_client] Sending sample transaction 425
[2026-05-22T09:19:27.288Z INFO  benchmark_client] Sending sample transaction 426
[2026-05-22T09:19:27.338Z INFO  benchmark_client] Sending sample transaction 427
[2026-05-22T09:19:27.388Z INFO  benchmark_client] Sending sample transaction 428
[2026-05-22T09:19:27.438Z INFO  benchmark_client] Sending sample transaction 429
[2026-05-22T09:19:27.489Z INFO  benchmark_client] Sending sample transaction 430
[2026-05-22T09:19:27.540Z INFO  benchmark_client] Sending sample transaction 431
[2026-05-22T09:19:27.588Z INFO  benchmark_client] Sending sample transaction 432
[2026-05-22T09:19:27.639Z INFO  benchmark_client] Sending sample transaction 433
[2026-05-22T09:19:27.689Z INFO  benchmark_client] Sending sample transaction 434
[2026-05-22T09:19:27.739Z INFO  benchmark_client] Sending sample transaction 435
[2026-05-22T09:19:27.789Z INFO  benchmark_client] Sending sample transaction 436
[2026-05-22T09:19:27.838Z INFO  benchmark_client] Sending sample transaction 437
[2026-05-22T09:19:27.987Z INFO  benchmark_client] Sending sample transaction 438
[2026-05-22T09:19:27.990Z WARN  benchmark_client] Transaction rate too high for this client
[2026-05-22T09:19:27.990Z INFO  benchmark_client] Sending sample transaction 439
[2026-05-22T09:19:27.995Z INFO  benchmark_client] Sending sample transaction 440
[2026-05-22T09:19:28.090Z WARN  benchmark_client] Transaction rate too high for this client
[2026-05-22T09:19:28.091Z INFO  benchmark_client] Sending sample transaction 441
[2026-05-22T09:19:28.097Z INFO  benchmark_client] Sending sample transaction 442
[2026-05-22T09:19:28.138Z INFO  benchmark_client] Sending sample transaction 443
[2026-05-22T09:19:28.188Z INFO  benchmark_client] Sending sample transaction 444
[2026-05-22T09:19:28.270Z WARN  benchmark_client] Transaction rate too high for this client
[2026-05-22T09:19:28.270Z INFO  benchmark_client] Sending sample transaction 445
[2026-05-22T09:19:28.288Z INFO  benchmark_client] Sending sample transaction 446
[2026-05-22T09:19:28.338Z INFO  benchmark_client] Sending sample transaction 447
[2026-05-22T09:19:28.391Z INFO  benchmark_client] Sending sample transaction 448
[2026-05-22T09:19:28.440Z INFO  benchmark_client] Sending sample transaction 449
[2026-05-22T09:19:28.490Z INFO  benchmark_client] Sending sample transaction 450
[2026-05-22T09:19:28.538Z INFO  benchmark_client] Sending sample transaction 451
[2026-05-22T09:19:28.589Z INFO  benchmark_client] Sending sample transaction 452
[2026-05-22T09:19:28.638Z INFO  benchmark_client] Sending sample transaction 453
[2026-05-22T09:19:28.691Z INFO  benchmark_client] Sending sample transaction 454
[2026-05-22T09:19:28.738Z INFO  benchmark_client] Sending sample transaction 455
[2026-05-22T09:19:28.790Z INFO  benchmark_client] Sending sample transaction 456
[2026-05-22T09:19:28.838Z INFO  benchmark_client] Sending sample transaction 457
[2026-05-22T09:19:28.891Z INFO  benchmark_client] Sending sample transaction 458
[2026-05-22T09:19:28.939Z INFO  benchmark_client] Sending sample transaction 459
[2026-05-22T09:19:28.993Z INFO  benchmark_client] Sending sample transaction 460
[2026-05-22T09:19:29.039Z INFO  benchmark_client] Sending sample transaction 461
[2026-05-22T09:19:29.088Z INFO  benchmark_client] Sending sample transaction 462
[2026-05-22T09:19:29.139Z INFO  benchmark_client] Sending sample transaction 463
[2026-05-22T09:19:29.188Z INFO  benchmark_client] Sending sample transaction 464
[2026-05-22T09:19:29.312Z WARN  benchmark_client] Transaction rate too high for this client
[2026-05-22T09:19:29.315Z INFO  benchmark_client] Sending sample transaction 465
[2026-05-22T09:19:29.317Z INFO  benchmark_client] Sending sample transaction 466
[2026-05-22T09:19:29.384Z WARN  benchmark_client] Transaction rate too high for this client
[2026-05-22T09:19:29.386Z INFO  benchmark_client] Sending sample transaction 467
[2026-05-22T09:19:29.390Z INFO  benchmark_client] Sending sample transaction 468
[2026-05-22T09:19:29.443Z INFO  benchmark_client] Sending sample transaction 469
[2026-05-22T09:19:29.490Z INFO  benchmark_client] Sending sample transaction 470
[2026-05-22T09:19:29.542Z WARN  benchmark_client] Transaction rate too high for this client
[2026-05-22T09:19:29.543Z INFO  benchmark_client] Sending sample transaction 471
[2026-05-22T09:19:29.588Z INFO  benchmark_client] Sending sample transaction 472
[2026-05-22T09:19:29.638Z INFO  benchmark_client] Sending sample transaction 473
[2026-05-22T09:19:29.690Z INFO  benchmark_client] Sending sample transaction 474
[2026-05-22T09:19:29.738Z INFO  benchmark_client] Sending sample transaction 475
[2026-05-22T09:19:29.790Z INFO  benchmark_client] Sending sample transaction 476
[2026-05-22T09:19:29.838Z INFO  benchmark_client] Sending sample transaction 477
[2026-05-22T09:19:29.889Z INFO  benchmark_client] Sending sample transaction 478
[2026-05-22T09:19:29.938Z INFO  benchmark_client] Sending sample transaction 479
[2026-05-22T09:19:29.990Z INFO  benchmark_client] Sending sample transaction 480
[2026-05-22T09:19:30.038Z INFO  benchmark_client] Sending sample transaction 481
[2026-05-22T09:19:30.090Z INFO  benchmark_client] Sending sample transaction 482
[2026-05-22T09:19:30.140Z INFO  benchmark_client] Sending sample transaction 483
[2026-05-22T09:19:30.188Z INFO  benchmark_client] Sending sample transaction 484
[2026-05-22T09:19:30.240Z INFO  benchmark_client] Sending sample transaction 485
[2026-05-22T09:19:30.289Z INFO  benchmark_client] Sending sample transaction 486
[2026-05-22T09:19:30.338Z INFO  benchmark_client] Sending sample transaction 487
[2026-05-22T09:19:30.389Z INFO  benchmark_client] Sending sample transaction 488
[2026-05-22T09:19:30.438Z INFO  benchmark_client] Sending sample transaction 489
[2026-05-22T09:19:30.488Z INFO  benchmark_client] Sending sample transaction 490
[2026-05-22T09:19:30.539Z INFO  benchmark_client] Sending sample transaction 491
[2026-05-22T09:19:30.589Z INFO  benchmark_client] Sending sample transaction 492
[2026-05-22T09:19:30.639Z INFO  benchmark_client] Sending sample transaction 493
[2026-05-22T09:19:30.692Z INFO  benchmark_client] Sending sample transaction 494
[2026-05-22T09:19:30.739Z INFO  benchmark_client] Sending sample transaction 495
[2026-05-22T09:19:30.789Z INFO  benchmark_client] Sending sample transaction 496
[2026-05-22T09:19:30.839Z INFO  benchmark_client] Sending sample transaction 497
[2026-05-22T09:19:30.889Z INFO  benchmark_client] Sending sample transaction 498
[2026-05-22T09:19:30.940Z INFO  benchmark_client] Sending sample transaction 499
[2026-05-22T09:19:30.990Z INFO  benchmark_client] Sending sample transaction 500
[2026-05-22T09:19:31.040Z INFO  benchmark_client] Sending sample transaction 501
[2026-05-22T09:19:31.088Z INFO  benchmark_client] Sending sample transaction 502
[2026-05-22T09:19:31.145Z INFO  benchmark_client] Sending sample transaction 503
[2026-05-22T09:19:31.190Z INFO  benchmark_client] Sending sample transaction 504
[2026-05-22T09:19:31.238Z INFO  benchmark_client] Sending sample transaction 505
[2026-05-22T09:19:31.289Z INFO  benchmark_client] Sending sample transaction 506
[2026-05-22T09:19:31.339Z INFO  benchmark_client] Sending sample transaction 507
[2026-05-22T09:19:31.389Z INFO  benchmark_client] Sending sample transaction 508
[2026-05-22T09:19:31.443Z INFO  benchmark_client] Sending sample transaction 509
[2026-05-22T09:19:31.491Z INFO  benchmark_client] Sending sample transaction 510
[2026-05-22T09:19:31.542Z INFO  benchmark_client] Sending sample transaction 511
[2026-05-22T09:19:31.589Z INFO  benchmark_client] Sending sample transaction 512
[2026-05-22T09:19:31.639Z INFO  benchmark_client] Sending sample transaction 513
[2026-05-22T09:19:31.690Z INFO  benchmark_client] Sending sample transaction 514
[2026-05-22T09:19:31.743Z INFO  benchmark_client] Sending sample transaction 515
[2026-05-22T09:19:31.789Z INFO  benchmark_client] Sending sample transaction 516
[2026-05-22T09:19:31.839Z INFO  benchmark_client] Sending sample transaction 517
[2026-05-22T09:19:31.889Z INFO  benchmark_client] Sending sample transaction 518
[2026-05-22T09:19:31.938Z INFO  benchmark_client] Sending sample transaction 519
[2026-05-22T09:19:31.989Z INFO  benchmark_client] Sending sample transaction 520
[2026-05-22T09:19:32.038Z INFO  benchmark_client] Sending sample transaction 521
[2026-05-22T09:19:32.088Z INFO  benchmark_client] Sending sample transaction 522
[2026-05-22T09:19:32.138Z INFO  benchmark_client] Sending sample transaction 523
[2026-05-22T09:19:32.190Z INFO  benchmark_client] Sending sample transaction 524
[2026-05-22T09:19:32.238Z INFO  benchmark_client] Sending sample transaction 525
[2026-05-22T09:19:32.289Z INFO  benchmark_client] Sending sample transaction 526
[2026-05-22T09:19:32.339Z INFO  benchmark_client] Sending sample transaction 527
[2026-05-22T09:19:32.389Z INFO  benchmark_client] Sending sample transaction 528
[2026-05-22T09:19:32.440Z INFO  benchmark_client] Sending sample transaction 529
[2026-05-22T09:19:32.488Z INFO  benchmark_client] Sending sample transaction 530
[2026-05-22T09:19:32.539Z INFO  benchmark_client] Sending sample transaction 531
[2026-05-22T09:19:32.590Z INFO  benchmark_client] Sending sample transaction 532
[2026-05-22T09:19:32.640Z INFO  benchmark_client] Sending sample transaction 533
[2026-05-22T09:19:32.688Z INFO  benchmark_client] Sending sample transaction 534
[2026-05-22T09:19:32.739Z INFO  benchmark_client] Sending sample transaction 535
[2026-05-22T09:19:32.789Z INFO  benchmark_client] Sending sample transaction 536
[2026-05-22T09:19:32.838Z INFO  benchmark_client] Sending sample transaction 537
[2026-05-22T09:19:32.890Z INFO  benchmark_client] Sending sample transaction 538
[2026-05-22T09:19:32.941Z INFO  benchmark_client] Sending sample transaction 539
[2026-05-22T09:19:32.992Z INFO  benchmark_client] Sending sample transaction 540
[2026-05-22T09:19:33.039Z INFO  benchmark_client] Sending sample transaction 541
[2026-05-22T09:19:33.089Z INFO  benchmark_client] Sending sample transaction 542
[2026-05-22T09:19:33.139Z INFO  benchmark_client] Sending sample transaction 543
[2026-05-22T09:19:33.188Z INFO  benchmark_client] Sending sample transaction 544
[2026-05-22T09:19:33.241Z INFO  benchmark_client] Sending sample transaction 545
[2026-05-22T09:19:33.292Z INFO  benchmark_client] Sending sample transaction 546
[2026-05-22T09:19:33.341Z INFO  benchmark_client] Sending sample transaction 547
[2026-05-22T09:19:33.388Z INFO  benchmark_client] Sending sample transaction 548
[2026-05-22T09:19:33.438Z INFO  benchmark_client] Sending sample transaction 549
[2026-05-22T09:19:33.489Z INFO  benchmark_client] Sending sample transaction 550
[2026-05-22T09:19:33.539Z INFO  benchmark_client] Sending sample transaction 551
[2026-05-22T09:19:33.591Z INFO  benchmark_client] Sending sample transaction 552
[2026-05-22T09:19:33.641Z INFO  benchmark_client] Sending sample transaction 553
[2026-05-22T09:19:33.689Z INFO  benchmark_client] Sending sample transaction 554
[2026-05-22T09:19:33.740Z INFO  benchmark_client] Sending sample transaction 555
[2026-05-22T09:19:33.789Z INFO  benchmark_client] Sending sample transaction 556
[2026-05-22T09:19:33.839Z INFO  benchmark_client] Sending sample transaction 557
[2026-05-22T09:19:33.888Z INFO  benchmark_client] Sending sample transaction 558
[2026-05-22T09:19:33.939Z INFO  benchmark_client] Sending sample transaction 559
[2026-05-22T09:19:33.988Z INFO  benchmark_client] Sending sample transaction 560
[2026-05-22T09:19:34.041Z INFO  benchmark_client] Sending sample transaction 561
[2026-05-22T09:19:34.089Z INFO  benchmark_client] Sending sample transaction 562
[2026-05-22T09:19:34.139Z INFO  benchmark_client] Sending sample transaction 563
[2026-05-22T09:19:34.190Z INFO  benchmark_client] Sending sample transaction 564
[2026-05-22T09:19:34.242Z INFO  benchmark_client] Sending sample transaction 565
[2026-05-22T09:19:34.291Z INFO  benchmark_client] Sending sample transaction 566
[2026-05-22T09:19:34.339Z INFO  benchmark_client] Sending sample transaction 567
[2026-05-22T09:19:34.390Z INFO  benchmark_client] Sending sample transaction 568
[2026-05-22T09:19:34.439Z INFO  benchmark_client] Sending sample transaction 569
[2026-05-22T09:19:34.493Z INFO  benchmark_client] Sending sample transaction 570
[2026-05-22T09:19:34.540Z INFO  benchmark_client] Sending sample transaction 571
[2026-05-22T09:19:34.588Z INFO  benchmark_client] Sending sample transaction 572
[2026-05-22T09:19:34.639Z INFO  benchmark_client] Sending sample transaction 573
[2026-05-22T09:19:34.688Z INFO  benchmark_client] Sending sample transaction 574
[2026-05-22T09:19:34.739Z INFO  benchmark_client] Sending sample transaction 575
[2026-05-22T09:19:34.789Z INFO  benchmark_client] Sending sample transaction 576
[2026-05-22T09:19:34.838Z INFO  benchmark_client] Sending sample transaction 577
[2026-05-22T09:19:34.889Z INFO  benchmark_client] Sending sample transaction 578
[2026-05-22T09:19:34.939Z INFO  benchmark_client] Sending sample transaction 579
[2026-05-22T09:19:34.988Z INFO  benchmark_client] Sending sample transaction 580
[2026-05-22T09:19:35.038Z INFO  benchmark_client] Sending sample transaction 581
[2026-05-22T09:19:35.089Z INFO  benchmark_client] Sending sample transaction 582
[2026-05-22T09:19:35.142Z INFO  benchmark_client] Sending sample transaction 583
[2026-05-22T09:19:35.189Z INFO  benchmark_client] Sending sample transaction 584
[2026-05-22T09:19:35.241Z INFO  benchmark_client] Sending sample transaction 585
[2026-05-22T09:19:35.288Z INFO  benchmark_client] Sending sample transaction 586
[2026-05-22T09:19:35.339Z INFO  benchmark_client] Sending sample transaction 587
[2026-05-22T09:19:35.416Z WARN  benchmark_client] Transaction rate too high for this client
[2026-05-22T09:19:35.418Z INFO  benchmark_client] Sending sample transaction 588
[2026-05-22T09:19:35.440Z INFO  benchmark_client] Sending sample transaction 589
[2026-05-22T09:19:35.489Z INFO  benchmark_client] Sending sample transaction 590
[2026-05-22T09:19:35.539Z INFO  benchmark_client] Sending sample transaction 591
[2026-05-22T09:19:35.590Z INFO  benchmark_client] Sending sample transaction 592
[2026-05-22T09:19:35.642Z INFO  benchmark_client] Sending sample transaction 593
[2026-05-22T09:19:35.689Z INFO  benchmark_client] Sending sample transaction 594
[2026-05-22T09:19:35.739Z INFO  benchmark_client] Sending sample transaction 595
[2026-05-22T09:19:35.791Z INFO  benchmark_client] Sending sample transaction 596
[2026-05-22T09:19:35.840Z INFO  benchmark_client] Sending sample transaction 597
[2026-05-22T09:19:35.916Z WARN  benchmark_client] Transaction rate too high for this client
[2026-05-22T09:19:35.920Z INFO  benchmark_client] Sending sample transaction 598
[2026-05-22T09:19:35.940Z INFO  benchmark_client] Sending sample transaction 599
[2026-05-22T09:19:35.989Z INFO  benchmark_client] Sending sample transaction 600
[2026-05-22T09:19:36.085Z INFO  benchmark_client] Sending sample transaction 601
[2026-05-22T09:19:36.093Z INFO  benchmark_client] Sending sample transaction 602
[2026-05-22T09:19:36.140Z INFO  benchmark_client] Sending sample transaction 603
[2026-05-22T09:19:36.190Z INFO  benchmark_client] Sending sample transaction 604
[2026-05-22T09:19:36.239Z INFO  benchmark_client] Sending sample transaction 605
[2026-05-22T09:19:36.291Z INFO  benchmark_client] Sending sample transaction 606
[2026-05-22T09:19:36.341Z INFO  benchmark_client] Sending sample transaction 607
[2026-05-22T09:19:36.390Z INFO  benchmark_client] Sending sample transaction 608
[2026-05-22T09:19:36.442Z INFO  benchmark_client] Sending sample transaction 609
[2026-05-22T09:19:36.491Z INFO  benchmark_client] Sending sample transaction 610
[2026-05-22T09:19:36.538Z INFO  benchmark_client] Sending sample transaction 611
[2026-05-22T09:19:36.590Z INFO  benchmark_client] Sending sample transaction 612
[2026-05-22T09:19:36.639Z INFO  benchmark_client] Sending sample transaction 613
[2026-05-22T09:19:36.689Z INFO  benchmark_client] Sending sample transaction 614
[2026-05-22T09:19:36.738Z INFO  benchmark_client] Sending sample transaction 615
[2026-05-22T09:19:36.789Z INFO  benchmark_client] Sending sample transaction 616
[2026-05-22T09:19:36.841Z INFO  benchmark_client] Sending sample transaction 617
[2026-05-22T09:19:36.889Z INFO  benchmark_client] Sending sample transaction 618
[2026-05-22T09:19:36.939Z INFO  benchmark_client] Sending sample transaction 619
[2026-05-22T09:19:36.990Z INFO  benchmark_client] Sending sample transaction 620
[2026-05-22T09:19:37.039Z INFO  benchmark_client] Sending sample transaction 621
[2026-05-22T09:19:37.091Z INFO  benchmark_client] Sending sample transaction 622
[2026-05-22T09:19:37.142Z INFO  benchmark_client] Sending sample transaction 623
[2026-05-22T09:19:37.189Z INFO  benchmark_client] Sending sample transaction 624
[2026-05-22T09:19:37.239Z INFO  benchmark_client] Sending sample transaction 625
[2026-05-22T09:19:37.289Z INFO  benchmark_client] Sending sample transaction 626
[2026-05-22T09:19:37.339Z INFO  benchmark_client] Sending sample transaction 627
[2026-05-22T09:19:37.389Z INFO  benchmark_client] Sending sample transaction 628
[2026-05-22T09:19:37.439Z INFO  benchmark_client] Sending sample transaction 629
[2026-05-22T09:19:37.489Z INFO  benchmark_client] Sending sample transaction 630
[2026-05-22T09:19:37.539Z INFO  benchmark_client] Sending sample transaction 631
[2026-05-22T09:19:37.591Z INFO  benchmark_client] Sending sample transaction 632
[2026-05-22T09:19:37.639Z INFO  benchmark_client] Sending sample transaction 633
[2026-05-22T09:19:37.689Z INFO  benchmark_client] Sending sample transaction 634
[2026-05-22T09:19:37.740Z INFO  benchmark_client] Sending sample transaction 635
[2026-05-22T09:19:37.791Z INFO  benchmark_client] Sending sample transaction 636
[2026-05-22T09:19:37.840Z INFO  benchmark_client] Sending sample transaction 637
[2026-05-22T09:19:37.889Z INFO  benchmark_client] Sending sample transaction 638
[2026-05-22T09:19:37.942Z INFO  benchmark_client] Sending sample transaction 639
[2026-05-22T09:19:37.988Z INFO  benchmark_client] Sending sample transaction 640
[2026-05-22T09:19:38.038Z INFO  benchmark_client] Sending sample transaction 641
[2026-05-22T09:19:38.090Z INFO  benchmark_client] Sending sample transaction 642
[2026-05-22T09:19:38.139Z INFO  benchmark_client] Sending sample transaction 643
[2026-05-22T09:19:38.191Z INFO  benchmark_client] Sending sample transaction 644
[2026-05-22T09:19:38.240Z INFO  benchmark_client] Sending sample transaction 645
[2026-05-22T09:19:38.289Z INFO  benchmark_client] Sending sample transaction 646
[2026-05-22T09:19:38.341Z INFO  benchmark_client] Sending sample transaction 647
[2026-05-22T09:19:38.389Z INFO  benchmark_client] Sending sample transaction 648
[2026-05-22T09:19:38.439Z INFO  benchmark_client] Sending sample transaction 649
[2026-05-22T09:19:38.488Z INFO  benchmark_client] Sending sample transaction 650
[2026-05-22T09:19:38.539Z INFO  benchmark_client] Sending sample transaction 651
[2026-05-22T09:19:38.589Z INFO  benchmark_client] Sending sample transaction 652
[2026-05-22T09:19:38.639Z INFO  benchmark_client] Sending sample transaction 653
[2026-05-22T09:19:38.691Z INFO  benchmark_client] Sending sample transaction 654
[2026-05-22T09:19:38.741Z INFO  benchmark_client] Sending sample transaction 655
[2026-05-22T09:19:38.789Z INFO  benchmark_client] Sending sample transaction 656
[2026-05-22T09:19:38.839Z INFO  benchmark_client] Sending sample transaction 657
[2026-05-22T09:19:38.889Z INFO  benchmark_client] Sending sample transaction 658
[2026-05-22T09:19:38.941Z INFO  benchmark_client] Sending sample transaction 659
[2026-05-22T09:19:38.989Z INFO  benchmark_client] Sending sample transaction 660
[2026-05-22T09:19:39.039Z INFO  benchmark_client] Sending sample transaction 661
[2026-05-22T09:19:39.089Z INFO  benchmark_client] Sending sample transaction 662
[2026-05-22T09:19:39.141Z INFO  benchmark_client] Sending sample transaction 663
[2026-05-22T09:19:39.189Z INFO  benchmark_client] Sending sample transaction 664
[2026-05-22T09:19:39.239Z INFO  benchmark_client] Sending sample transaction 665
[2026-05-22T09:19:39.289Z INFO  benchmark_client] Sending sample transaction 666
[2026-05-22T09:19:39.341Z INFO  benchmark_client] Sending sample transaction 667
[2026-05-22T09:19:39.389Z INFO  benchmark_client] Sending sample transaction 668
[2026-05-22T09:19:39.439Z INFO  benchmark_client] Sending sample transaction 669
[2026-05-22T09:19:39.489Z INFO  benchmark_client] Sending sample transaction 670
[2026-05-22T09:19:39.539Z INFO  benchmark_client] Sending sample transaction 671
[2026-05-22T09:19:39.589Z INFO  benchmark_client] Sending sample transaction 672
[2026-05-22T09:19:39.639Z INFO  benchmark_client] Sending sample transaction 673
[2026-05-22T09:19:39.689Z INFO  benchmark_client] Sending sample transaction 674
[2026-05-22T09:19:39.742Z INFO  benchmark_client] Sending sample transaction 675
[2026-05-22T09:19:39.790Z INFO  benchmark_client] Sending sample transaction 676
[2026-05-22T09:19:39.840Z INFO  benchmark_client] Sending sample transaction 677
[2026-05-22T09:19:39.893Z INFO  benchmark_client] Sending sample transaction 678
[2026-05-22T09:19:39.941Z INFO  benchmark_client] Sending sample transaction 679
[2026-05-22T09:19:39.992Z INFO  benchmark_client] Sending sample transaction 680
[2026-05-22T09:19:40.041Z INFO  benchmark_client] Sending sample transaction 681
[2026-05-22T09:19:40.089Z INFO  benchmark_client] Sending sample transaction 682
[2026-05-22T09:19:40.139Z INFO  benchmark_client] Sending sample transaction 683
[2026-05-22T09:19:40.189Z INFO  benchmark_client] Sending sample transaction 684
[2026-05-22T09:19:40.239Z INFO  benchmark_client] Sending sample transaction 685
[2026-05-22T09:19:40.289Z INFO  benchmark_client] Sending sample transaction 686
[2026-05-22T09:19:40.342Z INFO  benchmark_client] Sending sample transaction 687
[2026-05-22T09:19:40.389Z INFO  benchmark_client] Sending sample transaction 688
[2026-05-22T09:19:40.439Z INFO  benchmark_client] Sending sample transaction 689
[2026-05-22T09:19:40.489Z INFO  benchmark_client] Sending sample transaction 690
[2026-05-22T09:19:40.539Z INFO  benchmark_client] Sending sample transaction 691
[2026-05-22T09:19:40.590Z INFO  benchmark_client] Sending sample transaction 692
[2026-05-22T09:19:40.639Z INFO  benchmark_client] Sending sample transaction 693
[2026-05-22T09:19:40.689Z INFO  benchmark_client] Sending sample transaction 694
[2026-05-22T09:19:40.738Z INFO  benchmark_client] Sending sample transaction 695
[2026-05-22T09:19:40.790Z INFO  benchmark_client] Sending sample transaction 696
[2026-05-22T09:19:40.840Z INFO  benchmark_client] Sending sample transaction 697
[2026-05-22T09:19:40.889Z INFO  benchmark_client] Sending sample transaction 698
[2026-05-22T09:19:40.939Z INFO  benchmark_client] Sending sample transaction 699
[2026-05-22T09:19:40.989Z INFO  benchmark_client] Sending sample transaction 700
[2026-05-22T09:19:41.038Z INFO  benchmark_client] Sending sample transaction 701
[2026-05-22T09:19:41.089Z INFO  benchmark_client] Sending sample transaction 702
[2026-05-22T09:19:41.139Z INFO  benchmark_client] Sending sample transaction 703
[2026-05-22T09:19:41.189Z INFO  benchmark_client] Sending sample transaction 704
[2026-05-22T09:19:41.241Z INFO  benchmark_client] Sending sample transaction 705
[2026-05-22T09:19:41.289Z INFO  benchmark_client] Sending sample transaction 706
[2026-05-22T09:19:41.338Z INFO  benchmark_client] Sending sample transaction 707
[2026-05-22T09:19:41.389Z INFO  benchmark_client] Sending sample transaction 708
[2026-05-22T09:19:41.439Z INFO  benchmark_client] Sending sample transaction 709
[2026-05-22T09:19:41.490Z INFO  benchmark_client] Sending sample transaction 710
[2026-05-22T09:19:41.539Z INFO  benchmark_client] Sending sample transaction 711
[2026-05-22T09:19:41.590Z INFO  benchmark_client] Sending sample transaction 712
[2026-05-22T09:19:41.639Z INFO  benchmark_client] Sending sample transaction 713
[2026-05-22T09:19:41.689Z INFO  benchmark_client] Sending sample transaction 714
[2026-05-22T09:19:41.739Z INFO  benchmark_client] Sending sample transaction 715
[2026-05-22T09:19:41.789Z INFO  benchmark_client] Sending sample transaction 716
[2026-05-22T09:19:41.839Z INFO  benchmark_client] Sending sample transaction 717
[2026-05-22T09:19:41.889Z INFO  benchmark_client] Sending sample transaction 718
[2026-05-22T09:19:41.941Z INFO  benchmark_client] Sending sample transaction 719
[2026-05-22T09:19:41.991Z INFO  benchmark_client] Sending sample transaction 720
[2026-05-22T09:19:42.038Z INFO  benchmark_client] Sending sample transaction 721
[2026-05-22T09:19:42.089Z INFO  benchmark_client] Sending sample transaction 722
[2026-05-22T09:19:42.140Z INFO  benchmark_client] Sending sample transaction 723
[2026-05-22T09:19:42.189Z INFO  benchmark_client] Sending sample transaction 724
[2026-05-22T09:19:42.239Z INFO  benchmark_client] Sending sample transaction 725
[2026-05-22T09:19:42.290Z INFO  benchmark_client] Sending sample transaction 726
[2026-05-22T09:19:42.341Z INFO  benchmark_client] Sending sample transaction 727
[2026-05-22T09:19:42.389Z INFO  benchmark_client] Sending sample transaction 728
[2026-05-22T09:19:42.440Z INFO  benchmark_client] Sending sample transaction 729
[2026-05-22T09:19:42.489Z INFO  benchmark_client] Sending sample transaction 730
[2026-05-22T09:19:42.538Z INFO  benchmark_client] Sending sample transaction 731
[2026-05-22T09:19:42.589Z INFO  benchmark_client] Sending sample transaction 732
[2026-05-22T09:19:42.639Z INFO  benchmark_client] Sending sample transaction 733
[2026-05-22T09:19:42.691Z INFO  benchmark_client] Sending sample transaction 734
[2026-05-22T09:19:42.739Z INFO  benchmark_client] Sending sample transaction 735
[2026-05-22T09:19:42.789Z INFO  benchmark_client] Sending sample transaction 736
[2026-05-22T09:19:42.839Z INFO  benchmark_client] Sending sample transaction 737
[2026-05-22T09:19:42.890Z INFO  benchmark_client] Sending sample transaction 738
[2026-05-22T09:19:42.939Z INFO  benchmark_client] Sending sample transaction 739
[2026-05-22T09:19:42.989Z INFO  benchmark_client] Sending sample transaction 740
[2026-05-22T09:19:43.038Z INFO  benchmark_client] Sending sample transaction 741
[2026-05-22T09:19:43.089Z INFO  benchmark_client] Sending sample transaction 742
[2026-05-22T09:19:43.143Z INFO  benchmark_client] Sending sample transaction 743
[2026-05-22T09:19:43.189Z INFO  benchmark_client] Sending sample transaction 744
[2026-05-22T09:19:43.239Z INFO  benchmark_client] Sending sample transaction 745
[2026-05-22T09:19:43.289Z INFO  benchmark_client] Sending sample transaction 746
[2026-05-22T09:19:43.339Z INFO  benchmark_client] Sending sample transaction 747
[2026-05-22T09:19:43.390Z INFO  benchmark_client] Sending sample transaction 748
[2026-05-22T09:19:43.439Z INFO  benchmark_client] Sending sample transaction 749
[2026-05-22T09:19:43.489Z INFO  benchmark_client] Sending sample transaction 750
[2026-05-22T09:19:43.541Z INFO  benchmark_client] Sending sample transaction 751
[2026-05-22T09:19:43.588Z INFO  benchmark_client] Sending sample transaction 752
[2026-05-22T09:19:43.639Z INFO  benchmark_client] Sending sample transaction 753
[2026-05-22T09:19:43.689Z INFO  benchmark_client] Sending sample transaction 754
[2026-05-22T09:19:43.739Z INFO  benchmark_client] Sending sample transaction 755
[2026-05-22T09:19:43.789Z INFO  benchmark_client] Sending sample transaction 756
[2026-05-22T09:19:43.839Z INFO  benchmark_client] Sending sample transaction 757
[2026-05-22T09:19:43.891Z INFO  benchmark_client] Sending sample transaction 758
[2026-05-22T09:19:43.940Z INFO  benchmark_client] Sending sample transaction 759
[2026-05-22T09:19:43.989Z INFO  benchmark_client] Sending sample transaction 760
[2026-05-22T09:19:44.039Z INFO  benchmark_client] Sending sample transaction 761
[2026-05-22T09:19:44.089Z INFO  benchmark_client] Sending sample transaction 762
[2026-05-22T09:19:44.141Z INFO  benchmark_client] Sending sample transaction 763
[2026-05-22T09:19:44.191Z INFO  benchmark_client] Sending sample transaction 764
[2026-05-22T09:19:44.239Z INFO  benchmark_client] Sending sample transaction 765
[2026-05-22T09:19:44.289Z INFO  benchmark_client] Sending sample transaction 766
[2026-05-22T09:19:44.339Z INFO  benchmark_client] Sending sample transaction 767
[2026-05-22T09:19:44.391Z INFO  benchmark_client] Sending sample transaction 768
[2026-05-22T09:19:44.439Z INFO  benchmark_client] Sending sample transaction 769
[2026-05-22T09:19:44.489Z INFO  benchmark_client] Sending sample transaction 770
[2026-05-22T09:19:44.539Z INFO  benchmark_client] Sending sample transaction 771
[2026-05-22T09:19:44.589Z INFO  benchmark_client] Sending sample transaction 772
[2026-05-22T09:19:44.639Z INFO  benchmark_client] Sending sample transaction 773
[2026-05-22T09:19:44.689Z INFO  benchmark_client] Sending sample transaction 774
[2026-05-22T09:19:44.739Z INFO  benchmark_client] Sending sample transaction 775
[2026-05-22T09:19:44.789Z INFO  benchmark_client] Sending sample transaction 776
[2026-05-22T09:19:44.841Z INFO  benchmark_client] Sending sample transaction 777
[2026-05-22T09:19:44.889Z INFO  benchmark_client] Sending sample transaction 778
[2026-05-22T09:19:44.942Z INFO  benchmark_client] Sending sample transaction 779
[2026-05-22T09:19:44.989Z INFO  benchmark_client] Sending sample transaction 780
[2026-05-22T09:19:45.039Z INFO  benchmark_client] Sending sample transaction 781
[2026-05-22T09:19:45.089Z INFO  benchmark_client] Sending sample transaction 782
[2026-05-22T09:19:45.138Z INFO  benchmark_client] Sending sample transaction 783
[2026-05-22T09:19:45.189Z INFO  benchmark_client] Sending sample transaction 784
[2026-05-22T09:19:45.239Z INFO  benchmark_client] Sending sample transaction 785
[2026-05-22T09:19:45.293Z INFO  benchmark_client] Sending sample transaction 786
[2026-05-22T09:19:45.343Z INFO  benchmark_client] Sending sample transaction 787
[2026-05-22T09:19:45.389Z INFO  benchmark_client] Sending sample transaction 788
[2026-05-22T09:19:45.439Z INFO  benchmark_client] Sending sample transaction 789
[2026-05-22T09:19:45.492Z INFO  benchmark_client] Sending sample transaction 790
[2026-05-22T09:19:45.541Z INFO  benchmark_client] Sending sample transaction 791
[2026-05-22T09:19:45.589Z INFO  benchmark_client] Sending sample transaction 792
[2026-05-22T09:19:45.639Z INFO  benchmark_client] Sending sample transaction 793
[2026-05-22T09:19:45.689Z INFO  benchmark_client] Sending sample transaction 794
[2026-05-22T09:19:45.740Z INFO  benchmark_client] Sending sample transaction 795
[2026-05-22T09:19:45.789Z INFO  benchmark_client] Sending sample transaction 796
[2026-05-22T09:19:45.840Z INFO  benchmark_client] Sending sample transaction 797
[2026-05-22T09:19:45.889Z INFO  benchmark_client] Sending sample transaction 798
[2026-05-22T09:19:45.939Z INFO  benchmark_client] Sending sample transaction 799
[2026-05-22T09:19:45.989Z INFO  benchmark_client] Sending sample transaction 800
[2026-05-22T09:19:46.040Z INFO  benchmark_client] Sending sample transaction 801
[2026-05-22T09:19:46.089Z INFO  benchmark_client] Sending sample transaction 802
[2026-05-22T09:19:46.141Z INFO  benchmark_client] Sending sample transaction 803
[2026-05-22T09:19:46.189Z INFO  benchmark_client] Sending sample transaction 804
[2026-05-22T09:19:46.241Z INFO  benchmark_client] Sending sample transaction 805
[2026-05-22T09:19:46.290Z INFO  benchmark_client] Sending sample transaction 806
[2026-05-22T09:19:46.341Z INFO  benchmark_client] Sending sample transaction 807
[2026-05-22T09:19:46.389Z INFO  benchmark_client] Sending sample transaction 808
[2026-05-22T09:19:46.439Z INFO  benchmark_client] Sending sample transaction 809
[2026-05-22T09:19:46.490Z INFO  benchmark_client] Sending sample transaction 810
[2026-05-22T09:19:46.539Z INFO  benchmark_client] Sending sample transaction 811
[2026-05-22T09:19:46.592Z INFO  benchmark_client] Sending sample transaction 812
[2026-05-22T09:19:46.639Z INFO  benchmark_client] Sending sample transaction 813
[2026-05-22T09:19:46.689Z INFO  benchmark_client] Sending sample transaction 814
[2026-05-22T09:19:46.739Z INFO  benchmark_client] Sending sample transaction 815
[2026-05-22T09:19:46.791Z INFO  benchmark_client] Sending sample transaction 816
[2026-05-22T09:19:46.841Z INFO  benchmark_client] Sending sample transaction 817
[2026-05-22T09:19:46.893Z INFO  benchmark_client] Sending sample transaction 818
[2026-05-22T09:19:46.941Z INFO  benchmark_client] Sending sample transaction 819
[2026-05-22T09:19:46.989Z INFO  benchmark_client] Sending sample transaction 820
[2026-05-22T09:19:47.039Z INFO  benchmark_client] Sending sample transaction 821
[2026-05-22T09:19:47.089Z INFO  benchmark_client] Sending sample transaction 822
[2026-05-22T09:19:47.139Z INFO  benchmark_client] Sending sample transaction 823
[2026-05-22T09:19:47.189Z INFO  benchmark_client] Sending sample transaction 824
[2026-05-22T09:19:47.241Z INFO  benchmark_client] Sending sample transaction 825
[2026-05-22T09:19:47.289Z INFO  benchmark_client] Sending sample transaction 826
[2026-05-22T09:19:47.343Z INFO  benchmark_client] Sending sample transaction 827
[2026-05-22T09:19:47.391Z INFO  benchmark_client] Sending sample transaction 828
[2026-05-22T09:19:47.439Z INFO  benchmark_client] Sending sample transaction 829
[2026-05-22T09:19:47.489Z INFO  benchmark_client] Sending sample transaction 830
[2026-05-22T09:19:47.542Z INFO  benchmark_client] Sending sample transaction 831
[2026-05-22T09:19:47.592Z INFO  benchmark_client] Sending sample transaction 832
[2026-05-22T09:19:47.647Z INFO  benchmark_client] Sending sample transaction 833
[2026-05-22T09:19:47.689Z INFO  benchmark_client] Sending sample transaction 834
[2026-05-22T09:19:47.741Z INFO  benchmark_client] Sending sample transaction 835
[2026-05-22T09:19:47.792Z INFO  benchmark_client] Sending sample transaction 836
[2026-05-22T09:19:47.841Z INFO  benchmark_client] Sending sample transaction 837
[2026-05-22T09:19:47.889Z INFO  benchmark_client] Sending sample transaction 838
[2026-05-22T09:19:47.939Z INFO  benchmark_client] Sending sample transaction 839
[2026-05-22T09:19:47.989Z INFO  benchmark_client] Sending sample transaction 840
[2026-05-22T09:19:48.039Z INFO  benchmark_client] Sending sample transaction 841
[2026-05-22T09:19:48.089Z INFO  benchmark_client] Sending sample transaction 842
[2026-05-22T09:19:48.140Z INFO  benchmark_client] Sending sample transaction 843
[2026-05-22T09:19:48.189Z INFO  benchmark_client] Sending sample transaction 844
[2026-05-22T09:19:48.245Z INFO  benchmark_client] Sending sample transaction 845
[2026-05-22T09:19:48.289Z INFO  benchmark_client] Sending sample transaction 846
[2026-05-22T09:19:48.346Z INFO  benchmark_client] Sending sample transaction 847
[2026-05-22T09:19:48.398Z INFO  benchmark_client] Sending sample transaction 848
[2026-05-22T09:19:48.446Z INFO  benchmark_client] Sending sample transaction 849
[2026-05-22T09:19:48.490Z INFO  benchmark_client] Sending sample transaction 850
[2026-05-22T09:19:48.540Z INFO  benchmark_client] Sending sample transaction 851
[2026-05-22T09:19:48.589Z INFO  benchmark_client] Sending sample transaction 852
[2026-05-22T09:19:48.639Z INFO  benchmark_client] Sending sample transaction 853
[2026-05-22T09:19:48.689Z INFO  benchmark_client] Sending sample transaction 854
[2026-05-22T09:19:48.740Z INFO  benchmark_client] Sending sample transaction 855
[2026-05-22T09:19:48.795Z INFO  benchmark_client] Sending sample transaction 856
[2026-05-22T09:19:48.840Z INFO  benchmark_client] Sending sample transaction 857
[2026-05-22T09:19:48.891Z INFO  benchmark_client] Sending sample transaction 858
[2026-05-22T09:19:48.939Z INFO  benchmark_client] Sending sample transaction 859
[2026-05-22T09:19:48.991Z INFO  benchmark_client] Sending sample transaction 860
[2026-05-22T09:19:49.039Z INFO  benchmark_client] Sending sample transaction 861
[2026-05-22T09:19:49.092Z INFO  benchmark_client] Sending sample transaction 862
[2026-05-22T09:19:49.139Z INFO  benchmark_client] Sending sample transaction 863
[2026-05-22T09:19:49.190Z INFO  benchmark_client] Sending sample transaction 864
[2026-05-22T09:19:49.239Z INFO  benchmark_client] Sending sample transaction 865
[2026-05-22T09:19:49.294Z INFO  benchmark_client] Sending sample transaction 866
[2026-05-22T09:19:49.344Z INFO  benchmark_client] Sending sample transaction 867
[2026-05-22T09:19:49.393Z INFO  benchmark_client] Sending sample transaction 868
[2026-05-22T09:19:49.441Z INFO  benchmark_client] Sending sample transaction 869
[2026-05-22T09:19:49.492Z INFO  benchmark_client] Sending sample transaction 870
[2026-05-22T09:19:49.539Z INFO  benchmark_client] Sending sample transaction 871
[2026-05-22T09:19:49.594Z INFO  benchmark_client] Sending sample transaction 872
[2026-05-22T09:19:49.641Z INFO  benchmark_client] Sending sample transaction 873
[2026-05-22T09:19:49.689Z INFO  benchmark_client] Sending sample transaction 874
[2026-05-22T09:19:49.744Z INFO  benchmark_client] Sending sample transaction 875
[2026-05-22T09:19:49.791Z INFO  benchmark_client] Sending sample transaction 876
[2026-05-22T09:19:49.841Z INFO  benchmark_client] Sending sample transaction 877
[2026-05-22T09:19:49.889Z INFO  benchmark_client] Sending sample transaction 878
[2026-05-22T09:19:49.939Z INFO  benchmark_client] Sending sample transaction 879
[2026-05-22T09:19:49.989Z INFO  benchmark_client] Sending sample transaction 880
[2026-05-22T09:19:50.039Z INFO  benchmark_client] Sending sample transaction 881
[2026-05-22T09:19:50.089Z INFO  benchmark_client] Sending sample transaction 882
[2026-05-22T09:19:50.139Z INFO  benchmark_client] Sending sample transaction 883
[2026-05-22T09:19:50.189Z INFO  benchmark_client] Sending sample transaction 884
[2026-05-22T09:19:50.242Z INFO  benchmark_client] Sending sample transaction 885
[2026-05-22T09:19:50.291Z INFO  benchmark_client] Sending sample transaction 886
[2026-05-22T09:19:50.340Z INFO  benchmark_client] Sending sample transaction 887
[2026-05-22T09:19:50.389Z INFO  benchmark_client] Sending sample transaction 888
[2026-05-22T09:19:50.440Z INFO  benchmark_client] Sending sample transaction 889
[2026-05-22T09:19:50.489Z INFO  benchmark_client] Sending sample transaction 890
[2026-05-22T09:19:50.539Z INFO  benchmark_client] Sending sample transaction 891
[2026-05-22T09:19:50.589Z INFO  benchmark_client] Sending sample transaction 892
[2026-05-22T09:19:50.641Z INFO  benchmark_client] Sending sample transaction 893
[2026-05-22T09:19:50.690Z INFO  benchmark_client] Sending sample transaction 894
