[2026-05-22T09:19:07.057Z INFO  benchmark_client] Node address: 136.109.104.208:5008
[2026-05-22T09:19:07.057Z INFO  benchmark_client] Transactions size: 512 B
[2026-05-22T09:19:07.057Z INFO  benchmark_client] Transactions rate: 23334 tx/s
[2026-05-22T09:19:07.057Z INFO  benchmark_client] Waiting for all nodes to be online...
[2026-05-22T09:19:07.219Z INFO  benchmark_client] Start sending transactions
[2026-05-22T09:19:07.220Z INFO  benchmark_client] Sending sample transaction 0
[2026-05-22T09:19:07.270Z INFO  benchmark_client] Sending sample transaction 1
[2026-05-22T09:19:07.321Z INFO  benchmark_client] Sending sample transaction 2
[2026-05-22T09:19:07.371Z INFO  benchmark_client] Sending sample transaction 3
[2026-05-22T09:19:07.421Z INFO  benchmark_client] Sending sample transaction 4
[2026-05-22T09:19:07.472Z INFO  benchmark_client] Sending sample transaction 5
[2026-05-22T09:19:07.521Z INFO  benchmark_client] Sending sample transaction 6
[2026-05-22T09:19:07.571Z INFO  benchmark_client] Sending sample transaction 7
[2026-05-22T09:19:07.622Z INFO  benchmark_client] Sending sample transaction 8
[2026-05-22T09:19:07.670Z INFO  benchmark_client] Sending sample transaction 9
[2026-05-22T09:19:07.722Z INFO  benchmark_client] Sending sample transaction 10
[2026-05-22T09:19:07.771Z INFO  benchmark_client] Sending sample transaction 11
[2026-05-22T09:19:07.821Z INFO  benchmark_client] Sending sample transaction 12
[2026-05-22T09:19:07.870Z INFO  benchmark_client] Sending sample transaction 13
[2026-05-22T09:19:07.923Z INFO  benchmark_client] Sending sample transaction 14
[2026-05-22T09:19:07.970Z INFO  benchmark_client] Sending sample transaction 15
[2026-05-22T09:19:08.021Z INFO  benchmark_client] Sending sample transaction 16
[2026-05-22T09:19:08.071Z INFO  benchmark_client] Sending sample transaction 17
[2026-05-22T09:19:08.121Z INFO  benchmark_client] Sending sample transaction 18
[2026-05-22T09:19:08.170Z INFO  benchmark_client] Sending sample transaction 19
[2026-05-22T09:19:08.223Z INFO  benchmark_client] Sending sample transaction 20
[2026-05-22T09:19:08.271Z INFO  benchmark_client] Sending sample transaction 21
[2026-05-22T09:19:08.321Z INFO  benchmark_client] Sending sample transaction 22
[2026-05-22T09:19:08.370Z INFO  benchmark_client] Sending sample transaction 23
[2026-05-22T09:19:08.421Z INFO  benchmark_client] Sending sample transaction 24
[2026-05-22T09:19:08.470Z INFO  benchmark_client] Sending sample transaction 25
[2026-05-22T09:19:08.520Z INFO  benchmark_client] Sending sample transaction 26
[2026-05-22T09:19:08.571Z INFO  benchmark_client] Sending sample transaction 27
[2026-05-22T09:19:08.621Z INFO  benchmark_client] Sending sample transaction 28
[2026-05-22T09:19:08.671Z INFO  benchmark_client] Sending sample transaction 29
[2026-05-22T09:19:08.721Z INFO  benchmark_client] Sending sample transaction 30
[2026-05-22T09:19:08.771Z INFO  benchmark_client] Sending sample transaction 31
[2026-05-22T09:19:08.820Z INFO  benchmark_client] Sending sample transaction 32
[2026-05-22T09:19:08.870Z INFO  benchmark_client] Sending sample transaction 33
[2026-05-22T09:19:08.921Z INFO  benchmark_client] Sending sample transaction 34
[2026-05-22T09:19:08.971Z INFO  benchmark_client] Sending sample transaction 35
[2026-05-22T09:19:09.020Z INFO  benchmark_client] Sending sample transaction 36
[2026-05-22T09:19:09.072Z INFO  benchmark_client] Sending sample transaction 37
[2026-05-22T09:19:09.120Z INFO  benchmark_client] Sending sample transaction 38
[2026-05-22T09:19:09.171Z INFO  benchmark_client] Sending sample transaction 39
[2026-05-22T09:19:09.221Z INFO  benchmark_client] Sending sample transaction 40
[2026-05-22T09:19:09.271Z INFO  benchmark_client] Sending sample transaction 41
[2026-05-22T09:19:09.322Z INFO  benchmark_client] Sending sample transaction 42
[2026-05-22T09:19:09.371Z INFO  benchmark_client] Sending sample transaction 43
[2026-05-22T09:19:09.420Z INFO  benchmark_client] Sending sample transaction 44
[2026-05-22T09:19:09.470Z INFO  benchmark_client] Sending sample transaction 45
[2026-05-22T09:19:09.522Z INFO  benchmark_client] Sending sample transaction 46
[2026-05-22T09:19:09.571Z INFO  benchmark_client] Sending sample transaction 47
[2026-05-22T09:19:09.621Z INFO  benchmark_client] Sending sample transaction 48
[2026-05-22T09:19:09.672Z INFO  benchmark_client] Sending sample transaction 49
[2026-05-22T09:19:09.720Z INFO  benchmark_client] Sending sample transaction 50
[2026-05-22T09:19:09.771Z INFO  benchmark_client] Sending sample transaction 51
[2026-05-22T09:19:09.820Z INFO  benchmark_client] Sending sample transaction 52
[2026-05-22T09:19:09.870Z INFO  benchmark_client] Sending sample transaction 53
[2026-05-22T09:19:09.920Z INFO  benchmark_client] Sending sample transaction 54
[2026-05-22T09:19:09.972Z INFO  benchmark_client] Sending sample transaction 55
[2026-05-22T09:19:10.021Z INFO  benchmark_client] Sending sample transaction 56
[2026-05-22T09:19:10.077Z INFO  benchmark_client] Sending sample transaction 57
[2026-05-22T09:19:10.121Z INFO  benchmark_client] Sending sample transaction 58
[2026-05-22T09:19:10.172Z INFO  benchmark_client] Sending sample transaction 59
[2026-05-22T09:19:10.222Z INFO  benchmark_client] Sending sample transaction 60
[2026-05-22T09:19:10.272Z INFO  benchmark_client] Sending sample transaction 61
[2026-05-22T09:19:10.320Z INFO  benchmark_client] Sending sample transaction 62
[2026-05-22T09:19:10.372Z INFO  benchmark_client] Sending sample transaction 63
[2026-05-22T09:19:10.420Z INFO  benchmark_client] Sending sample transaction 64
[2026-05-22T09:19:10.471Z INFO  benchmark_client] Sending sample transaction 65
[2026-05-22T09:19:10.520Z INFO  benchmark_client] Sending sample transaction 66
[2026-05-22T09:19:10.571Z INFO  benchmark_client] Sending sample transaction 67
[2026-05-22T09:19:10.621Z INFO  benchmark_client] Sending sample transaction 68
[2026-05-22T09:19:10.671Z INFO  benchmark_client] Sending sample transaction 69
[2026-05-22T09:19:10.721Z INFO  benchmark_client] Sending sample transaction 70
[2026-05-22T09:19:10.772Z INFO  benchmark_client] Sending sample transaction 71
[2026-05-22T09:19:10.820Z INFO  benchmark_client] Sending sample transaction 72
[2026-05-22T09:19:10.870Z INFO  benchmark_client] Sending sample transaction 73
[2026-05-22T09:19:10.921Z INFO  benchmark_client] Sending sample transaction 74
[2026-05-22T09:19:10.971Z INFO  benchmark_client] Sending sample transaction 75
[2026-05-22T09:19:11.023Z INFO  benchmark_client] Sending sample transaction 76
[2026-05-22T09:19:11.071Z INFO  benchmark_client] Sending sample transaction 77
[2026-05-22T09:19:11.122Z INFO  benchmark_client] Sending sample transaction 78
[2026-05-22T09:19:11.171Z INFO  benchmark_client] Sending sample transaction 79
[2026-05-22T09:19:11.221Z INFO  benchmark_client] Sending sample transaction 80
[2026-05-22T09:19:11.271Z INFO  benchmark_client] Sending sample transaction 81
[2026-05-22T09:19:11.321Z INFO  benchmark_client] Sending sample transaction 82
[2026-05-22T09:19:11.370Z INFO  benchmark_client] Sending sample transaction 83
[2026-05-22T09:19:11.422Z INFO  benchmark_client] Sending sample transaction 84
[2026-05-22T09:19:11.471Z INFO  benchmark_client] Sending sample transaction 85
[2026-05-22T09:19:11.521Z INFO  benchmark_client] Sending sample transaction 86
[2026-05-22T09:19:11.571Z INFO  benchmark_client] Sending sample transaction 87
[2026-05-22T09:19:11.621Z INFO  benchmark_client] Sending sample transaction 88
[2026-05-22T09:19:11.671Z INFO  benchmark_client] Sending sample transaction 89
[2026-05-22T09:19:11.721Z INFO  benchmark_client] Sending sample transaction 90
[2026-05-22T09:19:11.770Z INFO  benchmark_client] Sending sample transaction 91
[2026-05-22T09:19:11.820Z INFO  benchmark_client] Sending sample transaction 92
[2026-05-22T09:19:11.870Z INFO  benchmark_client] Sending sample transaction 93
[2026-05-22T09:19:11.921Z INFO  benchmark_client] Sending sample transaction 94
[2026-05-22T09:19:11.971Z INFO  benchmark_client] Sending sample transaction 95
[2026-05-22T09:19:12.021Z INFO  benchmark_client] Sending sample transaction 96
[2026-05-22T09:19:12.072Z INFO  benchmark_client] Sending sample transaction 97
[2026-05-22T09:19:12.121Z INFO  benchmark_client] Sending sample transaction 98
[2026-05-22T09:19:12.173Z INFO  benchmark_client] Sending sample transaction 99
[2026-05-22T09:19:12.221Z INFO  benchmark_client] Sending sample transaction 100
[2026-05-22T09:19:12.271Z INFO  benchmark_client] Sending sample transaction 101
[2026-05-22T09:19:12.321Z INFO  benchmark_client] Sending sample transaction 102
[2026-05-22T09:19:12.371Z INFO  benchmark_client] Sending sample transaction 103
[2026-05-22T09:19:12.421Z INFO  benchmark_client] Sending sample transaction 104
[2026-05-22T09:19:12.471Z INFO  benchmark_client] Sending sample transaction 105
[2026-05-22T09:19:12.520Z INFO  benchmark_client] Sending sample transaction 106
[2026-05-22T09:19:12.571Z INFO  benchmark_client] Sending sample transaction 107
[2026-05-22T09:19:12.624Z INFO  benchmark_client] Sending sample transaction 108
[2026-05-22T09:19:12.670Z INFO  benchmark_client] Sending sample transaction 109
[2026-05-22T09:19:12.723Z INFO  benchmark_client] Sending sample transaction 110
[2026-05-22T09:19:12.771Z INFO  benchmark_client] Sending sample transaction 111
[2026-05-22T09:19:12.821Z INFO  benchmark_client] Sending sample transaction 112
[2026-05-22T09:19:12.871Z INFO  benchmark_client] Sending sample transaction 113
[2026-05-22T09:19:12.921Z INFO  benchmark_client] Sending sample transaction 114
[2026-05-22T09:19:12.971Z INFO  benchmark_client] Sending sample transaction 115
[2026-05-22T09:19:13.021Z INFO  benchmark_client] Sending sample transaction 116
[2026-05-22T09:19:13.071Z INFO  benchmark_client] Sending sample transaction 117
[2026-05-22T09:19:13.121Z INFO  benchmark_client] Sending sample transaction 118
[2026-05-22T09:19:13.171Z INFO  benchmark_client] Sending sample transaction 119
[2026-05-22T09:19:13.221Z INFO  benchmark_client] Sending sample transaction 120
[2026-05-22T09:19:13.271Z INFO  benchmark_client] Sending sample transaction 121
[2026-05-22T09:19:13.321Z INFO  benchmark_client] Sending sample transaction 122
[2026-05-22T09:19:13.371Z INFO  benchmark_client] Sending sample transaction 123
[2026-05-22T09:19:13.421Z INFO  benchmark_client] Sending sample transaction 124
[2026-05-22T09:19:13.471Z INFO  benchmark_client] Sending sample transaction 125
[2026-05-22T09:19:13.521Z INFO  benchmark_client] Sending sample transaction 126
[2026-05-22T09:19:13.571Z INFO  benchmark_client] Sending sample transaction 127
[2026-05-22T09:19:13.621Z INFO  benchmark_client] Sending sample transaction 128
[2026-05-22T09:19:13.671Z INFO  benchmark_client] Sending sample transaction 129
[2026-05-22T09:19:13.721Z INFO  benchmark_client] Sending sample transaction 130
[2026-05-22T09:19:13.771Z INFO  benchmark_client] Sending sample transaction 131
[2026-05-22T09:19:13.821Z INFO  benchmark_client] Sending sample transaction 132
[2026-05-22T09:19:13.871Z INFO  benchmark_client] Sending sample transaction 133
[2026-05-22T09:19:13.921Z INFO  benchmark_client] Sending sample transaction 134
[2026-05-22T09:19:13.973Z INFO  benchmark_client] Sending sample transaction 135
[2026-05-22T09:19:14.021Z INFO  benchmark_client] Sending sample transaction 136
[2026-05-22T09:19:14.071Z INFO  benchmark_client] Sending sample transaction 137
[2026-05-22T09:19:14.121Z INFO  benchmark_client] Sending sample transaction 138
[2026-05-22T09:19:14.172Z INFO  benchmark_client] Sending sample transaction 139
[2026-05-22T09:19:14.221Z INFO  benchmark_client] Sending sample transaction 140
[2026-05-22T09:19:14.271Z INFO  benchmark_client] Sending sample transaction 141
[2026-05-22T09:19:14.321Z INFO  benchmark_client] Sending sample transaction 142
[2026-05-22T09:19:14.373Z INFO  benchmark_client] Sending sample transaction 143
[2026-05-22T09:19:14.421Z INFO  benchmark_client] Sending sample transaction 144
[2026-05-22T09:19:14.471Z INFO  benchmark_client] Sending sample transaction 145
[2026-05-22T09:19:14.521Z INFO  benchmark_client] Sending sample transaction 146
[2026-05-22T09:19:14.571Z INFO  benchmark_client] Sending sample transaction 147
[2026-05-22T09:19:14.622Z INFO  benchmark_client] Sending sample transaction 148
[2026-05-22T09:19:14.671Z INFO  benchmark_client] Sending sample transaction 149
[2026-05-22T09:19:14.722Z INFO  benchmark_client] Sending sample transaction 150
[2026-05-22T09:19:14.771Z INFO  benchmark_client] Sending sample transaction 151
[2026-05-22T09:19:14.822Z INFO  benchmark_client] Sending sample transaction 152
[2026-05-22T09:19:14.874Z INFO  benchmark_client] Sending sample transaction 153
[2026-05-22T09:19:14.921Z INFO  benchmark_client] Sending sample transaction 154
[2026-05-22T09:19:14.971Z INFO  benchmark_client] Sending sample transaction 155
[2026-05-22T09:19:15.021Z INFO  benchmark_client] Sending sample transaction 156
[2026-05-22T09:19:15.071Z INFO  benchmark_client] Sending sample transaction 157
[2026-05-22T09:19:15.121Z INFO  benchmark_client] Sending sample transaction 158
[2026-05-22T09:19:15.171Z INFO  benchmark_client] Sending sample transaction 159
[2026-05-22T09:19:15.221Z INFO  benchmark_client] Sending sample transaction 160
[2026-05-22T09:19:15.271Z INFO  benchmark_client] Sending sample transaction 161
[2026-05-22T09:19:15.321Z INFO  benchmark_client] Sending sample transaction 162
[2026-05-22T09:19:15.373Z INFO  benchmark_client] Sending sample transaction 163
[2026-05-22T09:19:15.423Z INFO  benchmark_client] Sending sample transaction 164
[2026-05-22T09:19:15.471Z INFO  benchmark_client] Sending sample transaction 165
[2026-05-22T09:19:15.521Z INFO  benchmark_client] Sending sample transaction 166
[2026-05-22T09:19:15.571Z INFO  benchmark_client] Sending sample transaction 167
[2026-05-22T09:19:15.621Z INFO  benchmark_client] Sending sample transaction 168
[2026-05-22T09:19:15.671Z INFO  benchmark_client] Sending sample transaction 169
[2026-05-22T09:19:15.720Z INFO  benchmark_client] Sending sample transaction 170
[2026-05-22T09:19:15.771Z INFO  benchmark_client] Sending sample transaction 171
[2026-05-22T09:19:15.920Z WARN  benchmark_client] Transaction rate too high for this client
[2026-05-22T09:19:15.921Z INFO  benchmark_client] Sending sample transaction 172
[2026-05-22T09:19:15.926Z INFO  benchmark_client] Sending sample transaction 173
[2026-05-22T09:19:15.937Z INFO  benchmark_client] Sending sample transaction 174
[2026-05-22T09:19:16.124Z WARN  benchmark_client] Transaction rate too high for this client
[2026-05-22T09:19:16.126Z INFO  benchmark_client] Sending sample transaction 175
[2026-05-22T09:19:16.133Z INFO  benchmark_client] Sending sample transaction 176
[2026-05-22T09:19:16.135Z INFO  benchmark_client] Sending sample transaction 177
[2026-05-22T09:19:16.172Z INFO  benchmark_client] Sending sample transaction 178
[2026-05-22T09:19:16.181Z INFO  benchmark_client] Sending sample transaction 179
[2026-05-22T09:19:16.223Z INFO  benchmark_client] Sending sample transaction 180
[2026-05-22T09:19:16.270Z INFO  benchmark_client] Sending sample transaction 181
[2026-05-22T09:19:16.321Z INFO  benchmark_client] Sending sample transaction 182
[2026-05-22T09:19:16.372Z INFO  benchmark_client] Sending sample transaction 183
[2026-05-22T09:19:16.422Z INFO  benchmark_client] Sending sample transaction 184
[2026-05-22T09:19:16.471Z INFO  benchmark_client] Sending sample transaction 185
[2026-05-22T09:19:16.521Z INFO  benchmark_client] Sending sample transaction 186
[2026-05-22T09:19:16.573Z INFO  benchmark_client] Sending sample transaction 187
[2026-05-22T09:19:16.621Z INFO  benchmark_client] Sending sample transaction 188
[2026-05-22T09:19:16.671Z INFO  benchmark_client] Sending sample transaction 189
[2026-05-22T09:19:16.721Z INFO  benchmark_client] Sending sample transaction 190
[2026-05-22T09:19:16.772Z INFO  benchmark_client] Sending sample transaction 191
[2026-05-22T09:19:16.821Z INFO  benchmark_client] Sending sample transaction 192
[2026-05-22T09:19:16.871Z INFO  benchmark_client] Sending sample transaction 193
[2026-05-22T09:19:16.921Z INFO  benchmark_client] Sending sample transaction 194
[2026-05-22T09:19:16.971Z INFO  benchmark_client] Sending sample transaction 195
[2026-05-22T09:19:17.021Z INFO  benchmark_client] Sending sample transaction 196
[2026-05-22T09:19:17.070Z INFO  benchmark_client] Sending sample transaction 197
[2026-05-22T09:19:17.121Z INFO  benchmark_client] Sending sample transaction 198
[2026-05-22T09:19:17.171Z INFO  benchmark_client] Sending sample transaction 199
[2026-05-22T09:19:17.224Z INFO  benchmark_client] Sending sample transaction 200
[2026-05-22T09:19:17.273Z INFO  benchmark_client] Sending sample transaction 201
[2026-05-22T09:19:17.321Z INFO  benchmark_client] Sending sample transaction 202
[2026-05-22T09:19:17.371Z INFO  benchmark_client] Sending sample transaction 203
[2026-05-22T09:19:17.421Z INFO  benchmark_client] Sending sample transaction 204
[2026-05-22T09:19:17.471Z INFO  benchmark_client] Sending sample transaction 205
[2026-05-22T09:19:17.521Z INFO  benchmark_client] Sending sample transaction 206
[2026-05-22T09:19:17.571Z INFO  benchmark_client] Sending sample transaction 207
[2026-05-22T09:19:17.621Z INFO  benchmark_client] Sending sample transaction 208
[2026-05-22T09:19:17.671Z INFO  benchmark_client] Sending sample transaction 209
[2026-05-22T09:19:17.721Z INFO  benchmark_client] Sending sample transaction 210
[2026-05-22T09:19:17.773Z INFO  benchmark_client] Sending sample transaction 211
[2026-05-22T09:19:17.823Z INFO  benchmark_client] Sending sample transaction 212
[2026-05-22T09:19:17.871Z INFO  benchmark_client] Sending sample transaction 213
[2026-05-22T09:19:17.927Z INFO  benchmark_client] Sending sample transaction 214
[2026-05-22T09:19:17.971Z INFO  benchmark_client] Sending sample transaction 215
[2026-05-22T09:19:18.022Z INFO  benchmark_client] Sending sample transaction 216
[2026-05-22T09:19:18.071Z INFO  benchmark_client] Sending sample transaction 217
[2026-05-22T09:19:18.123Z INFO  benchmark_client] Sending sample transaction 218
[2026-05-22T09:19:18.171Z INFO  benchmark_client] Sending sample transaction 219
[2026-05-22T09:19:18.221Z INFO  benchmark_client] Sending sample transaction 220
[2026-05-22T09:19:18.271Z INFO  benchmark_client] Sending sample transaction 221
[2026-05-22T09:19:18.321Z INFO  benchmark_client] Sending sample transaction 222
[2026-05-22T09:19:18.371Z INFO  benchmark_client] Sending sample transaction 223
[2026-05-22T09:19:18.421Z INFO  benchmark_client] Sending sample transaction 224
[2026-05-22T09:19:18.471Z INFO  benchmark_client] Sending sample transaction 225
[2026-05-22T09:19:18.521Z INFO  benchmark_client] Sending sample transaction 226
[2026-05-22T09:19:18.572Z INFO  benchmark_client] Sending sample transaction 227
[2026-05-22T09:19:18.625Z INFO  benchmark_client] Sending sample transaction 228
[2026-05-22T09:19:18.671Z INFO  benchmark_client] Sending sample transaction 229
[2026-05-22T09:19:18.723Z INFO  benchmark_client] Sending sample transaction 230
[2026-05-22T09:19:18.771Z INFO  benchmark_client] Sending sample transaction 231
[2026-05-22T09:19:18.821Z INFO  benchmark_client] Sending sample transaction 232
[2026-05-22T09:19:18.871Z INFO  benchmark_client] Sending sample transaction 233
[2026-05-22T09:19:18.921Z INFO  benchmark_client] Sending sample transaction 234
[2026-05-22T09:19:18.971Z INFO  benchmark_client] Sending sample transaction 235
[2026-05-22T09:19:19.021Z INFO  benchmark_client] Sending sample transaction 236
[2026-05-22T09:19:19.071Z INFO  benchmark_client] Sending sample transaction 237
[2026-05-22T09:19:19.121Z INFO  benchmark_client] Sending sample transaction 238
[2026-05-22T09:19:19.172Z INFO  benchmark_client] Sending sample transaction 239
[2026-05-22T09:19:19.221Z INFO  benchmark_client] Sending sample transaction 240
[2026-05-22T09:19:19.273Z INFO  benchmark_client] Sending sample transaction 241
[2026-05-22T09:19:19.321Z INFO  benchmark_client] Sending sample transaction 242
[2026-05-22T09:19:19.371Z INFO  benchmark_client] Sending sample transaction 243
[2026-05-22T09:19:19.421Z INFO  benchmark_client] Sending sample transaction 244
[2026-05-22T09:19:19.473Z INFO  benchmark_client] Sending sample transaction 245
[2026-05-22T09:19:19.521Z INFO  benchmark_client] Sending sample transaction 246
[2026-05-22T09:19:19.571Z INFO  benchmark_client] Sending sample transaction 247
[2026-05-22T09:19:19.621Z INFO  benchmark_client] Sending sample transaction 248
[2026-05-22T09:19:19.671Z INFO  benchmark_client] Sending sample transaction 249
[2026-05-22T09:19:19.721Z INFO  benchmark_client] Sending sample transaction 250
[2026-05-22T09:19:19.772Z INFO  benchmark_client] Sending sample transaction 251
[2026-05-22T09:19:19.822Z INFO  benchmark_client] Sending sample transaction 252
[2026-05-22T09:19:19.871Z INFO  benchmark_client] Sending sample transaction 253
[2026-05-22T09:19:19.924Z INFO  benchmark_client] Sending sample transaction 254
[2026-05-22T09:19:19.973Z INFO  benchmark_client] Sending sample transaction 255
[2026-05-22T09:19:20.024Z INFO  benchmark_client] Sending sample transaction 256
[2026-05-22T09:19:20.071Z INFO  benchmark_client] Sending sample transaction 257
[2026-05-22T09:19:20.122Z INFO  benchmark_client] Sending sample transaction 258
[2026-05-22T09:19:20.172Z INFO  benchmark_client] Sending sample transaction 259
[2026-05-22T09:19:20.222Z INFO  benchmark_client] Sending sample transaction 260
[2026-05-22T09:19:20.272Z INFO  benchmark_client] Sending sample transaction 261
[2026-05-22T09:19:20.324Z INFO  benchmark_client] Sending sample transaction 262
[2026-05-22T09:19:20.372Z INFO  benchmark_client] Sending sample transaction 263
[2026-05-22T09:19:20.424Z INFO  benchmark_client] Sending sample transaction 264
[2026-05-22T09:19:20.473Z INFO  benchmark_client] Sending sample transaction 265
[2026-05-22T09:19:20.521Z INFO  benchmark_client] Sending sample transaction 266
[2026-05-22T09:19:20.577Z INFO  benchmark_client] Sending sample transaction 267
[2026-05-22T09:19:20.623Z INFO  benchmark_client] Sending sample transaction 268
[2026-05-22T09:19:20.672Z INFO  benchmark_client] Sending sample transaction 269
[2026-05-22T09:19:20.721Z INFO  benchmark_client] Sending sample transaction 270
[2026-05-22T09:19:20.773Z INFO  benchmark_client] Sending sample transaction 271
[2026-05-22T09:19:20.821Z INFO  benchmark_client] Sending sample transaction 272
[2026-05-22T09:19:20.872Z INFO  benchmark_client] Sending sample transaction 273
[2026-05-22T09:19:20.921Z INFO  benchmark_client] Sending sample transaction 274
[2026-05-22T09:19:20.971Z INFO  benchmark_client] Sending sample transaction 275
[2026-05-22T09:19:21.021Z INFO  benchmark_client] Sending sample transaction 276
[2026-05-22T09:19:21.073Z INFO  benchmark_client] Sending sample transaction 277
[2026-05-22T09:19:21.121Z INFO  benchmark_client] Sending sample transaction 278
[2026-05-22T09:19:21.171Z INFO  benchmark_client] Sending sample transaction 279
[2026-05-22T09:19:21.221Z INFO  benchmark_client] Sending sample transaction 280
[2026-05-22T09:19:21.271Z INFO  benchmark_client] Sending sample transaction 281
[2026-05-22T09:19:21.321Z INFO  benchmark_client] Sending sample transaction 282
[2026-05-22T09:19:21.371Z INFO  benchmark_client] Sending sample transaction 283
[2026-05-22T09:19:21.422Z INFO  benchmark_client] Sending sample transaction 284
[2026-05-22T09:19:21.471Z INFO  benchmark_client] Sending sample transaction 285
[2026-05-22T09:19:21.521Z INFO  benchmark_client] Sending sample transaction 286
[2026-05-22T09:19:21.573Z INFO  benchmark_client] Sending sample transaction 287
[2026-05-22T09:19:21.623Z INFO  benchmark_client] Sending sample transaction 288
[2026-05-22T09:19:21.709Z WARN  benchmark_client] Transaction rate too high for this client
[2026-05-22T09:19:21.710Z INFO  benchmark_client] Sending sample transaction 289
[2026-05-22T09:19:21.722Z INFO  benchmark_client] Sending sample transaction 290
[2026-05-22T09:19:21.771Z INFO  benchmark_client] Sending sample transaction 291
[2026-05-22T09:19:21.821Z INFO  benchmark_client] Sending sample transaction 292
[2026-05-22T09:19:21.871Z INFO  benchmark_client] Sending sample transaction 293
[2026-05-22T09:19:21.921Z INFO  benchmark_client] Sending sample transaction 294
[2026-05-22T09:19:21.971Z INFO  benchmark_client] Sending sample transaction 295
[2026-05-22T09:19:22.021Z INFO  benchmark_client] Sending sample transaction 296
[2026-05-22T09:19:22.071Z INFO  benchmark_client] Sending sample transaction 297
[2026-05-22T09:19:22.121Z INFO  benchmark_client] Sending sample transaction 298
[2026-05-22T09:19:22.173Z INFO  benchmark_client] Sending sample transaction 299
[2026-05-22T09:19:22.221Z INFO  benchmark_client] Sending sample transaction 300
[2026-05-22T09:19:22.271Z INFO  benchmark_client] Sending sample transaction 301
[2026-05-22T09:19:22.322Z INFO  benchmark_client] Sending sample transaction 302
[2026-05-22T09:19:22.371Z INFO  benchmark_client] Sending sample transaction 303
[2026-05-22T09:19:22.421Z INFO  benchmark_client] Sending sample transaction 304
[2026-05-22T09:19:22.471Z INFO  benchmark_client] Sending sample transaction 305
[2026-05-22T09:19:22.522Z INFO  benchmark_client] Sending sample transaction 306
[2026-05-22T09:19:22.571Z INFO  benchmark_client] Sending sample transaction 307
[2026-05-22T09:19:22.621Z INFO  benchmark_client] Sending sample transaction 308
[2026-05-22T09:19:22.671Z INFO  benchmark_client] Sending sample transaction 309
[2026-05-22T09:19:22.722Z INFO  benchmark_client] Sending sample transaction 310
[2026-05-22T09:19:22.771Z INFO  benchmark_client] Sending sample transaction 311
[2026-05-22T09:19:22.823Z INFO  benchmark_client] Sending sample transaction 312
[2026-05-22T09:19:22.875Z INFO  benchmark_client] Sending sample transaction 313
[2026-05-22T09:19:22.921Z INFO  benchmark_client] Sending sample transaction 314
[2026-05-22T09:19:22.971Z INFO  benchmark_client] Sending sample transaction 315
[2026-05-22T09:19:23.022Z INFO  benchmark_client] Sending sample transaction 316
[2026-05-22T09:19:23.072Z INFO  benchmark_client] Sending sample transaction 317
[2026-05-22T09:19:23.121Z INFO  benchmark_client] Sending sample transaction 318
[2026-05-22T09:19:23.172Z INFO  benchmark_client] Sending sample transaction 319
[2026-05-22T09:19:23.221Z INFO  benchmark_client] Sending sample transaction 320
[2026-05-22T09:19:23.271Z INFO  benchmark_client] Sending sample transaction 321
[2026-05-22T09:19:23.321Z INFO  benchmark_client] Sending sample transaction 322
[2026-05-22T09:19:23.371Z INFO  benchmark_client] Sending sample transaction 323
[2026-05-22T09:19:23.425Z INFO  benchmark_client] Sending sample transaction 324
[2026-05-22T09:19:23.471Z INFO  benchmark_client] Sending sample transaction 325
[2026-05-22T09:19:23.522Z INFO  benchmark_client] Sending sample transaction 326
[2026-05-22T09:19:23.571Z INFO  benchmark_client] Sending sample transaction 327
[2026-05-22T09:19:23.621Z INFO  benchmark_client] Sending sample transaction 328
[2026-05-22T09:19:23.671Z INFO  benchmark_client] Sending sample transaction 329
[2026-05-22T09:19:23.721Z INFO  benchmark_client] Sending sample transaction 330
[2026-05-22T09:19:23.771Z INFO  benchmark_client] Sending sample transaction 331
[2026-05-22T09:19:23.822Z INFO  benchmark_client] Sending sample transaction 332
[2026-05-22T09:19:23.871Z INFO  benchmark_client] Sending sample transaction 333
[2026-05-22T09:19:24.143Z WARN  benchmark_client] Transaction rate too high for this client
[2026-05-22T09:19:24.143Z INFO  benchmark_client] Sending sample transaction 334
[2026-05-22T09:19:24.149Z INFO  benchmark_client] Sending sample transaction 335
[2026-05-22T09:19:24.183Z INFO  benchmark_client] Sending sample transaction 336
[2026-05-22T09:19:24.186Z INFO  benchmark_client] Sending sample transaction 337
[2026-05-22T09:19:24.191Z INFO  benchmark_client] Sending sample transaction 338
[2026-05-22T09:19:24.311Z WARN  benchmark_client] Transaction rate too high for this client
[2026-05-22T09:19:24.311Z INFO  benchmark_client] Sending sample transaction 339
[2026-05-22T09:19:24.321Z INFO  benchmark_client] Sending sample transaction 340
[2026-05-22T09:19:24.428Z WARN  benchmark_client] Transaction rate too high for this client
[2026-05-22T09:19:24.429Z INFO  benchmark_client] Sending sample transaction 341
[2026-05-22T09:19:24.437Z INFO  benchmark_client] Sending sample transaction 342
[2026-05-22T09:19:24.653Z INFO  benchmark_client] Sending sample transaction 343
[2026-05-22T09:19:24.659Z WARN  benchmark_client] Transaction rate too high for this client
[2026-05-22T09:19:24.659Z INFO  benchmark_client] Sending sample transaction 344
[2026-05-22T09:19:24.666Z INFO  benchmark_client] Sending sample transaction 345
[2026-05-22T09:19:24.732Z WARN  benchmark_client] Transaction rate too high for this client
[2026-05-22T09:19:24.734Z INFO  benchmark_client] Sending sample transaction 346
[2026-05-22T09:19:24.738Z INFO  benchmark_client] Sending sample transaction 347
[2026-05-22T09:19:24.801Z WARN  benchmark_client] Transaction rate too high for this client
[2026-05-22T09:19:24.802Z INFO  benchmark_client] Sending sample transaction 348
[2026-05-22T09:19:24.805Z INFO  benchmark_client] Sending sample transaction 349
[2026-05-22T09:19:24.856Z WARN  benchmark_client] Transaction rate too high for this client
[2026-05-22T09:19:24.857Z INFO  benchmark_client] Sending sample transaction 350
[2026-05-22T09:19:24.862Z INFO  benchmark_client] Sending sample transaction 351
[2026-05-22T09:19:24.866Z INFO  benchmark_client] Sending sample transaction 352
[2026-05-22T09:19:24.980Z WARN  benchmark_client] Transaction rate too high for this client
[2026-05-22T09:19:24.981Z INFO  benchmark_client] Sending sample transaction 353
[2026-05-22T09:19:24.983Z INFO  benchmark_client] Sending sample transaction 354
[2026-05-22T09:19:25.100Z INFO  benchmark_client] Sending sample transaction 355
[2026-05-22T09:19:25.104Z WARN  benchmark_client] Transaction rate too high for this client
[2026-05-22T09:19:25.105Z INFO  benchmark_client] Sending sample transaction 356
[2026-05-22T09:19:25.175Z INFO  benchmark_client] Sending sample transaction 357
[2026-05-22T09:19:25.180Z WARN  benchmark_client] Transaction rate too high for this client
[2026-05-22T09:19:25.181Z INFO  benchmark_client] Sending sample transaction 358
[2026-05-22T09:19:25.184Z INFO  benchmark_client] Sending sample transaction 359
[2026-05-22T09:19:25.221Z INFO  benchmark_client] Sending sample transaction 360
[2026-05-22T09:19:25.271Z INFO  benchmark_client] Sending sample transaction 361
[2026-05-22T09:19:25.321Z INFO  benchmark_client] Sending sample transaction 362
[2026-05-22T09:19:25.371Z INFO  benchmark_client] Sending sample transaction 363
[2026-05-22T09:19:25.422Z INFO  benchmark_client] Sending sample transaction 364
[2026-05-22T09:19:25.472Z INFO  benchmark_client] Sending sample transaction 365
[2026-05-22T09:19:25.522Z INFO  benchmark_client] Sending sample transaction 366
[2026-05-22T09:19:25.573Z INFO  benchmark_client] Sending sample transaction 367
[2026-05-22T09:19:25.621Z INFO  benchmark_client] Sending sample transaction 368
[2026-05-22T09:19:25.672Z INFO  benchmark_client] Sending sample transaction 369
[2026-05-22T09:19:25.721Z INFO  benchmark_client] Sending sample transaction 370
[2026-05-22T09:19:25.773Z INFO  benchmark_client] Sending sample transaction 371
[2026-05-22T09:19:25.822Z INFO  benchmark_client] Sending sample transaction 372
[2026-05-22T09:19:25.871Z INFO  benchmark_client] Sending sample transaction 373
[2026-05-22T09:19:25.923Z INFO  benchmark_client] Sending sample transaction 374
[2026-05-22T09:19:25.972Z INFO  benchmark_client] Sending sample transaction 375
[2026-05-22T09:19:26.023Z INFO  benchmark_client] Sending sample transaction 376
[2026-05-22T09:19:26.072Z INFO  benchmark_client] Sending sample transaction 377
[2026-05-22T09:19:26.121Z INFO  benchmark_client] Sending sample transaction 378
[2026-05-22T09:19:26.171Z INFO  benchmark_client] Sending sample transaction 379
[2026-05-22T09:19:26.221Z INFO  benchmark_client] Sending sample transaction 380
[2026-05-22T09:19:26.432Z WARN  benchmark_client] Transaction rate too high for this client
[2026-05-22T09:19:26.435Z INFO  benchmark_client] Sending sample transaction 381
[2026-05-22T09:19:26.444Z INFO  benchmark_client] Sending sample transaction 382
[2026-05-22T09:19:26.484Z INFO  benchmark_client] Sending sample transaction 383
[2026-05-22T09:19:26.489Z INFO  benchmark_client] Sending sample transaction 384
[2026-05-22T09:19:26.495Z INFO  benchmark_client] Sending sample transaction 385
[2026-05-22T09:19:26.521Z INFO  benchmark_client] Sending sample transaction 386
[2026-05-22T09:19:26.767Z WARN  benchmark_client] Transaction rate too high for this client
[2026-05-22T09:19:26.769Z INFO  benchmark_client] Sending sample transaction 387
[2026-05-22T09:19:26.773Z INFO  benchmark_client] Sending sample transaction 388
[2026-05-22T09:19:26.777Z INFO  benchmark_client] Sending sample transaction 389
[2026-05-22T09:19:26.998Z WARN  benchmark_client] Transaction rate too high for this client
[2026-05-22T09:19:27.001Z INFO  benchmark_client] Sending sample transaction 390
[2026-05-22T09:19:27.003Z INFO  benchmark_client] Sending sample transaction 391
[2026-05-22T09:19:27.214Z INFO  benchmark_client] Sending sample transaction 392
[2026-05-22T09:19:27.215Z WARN  benchmark_client] Transaction rate too high for this client
[2026-05-22T09:19:27.216Z INFO  benchmark_client] Sending sample transaction 393
[2026-05-22T09:19:27.223Z INFO  benchmark_client] Sending sample transaction 394
[2026-05-22T09:19:27.294Z WARN  benchmark_client] Transaction rate too high for this client
[2026-05-22T09:19:27.298Z INFO  benchmark_client] Sending sample transaction 395
[2026-05-22T09:19:27.305Z INFO  benchmark_client] Sending sample transaction 396
[2026-05-22T09:19:27.313Z INFO  benchmark_client] Sending sample transaction 397
[2026-05-22T09:19:27.369Z WARN  benchmark_client] Transaction rate too high for this client
[2026-05-22T09:19:27.372Z INFO  benchmark_client] Sending sample transaction 398
[2026-05-22T09:19:27.376Z INFO  benchmark_client] Sending sample transaction 399
[2026-05-22T09:19:27.445Z WARN  benchmark_client] Transaction rate too high for this client
[2026-05-22T09:19:27.446Z INFO  benchmark_client] Sending sample transaction 400
[2026-05-22T09:19:27.452Z INFO  benchmark_client] Sending sample transaction 401
[2026-05-22T09:19:27.514Z INFO  benchmark_client] Sending sample transaction 402
[2026-05-22T09:19:27.520Z WARN  benchmark_client] Transaction rate too high for this client
[2026-05-22T09:19:27.523Z INFO  benchmark_client] Sending sample transaction 403
[2026-05-22T09:19:27.532Z INFO  benchmark_client] Sending sample transaction 404
[2026-05-22T09:19:27.758Z INFO  benchmark_client] Sending sample transaction 405
[2026-05-22T09:19:27.760Z WARN  benchmark_client] Transaction rate too high for this client
[2026-05-22T09:19:27.764Z INFO  benchmark_client] Sending sample transaction 406
[2026-05-22T09:19:27.771Z INFO  benchmark_client] Sending sample transaction 407
[2026-05-22T09:19:27.776Z INFO  benchmark_client] Sending sample transaction 408
[2026-05-22T09:19:27.944Z WARN  benchmark_client] Transaction rate too high for this client
[2026-05-22T09:19:27.945Z INFO  benchmark_client] Sending sample transaction 409
[2026-05-22T09:19:27.952Z INFO  benchmark_client] Sending sample transaction 410
[2026-05-22T09:19:28.059Z INFO  benchmark_client] Sending sample transaction 411
[2026-05-22T09:19:28.066Z WARN  benchmark_client] Transaction rate too high for this client
[2026-05-22T09:19:28.067Z INFO  benchmark_client] Sending sample transaction 412
[2026-05-22T09:19:28.075Z INFO  benchmark_client] Sending sample transaction 413
[2026-05-22T09:19:28.080Z INFO  benchmark_client] Sending sample transaction 414
[2026-05-22T09:19:28.128Z WARN  benchmark_client] Transaction rate too high for this client
[2026-05-22T09:19:28.129Z INFO  benchmark_client] Sending sample transaction 415
[2026-05-22T09:19:28.133Z INFO  benchmark_client] Sending sample transaction 416
[2026-05-22T09:19:28.137Z INFO  benchmark_client] Sending sample transaction 417
[2026-05-22T09:19:28.468Z WARN  benchmark_client] Transaction rate too high for this client
[2026-05-22T09:19:28.470Z INFO  benchmark_client] Sending sample transaction 418
[2026-05-22T09:19:28.474Z INFO  benchmark_client] Sending sample transaction 419
[2026-05-22T09:19:28.529Z WARN  benchmark_client] Transaction rate too high for this client
[2026-05-22T09:19:28.530Z INFO  benchmark_client] Sending sample transaction 420
[2026-05-22T09:19:28.535Z INFO  benchmark_client] Sending sample transaction 421
[2026-05-22T09:19:28.570Z INFO  benchmark_client] Sending sample transaction 422
[2026-05-22T09:19:28.572Z INFO  benchmark_client] Sending sample transaction 423
[2026-05-22T09:19:28.574Z INFO  benchmark_client] Sending sample transaction 424
[2026-05-22T09:19:28.592Z INFO  benchmark_client] Sending sample transaction 425
[2026-05-22T09:19:28.594Z INFO  benchmark_client] Sending sample transaction 426
[2026-05-22T09:19:28.625Z INFO  benchmark_client] Sending sample transaction 427
[2026-05-22T09:19:28.630Z INFO  benchmark_client] Sending sample transaction 428
[2026-05-22T09:19:28.673Z INFO  benchmark_client] Sending sample transaction 429
[2026-05-22T09:19:28.721Z INFO  benchmark_client] Sending sample transaction 430
[2026-05-22T09:19:28.772Z INFO  benchmark_client] Sending sample transaction 431
[2026-05-22T09:19:28.821Z INFO  benchmark_client] Sending sample transaction 432
[2026-05-22T09:19:28.871Z INFO  benchmark_client] Sending sample transaction 433
[2026-05-22T09:19:28.922Z INFO  benchmark_client] Sending sample transaction 434
[2026-05-22T09:19:28.972Z INFO  benchmark_client] Sending sample transaction 435
[2026-05-22T09:19:29.021Z INFO  benchmark_client] Sending sample transaction 436
[2026-05-22T09:19:29.072Z INFO  benchmark_client] Sending sample transaction 437
[2026-05-22T09:19:29.121Z INFO  benchmark_client] Sending sample transaction 438
[2026-05-22T09:19:29.174Z INFO  benchmark_client] Sending sample transaction 439
[2026-05-22T09:19:29.222Z INFO  benchmark_client] Sending sample transaction 440
[2026-05-22T09:19:29.272Z INFO  benchmark_client] Sending sample transaction 441
[2026-05-22T09:19:29.322Z INFO  benchmark_client] Sending sample transaction 442
[2026-05-22T09:19:29.372Z INFO  benchmark_client] Sending sample transaction 443
[2026-05-22T09:19:29.421Z INFO  benchmark_client] Sending sample transaction 444
[2026-05-22T09:19:29.471Z INFO  benchmark_client] Sending sample transaction 445
[2026-05-22T09:19:29.522Z INFO  benchmark_client] Sending sample transaction 446
[2026-05-22T09:19:29.572Z INFO  benchmark_client] Sending sample transaction 447
[2026-05-22T09:19:29.622Z INFO  benchmark_client] Sending sample transaction 448
[2026-05-22T09:19:29.673Z INFO  benchmark_client] Sending sample transaction 449
[2026-05-22T09:19:29.721Z INFO  benchmark_client] Sending sample transaction 450
[2026-05-22T09:19:29.816Z WARN  benchmark_client] Transaction rate too high for this client
[2026-05-22T09:19:29.817Z INFO  benchmark_client] Sending sample transaction 451
[2026-05-22T09:19:29.828Z INFO  benchmark_client] Sending sample transaction 452
[2026-05-22T09:19:29.872Z INFO  benchmark_client] Sending sample transaction 453
[2026-05-22T09:19:29.924Z INFO  benchmark_client] Sending sample transaction 454
[2026-05-22T09:19:30.022Z WARN  benchmark_client] Transaction rate too high for this client
[2026-05-22T09:19:30.023Z INFO  benchmark_client] Sending sample transaction 455
[2026-05-22T09:19:30.039Z INFO  benchmark_client] Sending sample transaction 456
[2026-05-22T09:19:30.076Z INFO  benchmark_client] Sending sample transaction 457
[2026-05-22T09:19:30.221Z INFO  benchmark_client] Sending sample transaction 458
[2026-05-22T09:19:30.225Z WARN  benchmark_client] Transaction rate too high for this client
[2026-05-22T09:19:30.225Z INFO  benchmark_client] Sending sample transaction 459
[2026-05-22T09:19:30.229Z INFO  benchmark_client] Sending sample transaction 460
[2026-05-22T09:19:30.283Z WARN  benchmark_client] Transaction rate too high for this client
[2026-05-22T09:19:30.283Z INFO  benchmark_client] Sending sample transaction 461
[2026-05-22T09:19:30.322Z INFO  benchmark_client] Sending sample transaction 462
[2026-05-22T09:19:30.371Z INFO  benchmark_client] Sending sample transaction 463
[2026-05-22T09:19:30.423Z INFO  benchmark_client] Sending sample transaction 464
[2026-05-22T09:19:30.472Z INFO  benchmark_client] Sending sample transaction 465
[2026-05-22T09:19:30.523Z INFO  benchmark_client] Sending sample transaction 466
[2026-05-22T09:19:30.571Z INFO  benchmark_client] Sending sample transaction 467
[2026-05-22T09:19:30.621Z INFO  benchmark_client] Sending sample transaction 468
[2026-05-22T09:19:30.677Z INFO  benchmark_client] Sending sample transaction 469
[2026-05-22T09:19:30.722Z INFO  benchmark_client] Sending sample transaction 470
[2026-05-22T09:19:30.772Z INFO  benchmark_client] Sending sample transaction 471
[2026-05-22T09:19:30.822Z INFO  benchmark_client] Sending sample transaction 472
[2026-05-22T09:19:30.871Z INFO  benchmark_client] Sending sample transaction 473
[2026-05-22T09:19:30.921Z INFO  benchmark_client] Sending sample transaction 474
[2026-05-22T09:19:30.972Z INFO  benchmark_client] Sending sample transaction 475
[2026-05-22T09:19:31.021Z INFO  benchmark_client] Sending sample transaction 476
[2026-05-22T09:19:31.071Z INFO  benchmark_client] Sending sample transaction 477
[2026-05-22T09:19:31.123Z INFO  benchmark_client] Sending sample transaction 478
[2026-05-22T09:19:31.171Z INFO  benchmark_client] Sending sample transaction 479
[2026-05-22T09:19:31.221Z INFO  benchmark_client] Sending sample transaction 480
[2026-05-22T09:19:31.272Z INFO  benchmark_client] Sending sample transaction 481
[2026-05-22T09:19:31.321Z INFO  benchmark_client] Sending sample transaction 482
[2026-05-22T09:19:31.374Z INFO  benchmark_client] Sending sample transaction 483
[2026-05-22T09:19:31.421Z INFO  benchmark_client] Sending sample transaction 484
[2026-05-22T09:19:31.473Z INFO  benchmark_client] Sending sample transaction 485
[2026-05-22T09:19:31.525Z INFO  benchmark_client] Sending sample transaction 486
[2026-05-22T09:19:31.571Z INFO  benchmark_client] Sending sample transaction 487
[2026-05-22T09:19:31.621Z INFO  benchmark_client] Sending sample transaction 488
[2026-05-22T09:19:31.671Z INFO  benchmark_client] Sending sample transaction 489
[2026-05-22T09:19:31.723Z INFO  benchmark_client] Sending sample transaction 490
[2026-05-22T09:19:31.771Z INFO  benchmark_client] Sending sample transaction 491
[2026-05-22T09:19:31.822Z INFO  benchmark_client] Sending sample transaction 492
[2026-05-22T09:19:31.871Z INFO  benchmark_client] Sending sample transaction 493
[2026-05-22T09:19:31.925Z INFO  benchmark_client] Sending sample transaction 494
[2026-05-22T09:19:31.972Z INFO  benchmark_client] Sending sample transaction 495
[2026-05-22T09:19:32.023Z INFO  benchmark_client] Sending sample transaction 496
[2026-05-22T09:19:32.071Z INFO  benchmark_client] Sending sample transaction 497
[2026-05-22T09:19:32.121Z INFO  benchmark_client] Sending sample transaction 498
[2026-05-22T09:19:32.171Z INFO  benchmark_client] Sending sample transaction 499
[2026-05-22T09:19:32.221Z INFO  benchmark_client] Sending sample transaction 500
[2026-05-22T09:19:32.272Z INFO  benchmark_client] Sending sample transaction 501
[2026-05-22T09:19:32.321Z INFO  benchmark_client] Sending sample transaction 502
[2026-05-22T09:19:32.371Z INFO  benchmark_client] Sending sample transaction 503
[2026-05-22T09:19:32.422Z INFO  benchmark_client] Sending sample transaction 504
[2026-05-22T09:19:32.471Z INFO  benchmark_client] Sending sample transaction 505
[2026-05-22T09:19:32.522Z INFO  benchmark_client] Sending sample transaction 506
[2026-05-22T09:19:32.571Z INFO  benchmark_client] Sending sample transaction 507
[2026-05-22T09:19:32.621Z INFO  benchmark_client] Sending sample transaction 508
[2026-05-22T09:19:32.673Z INFO  benchmark_client] Sending sample transaction 509
[2026-05-22T09:19:32.723Z INFO  benchmark_client] Sending sample transaction 510
[2026-05-22T09:19:32.772Z INFO  benchmark_client] Sending sample transaction 511
[2026-05-22T09:19:32.821Z INFO  benchmark_client] Sending sample transaction 512
[2026-05-22T09:19:32.872Z INFO  benchmark_client] Sending sample transaction 513
[2026-05-22T09:19:32.921Z INFO  benchmark_client] Sending sample transaction 514
[2026-05-22T09:19:32.972Z INFO  benchmark_client] Sending sample transaction 515
[2026-05-22T09:19:33.021Z INFO  benchmark_client] Sending sample transaction 516
[2026-05-22T09:19:33.072Z INFO  benchmark_client] Sending sample transaction 517
[2026-05-22T09:19:33.123Z INFO  benchmark_client] Sending sample transaction 518
[2026-05-22T09:19:33.171Z INFO  benchmark_client] Sending sample transaction 519
[2026-05-22T09:19:33.221Z INFO  benchmark_client] Sending sample transaction 520
[2026-05-22T09:19:33.272Z INFO  benchmark_client] Sending sample transaction 521
[2026-05-22T09:19:33.327Z INFO  benchmark_client] Sending sample transaction 522
[2026-05-22T09:19:33.372Z INFO  benchmark_client] Sending sample transaction 523
[2026-05-22T09:19:33.421Z INFO  benchmark_client] Sending sample transaction 524
[2026-05-22T09:19:33.473Z INFO  benchmark_client] Sending sample transaction 525
[2026-05-22T09:19:33.523Z INFO  benchmark_client] Sending sample transaction 526
[2026-05-22T09:19:33.571Z INFO  benchmark_client] Sending sample transaction 527
[2026-05-22T09:19:33.623Z INFO  benchmark_client] Sending sample transaction 528
[2026-05-22T09:19:33.672Z INFO  benchmark_client] Sending sample transaction 529
[2026-05-22T09:19:33.721Z INFO  benchmark_client] Sending sample transaction 530
[2026-05-22T09:19:33.772Z INFO  benchmark_client] Sending sample transaction 531
[2026-05-22T09:19:33.946Z INFO  benchmark_client] Sending sample transaction 532
[2026-05-22T09:19:33.947Z WARN  benchmark_client] Transaction rate too high for this client
[2026-05-22T09:19:33.952Z INFO  benchmark_client] Sending sample transaction 533
[2026-05-22T09:19:33.957Z INFO  benchmark_client] Sending sample transaction 534
[2026-05-22T09:19:33.971Z INFO  benchmark_client] Sending sample transaction 535
[2026-05-22T09:19:34.021Z INFO  benchmark_client] Sending sample transaction 536
[2026-05-22T09:19:34.071Z INFO  benchmark_client] Sending sample transaction 537
[2026-05-22T09:19:34.122Z INFO  benchmark_client] Sending sample transaction 538
[2026-05-22T09:19:34.354Z INFO  benchmark_client] Sending sample transaction 539
[2026-05-22T09:19:34.356Z WARN  benchmark_client] Transaction rate too high for this client
[2026-05-22T09:19:34.360Z INFO  benchmark_client] Sending sample transaction 540
[2026-05-22T09:19:34.365Z INFO  benchmark_client] Sending sample transaction 541
[2026-05-22T09:19:34.454Z WARN  benchmark_client] Transaction rate too high for this client
[2026-05-22T09:19:34.457Z INFO  benchmark_client] Sending sample transaction 542
[2026-05-22T09:19:34.462Z INFO  benchmark_client] Sending sample transaction 543
[2026-05-22T09:19:34.513Z INFO  benchmark_client] Sending sample transaction 544
[2026-05-22T09:19:34.514Z WARN  benchmark_client] Transaction rate too high for this client
[2026-05-22T09:19:34.517Z INFO  benchmark_client] Sending sample transaction 545
[2026-05-22T09:19:34.521Z INFO  benchmark_client] Sending sample transaction 546
[2026-05-22T09:19:34.576Z WARN  benchmark_client] Transaction rate too high for this client
[2026-05-22T09:19:34.578Z INFO  benchmark_client] Sending sample transaction 547
[2026-05-22T09:19:34.622Z INFO  benchmark_client] Sending sample transaction 548
[2026-05-22T09:19:34.671Z INFO  benchmark_client] Sending sample transaction 549
[2026-05-22T09:19:34.722Z INFO  benchmark_client] Sending sample transaction 550
[2026-05-22T09:19:34.774Z INFO  benchmark_client] Sending sample transaction 551
[2026-05-22T09:19:34.823Z INFO  benchmark_client] Sending sample transaction 552
[2026-05-22T09:19:34.872Z INFO  benchmark_client] Sending sample transaction 553
[2026-05-22T09:19:34.921Z INFO  benchmark_client] Sending sample transaction 554
[2026-05-22T09:19:34.972Z INFO  benchmark_client] Sending sample transaction 555
[2026-05-22T09:19:35.023Z INFO  benchmark_client] Sending sample transaction 556
[2026-05-22T09:19:35.071Z INFO  benchmark_client] Sending sample transaction 557
[2026-05-22T09:19:35.121Z INFO  benchmark_client] Sending sample transaction 558
[2026-05-22T09:19:35.172Z INFO  benchmark_client] Sending sample transaction 559
[2026-05-22T09:19:35.224Z INFO  benchmark_client] Sending sample transaction 560
[2026-05-22T09:19:35.271Z INFO  benchmark_client] Sending sample transaction 561
[2026-05-22T09:19:35.324Z INFO  benchmark_client] Sending sample transaction 562
[2026-05-22T09:19:35.373Z INFO  benchmark_client] Sending sample transaction 563
[2026-05-22T09:19:35.421Z INFO  benchmark_client] Sending sample transaction 564
[2026-05-22T09:19:35.472Z INFO  benchmark_client] Sending sample transaction 565
[2026-05-22T09:19:35.523Z INFO  benchmark_client] Sending sample transaction 566
[2026-05-22T09:19:35.571Z INFO  benchmark_client] Sending sample transaction 567
[2026-05-22T09:19:35.622Z INFO  benchmark_client] Sending sample transaction 568
[2026-05-22T09:19:35.672Z INFO  benchmark_client] Sending sample transaction 569
[2026-05-22T09:19:35.723Z INFO  benchmark_client] Sending sample transaction 570
[2026-05-22T09:19:35.771Z INFO  benchmark_client] Sending sample transaction 571
[2026-05-22T09:19:35.822Z INFO  benchmark_client] Sending sample transaction 572
[2026-05-22T09:19:35.871Z INFO  benchmark_client] Sending sample transaction 573
[2026-05-22T09:19:35.922Z INFO  benchmark_client] Sending sample transaction 574
[2026-05-22T09:19:35.972Z INFO  benchmark_client] Sending sample transaction 575
[2026-05-22T09:19:36.023Z INFO  benchmark_client] Sending sample transaction 576
[2026-05-22T09:19:36.072Z INFO  benchmark_client] Sending sample transaction 577
[2026-05-22T09:19:36.127Z INFO  benchmark_client] Sending sample transaction 578
[2026-05-22T09:19:36.173Z INFO  benchmark_client] Sending sample transaction 579
[2026-05-22T09:19:36.221Z INFO  benchmark_client] Sending sample transaction 580
[2026-05-22T09:19:36.272Z INFO  benchmark_client] Sending sample transaction 581
[2026-05-22T09:19:36.321Z INFO  benchmark_client] Sending sample transaction 582
[2026-05-22T09:19:36.372Z INFO  benchmark_client] Sending sample transaction 583
[2026-05-22T09:19:36.421Z INFO  benchmark_client] Sending sample transaction 584
[2026-05-22T09:19:36.471Z INFO  benchmark_client] Sending sample transaction 585
[2026-05-22T09:19:36.521Z INFO  benchmark_client] Sending sample transaction 586
[2026-05-22T09:19:36.572Z INFO  benchmark_client] Sending sample transaction 587
[2026-05-22T09:19:36.623Z INFO  benchmark_client] Sending sample transaction 588
[2026-05-22T09:19:36.672Z INFO  benchmark_client] Sending sample transaction 589
[2026-05-22T09:19:36.721Z INFO  benchmark_client] Sending sample transaction 590
[2026-05-22T09:19:36.771Z INFO  benchmark_client] Sending sample transaction 591
[2026-05-22T09:19:36.822Z INFO  benchmark_client] Sending sample transaction 592
[2026-05-22T09:19:36.872Z INFO  benchmark_client] Sending sample transaction 593
[2026-05-22T09:19:36.924Z INFO  benchmark_client] Sending sample transaction 594
[2026-05-22T09:19:36.971Z INFO  benchmark_client] Sending sample transaction 595
[2026-05-22T09:19:37.021Z INFO  benchmark_client] Sending sample transaction 596
[2026-05-22T09:19:37.072Z INFO  benchmark_client] Sending sample transaction 597
[2026-05-22T09:19:37.123Z INFO  benchmark_client] Sending sample transaction 598
[2026-05-22T09:19:37.174Z INFO  benchmark_client] Sending sample transaction 599
[2026-05-22T09:19:37.221Z INFO  benchmark_client] Sending sample transaction 600
[2026-05-22T09:19:37.272Z INFO  benchmark_client] Sending sample transaction 601
[2026-05-22T09:19:37.325Z INFO  benchmark_client] Sending sample transaction 602
[2026-05-22T09:19:37.371Z INFO  benchmark_client] Sending sample transaction 603
[2026-05-22T09:19:37.421Z INFO  benchmark_client] Sending sample transaction 604
[2026-05-22T09:19:37.472Z INFO  benchmark_client] Sending sample transaction 605
[2026-05-22T09:19:37.523Z INFO  benchmark_client] Sending sample transaction 606
[2026-05-22T09:19:37.575Z INFO  benchmark_client] Sending sample transaction 607
[2026-05-22T09:19:37.624Z INFO  benchmark_client] Sending sample transaction 608
[2026-05-22T09:19:37.673Z INFO  benchmark_client] Sending sample transaction 609
[2026-05-22T09:19:37.722Z INFO  benchmark_client] Sending sample transaction 610
[2026-05-22T09:19:37.772Z INFO  benchmark_client] Sending sample transaction 611
[2026-05-22T09:19:37.822Z INFO  benchmark_client] Sending sample transaction 612
[2026-05-22T09:19:37.873Z INFO  benchmark_client] Sending sample transaction 613
[2026-05-22T09:19:37.922Z INFO  benchmark_client] Sending sample transaction 614
[2026-05-22T09:19:37.972Z INFO  benchmark_client] Sending sample transaction 615
[2026-05-22T09:19:38.021Z INFO  benchmark_client] Sending sample transaction 616
[2026-05-22T09:19:38.071Z INFO  benchmark_client] Sending sample transaction 617
[2026-05-22T09:19:38.122Z INFO  benchmark_client] Sending sample transaction 618
[2026-05-22T09:19:38.174Z INFO  benchmark_client] Sending sample transaction 619
[2026-05-22T09:19:38.222Z INFO  benchmark_client] Sending sample transaction 620
[2026-05-22T09:19:38.272Z INFO  benchmark_client] Sending sample transaction 621
[2026-05-22T09:19:38.322Z INFO  benchmark_client] Sending sample transaction 622
[2026-05-22T09:19:38.372Z INFO  benchmark_client] Sending sample transaction 623
[2026-05-22T09:19:38.422Z INFO  benchmark_client] Sending sample transaction 624
[2026-05-22T09:19:38.471Z INFO  benchmark_client] Sending sample transaction 625
[2026-05-22T09:19:38.523Z INFO  benchmark_client] Sending sample transaction 626
[2026-05-22T09:19:38.573Z INFO  benchmark_client] Sending sample transaction 627
[2026-05-22T09:19:38.622Z INFO  benchmark_client] Sending sample transaction 628
[2026-05-22T09:19:38.674Z INFO  benchmark_client] Sending sample transaction 629
[2026-05-22T09:19:38.722Z INFO  benchmark_client] Sending sample transaction 630
[2026-05-22T09:19:38.772Z INFO  benchmark_client] Sending sample transaction 631
[2026-05-22T09:19:38.824Z INFO  benchmark_client] Sending sample transaction 632
[2026-05-22T09:19:38.871Z INFO  benchmark_client] Sending sample transaction 633
[2026-05-22T09:19:38.922Z INFO  benchmark_client] Sending sample transaction 634
[2026-05-22T09:19:38.972Z INFO  benchmark_client] Sending sample transaction 635
[2026-05-22T09:19:39.022Z INFO  benchmark_client] Sending sample transaction 636
[2026-05-22T09:19:39.073Z INFO  benchmark_client] Sending sample transaction 637
[2026-05-22T09:19:39.122Z INFO  benchmark_client] Sending sample transaction 638
[2026-05-22T09:19:39.173Z INFO  benchmark_client] Sending sample transaction 639
[2026-05-22T09:19:39.226Z INFO  benchmark_client] Sending sample transaction 640
[2026-05-22T09:19:39.272Z INFO  benchmark_client] Sending sample transaction 641
[2026-05-22T09:19:39.322Z INFO  benchmark_client] Sending sample transaction 642
[2026-05-22T09:19:39.371Z INFO  benchmark_client] Sending sample transaction 643
[2026-05-22T09:19:39.423Z INFO  benchmark_client] Sending sample transaction 644
[2026-05-22T09:19:39.472Z INFO  benchmark_client] Sending sample transaction 645
[2026-05-22T09:19:39.525Z INFO  benchmark_client] Sending sample transaction 646
[2026-05-22T09:19:39.572Z INFO  benchmark_client] Sending sample transaction 647
[2026-05-22T09:19:39.622Z INFO  benchmark_client] Sending sample transaction 648
[2026-05-22T09:19:39.673Z INFO  benchmark_client] Sending sample transaction 649
[2026-05-22T09:19:39.723Z INFO  benchmark_client] Sending sample transaction 650
[2026-05-22T09:19:39.772Z INFO  benchmark_client] Sending sample transaction 651
[2026-05-22T09:19:39.821Z INFO  benchmark_client] Sending sample transaction 652
[2026-05-22T09:19:39.872Z INFO  benchmark_client] Sending sample transaction 653
[2026-05-22T09:19:40.107Z WARN  benchmark_client] Transaction rate too high for this client
[2026-05-22T09:19:40.109Z INFO  benchmark_client] Sending sample transaction 654
[2026-05-22T09:19:40.115Z INFO  benchmark_client] Sending sample transaction 655
[2026-05-22T09:19:40.161Z INFO  benchmark_client] Sending sample transaction 656
[2026-05-22T09:19:40.165Z INFO  benchmark_client] Sending sample transaction 657
[2026-05-22T09:19:40.235Z INFO  benchmark_client] Sending sample transaction 658
[2026-05-22T09:19:40.238Z WARN  benchmark_client] Transaction rate too high for this client
[2026-05-22T09:19:40.239Z INFO  benchmark_client] Sending sample transaction 659
[2026-05-22T09:19:40.245Z INFO  benchmark_client] Sending sample transaction 660
[2026-05-22T09:19:40.341Z WARN  benchmark_client] Transaction rate too high for this client
[2026-05-22T09:19:40.343Z INFO  benchmark_client] Sending sample transaction 661
[2026-05-22T09:19:40.348Z INFO  benchmark_client] Sending sample transaction 662
[2026-05-22T09:19:40.372Z INFO  benchmark_client] Sending sample transaction 663
[2026-05-22T09:19:40.421Z INFO  benchmark_client] Sending sample transaction 664
[2026-05-22T09:19:40.472Z INFO  benchmark_client] Sending sample transaction 665
[2026-05-22T09:19:40.522Z INFO  benchmark_client] Sending sample transaction 666
[2026-05-22T09:19:40.573Z INFO  benchmark_client] Sending sample transaction 667
[2026-05-22T09:19:40.622Z INFO  benchmark_client] Sending sample transaction 668
[2026-05-22T09:19:40.672Z INFO  benchmark_client] Sending sample transaction 669
[2026-05-22T09:19:40.721Z INFO  benchmark_client] Sending sample transaction 670
[2026-05-22T09:19:40.774Z INFO  benchmark_client] Sending sample transaction 671
[2026-05-22T09:19:40.821Z INFO  benchmark_client] Sending sample transaction 672
[2026-05-22T09:19:40.871Z INFO  benchmark_client] Sending sample transaction 673
[2026-05-22T09:19:40.921Z INFO  benchmark_client] Sending sample transaction 674
[2026-05-22T09:19:40.976Z INFO  benchmark_client] Sending sample transaction 675
[2026-05-22T09:19:41.022Z INFO  benchmark_client] Sending sample transaction 676
[2026-05-22T09:19:41.072Z INFO  benchmark_client] Sending sample transaction 677
[2026-05-22T09:19:41.125Z INFO  benchmark_client] Sending sample transaction 678
[2026-05-22T09:19:41.174Z INFO  benchmark_client] Sending sample transaction 679
[2026-05-22T09:19:41.225Z INFO  benchmark_client] Sending sample transaction 680
[2026-05-22T09:19:41.272Z INFO  benchmark_client] Sending sample transaction 681
[2026-05-22T09:19:41.325Z INFO  benchmark_client] Sending sample transaction 682
[2026-05-22T09:19:41.376Z INFO  benchmark_client] Sending sample transaction 683
[2026-05-22T09:19:41.422Z INFO  benchmark_client] Sending sample transaction 684
[2026-05-22T09:19:41.472Z INFO  benchmark_client] Sending sample transaction 685
[2026-05-22T09:19:41.523Z INFO  benchmark_client] Sending sample transaction 686
[2026-05-22T09:19:41.573Z INFO  benchmark_client] Sending sample transaction 687
[2026-05-22T09:19:41.622Z INFO  benchmark_client] Sending sample transaction 688
[2026-05-22T09:19:41.672Z INFO  benchmark_client] Sending sample transaction 689
[2026-05-22T09:19:41.722Z INFO  benchmark_client] Sending sample transaction 690
[2026-05-22T09:19:41.776Z INFO  benchmark_client] Sending sample transaction 691
[2026-05-22T09:19:41.822Z INFO  benchmark_client] Sending sample transaction 692
[2026-05-22T09:19:41.874Z INFO  benchmark_client] Sending sample transaction 693
[2026-05-22T09:19:41.922Z INFO  benchmark_client] Sending sample transaction 694
[2026-05-22T09:19:41.972Z INFO  benchmark_client] Sending sample transaction 695
[2026-05-22T09:19:42.022Z INFO  benchmark_client] Sending sample transaction 696
[2026-05-22T09:19:42.072Z INFO  benchmark_client] Sending sample transaction 697
[2026-05-22T09:19:42.123Z INFO  benchmark_client] Sending sample transaction 698
[2026-05-22T09:19:42.172Z INFO  benchmark_client] Sending sample transaction 699
[2026-05-22T09:19:42.222Z INFO  benchmark_client] Sending sample transaction 700
[2026-05-22T09:19:42.272Z INFO  benchmark_client] Sending sample transaction 701
[2026-05-22T09:19:42.322Z INFO  benchmark_client] Sending sample transaction 702
[2026-05-22T09:19:42.372Z INFO  benchmark_client] Sending sample transaction 703
[2026-05-22T09:19:42.494Z WARN  benchmark_client] Transaction rate too high for this client
[2026-05-22T09:19:42.501Z INFO  benchmark_client] Sending sample transaction 704
[2026-05-22T09:19:42.507Z INFO  benchmark_client] Sending sample transaction 705
[2026-05-22T09:19:42.603Z INFO  benchmark_client] Sending sample transaction 706
[2026-05-22T09:19:42.608Z WARN  benchmark_client] Transaction rate too high for this client
[2026-05-22T09:19:42.609Z INFO  benchmark_client] Sending sample transaction 707
[2026-05-22T09:19:42.624Z INFO  benchmark_client] Sending sample transaction 708
[2026-05-22T09:19:42.672Z INFO  benchmark_client] Sending sample transaction 709
[2026-05-22T09:19:42.869Z WARN  benchmark_client] Transaction rate too high for this client
[2026-05-22T09:19:42.870Z INFO  benchmark_client] Sending sample transaction 710
[2026-05-22T09:19:42.874Z INFO  benchmark_client] Sending sample transaction 711
[2026-05-22T09:19:42.928Z WARN  benchmark_client] Transaction rate too high for this client
[2026-05-22T09:19:42.930Z INFO  benchmark_client] Sending sample transaction 712
[2026-05-22T09:19:42.934Z INFO  benchmark_client] Sending sample transaction 713
[2026-05-22T09:19:42.940Z INFO  benchmark_client] Sending sample transaction 714
[2026-05-22T09:19:42.979Z INFO  benchmark_client] Sending sample transaction 715
[2026-05-22T09:19:43.023Z INFO  benchmark_client] Sending sample transaction 716
[2026-05-22T09:19:43.072Z INFO  benchmark_client] Sending sample transaction 717
[2026-05-22T09:19:43.122Z INFO  benchmark_client] Sending sample transaction 718
[2026-05-22T09:19:43.174Z INFO  benchmark_client] Sending sample transaction 719
[2026-05-22T09:19:43.302Z INFO  benchmark_client] Sending sample transaction 720
[2026-05-22T09:19:43.303Z WARN  benchmark_client] Transaction rate too high for this client
[2026-05-22T09:19:43.306Z INFO  benchmark_client] Sending sample transaction 721
[2026-05-22T09:19:43.322Z INFO  benchmark_client] Sending sample transaction 722
[2026-05-22T09:19:43.374Z INFO  benchmark_client] Sending sample transaction 723
[2026-05-22T09:19:43.424Z INFO  benchmark_client] Sending sample transaction 724
[2026-05-22T09:19:43.472Z INFO  benchmark_client] Sending sample transaction 725
[2026-05-22T09:19:43.551Z WARN  benchmark_client] Transaction rate too high for this client
[2026-05-22T09:19:43.554Z INFO  benchmark_client] Sending sample transaction 726
[2026-05-22T09:19:43.572Z INFO  benchmark_client] Sending sample transaction 727
[2026-05-22T09:19:43.622Z INFO  benchmark_client] Sending sample transaction 728
[2026-05-22T09:19:44.133Z WARN  benchmark_client] Transaction rate too high for this client
[2026-05-22T09:19:44.139Z INFO  benchmark_client] Sending sample transaction 729
[2026-05-22T09:19:44.143Z INFO  benchmark_client] Sending sample transaction 730
[2026-05-22T09:19:44.377Z INFO  benchmark_client] Sending sample transaction 731
[2026-05-22T09:19:44.383Z WARN  benchmark_client] Transaction rate too high for this client
[2026-05-22T09:19:44.391Z INFO  benchmark_client] Sending sample transaction 732
[2026-05-22T09:19:44.396Z INFO  benchmark_client] Sending sample transaction 733
[2026-05-22T09:19:44.595Z WARN  benchmark_client] Transaction rate too high for this client
[2026-05-22T09:19:44.598Z INFO  benchmark_client] Sending sample transaction 734
[2026-05-22T09:19:44.603Z INFO  benchmark_client] Sending sample transaction 735
[2026-05-22T09:19:44.671Z WARN  benchmark_client] Transaction rate too high for this client
[2026-05-22T09:19:44.673Z INFO  benchmark_client] Sending sample transaction 736
[2026-05-22T09:19:44.679Z INFO  benchmark_client] Sending sample transaction 737
[2026-05-22T09:19:44.687Z INFO  benchmark_client] Sending sample transaction 738
[2026-05-22T09:19:44.723Z INFO  benchmark_client] Sending sample transaction 739
[2026-05-22T09:19:44.727Z INFO  benchmark_client] Sending sample transaction 740
[2026-05-22T09:19:44.731Z INFO  benchmark_client] Sending sample transaction 741
[2026-05-22T09:19:44.808Z WARN  benchmark_client] Transaction rate too high for this client
[2026-05-22T09:19:44.809Z INFO  benchmark_client] Sending sample transaction 742
[2026-05-22T09:19:44.814Z INFO  benchmark_client] Sending sample transaction 743
[2026-05-22T09:19:44.858Z INFO  benchmark_client] Sending sample transaction 744
[2026-05-22T09:19:44.861Z INFO  benchmark_client] Sending sample transaction 745
[2026-05-22T09:19:44.865Z INFO  benchmark_client] Sending sample transaction 746
[2026-05-22T09:19:44.916Z INFO  benchmark_client] Sending sample transaction 747
[2026-05-22T09:19:44.918Z WARN  benchmark_client] Transaction rate too high for this client
[2026-05-22T09:19:44.920Z INFO  benchmark_client] Sending sample transaction 748
[2026-05-22T09:19:44.927Z INFO  benchmark_client] Sending sample transaction 749
[2026-05-22T09:19:45.151Z WARN  benchmark_client] Transaction rate too high for this client
[2026-05-22T09:19:45.153Z INFO  benchmark_client] Sending sample transaction 750
[2026-05-22T09:19:45.159Z INFO  benchmark_client] Sending sample transaction 751
[2026-05-22T09:19:45.213Z INFO  benchmark_client] Sending sample transaction 752
[2026-05-22T09:19:45.216Z WARN  benchmark_client] Transaction rate too high for this client
[2026-05-22T09:19:45.220Z INFO  benchmark_client] Sending sample transaction 753
[2026-05-22T09:19:45.322Z INFO  benchmark_client] Sending sample transaction 754
[2026-05-22T09:19:45.322Z WARN  benchmark_client] Transaction rate too high for this client
[2026-05-22T09:19:45.325Z INFO  benchmark_client] Sending sample transaction 755
[2026-05-22T09:19:45.329Z INFO  benchmark_client] Sending sample transaction 756
[2026-05-22T09:19:45.390Z WARN  benchmark_client] Transaction rate too high for this client
[2026-05-22T09:19:45.393Z INFO  benchmark_client] Sending sample transaction 757
[2026-05-22T09:19:45.398Z INFO  benchmark_client] Sending sample transaction 758
[2026-05-22T09:19:45.469Z INFO  benchmark_client] Sending sample transaction 759
[2026-05-22T09:19:45.471Z WARN  benchmark_client] Transaction rate too high for this client
[2026-05-22T09:19:45.472Z INFO  benchmark_client] Sending sample transaction 760
[2026-05-22T09:19:45.476Z INFO  benchmark_client] Sending sample transaction 761
[2026-05-22T09:19:45.529Z INFO  benchmark_client] Sending sample transaction 762
[2026-05-22T09:19:45.530Z WARN  benchmark_client] Transaction rate too high for this client
[2026-05-22T09:19:45.531Z INFO  benchmark_client] Sending sample transaction 763
[2026-05-22T09:19:45.533Z INFO  benchmark_client] Sending sample transaction 764
[2026-05-22T09:19:45.582Z INFO  benchmark_client] Sending sample transaction 765
[2026-05-22T09:19:45.584Z INFO  benchmark_client] Sending sample transaction 766
[2026-05-22T09:19:45.586Z INFO  benchmark_client] Sending sample transaction 767
[2026-05-22T09:19:45.629Z INFO  benchmark_client] Sending sample transaction 768
[2026-05-22T09:19:45.673Z INFO  benchmark_client] Sending sample transaction 769
[2026-05-22T09:19:46.649Z INFO  benchmark_client] Sending sample transaction 770
[2026-05-22T09:19:46.653Z WARN  benchmark_client] Transaction rate too high for this client
[2026-05-22T09:19:46.655Z INFO  benchmark_client] Sending sample transaction 771
[2026-05-22T09:19:46.662Z INFO  benchmark_client] Sending sample transaction 772
[2026-05-22T09:19:46.838Z INFO  benchmark_client] Sending sample transaction 773
[2026-05-22T09:19:46.839Z WARN  benchmark_client] Transaction rate too high for this client
[2026-05-22T09:19:46.844Z INFO  benchmark_client] Sending sample transaction 774
[2026-05-22T09:19:46.850Z INFO  benchmark_client] Sending sample transaction 775
[2026-05-22T09:19:46.936Z INFO  benchmark_client] Sending sample transaction 776
[2026-05-22T09:19:46.937Z WARN  benchmark_client] Transaction rate too high for this client
[2026-05-22T09:19:46.943Z INFO  benchmark_client] Sending sample transaction 777
[2026-05-22T09:19:46.945Z INFO  benchmark_client] Sending sample transaction 778
[2026-05-22T09:19:46.987Z INFO  benchmark_client] Sending sample transaction 779
[2026-05-22T09:19:46.991Z INFO  benchmark_client] Sending sample transaction 780
[2026-05-22T09:19:47.073Z INFO  benchmark_client] Sending sample transaction 781
[2026-05-22T09:19:47.074Z WARN  benchmark_client] Transaction rate too high for this client
[2026-05-22T09:19:47.078Z INFO  benchmark_client] Sending sample transaction 782
[2026-05-22T09:19:47.082Z INFO  benchmark_client] Sending sample transaction 783
[2026-05-22T09:19:47.267Z INFO  benchmark_client] Sending sample transaction 784
[2026-05-22T09:19:47.269Z WARN  benchmark_client] Transaction rate too high for this client
[2026-05-22T09:19:47.272Z INFO  benchmark_client] Sending sample transaction 785
[2026-05-22T09:19:47.277Z INFO  benchmark_client] Sending sample transaction 786
[2026-05-22T09:19:47.360Z WARN  benchmark_client] Transaction rate too high for this client
[2026-05-22T09:19:47.362Z INFO  benchmark_client] Sending sample transaction 787
[2026-05-22T09:19:47.368Z INFO  benchmark_client] Sending sample transaction 788
[2026-05-22T09:19:47.412Z INFO  benchmark_client] Sending sample transaction 789
[2026-05-22T09:19:47.416Z INFO  benchmark_client] Sending sample transaction 790
[2026-05-22T09:19:47.421Z INFO  benchmark_client] Sending sample transaction 791
[2026-05-22T09:19:47.639Z WARN  benchmark_client] Transaction rate too high for this client
[2026-05-22T09:19:47.641Z INFO  benchmark_client] Sending sample transaction 792
[2026-05-22T09:19:47.646Z INFO  benchmark_client] Sending sample transaction 793
[2026-05-22T09:19:47.671Z INFO  benchmark_client] Sending sample transaction 794
[2026-05-22T09:19:47.677Z INFO  benchmark_client] Sending sample transaction 795
[2026-05-22T09:19:47.796Z INFO  benchmark_client] Sending sample transaction 796
[2026-05-22T09:19:47.797Z WARN  benchmark_client] Transaction rate too high for this client
[2026-05-22T09:19:47.799Z INFO  benchmark_client] Sending sample transaction 797
[2026-05-22T09:19:47.805Z INFO  benchmark_client] Sending sample transaction 798
[2026-05-22T09:19:47.863Z WARN  benchmark_client] Transaction rate too high for this client
[2026-05-22T09:19:47.866Z INFO  benchmark_client] Sending sample transaction 799
[2026-05-22T09:19:47.870Z INFO  benchmark_client] Sending sample transaction 800
[2026-05-22T09:19:47.964Z WARN  benchmark_client] Transaction rate too high for this client
[2026-05-22T09:19:47.966Z INFO  benchmark_client] Sending sample transaction 801
[2026-05-22T09:19:47.974Z INFO  benchmark_client] Sending sample transaction 802
[2026-05-22T09:19:47.996Z INFO  benchmark_client] Sending sample transaction 803
[2026-05-22T09:19:47.998Z INFO  benchmark_client] Sending sample transaction 804
[2026-05-22T09:19:48.000Z INFO  benchmark_client] Sending sample transaction 805
[2026-05-22T09:19:48.047Z INFO  benchmark_client] Sending sample transaction 806
[2026-05-22T09:19:48.051Z INFO  benchmark_client] Sending sample transaction 807
[2026-05-22T09:19:48.054Z INFO  benchmark_client] Sending sample transaction 808
[2026-05-22T09:19:48.059Z INFO  benchmark_client] Sending sample transaction 809
[2026-05-22T09:19:48.102Z INFO  benchmark_client] Sending sample transaction 810
[2026-05-22T09:19:48.107Z INFO  benchmark_client] Sending sample transaction 811
[2026-05-22T09:19:48.256Z INFO  benchmark_client] Sending sample transaction 812
[2026-05-22T09:19:48.259Z WARN  benchmark_client] Transaction rate too high for this client
[2026-05-22T09:19:48.261Z INFO  benchmark_client] Sending sample transaction 813
[2026-05-22T09:19:48.366Z INFO  benchmark_client] Sending sample transaction 814
[2026-05-22T09:19:48.366Z WARN  benchmark_client] Transaction rate too high for this client
[2026-05-22T09:19:48.373Z INFO  benchmark_client] Sending sample transaction 815
[2026-05-22T09:19:48.413Z INFO  benchmark_client] Sending sample transaction 816
[2026-05-22T09:19:48.417Z INFO  benchmark_client] Sending sample transaction 817
[2026-05-22T09:19:48.421Z INFO  benchmark_client] Sending sample transaction 818
[2026-05-22T09:19:48.425Z INFO  benchmark_client] Sending sample transaction 819
[2026-05-22T09:19:48.504Z WARN  benchmark_client] Transaction rate too high for this client
[2026-05-22T09:19:48.507Z INFO  benchmark_client] Sending sample transaction 820
[2026-05-22T09:19:48.512Z INFO  benchmark_client] Sending sample transaction 821
[2026-05-22T09:19:48.562Z INFO  benchmark_client] Sending sample transaction 822
[2026-05-22T09:19:48.566Z INFO  benchmark_client] Sending sample transaction 823
[2026-05-22T09:19:48.749Z INFO  benchmark_client] Sending sample transaction 824
[2026-05-22T09:19:48.749Z WARN  benchmark_client] Transaction rate too high for this client
[2026-05-22T09:19:48.753Z INFO  benchmark_client] Sending sample transaction 825
[2026-05-22T09:19:48.757Z INFO  benchmark_client] Sending sample transaction 826
[2026-05-22T09:19:51.038Z WARN  benchmark_client] Transaction rate too high for this client
[2026-05-22T09:19:51.040Z INFO  benchmark_client] Sending sample transaction 827
[2026-05-22T09:19:51.048Z INFO  benchmark_client] Sending sample transaction 828
[2026-05-22T09:19:51.602Z INFO  benchmark_client] Sending sample transaction 829
[2026-05-22T09:19:51.605Z WARN  benchmark_client] Transaction rate too high for this client
[2026-05-22T09:19:51.607Z INFO  benchmark_client] Sending sample transaction 830
[2026-05-22T09:19:51.610Z INFO  benchmark_client] Sending sample transaction 831
[2026-05-22T09:19:51.809Z INFO  benchmark_client] Sending sample transaction 832
[2026-05-22T09:19:51.812Z WARN  benchmark_client] Transaction rate too high for this client
[2026-05-22T09:19:51.815Z INFO  benchmark_client] Sending sample transaction 833
[2026-05-22T09:19:51.819Z INFO  benchmark_client] Sending sample transaction 834
[2026-05-22T09:19:51.870Z WARN  benchmark_client] Transaction rate too high for this client
[2026-05-22T09:19:51.871Z INFO  benchmark_client] Sending sample transaction 835
[2026-05-22T09:19:51.876Z INFO  benchmark_client] Sending sample transaction 836
